=== CLIENT STDERR ===
=== Exchange load generator ===
  clients  : 10
  seed     : 806027454
  target   : 127.0.0.1:4000
  thread id: 49809
Ctrl-C to stop.


=== Stats ===
  elapsed         : 14.999 s
  requests sent   : 2529013
  ACK responses   : 2529003
  MATCH responses : 1452321
  ERR responses   : 0
  orders in flight: -10
  --- throughput ---
  requests/s      : 168615
  ACK/s           : 168614
  MATCH/s         : 96829
  ERR/s           : 0
  total resp/s    : 168614

=== EXCHANGE STDOUT ===
exchange tid: 49808
inbound thread: 49810
outbound thread: 49811
       Value   Percentile   TotalCount 1/(1-Percentile)

  2096.00000     0.000000            1         1.00
  2380.00000     0.100000       233084         1.11
  2429.00000     0.200000       437911         1.25
  2466.00000     0.300000       614745         1.43
  2503.00000     0.400000       788782         1.67
  2553.00000     0.500000       993370         2.00
  2577.00000     0.550000      1080511         2.22
  2614.00000     0.600000      1191652         2.50
  2651.00000     0.650000      1284130         2.86
  2688.00000     0.700000      1359750         3.33
  2762.00000     0.750000      1470256         4.00
  2799.00000     0.775000      1511049         4.44
  2849.00000     0.800000      1555770         5.00
  2923.00000     0.825000      1608977         5.71
  2997.00000     0.850000      1651636         6.67
  3108.00000     0.875000      1703333         8.00
  3169.00000     0.887500      1725968         8.89
  3243.00000     0.900000      1749312        10.00
  3342.00000     0.912500      1773840        11.43
  3478.00000     0.925000      1797615        13.33
  3687.00000     0.937500      1821582        16.00
  3860.00000     0.943750      1833354        17.78
  4131.00000     0.950000      1844934        20.00
  4921.00000     0.956250      1857076        22.86
  5981.00000     0.962500      1869180        26.67
  7400.00000     0.968750      1881330        32.00
  7498.00000     0.971875      1887963        35.56
  7572.00000     0.975000      1893973        40.00
  7646.00000     0.978125      1899623        45.71
  7745.00000     0.981250      1906068        53.33
  7881.00000     0.984375      1912018        64.00
  7979.00000     0.985938      1914790        71.11
  8152.00000     0.987500      1917805        80.00
  8485.00000     0.989062      1920753        91.43
  9052.00000     0.990625      1923782       106.67
  9891.00000     0.992188      1926838       128.00
 10347.00000     0.992969      1928330       142.22
 11124.00000     0.993750      1929860       160.00
 12876.00000     0.994531      1931365       182.86
 19141.00000     0.995313      1932881       213.33
 29896.00000     0.996094      1934397       256.00
 35668.00000     0.996484      1935158       284.44
 42426.00000     0.996875      1935914       320.00
 51208.00000     0.997266      1936675       365.71
 57251.00000     0.997656      1937434       426.67
 65588.00000     0.998047      1938190       512.00
 69905.00000     0.998242      1938569       568.89
 73506.00000     0.998437      1938948       640.00
 78588.00000     0.998633      1939329       731.43
 83780.00000     0.998828      1939713       853.33
 89367.00000     0.999023      1940088      1024.00
 94029.00000     0.999121      1940276      1137.78
 98494.00000     0.999219      1940466      1280.00
 99702.00000     0.999316      1940656      1462.86
101972.00000     0.999414      1940845      1706.67
106486.00000     0.999512      1941035      2048.00
111123.00000     0.999561      1941129      2275.56
120496.00000     0.999609      1941224      2560.00
140365.00000     0.999658      1941319      2925.71
161924.00000     0.999707      1941414      3413.33
183557.00000     0.999756      1941508      4096.00
197271.00000     0.999780      1941556      4551.11
212799.00000     0.999805      1941603      5120.00
227439.00000     0.999829      1941651      5851.43
245396.00000     0.999854      1941698      6826.67
266005.00000     0.999878      1941745      8192.00
280547.00000     0.999890      1941769      9102.22
291091.00000     0.999902      1941793     10240.00
308345.00000     0.999915      1941817     11702.86
327561.00000     0.999927      1941840     13653.33
347233.00000     0.999939      1941864     16384.00
356755.00000     0.999945      1941876     18204.44
368631.00000     0.999951      1941888     20480.00
376191.00000     0.999957      1941900     23405.71
388241.00000     0.999963      1941911     27306.67
402561.00000     0.999969      1941923     32768.00
408911.00000     0.999973      1941929     36408.89
415831.00000     0.999976      1941936     40960.00
423959.00000     0.999979      1941941     46811.43
435873.00000     0.999982      1941947     54613.33
455261.00000     0.999985      1941953     65536.00
455827.00000     0.999986      1941956     72817.78
461365.00000     0.999988      1941959     81920.00
478323.00000     0.999989      1941962     93622.86
492149.00000     0.999991      1941965    109226.67
495245.00000     0.999992      1941968    131072.00
502805.00000     0.999993      1941969    145635.56
505717.00000     0.999994      1941971    163840.00
508393.00000     0.999995      1941972    187245.71
526955.00000     0.999995      1941974    218453.33
529559.00000     0.999996      1941975    262144.00
536463.00000     0.999997      1941976    291271.11
542631.00000     0.999997      1941977    327680.00
542631.00000     0.999997      1941977    374491.43
553447.00000     0.999998      1941979    436906.67
553447.00000     0.999998      1941979    524288.00
553447.00000     0.999998      1941979    582542.22
555163.00000     0.999998      1941980    655360.00
555163.00000     0.999999      1941980    748982.86
555163.00000     0.999999      1941980    873813.33
569815.00000     0.999999      1941981   1048576.00
569815.00000     0.999999      1941981   1165084.44
569815.00000     0.999999      1941981   1310720.00
569815.00000     0.999999      1941981   1497965.71
569815.00000     0.999999      1941981   1747626.67
592311.00000     1.000000      1941982   2097152.00
592311.00000     1.000000      1941982          inf
#[Mean    =     3162.608, StdDeviation   =     6470.748]
#[Max     =   592311.000, Total count    =      1941982]
#[Buckets =           13, SubBuckets     =       262144]
       Value   Percentile   TotalCount 1/(1-Percentile)

   962.00000     0.000000            1         1.00
  1036.00000     0.100000       217849         1.11
  1048.00000     0.200000       816751         1.25
  1048.00000     0.300000       816751         1.43
  1048.00000     0.400000       816751         1.67
  1060.00000     0.500000      1426162         2.00
  1060.00000     0.550000      1426162         2.22
  1060.00000     0.600000      1426162         2.50
  1060.00000     0.650000      1426162         2.86
  1060.00000     0.700000      1426162         3.33
  1073.00000     0.750000      1653828         4.00
  1073.00000     0.775000      1653828         4.44
  1073.00000     0.800000      1653828         5.00
  1073.00000     0.825000      1653828         5.71
  1073.00000     0.850000      1653828         6.67
  1097.00000     0.875000      1713665         8.00
  1110.00000     0.887500      1729071         8.89
  1147.00000     0.900000      1752689        10.00
  1233.00000     0.912500      1773315        11.43
  1307.00000     0.925000      1803148        13.33
  1344.00000     0.937500      1826981        16.00
  1356.00000     0.943750      1835023        17.78
  1381.00000     0.950000      1850415        20.00
  1393.00000     0.956250      1857115        22.86
  1430.00000     0.962500      1871573        26.67
  1467.00000     0.968750      1881699        32.00
  1492.00000     0.971875      1888048        35.56
  1517.00000     0.975000      1894670        40.00
  1541.00000     0.978125      1901454        45.71
  1566.00000     0.981250      1907630        53.33
  1591.00000     0.984375      1913035        64.00
  1603.00000     0.985938      1915384        71.11
  1628.00000     0.987500      1919387        80.00
  1640.00000     0.989062      1921081        91.43
  1665.00000     0.990625      1923795       106.67
  1702.00000     0.992188      1926878       128.00
  1726.00000     0.992969      1928502       142.22
  1763.00000     0.993750      1930431       160.00
  1788.00000     0.994531      1931456       182.86
  1850.00000     0.995313      1933067       213.33
  2072.00000     0.996094      1934435       256.00
  2318.00000     0.996484      1935172       284.44
  2651.00000     0.996875      1935924       320.00
  3194.00000     0.997266      1936674       365.71
  4637.00000     0.997656      1937431       426.67
  5944.00000     0.998047      1938198       512.00
  6129.00000     0.998242      1938585       568.89
  6277.00000     0.998437      1938967       640.00
  6425.00000     0.998633      1939347       731.43
  6561.00000     0.998828      1939713       853.33
  6697.00000     0.999023      1940086      1024.00
  6783.00000     0.999121      1940311      1137.78
  6857.00000     0.999219      1940482      1280.00
  6956.00000     0.999316      1940671      1462.86
  7079.00000     0.999414      1940852      1706.67
  7276.00000     0.999512      1941040      2048.00
  7387.00000     0.999561      1941133      2275.56
  7535.00000     0.999609      1941229      2560.00
  7733.00000     0.999658      1941319      2925.71
  8066.00000     0.999707      1941417      3413.33
  8460.00000     0.999756      1941509      4096.00
  8732.00000     0.999780      1941558      4551.11
  9028.00000     0.999805      1941605      5120.00
  9435.00000     0.999829      1941652      5851.43
  9854.00000     0.999854      1941698      6826.67
 10298.00000     0.999878      1941745      8192.00
 10730.00000     0.999890      1941769      9102.22
 11186.00000     0.999902      1941793     10240.00
 11815.00000     0.999915      1941817     11702.86
 12728.00000     0.999927      1941840     13653.33
 14393.00000     0.999939      1941864     16384.00
 15490.00000     0.999945      1941876     18204.44
 16415.00000     0.999951      1941888     20480.00
 17513.00000     0.999957      1941900     23405.71
 18537.00000     0.999963      1941911     27306.67
 19980.00000     0.999969      1941923     32768.00
 22052.00000     0.999973      1941929     36408.89
 24703.00000     0.999976      1941935     40960.00
 27404.00000     0.999979      1941941     46811.43
 32757.00000     0.999982      1941947     54613.33
 37431.00000     0.999985      1941953     65536.00
 38134.00000     0.999986      1941956     72817.78
 40404.00000     0.999988      1941959     81920.00
 43820.00000     0.999989      1941962     93622.86
 44486.00000     0.999991      1941965    109226.67
 48408.00000     0.999992      1941968    131072.00
 48507.00000     0.999993      1941969    145635.56
 53341.00000     0.999994      1941971    163840.00
 53859.00000     0.999995      1941972    187245.71
 55561.00000     0.999995      1941974    218453.33
 56227.00000     0.999996      1941975    262144.00
 62123.00000     0.999997      1941976    291271.11
 73605.00000     0.999997      1941977    327680.00
 73605.00000     0.999997      1941977    374491.43
100060.00000     0.999998      1941978    436906.67
102391.00000     0.999998      1941979    524288.00
102391.00000     0.999998      1941979    582542.22
103723.00000     0.999998      1941980    655360.00
103723.00000     0.999999      1941980    748982.86
103723.00000     0.999999      1941980    873813.33
146076.00000     0.999999      1941981   1048576.00
146076.00000     0.999999      1941981   1165084.44
146076.00000     0.999999      1941981   1310720.00
146076.00000     0.999999      1941981   1497965.71
146076.00000     0.999999      1941981   1747626.67
146113.00000     1.000000      1941982   2097152.00
146113.00000     1.000000      1941982          inf
#[Mean    =     1107.096, StdDeviation   =      423.146]
#[Max     =   146113.000, Total count    =      1941982]
#[Buckets =           13, SubBuckets     =       262144]
       Value   Percentile   TotalCount 1/(1-Percentile)

     0.00000     0.000000       106677         1.00
    12.00000     0.100000      1448024         1.11
    12.00000     0.200000      1448024         1.25
    12.00000     0.300000      1448024         1.43
    12.00000     0.400000      1448024         1.67
    12.00000     0.500000      1448024         2.00
    12.00000     0.550000      1448024         2.22
    12.00000     0.600000      1448024         2.50
    12.00000     0.650000      1448024         2.86
    12.00000     0.700000      1448024         3.33
    24.00000     0.750000      1930454         4.00
    24.00000     0.775000      1930454         4.44
    24.00000     0.800000      1930454         5.00
    24.00000     0.825000      1930454         5.71
    24.00000     0.850000      1930454         6.67
    24.00000     0.875000      1930454         8.00
    24.00000     0.887500      1930454         8.89
    24.00000     0.900000      1930454        10.00
    24.00000     0.912500      1930454        11.43
    24.00000     0.925000      1930454        13.33
    24.00000     0.937500      1930454        16.00
    24.00000     0.943750      1930454        17.78
    24.00000     0.950000      1930454        20.00
    24.00000     0.956250      1930454        22.86
    24.00000     0.962500      1930454        26.67
    24.00000     0.968750      1930454        32.00
    24.00000     0.971875      1930454        35.56
    24.00000     0.975000      1930454        40.00
    24.00000     0.978125      1930454        45.71
    24.00000     0.981250      1930454        53.33
    24.00000     0.984375      1930454        64.00
    24.00000     0.985938      1930454        71.11
    24.00000     0.987500      1930454        80.00
    24.00000     0.989062      1930454        91.43
    24.00000     0.990625      1930454       106.67
    24.00000     0.992188      1930454       128.00
    24.00000     0.992969      1930454       142.22
    24.00000     0.993750      1930454       160.00
    37.00000     0.994531      1938819       182.86
    37.00000     0.995313      1938819       213.33
    37.00000     0.996094      1938819       256.00
    37.00000     0.996484      1938819       284.44
    37.00000     0.996875      1938819       320.00
    37.00000     0.997266      1938819       365.71
    37.00000     0.997656      1938819       426.67
    37.00000     0.998047      1938819       512.00
    37.00000     0.998242      1938819       568.89
    49.00000     0.998437      1941091       640.00
    49.00000     0.998633      1941091       731.43
    49.00000     0.998828      1941091       853.33
    49.00000     0.999023      1941091      1024.00
    49.00000     0.999121      1941091      1137.78
    49.00000     0.999219      1941091      1280.00
    49.00000     0.999316      1941091      1462.86
    49.00000     0.999414      1941091      1706.67
    49.00000     0.999512      1941091      2048.00
    61.00000     0.999561      1941696      2275.56
    61.00000     0.999609      1941696      2560.00
    61.00000     0.999658      1941696      2925.71
    61.00000     0.999707      1941696      3413.33
    61.00000     0.999756      1941696      4096.00
    61.00000     0.999780      1941696      4551.11
    61.00000     0.999805      1941696      5120.00
    61.00000     0.999829      1941696      5851.43
    74.00000     0.999854      1941820      6826.67
    74.00000     0.999878      1941820      8192.00
    74.00000     0.999890      1941820      9102.22
    74.00000     0.999902      1941820     10240.00
    74.00000     0.999915      1941820     11702.86
    86.00000     0.999927      1941854     13653.33
    98.00000     0.999939      1941867     16384.00
   111.00000     0.999945      1941881     18204.44
   123.00000     0.999951      1941888     20480.00
   148.00000     0.999957      1941915     23405.71
   148.00000     0.999963      1941915     27306.67
   160.00000     0.999969      1941925     32768.00
   172.00000     0.999973      1941930     36408.89
   197.00000     0.999976      1941936     40960.00
   234.00000     0.999979      1941943     46811.43
   271.00000     0.999982      1941949     54613.33
   308.00000     0.999985      1941953     65536.00
   320.00000     0.999986      1941959     72817.78
   320.00000     0.999988      1941959     81920.00
   370.00000     0.999989      1941962     93622.86
   444.00000     0.999991      1941965    109226.67
   518.00000     0.999992      1941968    131072.00
   530.00000     0.999993      1941969    145635.56
   592.00000     0.999994      1941971    163840.00
   653.00000     0.999995      1941972    187245.71
   925.00000     0.999995      1941974    218453.33
  1073.00000     0.999996      1941975    262144.00
  1147.00000     0.999997      1941976    291271.11
  1332.00000     0.999997      1941977    327680.00
  1332.00000     0.999997      1941977    374491.43
  1578.00000     0.999998      1941978    436906.67
  1825.00000     0.999998      1941979    524288.00
  1825.00000     0.999998      1941979    582542.22
  4082.00000     0.999998      1941980    655360.00
  4082.00000     0.999999      1941980    748982.86
  4082.00000     0.999999      1941980    873813.33
  4094.00000     0.999999      1941981   1048576.00
  4094.00000     0.999999      1941981   1165084.44
  4094.00000     0.999999      1941981   1310720.00
  4094.00000     0.999999      1941981   1497965.71
  4094.00000     0.999999      1941981   1747626.67
  4662.00000     1.000000      1941982   2097152.00
  4662.00000     1.000000      1941982          inf
#[Mean    =       14.516, StdDeviation   =        8.941]
#[Max     =     4662.000, Total count    =      1941982]
#[Buckets =           13, SubBuckets     =       262144]
       Value   Percentile   TotalCount 1/(1-Percentile)

    61.00000     0.000000            9         1.00
    98.00000     0.100000       691328         1.11
    98.00000     0.200000       691328         1.25
    98.00000     0.300000       691328         1.43
   111.00000     0.400000      1492842         1.67
   111.00000     0.500000      1492842         2.00
   111.00000     0.550000      1492842         2.22
   111.00000     0.600000      1492842         2.50
   111.00000     0.650000      1492842         2.86
   111.00000     0.700000      1492842         3.33
   111.00000     0.750000      1492842         4.00
   123.00000     0.775000      1692682         4.44
   123.00000     0.800000      1692682         5.00
   123.00000     0.825000      1692682         5.71
   123.00000     0.850000      1692682         6.67
   135.00000     0.875000      1898508         8.00
   135.00000     0.887500      1898508         8.89
   135.00000     0.900000      1898508        10.00
   135.00000     0.912500      1898508        11.43
   135.00000     0.925000      1898508        13.33
   135.00000     0.937500      1898508        16.00
   135.00000     0.943750      1898508        17.78
   135.00000     0.950000      1898508        20.00
   135.00000     0.956250      1898508        22.86
   135.00000     0.962500      1898508        26.67
   135.00000     0.968750      1898508        32.00
   135.00000     0.971875      1898508        35.56
   135.00000     0.975000      1898508        40.00
   147.00000     0.978125      1900305        45.71
   148.00000     0.981250      1922219        53.33
   148.00000     0.984375      1922219        64.00
   148.00000     0.985938      1922219        71.11
   148.00000     0.987500      1922219        80.00
   148.00000     0.989062      1922219        91.43
   160.00000     0.990625      1926193       106.67
   172.00000     0.992188      1927887       128.00
   185.00000     0.992969      1928890       142.22
   209.00000     0.993750      1930347       160.00
   234.00000     0.994531      1931401       182.86
   295.00000     0.995313      1932879       213.33
   357.00000     0.996094      1934540       256.00
   394.00000     0.996484      1935262       284.44
   444.00000     0.996875      1936065       320.00
   493.00000     0.997266      1936685       365.71
   579.00000     0.997656      1937450       426.67
   678.00000     0.998047      1938243       512.00
   727.00000     0.998242      1938575       568.89
   801.00000     0.998437      1938991       640.00
   875.00000     0.998633      1939380       731.43
   974.00000     0.998828      1939708       853.33
  1147.00000     0.999023      1940086      1024.00
  1282.00000     0.999121      1940293      1137.78
  1443.00000     0.999219      1940470      1280.00
  1702.00000     0.999316      1940657      1462.86
  2442.00000     0.999414      1940847      1706.67
  3959.00000     0.999512      1941034      2048.00
  4859.00000     0.999561      1941130      2275.56
  6413.00000     0.999609      1941224      2560.00
  8880.00000     0.999658      1941319      2925.71
 12099.00000     0.999707      1941414      3413.33
 16921.00000     0.999756      1941508      4096.00
 20436.00000     0.999780      1941556      4551.11
 26208.00000     0.999805      1941604      5120.00
 34706.00000     0.999829      1941651      5851.43
 46644.00000     0.999854      1941698      6826.67
 60519.00000     0.999878      1941745      8192.00
 67907.00000     0.999890      1941769      9102.22
 77009.00000     0.999902      1941793     10240.00
 89256.00000     0.999915      1941817     11702.86
101552.00000     0.999927      1941840     13653.33
116081.00000     0.999939      1941864     16384.00
127909.00000     0.999945      1941876     18204.44
138787.00000     0.999951      1941888     20480.00
148999.00000     0.999957      1941900     23405.71
156781.00000     0.999963      1941911     27306.67
170878.00000     0.999969      1941923     32768.00
179166.00000     0.999973      1941929     36408.89
186850.00000     0.999976      1941935     40960.00
197999.00000     0.999979      1941941     46811.43
210912.00000     0.999982      1941947     54613.33
218053.00000     0.999985      1941953     65536.00
222481.00000     0.999986      1941956     72817.78
231213.00000     0.999988      1941959     81920.00
235295.00000     0.999989      1941962     93622.86
238169.00000     0.999991      1941965    109226.67
244422.00000     0.999992      1941968    131072.00
244730.00000     0.999993      1941969    145635.56
252771.00000     0.999994      1941971    163840.00
258901.00000     0.999995      1941972    187245.71
268669.00000     0.999995      1941974    218453.33
279967.00000     0.999996      1941975    262144.00
288551.00000     0.999997      1941976    291271.11
297689.00000     0.999997      1941977    327680.00
297689.00000     0.999997      1941977    374491.43
314241.00000     0.999998      1941978    436906.67
326945.00000     0.999998      1941979    524288.00
326945.00000     0.999998      1941979    582542.22
334567.00000     0.999998      1941980    655360.00
334567.00000     0.999999      1941980    748982.86
334567.00000     0.999999      1941980    873813.33
343805.00000     0.999999      1941981   1048576.00
343805.00000     0.999999      1941981   1165084.44
343805.00000     0.999999      1941981   1310720.00
343805.00000     0.999999      1941981   1497965.71
343805.00000     0.999999      1941981   1747626.67
352511.00000     1.000000      1941982   2097152.00
352511.00000     1.000000      1941982          inf
#[Mean    =      136.000, StdDeviation   =     1701.269]
#[Max     =   352511.000, Total count    =      1941982]
#[Buckets =           13, SubBuckets     =       262144]
       Value   Percentile   TotalCount 1/(1-Percentile)

     0.00000     0.000000        13398         1.00
    37.00000     0.100000       408697         1.11
    37.00000     0.200000       408697         1.25
    49.00000     0.300000       756619         1.43
    61.00000     0.400000       824859         1.67
   111.00000     0.500000      1001449         2.00
   135.00000     0.550000      1114869         2.22
   148.00000     0.600000      1176345         2.50
   172.00000     0.650000      1295928         2.86
   197.00000     0.700000      1392377         3.33
   222.00000     0.750000      1474565         4.00
   234.00000     0.775000      1512713         4.44
   259.00000     0.800000      1581608         5.00
   271.00000     0.825000      1611350         5.71
   296.00000     0.850000      1660721         6.67
   320.00000     0.875000      1699350         8.00
   345.00000     0.887500      1730888         8.89
   370.00000     0.900000      1757349        10.00
   394.00000     0.912500      1780348        11.43
   419.00000     0.925000      1800266        13.33
   456.00000     0.937500      1825741        16.00
   468.00000     0.943750      1832923        17.78
   493.00000     0.950000      1845689        20.00
   530.00000     0.956250      1861274        22.86
   555.00000     0.962500      1869613        26.67
   604.00000     0.968750      1883040        32.00
   629.00000     0.971875      1888292        35.56
   666.00000     0.975000      1894574        40.00
   703.00000     0.978125      1899672        45.71
   764.00000     0.981250      1906131        53.33
   851.00000     0.984375      1912297        64.00
   900.00000     0.985938      1914841        71.11
   986.00000     0.987500      1918059        80.00
  1110.00000     0.989062      1920783        91.43
  1393.00000     0.990625      1923858       106.67
  1825.00000     0.992188      1926816       128.00
  2232.00000     0.992969      1928330       142.22
  3058.00000     0.993750      1929937       160.00
  3182.00000     0.994531      1931363       182.86
  3280.00000     0.995313      1932916       213.33
  3391.00000     0.996094      1934435       256.00
  3478.00000     0.996484      1935256       284.44
  3589.00000     0.996875      1935978       320.00
  3749.00000     0.997266      1936696       365.71
  4033.00000     0.997656      1937443       426.67
  4403.00000     0.998047      1938191       512.00
  4625.00000     0.998242      1938596       568.89
  4859.00000     0.998437      1938958       640.00
  5143.00000     0.998633      1939327       731.43
  5513.00000     0.998828      1939709       853.33
  5944.00000     0.999023      1940087      1024.00
  6179.00000     0.999121      1940287      1137.78
  6388.00000     0.999219      1940470      1280.00
  6647.00000     0.999316      1940667      1462.86
  6894.00000     0.999414      1940853      1706.67
  7190.00000     0.999512      1941034      2048.00
  7412.00000     0.999561      1941130      2275.56
  7622.00000     0.999609      1941227      2560.00
  7831.00000     0.999658      1941319      2925.71
  8115.00000     0.999707      1941416      3413.33
  8460.00000     0.999756      1941508      4096.00
  8695.00000     0.999780      1941561      4551.11
  8929.00000     0.999805      1941604      5120.00
  9361.00000     0.999829      1941652      5851.43
  9780.00000     0.999854      1941700      6826.67
 10175.00000     0.999878      1941745      8192.00
 10594.00000     0.999890      1941769      9102.22
 11137.00000     0.999902      1941793     10240.00
 11901.00000     0.999915      1941817     11702.86
 12666.00000     0.999927      1941840     13653.33
 13813.00000     0.999939      1941864     16384.00
 14874.00000     0.999945      1941876     18204.44
 15984.00000     0.999951      1941888     20480.00
 17673.00000     0.999957      1941900     23405.71
 19338.00000     0.999963      1941911     27306.67
 23186.00000     0.999969      1941923     32768.00
 26541.00000     0.999973      1941929     36408.89
 33448.00000     0.999976      1941935     40960.00
 34681.00000     0.999979      1941941     46811.43
 37727.00000     0.999982      1941947     54613.33
 45880.00000     0.999985      1941953     65536.00
 48963.00000     0.999986      1941956     72817.78
 57239.00000     0.999988      1941959     81920.00
 63775.00000     0.999989      1941962     93622.86
 66637.00000     0.999991      1941965    109226.67
 69399.00000     0.999992      1941968    131072.00
 70423.00000     0.999993      1941969    145635.56
 73950.00000     0.999994      1941971    163840.00
 76368.00000     0.999995      1941972    187245.71
 82522.00000     0.999995      1941974    218453.33
 85840.00000     0.999996      1941975    262144.00
 91402.00000     0.999997      1941976    291271.11
128365.00000     0.999997      1941977    327680.00
128365.00000     0.999997      1941977    374491.43
129931.00000     0.999998      1941978    436906.67
250564.00000     0.999998      1941979    524288.00
250564.00000     0.999998      1941979    582542.22
251193.00000     0.999998      1941980    655360.00
251193.00000     0.999999      1941980    748982.86
251193.00000     0.999999      1941980    873813.33
253191.00000     0.999999      1941981   1048576.00
253191.00000     0.999999      1941981   1165084.44
253191.00000     0.999999      1941981   1310720.00
253191.00000     0.999999      1941981   1497965.71
253191.00000     0.999999      1941981   1747626.67
360873.00000     1.000000      1941982   2097152.00
360873.00000     1.000000      1941982          inf
#[Mean    =      190.802, StdDeviation   =      648.165]
#[Max     =   360873.000, Total count    =      1941982]
#[Buckets =           13, SubBuckets     =       262144]
       Value   Percentile   TotalCount 1/(1-Percentile)

    86.00000     0.000000            9         1.00
   172.00000     0.100000       235651         1.11
   197.00000     0.200000       435640         1.25
   222.00000     0.300000       629036         1.43
   246.00000     0.400000       831991         1.67
   271.00000     0.500000      1037836         2.00
   283.00000     0.550000      1141932         2.22
   296.00000     0.600000      1246350         2.50
   308.00000     0.650000      1350384         2.86
   320.00000     0.700000      1451945         3.33
   333.00000     0.750000      1548373         4.00
   333.00000     0.775000      1548373         4.44
   345.00000     0.800000      1638596         5.00
   345.00000     0.825000      1638596         5.71
   357.00000     0.850000      1702272         6.67
   357.00000     0.875000      1702272         8.00
   370.00000     0.887500      1736557         8.89
   382.00000     0.900000      1784860        10.00
   382.00000     0.912500      1784860        11.43
   394.00000     0.925000      1814275        13.33
   407.00000     0.937500      1830888        16.00
   419.00000     0.943750      1844030        17.78
   431.00000     0.950000      1855321        20.00
   444.00000     0.956250      1864817        22.86
   456.00000     0.962500      1872373        26.67
   481.00000     0.968750      1882865        32.00
   505.00000     0.971875      1889288        35.56
   542.00000     0.975000      1894499        40.00
   641.00000     0.978125      1899757        45.71
   863.00000     0.981250      1905700        53.33
  1048.00000     0.984375      1911659        64.00
  1221.00000     0.985938      1914733        71.11
  1443.00000     0.987500      1917747        80.00
  1714.00000     0.989062      1920807        91.43
  2183.00000     0.990625      1923797       106.67
  2984.00000     0.992188      1926817       128.00
  3638.00000     0.992969      1928335       142.22
  4884.00000     0.993750      1929849       160.00
  6055.00000     0.994531      1931373       182.86
  9953.00000     0.995313      1932881       213.33
 19314.00000     0.996094      1934397       256.00
 26023.00000     0.996484      1935156       284.44
 33805.00000     0.996875      1935914       320.00
 39898.00000     0.997266      1936673       365.71
 46953.00000     0.997656      1937431       426.67
 55500.00000     0.998047      1938194       512.00
 59681.00000     0.998242      1938570       568.89
 64010.00000     0.998437      1938948       640.00
 67167.00000     0.998633      1939327       731.43
 72125.00000     0.998828      1939708       853.33
 77416.00000     0.999023      1940089      1024.00
 81597.00000     0.999121      1940276      1137.78
 84187.00000     0.999219      1940466      1280.00
 88134.00000     0.999316      1940655      1462.86
 92475.00000     0.999414      1940847      1706.67
 93425.00000     0.999512      1941036      2048.00
 95102.00000     0.999561      1941131      2275.56
 98161.00000     0.999609      1941224      2560.00
 99924.00000     0.999658      1941319      2925.71
106153.00000     0.999707      1941414      3413.33
127329.00000     0.999756      1941508      4096.00
144916.00000     0.999780      1941556      4551.11
161640.00000     0.999805      1941603      5120.00
182471.00000     0.999829      1941651      5851.43
202612.00000     0.999854      1941698      6826.67
228993.00000     0.999878      1941745      8192.00
244434.00000     0.999890      1941769      9102.22
259098.00000     0.999902      1941793     10240.00
276859.00000     0.999915      1941817     11702.86
295039.00000     0.999927      1941840     13653.33
314747.00000     0.999939      1941864     16384.00
331891.00000     0.999945      1941876     18204.44
340893.00000     0.999951      1941888     20480.00
347591.00000     0.999957      1941900     23405.71
359517.00000     0.999963      1941911     27306.67
369901.00000     0.999969      1941923     32768.00
382851.00000     0.999973      1941929     36408.89
387649.00000     0.999976      1941935     40960.00
401363.00000     0.999979      1941941     46811.43
412797.00000     0.999982      1941947     54613.33
422701.00000     0.999985      1941953     65536.00
426833.00000     0.999986      1941956     72817.78
430705.00000     0.999988      1941959     81920.00
433505.00000     0.999989      1941962     93622.86
459231.00000     0.999991      1941965    109226.67
465387.00000     0.999992      1941968    131072.00
465485.00000     0.999993      1941969    145635.56
473995.00000     0.999994      1941971    163840.00
474105.00000     0.999995      1941972    187245.71
477757.00000     0.999995      1941974    218453.33
495491.00000     0.999996      1941975    262144.00
500315.00000     0.999997      1941976    291271.11
502991.00000     0.999997      1941977    327680.00
502991.00000     0.999997      1941977    374491.43
506629.00000     0.999998      1941978    436906.67
511859.00000     0.999998      1941979    524288.00
511859.00000     0.999998      1941979    582542.22
523981.00000     0.999998      1941980    655360.00
523981.00000     0.999999      1941980    748982.86
523981.00000     0.999999      1941980    873813.33
542287.00000     0.999999      1941981   1048576.00
542287.00000     0.999999      1941981   1165084.44
542287.00000     0.999999      1941981   1310720.00
542287.00000     0.999999      1941981   1497965.71
542287.00000     0.999999      1941981   1747626.67
564339.00000     1.000000      1941982   2097152.00
564339.00000     1.000000      1941982          inf
#[Mean    =      574.285, StdDeviation   =     5568.442]
#[Max     =   564339.000, Total count    =      1941982]
#[Buckets =           13, SubBuckets     =       262144]
       Value   Percentile   TotalCount 1/(1-Percentile)

     0.00000     0.000000       266805         1.00
     0.00000     0.100000       266805         1.11
    12.00000     0.200000      1868484         1.25
    12.00000     0.300000      1868484         1.43
    12.00000     0.400000      1868484         1.67
    12.00000     0.500000      1868484         2.00
    12.00000     0.550000      1868484         2.22
    12.00000     0.600000      1868484         2.50
    12.00000     0.650000      1868484         2.86
    12.00000     0.700000      1868484         3.33
    12.00000     0.750000      1868484         4.00
    12.00000     0.775000      1868484         4.44
    12.00000     0.800000      1868484         5.00
    12.00000     0.825000      1868484         5.71
    12.00000     0.850000      1868484         6.67
    12.00000     0.875000      1868484         8.00
    12.00000     0.887500      1868484         8.89
    12.00000     0.900000      1868484        10.00
    12.00000     0.912500      1868484        11.43
    12.00000     0.925000      1868484        13.33
    12.00000     0.937500      1868484        16.00
    12.00000     0.943750      1868484        17.78
    12.00000     0.950000      1868484        20.00
    12.00000     0.956250      1868484        22.86
    24.00000     0.962500      1926964        26.67
    24.00000     0.968750      1926964        32.00
    24.00000     0.971875      1926964        35.56
    24.00000     0.975000      1926964        40.00
    24.00000     0.978125      1926964        45.71
    24.00000     0.981250      1926964        53.33
    24.00000     0.984375      1926964        64.00
    24.00000     0.985938      1926964        71.11
    24.00000     0.987500      1926964        80.00
    24.00000     0.989062      1926964        91.43
    24.00000     0.990625      1926964       106.67
    24.00000     0.992188      1926964       128.00
    37.00000     0.992969      1933679       142.22
    37.00000     0.993750      1933679       160.00
    37.00000     0.994531      1933679       182.86
    37.00000     0.995313      1933679       213.33
    49.00000     0.996094      1936774       256.00
    49.00000     0.996484      1936774       284.44
    49.00000     0.996875      1936774       320.00
    49.00000     0.997266      1936774       365.71
    61.00000     0.997656      1937926       426.67
    74.00000     0.998047      1938412       512.00
    86.00000     0.998242      1938748       568.89
    98.00000     0.998437      1939001       640.00
   123.00000     0.998633      1939552       731.43
   135.00000     0.998828      1939764       853.33
   160.00000     0.999023      1940144      1024.00
   172.00000     0.999121      1940298      1137.78
   197.00000     0.999219      1940512      1280.00
   222.00000     0.999316      1940656      1462.86
   283.00000     0.999414      1940880      1706.67
   320.00000     0.999512      1941038      2048.00
   345.00000     0.999561      1941140      2275.56
   370.00000     0.999609      1941224      2560.00
   407.00000     0.999658      1941322      2925.71
   468.00000     0.999707      1941417      3413.33
   530.00000     0.999756      1941520      4096.00
   555.00000     0.999780      1941566      4551.11
   579.00000     0.999805      1941611      5120.00
   616.00000     0.999829      1941662      5851.43
   653.00000     0.999854      1941709      6826.67
   690.00000     0.999878      1941747      8192.00
   727.00000     0.999890      1941770      9102.22
   764.00000     0.999902      1941793     10240.00
   814.00000     0.999915      1941824     11702.86
   875.00000     0.999927      1941840     13653.33
   986.00000     0.999939      1941866     16384.00
  1036.00000     0.999945      1941876     18204.44
  1171.00000     0.999951      1941889     20480.00
  1319.00000     0.999957      1941900     23405.71
  2269.00000     0.999963      1941911     27306.67
  5106.00000     0.999969      1941923     32768.00
  5180.00000     0.999973      1941930     36408.89
  5254.00000     0.999976      1941935     40960.00
  5303.00000     0.999979      1941941     46811.43
  5352.00000     0.999982      1941947     54613.33
  5426.00000     0.999985      1941953     65536.00
  5476.00000     0.999986      1941956     72817.78
  5587.00000     0.999988      1941959     81920.00
  5636.00000     0.999989      1941962     93622.86
  5895.00000     0.999991      1941965    109226.67
  6413.00000     0.999992      1941968    131072.00
  6475.00000     0.999993      1941969    145635.56
  6549.00000     0.999994      1941971    163840.00
  6586.00000     0.999995      1941973    187245.71
  6697.00000     0.999995      1941974    218453.33
  6709.00000     0.999996      1941976    262144.00
  6709.00000     0.999997      1941976    291271.11
  6734.00000     0.999997      1941978    327680.00
  6734.00000     0.999997      1941978    374491.43
  6734.00000     0.999998      1941978    436906.67
  6857.00000     0.999998      1941979    524288.00
  6857.00000     0.999998      1941979    582542.22
  7215.00000     0.999998      1941980    655360.00
  7215.00000     0.999999      1941980    748982.86
  7215.00000     0.999999      1941980    873813.33
  8004.00000     0.999999      1941981   1048576.00
  8004.00000     0.999999      1941981   1165084.44
  8004.00000     0.999999      1941981   1310720.00
  8004.00000     0.999999      1941981   1497965.71
  8004.00000     0.999999      1941981   1747626.67
 12197.00000     1.000000      1941982   2097152.00
 12197.00000     1.000000      1941982          inf
#[Mean    =       11.548, StdDeviation   =       37.708]
#[Max     =    12197.000, Total count    =      1941982]
#[Buckets =           13, SubBuckets     =       262144]
       Value   Percentile   TotalCount 1/(1-Percentile)

   629.00000     0.000000            2         1.00
   912.00000     0.100000       216868         1.11
   925.00000     0.200000       579274         1.25
   937.00000     0.300000      1030599         1.43
   937.00000     0.400000      1030599         1.67
   937.00000     0.500000      1030599         2.00
   949.00000     0.550000      1326186         2.22
   949.00000     0.600000      1326186         2.50
   949.00000     0.650000      1326186         2.86
   962.00000     0.700000      1453422         3.33
   974.00000     0.750000      1533031         4.00
   974.00000     0.775000      1533031         4.44
   986.00000     0.800000      1599363         5.00
   998.00000     0.825000      1607584         5.71
  1011.00000     0.850000      1674047         6.67
  1048.00000     0.875000      1705388         8.00
  1122.00000     0.887500      1725987         8.89
  1184.00000     0.900000      1753236        10.00
  1221.00000     0.912500      1778417        11.43
  1258.00000     0.925000      1797038        13.33
  1332.00000     0.937500      1823092        16.00
  1369.00000     0.943750      1835426        17.78
  1406.00000     0.950000      1845888        20.00
  1455.00000     0.956250      1857377        22.86
  1541.00000     0.962500      1870302        26.67
  1862.00000     0.968750      1881335        32.00
  3638.00000     0.971875      1887421        35.56
  5303.00000     0.975000      1893661        40.00
  5821.00000     0.978125      1899618        45.71
  5920.00000     0.981250      1906387        53.33
  5969.00000     0.984375      1911941        64.00
  5994.00000     0.985938      1914892        71.11
  6018.00000     0.987500      1917785        80.00
  6055.00000     0.989062      1921827        91.43
  6080.00000     0.990625      1924258       106.67
  6117.00000     0.992188      1927145       128.00
  6142.00000     0.992969      1928743       142.22
  6166.00000     0.993750      1930104       160.00
  6203.00000     0.994531      1931705       182.86
  6253.00000     0.995313      1933115       213.33
  6327.00000     0.996094      1934453       256.00
  6388.00000     0.996484      1935158       284.44
  6499.00000     0.996875      1935967       320.00
  6709.00000     0.997266      1936689       365.71
  7141.00000     0.997656      1937444       426.67
  7486.00000     0.998047      1938219       512.00
  7609.00000     0.998242      1938599       568.89
  7720.00000     0.998437      1938967       640.00
  7831.00000     0.998633      1939370       731.43
  7942.00000     0.998828      1939745       853.33
  8090.00000     0.999023      1940086      1024.00
  8189.00000     0.999121      1940290      1137.78
  8300.00000     0.999219      1940465      1280.00
  8448.00000     0.999316      1940662      1462.86
  8645.00000     0.999414      1940845      1706.67
  8892.00000     0.999512      1941040      2048.00
  9040.00000     0.999561      1941131      2275.56
  9200.00000     0.999609      1941228      2560.00
  9595.00000     0.999658      1941319      2925.71
 10705.00000     0.999707      1941414      3413.33
 13110.00000     0.999756      1941508      4096.00
 16107.00000     0.999780      1941556      4551.11
 19240.00000     0.999805      1941603      5120.00
 22718.00000     0.999829      1941651      5851.43
 24728.00000     0.999854      1941698      6826.67
 26023.00000     0.999878      1941746      8192.00
 26788.00000     0.999890      1941769      9102.22
 27355.00000     0.999902      1941793     10240.00
 27947.00000     0.999915      1941817     11702.86
 28379.00000     0.999927      1941840     13653.33
 28761.00000     0.999939      1941864     16384.00
 29131.00000     0.999945      1941876     18204.44
 29649.00000     0.999951      1941890     20480.00
 29883.00000     0.999957      1941900     23405.71
 30377.00000     0.999963      1941912     27306.67
 31030.00000     0.999969      1941923     32768.00
 31573.00000     0.999973      1941929     36408.89
 31857.00000     0.999976      1941935     40960.00
 33016.00000     0.999979      1941941     46811.43
 33953.00000     0.999982      1941948     54613.33
 35544.00000     0.999985      1941953     65536.00
 36975.00000     0.999986      1941956     72817.78
 37382.00000     0.999988      1941960     81920.00
 38702.00000     0.999989      1941963     93622.86
 39762.00000     0.999991      1941965    109226.67
 42883.00000     0.999992      1941968    131072.00
 44239.00000     0.999993      1941969    145635.56
 52145.00000     0.999994      1941971    163840.00
 52330.00000     0.999995      1941972    187245.71
 69424.00000     0.999995      1941974    218453.33
 72150.00000     0.999996      1941975    262144.00
 77811.00000     0.999997      1941976    291271.11
 86617.00000     0.999997      1941977    327680.00
 86617.00000     0.999997      1941977    374491.43
 93449.00000     0.999998      1941978    436906.67
 94066.00000     0.999998      1941979    524288.00
 94066.00000     0.999998      1941979    582542.22
 98962.00000     0.999998      1941980    655360.00
 98962.00000     0.999999      1941980    748982.86
 98962.00000     0.999999      1941980    873813.33
 99234.00000     0.999999      1941981   1048576.00
 99234.00000     0.999999      1941981   1165084.44
 99234.00000     0.999999      1941981   1310720.00
 99234.00000     0.999999      1941981   1497965.71
 99234.00000     0.999999      1941981   1747626.67
101725.00000     1.000000      1941982   2097152.00
101725.00000     1.000000      1941982          inf
#[Mean    =     1126.254, StdDeviation   =      954.335]
#[Max     =   101725.000, Total count    =      1941982]
#[Buckets =           13, SubBuckets     =       262144]

=== EXCHANGE STDERR ===
matching tid: 49812
