=== CLIENT STDERR ===
=== Exchange load generator ===
  clients  : 10
  seed     : 2707260566
  target   : 127.0.0.1:4000
  thread id: 50140
Ctrl-C to stop.


=== Stats ===
  elapsed         : 14.999 s
  requests sent   : 2592846
  ACK responses   : 2592836
  MATCH responses : 1486786
  ERR responses   : 0
  orders in flight: -10
  --- throughput ---
  requests/s      : 172870
  ACK/s           : 172869
  MATCH/s         : 99127
  ERR/s           : 0
  total resp/s    : 172869

=== EXCHANGE STDOUT ===
exchange tid: 50134
inbound thread: 50141
outbound thread: 50142
       Value   Percentile   TotalCount 1/(1-Percentile)

  2084.00000     0.000000            2         1.00
  2380.00000     0.100000       245334         1.11
  2417.00000     0.200000       412558         1.25
  2454.00000     0.300000       609356         1.43
  2491.00000     0.400000       821317         1.67
  2528.00000     0.500000      1017895         2.00
  2553.00000     0.550000      1134560         2.22
  2577.00000     0.600000      1237846         2.50
  2602.00000     0.650000      1327836         2.86
  2627.00000     0.700000      1406396         3.33
  2664.00000     0.750000      1505813         4.00
  2688.00000     0.775000      1560868         4.44
  2713.00000     0.800000      1607091         5.00
  2738.00000     0.825000      1645677         5.71
  2787.00000     0.850000      1703732         6.67
  2849.00000     0.875000      1752499         8.00
  2886.00000     0.887500      1773825         8.89
  2935.00000     0.900000      1796477        10.00
  3009.00000     0.912500      1821014        11.43
  3120.00000     0.925000      1847057        13.33
  3256.00000     0.937500      1869710        16.00
  3367.00000     0.943750      1882600        17.78
  3539.00000     0.950000      1895103        20.00
  3823.00000     0.956250      1907249        22.86
  4403.00000     0.962500      1919630        26.67
  5981.00000     0.968750      1932058        32.00
  7252.00000     0.971875      1938222        35.56
  7412.00000     0.975000      1944871        40.00
  7486.00000     0.978125      1951044        45.71
  7548.00000     0.981250      1957236        53.33
  7609.00000     0.984375      1963207        64.00
  7646.00000     0.985938      1966463        71.11
  7683.00000     0.987500      1969481        80.00
  7733.00000     0.989062      1972954        91.43
  7782.00000     0.990625      1975815       106.67
  7856.00000     0.992188      1979102       128.00
  7893.00000     0.992969      1980423       142.22
  7955.00000     0.993750      1982136       160.00
  8016.00000     0.994531      1983420       182.86
  8127.00000     0.995313      1985070       213.33
  8300.00000     0.996094      1986530       256.00
  8436.00000     0.996484      1987310       284.44
  8608.00000     0.996875      1988081       320.00
  8880.00000     0.997266      1988860       365.71
  9361.00000     0.997656      1989636       426.67
  9903.00000     0.998047      1990416       512.00
 10150.00000     0.998242      1990824       568.89
 10458.00000     0.998437      1991195       640.00
 10865.00000     0.998633      1991578       731.43
 11445.00000     0.998828      1991967       853.33
 12358.00000     0.999023      1992357      1024.00
 13011.00000     0.999121      1992551      1137.78
 14343.00000     0.999219      1992746      1280.00
 16292.00000     0.999316      1992941      1462.86
 19388.00000     0.999414      1993138      1706.67
 25604.00000     0.999512      1993330      2048.00
 31030.00000     0.999561      1993428      2275.56
 37937.00000     0.999609      1993524      2560.00
 45867.00000     0.999658      1993622      2925.71
 52022.00000     0.999707      1993719      3413.33
 61938.00000     0.999756      1993817      4096.00
 66489.00000     0.999780      1993865      4551.11
 72211.00000     0.999805      1993914      5120.00
 74172.00000     0.999829      1993963      5851.43
 79648.00000     0.999854      1994011      6826.67
 83718.00000     0.999878      1994060      8192.00
 88010.00000     0.999890      1994084      9102.22
 91205.00000     0.999902      1994109     10240.00
 94078.00000     0.999915      1994133     11702.86
 98309.00000     0.999927      1994157     13653.33
 99406.00000     0.999939      1994182     16384.00
100319.00000     0.999945      1994194     18204.44
104377.00000     0.999951      1994206     20480.00
105770.00000     0.999957      1994218     23405.71
119534.00000     0.999963      1994230     27306.67
140390.00000     0.999969      1994243     32768.00
151490.00000     0.999973      1994249     36408.89
164748.00000     0.999976      1994255     40960.00
188021.00000     0.999979      1994261     46811.43
199898.00000     0.999982      1994267     54613.33
208273.00000     0.999985      1994273     65536.00
214711.00000     0.999986      1994276     72817.78
221482.00000     0.999988      1994279     81920.00
225552.00000     0.999989      1994282     93622.86
234555.00000     0.999991      1994285    109226.67
244755.00000     0.999992      1994288    131072.00
248282.00000     0.999993      1994290    145635.56
255226.00000     0.999994      1994291    163840.00
259246.00000     0.999995      1994293    187245.71
259875.00000     0.999995      1994294    218453.33
279781.00000     0.999996      1994296    262144.00
280299.00000     0.999997      1994297    291271.11
280299.00000     0.999997      1994297    327680.00
280633.00000     0.999997      1994298    374491.43
290487.00000     0.999998      1994299    436906.67
290919.00000     0.999998      1994300    524288.00
290919.00000     0.999998      1994300    582542.22
290919.00000     0.999998      1994300    655360.00
292213.00000     0.999999      1994301    748982.86
292213.00000     0.999999      1994301    873813.33
344457.00000     0.999999      1994302   1048576.00
344457.00000     0.999999      1994302   1165084.44
344457.00000     0.999999      1994302   1310720.00
344457.00000     0.999999      1994302   1497965.71
344457.00000     0.999999      1994302   1747626.67
349737.00000     1.000000      1994303   2097152.00
349737.00000     1.000000      1994303          inf
#[Mean    =     2793.610, StdDeviation   =     2069.832]
#[Max     =   349737.000, Total count    =      1994303]
#[Buckets =           13, SubBuckets     =       262144]
       Value   Percentile   TotalCount 1/(1-Percentile)

   986.00000     0.000000            1         1.00
  1048.00000     0.100000       598201         1.11
  1048.00000     0.200000       598201         1.25
  1060.00000     0.300000      1333398         1.43
  1060.00000     0.400000      1333398         1.67
  1060.00000     0.500000      1333398         2.00
  1060.00000     0.550000      1333398         2.22
  1060.00000     0.600000      1333398         2.50
  1060.00000     0.650000      1333398         2.86
  1073.00000     0.700000      1763987         3.33
  1073.00000     0.750000      1763987         4.00
  1073.00000     0.775000      1763987         4.44
  1073.00000     0.800000      1763987         5.00
  1073.00000     0.825000      1763987         5.71
  1073.00000     0.850000      1763987         6.67
  1073.00000     0.875000      1763987         8.00
  1085.00000     0.887500      1867967         8.89
  1085.00000     0.900000      1867967        10.00
  1085.00000     0.912500      1867967        11.43
  1085.00000     0.925000      1867967        13.33
  1097.00000     0.937500      1886170        16.00
  1097.00000     0.943750      1886170        17.78
  1110.00000     0.950000      1895455        20.00
  1134.00000     0.956250      1907609        22.86
  1245.00000     0.962500      1920041        26.67
  1344.00000     0.968750      1933052        32.00
  1369.00000     0.971875      1938466        35.56
  1406.00000     0.975000      1946503        40.00
  1430.00000     0.978125      1950927        45.71
  1480.00000     0.981250      1957849        53.33
  1529.00000     0.984375      1964663        64.00
  1541.00000     0.985938      1966341        71.11
  1566.00000     0.987500      1969458        80.00
  1603.00000     0.989062      1973871        91.43
  1628.00000     0.990625      1976564       106.67
  1665.00000     0.992188      1979517       128.00
  1677.00000     0.992969      1980354       142.22
  1702.00000     0.993750      1981900       160.00
  1739.00000     0.994531      1983980       182.86
  1763.00000     0.995313      1985283       213.33
  1800.00000     0.996094      1986815       256.00
  1825.00000     0.996484      1987456       284.44
  1887.00000     0.996875      1988081       320.00
  2306.00000     0.997266      1988858       365.71
  4156.00000     0.997656      1989631       426.67
  5821.00000     0.998047      1990414       512.00
  5944.00000     0.998242      1990808       568.89
  6080.00000     0.998437      1991200       640.00
  6253.00000     0.998633      1991605       731.43
  6388.00000     0.998828      1991993       853.33
  6524.00000     0.999023      1992389      1024.00
  6586.00000     0.999121      1992568      1137.78
  6647.00000     0.999219      1992773      1280.00
  6709.00000     0.999316      1992955      1462.86
  6795.00000     0.999414      1993155      1706.67
  6882.00000     0.999512      1993346      2048.00
  6931.00000     0.999561      1993434      2275.56
  6993.00000     0.999609      1993535      2560.00
  7067.00000     0.999658      1993628      2925.71
  7141.00000     0.999707      1993731      3413.33
  7227.00000     0.999756      1993821      4096.00
  7289.00000     0.999780      1993865      4551.11
  7387.00000     0.999805      1993915      5120.00
  7511.00000     0.999829      1993964      5851.43
  7634.00000     0.999854      1994011      6826.67
  7881.00000     0.999878      1994065      8192.00
  8016.00000     0.999890      1994084      9102.22
  8140.00000     0.999902      1994109     10240.00
  8300.00000     0.999915      1994134     11702.86
  8522.00000     0.999927      1994158     13653.33
  8880.00000     0.999939      1994182     16384.00
  9114.00000     0.999945      1994194     18204.44
  9287.00000     0.999951      1994206     20480.00
  9706.00000     0.999957      1994218     23405.71
 10064.00000     0.999963      1994231     27306.67
 10421.00000     0.999969      1994243     32768.00
 10656.00000     0.999973      1994249     36408.89
 10915.00000     0.999976      1994255     40960.00
 11272.00000     0.999979      1994261     46811.43
 11840.00000     0.999982      1994267     54613.33
 12641.00000     0.999985      1994273     65536.00
 12913.00000     0.999986      1994276     72817.78
 12987.00000     0.999988      1994279     81920.00
 13776.00000     0.999989      1994282     93622.86
 14837.00000     0.999991      1994285    109226.67
 18080.00000     0.999992      1994288    131072.00
 18463.00000     0.999993      1994290    145635.56
 21188.00000     0.999994      1994291    163840.00
 24481.00000     0.999995      1994293    187245.71
 25271.00000     0.999995      1994294    218453.33
 27984.00000     0.999996      1994296    262144.00
 29550.00000     0.999997      1994297    291271.11
 29550.00000     0.999997      1994297    327680.00
 29822.00000     0.999997      1994298    374491.43
 35557.00000     0.999998      1994299    436906.67
 40219.00000     0.999998      1994300    524288.00
 40219.00000     0.999998      1994300    582542.22
 40219.00000     0.999998      1994300    655360.00
 43647.00000     0.999999      1994301    748982.86
 43647.00000     0.999999      1994301    873813.33
 54649.00000     0.999999      1994302   1048576.00
 54649.00000     0.999999      1994302   1165084.44
 54649.00000     0.999999      1994302   1310720.00
 54649.00000     0.999999      1994302   1497965.71
 54649.00000     0.999999      1994302   1747626.67
 68696.00000     1.000000      1994303   2097152.00
 68696.00000     1.000000      1994303          inf
#[Mean    =     1089.960, StdDeviation   =      295.141]
#[Max     =    68696.000, Total count    =      1994303]
#[Buckets =           13, SubBuckets     =       262144]
       Value   Percentile   TotalCount 1/(1-Percentile)

     0.00000     0.000000       108942         1.00
    12.00000     0.100000      1529437         1.11
    12.00000     0.200000      1529437         1.25
    12.00000     0.300000      1529437         1.43
    12.00000     0.400000      1529437         1.67
    12.00000     0.500000      1529437         2.00
    12.00000     0.550000      1529437         2.22
    12.00000     0.600000      1529437         2.50
    12.00000     0.650000      1529437         2.86
    12.00000     0.700000      1529437         3.33
    12.00000     0.750000      1529437         4.00
    24.00000     0.775000      1988630         4.44
    24.00000     0.800000      1988630         5.00
    24.00000     0.825000      1988630         5.71
    24.00000     0.850000      1988630         6.67
    24.00000     0.875000      1988630         8.00
    24.00000     0.887500      1988630         8.89
    24.00000     0.900000      1988630        10.00
    24.00000     0.912500      1988630        11.43
    24.00000     0.925000      1988630        13.33
    24.00000     0.937500      1988630        16.00
    24.00000     0.943750      1988630        17.78
    24.00000     0.950000      1988630        20.00
    24.00000     0.956250      1988630        22.86
    24.00000     0.962500      1988630        26.67
    24.00000     0.968750      1988630        32.00
    24.00000     0.971875      1988630        35.56
    24.00000     0.975000      1988630        40.00
    24.00000     0.978125      1988630        45.71
    24.00000     0.981250      1988630        53.33
    24.00000     0.984375      1988630        64.00
    24.00000     0.985938      1988630        71.11
    24.00000     0.987500      1988630        80.00
    24.00000     0.989062      1988630        91.43
    24.00000     0.990625      1988630       106.67
    24.00000     0.992188      1988630       128.00
    24.00000     0.992969      1988630       142.22
    24.00000     0.993750      1988630       160.00
    24.00000     0.994531      1988630       182.86
    24.00000     0.995313      1988630       213.33
    24.00000     0.996094      1988630       256.00
    24.00000     0.996484      1988630       284.44
    24.00000     0.996875      1988630       320.00
    37.00000     0.997266      1992563       365.71
    37.00000     0.997656      1992563       426.67
    37.00000     0.998047      1992563       512.00
    37.00000     0.998242      1992563       568.89
    37.00000     0.998437      1992563       640.00
    37.00000     0.998633      1992563       731.43
    37.00000     0.998828      1992563       853.33
    37.00000     0.999023      1992563      1024.00
    37.00000     0.999121      1992563      1137.78
    49.00000     0.999219      1993813      1280.00
    49.00000     0.999316      1993813      1462.86
    49.00000     0.999414      1993813      1706.67
    49.00000     0.999512      1993813      2048.00
    49.00000     0.999561      1993813      2275.56
    49.00000     0.999609      1993813      2560.00
    49.00000     0.999658      1993813      2925.71
    49.00000     0.999707      1993813      3413.33
    61.00000     0.999756      1994157      4096.00
    61.00000     0.999780      1994157      4551.11
    61.00000     0.999805      1994157      5120.00
    61.00000     0.999829      1994157      5851.43
    61.00000     0.999854      1994157      6826.67
    61.00000     0.999878      1994157      8192.00
    61.00000     0.999890      1994157      9102.22
    61.00000     0.999902      1994157     10240.00
    61.00000     0.999915      1994157     11702.86
    61.00000     0.999927      1994157     13653.33
    74.00000     0.999939      1994231     16384.00
    74.00000     0.999945      1994231     18204.44
    74.00000     0.999951      1994231     20480.00
    74.00000     0.999957      1994231     23405.71
    74.00000     0.999963      1994231     27306.67
    86.00000     0.999969      1994247     32768.00
    98.00000     0.999973      1994254     36408.89
   111.00000     0.999976      1994260     40960.00
   123.00000     0.999979      1994267     46811.43
   123.00000     0.999982      1994267     54613.33
   148.00000     0.999985      1994275     65536.00
   160.00000     0.999986      1994279     72817.78
   160.00000     0.999988      1994279     81920.00
   197.00000     0.999989      1994282     93622.86
   259.00000     0.999991      1994286    109226.67
   308.00000     0.999992      1994291    131072.00
   308.00000     0.999993      1994291    145635.56
   308.00000     0.999994      1994291    163840.00
  3650.00000     0.999995      1994293    187245.71
  3872.00000     0.999995      1994294    218453.33
  4329.00000     0.999996      1994296    262144.00
  4403.00000     0.999997      1994297    291271.11
  4403.00000     0.999997      1994297    327680.00
  4847.00000     0.999997      1994298    374491.43
  5032.00000     0.999998      1994299    436906.67
  5130.00000     0.999998      1994300    524288.00
  5130.00000     0.999998      1994300    582542.22
  5130.00000     0.999998      1994300    655360.00
  5254.00000     0.999999      1994301    748982.86
  5254.00000     0.999999      1994301    873813.33
  6536.00000     0.999999      1994302   1048576.00
  6536.00000     0.999999      1994302   1165084.44
  6536.00000     0.999999      1994302   1310720.00
  6536.00000     0.999999      1994302   1497965.71
  6536.00000     0.999999      1994302   1747626.67
 14849.00000     1.000000      1994303   2097152.00
 14849.00000     1.000000      1994303          inf
#[Mean    =       14.226, StdDeviation   =       16.253]
#[Max     =    14849.000, Total count    =      1994303]
#[Buckets =           13, SubBuckets     =       262144]
       Value   Percentile   TotalCount 1/(1-Percentile)

    61.00000     0.000000            1         1.00
    98.00000     0.100000       729151         1.11
    98.00000     0.200000       729151         1.25
    98.00000     0.300000       729151         1.43
   110.00000     0.400000       812394         1.67
   111.00000     0.500000      1679062         2.00
   111.00000     0.550000      1679062         2.22
   111.00000     0.600000      1679062         2.50
   111.00000     0.650000      1679062         2.86
   111.00000     0.700000      1679062         3.33
   111.00000     0.750000      1679062         4.00
   111.00000     0.775000      1679062         4.44
   111.00000     0.800000      1679062         5.00
   111.00000     0.825000      1679062         5.71
   123.00000     0.850000      1838947         6.67
   123.00000     0.875000      1838947         8.00
   123.00000     0.887500      1838947         8.89
   123.00000     0.900000      1838947        10.00
   123.00000     0.912500      1838947        11.43
   135.00000     0.925000      1973623        13.33
   135.00000     0.937500      1973623        16.00
   135.00000     0.943750      1973623        17.78
   135.00000     0.950000      1973623        20.00
   135.00000     0.956250      1973623        22.86
   135.00000     0.962500      1973623        26.67
   135.00000     0.968750      1973623        32.00
   135.00000     0.971875      1973623        35.56
   135.00000     0.975000      1973623        40.00
   135.00000     0.978125      1973623        45.71
   135.00000     0.981250      1973623        53.33
   135.00000     0.984375      1973623        64.00
   135.00000     0.985938      1973623        71.11
   135.00000     0.987500      1973623        80.00
   135.00000     0.989062      1973623        91.43
   148.00000     0.990625      1986911       106.67
   148.00000     0.992188      1986911       128.00
   148.00000     0.992969      1986911       142.22
   148.00000     0.993750      1986911       160.00
   148.00000     0.994531      1986911       182.86
   148.00000     0.995313      1986911       213.33
   148.00000     0.996094      1986911       256.00
   160.00000     0.996484      1988846       284.44
   160.00000     0.996875      1988846       320.00
   172.00000     0.997266      1989592       365.71
   185.00000     0.997656      1989963       426.67
   209.00000     0.998047      1990465       512.00
   246.00000     0.998242      1990875       568.89
   296.00000     0.998437      1991199       640.00
   370.00000     0.998633      1991630       731.43
   444.00000     0.998828      1992011       853.33
   542.00000     0.999023      1992357      1024.00
   629.00000     0.999121      1992572      1137.78
   715.00000     0.999219      1992757      1280.00
   826.00000     0.999316      1992950      1462.86
   974.00000     0.999414      1993144      1706.67
  1245.00000     0.999512      1993335      2048.00
  1455.00000     0.999561      1993430      2275.56
  1714.00000     0.999609      1993525      2560.00
  2207.00000     0.999658      1993622      2925.71
  3231.00000     0.999707      1993719      3413.33
  4686.00000     0.999756      1993818      4096.00
  5229.00000     0.999780      1993865      4551.11
  6191.00000     0.999805      1993914      5120.00
  7572.00000     0.999829      1993964      5851.43
  9361.00000     0.999854      1994012      6826.67
 12049.00000     0.999878      1994060      8192.00
 13085.00000     0.999890      1994084      9102.22
 14343.00000     0.999902      1994109     10240.00
 16033.00000     0.999915      1994133     11702.86
 19967.00000     0.999927      1994157     13653.33
 24876.00000     0.999939      1994182     16384.00
 27158.00000     0.999945      1994194     18204.44
 31240.00000     0.999951      1994206     20480.00
 42476.00000     0.999957      1994218     23405.71
 51528.00000     0.999963      1994230     27306.67
 59829.00000     0.999969      1994243     32768.00
 67537.00000     0.999973      1994249     36408.89
 79636.00000     0.999976      1994255     40960.00
 90058.00000     0.999979      1994261     46811.43
107275.00000     0.999982      1994267     54613.33
120570.00000     0.999985      1994273     65536.00
149061.00000     0.999986      1994276     72817.78
158014.00000     0.999988      1994279     81920.00
165821.00000     0.999989      1994282     93622.86
171643.00000     0.999991      1994285    109226.67
180954.00000     0.999992      1994288    131072.00
187787.00000     0.999993      1994290    145635.56
189366.00000     0.999994      1994291    163840.00
200453.00000     0.999995      1994293    187245.71
210012.00000     0.999995      1994294    218453.33
216585.00000     0.999996      1994296    262144.00
220310.00000     0.999997      1994297    291271.11
220310.00000     0.999997      1994297    327680.00
222925.00000     0.999997      1994298    374491.43
226711.00000     0.999998      1994299    436906.67
233075.00000     0.999998      1994300    524288.00
233075.00000     0.999998      1994300    582542.22
233075.00000     0.999998      1994300    655360.00
236035.00000     0.999999      1994301    748982.86
236035.00000     0.999999      1994301    873813.33
241252.00000     0.999999      1994302   1048576.00
241252.00000     0.999999      1994302   1165084.44
241252.00000     0.999999      1994302   1310720.00
241252.00000     0.999999      1994302   1497965.71
241252.00000     0.999999      1994302   1747626.67
242658.00000     1.000000      1994303   2097152.00
242658.00000     1.000000      1994303          inf
#[Mean    =      117.433, StdDeviation   =      862.194]
#[Max     =   242658.000, Total count    =      1994303]
#[Buckets =           13, SubBuckets     =       262144]
       Value   Percentile   TotalCount 1/(1-Percentile)

     0.00000     0.000000        14192         1.00
    37.00000     0.100000       442651         1.11
    37.00000     0.200000       442651         1.25
    49.00000     0.300000       800192         1.43
    49.00000     0.400000       800192         1.67
   111.00000     0.500000      1029796         2.00
   135.00000     0.550000      1158542         2.22
   148.00000     0.600000      1229302         2.50
   160.00000     0.650000      1300980         2.86
   185.00000     0.700000      1419902         3.33
   209.00000     0.750000      1514469         4.00
   222.00000     0.775000      1557101         4.44
   234.00000     0.800000      1598721         5.00
   259.00000     0.825000      1675742         5.71
   271.00000     0.850000      1708973         6.67
   296.00000     0.875000      1762922         8.00
   308.00000     0.887500      1783830         8.89
   320.00000     0.900000      1801811        10.00
   345.00000     0.912500      1831797        11.43
   370.00000     0.925000      1856345        13.33
   394.00000     0.937500      1876698        16.00
   407.00000     0.943750      1885769        17.78
   431.00000     0.950000      1901765        20.00
   444.00000     0.956250      1908902        22.86
   468.00000     0.962500      1920796        26.67
   505.00000     0.968750      1934704        32.00
   518.00000     0.971875      1938388        35.56
   542.00000     0.975000      1944630        40.00
   579.00000     0.978125      1952323        45.71
   616.00000     0.981250      1958117        53.33
   666.00000     0.984375      1963193        64.00
   715.00000     0.985938      1967049        71.11
   764.00000     0.987500      1969813        80.00
   826.00000     0.989062      1972492        91.43
   949.00000     0.990625      1975629       106.67
  1332.00000     0.992188      1978766       128.00
  1603.00000     0.992969      1980334       142.22
  2035.00000     0.993750      1981839       160.00
  3132.00000     0.994531      1983419       182.86
  3243.00000     0.995313      1985076       213.33
  3330.00000     0.996094      1986673       256.00
  3367.00000     0.996484      1987308       284.44
  3428.00000     0.996875      1988182       320.00
  3502.00000     0.997266      1988907       365.71
  3613.00000     0.997656      1989678       426.67
  3798.00000     0.998047      1990432       512.00
  3946.00000     0.998242      1990811       568.89
  4156.00000     0.998437      1991202       640.00
  4366.00000     0.998633      1991590       731.43
  4625.00000     0.998828      1991980       853.33
  4933.00000     0.999023      1992368      1024.00
  5106.00000     0.999121      1992557      1137.78
  5340.00000     0.999219      1992751      1280.00
  5587.00000     0.999316      1992941      1462.86
  5858.00000     0.999414      1993140      1706.67
  6253.00000     0.999512      1993336      2048.00
  6438.00000     0.999561      1993429      2275.56
  6647.00000     0.999609      1993525      2560.00
  6882.00000     0.999658      1993624      2925.71
  7067.00000     0.999707      1993721      3413.33
  7350.00000     0.999756      1993821      4096.00
  7548.00000     0.999780      1993866      4551.11
  7782.00000     0.999805      1993916      5120.00
  7992.00000     0.999829      1993963      5851.43
  8251.00000     0.999854      1994012      6826.67
  8534.00000     0.999878      1994061      8192.00
  8769.00000     0.999890      1994084      9102.22
  8991.00000     0.999902      1994110     10240.00
  9176.00000     0.999915      1994135     11702.86
  9459.00000     0.999927      1994159     13653.33
  9768.00000     0.999939      1994183     16384.00
 10002.00000     0.999945      1994194     18204.44
 10261.00000     0.999951      1994206     20480.00
 10569.00000     0.999957      1994218     23405.71
 11026.00000     0.999963      1994230     27306.67
 11766.00000     0.999969      1994243     32768.00
 12185.00000     0.999973      1994249     36408.89
 12580.00000     0.999976      1994255     40960.00
 13406.00000     0.999979      1994261     46811.43
 14417.00000     0.999982      1994267     54613.33
 15540.00000     0.999985      1994273     65536.00
 16983.00000     0.999986      1994276     72817.78
 19301.00000     0.999988      1994279     81920.00
 20498.00000     0.999989      1994282     93622.86
 25591.00000     0.999991      1994285    109226.67
 34015.00000     0.999992      1994288    131072.00
 34225.00000     0.999993      1994290    145635.56
 34496.00000     0.999994      1994291    163840.00
 65342.00000     0.999995      1994293    187245.71
 65761.00000     0.999995      1994294    218453.33
 66156.00000     0.999996      1994296    262144.00
 71447.00000     0.999997      1994297    291271.11
 71447.00000     0.999997      1994297    327680.00
105968.00000     0.999997      1994298    374491.43
123888.00000     0.999998      1994299    436906.67
127119.00000     0.999998      1994300    524288.00
127119.00000     0.999998      1994300    582542.22
127119.00000     0.999998      1994300    655360.00
128106.00000     0.999999      1994301    748982.86
128106.00000     0.999999      1994301    873813.33
247875.00000     0.999999      1994302   1048576.00
247875.00000     0.999999      1994302   1165084.44
247875.00000     0.999999      1994302   1310720.00
247875.00000     0.999999      1994302   1497965.71
247875.00000     0.999999      1994302   1747626.67
248886.00000     1.000000      1994303   2097152.00
248886.00000     1.000000      1994303          inf
#[Mean    =      172.037, StdDeviation   =      482.279]
#[Max     =   248886.000, Total count    =      1994303]
#[Buckets =           13, SubBuckets     =       262144]
       Value   Percentile   TotalCount 1/(1-Percentile)

    86.00000     0.000000           16         1.00
   172.00000     0.100000       271113         1.11
   197.00000     0.200000       491639         1.25
   222.00000     0.300000       702098         1.43
   234.00000     0.400000       808244         1.67
   259.00000     0.500000      1024532         2.00
   271.00000     0.550000      1133305         2.22
   283.00000     0.600000      1242344         2.50
   296.00000     0.650000      1352510         2.86
   308.00000     0.700000      1461653         3.33
   320.00000     0.750000      1569742         4.00
   320.00000     0.775000      1569742         4.44
   333.00000     0.800000      1671741         5.00
   333.00000     0.825000      1671741         5.71
   345.00000     0.850000      1758741         6.67
   345.00000     0.875000      1758741         8.00
   357.00000     0.887500      1823465         8.89
   357.00000     0.900000      1823465        10.00
   357.00000     0.912500      1823465        11.43
   370.00000     0.925000      1863307        13.33
   382.00000     0.937500      1905089        16.00
   382.00000     0.943750      1905089        17.78
   382.00000     0.950000      1905089        20.00
   394.00000     0.956250      1928422        22.86
   394.00000     0.962500      1928422        26.67
   407.00000     0.968750      1938807        32.00
   407.00000     0.971875      1938807        35.56
   419.00000     0.975000      1945529        40.00
   431.00000     0.978125      1950944        45.71
   456.00000     0.981250      1958564        53.33
   493.00000     0.984375      1963846        64.00
   542.00000     0.985938      1966803        71.11
   641.00000     0.987500      1969431        80.00
   814.00000     0.989062      1972503        91.43
   974.00000     0.990625      1975617       106.67
  1085.00000     0.992188      1978790       128.00
  1233.00000     0.992969      1980327       142.22
  1381.00000     0.993750      1981899       160.00
  1591.00000     0.994531      1983436       182.86
  1726.00000     0.995313      1984984       213.33
  2047.00000     0.996094      1986535       256.00
  2281.00000     0.996484      1987315       284.44
  2466.00000     0.996875      1988101       320.00
  2836.00000     0.997266      1988880       365.71
  3231.00000     0.997656      1989642       426.67
  3761.00000     0.998047      1990413       512.00
  4230.00000     0.998242      1990821       568.89
  4711.00000     0.998437      1991195       640.00
  5254.00000     0.998633      1991581       731.43
  5599.00000     0.998828      1991971       853.33
  6191.00000     0.999023      1992364      1024.00
  6647.00000     0.999121      1992555      1137.78
  7178.00000     0.999219      1992748      1280.00
  8312.00000     0.999316      1992940      1462.86
 10434.00000     0.999414      1993135      1706.67
 14072.00000     0.999512      1993330      2048.00
 18389.00000     0.999561      1993427      2275.56
 24814.00000     0.999609      1993524      2560.00
 31869.00000     0.999658      1993622      2925.71
 39244.00000     0.999707      1993719      3413.33
 45386.00000     0.999756      1993817      4096.00
 50258.00000     0.999780      1993865      4551.11
 55228.00000     0.999805      1993914      5120.00
 60174.00000     0.999829      1993963      5851.43
 65576.00000     0.999854      1994011      6826.67
 68635.00000     0.999878      1994060      8192.00
 71854.00000     0.999890      1994084      9102.22
 75887.00000     0.999902      1994109     10240.00
 76861.00000     0.999915      1994133     11702.86
 79266.00000     0.999927      1994157     13653.33
 83583.00000     0.999939      1994182     16384.00
 86765.00000     0.999945      1994194     18204.44
 87418.00000     0.999951      1994208     20480.00
 88541.00000     0.999957      1994218     23405.71
 91994.00000     0.999963      1994230     27306.67
 92722.00000     0.999969      1994243     32768.00
 92944.00000     0.999973      1994249     36408.89
 93289.00000     0.999976      1994255     40960.00
 95090.00000     0.999979      1994261     46811.43
 97421.00000     0.999982      1994267     54613.33
 98099.00000     0.999985      1994273     65536.00
 98420.00000     0.999986      1994276     72817.78
 99184.00000     0.999988      1994279     81920.00
 99739.00000     0.999989      1994282     93622.86
122420.00000     0.999991      1994285    109226.67
164576.00000     0.999992      1994288    131072.00
190069.00000     0.999993      1994290    145635.56
199208.00000     0.999994      1994291    163840.00
208051.00000     0.999995      1994293    187245.71
212145.00000     0.999995      1994294    218453.33
215426.00000     0.999996      1994296    262144.00
221025.00000     0.999997      1994297    291271.11
221025.00000     0.999997      1994297    327680.00
228179.00000     0.999997      1994298    374491.43
233741.00000     0.999998      1994299    436906.67
244138.00000     0.999998      1994300    524288.00
244138.00000     0.999998      1994300    582542.22
244138.00000     0.999998      1994300    655360.00
249750.00000     0.999999      1994301    748982.86
249750.00000     0.999999      1994301    873813.33
293633.00000     0.999999      1994302   1048576.00
293633.00000     0.999999      1994302   1165084.44
293633.00000     0.999999      1994302   1310720.00
293633.00000     0.999999      1994302   1497965.71
293633.00000     0.999999      1994302   1747626.67
342053.00000     1.000000      1994303   2097152.00
342053.00000     1.000000      1994303          inf
#[Mean    =      308.233, StdDeviation   =     1392.230]
#[Max     =   342053.000, Total count    =      1994303]
#[Buckets =           13, SubBuckets     =       262144]
       Value   Percentile   TotalCount 1/(1-Percentile)

     0.00000     0.000000       285083         1.00
     0.00000     0.100000       285083         1.11
    12.00000     0.200000      1956139         1.25
    12.00000     0.300000      1956139         1.43
    12.00000     0.400000      1956139         1.67
    12.00000     0.500000      1956139         2.00
    12.00000     0.550000      1956139         2.22
    12.00000     0.600000      1956139         2.50
    12.00000     0.650000      1956139         2.86
    12.00000     0.700000      1956139         3.33
    12.00000     0.750000      1956139         4.00
    12.00000     0.775000      1956139         4.44
    12.00000     0.800000      1956139         5.00
    12.00000     0.825000      1956139         5.71
    12.00000     0.850000      1956139         6.67
    12.00000     0.875000      1956139         8.00
    12.00000     0.887500      1956139         8.89
    12.00000     0.900000      1956139        10.00
    12.00000     0.912500      1956139        11.43
    12.00000     0.925000      1956139        13.33
    12.00000     0.937500      1956139        16.00
    12.00000     0.943750      1956139        17.78
    12.00000     0.950000      1956139        20.00
    12.00000     0.956250      1956139        22.86
    12.00000     0.962500      1956139        26.67
    12.00000     0.968750      1956139        32.00
    12.00000     0.971875      1956139        35.56
    12.00000     0.975000      1956139        40.00
    12.00000     0.978125      1956139        45.71
    24.00000     0.981250      1990201        53.33
    24.00000     0.984375      1990201        64.00
    24.00000     0.985938      1990201        71.11
    24.00000     0.987500      1990201        80.00
    24.00000     0.989062      1990201        91.43
    24.00000     0.990625      1990201       106.67
    24.00000     0.992188      1990201       128.00
    24.00000     0.992969      1990201       142.22
    24.00000     0.993750      1990201       160.00
    24.00000     0.994531      1990201       182.86
    24.00000     0.995313      1990201       213.33
    24.00000     0.996094      1990201       256.00
    24.00000     0.996484      1990201       284.44
    24.00000     0.996875      1990201       320.00
    24.00000     0.997266      1990201       365.71
    24.00000     0.997656      1990201       426.67
    37.00000     0.998047      1992495       512.00
    37.00000     0.998242      1992495       568.89
    37.00000     0.998437      1992495       640.00
    37.00000     0.998633      1992495       731.43
    37.00000     0.998828      1992495       853.33
    37.00000     0.999023      1992495      1024.00
    49.00000     0.999121      1993462      1137.78
    49.00000     0.999219      1993462      1280.00
    49.00000     0.999316      1993462      1462.86
    49.00000     0.999414      1993462      1706.67
    49.00000     0.999512      1993462      2048.00
    49.00000     0.999561      1993462      2275.56
    61.00000     0.999609      1993749      2560.00
    61.00000     0.999658      1993749      2925.71
    61.00000     0.999707      1993749      3413.33
    74.00000     0.999756      1993892      4096.00
    74.00000     0.999780      1993892      4551.11
    86.00000     0.999805      1993967      5120.00
    86.00000     0.999829      1993967      5851.43
    98.00000     0.999854      1994015      6826.67
   123.00000     0.999878      1994076      8192.00
   135.00000     0.999890      1994094      9102.22
   160.00000     0.999902      1994134     10240.00
   160.00000     0.999915      1994134     11702.86
   185.00000     0.999927      1994166     13653.33
   234.00000     0.999939      1994186     16384.00
   308.00000     0.999945      1994196     18204.44
   333.00000     0.999951      1994213     20480.00
   431.00000     0.999957      1994219     23405.71
   579.00000     0.999963      1994230     27306.67
   801.00000     0.999969      1994244     32768.00
  3897.00000     0.999973      1994249     36408.89
  4896.00000     0.999976      1994255     40960.00
  5093.00000     0.999979      1994261     46811.43
  5143.00000     0.999982      1994267     54613.33
  5229.00000     0.999985      1994273     65536.00
  5241.00000     0.999986      1994278     72817.78
  5254.00000     0.999988      1994280     81920.00
  5266.00000     0.999989      1994283     93622.86
  5278.00000     0.999991      1994285    109226.67
  5328.00000     0.999992      1994290    131072.00
  5328.00000     0.999993      1994290    145635.56
  5352.00000     0.999994      1994292    163840.00
  5414.00000     0.999995      1994293    187245.71
  5426.00000     0.999995      1994294    218453.33
  5537.00000     0.999996      1994296    262144.00
  5562.00000     0.999997      1994297    291271.11
  5562.00000     0.999997      1994297    327680.00
  6006.00000     0.999997      1994298    374491.43
  6462.00000     0.999998      1994299    436906.67
  6487.00000     0.999998      1994300    524288.00
  6487.00000     0.999998      1994300    582542.22
  6487.00000     0.999998      1994300    655360.00
  6697.00000     0.999999      1994301    748982.86
  6697.00000     0.999999      1994301    873813.33
  7659.00000     0.999999      1994302   1048576.00
  7659.00000     0.999999      1994302   1165084.44
  7659.00000     0.999999      1994302   1310720.00
  7659.00000     0.999999      1994302   1497965.71
  7659.00000     0.999999      1994302   1747626.67
 10212.00000     1.000000      1994303   2097152.00
 10212.00000     1.000000      1994303          inf
#[Mean    =       10.728, StdDeviation   =       29.154]
#[Max     =    10212.000, Total count    =      1994303]
#[Buckets =           13, SubBuckets     =       262144]
       Value   Percentile   TotalCount 1/(1-Percentile)

   629.00000     0.000000            7         1.00
   912.00000     0.100000       220883         1.11
   925.00000     0.200000       662594         1.25
   925.00000     0.300000       662594         1.43
   937.00000     0.400000      1210977         1.67
   937.00000     0.500000      1210977         2.00
   937.00000     0.550000      1210977         2.22
   937.00000     0.600000      1210977         2.50
   949.00000     0.650000      1496324         2.86
   949.00000     0.700000      1496324         3.33
   949.00000     0.750000      1496324         4.00
   962.00000     0.775000      1618968         4.44
   962.00000     0.800000      1618968         5.00
   974.00000     0.825000      1724643         5.71
   974.00000     0.850000      1724643         6.67
   986.00000     0.875000      1803717         8.00
   986.00000     0.887500      1803717         8.89
   986.00000     0.900000      1803717        10.00
   999.00000     0.912500      1845912        11.43
   999.00000     0.925000      1845912        13.33
  1023.00000     0.937500      1875071        16.00
  1060.00000     0.943750      1883680        17.78
  1171.00000     0.950000      1895008        20.00
  1233.00000     0.956250      1907593        22.86
  1332.00000     0.962500      1919816        26.67
  1455.00000     0.968750      1932592        32.00
  1541.00000     0.971875      1938261        35.56
  2516.00000     0.975000      1944482        40.00
  5833.00000     0.978125      1950807        45.71
  5907.00000     0.981250      1957801        53.33
  5957.00000     0.984375      1964319        64.00
  5981.00000     0.985938      1967932        71.11
  5994.00000     0.987500      1969702        80.00
  6018.00000     0.989062      1973154        91.43
  6043.00000     0.990625      1976322       106.67
  6068.00000     0.992188      1979089       128.00
  6080.00000     0.992969      1980350       142.22
  6105.00000     0.993750      1982589       160.00
  6117.00000     0.994531      1983597       182.86
  6142.00000     0.995313      1985198       213.33
  6166.00000     0.996094      1986539       256.00
  6191.00000     0.996484      1987616       284.44
  6215.00000     0.996875      1988108       320.00
  6240.00000     0.997266      1989073       365.71
  6277.00000     0.997656      1989815       426.67
  6327.00000     0.998047      1990521       512.00
  6351.00000     0.998242      1990838       568.89
  6388.00000     0.998437      1991248       640.00
  6438.00000     0.998633      1991641       731.43
  6487.00000     0.998828      1991977       853.33
  6573.00000     0.999023      1992368      1024.00
  6660.00000     0.999121      1992575      1137.78
  6845.00000     0.999219      1992750      1280.00
  7190.00000     0.999316      1992945      1462.86
  7474.00000     0.999414      1993139      1706.67
  7671.00000     0.999512      1993343      2048.00
  7745.00000     0.999561      1993435      2275.56
  7819.00000     0.999609      1993530      2560.00
  7905.00000     0.999658      1993630      2925.71
  8004.00000     0.999707      1993727      3413.33
  8103.00000     0.999756      1993825      4096.00
  8177.00000     0.999780      1993870      4551.11
  8263.00000     0.999805      1993918      5120.00
  8325.00000     0.999829      1993969      5851.43
  8423.00000     0.999854      1994015      6826.67
  8522.00000     0.999878      1994062      8192.00
  8608.00000     0.999890      1994091      9102.22
  8732.00000     0.999902      1994109     10240.00
  8892.00000     0.999915      1994135     11702.86
  8978.00000     0.999927      1994159     13653.33
  9126.00000     0.999939      1994183     16384.00
  9324.00000     0.999945      1994194     18204.44
  9570.00000     0.999951      1994206     20480.00
  9829.00000     0.999957      1994218     23405.71
 10224.00000     0.999963      1994230     27306.67
 10988.00000     0.999969      1994243     32768.00
 11519.00000     0.999973      1994249     36408.89
 11951.00000     0.999976      1994255     40960.00
 13135.00000     0.999979      1994261     46811.43
 15379.00000     0.999982      1994267     54613.33
 16304.00000     0.999985      1994273     65536.00
 16711.00000     0.999986      1994276     72817.78
 17180.00000     0.999988      1994279     81920.00
 17390.00000     0.999989      1994283     93622.86
 17649.00000     0.999991      1994285    109226.67
 18364.00000     0.999992      1994288    131072.00
 18783.00000     0.999993      1994290    145635.56
 18857.00000     0.999994      1994291    163840.00
 19560.00000     0.999995      1994293    187245.71
 20436.00000     0.999995      1994294    218453.33
 24925.00000     0.999996      1994296    262144.00
 27528.00000     0.999997      1994297    291271.11
 27528.00000     0.999997      1994297    327680.00
 28317.00000     0.999997      1994298    374491.43
 28971.00000     0.999998      1994299    436906.67
 31622.00000     0.999998      1994300    524288.00
 31622.00000     0.999998      1994300    582542.22
 31622.00000     0.999998      1994300    655360.00
 31844.00000     0.999999      1994301    748982.86
 31844.00000     0.999999      1994301    873813.33
 32991.00000     0.999999      1994302   1048576.00
 32991.00000     0.999999      1994302   1165084.44
 32991.00000     0.999999      1994302   1310720.00
 32991.00000     0.999999      1994302   1497965.71
 32991.00000     0.999999      1994302   1747626.67
 49493.00000     1.000000      1994303   2097152.00
 49493.00000     1.000000      1994303          inf
#[Mean    =     1078.934, StdDeviation   =      800.441]
#[Max     =    49493.000, Total count    =      1994303]
#[Buckets =           13, SubBuckets     =       262144]

=== EXCHANGE STDERR ===
matching tid: 50143
