=== CLIENT STDERR ===
=== Exchange load generator ===
  clients  : 10
  seed     : 3262683155
  target   : 127.0.0.1:4000
  thread id: 50993
Ctrl-C to stop.


=== Stats ===
  elapsed         : 14.995 s
  requests sent   : 2356974
  ACK responses   : 2356964
  MATCH responses : 1354385
  ERR responses   : 0
  orders in flight: -10
  --- throughput ---
  requests/s      : 157180
  ACK/s           : 157179
  MATCH/s         : 90320
  ERR/s           : 0
  total resp/s    : 157179

=== EXCHANGE STDOUT ===
exchange tid: 50992
inbound thread: 50995
outbound thread: 50996
       Value   Percentile   TotalCount 1/(1-Percentile)

  2109.00000     0.000000            1         1.00
  2392.00000     0.100000       193981         1.11
  2454.00000     0.200000       374058         1.25
  2516.00000     0.300000       567046         1.43
  2577.00000     0.400000       728416         1.67
  2676.00000     0.500000       912597         2.00
  2738.00000     0.550000       998898         2.22
  2812.00000     0.600000      1081954         2.50
  2910.00000     0.650000      1176014         2.86
  3009.00000     0.700000      1262498         3.33
  3132.00000     0.750000      1357974         4.00
  3194.00000     0.775000      1398872         4.44
  3268.00000     0.800000      1443158         5.00
  3367.00000     0.825000      1493425         5.71
  3465.00000     0.850000      1535874         6.67
  3589.00000     0.875000      1579630         8.00
  3663.00000     0.887500      1601621         8.89
  3749.00000     0.900000      1623339        10.00
  3872.00000     0.912500      1647420        11.43
  4020.00000     0.925000      1668152        13.33
  4292.00000     0.937500      1691008        16.00
  4563.00000     0.943750      1701840        17.78
  5303.00000     0.950000      1713093        20.00
  6253.00000     0.956250      1724406        22.86
  7412.00000     0.962500      1735844        26.67
  7622.00000     0.968750      1747009        32.00
  7745.00000     0.971875      1752944        35.56
  7905.00000     0.975000      1758216        40.00
  8201.00000     0.978125      1763899        45.71
  8744.00000     0.981250      1769484        53.33
  9620.00000     0.984375      1775100        64.00
 10039.00000     0.985938      1777920        71.11
 10545.00000     0.987500      1780700        80.00
 11346.00000     0.989062      1783511        91.43
 13172.00000     0.990625      1786314       106.67
 18537.00000     0.992188      1789129       128.00
 22804.00000     0.992969      1790536       142.22
 30056.00000     0.993750      1791955       160.00
 38332.00000     0.994531      1793353       182.86
 47594.00000     0.995313      1794762       213.33
 57781.00000     0.996094      1796171       256.00
 63307.00000     0.996484      1796877       284.44
 69954.00000     0.996875      1797579       320.00
 76775.00000     0.997266      1798285       365.71
 83447.00000     0.997656      1798989       426.67
 91710.00000     0.998047      1799693       512.00
 95743.00000     0.998242      1800046       568.89
 99665.00000     0.998437      1800399       640.00
104537.00000     0.998633      1800749       731.43
114724.00000     0.998828      1801101       853.33
151675.00000     0.999023      1801454      1024.00
177119.00000     0.999121      1801630      1137.78
211097.00000     0.999219      1801806      1280.00
252648.00000     0.999316      1801982      1462.86
302229.00000     0.999414      1802158      1706.67
387229.00000     0.999512      1802334      2048.00
449625.00000     0.999561      1802422      2275.56
527411.00000     0.999609      1802510      2560.00
661623.00000     0.999658      1802598      2925.71
1058119.00000     0.999707      1802686      3413.33
1547439.00000     0.999756      1802774      4096.00
2012815.00000     0.999780      1802818      4551.11
2245663.00000     0.999805      1802862      5120.00
2796079.00000     0.999829      1802906      5851.43
3320015.00000     0.999854      1802950      6826.67
4126879.00000     0.999878      1802994      8192.00
4410655.00000     0.999890      1803016      9102.22
4807295.00000     0.999902      1803038     10240.00
4863263.00000     0.999915      1803060     11702.86
4895871.00000     0.999927      1803082     13653.33
4941247.00000     0.999939      1803104     16384.00
4962815.00000     0.999945      1803115     18204.44
5016639.00000     0.999951      1803126     20480.00
5112863.00000     0.999957      1803137     23405.71
6289055.00000     0.999963      1803148     27306.67
7368351.00000     0.999969      1803159     32768.00
7429983.00000     0.999973      1803165     36408.89
9101759.00000     0.999976      1803170     40960.00
9163199.00000     0.999979      1803176     46811.43
9183743.00000     0.999982      1803181     54613.33
9743935.00000     0.999985      1803187     65536.00
9778687.00000     0.999986      1803190     72817.78
9803583.00000     0.999988      1803192     81920.00
9818111.00000     0.999989      1803195     93622.86
9870015.00000     0.999991      1803198    109226.67
9931647.00000     0.999992      1803201    131072.00
9942975.00000     0.999993      1803202    145635.56
9949119.00000     0.999994      1803203    163840.00
9952447.00000     0.999995      1803205    187245.71
9968319.00000     0.999995      1803207    218453.33
9980607.00000     0.999996      1803208    262144.00
9980607.00000     0.999997      1803208    291271.11
9991167.00000     0.999997      1803209    327680.00
9991295.00000     0.999997      1803211    374491.43
9991295.00000     0.999998      1803211    436906.67
9991295.00000     0.999998      1803211    524288.00
9991295.00000     0.999998      1803211    582542.22
10008319.00000     0.999998      1803213    655360.00
10008319.00000     0.999999      1803213    748982.86
10008319.00000     0.999999      1803213    873813.33
10008319.00000     0.999999      1803213   1048576.00
10008319.00000     0.999999      1803213   1165084.44
10008319.00000     0.999999      1803213   1310720.00
10008319.00000     0.999999      1803213   1497965.71
10008319.00000     0.999999      1803213   1747626.67
10021311.00000     1.000000      1803214   2097152.00
10021311.00000     1.000000      1803214          inf
#[Mean    =     4760.238, StdDeviation   =    77763.219]
#[Max     = 10021311.000, Total count    =      1803214]
#[Buckets =           13, SubBuckets     =       262144]
       Value   Percentile   TotalCount 1/(1-Percentile)

   962.00000     0.000000            1         1.00
  1036.00000     0.100000       250676         1.11
  1048.00000     0.200000       728698         1.25
  1048.00000     0.300000       728698         1.43
  1048.00000     0.400000       728698         1.67
  1060.00000     0.500000      1079866         2.00
  1060.00000     0.550000      1079866         2.22
  1073.00000     0.600000      1187591         2.50
  1073.00000     0.650000      1187591         2.86
  1134.00000     0.700000      1262894         3.33
  1270.00000     0.750000      1365191         4.00
  1295.00000     0.775000      1398293         4.44
  1332.00000     0.800000      1452072         5.00
  1369.00000     0.825000      1504116         5.71
  1393.00000     0.850000      1534069         6.67
  1443.00000     0.875000      1581646         8.00
  1467.00000     0.887500      1600873         8.89
  1504.00000     0.900000      1629309        10.00
  1529.00000     0.912500      1648015        11.43
  1566.00000     0.925000      1673637        13.33
  1603.00000     0.937500      1696373        16.00
  1615.00000     0.943750      1703227        17.78
  1640.00000     0.950000      1715781        20.00
  1665.00000     0.956250      1726758        22.86
  1689.00000     0.962500      1736610        26.67
  1726.00000     0.968750      1749369        32.00
  1739.00000     0.971875      1753186        35.56
  1763.00000     0.975000      1759813        40.00
  1788.00000     0.978125      1765836        45.71
  1813.00000     0.981250      1770879        53.33
  1837.00000     0.984375      1775316        64.00
  1862.00000     0.985938      1779003        71.11
  1887.00000     0.987500      1782033        80.00
  1911.00000     0.989062      1784470        91.43
  1936.00000     0.990625      1786346       106.67
  1998.00000     0.992188      1789528       128.00
  2035.00000     0.992969      1790589       142.22
  2121.00000     0.993750      1791980       160.00
  2294.00000     0.994531      1793366       182.86
  2553.00000     0.995313      1794775       213.33
  2960.00000     0.996094      1796189       256.00
  3256.00000     0.996484      1796899       284.44
  3700.00000     0.996875      1797589       320.00
  4797.00000     0.997266      1798286       365.71
  5907.00000     0.997656      1798992       426.67
  6228.00000     0.998047      1799717       512.00
  6388.00000     0.998242      1800048       568.89
  6561.00000     0.998437      1800410       640.00
  6734.00000     0.998633      1800764       731.43
  6993.00000     0.998828      1801101       853.33
  7474.00000     0.999023      1801459      1024.00
  7918.00000     0.999121      1801632      1137.78
  8510.00000     0.999219      1801811      1280.00
  9188.00000     0.999316      1801983      1462.86
  9854.00000     0.999414      1802158      1706.67
 10865.00000     0.999512      1802335      2048.00
 11457.00000     0.999561      1802423      2275.56
 12296.00000     0.999609      1802510      2560.00
 13135.00000     0.999658      1802599      2925.71
 13813.00000     0.999707      1802686      3413.33
 14491.00000     0.999756      1802775      4096.00
 15034.00000     0.999780      1802819      4551.11
 15564.00000     0.999805      1802862      5120.00
 16489.00000     0.999829      1802906      5851.43
 17797.00000     0.999854      1802950      6826.67
 20461.00000     0.999878      1802994      8192.00
 22681.00000     0.999890      1803016      9102.22
 25628.00000     0.999902      1803038     10240.00
 26245.00000     0.999915      1803060     11702.86
 26738.00000     0.999927      1803082     13653.33
 27848.00000     0.999939      1803104     16384.00
 30377.00000     0.999945      1803115     18204.44
 34237.00000     0.999951      1803126     20480.00
 39639.00000     0.999957      1803137     23405.71
 44609.00000     0.999963      1803148     27306.67
 55191.00000     0.999969      1803159     32768.00
 62061.00000     0.999973      1803165     36408.89
 68351.00000     0.999976      1803170     40960.00
 72816.00000     0.999979      1803176     46811.43
 74715.00000     0.999982      1803181     54613.33
146495.00000     0.999985      1803187     65536.00
175047.00000     0.999986      1803190     72817.78
178623.00000     0.999988      1803192     81920.00
179499.00000     0.999989      1803195     93622.86
182410.00000     0.999991      1803198    109226.67
212478.00000     0.999992      1803201    131072.00
214230.00000     0.999993      1803202    145635.56
221802.00000     0.999994      1803203    163840.00
235122.00000     0.999995      1803205    187245.71
1483311.00000     0.999995      1803206    218453.33
2409503.00000     0.999996      1803208    262144.00
2409503.00000     0.999997      1803208    291271.11
2409599.00000     0.999997      1803209    327680.00
4942143.00000     0.999997      1803210    374491.43
4942143.00000     0.999998      1803210    436906.67
4942687.00000     0.999998      1803211    524288.00
4942687.00000     0.999998      1803211    582542.22
6164895.00000     0.999998      1803212    655360.00
6164895.00000     0.999999      1803212    748982.86
6164895.00000     0.999999      1803212    873813.33
6166015.00000     0.999999      1803213   1048576.00
6166015.00000     0.999999      1803213   1165084.44
6166015.00000     0.999999      1803213   1310720.00
6166015.00000     0.999999      1803213   1497965.71
6166015.00000     0.999999      1803213   1747626.67
6166463.00000     1.000000      1803214   2097152.00
6166463.00000     1.000000      1803214          inf
#[Mean    =     1216.132, StdDeviation   =    10094.191]
#[Max     =  6166463.000, Total count    =      1803214]
#[Buckets =           13, SubBuckets     =       262144]
       Value   Percentile   TotalCount 1/(1-Percentile)

     0.00000     0.000000        88194         1.00
    12.00000     0.100000      1246999         1.11
    12.00000     0.200000      1246999         1.25
    12.00000     0.300000      1246999         1.43
    12.00000     0.400000      1246999         1.67
    12.00000     0.500000      1246999         2.00
    12.00000     0.550000      1246999         2.22
    12.00000     0.600000      1246999         2.50
    12.00000     0.650000      1246999         2.86
    24.00000     0.700000      1755938         3.33
    24.00000     0.750000      1755938         4.00
    24.00000     0.775000      1755938         4.44
    24.00000     0.800000      1755938         5.00
    24.00000     0.825000      1755938         5.71
    24.00000     0.850000      1755938         6.67
    24.00000     0.875000      1755938         8.00
    24.00000     0.887500      1755938         8.89
    24.00000     0.900000      1755938        10.00
    24.00000     0.912500      1755938        11.43
    24.00000     0.925000      1755938        13.33
    24.00000     0.937500      1755938        16.00
    24.00000     0.943750      1755938        17.78
    24.00000     0.950000      1755938        20.00
    24.00000     0.956250      1755938        22.86
    24.00000     0.962500      1755938        26.67
    24.00000     0.968750      1755938        32.00
    24.00000     0.971875      1755938        35.56
    37.00000     0.975000      1785394        40.00
    37.00000     0.978125      1785394        45.71
    37.00000     0.981250      1785394        53.33
    37.00000     0.984375      1785394        64.00
    37.00000     0.985938      1785394        71.11
    37.00000     0.987500      1785394        80.00
    37.00000     0.989062      1785394        91.43
    49.00000     0.990625      1797670       106.67
    49.00000     0.992188      1797670       128.00
    49.00000     0.992969      1797670       142.22
    49.00000     0.993750      1797670       160.00
    49.00000     0.994531      1797670       182.86
    49.00000     0.995313      1797670       213.33
    49.00000     0.996094      1797670       256.00
    49.00000     0.996484      1797670       284.44
    49.00000     0.996875      1797670       320.00
    61.00000     0.997266      1801477       365.71
    61.00000     0.997656      1801477       426.67
    61.00000     0.998047      1801477       512.00
    61.00000     0.998242      1801477       568.89
    61.00000     0.998437      1801477       640.00
    61.00000     0.998633      1801477       731.43
    61.00000     0.998828      1801477       853.33
    61.00000     0.999023      1801477      1024.00
    74.00000     0.999121      1802086      1137.78
    74.00000     0.999219      1802086      1280.00
    74.00000     0.999316      1802086      1462.86
    86.00000     0.999414      1802312      1706.67
    98.00000     0.999512      1802533      2048.00
    98.00000     0.999561      1802533      2275.56
    98.00000     0.999609      1802533      2560.00
   111.00000     0.999658      1802701      2925.71
   111.00000     0.999707      1802701      3413.33
   123.00000     0.999756      1802809      4096.00
   135.00000     0.999780      1802861      4551.11
   148.00000     0.999805      1802904      5120.00
   160.00000     0.999829      1802932      5851.43
   172.00000     0.999854      1802962      6826.67
   197.00000     0.999878      1803000      8192.00
   209.00000     0.999890      1803018      9102.22
   234.00000     0.999902      1803048     10240.00
   259.00000     0.999915      1803071     11702.86
   271.00000     0.999927      1803085     13653.33
   320.00000     0.999939      1803114     16384.00
   333.00000     0.999945      1803117     18204.44
   345.00000     0.999951      1803127     20480.00
   382.00000     0.999957      1803143     23405.71
   407.00000     0.999963      1803149     27306.67
   431.00000     0.999969      1803163     32768.00
   456.00000     0.999973      1803169     36408.89
   468.00000     0.999976      1803170     40960.00
   493.00000     0.999979      1803178     46811.43
   518.00000     0.999982      1803181     54613.33
   604.00000     0.999985      1803187     65536.00
   616.00000     0.999986      1803190     72817.78
   653.00000     0.999988      1803192     81920.00
   715.00000     0.999989      1803195     93622.86
   838.00000     0.999991      1803198    109226.67
  1282.00000     0.999992      1803201    131072.00
  1319.00000     0.999993      1803202    145635.56
  1418.00000     0.999994      1803203    163840.00
  1492.00000     0.999995      1803205    187245.71
  1628.00000     0.999995      1803206    218453.33
  1862.00000     0.999996      1803208    262144.00
  1862.00000     0.999997      1803208    291271.11
  1887.00000     0.999997      1803209    327680.00
  2479.00000     0.999997      1803210    374491.43
  2479.00000     0.999998      1803210    436906.67
  4033.00000     0.999998      1803211    524288.00
  4033.00000     0.999998      1803211    582542.22
  5920.00000     0.999998      1803212    655360.00
  5920.00000     0.999999      1803212    748982.86
  5920.00000     0.999999      1803212    873813.33
  9151.00000     0.999999      1803213   1048576.00
  9151.00000     0.999999      1803213   1165084.44
  9151.00000     0.999999      1803213   1310720.00
  9151.00000     0.999999      1803213   1497965.71
  9151.00000     0.999999      1803213   1747626.67
 22397.00000     1.000000      1803214   2097152.00
 22397.00000     1.000000      1803214          inf
#[Mean    =       15.705, StdDeviation   =       21.175]
#[Max     =    22397.000, Total count    =      1803214]
#[Buckets =           13, SubBuckets     =       262144]
       Value   Percentile   TotalCount 1/(1-Percentile)

    61.00000     0.000000            8         1.00
    98.00000     0.100000       838610         1.11
    98.00000     0.200000       838610         1.25
    98.00000     0.300000       838610         1.43
    98.00000     0.400000       838610         1.67
   111.00000     0.500000      1297834         2.00
   111.00000     0.550000      1297834         2.22
   111.00000     0.600000      1297834         2.50
   111.00000     0.650000      1297834         2.86
   111.00000     0.700000      1297834         3.33
   123.00000     0.750000      1602022         4.00
   123.00000     0.775000      1602022         4.44
   123.00000     0.800000      1602022         5.00
   123.00000     0.825000      1602022         5.71
   123.00000     0.850000      1602022         6.67
   123.00000     0.875000      1602022         8.00
   123.00000     0.887500      1602022         8.89
   135.00000     0.900000      1737041        10.00
   135.00000     0.912500      1737041        11.43
   135.00000     0.925000      1737041        13.33
   135.00000     0.937500      1737041        16.00
   135.00000     0.943750      1737041        17.78
   135.00000     0.950000      1737041        20.00
   135.00000     0.956250      1737041        22.86
   135.00000     0.962500      1737041        26.67
   148.00000     0.968750      1764065        32.00
   148.00000     0.971875      1764065        35.56
   148.00000     0.975000      1764065        40.00
   148.00000     0.978125      1764065        45.71
   160.00000     0.981250      1772632        53.33
   172.00000     0.984375      1776882        64.00
   185.00000     0.985938      1779632        71.11
   197.00000     0.987500      1781945        80.00
   209.00000     0.989062      1783661        91.43
   234.00000     0.990625      1786506       106.67
   283.00000     0.992188      1789314       128.00
   320.00000     0.992969      1790669       142.22
   370.00000     0.993750      1792074       160.00
   431.00000     0.994531      1793409       182.86
   518.00000     0.995313      1794878       213.33
   629.00000     0.996094      1796236       256.00
   690.00000     0.996484      1796902       284.44
   776.00000     0.996875      1797584       320.00
   875.00000     0.997266      1798325       365.71
  1036.00000     0.997656      1799015       426.67
  1331.00000     0.998047      1799694       512.00
  1578.00000     0.998242      1800047       568.89
  2269.00000     0.998437      1800397       640.00
  3675.00000     0.998633      1800750       731.43
  5907.00000     0.998828      1801102       853.33
 11137.00000     0.999023      1801454      1024.00
 15441.00000     0.999121      1801630      1137.78
 21743.00000     0.999219      1801806      1280.00
 32782.00000     0.999316      1801982      1462.86
 53674.00000     0.999414      1802158      1706.67
102181.00000     0.999512      1802334      2048.00
150022.00000     0.999561      1802422      2275.56
199787.00000     0.999609      1802511      2560.00
246617.00000     0.999658      1802598      2925.71
316943.00000     0.999707      1802686      3413.33
414869.00000     0.999756      1802774      4096.00
470493.00000     0.999780      1802818      4551.11
545099.00000     0.999805      1802862      5120.00
649203.00000     0.999829      1802906      5851.43
983943.00000     0.999854      1802950      6826.67
1235559.00000     0.999878      1802994      8192.00
1577191.00000     0.999890      1803016      9102.22
1680231.00000     0.999902      1803038     10240.00
1980455.00000     0.999915      1803060     11702.86
2258671.00000     0.999927      1803082     13653.33
3166031.00000     0.999939      1803104     16384.00
3315951.00000     0.999945      1803115     18204.44
3702975.00000     0.999951      1803126     20480.00
4367935.00000     0.999957      1803137     23405.71
4418271.00000     0.999963      1803148     27306.67
4827295.00000     0.999969      1803159     32768.00
4846431.00000     0.999973      1803165     36408.89
4872383.00000     0.999976      1803170     40960.00
4903167.00000     0.999979      1803176     46811.43
4933951.00000     0.999982      1803181     54613.33
5009343.00000     0.999985      1803187     65536.00
5031359.00000     0.999986      1803190     72817.78
5039391.00000     0.999988      1803192     81920.00
5071807.00000     0.999989      1803195     93622.86
5099103.00000     0.999991      1803198    109226.67
9857023.00000     0.999992      1803202    131072.00
9857023.00000     0.999993      1803202    145635.56
9857215.00000     0.999994      1803203    163840.00
9858239.00000     0.999995      1803205    187245.71
9858623.00000     0.999995      1803206    218453.33
9859263.00000     0.999996      1803208    262144.00
9859263.00000     0.999997      1803208    291271.11
9859519.00000     0.999997      1803209    327680.00
9859583.00000     0.999997      1803210    374491.43
9859583.00000     0.999998      1803210    436906.67
9860095.00000     0.999998      1803211    524288.00
9860095.00000     0.999998      1803211    582542.22
9861183.00000     0.999998      1803212    655360.00
9861183.00000     0.999999      1803212    748982.86
9861183.00000     0.999999      1803212    873813.33
9861759.00000     0.999999      1803213   1048576.00
9861759.00000     0.999999      1803213   1165084.44
9861759.00000     0.999999      1803213   1310720.00
9861759.00000     0.999999      1803213   1497965.71
9861759.00000     0.999999      1803213   1747626.67
9862143.00000     1.000000      1803214   2097152.00
9862143.00000     1.000000      1803214          inf
#[Mean    =      702.320, StdDeviation   =    46173.912]
#[Max     =  9862143.000, Total count    =      1803214]
#[Buckets =           13, SubBuckets     =       262144]
       Value   Percentile   TotalCount 1/(1-Percentile)

     0.00000     0.000000         9652         1.00
    37.00000     0.100000       347172         1.11
    49.00000     0.200000       661749         1.25
    49.00000     0.300000       661749         1.43
    61.00000     0.400000       736541         1.67
   123.00000     0.500000       906619         2.00
   148.00000     0.550000       994310         2.22
   172.00000     0.600000      1089442         2.50
   209.00000     0.650000      1201977         2.86
   234.00000     0.700000      1269727         3.33
   271.00000     0.750000      1365769         4.00
   296.00000     0.775000      1417626         4.44
   320.00000     0.800000      1459330         5.00
   345.00000     0.825000      1494965         5.71
   382.00000     0.850000      1542171         6.67
   419.00000     0.875000      1581839         8.00
   444.00000     0.887500      1604513         8.89
   468.00000     0.900000      1624688        10.00
   505.00000     0.912500      1650936        11.43
   542.00000     0.925000      1672256        13.33
   592.00000     0.937500      1694921        16.00
   616.00000     0.943750      1704576        17.78
   653.00000     0.950000      1716593        20.00
   690.00000     0.956250      1726490        22.86
   740.00000     0.962500      1737664        26.67
   801.00000     0.968750      1748352        32.00
   838.00000     0.971875      1753621        35.56
   888.00000     0.975000      1759339        40.00
   937.00000     0.978125      1763928        45.71
  1011.00000     0.981250      1769421        53.33
  1122.00000     0.984375      1775081        64.00
  1208.00000     0.985938      1777989        71.11
  1319.00000     0.987500      1780677        80.00
  1504.00000     0.989062      1783554        91.43
  1788.00000     0.990625      1786398       106.67
  2331.00000     0.992188      1789138       128.00
  2984.00000     0.992969      1790548       142.22
  3157.00000     0.993750      1791973       160.00
  3280.00000     0.994531      1793463       182.86
  3441.00000     0.995313      1794817       213.33
  3798.00000     0.996094      1796182       256.00
  4119.00000     0.996484      1796903       284.44
  4464.00000     0.996875      1797582       320.00
  4822.00000     0.997266      1798301       365.71
  5217.00000     0.997656      1798989       426.67
  5747.00000     0.998047      1799702       512.00
  6018.00000     0.998242      1800048       568.89
  6290.00000     0.998437      1800406       640.00
  6598.00000     0.998633      1800768       731.43
  6943.00000     0.998828      1801105       853.33
  7350.00000     0.999023      1801457      1024.00
  7597.00000     0.999121      1801632      1137.78
  7856.00000     0.999219      1801814      1280.00
  8226.00000     0.999316      1801984      1462.86
  8633.00000     0.999414      1802159      1706.67
  9200.00000     0.999512      1802336      2048.00
  9472.00000     0.999561      1802422      2275.56
  9817.00000     0.999609      1802511      2560.00
 10273.00000     0.999658      1802598      2925.71
 10828.00000     0.999707      1802686      3413.33
 11778.00000     0.999756      1802775      4096.00
 12271.00000     0.999780      1802819      4551.11
 13073.00000     0.999805      1802862      5120.00
 14158.00000     0.999829      1802907      5851.43
 15355.00000     0.999854      1802950      6826.67
 17266.00000     0.999878      1802994      8192.00
 18438.00000     0.999890      1803017      9102.22
 19499.00000     0.999902      1803038     10240.00
 21842.00000     0.999915      1803060     11702.86
 24185.00000     0.999927      1803082     13653.33
 26960.00000     0.999939      1803104     16384.00
 28588.00000     0.999945      1803115     18204.44
 31943.00000     0.999951      1803126     20480.00
 34854.00000     0.999957      1803137     23405.71
 37764.00000     0.999963      1803148     27306.67
 41144.00000     0.999969      1803159     32768.00
 44326.00000     0.999973      1803165     36408.89
 48050.00000     0.999976      1803170     40960.00
 50455.00000     0.999979      1803176     46811.43
 53021.00000     0.999982      1803181     54613.33
 55450.00000     0.999985      1803187     65536.00
 56610.00000     0.999986      1803190     72817.78
 58780.00000     0.999988      1803192     81920.00
 60840.00000     0.999989      1803195     93622.86
 65798.00000     0.999991      1803198    109226.67
 71299.00000     0.999992      1803201    131072.00
 71792.00000     0.999993      1803202    145635.56
 72988.00000     0.999994      1803203    163840.00
 77527.00000     0.999995      1803205    187245.71
 78205.00000     0.999995      1803206    218453.33
 80882.00000     0.999996      1803208    262144.00
 80882.00000     0.999997      1803208    291271.11
 83953.00000     0.999997      1803209    327680.00
 90156.00000     0.999997      1803210    374491.43
 90156.00000     0.999998      1803210    436906.67
101626.00000     0.999998      1803211    524288.00
101626.00000     0.999998      1803211    582542.22
126589.00000     0.999998      1803212    655360.00
126589.00000     0.999999      1803212    748982.86
126589.00000     0.999999      1803212    873813.33
184926.00000     0.999999      1803213   1048576.00
184926.00000     0.999999      1803213   1165084.44
184926.00000     0.999999      1803213   1310720.00
184926.00000     0.999999      1803213   1497965.71
184926.00000     0.999999      1803213   1747626.67
236121.00000     1.000000      1803214   2097152.00
236121.00000     1.000000      1803214          inf
#[Mean    =      234.750, StdDeviation   =      681.124]
#[Max     =   236121.000, Total count    =      1803214]
#[Buckets =           13, SubBuckets     =       262144]
       Value   Percentile   TotalCount 1/(1-Percentile)

    86.00000     0.000000            7         1.00
   185.00000     0.100000       231855         1.11
   209.00000     0.200000       386664         1.25
   234.00000     0.300000       557777         1.43
   259.00000     0.400000       738833         1.67
   283.00000     0.500000       922179         2.00
   296.00000     0.550000      1015173         2.22
   308.00000     0.600000      1107995         2.50
   320.00000     0.650000      1199948         2.86
   333.00000     0.700000      1288816         3.33
   345.00000     0.750000      1374803         4.00
   357.00000     0.775000      1439174         4.44
   370.00000     0.800000      1487231         5.00
   382.00000     0.825000      1545188         5.71
   382.00000     0.850000      1545188         6.67
   394.00000     0.875000      1585491         8.00
   407.00000     0.887500      1613669         8.89
   419.00000     0.900000      1637281        10.00
   431.00000     0.912500      1657729        11.43
   444.00000     0.925000      1675131        13.33
   468.00000     0.937500      1701944        16.00
   468.00000     0.943750      1701944        17.78
   493.00000     0.950000      1718892        20.00
   505.00000     0.956250      1724658        22.86
   555.00000     0.962500      1737626        26.67
   666.00000     0.968750      1747200        32.00
   814.00000     0.971875      1752671        35.56
   999.00000     0.975000      1758366        40.00
  1221.00000     0.978125      1763941        45.71
  1554.00000     0.981250      1769523        53.33
  2084.00000     0.984375      1775127        64.00
  2503.00000     0.985938      1777919        71.11
  3169.00000     0.987500      1780684        80.00
  4390.00000     0.989062      1783504        91.43
  5636.00000     0.990625      1786313       106.67
  8645.00000     0.992188      1789127       128.00
 12333.00000     0.992969      1790538       142.22
 17797.00000     0.993750      1791947       160.00
 25258.00000     0.994531      1793353       182.86
 34212.00000     0.995313      1794762       213.33
 44067.00000     0.996094      1796176       256.00
 48593.00000     0.996484      1796875       284.44
 54192.00000     0.996875      1797579       320.00
 59656.00000     0.997266      1798284       365.71
 65847.00000     0.997656      1798988       426.67
 72150.00000     0.998047      1799694       512.00
 76343.00000     0.998242      1800046       568.89
 79180.00000     0.998437      1800398       640.00
 83780.00000     0.998633      1800749       731.43
 88183.00000     0.998828      1801101       853.33
 92648.00000     0.999023      1801455      1024.00
 93832.00000     0.999121      1801631      1137.78
 97507.00000     0.999219      1801807      1280.00
100455.00000     0.999316      1801982      1462.86
108336.00000     0.999414      1802158      1706.67
130363.00000     0.999512      1802334      2048.00
148222.00000     0.999561      1802422      2275.56
170434.00000     0.999609      1802510      2560.00
200688.00000     0.999658      1802598      2925.71
242905.00000     0.999707      1802686      3413.33
291621.00000     0.999756      1802774      4096.00
331285.00000     0.999780      1802818      4551.11
395283.00000     0.999805      1802862      5120.00
545839.00000     0.999829      1802906      5851.43
1156439.00000     0.999854      1802950      6826.67
2045623.00000     0.999878      1802994      8192.00
2275551.00000     0.999890      1803016      9102.22
2519487.00000     0.999902      1803038     10240.00
2895407.00000     0.999915      1803060     11702.86
4031023.00000     0.999927      1803082     13653.33
4143903.00000     0.999939      1803104     16384.00
4759807.00000     0.999945      1803115     18204.44
4831967.00000     0.999951      1803126     20480.00
4879391.00000     0.999957      1803137     23405.71
4917695.00000     0.999963      1803148     27306.67
4972735.00000     0.999969      1803159     32768.00
7084575.00000     0.999973      1803165     36408.89
7185183.00000     0.999976      1803170     40960.00
7395487.00000     0.999979      1803176     46811.43
7424799.00000     0.999982      1803181     54613.33
9125695.00000     0.999985      1803187     65536.00
9156095.00000     0.999986      1803190     72817.78
9168575.00000     0.999988      1803192     81920.00
9177023.00000     0.999989      1803195     93622.86
9625471.00000     0.999991      1803198    109226.67
9714943.00000     0.999992      1803201    131072.00
9731711.00000     0.999993      1803202    145635.56
9756479.00000     0.999994      1803203    163840.00
9774463.00000     0.999995      1803205    187245.71
9792703.00000     0.999995      1803206    218453.33
9805887.00000     0.999996      1803208    262144.00
9805887.00000     0.999997      1803208    291271.11
9807167.00000     0.999997      1803209    327680.00
9819327.00000     0.999997      1803210    374491.43
9819327.00000     0.999998      1803210    436906.67
9850623.00000     0.999998      1803211    524288.00
9850623.00000     0.999998      1803211    582542.22
9857727.00000     0.999998      1803212    655360.00
9857727.00000     0.999999      1803212    748982.86
9857727.00000     0.999999      1803212    873813.33
9911871.00000     0.999999      1803213   1048576.00
9911871.00000     0.999999      1803213   1165084.44
9911871.00000     0.999999      1803213   1310720.00
9911871.00000     0.999999      1803213   1497965.71
9911871.00000     0.999999      1803213   1747626.67
9936895.00000     1.000000      1803214   2097152.00
9936895.00000     1.000000      1803214          inf
#[Mean    =     1377.080, StdDeviation   =    59859.040]
#[Max     =  9936895.000, Total count    =      1803214]
#[Buckets =           13, SubBuckets     =       262144]
       Value   Percentile   TotalCount 1/(1-Percentile)

     0.00000     0.000000       221396         1.00
     0.00000     0.100000       221396         1.11
    12.00000     0.200000      1673015         1.25
    12.00000     0.300000      1673015         1.43
    12.00000     0.400000      1673015         1.67
    12.00000     0.500000      1673015         2.00
    12.00000     0.550000      1673015         2.22
    12.00000     0.600000      1673015         2.50
    12.00000     0.650000      1673015         2.86
    12.00000     0.700000      1673015         3.33
    12.00000     0.750000      1673015         4.00
    12.00000     0.775000      1673015         4.44
    12.00000     0.800000      1673015         5.00
    12.00000     0.825000      1673015         5.71
    12.00000     0.850000      1673015         6.67
    12.00000     0.875000      1673015         8.00
    12.00000     0.887500      1673015         8.89
    12.00000     0.900000      1673015        10.00
    12.00000     0.912500      1673015        11.43
    12.00000     0.925000      1673015        13.33
    24.00000     0.937500      1772219        16.00
    24.00000     0.943750      1772219        17.78
    24.00000     0.950000      1772219        20.00
    24.00000     0.956250      1772219        22.86
    24.00000     0.962500      1772219        26.67
    24.00000     0.968750      1772219        32.00
    24.00000     0.971875      1772219        35.56
    24.00000     0.975000      1772219        40.00
    24.00000     0.978125      1772219        45.71
    24.00000     0.981250      1772219        53.33
    37.00000     0.984375      1784941        64.00
    37.00000     0.985938      1784941        71.11
    37.00000     0.987500      1784941        80.00
    37.00000     0.989062      1784941        91.43
    49.00000     0.990625      1791816       106.67
    49.00000     0.992188      1791816       128.00
    49.00000     0.992969      1791816       142.22
    61.00000     0.993750      1793889       160.00
    61.00000     0.994531      1793889       182.86
    74.00000     0.995313      1794842       213.33
    98.00000     0.996094      1796229       256.00
   111.00000     0.996484      1798007       284.44
   111.00000     0.996875      1798007       320.00
   123.00000     0.997266      1798904       365.71
   135.00000     0.997656      1799467       426.67
   148.00000     0.998047      1799851       512.00
   160.00000     0.998242      1800228       568.89
   172.00000     0.998437      1800540       640.00
   185.00000     0.998633      1800774       731.43
   209.00000     0.998828      1801107       853.33
   259.00000     0.999023      1801500      1024.00
   283.00000     0.999121      1801636      1137.78
   320.00000     0.999219      1801836      1280.00
   357.00000     0.999316      1802019      1462.86
   394.00000     0.999414      1802175      1706.67
   444.00000     0.999512      1802342      2048.00
   481.00000     0.999561      1802451      2275.56
   518.00000     0.999609      1802527      2560.00
   555.00000     0.999658      1802610      2925.71
   592.00000     0.999707      1802688      3413.33
   641.00000     0.999756      1802785      4096.00
   666.00000     0.999780      1802821      4551.11
   703.00000     0.999805      1802862      5120.00
   764.00000     0.999829      1802919      5851.43
   814.00000     0.999854      1802955      6826.67
   937.00000     0.999878      1802999      8192.00
  1023.00000     0.999890      1803016      9102.22
  1208.00000     0.999902      1803038     10240.00
  4662.00000     0.999915      1803060     11702.86
  5130.00000     0.999927      1803082     13653.33
  5229.00000     0.999939      1803105     16384.00
  5278.00000     0.999945      1803115     18204.44
  5328.00000     0.999951      1803126     20480.00
  5389.00000     0.999957      1803137     23405.71
  5451.00000     0.999963      1803149     27306.67
  5698.00000     0.999969      1803159     32768.00
  5784.00000     0.999973      1803165     36408.89
  6105.00000     0.999976      1803171     40960.00
  6438.00000     0.999979      1803177     46811.43
  6586.00000     0.999982      1803181     54613.33
  6684.00000     0.999985      1803187     65536.00
  6746.00000     0.999986      1803190     72817.78
  6894.00000     0.999988      1803192     81920.00
  7067.00000     0.999989      1803195     93622.86
  7091.00000     0.999991      1803198    109226.67
  7165.00000     0.999992      1803201    131072.00
  7190.00000     0.999993      1803202    145635.56
  7202.00000     0.999994      1803203    163840.00
  7276.00000     0.999995      1803205    187245.71
  7313.00000     0.999995      1803206    218453.33
  7400.00000     0.999996      1803208    262144.00
  7400.00000     0.999997      1803208    291271.11
  7597.00000     0.999997      1803209    327680.00
  7720.00000     0.999997      1803210    374491.43
  7720.00000     0.999998      1803210    436906.67
  8584.00000     0.999998      1803211    524288.00
  8584.00000     0.999998      1803211    582542.22
  9435.00000     0.999998      1803212    655360.00
  9435.00000     0.999999      1803212    748982.86
  9435.00000     0.999999      1803212    873813.33
 11692.00000     0.999999      1803213   1048576.00
 11692.00000     0.999999      1803213   1165084.44
 11692.00000     0.999999      1803213   1310720.00
 11692.00000     0.999999      1803213   1497965.71
 11692.00000     0.999999      1803213   1747626.67
 11877.00000     1.000000      1803214   2097152.00
 11877.00000     1.000000      1803214          inf
#[Mean    =       12.959, StdDeviation   =       58.086]
#[Max     =    11877.000, Total count    =      1803214]
#[Buckets =           13, SubBuckets     =       262144]
       Value   Percentile   TotalCount 1/(1-Percentile)

   629.00000     0.000000           10         1.00
   924.00000     0.100000       205380         1.11
   925.00000     0.200000       450491         1.25
   937.00000     0.300000       817003         1.43
   937.00000     0.400000       817003         1.67
   949.00000     0.500000      1048316         2.00
   949.00000     0.550000      1048316         2.22
   962.00000     0.600000      1142560         2.50
   974.00000     0.650000      1202452         2.86
   999.00000     0.700000      1291820         3.33
  1060.00000     0.750000      1355346         4.00
  1122.00000     0.775000      1398977         4.44
  1159.00000     0.800000      1445523         5.00
  1196.00000     0.825000      1496294         5.71
  1233.00000     0.850000      1541412         6.67
  1282.00000     0.875000      1584012         8.00
  1307.00000     0.887500      1602540         8.89
  1344.00000     0.900000      1630049        10.00
  1369.00000     0.912500      1646776        11.43
  1406.00000     0.925000      1668358        13.33
  1455.00000     0.937500      1691697        16.00
  1492.00000     0.943750      1705129        17.78
  1529.00000     0.950000      1715309        20.00
  1578.00000     0.956250      1724846        22.86
  1689.00000     0.962500      1735854        26.67
  3083.00000     0.968750      1746889        32.00
  4970.00000     0.971875      1752514        35.56
  5303.00000     0.975000      1758391        40.00
  5735.00000     0.978125      1763781        45.71
  5907.00000     0.981250      1769980        53.33
  5981.00000     0.984375      1775887        64.00
  6006.00000     0.985938      1777918        71.11
  6043.00000     0.987500      1780908        80.00
  6080.00000     0.989062      1783510        91.43
  6141.00000     0.990625      1786364       106.67
  6216.00000     0.992188      1789339       128.00
  6290.00000     0.992969      1790609       142.22
  6438.00000     0.993750      1791955       160.00
  6746.00000     0.994531      1793363       182.86
  7177.00000     0.995313      1794762       213.33
  7436.00000     0.996094      1796175       256.00
  7535.00000     0.996484      1796878       284.44
  7659.00000     0.996875      1797622       320.00
  7770.00000     0.997266      1798286       365.71
  7918.00000     0.997656      1799013       426.67
  8078.00000     0.998047      1799697       512.00
  8177.00000     0.998242      1800067       568.89
  8300.00000     0.998437      1800415       640.00
  8448.00000     0.998633      1800775       731.43
  8621.00000     0.998828      1801101       853.33
  8867.00000     0.999023      1801470      1024.00
  8991.00000     0.999121      1801630      1137.78
  9126.00000     0.999219      1801818      1280.00
  9398.00000     0.999316      1801986      1462.86
 10027.00000     0.999414      1802159      1706.67
 11050.00000     0.999512      1802334      2048.00
 11803.00000     0.999561      1802422      2275.56
 12802.00000     0.999609      1802511      2560.00
 14171.00000     0.999658      1802599      2925.71
 16243.00000     0.999707      1802687      3413.33
 19449.00000     0.999756      1802775      4096.00
 21706.00000     0.999780      1802819      4551.11
 23371.00000     0.999805      1802862      5120.00
 24617.00000     0.999829      1802906      5851.43
 25480.00000     0.999854      1802950      6826.67
 27170.00000     0.999878      1802994      8192.00
 27811.00000     0.999890      1803016      9102.22
 28613.00000     0.999902      1803039     10240.00
 29217.00000     0.999915      1803061     11702.86
 30525.00000     0.999927      1803083     13653.33
 31635.00000     0.999939      1803104     16384.00
 32412.00000     0.999945      1803115     18204.44
 33201.00000     0.999951      1803126     20480.00
 35532.00000     0.999957      1803137     23405.71
 38048.00000     0.999963      1803148     27306.67
 41477.00000     0.999969      1803160     32768.00
 43117.00000     0.999973      1803165     36408.89
 44992.00000     0.999976      1803170     40960.00
 48285.00000     0.999979      1803176     46811.43
 56153.00000     0.999982      1803181     54613.33
 65095.00000     0.999985      1803187     65536.00
 69190.00000     0.999986      1803190     72817.78
 69967.00000     0.999988      1803192     81920.00
 77601.00000     0.999989      1803195     93622.86
 88232.00000     0.999991      1803198    109226.67
106017.00000     0.999992      1803201    131072.00
106461.00000     0.999993      1803202    145635.56
158545.00000     0.999994      1803203    163840.00
174997.00000     0.999995      1803205    187245.71
185148.00000     0.999995      1803206    218453.33
408061.00000     0.999996      1803208    262144.00
408061.00000     0.999997      1803208    291271.11
517199.00000     0.999997      1803209    327680.00
2156799.00000     0.999997      1803210    374491.43
2156799.00000     0.999998      1803210    436906.67
4155871.00000     0.999998      1803211    524288.00
4155871.00000     0.999998      1803211    582542.22
4177135.00000     0.999998      1803212    655360.00
4177135.00000     0.999999      1803212    748982.86
4177135.00000     0.999999      1803212    873813.33
4946623.00000     0.999999      1803213   1048576.00
4946623.00000     0.999999      1803213   1165084.44
4946623.00000     0.999999      1803213   1310720.00
4946623.00000     0.999999      1803213   1497965.71
4946623.00000     0.999999      1803213   1747626.67
7366271.00000     1.000000      1803214   2097152.00
7366271.00000     1.000000      1803214          inf
#[Mean    =     1199.141, StdDeviation   =     8178.006]
#[Max     =  7366271.000, Total count    =      1803214]
#[Buckets =           13, SubBuckets     =       262144]

=== EXCHANGE STDERR ===
matching tid: 50997
