=== CLIENT STDERR ===
=== Exchange load generator ===
  clients  : 10
  seed     : 3908429108
  target   : 127.0.0.1:4000
  thread id: 51115
Ctrl-C to stop.


=== Stats ===
  elapsed         : 14.998 s
  requests sent   : 2489510
  ACK responses   : 2489500
  MATCH responses : 1429666
  ERR responses   : 0
  orders in flight: -10
  --- throughput ---
  requests/s      : 165984
  ACK/s           : 165984
  MATCH/s         : 95321
  ERR/s           : 0
  total resp/s    : 165984

=== EXCHANGE STDOUT ===
exchange tid: 51114
inbound thread: 51117
outbound thread: 51118
       Value   Percentile   TotalCount 1/(1-Percentile)

  2072.00000     0.000000            1         1.00
  2368.00000     0.100000       199246         1.11
  2429.00000     0.200000       434261         1.25
  2466.00000     0.300000       600819         1.43
  2503.00000     0.400000       767496         1.67
  2553.00000     0.500000       967379         2.00
  2577.00000     0.550000      1051139         2.22
  2614.00000     0.600000      1157471         2.50
  2651.00000     0.650000      1246036         2.86
  2701.00000     0.700000      1340345         3.33
  2775.00000     0.750000      1441800         4.00
  2824.00000     0.775000      1491018         4.44
  2873.00000     0.800000      1531256         5.00
  2947.00000     0.825000      1581659         5.71
  3021.00000     0.850000      1623961         6.67
  3132.00000     0.875000      1675819         8.00
  3194.00000     0.887500      1699766         8.89
  3256.00000     0.900000      1720815        10.00
  3342.00000     0.912500      1745249        11.43
  3453.00000     0.925000      1768493        13.33
  3626.00000     0.937500      1792125        16.00
  3749.00000     0.943750      1802983        17.78
  3971.00000     0.950000      1815063        20.00
  4390.00000     0.956250      1826855        22.86
  5661.00000     0.962500      1838884        26.67
  7289.00000     0.968750      1850727        32.00
  7424.00000     0.971875      1856938        35.56
  7511.00000     0.975000      1863327        40.00
  7585.00000     0.978125      1869158        45.71
  7671.00000     0.981250      1875100        53.33
  7782.00000     0.984375      1880700        64.00
  7868.00000     0.985938      1883711        71.11
  7992.00000     0.987500      1886487        80.00
  8226.00000     0.989062      1889438        91.43
  8707.00000     0.990625      1892441       106.67
  9509.00000     0.992188      1895443       128.00
  9916.00000     0.992969      1896928       142.22
 10458.00000     0.993750      1898399       160.00
 11445.00000     0.994531      1899888       182.86
 14368.00000     0.995313      1901381       213.33
 22224.00000     0.996094      1902870       256.00
 29871.00000     0.996484      1903617       284.44
 35791.00000     0.996875      1904364       320.00
 43413.00000     0.997266      1905109       365.71
 51639.00000     0.997656      1905858       426.67
 59520.00000     0.998047      1906602       512.00
 62838.00000     0.998242      1906973       568.89
 67969.00000     0.998437      1907347       640.00
 73050.00000     0.998633      1907724       731.43
 78242.00000     0.998828      1908093       853.33
 83780.00000     0.999023      1908466      1024.00
 85568.00000     0.999121      1908654      1137.78
 89355.00000     0.999219      1908839      1280.00
 93967.00000     0.999316      1909028      1462.86
 96323.00000     0.999414      1909213      1706.67
 99826.00000     0.999512      1909405      2048.00
100368.00000     0.999561      1909495      2275.56
103156.00000     0.999609      1909585      2560.00
105215.00000     0.999658      1909680      2925.71
109051.00000     0.999707      1909772      3413.33
118091.00000     0.999756      1909865      4096.00
134174.00000     0.999780      1909912      4551.11
157287.00000     0.999805      1909958      5120.00
186948.00000     0.999829      1910005      5851.43
218571.00000     0.999854      1910052      6826.67
245976.00000     0.999878      1910098      8192.00
263243.00000     0.999890      1910122      9102.22
280239.00000     0.999902      1910145     10240.00
297555.00000     0.999915      1910168     11702.86
323441.00000     0.999927      1910192     13653.33
348823.00000     0.999939      1910215     16384.00
368595.00000     0.999945      1910227     18204.44
383603.00000     0.999951      1910238     20480.00
413869.00000     0.999957      1910250     23405.71
441521.00000     0.999963      1910262     27306.67
466027.00000     0.999969      1910273     32768.00
483541.00000     0.999973      1910279     36408.89
489263.00000     0.999976      1910285     40960.00
509071.00000     0.999979      1910291     46811.43
530151.00000     0.999982      1910297     54613.33
538031.00000     0.999985      1910302     65536.00
562279.00000     0.999986      1910305     72817.78
603991.00000     0.999988      1910308     81920.00
656247.00000     0.999989      1910311     93622.86
1963015.00000     0.999991      1910314    109226.67
4072143.00000     0.999992      1910317    131072.00
4079471.00000     0.999993      1910318    145635.56
4089711.00000     0.999994      1910320    163840.00
4094607.00000     0.999995      1910321    187245.71
4109391.00000     0.999995      1910323    218453.33
4111071.00000     0.999996      1910324    262144.00
4116703.00000     0.999997      1910325    291271.11
4119183.00000     0.999997      1910326    327680.00
4119183.00000     0.999997      1910326    374491.43
4124111.00000     0.999998      1910327    436906.67
4124847.00000     0.999998      1910328    524288.00
4124847.00000     0.999998      1910328    582542.22
4159711.00000     0.999998      1910329    655360.00
4159711.00000     0.999999      1910329    748982.86
4159711.00000     0.999999      1910329    873813.33
4174431.00000     0.999999      1910330   1048576.00
4174431.00000     0.999999      1910330   1165084.44
4174431.00000     0.999999      1910330   1310720.00
4174431.00000     0.999999      1910330   1497965.71
4174431.00000     0.999999      1910330   1747626.67
4188191.00000     1.000000      1910331   2097152.00
4188191.00000     1.000000      1910331          inf
#[Mean    =     3147.619, StdDeviation   =    13705.168]
#[Max     =  4188191.000, Total count    =      1910331]
#[Buckets =           13, SubBuckets     =       262144]
       Value   Percentile   TotalCount 1/(1-Percentile)

   974.00000     0.000000            2         1.00
  1036.00000     0.100000       264402         1.11
  1048.00000     0.200000       878896         1.25
  1048.00000     0.300000       878896         1.43
  1048.00000     0.400000       878896         1.67
  1060.00000     0.500000      1386673         2.00
  1060.00000     0.550000      1386673         2.22
  1060.00000     0.600000      1386673         2.50
  1060.00000     0.650000      1386673         2.86
  1060.00000     0.700000      1386673         3.33
  1073.00000     0.750000      1581211         4.00
  1073.00000     0.775000      1581211         4.44
  1073.00000     0.800000      1581211         5.00
  1073.00000     0.825000      1581211         5.71
  1097.00000     0.850000      1632849         6.67
  1159.00000     0.875000      1674366         8.00
  1221.00000     0.887500      1700378         8.89
  1258.00000     0.900000      1723568        10.00
  1282.00000     0.912500      1745580        11.43
  1307.00000     0.925000      1768712        13.33
  1344.00000     0.937500      1800422        16.00
  1356.00000     0.943750      1809127        17.78
  1369.00000     0.950000      1816428        20.00
  1393.00000     0.956250      1827866        22.86
  1430.00000     0.962500      1840256        26.67
  1467.00000     0.968750      1851023        32.00
  1492.00000     0.971875      1857964        35.56
  1517.00000     0.975000      1865021        40.00
  1541.00000     0.978125      1871277        45.71
  1566.00000     0.981250      1876665        53.33
  1591.00000     0.984375      1881273        64.00
  1615.00000     0.985938      1885220        71.11
  1628.00000     0.987500      1886978        80.00
  1652.00000     0.989062      1889840        91.43
  1689.00000     0.990625      1893024       106.67
  1726.00000     0.992188      1895551       128.00
  1751.00000     0.992969      1896978       142.22
  1788.00000     0.993750      1898948       160.00
  1813.00000     0.994531      1899915       182.86
  1899.00000     0.995313      1901467       213.33
  2183.00000     0.996094      1902886       256.00
  2368.00000     0.996484      1903625       284.44
  2614.00000     0.996875      1904362       320.00
  3317.00000     0.997266      1905111       365.71
  5574.00000     0.997656      1905861       426.67
  5932.00000     0.998047      1906616       512.00
  6043.00000     0.998242      1906986       568.89
  6179.00000     0.998437      1907369       640.00
  6302.00000     0.998633      1907740       731.43
  6425.00000     0.998828      1908101       853.33
  6561.00000     0.999023      1908489      1024.00
  6635.00000     0.999121      1908663      1137.78
  6734.00000     0.999219      1908857      1280.00
  6845.00000     0.999316      1909030      1462.86
  6993.00000     0.999414      1909222      1706.67
  7239.00000     0.999512      1909400      2048.00
  7387.00000     0.999561      1909492      2275.56
  7634.00000     0.999609      1909588      2560.00
  7930.00000     0.999658      1909680      2925.71
  8300.00000     0.999707      1909773      3413.33
  8830.00000     0.999756      1909867      4096.00
  9077.00000     0.999780      1909912      4551.11
  9373.00000     0.999805      1909959      5120.00
  9632.00000     0.999829      1910006      5851.43
 10125.00000     0.999854      1910053      6826.67
 10742.00000     0.999878      1910098      8192.00
 11186.00000     0.999890      1910122      9102.22
 11642.00000     0.999902      1910145     10240.00
 12049.00000     0.999915      1910168     11702.86
 12876.00000     0.999927      1910193     13653.33
 13887.00000     0.999939      1910215     16384.00
 14171.00000     0.999945      1910227     18204.44
 14948.00000     0.999951      1910238     20480.00
 15367.00000     0.999957      1910250     23405.71
 16169.00000     0.999963      1910262     27306.67
 17143.00000     0.999969      1910273     32768.00
 18426.00000     0.999973      1910279     36408.89
 19326.00000     0.999976      1910285     40960.00
 20337.00000     0.999979      1910291     46811.43
 21497.00000     0.999982      1910297     54613.33
 24284.00000     0.999985      1910302     65536.00
 25616.00000     0.999986      1910305     72817.78
 25974.00000     0.999988      1910308     81920.00
 27478.00000     0.999989      1910311     93622.86
 30105.00000     0.999991      1910314    109226.67
 32301.00000     0.999992      1910317    131072.00
 34804.00000     0.999993      1910318    145635.56
 36753.00000     0.999994      1910320    163840.00
 41045.00000     0.999995      1910321    187245.71
 55537.00000     0.999995      1910323    218453.33
 60174.00000     0.999996      1910324    262144.00
 61999.00000     0.999997      1910325    291271.11
 86259.00000     0.999997      1910326    327680.00
 86259.00000     0.999997      1910326    374491.43
 86950.00000     0.999998      1910327    436906.67
 86999.00000     0.999998      1910328    524288.00
 86999.00000     0.999998      1910328    582542.22
1052631.00000     0.999998      1910329    655360.00
1052631.00000     0.999999      1910329    748982.86
1052631.00000     0.999999      1910329    873813.33
1053663.00000     0.999999      1910330   1048576.00
1053663.00000     0.999999      1910330   1165084.44
1053663.00000     0.999999      1910330   1310720.00
1053663.00000     0.999999      1910330   1497965.71
1053663.00000     0.999999      1910330   1747626.67
1880847.00000     1.000000      1910331   2097152.00
1880847.00000     1.000000      1910331          inf
#[Mean    =     1113.585, StdDeviation   =     1773.300]
#[Max     =  1880847.000, Total count    =      1910331]
#[Buckets =           13, SubBuckets     =       262144]
       Value   Percentile   TotalCount 1/(1-Percentile)

     0.00000     0.000000       107014         1.00
    12.00000     0.100000      1432730         1.11
    12.00000     0.200000      1432730         1.25
    12.00000     0.300000      1432730         1.43
    12.00000     0.400000      1432730         1.67
    12.00000     0.500000      1432730         2.00
    12.00000     0.550000      1432730         2.22
    12.00000     0.600000      1432730         2.50
    12.00000     0.650000      1432730         2.86
    12.00000     0.700000      1432730         3.33
    24.00000     0.750000      1899734         4.00
    24.00000     0.775000      1899734         4.44
    24.00000     0.800000      1899734         5.00
    24.00000     0.825000      1899734         5.71
    24.00000     0.850000      1899734         6.67
    24.00000     0.875000      1899734         8.00
    24.00000     0.887500      1899734         8.89
    24.00000     0.900000      1899734        10.00
    24.00000     0.912500      1899734        11.43
    24.00000     0.925000      1899734        13.33
    24.00000     0.937500      1899734        16.00
    24.00000     0.943750      1899734        17.78
    24.00000     0.950000      1899734        20.00
    24.00000     0.956250      1899734        22.86
    24.00000     0.962500      1899734        26.67
    24.00000     0.968750      1899734        32.00
    24.00000     0.971875      1899734        35.56
    24.00000     0.975000      1899734        40.00
    24.00000     0.978125      1899734        45.71
    24.00000     0.981250      1899734        53.33
    24.00000     0.984375      1899734        64.00
    24.00000     0.985938      1899734        71.11
    24.00000     0.987500      1899734        80.00
    24.00000     0.989062      1899734        91.43
    24.00000     0.990625      1899734       106.67
    24.00000     0.992188      1899734       128.00
    24.00000     0.992969      1899734       142.22
    24.00000     0.993750      1899734       160.00
    37.00000     0.994531      1907431       182.86
    37.00000     0.995313      1907431       213.33
    37.00000     0.996094      1907431       256.00
    37.00000     0.996484      1907431       284.44
    37.00000     0.996875      1907431       320.00
    37.00000     0.997266      1907431       365.71
    37.00000     0.997656      1907431       426.67
    37.00000     0.998047      1907431       512.00
    37.00000     0.998242      1907431       568.89
    37.00000     0.998437      1907431       640.00
    49.00000     0.998633      1909524       731.43
    49.00000     0.998828      1909524       853.33
    49.00000     0.999023      1909524      1024.00
    49.00000     0.999121      1909524      1137.78
    49.00000     0.999219      1909524      1280.00
    49.00000     0.999316      1909524      1462.86
    49.00000     0.999414      1909524      1706.67
    49.00000     0.999512      1909524      2048.00
    49.00000     0.999561      1909524      2275.56
    61.00000     0.999609      1910058      2560.00
    61.00000     0.999658      1910058      2925.71
    61.00000     0.999707      1910058      3413.33
    61.00000     0.999756      1910058      4096.00
    61.00000     0.999780      1910058      4551.11
    61.00000     0.999805      1910058      5120.00
    61.00000     0.999829      1910058      5851.43
    61.00000     0.999854      1910058      6826.67
    74.00000     0.999878      1910164      8192.00
    74.00000     0.999890      1910164      9102.22
    74.00000     0.999902      1910164     10240.00
    86.00000     0.999915      1910188     11702.86
    98.00000     0.999927      1910204     13653.33
   111.00000     0.999939      1910216     16384.00
   123.00000     0.999945      1910230     18204.44
   135.00000     0.999951      1910241     20480.00
   148.00000     0.999957      1910254     23405.71
   172.00000     0.999963      1910262     27306.67
   222.00000     0.999969      1910276     32768.00
   246.00000     0.999973      1910279     36408.89
   308.00000     0.999976      1910286     40960.00
   333.00000     0.999979      1910295     46811.43
   345.00000     0.999982      1910298     54613.33
   382.00000     0.999985      1910302     65536.00
   407.00000     0.999986      1910306     72817.78
   456.00000     0.999988      1910308     81920.00
   481.00000     0.999989      1910311     93622.86
   678.00000     0.999991      1910314    109226.67
   962.00000     0.999992      1910317    131072.00
  1110.00000     0.999993      1910318    145635.56
  1208.00000     0.999994      1910320    163840.00
  1282.00000     0.999995      1910321    187245.71
  3687.00000     0.999995      1910323    218453.33
  3860.00000     0.999996      1910324    262144.00
  3996.00000     0.999997      1910325    291271.11
  4538.00000     0.999997      1910327    327680.00
  4538.00000     0.999997      1910327    374491.43
  4538.00000     0.999998      1910327    436906.67
  4859.00000     0.999998      1910328    524288.00
  4859.00000     0.999998      1910328    582542.22
  5278.00000     0.999998      1910329    655360.00
  5278.00000     0.999999      1910329    748982.86
  5278.00000     0.999999      1910329    873813.33
  6586.00000     0.999999      1910330   1048576.00
  6586.00000     0.999999      1910330   1165084.44
  6586.00000     0.999999      1910330   1310720.00
  6586.00000     0.999999      1910330   1497965.71
  6586.00000     0.999999      1910330   1747626.67
  6623.00000     1.000000      1910331   2097152.00
  6623.00000     1.000000      1910331          inf
#[Mean    =       14.461, StdDeviation   =       12.950]
#[Max     =     6623.000, Total count    =      1910331]
#[Buckets =           13, SubBuckets     =       262144]
       Value   Percentile   TotalCount 1/(1-Percentile)

    61.00000     0.000000            3         1.00
    98.00000     0.100000       544318         1.11
    98.00000     0.200000       544318         1.25
   110.00000     0.300000       612824         1.43
   111.00000     0.400000      1345860         1.67
   111.00000     0.500000      1345860         2.00
   111.00000     0.550000      1345860         2.22
   111.00000     0.600000      1345860         2.50
   111.00000     0.650000      1345860         2.86
   111.00000     0.700000      1345860         3.33
   123.00000     0.750000      1589424         4.00
   123.00000     0.775000      1589424         4.44
   123.00000     0.800000      1589424         5.00
   123.00000     0.825000      1589424         5.71
   135.00000     0.850000      1859514         6.67
   135.00000     0.875000      1859514         8.00
   135.00000     0.887500      1859514         8.89
   135.00000     0.900000      1859514        10.00
   135.00000     0.912500      1859514        11.43
   135.00000     0.925000      1859514        13.33
   135.00000     0.937500      1859514        16.00
   135.00000     0.943750      1859514        17.78
   135.00000     0.950000      1859514        20.00
   135.00000     0.956250      1859514        22.86
   135.00000     0.962500      1859514        26.67
   135.00000     0.968750      1859514        32.00
   135.00000     0.971875      1859514        35.56
   148.00000     0.975000      1892413        40.00
   148.00000     0.978125      1892413        45.71
   148.00000     0.981250      1892413        53.33
   148.00000     0.984375      1892413        64.00
   148.00000     0.985938      1892413        71.11
   148.00000     0.987500      1892413        80.00
   148.00000     0.989062      1892413        91.43
   160.00000     0.990625      1897497       106.67
   160.00000     0.992188      1897497       128.00
   160.00000     0.992969      1897497       142.22
   172.00000     0.993750      1899349       160.00
   185.00000     0.994531      1900464       182.86
   209.00000     0.995313      1901855       213.33
   246.00000     0.996094      1903211       256.00
   271.00000     0.996484      1903779       284.44
   308.00000     0.996875      1904469       320.00
   369.00000     0.997266      1905116       365.71
   444.00000     0.997656      1905929       426.67
   542.00000     0.998047      1906600       512.00
   616.00000     0.998242      1907002       568.89
   690.00000     0.998437      1907354       640.00
   777.00000     0.998633      1907747       731.43
   863.00000     0.998828      1908103       853.33
  1011.00000     0.999023      1908471      1024.00
  1122.00000     0.999121      1908653      1137.78
  1270.00000     0.999219      1908854      1280.00
  1479.00000     0.999316      1909026      1462.86
  1862.00000     0.999414      1909216      1706.67
  2762.00000     0.999512      1909400      2048.00
  3465.00000     0.999561      1909493      2275.56
  4526.00000     0.999609      1909585      2560.00
  5673.00000     0.999658      1909679      2925.71
  7548.00000     0.999707      1909772      3413.33
 10039.00000     0.999756      1909865      4096.00
 11581.00000     0.999780      1909912      4551.11
 14393.00000     0.999805      1909958      5120.00
 17044.00000     0.999829      1910005      5851.43
 20892.00000     0.999854      1910052      6826.67
 26726.00000     0.999878      1910098      8192.00
 31807.00000     0.999890      1910122      9102.22
 40083.00000     0.999902      1910145     10240.00
 52256.00000     0.999915      1910168     11702.86
 77774.00000     0.999927      1910192     13653.33
104537.00000     0.999939      1910215     16384.00
124825.00000     0.999945      1910227     18204.44
145804.00000     0.999951      1910238     20480.00
169410.00000     0.999957      1910250     23405.71
192091.00000     0.999963      1910262     27306.67
211627.00000     0.999969      1910273     32768.00
220680.00000     0.999973      1910279     36408.89
239427.00000     0.999976      1910285     40960.00
261762.00000     0.999979      1910291     46811.43
293275.00000     0.999982      1910297     54613.33
439597.00000     0.999985      1910302     65536.00
473291.00000     0.999986      1910305     72817.78
497133.00000     0.999988      1910308     81920.00
521269.00000     0.999989      1910311     93622.86
561055.00000     0.999991      1910314    109226.67
4024655.00000     0.999992      1910317    131072.00
4030959.00000     0.999993      1910318    145635.56
4043007.00000     0.999994      1910320    163840.00
4048799.00000     0.999995      1910321    187245.71
4059471.00000     0.999995      1910323    218453.33
4067039.00000     0.999996      1910324    262144.00
4077487.00000     0.999997      1910325    291271.11
4086319.00000     0.999997      1910326    327680.00
4086319.00000     0.999997      1910326    374491.43
4095679.00000     0.999998      1910327    436906.67
4103423.00000     0.999998      1910328    524288.00
4103423.00000     0.999998      1910328    582542.22
4113487.00000     0.999998      1910329    655360.00
4113487.00000     0.999999      1910329    748982.86
4113487.00000     0.999999      1910329    873813.33
4120255.00000     0.999999      1910330   1048576.00
4120255.00000     0.999999      1910330   1165084.44
4120255.00000     0.999999      1910330   1310720.00
4120255.00000     0.999999      1910330   1497965.71
4120255.00000     0.999999      1910330   1747626.67
4127871.00000     1.000000      1910331   2097152.00
4127871.00000     1.000000      1910331          inf
#[Mean    =      169.706, StdDeviation   =    12283.236]
#[Max     =  4127871.000, Total count    =      1910331]
#[Buckets =           13, SubBuckets     =       262144]
       Value   Percentile   TotalCount 1/(1-Percentile)

     0.00000     0.000000        13644         1.00
    37.00000     0.100000       396239         1.11
    37.00000     0.200000       396239         1.25
    49.00000     0.300000       739269         1.43
    61.00000     0.400000       808940         1.67
   111.00000     0.500000       955476         2.00
   135.00000     0.550000      1054320         2.22
   160.00000     0.600000      1178093         2.50
   185.00000     0.650000      1288541         2.86
   209.00000     0.700000      1379730         3.33
   234.00000     0.750000      1459450         4.00
   246.00000     0.775000      1496678         4.44
   259.00000     0.800000      1531339         5.00
   283.00000     0.825000      1591687         5.71
   308.00000     0.850000      1639173         6.67
   333.00000     0.875000      1676837         8.00
   357.00000     0.887500      1708249         8.89
   370.00000     0.900000      1722164        10.00
   394.00000     0.912500      1746890        11.43
   419.00000     0.925000      1768143        13.33
   456.00000     0.937500      1794807        16.00
   481.00000     0.943750      1809574        17.78
   493.00000     0.950000      1815992        20.00
   518.00000     0.956250      1827206        22.86
   555.00000     0.962500      1840405        26.67
   592.00000     0.968750      1850872        32.00
   629.00000     0.971875      1858979        35.56
   653.00000     0.975000      1863222        40.00
   690.00000     0.978125      1868549        45.71
   752.00000     0.981250      1875580        53.33
   826.00000     0.984375      1881208        64.00
   875.00000     0.985938      1884004        71.11
   937.00000     0.987500      1886551        80.00
  1048.00000     0.989062      1889643        91.43
  1258.00000     0.990625      1892441       106.67
  1702.00000     0.992188      1895459       128.00
  2059.00000     0.992969      1896913       142.22
  3034.00000     0.993750      1898436       160.00
  3169.00000     0.994531      1899999       182.86
  3256.00000     0.995313      1901461       213.33
  3367.00000     0.996094      1902994       256.00
  3441.00000     0.996484      1903656       284.44
  3564.00000     0.996875      1904399       320.00
  3737.00000     0.997266      1905139       365.71
  4033.00000     0.997656      1905854       426.67
  4427.00000     0.998047      1906601       512.00
  4649.00000     0.998242      1906982       568.89
  4896.00000     0.998437      1907356       640.00
  5180.00000     0.998633      1907722       731.43
  5513.00000     0.998828      1908096       853.33
  5895.00000     0.999023      1908478      1024.00
  6080.00000     0.999121      1908661      1137.78
  6302.00000     0.999219      1908842      1280.00
  6524.00000     0.999316      1909027      1462.86
  6734.00000     0.999414      1909213      1706.67
  7067.00000     0.999512      1909403      2048.00
  7264.00000     0.999561      1909493      2275.56
  7511.00000     0.999609      1909588      2560.00
  7819.00000     0.999658      1909680      2925.71
  8152.00000     0.999707      1909774      3413.33
  8571.00000     0.999756      1909868      4096.00
  8781.00000     0.999780      1909912      4551.11
  9003.00000     0.999805      1909958      5120.00
  9459.00000     0.999829      1910006      5851.43
  9990.00000     0.999854      1910053      6826.67
 10619.00000     0.999878      1910098      8192.00
 11346.00000     0.999890      1910122      9102.22
 11901.00000     0.999902      1910145     10240.00
 12543.00000     0.999915      1910168     11702.86
 13566.00000     0.999927      1910192     13653.33
 14923.00000     0.999939      1910215     16384.00
 15342.00000     0.999945      1910227     18204.44
 15873.00000     0.999951      1910238     20480.00
 17044.00000     0.999957      1910250     23405.71
 19980.00000     0.999963      1910262     27306.67
 22311.00000     0.999969      1910273     32768.00
 23174.00000     0.999973      1910279     36408.89
 24469.00000     0.999976      1910285     40960.00
 27133.00000     0.999979      1910291     46811.43
 29242.00000     0.999982      1910297     54613.33
 38036.00000     0.999985      1910302     65536.00
 40601.00000     0.999986      1910305     72817.78
 46780.00000     0.999988      1910308     81920.00
 48063.00000     0.999989      1910311     93622.86
 51602.00000     0.999991      1910314    109226.67
 56252.00000     0.999992      1910317    131072.00
 56918.00000     0.999993      1910318    145635.56
 58780.00000     0.999994      1910320    163840.00
 59792.00000     0.999995      1910321    187245.71
 67660.00000     0.999995      1910323    218453.33
 85063.00000     0.999996      1910324    262144.00
 86234.00000     0.999997      1910325    291271.11
 98839.00000     0.999997      1910326    327680.00
 98839.00000     0.999997      1910326    374491.43
127983.00000     0.999998      1910327    436906.67
160099.00000     0.999998      1910328    524288.00
160099.00000     0.999998      1910328    582542.22
172543.00000     0.999998      1910329    655360.00
172543.00000     0.999999      1910329    748982.86
172543.00000     0.999999      1910329    873813.33
222555.00000     0.999999      1910330   1048576.00
222555.00000     0.999999      1910330   1165084.44
222555.00000     0.999999      1910330   1310720.00
222555.00000     0.999999      1910330   1497965.71
222555.00000     0.999999      1910330   1747626.67
252401.00000     1.000000      1910331   2097152.00
252401.00000     1.000000      1910331          inf
#[Mean    =      193.439, StdDeviation   =      561.589]
#[Max     =   252401.000, Total count    =      1910331]
#[Buckets =           13, SubBuckets     =       262144]
       Value   Percentile   TotalCount 1/(1-Percentile)

    86.00000     0.000000           17         1.00
   185.00000     0.100000       265834         1.11
   209.00000     0.200000       445050         1.25
   234.00000     0.300000       638044         1.43
   259.00000     0.400000       839039         1.67
   283.00000     0.500000      1042435         2.00
   296.00000     0.550000      1144550         2.22
   308.00000     0.600000      1246445         2.50
   308.00000     0.650000      1246445         2.86
   320.00000     0.700000      1347793         3.33
   333.00000     0.750000      1444783         4.00
   345.00000     0.775000      1541166         4.44
   345.00000     0.800000      1541166         5.00
   357.00000     0.825000      1617897         5.71
   370.00000     0.850000      1663387         6.67
   382.00000     0.875000      1719808         8.00
   382.00000     0.887500      1719808         8.89
   382.00000     0.900000      1719808        10.00
   394.00000     0.912500      1768671        11.43
   394.00000     0.925000      1768671        13.33
   407.00000     0.937500      1793925        16.00
   419.00000     0.943750      1810966        17.78
   431.00000     0.950000      1824835        20.00
   444.00000     0.956250      1835951        22.86
   456.00000     0.962500      1845032        26.67
   468.00000     0.968750      1851980        32.00
   481.00000     0.971875      1857241        35.56
   505.00000     0.975000      1863696        40.00
   542.00000     0.978125      1868547        45.71
   690.00000     0.981250      1874834        53.33
   949.00000     0.984375      1880668        64.00
  1036.00000     0.985938      1883545        71.11
  1221.00000     0.987500      1886584        80.00
  1480.00000     0.989062      1889559        91.43
  1788.00000     0.990625      1892470       106.67
  2442.00000     0.992188      1895458       128.00
  2972.00000     0.992969      1896914       142.22
  3749.00000     0.993750      1898405       160.00
  5118.00000     0.994531      1899884       182.86
  6709.00000     0.995313      1901378       213.33
 13221.00000     0.996094      1902870       256.00
 20177.00000     0.996484      1903616       284.44
 27466.00000     0.996875      1904362       320.00
 34656.00000     0.997266      1905110       365.71
 42883.00000     0.997656      1905855       426.67
 50394.00000     0.998047      1906600       512.00
 55241.00000     0.998242      1906974       568.89
 58484.00000     0.998437      1907347       640.00
 63529.00000     0.998633      1907720       731.43
 67327.00000     0.998828      1908093       853.33
 73815.00000     0.999023      1908466      1024.00
 76923.00000     0.999121      1908654      1137.78
 78329.00000     0.999219      1908839      1280.00
 82436.00000     0.999316      1909026      1462.86
 86876.00000     0.999414      1909212      1706.67
 89096.00000     0.999512      1909399      2048.00
 92253.00000     0.999561      1909492      2275.56
 92981.00000     0.999609      1909585      2560.00
 93548.00000     0.999658      1909680      2925.71
 95756.00000     0.999707      1909772      3413.33
 98383.00000     0.999756      1909865      4096.00
 98999.00000     0.999780      1909912      4551.11
102588.00000     0.999805      1909958      5120.00
105289.00000     0.999829      1910005      5851.43
123543.00000     0.999854      1910052      6826.67
159766.00000     0.999878      1910098      8192.00
184469.00000     0.999890      1910122      9102.22
206188.00000     0.999902      1910145     10240.00
221309.00000     0.999915      1910168     11702.86
251168.00000     0.999927      1910192     13653.33
272517.00000     0.999939      1910215     16384.00
289723.00000     0.999945      1910227     18204.44
300847.00000     0.999951      1910238     20480.00
320963.00000     0.999957      1910250     23405.71
341165.00000     0.999963      1910262     27306.67
361355.00000     0.999969      1910273     32768.00
371751.00000     0.999973      1910279     36408.89
385145.00000     0.999976      1910285     40960.00
389907.00000     0.999979      1910291     46811.43
403979.00000     0.999982      1910297     54613.33
428239.00000     0.999985      1910302     65536.00
432235.00000     0.999986      1910305     72817.78
439079.00000     0.999988      1910308     81920.00
451635.00000     0.999989      1910311     93622.86
455175.00000     0.999991      1910314    109226.67
470591.00000     0.999992      1910317    131072.00
473921.00000     0.999993      1910318    145635.56
490805.00000     0.999994      1910320    163840.00
492161.00000     0.999995      1910321    187245.71
495529.00000     0.999995      1910323    218453.33
496811.00000     0.999996      1910324    262144.00
498809.00000     0.999997      1910325    291271.11
499413.00000     0.999997      1910326    327680.00
499413.00000     0.999997      1910326    374491.43
504655.00000     0.999998      1910327    436906.67
509651.00000     0.999998      1910328    524288.00
509651.00000     0.999998      1910328    582542.22
532307.00000     0.999998      1910329    655360.00
532307.00000     0.999999      1910329    748982.86
532307.00000     0.999999      1910329    873813.33
588079.00000     0.999999      1910330   1048576.00
588079.00000     0.999999      1910330   1165084.44
588079.00000     0.999999      1910330   1310720.00
588079.00000     0.999999      1910330   1497965.71
588079.00000     0.999999      1910330   1747626.67
624647.00000     1.000000      1910331   2097152.00
624647.00000     1.000000      1910331          inf
#[Mean    =      541.346, StdDeviation   =     4947.909]
#[Max     =   624647.000, Total count    =      1910331]
#[Buckets =           13, SubBuckets     =       262144]
       Value   Percentile   TotalCount 1/(1-Percentile)

     0.00000     0.000000       264585         1.00
     0.00000     0.100000       264585         1.11
    12.00000     0.200000      1848123         1.25
    12.00000     0.300000      1848123         1.43
    12.00000     0.400000      1848123         1.67
    12.00000     0.500000      1848123         2.00
    12.00000     0.550000      1848123         2.22
    12.00000     0.600000      1848123         2.50
    12.00000     0.650000      1848123         2.86
    12.00000     0.700000      1848123         3.33
    12.00000     0.750000      1848123         4.00
    12.00000     0.775000      1848123         4.44
    12.00000     0.800000      1848123         5.00
    12.00000     0.825000      1848123         5.71
    12.00000     0.850000      1848123         6.67
    12.00000     0.875000      1848123         8.00
    12.00000     0.887500      1848123         8.89
    12.00000     0.900000      1848123        10.00
    12.00000     0.912500      1848123        11.43
    12.00000     0.925000      1848123        13.33
    12.00000     0.937500      1848123        16.00
    12.00000     0.943750      1848123        17.78
    12.00000     0.950000      1848123        20.00
    12.00000     0.956250      1848123        22.86
    12.00000     0.962500      1848123        26.67
    24.00000     0.968750      1899925        32.00
    24.00000     0.971875      1899925        35.56
    24.00000     0.975000      1899925        40.00
    24.00000     0.978125      1899925        45.71
    24.00000     0.981250      1899925        53.33
    24.00000     0.984375      1899925        64.00
    24.00000     0.985938      1899925        71.11
    24.00000     0.987500      1899925        80.00
    24.00000     0.989062      1899925        91.43
    24.00000     0.990625      1899925       106.67
    24.00000     0.992188      1899925       128.00
    24.00000     0.992969      1899925       142.22
    24.00000     0.993750      1899925       160.00
    24.00000     0.994531      1899925       182.86
    37.00000     0.995313      1904638       213.33
    37.00000     0.996094      1904638       256.00
    37.00000     0.996484      1904638       284.44
    37.00000     0.996875      1904638       320.00
    49.00000     0.997266      1906707       365.71
    49.00000     0.997656      1906707       426.67
    49.00000     0.998047      1906707       512.00
    61.00000     0.998242      1907475       568.89
    61.00000     0.998437      1907475       640.00
    74.00000     0.998633      1907872       731.43
    86.00000     0.998828      1908133       853.33
   111.00000     0.999023      1908772      1024.00
   111.00000     0.999121      1908772      1137.78
   123.00000     0.999219      1909011      1280.00
   135.00000     0.999316      1909158      1462.86
   148.00000     0.999414      1909259      1706.67
   172.00000     0.999512      1909452      2048.00
   185.00000     0.999561      1909533      2275.56
   209.00000     0.999609      1909617      2560.00
   246.00000     0.999658      1909690      2925.71
   320.00000     0.999707      1909793      3413.33
   370.00000     0.999756      1909876      4096.00
   407.00000     0.999780      1909916      4551.11
   481.00000     0.999805      1909966      5120.00
   530.00000     0.999829      1910014      5851.43
   579.00000     0.999854      1910053      6826.67
   641.00000     0.999878      1910100      8192.00
   678.00000     0.999890      1910126      9102.22
   727.00000     0.999902      1910146     10240.00
   789.00000     0.999915      1910174     11702.86
   838.00000     0.999927      1910193     13653.33
   888.00000     0.999939      1910216     16384.00
   986.00000     0.999945      1910229     18204.44
  1060.00000     0.999951      1910239     20480.00
  1196.00000     0.999957      1910250     23405.71
  1998.00000     0.999963      1910262     27306.67
  4834.00000     0.999969      1910273     32768.00
  5081.00000     0.999973      1910279     36408.89
  5143.00000     0.999976      1910286     40960.00
  5192.00000     0.999979      1910291     46811.43
  5229.00000     0.999982      1910297     54613.33
  5254.00000     0.999985      1910302     65536.00
  5266.00000     0.999986      1910306     72817.78
  5291.00000     0.999988      1910309     81920.00
  5303.00000     0.999989      1910312     93622.86
  5315.00000     0.999991      1910314    109226.67
  5402.00000     0.999992      1910317    131072.00
  5451.00000     0.999993      1910319    145635.56
  5513.00000     0.999994      1910320    163840.00
  5673.00000     0.999995      1910321    187245.71
  6117.00000     0.999995      1910323    218453.33
  6327.00000     0.999996      1910324    262144.00
  6376.00000     0.999997      1910325    291271.11
  6462.00000     0.999997      1910326    327680.00
  6462.00000     0.999997      1910326    374491.43
  6549.00000     0.999998      1910327    436906.67
  6573.00000     0.999998      1910328    524288.00
  6573.00000     0.999998      1910328    582542.22
  6586.00000     0.999998      1910329    655360.00
  6586.00000     0.999999      1910329    748982.86
  6586.00000     0.999999      1910329    873813.33
  7585.00000     0.999999      1910330   1048576.00
  7585.00000     0.999999      1910330   1165084.44
  7585.00000     0.999999      1910330   1310720.00
  7585.00000     0.999999      1910330   1497965.71
  7585.00000     0.999999      1910330   1747626.67
  8436.00000     1.000000      1910331   2097152.00
  8436.00000     1.000000      1910331          inf
#[Mean    =       11.258, StdDeviation   =       34.057]
#[Max     =     8436.000, Total count    =      1910331]
#[Buckets =           13, SubBuckets     =       262144]
       Value   Percentile   TotalCount 1/(1-Percentile)

   629.00000     0.000000            7         1.00
   900.00000     0.100000       250393         1.11
   912.00000     0.200000       688036         1.25
   912.00000     0.300000       688036         1.43
   925.00000     0.400000      1119041         1.67
   925.00000     0.500000      1119041         2.00
   925.00000     0.550000      1119041         2.22
   937.00000     0.600000      1335392         2.50
   937.00000     0.650000      1335392         2.86
   949.00000     0.700000      1428739         3.33
   961.00000     0.750000      1439867         4.00
   962.00000     0.775000      1500686         4.44
   974.00000     0.800000      1560152         5.00
   986.00000     0.825000      1600592         5.71
  1011.00000     0.850000      1632259         6.67
  1097.00000     0.875000      1677645         8.00
  1122.00000     0.887500      1698281         8.89
  1147.00000     0.900000      1721935        10.00
  1171.00000     0.912500      1744749        11.43
  1208.00000     0.925000      1772126        13.33
  1258.00000     0.937500      1793772        16.00
  1295.00000     0.943750      1804414        17.78
  1344.00000     0.950000      1816313        20.00
  1406.00000     0.956250      1828800        22.86
  1480.00000     0.962500      1840229        26.67
  1628.00000     0.968750      1850755        32.00
  2454.00000     0.971875      1856614        35.56
  5192.00000     0.975000      1862659        40.00
  5673.00000     0.978125      1868584        45.71
  5846.00000     0.981250      1874545        53.33
  5919.00000     0.984375      1880584        64.00
  5944.00000     0.985938      1884535        71.11
  5969.00000     0.987500      1887328        80.00
  5994.00000     0.989062      1889984        91.43
  6018.00000     0.990625      1892443       106.67
  6055.00000     0.992188      1895507       128.00
  6080.00000     0.992969      1897222       142.22
  6105.00000     0.993750      1898687       160.00
  6141.00000     0.994531      1899929       182.86
  6179.00000     0.995313      1901564       213.33
  6253.00000     0.996094      1902956       256.00
  6314.00000     0.996484      1903673       284.44
  6401.00000     0.996875      1904387       320.00
  6536.00000     0.997266      1905120       365.71
  6894.00000     0.997656      1905865       426.67
  7239.00000     0.998047      1906618       512.00
  7375.00000     0.998242      1907007       568.89
  7474.00000     0.998437      1907379       640.00
  7572.00000     0.998633      1907730       731.43
  7683.00000     0.998828      1908106       853.33
  7819.00000     0.999023      1908473      1024.00
  7893.00000     0.999121      1908660      1137.78
  7992.00000     0.999219      1908856      1280.00
  8103.00000     0.999316      1909027      1462.86
  8238.00000     0.999414      1909222      1706.67
  8411.00000     0.999512      1909418      2048.00
  8497.00000     0.999561      1909493      2275.56
  8633.00000     0.999609      1909592      2560.00
  8818.00000     0.999658      1909684      2925.71
  9028.00000     0.999707      1909776      3413.33
  9459.00000     0.999756      1909866      4096.00
 10002.00000     0.999780      1909912      4551.11
 10976.00000     0.999805      1909958      5120.00
 12580.00000     0.999829      1910005      5851.43
 15071.00000     0.999854      1910053      6826.67
 19659.00000     0.999878      1910098      8192.00
 22039.00000     0.999890      1910122      9102.22
 23618.00000     0.999902      1910145     10240.00
 24790.00000     0.999915      1910168     11702.86
 25949.00000     0.999927      1910192     13653.33
 26652.00000     0.999939      1910215     16384.00
 27096.00000     0.999945      1910228     18204.44
 27417.00000     0.999951      1910239     20480.00
 28070.00000     0.999957      1910251     23405.71
 28157.00000     0.999963      1910262     27306.67
 28835.00000     0.999969      1910273     32768.00
 29045.00000     0.999973      1910279     36408.89
 29217.00000     0.999976      1910285     40960.00
 29723.00000     0.999979      1910292     46811.43
 30512.00000     0.999982      1910297     54613.33
 31561.00000     0.999985      1910302     65536.00
 32399.00000     0.999986      1910305     72817.78
 32868.00000     0.999988      1910309     81920.00
 33337.00000     0.999989      1910311     93622.86
 34508.00000     0.999991      1910314    109226.67
 35236.00000     0.999992      1910317    131072.00
 36037.00000     0.999993      1910318    145635.56
 39047.00000     0.999994      1910320    163840.00
 41366.00000     0.999995      1910322    187245.71
 43684.00000     0.999995      1910323    218453.33
 44548.00000     0.999996      1910324    262144.00
 47236.00000     0.999997      1910325    291271.11
 48975.00000     0.999997      1910326    327680.00
 48975.00000     0.999997      1910326    374491.43
 68943.00000     0.999998      1910327    436906.67
 69560.00000     0.999998      1910328    524288.00
 69560.00000     0.999998      1910328    582542.22
 81289.00000     0.999998      1910329    655360.00
 81289.00000     0.999999      1910329    748982.86
 81289.00000     0.999999      1910329    873813.33
 89503.00000     0.999999      1910330   1048576.00
 89503.00000     0.999999      1910330   1165084.44
 89503.00000     0.999999      1910330   1310720.00
 89503.00000     0.999999      1910330   1497965.71
 89503.00000     0.999999      1910330   1747626.67
137615.00000     1.000000      1910331   2097152.00
137615.00000     1.000000      1910331          inf
#[Mean    =     1101.729, StdDeviation   =      893.896]
#[Max     =   137615.000, Total count    =      1910331]
#[Buckets =           13, SubBuckets     =       262144]

=== EXCHANGE STDERR ===
matching tid: 51119
