=== CLIENT STDERR ===
=== Exchange load generator ===
  clients  : 10
  seed     : 388114537
  target   : 127.0.0.1:4000
  thread id: 51169
Ctrl-C to stop.


=== Stats ===
  elapsed         : 14.996 s
  requests sent   : 2251949
  ACK responses   : 2251939
  MATCH responses : 1290805
  ERR responses   : 0
  orders in flight: -10
  --- throughput ---
  requests/s      : 150168
  ACK/s           : 150167
  MATCH/s         : 86075
  ERR/s           : 0
  total resp/s    : 150167

=== EXCHANGE STDOUT ===
exchange tid: 51164
inbound thread: 51171
outbound thread: 51172
       Value   Percentile   TotalCount 1/(1-Percentile)

  2084.00000     0.000000            1         1.00
  2392.00000     0.100000       180637         1.11
  2454.00000     0.200000       360717         1.25
  2503.00000     0.300000       517599         1.43
  2565.00000     0.400000       693890         1.67
  2651.00000     0.500000       872580         2.00
  2701.00000     0.550000       949134         2.22
  2775.00000     0.600000      1039996         2.50
  2861.00000     0.650000      1124130         2.86
  2960.00000     0.700000      1206413         3.33
  3083.00000     0.750000      1294450         4.00
  3157.00000     0.775000      1338219         4.44
  3231.00000     0.800000      1376321         5.00
  3330.00000     0.825000      1420161         5.71
  3453.00000     0.850000      1463855         6.67
  3601.00000     0.875000      1505160         8.00
  3700.00000     0.887500      1527237         8.89
  3823.00000     0.900000      1549833        10.00
  3971.00000     0.912500      1570603        11.43
  4181.00000     0.925000      1591811        13.33
  4563.00000     0.937500      1612410        16.00
  5081.00000     0.943750      1623207        17.78
  6425.00000     0.950000      1633930        20.00
  7412.00000     0.956250      1644709        22.86
  7597.00000     0.962500      1655578        26.67
  7831.00000     0.968750      1666423        32.00
  8041.00000     0.971875      1671711        35.56
  8436.00000     0.975000      1676984        40.00
  9163.00000     0.978125      1682327        45.71
 10027.00000     0.981250      1687653        53.33
 11211.00000     0.984375      1693019        64.00
 12173.00000     0.985938      1695700        71.11
 13727.00000     0.987500      1698380        80.00
 16514.00000     0.989062      1701077        91.43
 21694.00000     0.990625      1703765       106.67
 30586.00000     0.992188      1706444       128.00
 36938.00000     0.992969      1707787       142.22
 43327.00000     0.993750      1709130       160.00
 51343.00000     0.994531      1710477       182.86
 59348.00000     0.995313      1711817       213.33
 69079.00000     0.996094      1713161       256.00
 74222.00000     0.996484      1713832       284.44
 81017.00000     0.996875      1714504       320.00
 87887.00000     0.997266      1715176       365.71
 96163.00000     0.997656      1715848       426.67
104944.00000     0.998047      1716520       512.00
113466.00000     0.998242      1716855       568.89
130425.00000     0.998437      1717191       640.00
155671.00000     0.998633      1717527       731.43
194533.00000     0.998828      1717863       853.33
263367.00000     0.999023      1718199      1024.00
330101.00000     0.999121      1718367      1137.78
438437.00000     0.999219      1718535      1280.00
701459.00000     0.999316      1718703      1462.86
1185791.00000     0.999414      1718871      1706.67
2460639.00000     0.999512      1719040      2048.00
2737903.00000     0.999561      1719123      2275.56
3693151.00000     0.999609      1719207      2560.00
3884143.00000     0.999658      1719291      2925.71
4479711.00000     0.999707      1719375      3413.33
4843647.00000     0.999756      1719459      4096.00
4872447.00000     0.999780      1719501      4551.11
4899231.00000     0.999805      1719543      5120.00
4929631.00000     0.999829      1719586      5851.43
4953023.00000     0.999854      1719627      6826.67
4988767.00000     0.999878      1719669      8192.00
5007807.00000     0.999890      1719690      9102.22
5028959.00000     0.999902      1719711     10240.00
5085567.00000     0.999915      1719732     11702.86
5514399.00000     0.999927      1719753     13653.33
6297823.00000     0.999939      1719774     16384.00
6370015.00000     0.999945      1719785     18204.44
6729919.00000     0.999951      1719795     20480.00
6823967.00000     0.999957      1719805     23405.71
7248031.00000     0.999963      1719816     27306.67
7390399.00000     0.999969      1719826     32768.00
7409599.00000     0.999973      1719831     36408.89
7453887.00000     0.999976      1719837     40960.00
7945599.00000     0.999979      1719842     46811.43
8034975.00000     0.999982      1719847     54613.33
9491007.00000     0.999985      1719853     65536.00
9507391.00000     0.999986      1719855     72817.78
9831807.00000     0.999988      1719858     81920.00
9852415.00000     0.999989      1719860     93622.86
9907711.00000     0.999991      1719863    109226.67
10379007.00000     0.999992      1719867    131072.00
10379007.00000     0.999993      1719867    145635.56
12599359.00000     0.999994      1719868    163840.00
12615935.00000     0.999995      1719869    187245.71
12651711.00000     0.999995      1719871    218453.33
12655103.00000     0.999996      1719872    262144.00
12668735.00000     0.999997      1719873    291271.11
12668735.00000     0.999997      1719873    327680.00
12683135.00000     0.999997      1719874    374491.43
12693183.00000     0.999998      1719875    436906.67
12693183.00000     0.999998      1719875    524288.00
12696639.00000     0.999998      1719876    582542.22
12696639.00000     0.999998      1719876    655360.00
12696639.00000     0.999999      1719876    748982.86
12710911.00000     0.999999      1719877    873813.33
12710911.00000     0.999999      1719877   1048576.00
12710911.00000     0.999999      1719877   1165084.44
12710911.00000     0.999999      1719877   1310720.00
12710911.00000     0.999999      1719877   1497965.71
12732927.00000     0.999999      1719878   1747626.67
12732927.00000     1.000000      1719878          inf
#[Mean    =     6281.628, StdDeviation   =   112973.337]
#[Max     = 12732927.000, Total count    =      1719878]
#[Buckets =           13, SubBuckets     =       262144]
       Value   Percentile   TotalCount 1/(1-Percentile)

   962.00000     0.000000            1         1.00
  1048.00000     0.100000       455664         1.11
  1048.00000     0.200000       455664         1.25
  1060.00000     0.300000       871990         1.43
  1060.00000     0.400000       871990         1.67
  1060.00000     0.500000       871990         2.00
  1073.00000     0.550000      1143498         2.22
  1073.00000     0.600000      1143498         2.50
  1073.00000     0.650000      1143498         2.86
  1085.00000     0.700000      1214923         3.33
  1184.00000     0.750000      1290540         4.00
  1258.00000     0.775000      1333508         4.44
  1307.00000     0.800000      1385751         5.00
  1344.00000     0.825000      1427831         5.71
  1381.00000     0.850000      1467792         6.67
  1430.00000     0.875000      1516512         8.00
  1443.00000     0.887500      1528109         8.89
  1467.00000     0.900000      1551194        10.00
  1492.00000     0.912500      1572154        11.43
  1517.00000     0.925000      1591616        13.33
  1554.00000     0.937500      1617477        16.00
  1566.00000     0.943750      1625348        17.78
  1591.00000     0.950000      1639781        20.00
  1603.00000     0.956250      1646176        22.86
  1628.00000     0.962500      1658090        26.67
  1652.00000     0.968750      1668107        32.00
  1665.00000     0.971875      1672442        35.56
  1689.00000     0.975000      1679999        40.00
  1702.00000     0.978125      1683213        45.71
  1726.00000     0.981250      1688796        53.33
  1751.00000     0.984375      1693337        64.00
  1776.00000     0.985938      1696936        71.11
  1788.00000     0.987500      1698442        80.00
  1825.00000     0.989062      1701738        91.43
  1862.00000     0.990625      1703899       106.67
  1961.00000     0.992188      1706571       128.00
  2072.00000     0.992969      1707843       142.22
  2232.00000     0.993750      1709190       160.00
  2392.00000     0.994531      1710479       182.86
  2590.00000     0.995313      1711830       213.33
  2898.00000     0.996094      1713161       256.00
  3231.00000     0.996484      1713832       284.44
  3872.00000     0.996875      1714513       320.00
  5537.00000     0.997266      1715178       365.71
  5969.00000     0.997656      1715857       426.67
  6277.00000     0.998047      1716540       512.00
  6425.00000     0.998242      1716873       568.89
  6561.00000     0.998437      1717191       640.00
  6783.00000     0.998633      1717542       731.43
  7104.00000     0.998828      1717865       853.33
  7720.00000     0.999023      1718203      1024.00
  8226.00000     0.999121      1718367      1137.78
  8806.00000     0.999219      1718537      1280.00
  9422.00000     0.999316      1718707      1462.86
 10125.00000     0.999414      1718871      1706.67
 11272.00000     0.999512      1719041      2048.00
 11864.00000     0.999561      1719125      2275.56
 12469.00000     0.999609      1719208      2560.00
 13196.00000     0.999658      1719291      2925.71
 13986.00000     0.999707      1719375      3413.33
 15490.00000     0.999756      1719459      4096.00
 16687.00000     0.999780      1719501      4551.11
 17624.00000     0.999805      1719544      5120.00
 18722.00000     0.999829      1719585      5851.43
 20510.00000     0.999854      1719627      6826.67
 23519.00000     0.999878      1719669      8192.00
 25061.00000     0.999890      1719690      9102.22
 28601.00000     0.999902      1719711     10240.00
 34385.00000     0.999915      1719732     11702.86
 42414.00000     0.999927      1719753     13653.33
 52527.00000     0.999939      1719774     16384.00
 63245.00000     0.999945      1719784     18204.44
 80339.00000     0.999951      1719795     20480.00
 97088.00000     0.999957      1719805     23405.71
159556.00000     0.999963      1719816     27306.67
291473.00000     0.999969      1719826     32768.00
830467.00000     0.999973      1719831     36408.89
2155567.00000     0.999976      1719837     40960.00
2857695.00000     0.999979      1719842     46811.43
3802847.00000     0.999982      1719847     54613.33
3922399.00000     0.999985      1719852     65536.00
4158895.00000     0.999986      1719855     72817.78
4951231.00000     0.999988      1719858     81920.00
5569823.00000     0.999989      1719860     93622.86
6343391.00000     0.999991      1719863    109226.67
6345119.00000     0.999992      1719865    131072.00
6720895.00000     0.999993      1719867    145635.56
6720959.00000     0.999994      1719868    163840.00
6853503.00000     0.999995      1719869    187245.71
7331935.00000     0.999995      1719871    218453.33
7332895.00000     0.999996      1719872    262144.00
9353215.00000     0.999997      1719873    291271.11
9353215.00000     0.999997      1719873    327680.00
9354623.00000     0.999997      1719874    374491.43
9354943.00000     0.999998      1719875    436906.67
9354943.00000     0.999998      1719875    524288.00
10227007.00000     0.999998      1719876    582542.22
10227007.00000     0.999998      1719876    655360.00
10227007.00000     0.999999      1719876    748982.86
10228095.00000     0.999999      1719877    873813.33
10228095.00000     0.999999      1719877   1048576.00
10228095.00000     0.999999      1719877   1165084.44
10228095.00000     0.999999      1719877   1310720.00
10228095.00000     0.999999      1719877   1497965.71
10228159.00000     0.999999      1719878   1747626.67
10228159.00000     1.000000      1719878          inf
#[Mean    =     1321.525, StdDeviation   =    28999.699]
#[Max     = 10228159.000, Total count    =      1719878]
#[Buckets =           13, SubBuckets     =       262144]
       Value   Percentile   TotalCount 1/(1-Percentile)

     0.00000     0.000000        88461         1.00
    12.00000     0.100000      1203095         1.11
    12.00000     0.200000      1203095         1.25
    12.00000     0.300000      1203095         1.43
    12.00000     0.400000      1203095         1.67
    12.00000     0.500000      1203095         2.00
    12.00000     0.550000      1203095         2.22
    12.00000     0.600000      1203095         2.50
    12.00000     0.650000      1203095         2.86
    24.00000     0.700000      1687426         3.33
    24.00000     0.750000      1687426         4.00
    24.00000     0.775000      1687426         4.44
    24.00000     0.800000      1687426         5.00
    24.00000     0.825000      1687426         5.71
    24.00000     0.850000      1687426         6.67
    24.00000     0.875000      1687426         8.00
    24.00000     0.887500      1687426         8.89
    24.00000     0.900000      1687426        10.00
    24.00000     0.912500      1687426        11.43
    24.00000     0.925000      1687426        13.33
    24.00000     0.937500      1687426        16.00
    24.00000     0.943750      1687426        17.78
    24.00000     0.950000      1687426        20.00
    24.00000     0.956250      1687426        22.86
    24.00000     0.962500      1687426        26.67
    24.00000     0.968750      1687426        32.00
    24.00000     0.971875      1687426        35.56
    24.00000     0.975000      1687426        40.00
    24.00000     0.978125      1687426        45.71
    37.00000     0.981250      1709830        53.33
    37.00000     0.984375      1709830        64.00
    37.00000     0.985938      1709830        71.11
    37.00000     0.987500      1709830        80.00
    37.00000     0.989062      1709830        91.43
    37.00000     0.990625      1709830       106.67
    37.00000     0.992188      1709830       128.00
    37.00000     0.992969      1709830       142.22
    37.00000     0.993750      1709830       160.00
    49.00000     0.994531      1716947       182.86
    49.00000     0.995313      1716947       213.33
    49.00000     0.996094      1716947       256.00
    49.00000     0.996484      1716947       284.44
    49.00000     0.996875      1716947       320.00
    49.00000     0.997266      1716947       365.71
    49.00000     0.997656      1716947       426.67
    49.00000     0.998047      1716947       512.00
    49.00000     0.998242      1716947       568.89
    61.00000     0.998437      1719002       640.00
    61.00000     0.998633      1719002       731.43
    61.00000     0.998828      1719002       853.33
    61.00000     0.999023      1719002      1024.00
    61.00000     0.999121      1719002      1137.78
    61.00000     0.999219      1719002      1280.00
    61.00000     0.999316      1719002      1462.86
    61.00000     0.999414      1719002      1706.67
    74.00000     0.999512      1719329      2048.00
    74.00000     0.999561      1719329      2275.56
    74.00000     0.999609      1719329      2560.00
    74.00000     0.999658      1719329      2925.71
    86.00000     0.999707      1719392      3413.33
   111.00000     0.999756      1719513      4096.00
   111.00000     0.999780      1719513      4551.11
   123.00000     0.999805      1719553      5120.00
   135.00000     0.999829      1719591      5851.43
   148.00000     0.999854      1719633      6826.67
   160.00000     0.999878      1719672      8192.00
   185.00000     0.999890      1719693      9102.22
   197.00000     0.999902      1719712     10240.00
   222.00000     0.999915      1719747     11702.86
   234.00000     0.999927      1719768     13653.33
   246.00000     0.999939      1719775     16384.00
   271.00000     0.999945      1719788     18204.44
   283.00000     0.999951      1719795     20480.00
   320.00000     0.999957      1719806     23405.71
   357.00000     0.999963      1719816     27306.67
   394.00000     0.999969      1719829     32768.00
   431.00000     0.999973      1719832     36408.89
   456.00000     0.999976      1719837     40960.00
   493.00000     0.999979      1719842     46811.43
   555.00000     0.999982      1719847     54613.33
   604.00000     0.999985      1719853     65536.00
   616.00000     0.999986      1719855     72817.78
   653.00000     0.999988      1719858     81920.00
   752.00000     0.999989      1719860     93622.86
  1011.00000     0.999991      1719863    109226.67
  1171.00000     0.999992      1719865    131072.00
  1356.00000     0.999993      1719867    145635.56
  1418.00000     0.999994      1719868    163840.00
  1578.00000     0.999995      1719869    187245.71
  2133.00000     0.999995      1719871    218453.33
  2417.00000     0.999996      1719872    262144.00
  2429.00000     0.999997      1719873    291271.11
  2429.00000     0.999997      1719873    327680.00
  5932.00000     0.999997      1719874    374491.43
  6006.00000     0.999998      1719875    436906.67
  6006.00000     0.999998      1719875    524288.00
  6129.00000     0.999998      1719876    582542.22
  6129.00000     0.999998      1719876    655360.00
  6129.00000     0.999999      1719876    748982.86
  7326.00000     0.999999      1719877    873813.33
  7326.00000     0.999999      1719877   1048576.00
  7326.00000     0.999999      1719877   1165084.44
  7326.00000     0.999999      1719877   1310720.00
  7326.00000     0.999999      1719877   1497965.71
 10816.00000     0.999999      1719878   1747626.67
 10816.00000     1.000000      1719878          inf
#[Mean    =       15.395, StdDeviation   =       15.720]
#[Max     =    10816.000, Total count    =      1719878]
#[Buckets =           13, SubBuckets     =       262144]
       Value   Percentile   TotalCount 1/(1-Percentile)

    61.00000     0.000000            6         1.00
    98.00000     0.100000       867303         1.11
    98.00000     0.200000       867303         1.25
    98.00000     0.300000       867303         1.43
    98.00000     0.400000       867303         1.67
    98.00000     0.500000       867303         2.00
   111.00000     0.550000      1270009         2.22
   111.00000     0.600000      1270009         2.50
   111.00000     0.650000      1270009         2.86
   111.00000     0.700000      1270009         3.33
   123.00000     0.750000      1519782         4.00
   123.00000     0.775000      1519782         4.44
   123.00000     0.800000      1519782         5.00
   123.00000     0.825000      1519782         5.71
   123.00000     0.850000      1519782         6.67
   123.00000     0.875000      1519782         8.00
   135.00000     0.887500      1656552         8.89
   135.00000     0.900000      1656552        10.00
   135.00000     0.912500      1656552        11.43
   135.00000     0.925000      1656552        13.33
   135.00000     0.937500      1656552        16.00
   135.00000     0.943750      1656552        17.78
   135.00000     0.950000      1656552        20.00
   135.00000     0.956250      1656552        22.86
   135.00000     0.962500      1656552        26.67
   148.00000     0.968750      1677669        32.00
   148.00000     0.971875      1677669        35.56
   148.00000     0.975000      1677669        40.00
   160.00000     0.978125      1684504        45.71
   172.00000     0.981250      1688127        53.33
   209.00000     0.984375      1693937        64.00
   234.00000     0.985938      1696600        71.11
   271.00000     0.987500      1698507        80.00
   357.00000     0.989062      1701092        91.43
   505.00000     0.990625      1703931       106.67
   703.00000     0.992188      1706517       128.00
   826.00000     0.992969      1707828       142.22
   986.00000     0.993750      1709180       160.00
  1221.00000     0.994531      1710492       182.86
  1541.00000     0.995313      1711864       213.33
  2047.00000     0.996094      1713176       256.00
  2528.00000     0.996484      1713834       284.44
  3256.00000     0.996875      1714504       320.00
  4267.00000     0.997266      1715183       365.71
  5784.00000     0.997656      1715849       426.67
  8288.00000     0.998047      1716521       512.00
 10310.00000     0.998242      1716857       568.89
 13036.00000     0.998437      1717191       640.00
 17229.00000     0.998633      1717527       731.43
 23137.00000     0.998828      1717863       853.33
 35433.00000     0.999023      1718199      1024.00
 45103.00000     0.999121      1718367      1137.78
 56462.00000     0.999219      1718535      1280.00
 73556.00000     0.999316      1718703      1462.86
 99715.00000     0.999414      1718871      1706.67
172950.00000     0.999512      1719039      2048.00
232027.00000     0.999561      1719124      2275.56
315463.00000     0.999609      1719207      2560.00
402757.00000     0.999658      1719291      2925.71
598019.00000     0.999707      1719375      3413.33
871215.00000     0.999756      1719459      4096.00
1083311.00000     0.999780      1719501      4551.11
1645527.00000     0.999805      1719543      5120.00
2199503.00000     0.999829      1719585      5851.43
2517967.00000     0.999854      1719627      6826.67
2980447.00000     0.999878      1719669      8192.00
3217807.00000     0.999890      1719690      9102.22
3792127.00000     0.999902      1719711     10240.00
4751743.00000     0.999915      1719732     11702.86
4801791.00000     0.999927      1719753     13653.33
4827007.00000     0.999939      1719774     16384.00
4839071.00000     0.999945      1719784     18204.44
4857887.00000     0.999951      1719795     20480.00
4869855.00000     0.999957      1719805     23405.71
4893823.00000     0.999963      1719816     27306.67
4915327.00000     0.999969      1719826     32768.00
4917119.00000     0.999973      1719831     36408.89
4917823.00000     0.999976      1719837     40960.00
4918975.00000     0.999979      1719842     46811.43
4925471.00000     0.999982      1719847     54613.33
4948671.00000     0.999985      1719852     65536.00
7159967.00000     0.999986      1719855     72817.78
7162399.00000     0.999988      1719858     81920.00
7163679.00000     0.999989      1719860     93622.86
7164415.00000     0.999991      1719863    109226.67
7165343.00000     0.999992      1719865    131072.00
7166655.00000     0.999993      1719868    145635.56
7166655.00000     0.999994      1719868    163840.00
7167839.00000     0.999995      1719869    187245.71
9734207.00000     0.999995      1719871    218453.33
9741695.00000     0.999996      1719872    262144.00
9751551.00000     0.999997      1719873    291271.11
9751551.00000     0.999997      1719873    327680.00
9761087.00000     0.999997      1719874    374491.43
9764223.00000     0.999998      1719875    436906.67
9764223.00000     0.999998      1719875    524288.00
9774271.00000     0.999998      1719876    582542.22
9774271.00000     0.999998      1719876    655360.00
9774271.00000     0.999999      1719876    748982.86
9777151.00000     0.999999      1719877    873813.33
9777151.00000     0.999999      1719877   1048576.00
9777151.00000     0.999999      1719877   1165084.44
9777151.00000     0.999999      1719877   1310720.00
9777151.00000     0.999999      1719877   1497965.71
9786815.00000     0.999999      1719878   1747626.67
9786815.00000     1.000000      1719878          inf
#[Mean    =     1088.407, StdDeviation   =    60145.873]
#[Max     =  9786815.000, Total count    =      1719878]
#[Buckets =           13, SubBuckets     =       262144]
       Value   Percentile   TotalCount 1/(1-Percentile)

     0.00000     0.000000         9422         1.00
    37.00000     0.100000       326275         1.11
    49.00000     0.200000       626915         1.25
    49.00000     0.300000       626915         1.43
    61.00000     0.400000       699905         1.67
   123.00000     0.500000       875856         2.00
   148.00000     0.550000       963792         2.22
   172.00000     0.600000      1056424         2.50
   197.00000     0.650000      1133039         2.86
   234.00000     0.700000      1232721         3.33
   259.00000     0.750000      1293751         4.00
   283.00000     0.775000      1345634         4.44
   308.00000     0.800000      1387823         5.00
   333.00000     0.825000      1423465         5.71
   370.00000     0.850000      1469758         6.67
   407.00000     0.875000      1509293         8.00
   431.00000     0.887500      1531972         8.89
   456.00000     0.900000      1551924        10.00
   481.00000     0.912500      1569843        11.43
   518.00000     0.925000      1592495        13.33
   567.00000     0.937500      1615953        16.00
   592.00000     0.943750      1625457        17.78
   629.00000     0.950000      1637571        20.00
   666.00000     0.956250      1647416        22.86
   703.00000     0.962500      1655829        26.67
   764.00000     0.968750      1666806        32.00
   801.00000     0.971875      1672012        35.56
   851.00000     0.975000      1677886        40.00
   900.00000     0.978125      1682534        45.71
   974.00000     0.981250      1687949        53.33
  1085.00000     0.984375      1693306        64.00
  1159.00000     0.985938      1695816        71.11
  1282.00000     0.987500      1698620        80.00
  1443.00000     0.989062      1701106        91.43
  1739.00000     0.990625      1703789       106.67
  2331.00000     0.992188      1706470       128.00
  3046.00000     0.992969      1707786       142.22
  4748.00000     0.993750      1709167       160.00
  5032.00000     0.994531      1710514       182.86
  5315.00000     0.995313      1711839       213.33
  5759.00000     0.996094      1713160       256.00
  6105.00000     0.996484      1713844       284.44
  6586.00000     0.996875      1714518       320.00
  7239.00000     0.997266      1715178       365.71
  8041.00000     0.997656      1715856       426.67
  8806.00000     0.998047      1716526       512.00
  9176.00000     0.998242      1716858       568.89
  9533.00000     0.998437      1717194       640.00
  9940.00000     0.998633      1717534       731.43
 10495.00000     0.998828      1717865       853.33
 11100.00000     0.999023      1718204      1024.00
 11531.00000     0.999121      1718368      1137.78
 11951.00000     0.999219      1718537      1280.00
 12493.00000     0.999316      1718707      1462.86
 13135.00000     0.999414      1718871      1706.67
 13936.00000     0.999512      1719040      2048.00
 14282.00000     0.999561      1719123      2275.56
 14775.00000     0.999609      1719209      2560.00
 15515.00000     0.999658      1719291      2925.71
 16588.00000     0.999707      1719376      3413.33
 17858.00000     0.999756      1719459      4096.00
 18709.00000     0.999780      1719501      4551.11
 19844.00000     0.999805      1719543      5120.00
 21373.00000     0.999829      1719585      5851.43
 23162.00000     0.999854      1719627      6826.67
 25320.00000     0.999878      1719669      8192.00
 26418.00000     0.999890      1719690      9102.22
 27935.00000     0.999902      1719711     10240.00
 29131.00000     0.999915      1719732     11702.86
 32190.00000     0.999927      1719753     13653.33
 34274.00000     0.999939      1719774     16384.00
 36284.00000     0.999945      1719784     18204.44
 38554.00000     0.999951      1719795     20480.00
 40243.00000     0.999957      1719805     23405.71
 43771.00000     0.999963      1719816     27306.67
 48359.00000     0.999969      1719826     32768.00
 52577.00000     0.999973      1719831     36408.89
 60445.00000     0.999976      1719837     40960.00
 63566.00000     0.999979      1719842     46811.43
 71632.00000     0.999982      1719847     54613.33
 80598.00000     0.999985      1719852     65536.00
 87431.00000     0.999986      1719855     72817.78
 90909.00000     0.999988      1719858     81920.00
 93018.00000     0.999989      1719860     93622.86
 98272.00000     0.999991      1719863    109226.67
 99357.00000     0.999992      1719865    131072.00
102218.00000     0.999993      1719867    145635.56
102539.00000     0.999994      1719868    163840.00
105832.00000     0.999995      1719869    187245.71
114712.00000     0.999995      1719871    218453.33
118720.00000     0.999996      1719872    262144.00
123419.00000     0.999997      1719873    291271.11
123419.00000     0.999997      1719873    327680.00
155696.00000     0.999997      1719874    374491.43
216511.00000     0.999998      1719875    436906.67
216511.00000     0.999998      1719875    524288.00
744551.00000     0.999998      1719876    582542.22
744551.00000     0.999998      1719876    655360.00
744551.00000     0.999999      1719876    748982.86
2325375.00000     0.999999      1719877    873813.33
2325375.00000     0.999999      1719877   1048576.00
2325375.00000     0.999999      1719877   1165084.44
2325375.00000     0.999999      1719877   1310720.00
2325375.00000     0.999999      1719877   1497965.71
2403471.00000     0.999999      1719878   1747626.67
2403471.00000     1.000000      1719878          inf
#[Mean    =      250.350, StdDeviation   =     2761.903]
#[Max     =  2403471.000, Total count    =      1719878]
#[Buckets =           13, SubBuckets     =       262144]
       Value   Percentile   TotalCount 1/(1-Percentile)

    86.00000     0.000000           12         1.00
   185.00000     0.100000       206238         1.11
   209.00000     0.200000       350919         1.25
   246.00000     0.300000       598612         1.43
   271.00000     0.400000       771224         1.67
   296.00000     0.500000       947089         2.00
   296.00000     0.550000       947089         2.22
   308.00000     0.600000      1035476         2.50
   320.00000     0.650000      1123283         2.86
   333.00000     0.700000      1207276         3.33
   345.00000     0.750000      1289919         4.00
   357.00000     0.775000      1359587         4.44
   370.00000     0.800000      1403724         5.00
   382.00000     0.825000      1453402         5.71
   394.00000     0.850000      1501076         6.67
   407.00000     0.875000      1530297         8.00
   407.00000     0.887500      1530297         8.89
   419.00000     0.900000      1552510        10.00
   431.00000     0.912500      1571530        11.43
   456.00000     0.925000      1601511        13.33
   468.00000     0.937500      1613110        16.00
   493.00000     0.943750      1630057        17.78
   505.00000     0.950000      1636066        20.00
   530.00000     0.956250      1644647        22.86
   604.00000     0.962500      1656468        26.67
   826.00000     0.968750      1666148        32.00
  1011.00000     0.971875      1671834        35.56
  1233.00000     0.975000      1677067        40.00
  1504.00000     0.978125      1682404        45.71
  1948.00000     0.981250      1687679        53.33
  2787.00000     0.984375      1693071        64.00
  3527.00000     0.985938      1695736        71.11
  4736.00000     0.987500      1698396        80.00
  6080.00000     0.989062      1701077        91.43
  9842.00000     0.990625      1703757       106.67
 18019.00000     0.992188      1706442       128.00
 23717.00000     0.992969      1707788       142.22
 30056.00000     0.993750      1709132       160.00
 36519.00000     0.994531      1710475       182.86
 44412.00000     0.995313      1711819       213.33
 51948.00000     0.996094      1713161       256.00
 56005.00000     0.996484      1713832       284.44
 61296.00000     0.996875      1714505       320.00
 66365.00000     0.997266      1715178       365.71
 72396.00000     0.997656      1715849       426.67
 78859.00000     0.998047      1716519       512.00
 82793.00000     0.998242      1716855       568.89
 87936.00000     0.998437      1717192       640.00
 92672.00000     0.998633      1717528       731.43
 98013.00000     0.998828      1717865       853.33
108632.00000     0.999023      1718199      1024.00
121890.00000     0.999121      1718367      1137.78
138651.00000     0.999219      1718535      1280.00
162676.00000     0.999316      1718703      1462.86
193904.00000     0.999414      1718871      1706.67
258173.00000     0.999512      1719039      2048.00
335035.00000     0.999561      1719123      2275.56
511327.00000     0.999609      1719207      2560.00
1427911.00000     0.999658      1719291      2925.71
2543599.00000     0.999707      1719375      3413.33
3725263.00000     0.999756      1719459      4096.00
3891071.00000     0.999780      1719501      4551.11
4412671.00000     0.999805      1719543      5120.00
4711231.00000     0.999829      1719585      5851.43
4812607.00000     0.999854      1719627      6826.67
4869503.00000     0.999878      1719669      8192.00
4894431.00000     0.999890      1719690      9102.22
4923263.00000     0.999902      1719711     10240.00
4941919.00000     0.999915      1719732     11702.86
4973855.00000     0.999927      1719753     13653.33
4999679.00000     0.999939      1719774     16384.00
5016287.00000     0.999945      1719784     18204.44
5048255.00000     0.999951      1719795     20480.00
5113983.00000     0.999957      1719805     23405.71
5202783.00000     0.999963      1719816     27306.67
5578271.00000     0.999969      1719826     32768.00
5639007.00000     0.999973      1719831     36408.89
6736127.00000     0.999976      1719837     40960.00
6773439.00000     0.999979      1719842     46811.43
7341119.00000     0.999982      1719847     54613.33
7391807.00000     0.999985      1719852     65536.00
7409375.00000     0.999986      1719855     72817.78
7435647.00000     0.999988      1719858     81920.00
7517375.00000     0.999989      1719860     93622.86
7930559.00000     0.999991      1719863    109226.67
7965695.00000     0.999992      1719865    131072.00
7994303.00000     0.999993      1719867    145635.56
8019327.00000     0.999994      1719868    163840.00
12587519.00000     0.999995      1719869    187245.71
12629375.00000     0.999995      1719871    218453.33
12644415.00000     0.999996      1719872    262144.00
12655039.00000     0.999997      1719873    291271.11
12655039.00000     0.999997      1719873    327680.00
12657919.00000     0.999997      1719874    374491.43
12667007.00000     0.999998      1719875    436906.67
12667007.00000     0.999998      1719875    524288.00
12685759.00000     0.999998      1719876    582542.22
12685759.00000     0.999998      1719876    655360.00
12685759.00000     0.999999      1719876    748982.86
12701695.00000     0.999999      1719877    873813.33
12701695.00000     0.999999      1719877   1048576.00
12701695.00000     0.999999      1719877   1165084.44
12701695.00000     0.999999      1719877   1310720.00
12701695.00000     0.999999      1719877   1497965.71
12723583.00000     0.999999      1719878   1747626.67
12723583.00000     1.000000      1719878          inf
#[Mean    =     2353.407, StdDeviation   =    87158.531]
#[Max     = 12723583.000, Total count    =      1719878]
#[Buckets =           13, SubBuckets     =       262144]
       Value   Percentile   TotalCount 1/(1-Percentile)

     0.00000     0.000000       210501         1.00
     0.00000     0.100000       210501         1.11
    12.00000     0.200000      1587152         1.25
    12.00000     0.300000      1587152         1.43
    12.00000     0.400000      1587152         1.67
    12.00000     0.500000      1587152         2.00
    12.00000     0.550000      1587152         2.22
    12.00000     0.600000      1587152         2.50
    12.00000     0.650000      1587152         2.86
    12.00000     0.700000      1587152         3.33
    12.00000     0.750000      1587152         4.00
    12.00000     0.775000      1587152         4.44
    12.00000     0.800000      1587152         5.00
    12.00000     0.825000      1587152         5.71
    12.00000     0.850000      1587152         6.67
    12.00000     0.875000      1587152         8.00
    12.00000     0.887500      1587152         8.89
    12.00000     0.900000      1587152        10.00
    12.00000     0.912500      1587152        11.43
    24.00000     0.925000      1685484        13.33
    24.00000     0.937500      1685484        16.00
    24.00000     0.943750      1685484        17.78
    24.00000     0.950000      1685484        20.00
    24.00000     0.956250      1685484        22.86
    24.00000     0.962500      1685484        26.67
    24.00000     0.968750      1685484        32.00
    24.00000     0.971875      1685484        35.56
    24.00000     0.975000      1685484        40.00
    24.00000     0.978125      1685484        45.71
    37.00000     0.981250      1700391        53.33
    37.00000     0.984375      1700391        64.00
    37.00000     0.985938      1700391        71.11
    37.00000     0.987500      1700391        80.00
    49.00000     0.989062      1708620        91.43
    49.00000     0.990625      1708620       106.67
    49.00000     0.992188      1708620       128.00
    49.00000     0.992969      1708620       142.22
    61.00000     0.993750      1711446       160.00
    61.00000     0.994531      1711446       182.86
    74.00000     0.995313      1712693       213.33
    86.00000     0.996094      1713307       256.00
    98.00000     0.996484      1714117       284.44
   111.00000     0.996875      1715906       320.00
   111.00000     0.997266      1715906       365.71
   111.00000     0.997656      1715906       426.67
   123.00000     0.998047      1716618       512.00
   135.00000     0.998242      1717024       568.89
   148.00000     0.998437      1717344       640.00
   160.00000     0.998633      1717639       731.43
   173.00000     0.998828      1717866       853.33
   209.00000     0.999023      1718235      1024.00
   234.00000     0.999121      1718382      1137.78
   271.00000     0.999219      1718551      1280.00
   320.00000     0.999316      1718703      1462.86
   382.00000     0.999414      1718882      1706.67
   456.00000     0.999512      1719052      2048.00
   493.00000     0.999561      1719127      2275.56
   530.00000     0.999609      1719212      2560.00
   579.00000     0.999658      1719313      2925.71
   616.00000     0.999707      1719382      3413.33
   666.00000     0.999756      1719461      4096.00
   715.00000     0.999780      1719506      4551.11
   752.00000     0.999805      1719544      5120.00
   801.00000     0.999829      1719590      5851.43
   863.00000     0.999854      1719634      6826.67
   937.00000     0.999878      1719669      8192.00
  1011.00000     0.999890      1719694      9102.22
  1085.00000     0.999902      1719711     10240.00
  1270.00000     0.999915      1719732     11702.86
  5081.00000     0.999927      1719755     13653.33
  5204.00000     0.999939      1719775     16384.00
  5241.00000     0.999945      1719784     18204.44
  5315.00000     0.999951      1719799     20480.00
  5365.00000     0.999957      1719805     23405.71
  5488.00000     0.999963      1719816     27306.67
  5710.00000     0.999969      1719826     32768.00
  5821.00000     0.999973      1719831     36408.89
  6043.00000     0.999976      1719837     40960.00
  6339.00000     0.999979      1719842     46811.43
  6536.00000     0.999982      1719847     54613.33
  6623.00000     0.999985      1719853     65536.00
  6721.00000     0.999986      1719856     72817.78
  6845.00000     0.999988      1719858     81920.00
  6869.00000     0.999989      1719860     93622.86
  7141.00000     0.999991      1719863    109226.67
  7165.00000     0.999992      1719865    131072.00
  7350.00000     0.999993      1719867    145635.56
  7387.00000     0.999994      1719868    163840.00
  7400.00000     0.999995      1719869    187245.71
  7511.00000     0.999995      1719871    218453.33
  7560.00000     0.999996      1719872    262144.00
  7868.00000     0.999997      1719873    291271.11
  7868.00000     0.999997      1719873    327680.00
  8066.00000     0.999997      1719874    374491.43
  8177.00000     0.999998      1719875    436906.67
  8177.00000     0.999998      1719875    524288.00
 17155.00000     0.999998      1719876    582542.22
 17155.00000     0.999998      1719876    655360.00
 17155.00000     0.999999      1719876    748982.86
3863951.00000     0.999999      1719877    873813.33
3863951.00000     0.999999      1719877   1048576.00
3863951.00000     0.999999      1719877   1165084.44
3863951.00000     0.999999      1719877   1310720.00
3863951.00000     0.999999      1719877   1497965.71
3863983.00000     0.999999      1719878   1747626.67
3863983.00000     1.000000      1719878          inf
#[Mean    =       17.453, StdDeviation   =     4167.118]
#[Max     =  3863983.000, Total count    =      1719878]
#[Buckets =           13, SubBuckets     =       262144]
       Value   Percentile   TotalCount 1/(1-Percentile)

   629.00000     0.000000            7         1.00
   912.00000     0.100000       249744         1.11
   925.00000     0.200000       533113         1.25
   925.00000     0.300000       533113         1.43
   937.00000     0.400000       848348         1.67
   949.00000     0.500000      1045566         2.00
   949.00000     0.550000      1045566         2.22
   949.00000     0.600000      1045566         2.50
   962.00000     0.650000      1126493         2.86
   986.00000     0.700000      1229829         3.33
  1035.00000     0.750000      1289967         4.00
  1097.00000     0.775000      1332918         4.44
  1147.00000     0.800000      1381228         5.00
  1184.00000     0.825000      1423236         5.71
  1233.00000     0.850000      1467776         6.67
  1307.00000     0.875000      1509916         8.00
  1344.00000     0.887500      1528886         8.89
  1393.00000     0.900000      1553371        10.00
  1430.00000     0.912500      1570797        11.43
  1480.00000     0.925000      1592051        13.33
  1541.00000     0.937500      1613732        16.00
  1578.00000     0.943750      1624024        17.78
  1628.00000     0.950000      1635024        20.00
  1702.00000     0.956250      1645688        22.86
  2010.00000     0.962500      1655407        26.67
  4834.00000     0.968750      1666183        32.00
  5291.00000     0.971875      1671612        35.56
  5685.00000     0.975000      1676956        40.00
  5870.00000     0.978125      1682978        45.71
  5932.00000     0.981250      1688018        53.33
  5994.00000     0.984375      1693455        64.00
  6031.00000     0.985938      1696493        71.11
  6068.00000     0.987500      1699076        80.00
  6105.00000     0.989062      1701210        91.43
  6166.00000     0.990625      1703822       106.67
  6290.00000     0.992188      1706535       128.00
  6401.00000     0.992969      1707825       142.22
  6598.00000     0.993750      1709174       160.00
  6968.00000     0.994531      1710501       182.86
  7338.00000     0.995313      1711868       213.33
  7597.00000     0.996094      1713191       256.00
  7733.00000     0.996484      1713880       284.44
  7868.00000     0.996875      1714524       320.00
  8041.00000     0.997266      1715183       365.71
  8238.00000     0.997656      1715853       426.67
  8473.00000     0.998047      1716551       512.00
  8584.00000     0.998242      1716870       568.89
  8732.00000     0.998437      1717205       640.00
  8917.00000     0.998633      1717540       731.43
  9151.00000     0.998828      1717868       853.33
  9607.00000     0.999023      1718203      1024.00
  9953.00000     0.999121      1718369      1137.78
 10458.00000     0.999219      1718535      1280.00
 11050.00000     0.999316      1718703      1462.86
 11938.00000     0.999414      1718874      1706.67
 12888.00000     0.999512      1719039      2048.00
 13591.00000     0.999561      1719123      2275.56
 14528.00000     0.999609      1719208      2560.00
 15749.00000     0.999658      1719291      2925.71
 17032.00000     0.999707      1719376      3413.33
 18709.00000     0.999756      1719459      4096.00
 19856.00000     0.999780      1719501      4551.11
 21176.00000     0.999805      1719543      5120.00
 22570.00000     0.999829      1719586      5851.43
 23840.00000     0.999854      1719628      6826.67
 25801.00000     0.999878      1719670      8192.00
 26430.00000     0.999890      1719690      9102.22
 27565.00000     0.999902      1719711     10240.00
 28736.00000     0.999915      1719732     11702.86
 30463.00000     0.999927      1719753     13653.33
 33608.00000     0.999939      1719774     16384.00
 35384.00000     0.999945      1719784     18204.44
 36852.00000     0.999951      1719795     20480.00
 38714.00000     0.999957      1719805     23405.71
 43808.00000     0.999963      1719816     27306.67
 49839.00000     0.999969      1719826     32768.00
 52034.00000     0.999973      1719831     36408.89
 55672.00000     0.999976      1719838     40960.00
 58361.00000     0.999979      1719843     46811.43
 60630.00000     0.999982      1719847     54613.33
 67352.00000     0.999985      1719852     65536.00
 82448.00000     0.999986      1719855     72817.78
113516.00000     0.999988      1719858     81920.00
128451.00000     0.999989      1719860     93622.86
179314.00000     0.999991      1719863    109226.67
225835.00000     0.999992      1719865    131072.00
637683.00000     0.999993      1719867    145635.56
646355.00000     0.999994      1719868    163840.00
920179.00000     0.999995      1719869    187245.71
3298543.00000     0.999995      1719871    218453.33
3734415.00000     0.999996      1719872    262144.00
4937823.00000     0.999997      1719873    291271.11
4937823.00000     0.999997      1719873    327680.00
4942879.00000     0.999997      1719874    374491.43
5081151.00000     0.999998      1719875    436906.67
5081151.00000     0.999998      1719875    524288.00
5544831.00000     0.999998      1719876    582542.22
5544831.00000     0.999998      1719876    655360.00
5544831.00000     0.999999      1719876    748982.86
6740159.00000     0.999999      1719877    873813.33
6740159.00000     0.999999      1719877   1048576.00
6740159.00000     0.999999      1719877   1165084.44
6740159.00000     0.999999      1719877   1310720.00
6740159.00000     0.999999      1719877   1497965.71
12563967.00000     0.999999      1719878   1747626.67
12563967.00000     1.000000      1719878          inf
#[Mean    =     1232.916, StdDeviation   =    14160.171]
#[Max     = 12563967.000, Total count    =      1719878]
#[Buckets =           13, SubBuckets     =       262144]

=== EXCHANGE STDERR ===
matching tid: 51173
