=== CLIENT STDERR ===
=== Exchange load generator ===
  clients  : 10
  seed     : 4184640579
  target   : 127.0.0.1:4000
  thread id: 51356
Ctrl-C to stop.


=== Stats ===
  elapsed         : 14.999 s
  requests sent   : 2486924
  ACK responses   : 2486914
  MATCH responses : 1426445
  ERR responses   : 0
  orders in flight: -10
  --- throughput ---
  requests/s      : 165808
  ACK/s           : 165807
  MATCH/s         : 95104
  ERR/s           : 0
  total resp/s    : 165807

=== EXCHANGE STDOUT ===
exchange tid: 51355
inbound thread: 51357
outbound thread: 51358
       Value   Percentile   TotalCount 1/(1-Percentile)

  2059.00000     0.000000            1         1.00
  2368.00000     0.100000       223913         1.11
  2417.00000     0.200000       412409         1.25
  2454.00000     0.300000       575443         1.43
  2503.00000     0.400000       788548         1.67
  2553.00000     0.500000       970556         2.00
  2590.00000     0.550000      1077395         2.22
  2627.00000     0.600000      1164500         2.50
  2676.00000     0.650000      1256437         2.86
  2738.00000     0.700000      1340741         3.33
  2836.00000     0.750000      1435879         4.00
  2898.00000     0.775000      1484519         4.44
  2960.00000     0.800000      1528644         5.00
  3046.00000     0.825000      1583430         5.71
  3132.00000     0.850000      1629730         6.67
  3231.00000     0.875000      1672339         8.00
  3305.00000     0.887500      1699298         8.89
  3379.00000     0.900000      1721633        10.00
  3478.00000     0.912500      1745467        11.43
  3601.00000     0.925000      1767707        13.33
  3798.00000     0.937500      1791792        16.00
  3946.00000     0.943750      1803506        17.78
  4156.00000     0.950000      1815185        20.00
  4686.00000     0.956250      1827076        22.86
  5809.00000     0.962500      1839013        26.67
  7313.00000     0.968750      1851127        32.00
  7424.00000     0.971875      1857438        35.56
  7498.00000     0.975000      1862993        40.00
  7585.00000     0.978125      1869436        45.71
  7671.00000     0.981250      1874898        53.33
  7807.00000     0.984375      1880823        64.00
  7930.00000     0.985938      1884067        71.11
  8115.00000     0.987500      1886893        80.00
  8436.00000     0.989062      1889784        91.43
  9003.00000     0.990625      1892788       106.67
  9718.00000     0.992188      1895753       128.00
 10113.00000     0.992969      1897214       142.22
 10606.00000     0.993750      1898727       160.00
 11309.00000     0.994531      1900205       182.86
 12604.00000     0.995313      1901701       213.33
 15293.00000     0.996094      1903186       256.00
 18463.00000     0.996484      1903933       284.44
 22348.00000     0.996875      1904679       320.00
 29748.00000     0.997266      1905426       365.71
 37345.00000     0.997656      1906170       426.67
 47323.00000     0.998047      1906917       512.00
 52083.00000     0.998242      1907291       568.89
 57880.00000     0.998437      1907664       640.00
 63418.00000     0.998633      1908037       731.43
 72322.00000     0.998828      1908409       853.33
 78353.00000     0.999023      1908784      1024.00
 83336.00000     0.999121      1908970      1137.78
 85667.00000     0.999219      1909156      1280.00
 91599.00000     0.999316      1909342      1462.86
 98037.00000     0.999414      1909529      1706.67
100677.00000     0.999512      1909717      2048.00
104118.00000     0.999561      1909809      2275.56
107608.00000     0.999609      1909902      2560.00
118141.00000     0.999658      1909995      2925.71
143066.00000     0.999707      1910089      3413.33
169065.00000     0.999756      1910182      4096.00
186060.00000     0.999780      1910229      4551.11
198455.00000     0.999805      1910275      5120.00
219311.00000     0.999829      1910322      5851.43
242547.00000     0.999854      1910369      6826.67
269397.00000     0.999878      1910415      8192.00
284481.00000     0.999890      1910439      9102.22
301377.00000     0.999902      1910462     10240.00
314895.00000     0.999915      1910485     11702.86
336465.00000     0.999927      1910510     13653.33
358827.00000     0.999939      1910532     16384.00
372689.00000     0.999945      1910544     18204.44
387735.00000     0.999951      1910555     20480.00
402103.00000     0.999957      1910567     23405.71
417225.00000     0.999963      1910579     27306.67
434651.00000     0.999969      1910590     32768.00
444653.00000     0.999973      1910596     36408.89
458357.00000     0.999976      1910602     40960.00
460933.00000     0.999979      1910608     46811.43
469271.00000     0.999982      1910614     54613.33
485811.00000     0.999985      1910619     65536.00
497527.00000     0.999986      1910622     72817.78
501177.00000     0.999988      1910625     81920.00
503557.00000     0.999989      1910628     93622.86
512795.00000     0.999991      1910631    109226.67
518617.00000     0.999992      1910634    131072.00
523205.00000     0.999993      1910635    145635.56
537687.00000     0.999994      1910637    163840.00
541755.00000     0.999995      1910638    187245.71
553051.00000     0.999995      1910640    218453.33
565991.00000     0.999996      1910641    262144.00
567271.00000     0.999997      1910642    291271.11
569851.00000     0.999997      1910644    327680.00
569851.00000     0.999997      1910644    374491.43
569851.00000     0.999998      1910644    436906.67
581775.00000     0.999998      1910645    524288.00
581775.00000     0.999998      1910645    582542.22
593803.00000     0.999998      1910646    655360.00
593803.00000     0.999999      1910646    748982.86
593803.00000     0.999999      1910646    873813.33
596479.00000     0.999999      1910647   1048576.00
596479.00000     0.999999      1910647   1165084.44
596479.00000     0.999999      1910647   1310720.00
596479.00000     0.999999      1910647   1497965.71
596479.00000     0.999999      1910647   1747626.67
610947.00000     1.000000      1910648   2097152.00
610947.00000     1.000000      1910648          inf
#[Mean    =     3113.825, StdDeviation   =     6052.764]
#[Max     =   610947.000, Total count    =      1910648]
#[Buckets =           13, SubBuckets     =       262144]
       Value   Percentile   TotalCount 1/(1-Percentile)

   974.00000     0.000000            1         1.00
  1036.00000     0.100000       330416         1.11
  1048.00000     0.200000       910934         1.25
  1048.00000     0.300000       910934         1.43
  1048.00000     0.400000       910934         1.67
  1060.00000     0.500000      1357706         2.00
  1060.00000     0.550000      1357706         2.22
  1060.00000     0.600000      1357706         2.50
  1060.00000     0.650000      1357706         2.86
  1060.00000     0.700000      1357706         3.33
  1073.00000     0.750000      1518112         4.00
  1073.00000     0.775000      1518112         4.44
  1085.00000     0.800000      1550336         5.00
  1122.00000     0.825000      1582619         5.71
  1196.00000     0.850000      1624178         6.67
  1270.00000     0.875000      1672107         8.00
  1295.00000     0.887500      1697739         8.89
  1319.00000     0.900000      1723184        10.00
  1344.00000     0.912500      1746612        11.43
  1381.00000     0.925000      1773536        13.33
  1418.00000     0.937500      1793132        16.00
  1443.00000     0.943750      1804452        17.78
  1480.00000     0.950000      1819716        20.00
  1504.00000     0.956250      1830140        22.86
  1529.00000     0.962500      1841150        26.67
  1554.00000     0.968750      1851465        32.00
  1578.00000     0.971875      1860603        35.56
  1591.00000     0.975000      1864664        40.00
  1615.00000     0.978125      1871641        45.71
  1640.00000     0.981250      1877142        53.33
  1665.00000     0.984375      1881438        64.00
  1689.00000     0.985938      1884920        71.11
  1714.00000     0.987500      1887882        80.00
  1739.00000     0.989062      1890436        91.43
  1776.00000     0.990625      1893690       106.67
  1813.00000     0.992188      1896115       128.00
  1850.00000     0.992969      1897562       142.22
  1899.00000     0.993750      1898743       160.00
  2022.00000     0.994531      1900229       182.86
  2232.00000     0.995313      1901712       213.33
  2479.00000     0.996094      1903206       256.00
  2676.00000     0.996484      1903950       284.44
  3009.00000     0.996875      1904681       320.00
  3589.00000     0.997266      1905431       365.71
  4908.00000     0.997656      1906172       426.67
  5907.00000     0.998047      1906929       512.00
  6043.00000     0.998242      1907292       568.89
  6191.00000     0.998437      1907669       640.00
  6351.00000     0.998633      1908068       731.43
  6499.00000     0.998828      1908436       853.33
  6660.00000     0.999023      1908793      1024.00
  6758.00000     0.999121      1908974      1137.78
  6894.00000     0.999219      1909156      1280.00
  7091.00000     0.999316      1909350      1462.86
  7400.00000     0.999414      1909529      1706.67
  7930.00000     0.999512      1909718      2048.00
  8374.00000     0.999561      1909810      2275.56
  8769.00000     0.999609      1909903      2560.00
  9151.00000     0.999658      1909995      2925.71
  9731.00000     0.999707      1910091      3413.33
 10495.00000     0.999756      1910183      4096.00
 10890.00000     0.999780      1910229      4551.11
 11334.00000     0.999805      1910275      5120.00
 11753.00000     0.999829      1910322      5851.43
 12456.00000     0.999854      1910369      6826.67
 13357.00000     0.999878      1910415      8192.00
 13739.00000     0.999890      1910440      9102.22
 14232.00000     0.999902      1910462     10240.00
 14775.00000     0.999915      1910485     11702.86
 15688.00000     0.999927      1910509     13653.33
 16502.00000     0.999939      1910532     16384.00
 17427.00000     0.999945      1910544     18204.44
 18080.00000     0.999951      1910555     20480.00
 19363.00000     0.999957      1910567     23405.71
 22533.00000     0.999963      1910579     27306.67
 24494.00000     0.999969      1910590     32768.00
 26282.00000     0.999973      1910596     36408.89
 29402.00000     0.999976      1910602     40960.00
 31450.00000     0.999979      1910608     46811.43
 33929.00000     0.999982      1910614     54613.33
 38640.00000     0.999985      1910619     65536.00
 41415.00000     0.999986      1910622     72817.78
 47878.00000     0.999988      1910625     81920.00
 54501.00000     0.999989      1910628     93622.86
 68326.00000     0.999991      1910631    109226.67
 76010.00000     0.999992      1910634    131072.00
 81905.00000     0.999993      1910635    145635.56
 84138.00000     0.999994      1910637    163840.00
 86025.00000     0.999995      1910638    187245.71
103649.00000     0.999995      1910640    218453.33
104340.00000     0.999996      1910641    262144.00
118400.00000     0.999997      1910642    291271.11
119596.00000     0.999997      1910643    327680.00
119596.00000     0.999997      1910643    374491.43
186196.00000     0.999998      1910644    436906.67
188268.00000     0.999998      1910645    524288.00
188268.00000     0.999998      1910645    582542.22
209457.00000     0.999998      1910646    655360.00
209457.00000     0.999999      1910646    748982.86
209457.00000     0.999999      1910646    873813.33
209802.00000     0.999999      1910647   1048576.00
209802.00000     0.999999      1910647   1165084.44
209802.00000     0.999999      1910647   1310720.00
209802.00000     0.999999      1910647   1497965.71
209802.00000     0.999999      1910647   1747626.67
209864.00000     1.000000      1910648   2097152.00
209864.00000     1.000000      1910648          inf
#[Mean    =     1129.034, StdDeviation   =      563.652]
#[Max     =   209864.000, Total count    =      1910648]
#[Buckets =           13, SubBuckets     =       262144]
       Value   Percentile   TotalCount 1/(1-Percentile)

     0.00000     0.000000        97994         1.00
    12.00000     0.100000      1384587         1.11
    12.00000     0.200000      1384587         1.25
    12.00000     0.300000      1384587         1.43
    12.00000     0.400000      1384587         1.67
    12.00000     0.500000      1384587         2.00
    12.00000     0.550000      1384587         2.22
    12.00000     0.600000      1384587         2.50
    12.00000     0.650000      1384587         2.86
    12.00000     0.700000      1384587         3.33
    24.00000     0.750000      1893099         4.00
    24.00000     0.775000      1893099         4.44
    24.00000     0.800000      1893099         5.00
    24.00000     0.825000      1893099         5.71
    24.00000     0.850000      1893099         6.67
    24.00000     0.875000      1893099         8.00
    24.00000     0.887500      1893099         8.89
    24.00000     0.900000      1893099        10.00
    24.00000     0.912500      1893099        11.43
    24.00000     0.925000      1893099        13.33
    24.00000     0.937500      1893099        16.00
    24.00000     0.943750      1893099        17.78
    24.00000     0.950000      1893099        20.00
    24.00000     0.956250      1893099        22.86
    24.00000     0.962500      1893099        26.67
    24.00000     0.968750      1893099        32.00
    24.00000     0.971875      1893099        35.56
    24.00000     0.975000      1893099        40.00
    24.00000     0.978125      1893099        45.71
    24.00000     0.981250      1893099        53.33
    24.00000     0.984375      1893099        64.00
    24.00000     0.985938      1893099        71.11
    24.00000     0.987500      1893099        80.00
    24.00000     0.989062      1893099        91.43
    24.00000     0.990625      1893099       106.67
    37.00000     0.992188      1905451       128.00
    37.00000     0.992969      1905451       142.22
    37.00000     0.993750      1905451       160.00
    37.00000     0.994531      1905451       182.86
    37.00000     0.995313      1905451       213.33
    37.00000     0.996094      1905451       256.00
    37.00000     0.996484      1905451       284.44
    37.00000     0.996875      1905451       320.00
    37.00000     0.997266      1905451       365.71
    49.00000     0.997656      1909141       426.67
    49.00000     0.998047      1909141       512.00
    49.00000     0.998242      1909141       568.89
    49.00000     0.998437      1909141       640.00
    49.00000     0.998633      1909141       731.43
    49.00000     0.998828      1909141       853.33
    49.00000     0.999023      1909141      1024.00
    49.00000     0.999121      1909141      1137.78
    61.00000     0.999219      1910220      1280.00
    61.00000     0.999316      1910220      1462.86
    61.00000     0.999414      1910220      1706.67
    61.00000     0.999512      1910220      2048.00
    61.00000     0.999561      1910220      2275.56
    61.00000     0.999609      1910220      2560.00
    61.00000     0.999658      1910220      2925.71
    61.00000     0.999707      1910220      3413.33
    61.00000     0.999756      1910220      4096.00
    74.00000     0.999780      1910399      4551.11
    74.00000     0.999805      1910399      5120.00
    74.00000     0.999829      1910399      5851.43
    74.00000     0.999854      1910399      6826.67
    86.00000     0.999878      1910447      8192.00
    86.00000     0.999890      1910447      9102.22
    98.00000     0.999902      1910493     10240.00
    98.00000     0.999915      1910493     11702.86
   111.00000     0.999927      1910516     13653.33
   123.00000     0.999939      1910539     16384.00
   135.00000     0.999945      1910552     18204.44
   148.00000     0.999951      1910564     20480.00
   160.00000     0.999957      1910573     23405.71
   172.00000     0.999963      1910579     27306.67
   209.00000     0.999969      1910590     32768.00
   246.00000     0.999973      1910597     36408.89
   308.00000     0.999976      1910603     40960.00
   382.00000     0.999979      1910608     46811.43
   431.00000     0.999982      1910614     54613.33
   518.00000     0.999985      1910620     65536.00
   555.00000     0.999986      1910622     72817.78
   666.00000     0.999988      1910625     81920.00
   690.00000     0.999989      1910628     93622.86
  1134.00000     0.999991      1910632    109226.67
  1393.00000     0.999992      1910634    131072.00
  1467.00000     0.999993      1910635    145635.56
  1566.00000     0.999994      1910637    163840.00
  2059.00000     0.999995      1910638    187245.71
  2491.00000     0.999995      1910640    218453.33
  3280.00000     0.999996      1910641    262144.00
  3601.00000     0.999997      1910642    291271.11
  4514.00000     0.999997      1910643    327680.00
  4514.00000     0.999997      1910643    374491.43
  4612.00000     0.999998      1910644    436906.67
  6018.00000     0.999998      1910645    524288.00
  6018.00000     0.999998      1910645    582542.22
  6129.00000     0.999998      1910646    655360.00
  6129.00000     0.999999      1910646    748982.86
  6129.00000     0.999999      1910646    873813.33
  6882.00000     0.999999      1910647   1048576.00
  6882.00000     0.999999      1910647   1165084.44
  6882.00000     0.999999      1910647   1310720.00
  6882.00000     0.999999      1910647   1497965.71
  6882.00000     0.999999      1910647   1747626.67
  7326.00000     1.000000      1910648   2097152.00
  7326.00000     1.000000      1910648          inf
#[Mean    =       14.894, StdDeviation   =       13.811]
#[Max     =     7326.000, Total count    =      1910648]
#[Buckets =           13, SubBuckets     =       262144]
       Value   Percentile   TotalCount 1/(1-Percentile)

    61.00000     0.000000            5         1.00
    98.00000     0.100000      1036421         1.11
    98.00000     0.200000      1036421         1.25
    98.00000     0.300000      1036421         1.43
    98.00000     0.400000      1036421         1.67
    98.00000     0.500000      1036421         2.00
   110.00000     0.550000      1068057         2.22
   111.00000     0.600000      1453533         2.50
   111.00000     0.650000      1453533         2.86
   111.00000     0.700000      1453533         3.33
   111.00000     0.750000      1453533         4.00
   123.00000     0.775000      1720442         4.44
   123.00000     0.800000      1720442         5.00
   123.00000     0.825000      1720442         5.71
   123.00000     0.850000      1720442         6.67
   123.00000     0.875000      1720442         8.00
   123.00000     0.887500      1720442         8.89
   123.00000     0.900000      1720442        10.00
   135.00000     0.912500      1867213        11.43
   135.00000     0.925000      1867213        13.33
   135.00000     0.937500      1867213        16.00
   135.00000     0.943750      1867213        17.78
   135.00000     0.950000      1867213        20.00
   135.00000     0.956250      1867213        22.86
   135.00000     0.962500      1867213        26.67
   135.00000     0.968750      1867213        32.00
   135.00000     0.971875      1867213        35.56
   135.00000     0.975000      1867213        40.00
   148.00000     0.978125      1887080        45.71
   148.00000     0.981250      1887080        53.33
   148.00000     0.984375      1887080        64.00
   148.00000     0.985938      1887080        71.11
   148.00000     0.987500      1887080        80.00
   160.00000     0.989062      1892165        91.43
   172.00000     0.990625      1894417       106.67
   185.00000     0.992188      1895878       128.00
   209.00000     0.992969      1897802       142.22
   222.00000     0.993750      1898710       160.00
   259.00000     0.994531      1900491       182.86
   308.00000     0.995313      1901966       213.33
   370.00000     0.996094      1903272       256.00
   419.00000     0.996484      1904070       284.44
   481.00000     0.996875      1904803       320.00
   542.00000     0.997266      1905466       365.71
   629.00000     0.997656      1906196       426.67
   740.00000     0.998047      1906978       512.00
   789.00000     0.998242      1907295       568.89
   875.00000     0.998437      1907700       640.00
   986.00000     0.998633      1908069       731.43
  1147.00000     0.998828      1908428       853.33
  1393.00000     0.999023      1908794      1024.00
  1591.00000     0.999121      1908973      1137.78
  2047.00000     0.999219      1909156      1280.00
  2910.00000     0.999316      1909345      1462.86
  3872.00000     0.999414      1909529      1706.67
  5278.00000     0.999512      1909716      2048.00
  6475.00000     0.999561      1909809      2275.56
  7572.00000     0.999609      1909903      2560.00
  9509.00000     0.999658      1909995      2925.71
 11667.00000     0.999707      1910089      3413.33
 14812.00000     0.999756      1910182      4096.00
 16452.00000     0.999780      1910229      4551.11
 18623.00000     0.999805      1910275      5120.00
 21632.00000     0.999829      1910322      5851.43
 25752.00000     0.999854      1910369      6826.67
 34040.00000     0.999878      1910415      8192.00
 40046.00000     0.999890      1910439      9102.22
 50690.00000     0.999902      1910462     10240.00
 68807.00000     0.999915      1910485     11702.86
104858.00000     0.999927      1910509     13653.33
139761.00000     0.999939      1910532     16384.00
162676.00000     0.999945      1910544     18204.44
189242.00000     0.999951      1910555     20480.00
209457.00000     0.999957      1910567     23405.71
258198.00000     0.999963      1910579     27306.67
298319.00000     0.999969      1910590     32768.00
330645.00000     0.999973      1910596     36408.89
345531.00000     0.999976      1910602     40960.00
358309.00000     0.999979      1910608     46811.43
377535.00000     0.999982      1910614     54613.33
394199.00000     0.999985      1910619     65536.00
406557.00000     0.999986      1910622     72817.78
415375.00000     0.999988      1910625     81920.00
423947.00000     0.999989      1910628     93622.86
429027.00000     0.999991      1910631    109226.67
440671.00000     0.999992      1910634    131072.00
443939.00000     0.999993      1910635    145635.56
459071.00000     0.999994      1910637    163840.00
461205.00000     0.999995      1910638    187245.71
470555.00000     0.999995      1910640    218453.33
478287.00000     0.999996      1910641    262144.00
489103.00000     0.999997      1910642    291271.11
505371.00000     0.999997      1910643    327680.00
505371.00000     0.999997      1910643    374491.43
512981.00000     0.999998      1910644    436906.67
520565.00000     0.999998      1910645    524288.00
520565.00000     0.999998      1910645    582542.22
530063.00000     0.999998      1910646    655360.00
530063.00000     0.999999      1910646    748982.86
530063.00000     0.999999      1910646    873813.33
537551.00000     0.999999      1910647   1048576.00
537551.00000     0.999999      1910647   1165084.44
537551.00000     0.999999      1910647   1310720.00
537551.00000     0.999999      1910647   1497965.71
537551.00000     0.999999      1910647   1747626.67
544135.00000     1.000000      1910648   2097152.00
544135.00000     1.000000      1910648          inf
#[Mean    =      138.525, StdDeviation   =     2617.255]
#[Max     =   544135.000, Total count    =      1910648]
#[Buckets =           13, SubBuckets     =       262144]
       Value   Percentile   TotalCount 1/(1-Percentile)

     0.00000     0.000000        11714         1.00
    37.00000     0.100000       389142         1.11
    37.00000     0.200000       389142         1.25
    49.00000     0.300000       729784         1.43
    61.00000     0.400000       802234         1.67
   111.00000     0.500000       979915         2.00
   135.00000     0.550000      1091049         2.22
   148.00000     0.600000      1150788         2.50
   172.00000     0.650000      1263996         2.86
   197.00000     0.700000      1356929         3.33
   222.00000     0.750000      1436217         4.00
   246.00000     0.775000      1505225         4.44
   259.00000     0.800000      1535891         5.00
   283.00000     0.825000      1587780         5.71
   308.00000     0.850000      1629243         6.67
   345.00000     0.875000      1678475         8.00
   370.00000     0.887500      1704441         8.89
   394.00000     0.900000      1727449        10.00
   419.00000     0.912500      1747996        11.43
   456.00000     0.925000      1775069        13.33
   493.00000     0.937500      1796514        16.00
   518.00000     0.943750      1808366        17.78
   542.00000     0.950000      1818640        20.00
   567.00000     0.956250      1827646        22.86
   616.00000     0.962500      1842052        26.67
   666.00000     0.968750      1852577        32.00
   703.00000     0.971875      1858814        35.56
   740.00000     0.975000      1864280        40.00
   789.00000     0.978125      1869718        45.71
   851.00000     0.981250      1875195        53.33
   949.00000     0.984375      1881215        64.00
  1011.00000     0.985938      1883900        71.11
  1110.00000     0.987500      1886986        80.00
  1258.00000     0.989062      1889917        91.43
  1480.00000     0.990625      1892771       106.67
  1813.00000     0.992188      1895775       128.00
  2096.00000     0.992969      1897232       142.22
  2873.00000     0.993750      1898713       160.00
  3157.00000     0.994531      1900249       182.86
  3268.00000     0.995313      1901794       213.33
  3391.00000     0.996094      1903282       256.00
  3490.00000     0.996484      1903992       284.44
  3650.00000     0.996875      1904716       320.00
  3909.00000     0.997266      1905437       365.71
  4267.00000     0.997656      1906181       426.67
  4699.00000     0.998047      1906937       512.00
  4921.00000     0.998242      1907292       568.89
  5204.00000     0.998437      1907668       640.00
  5537.00000     0.998633      1908042       731.43
  5907.00000     0.998828      1908417       853.33
  6376.00000     0.999023      1908793      1024.00
  6623.00000     0.999121      1908975      1137.78
  6869.00000     0.999219      1909164      1280.00
  7227.00000     0.999316      1909347      1462.86
  7585.00000     0.999414      1909530      1706.67
  8103.00000     0.999512      1909724      2048.00
  8349.00000     0.999561      1909812      2275.56
  8695.00000     0.999609      1909903      2560.00
  9126.00000     0.999658      1909999      2925.71
  9669.00000     0.999707      1910089      3413.33
 10335.00000     0.999756      1910184      4096.00
 10779.00000     0.999780      1910230      4551.11
 11334.00000     0.999805      1910276      5120.00
 12160.00000     0.999829      1910322      5851.43
 13135.00000     0.999854      1910369      6826.67
 14467.00000     0.999878      1910416      8192.00
 15416.00000     0.999890      1910439      9102.22
 16058.00000     0.999902      1910462     10240.00
 17858.00000     0.999915      1910485     11702.86
 19462.00000     0.999927      1910509     13653.33
 21978.00000     0.999939      1910532     16384.00
 23778.00000     0.999945      1910544     18204.44
 24765.00000     0.999951      1910555     20480.00
 26973.00000     0.999957      1910567     23405.71
 28761.00000     0.999963      1910579     27306.67
 30549.00000     0.999969      1910590     32768.00
 32621.00000     0.999973      1910596     36408.89
 35618.00000     0.999976      1910602     40960.00
 37518.00000     0.999979      1910608     46811.43
 41427.00000     0.999982      1910614     54613.33
 43462.00000     0.999985      1910619     65536.00
 46768.00000     0.999986      1910622     72817.78
 49740.00000     0.999988      1910625     81920.00
 51516.00000     0.999989      1910628     93622.86
 54439.00000     0.999991      1910631    109226.67
 57966.00000     0.999992      1910634    131072.00
 58287.00000     0.999993      1910635    145635.56
 60544.00000     0.999994      1910637    163840.00
 65366.00000     0.999995      1910638    187245.71
 80191.00000     0.999995      1910640    218453.33
 82226.00000     0.999996      1910641    262144.00
 83213.00000     0.999997      1910642    291271.11
 85975.00000     0.999997      1910643    327680.00
 85975.00000     0.999997      1910643    374491.43
 87184.00000     0.999998      1910644    436906.67
 87406.00000     0.999998      1910645    524288.00
 87406.00000     0.999998      1910645    582542.22
 87949.00000     0.999998      1910646    655360.00
 87949.00000     0.999999      1910646    748982.86
 87949.00000     0.999999      1910646    873813.33
119423.00000     0.999999      1910647   1048576.00
119423.00000     0.999999      1910647   1165084.44
119423.00000     0.999999      1910647   1310720.00
119423.00000     0.999999      1910647   1497965.71
119423.00000     0.999999      1910647   1747626.67
132176.00000     1.000000      1910648   2097152.00
132176.00000     1.000000      1910648          inf
#[Mean    =      199.416, StdDeviation   =      554.498]
#[Max     =   132176.000, Total count    =      1910648]
#[Buckets =           13, SubBuckets     =       262144]
       Value   Percentile   TotalCount 1/(1-Percentile)

    86.00000     0.000000            5         1.00
   172.00000     0.100000       210215         1.11
   197.00000     0.200000       386132         1.25
   234.00000     0.300000       670728         1.43
   246.00000     0.400000       769542         1.67
   271.00000     0.500000       968420         2.00
   283.00000     0.550000      1069761         2.22
   296.00000     0.600000      1171405         2.50
   308.00000     0.650000      1272553         2.86
   320.00000     0.700000      1371505         3.33
   333.00000     0.750000      1467324         4.00
   345.00000     0.775000      1558672         4.44
   345.00000     0.800000      1558672         5.00
   357.00000     0.825000      1623347         5.71
   370.00000     0.850000      1668122         6.67
   382.00000     0.875000      1725864         8.00
   382.00000     0.887500      1725864         8.89
   382.00000     0.900000      1725864        10.00
   394.00000     0.912500      1761162        11.43
   407.00000     0.925000      1781521        13.33
   419.00000     0.937500      1797644        16.00
   431.00000     0.943750      1811027        17.78
   444.00000     0.950000      1822541        20.00
   456.00000     0.956250      1832138        22.86
   468.00000     0.962500      1839713        26.67
   505.00000     0.968750      1853569        32.00
   530.00000     0.971875      1858658        35.56
   567.00000     0.975000      1863535        40.00
   666.00000     0.978125      1869276        45.71
   863.00000     0.981250      1874875        53.33
  1060.00000     0.984375      1881114        64.00
  1221.00000     0.985938      1883858        71.11
  1418.00000     0.987500      1886808        80.00
  1665.00000     0.989062      1889757        91.43
  2010.00000     0.990625      1892767       106.67
  2540.00000     0.992188      1895734       128.00
  2935.00000     0.992969      1897233       142.22
  3490.00000     0.993750      1898730       160.00
  4390.00000     0.994531      1900200       182.86
  5500.00000     0.995313      1901718       213.33
  6944.00000     0.996094      1903185       256.00
  8892.00000     0.996484      1903931       284.44
 12333.00000     0.996875      1904680       320.00
 17908.00000     0.997266      1905424       365.71
 26701.00000     0.997656      1906170       426.67
 36482.00000     0.998047      1906919       512.00
 42402.00000     0.998242      1907290       568.89
 46755.00000     0.998437      1907663       640.00
 54044.00000     0.998633      1908036       731.43
 60001.00000     0.998828      1908409       853.33
 66452.00000     0.999023      1908783      1024.00
 70756.00000     0.999121      1908969      1137.78
 75430.00000     0.999219      1909156      1280.00
 77589.00000     0.999316      1909342      1462.86
 82855.00000     0.999414      1909529      1706.67
 88861.00000     0.999512      1909716      2048.00
 92623.00000     0.999561      1909810      2275.56
 93314.00000     0.999609      1909902      2560.00
 96237.00000     0.999658      1909995      2925.71
 99036.00000     0.999707      1910089      3413.33
108989.00000     0.999756      1910182      4096.00
122494.00000     0.999780      1910229      4551.11
137245.00000     0.999805      1910275      5120.00
151021.00000     0.999829      1910322      5851.43
165932.00000     0.999854      1910369      6826.67
190648.00000     0.999878      1910415      8192.00
207804.00000     0.999890      1910439      9102.22
221704.00000     0.999902      1910462     10240.00
235764.00000     0.999915      1910485     11702.86
256015.00000     0.999927      1910509     13653.33
275403.00000     0.999939      1910532     16384.00
285677.00000     0.999945      1910545     18204.44
300119.00000     0.999951      1910555     20480.00
310183.00000     0.999957      1910567     23405.71
321185.00000     0.999963      1910579     27306.67
339241.00000     0.999969      1910590     32768.00
351685.00000     0.999973      1910596     36408.89
358887.00000     0.999976      1910602     40960.00
368915.00000     0.999979      1910608     46811.43
383147.00000     0.999982      1910614     54613.33
399317.00000     0.999985      1910619     65536.00
401339.00000     0.999986      1910622     72817.78
414955.00000     0.999988      1910625     81920.00
423539.00000     0.999989      1910628     93622.86
429311.00000     0.999991      1910631    109226.67
435391.00000     0.999992      1910634    131072.00
435861.00000     0.999993      1910635    145635.56
441041.00000     0.999994      1910637    163840.00
448145.00000     0.999995      1910638    187245.71
470319.00000     0.999995      1910640    218453.33
473957.00000     0.999996      1910641    262144.00
480495.00000     0.999997      1910642    291271.11
482555.00000     0.999997      1910643    327680.00
482555.00000     0.999997      1910643    374491.43
500031.00000     0.999998      1910644    436906.67
507381.00000     0.999998      1910645    524288.00
507381.00000     0.999998      1910645    582542.22
507775.00000     0.999998      1910646    655360.00
507775.00000     0.999999      1910646    748982.86
507775.00000     0.999999      1910646    873813.33
509811.00000     0.999999      1910647   1048576.00
509811.00000     0.999999      1910647   1165084.44
509811.00000     0.999999      1910647   1310720.00
509811.00000     0.999999      1910647   1497965.71
509811.00000     0.999999      1910647   1747626.67
577619.00000     1.000000      1910648   2097152.00
577619.00000     1.000000      1910648          inf
#[Mean    =      502.742, StdDeviation   =     4726.391]
#[Max     =   577619.000, Total count    =      1910648]
#[Buckets =           13, SubBuckets     =       262144]
       Value   Percentile   TotalCount 1/(1-Percentile)

     0.00000     0.000000       259172         1.00
     0.00000     0.100000       259172         1.11
    12.00000     0.200000      1828313         1.25
    12.00000     0.300000      1828313         1.43
    12.00000     0.400000      1828313         1.67
    12.00000     0.500000      1828313         2.00
    12.00000     0.550000      1828313         2.22
    12.00000     0.600000      1828313         2.50
    12.00000     0.650000      1828313         2.86
    12.00000     0.700000      1828313         3.33
    12.00000     0.750000      1828313         4.00
    12.00000     0.775000      1828313         4.44
    12.00000     0.800000      1828313         5.00
    12.00000     0.825000      1828313         5.71
    12.00000     0.850000      1828313         6.67
    12.00000     0.875000      1828313         8.00
    12.00000     0.887500      1828313         8.89
    12.00000     0.900000      1828313        10.00
    12.00000     0.912500      1828313        11.43
    12.00000     0.925000      1828313        13.33
    12.00000     0.937500      1828313        16.00
    12.00000     0.943750      1828313        17.78
    12.00000     0.950000      1828313        20.00
    12.00000     0.956250      1828313        22.86
    24.00000     0.962500      1892304        26.67
    24.00000     0.968750      1892304        32.00
    24.00000     0.971875      1892304        35.56
    24.00000     0.975000      1892304        40.00
    24.00000     0.978125      1892304        45.71
    24.00000     0.981250      1892304        53.33
    24.00000     0.984375      1892304        64.00
    24.00000     0.985938      1892304        71.11
    24.00000     0.987500      1892304        80.00
    24.00000     0.989062      1892304        91.43
    37.00000     0.990625      1899081       106.67
    37.00000     0.992188      1899081       128.00
    37.00000     0.992969      1899081       142.22
    37.00000     0.993750      1899081       160.00
    49.00000     0.994531      1901881       182.86
    49.00000     0.995313      1901881       213.33
    74.00000     0.996094      1903350       256.00
    98.00000     0.996484      1904235       284.44
   111.00000     0.996875      1905731       320.00
   111.00000     0.997266      1905731       365.71
   123.00000     0.997656      1906640       426.67
   135.00000     0.998047      1907229       512.00
   148.00000     0.998242      1907619       568.89
   160.00000     0.998437      1907980       640.00
   172.00000     0.998633      1908278       731.43
   185.00000     0.998828      1908517       853.33
   209.00000     0.999023      1908894      1024.00
   222.00000     0.999121      1909005      1137.78
   246.00000     0.999219      1909215      1280.00
   271.00000     0.999316      1909383      1462.86
   308.00000     0.999414      1909587      1706.67
   345.00000     0.999512      1909764      2048.00
   357.00000     0.999561      1909814      2275.56
   394.00000     0.999609      1909925      2560.00
   419.00000     0.999658      1910008      2925.71
   456.00000     0.999707      1910091      3413.33
   505.00000     0.999756      1910203      4096.00
   518.00000     0.999780      1910231      4551.11
   542.00000     0.999805      1910276      5120.00
   579.00000     0.999829      1910329      5851.43
   616.00000     0.999854      1910372      6826.67
   678.00000     0.999878      1910416      8192.00
   727.00000     0.999890      1910445      9102.22
   764.00000     0.999902      1910464     10240.00
   826.00000     0.999915      1910489     11702.86
   888.00000     0.999927      1910509     13653.33
   999.00000     0.999939      1910532     16384.00
  1073.00000     0.999945      1910547     18204.44
  1208.00000     0.999951      1910556     20480.00
  4896.00000     0.999957      1910567     23405.71
  5204.00000     0.999963      1910581     27306.67
  5241.00000     0.999969      1910590     32768.00
  5266.00000     0.999973      1910597     36408.89
  5303.00000     0.999976      1910603     40960.00
  5389.00000     0.999979      1910608     46811.43
  5488.00000     0.999982      1910615     54613.33
  5636.00000     0.999985      1910619     65536.00
  5735.00000     0.999986      1910622     72817.78
  6179.00000     0.999988      1910625     81920.00
  6401.00000     0.999989      1910630     93622.86
  6536.00000     0.999991      1910632    109226.67
  6660.00000     0.999992      1910634    131072.00
  6758.00000     0.999993      1910635    145635.56
  6993.00000     0.999994      1910637    163840.00
  7079.00000     0.999995      1910638    187245.71
  7326.00000     0.999995      1910641    218453.33
  7326.00000     0.999996      1910641    262144.00
  7424.00000     0.999997      1910642    291271.11
  7449.00000     0.999997      1910643    327680.00
  7449.00000     0.999997      1910643    374491.43
  7511.00000     0.999998      1910644    436906.67
  7646.00000     0.999998      1910645    524288.00
  7646.00000     0.999998      1910645    582542.22
  7942.00000     0.999998      1910646    655360.00
  7942.00000     0.999999      1910646    748982.86
  7942.00000     0.999999      1910646    873813.33
 32116.00000     0.999999      1910647   1048576.00
 32116.00000     0.999999      1910647   1165084.44
 32116.00000     0.999999      1910647   1310720.00
 32116.00000     0.999999      1910647   1497965.71
 32116.00000     0.999999      1910647   1747626.67
 33497.00000     1.000000      1910648   2097152.00
 33497.00000     1.000000      1910648          inf
#[Mean    =       11.930, StdDeviation   =       52.956]
#[Max     =    33497.000, Total count    =      1910648]
#[Buckets =           13, SubBuckets     =       262144]
       Value   Percentile   TotalCount 1/(1-Percentile)

   616.00000     0.000000            2         1.00
   900.00000     0.100000       195119         1.11
   912.00000     0.200000       529681         1.25
   924.00000     0.300000       601756         1.43
   925.00000     0.400000       995264         1.67
   925.00000     0.500000       995264         2.00
   937.00000     0.550000      1259330         2.22
   937.00000     0.600000      1259330         2.50
   937.00000     0.650000      1259330         2.86
   949.00000     0.700000      1372699         3.33
   962.00000     0.750000      1448567         4.00
   974.00000     0.775000      1509830         4.44
   986.00000     0.800000      1550201         5.00
  1011.00000     0.825000      1587274         5.71
  1085.00000     0.850000      1630592         6.67
  1134.00000     0.875000      1673388         8.00
  1159.00000     0.887500      1696967         8.89
  1196.00000     0.900000      1726482        10.00
  1233.00000     0.912500      1746211        11.43
  1295.00000     0.925000      1769378        13.33
  1356.00000     0.937500      1793585        16.00
  1393.00000     0.943750      1806555        17.78
  1430.00000     0.950000      1817893        20.00
  1467.00000     0.956250      1827266        22.86
  1541.00000     0.962500      1840195        26.67
  1701.00000     0.968750      1850942        32.00
  2281.00000     0.971875      1856925        35.56
  4538.00000     0.975000      1862885        40.00
  5710.00000     0.978125      1868937        45.71
  5858.00000     0.981250      1875402        53.33
  5920.00000     0.984375      1881925        64.00
  5944.00000     0.985938      1884584        71.11
  5969.00000     0.987500      1887312        80.00
  5994.00000     0.989062      1889905        91.43
  6031.00000     0.990625      1893447       106.67
  6068.00000     0.992188      1896243       128.00
  6092.00000     0.992969      1897746       142.22
  6117.00000     0.993750      1898959       160.00
  6154.00000     0.994531      1900365       182.86
  6215.00000     0.995313      1901721       213.33
  6314.00000     0.996094      1903238       256.00
  6401.00000     0.996484      1903973       284.44
  6549.00000     0.996875      1904695       320.00
  6919.00000     0.997266      1905435       365.71
  7239.00000     0.997656      1906178       426.67
  7474.00000     0.998047      1906934       512.00
  7585.00000     0.998242      1907306       568.89
  7696.00000     0.998437      1907672       640.00
  7844.00000     0.998633      1908052       731.43
  8016.00000     0.998828      1908414       853.33
  8238.00000     0.999023      1908792      1024.00
  8349.00000     0.999121      1908970      1137.78
  8497.00000     0.999219      1909168      1280.00
  8670.00000     0.999316      1909342      1462.86
  8855.00000     0.999414      1909535      1706.67
  9028.00000     0.999512      1909717      2048.00
  9151.00000     0.999561      1909816      2275.56
  9336.00000     0.999609      1909909      2560.00
  9644.00000     0.999658      1909996      2925.71
 10335.00000     0.999707      1910089      3413.33
 11272.00000     0.999756      1910182      4096.00
 12444.00000     0.999780      1910229      4551.11
 13603.00000     0.999805      1910275      5120.00
 16144.00000     0.999829      1910322      5851.43
 19869.00000     0.999854      1910370      6826.67
 24999.00000     0.999878      1910415      8192.00
 26257.00000     0.999890      1910439      9102.22
 27047.00000     0.999902      1910462     10240.00
 27589.00000     0.999915      1910487     11702.86
 28292.00000     0.999927      1910509     13653.33
 29131.00000     0.999939      1910532     16384.00
 29785.00000     0.999945      1910544     18204.44
 30179.00000     0.999951      1910556     20480.00
 30771.00000     0.999957      1910567     23405.71
 31339.00000     0.999963      1910579     27306.67
 32350.00000     0.999969      1910590     32768.00
 33571.00000     0.999973      1910596     36408.89
 35507.00000     0.999976      1910602     40960.00
 36753.00000     0.999979      1910608     46811.43
 37715.00000     0.999982      1910614     54613.33
 40601.00000     0.999985      1910619     65536.00
 42513.00000     0.999986      1910622     72817.78
 44239.00000     0.999988      1910625     81920.00
 49740.00000     0.999989      1910629     93622.86
 55549.00000     0.999991      1910632    109226.67
 67155.00000     0.999992      1910634    131072.00
 73482.00000     0.999993      1910635    145635.56
 79821.00000     0.999994      1910638    163840.00
 79821.00000     0.999995      1910638    187245.71
 82214.00000     0.999995      1910640    218453.33
 83891.00000     0.999996      1910641    262144.00
 91821.00000     0.999997      1910642    291271.11
 96964.00000     0.999997      1910643    327680.00
 96964.00000     0.999997      1910643    374491.43
105030.00000     0.999998      1910645    436906.67
105030.00000     0.999998      1910645    524288.00
105030.00000     0.999998      1910645    582542.22
107065.00000     0.999998      1910646    655360.00
107065.00000     0.999999      1910646    748982.86
107065.00000     0.999999      1910646    873813.33
110346.00000     0.999999      1910647   1048576.00
110346.00000     0.999999      1910647   1165084.44
110346.00000     0.999999      1910647   1310720.00
110346.00000     0.999999      1910647   1497965.71
110346.00000     0.999999      1910647   1747626.67
178833.00000     1.000000      1910648   2097152.00
178833.00000     1.000000      1910648          inf
#[Mean    =     1115.115, StdDeviation   =      943.245]
#[Max     =   178833.000, Total count    =      1910648]
#[Buckets =           13, SubBuckets     =       262144]

=== EXCHANGE STDERR ===
matching tid: 51359
