=== CLIENT STDERR ===
=== Exchange load generator ===
  clients  : 10
  seed     : 3544646548
  target   : 127.0.0.1:4000
  thread id: 50187
Ctrl-C to stop.


=== Stats ===
  elapsed         : 14.999 s
  requests sent   : 2591866
  ACK responses   : 2591856
  MATCH responses : 1485307
  ERR responses   : 0
  orders in flight: -10
  --- throughput ---
  requests/s      : 172805
  ACK/s           : 172804
  MATCH/s         : 99028
  ERR/s           : 0
  total resp/s    : 172804

=== EXCHANGE STDOUT ===
exchange tid: 50185
inbound thread: 50188
outbound thread: 50189
       Value   Percentile   TotalCount 1/(1-Percentile)

  2072.00000     0.000000            1         1.00
  2355.00000     0.100000       212541         1.11
  2405.00000     0.200000       417728         1.25
  2442.00000     0.300000       604881         1.43
  2479.00000     0.400000       798106         1.67
  2528.00000     0.500000      1041017         2.00
  2553.00000     0.550000      1147581         2.22
  2577.00000     0.600000      1239893         2.50
  2602.00000     0.650000      1322513         2.86
  2639.00000     0.700000      1429276         3.33
  2676.00000     0.750000      1518695         4.00
  2701.00000     0.775000      1568079         4.44
  2725.00000     0.800000      1609688         5.00
  2750.00000     0.825000      1645554         5.71
  2799.00000     0.850000      1699980         6.67
  2861.00000     0.875000      1746677         8.00
  2910.00000     0.887500      1773904         8.89
  2960.00000     0.900000      1795300        10.00
  3034.00000     0.912500      1820027        11.43
  3145.00000     0.925000      1847037        13.33
  3280.00000     0.937500      1871038        16.00
  3391.00000     0.943750      1883250        17.78
  3552.00000     0.950000      1894869        20.00
  3848.00000     0.956250      1907527        22.86
  4390.00000     0.962500      1919761        26.67
  5809.00000     0.968750      1932349        32.00
  7091.00000     0.971875      1938467        35.56
  7387.00000     0.975000      1944797        40.00
  7474.00000     0.978125      1951266        45.71
  7548.00000     0.981250      1958010        53.33
  7609.00000     0.984375      1963836        64.00
  7646.00000     0.985938      1967057        71.11
  7683.00000     0.987500      1969870        80.00
  7733.00000     0.989062      1973230        91.43
  7782.00000     0.990625      1976084       106.67
  7844.00000     0.992188      1978981       128.00
  7893.00000     0.992969      1980680       142.22
  7942.00000     0.993750      1982110       160.00
  8016.00000     0.994531      1983721       182.86
  8115.00000     0.995313      1985280       213.33
  8275.00000     0.996094      1986796       256.00
  8399.00000     0.996484      1987576       284.44
  8534.00000     0.996875      1988296       320.00
  8732.00000     0.997266      1989103       365.71
  9077.00000     0.997656      1989855       426.67
  9558.00000     0.998047      1990661       512.00
  9768.00000     0.998242      1991023       568.89
 10002.00000     0.998437      1991422       640.00
 10236.00000     0.998633      1991814       731.43
 10532.00000     0.998828      1992192       853.33
 10939.00000     0.999023      1992585      1024.00
 11198.00000     0.999121      1992782      1137.78
 11531.00000     0.999219      1992970      1280.00
 11926.00000     0.999316      1993175      1462.86
 12370.00000     0.999414      1993362      1706.67
 13073.00000     0.999512      1993561      2048.00
 13751.00000     0.999561      1993654      2275.56
 14356.00000     0.999609      1993750      2560.00
 15416.00000     0.999658      1993848      2925.71
 16896.00000     0.999707      1993944      3413.33
 18956.00000     0.999756      1994043      4096.00
 20362.00000     0.999780      1994090      4551.11
 22187.00000     0.999805      1994139      5120.00
 24580.00000     0.999829      1994188      5851.43
 29069.00000     0.999854      1994236      6826.67
 37456.00000     0.999878      1994285      8192.00
 43758.00000     0.999890      1994309      9102.22
 50085.00000     0.999902      1994334     10240.00
 61568.00000     0.999915      1994358     11702.86
 73654.00000     0.999927      1994382     13653.33
 86308.00000     0.999939      1994407     16384.00
 94720.00000     0.999945      1994419     18204.44
119534.00000     0.999951      1994431     20480.00
143461.00000     0.999957      1994443     23405.71
177859.00000     0.999963      1994455     27306.67
197469.00000     0.999969      1994468     32768.00
203746.00000     0.999973      1994474     36408.89
208976.00000     0.999976      1994480     40960.00
216573.00000     0.999979      1994486     46811.43
224910.00000     0.999982      1994492     54613.33
239069.00000     0.999985      1994498     65536.00
245236.00000     0.999986      1994501     72817.78
249984.00000     0.999988      1994504     81920.00
253610.00000     0.999989      1994507     93622.86
255682.00000     0.999991      1994510    109226.67
268201.00000     0.999992      1994513    131072.00
273011.00000     0.999993      1994515    145635.56
274023.00000     0.999994      1994516    163840.00
283655.00000     0.999995      1994518    187245.71
283791.00000     0.999995      1994519    218453.33
286959.00000     0.999996      1994521    262144.00
298195.00000     0.999997      1994522    291271.11
298195.00000     0.999997      1994522    327680.00
301007.00000     0.999997      1994523    374491.43
312811.00000     0.999998      1994524    436906.67
329757.00000     0.999998      1994525    524288.00
329757.00000     0.999998      1994525    582542.22
329757.00000     0.999998      1994525    655360.00
1664327.00000     0.999999      1994527    748982.86
1664327.00000     0.999999      1994527    873813.33
1664327.00000     0.999999      1994527   1048576.00
1664327.00000     0.999999      1994527   1165084.44
1664327.00000     0.999999      1994527   1310720.00
1664327.00000     0.999999      1994527   1497965.71
1664327.00000     0.999999      1994527   1747626.67
3210319.00000     1.000000      1994528   2097152.00
3210319.00000     1.000000      1994528          inf
#[Mean    =     2775.756, StdDeviation   =     3375.076]
#[Max     =  3210319.000, Total count    =      1994528]
#[Buckets =           13, SubBuckets     =       262144]
       Value   Percentile   TotalCount 1/(1-Percentile)

   986.00000     0.000000            2         1.00
  1048.00000     0.100000       774995         1.11
  1048.00000     0.200000       774995         1.25
  1048.00000     0.300000       774995         1.43
  1060.00000     0.400000      1492472         1.67
  1060.00000     0.500000      1492472         2.00
  1060.00000     0.550000      1492472         2.22
  1060.00000     0.600000      1492472         2.50
  1060.00000     0.650000      1492472         2.86
  1060.00000     0.700000      1492472         3.33
  1073.00000     0.750000      1815955         4.00
  1073.00000     0.775000      1815955         4.44
  1073.00000     0.800000      1815955         5.00
  1073.00000     0.825000      1815955         5.71
  1073.00000     0.850000      1815955         6.67
  1073.00000     0.875000      1815955         8.00
  1073.00000     0.887500      1815955         8.89
  1073.00000     0.900000      1815955        10.00
  1085.00000     0.912500      1878436        11.43
  1085.00000     0.925000      1878436        13.33
  1085.00000     0.937500      1878436        16.00
  1097.00000     0.943750      1889724        17.78
  1110.00000     0.950000      1896563        20.00
  1147.00000     0.956250      1907481        22.86
  1270.00000     0.962500      1920216        26.67
  1344.00000     0.968750      1933824        32.00
  1369.00000     0.971875      1939768        35.56
  1393.00000     0.975000      1945459        40.00
  1430.00000     0.978125      1952351        45.71
  1467.00000     0.981250      1958095        53.33
  1517.00000     0.984375      1965019        64.00
  1529.00000     0.985938      1966713        71.11
  1554.00000     0.987500      1969984        80.00
  1578.00000     0.989062      1972853        91.43
  1615.00000     0.990625      1976742       106.67
  1652.00000     0.992188      1979908       128.00
  1665.00000     0.992969      1980722       142.22
  1689.00000     0.993750      1982155       160.00
  1726.00000     0.994531      1984028       182.86
  1751.00000     0.995313      1985184       213.33
  1788.00000     0.996094      1986873       256.00
  1813.00000     0.996484      1987721       284.44
  1850.00000     0.996875      1988402       320.00
  2084.00000     0.997266      1989085       365.71
  3823.00000     0.997656      1989856       426.67
  5809.00000     0.998047      1990647       512.00
  5957.00000     0.998242      1991056       568.89
  6080.00000     0.998437      1991449       640.00
  6203.00000     0.998633      1991829       731.43
  6351.00000     0.998828      1992215       853.33
  6499.00000     0.999023      1992590      1024.00
  6573.00000     0.999121      1992802      1137.78
  6635.00000     0.999219      1992981      1280.00
  6709.00000     0.999316      1993191      1462.86
  6771.00000     0.999414      1993363      1706.67
  6857.00000     0.999512      1993556      2048.00
  6919.00000     0.999561      1993659      2275.56
  6980.00000     0.999609      1993750      2560.00
  7054.00000     0.999658      1993856      2925.71
  7128.00000     0.999707      1993944      3413.33
  7227.00000     0.999756      1994042      4096.00
  7301.00000     0.999780      1994098      4551.11
  7400.00000     0.999805      1994143      5120.00
  7498.00000     0.999829      1994188      5851.43
  7659.00000     0.999854      1994237      6826.67
  7893.00000     0.999878      1994285      8192.00
  8041.00000     0.999890      1994310      9102.22
  8275.00000     0.999902      1994336     10240.00
  8448.00000     0.999915      1994358     11702.86
  8793.00000     0.999927      1994382     13653.33
  9089.00000     0.999939      1994408     16384.00
  9213.00000     0.999945      1994419     18204.44
  9459.00000     0.999951      1994431     20480.00
  9743.00000     0.999957      1994443     23405.71
 10125.00000     0.999963      1994455     27306.67
 10643.00000     0.999969      1994468     32768.00
 10828.00000     0.999973      1994474     36408.89
 11026.00000     0.999976      1994480     40960.00
 11309.00000     0.999979      1994486     46811.43
 11507.00000     0.999982      1994492     54613.33
 12173.00000     0.999985      1994499     65536.00
 12370.00000     0.999986      1994501     72817.78
 12555.00000     0.999988      1994504     81920.00
 12728.00000     0.999989      1994507     93622.86
 12851.00000     0.999991      1994510    109226.67
 13739.00000     0.999992      1994513    131072.00
 15675.00000     0.999993      1994515    145635.56
 16613.00000     0.999994      1994516    163840.00
 17982.00000     0.999995      1994518    187245.71
 19351.00000     0.999995      1994519    218453.33
 21090.00000     0.999996      1994521    262144.00
 26948.00000     0.999997      1994522    291271.11
 26948.00000     0.999997      1994522    327680.00
 27121.00000     0.999997      1994523    374491.43
 28181.00000     0.999998      1994524    436906.67
 35988.00000     0.999998      1994525    524288.00
 35988.00000     0.999998      1994525    582542.22
 35988.00000     0.999998      1994525    655360.00
1650399.00000     0.999999      1994526    748982.86
1650399.00000     0.999999      1994526    873813.33
1650631.00000     0.999999      1994527   1048576.00
1650631.00000     0.999999      1994527   1165084.44
1650631.00000     0.999999      1994527   1310720.00
1650631.00000     0.999999      1994527   1497965.71
1650631.00000     0.999999      1994527   1747626.67
3197215.00000     1.000000      1994528   2097152.00
3197215.00000     1.000000      1994528          inf
#[Mean    =     1089.778, StdDeviation   =     2815.861]
#[Max     =  3197215.000, Total count    =      1994528]
#[Buckets =           13, SubBuckets     =       262144]
       Value   Percentile   TotalCount 1/(1-Percentile)

     0.00000     0.000000       104966         1.00
    12.00000     0.100000      1498399         1.11
    12.00000     0.200000      1498399         1.25
    12.00000     0.300000      1498399         1.43
    12.00000     0.400000      1498399         1.67
    12.00000     0.500000      1498399         2.00
    12.00000     0.550000      1498399         2.22
    12.00000     0.600000      1498399         2.50
    12.00000     0.650000      1498399         2.86
    12.00000     0.700000      1498399         3.33
    12.00000     0.750000      1498399         4.00
    24.00000     0.775000      1989238         4.44
    24.00000     0.800000      1989238         5.00
    24.00000     0.825000      1989238         5.71
    24.00000     0.850000      1989238         6.67
    24.00000     0.875000      1989238         8.00
    24.00000     0.887500      1989238         8.89
    24.00000     0.900000      1989238        10.00
    24.00000     0.912500      1989238        11.43
    24.00000     0.925000      1989238        13.33
    24.00000     0.937500      1989238        16.00
    24.00000     0.943750      1989238        17.78
    24.00000     0.950000      1989238        20.00
    24.00000     0.956250      1989238        22.86
    24.00000     0.962500      1989238        26.67
    24.00000     0.968750      1989238        32.00
    24.00000     0.971875      1989238        35.56
    24.00000     0.975000      1989238        40.00
    24.00000     0.978125      1989238        45.71
    24.00000     0.981250      1989238        53.33
    24.00000     0.984375      1989238        64.00
    24.00000     0.985938      1989238        71.11
    24.00000     0.987500      1989238        80.00
    24.00000     0.989062      1989238        91.43
    24.00000     0.990625      1989238       106.67
    24.00000     0.992188      1989238       128.00
    24.00000     0.992969      1989238       142.22
    24.00000     0.993750      1989238       160.00
    24.00000     0.994531      1989238       182.86
    24.00000     0.995313      1989238       213.33
    24.00000     0.996094      1989238       256.00
    24.00000     0.996484      1989238       284.44
    24.00000     0.996875      1989238       320.00
    24.00000     0.997266      1989238       365.71
    37.00000     0.997656      1993002       426.67
    37.00000     0.998047      1993002       512.00
    37.00000     0.998242      1993002       568.89
    37.00000     0.998437      1993002       640.00
    37.00000     0.998633      1993002       731.43
    37.00000     0.998828      1993002       853.33
    37.00000     0.999023      1993002      1024.00
    37.00000     0.999121      1993002      1137.78
    37.00000     0.999219      1993002      1280.00
    49.00000     0.999316      1994098      1462.86
    49.00000     0.999414      1994098      1706.67
    49.00000     0.999512      1994098      2048.00
    49.00000     0.999561      1994098      2275.56
    49.00000     0.999609      1994098      2560.00
    49.00000     0.999658      1994098      2925.71
    49.00000     0.999707      1994098      3413.33
    49.00000     0.999756      1994098      4096.00
    49.00000     0.999780      1994098      4551.11
    61.00000     0.999805      1994382      5120.00
    61.00000     0.999829      1994382      5851.43
    61.00000     0.999854      1994382      6826.67
    61.00000     0.999878      1994382      8192.00
    61.00000     0.999890      1994382      9102.22
    61.00000     0.999902      1994382     10240.00
    61.00000     0.999915      1994382     11702.86
    61.00000     0.999927      1994382     13653.33
    74.00000     0.999939      1994437     16384.00
    74.00000     0.999945      1994437     18204.44
    74.00000     0.999951      1994437     20480.00
    86.00000     0.999957      1994451     23405.71
    98.00000     0.999963      1994471     27306.67
    98.00000     0.999969      1994471     32768.00
   111.00000     0.999973      1994477     36408.89
   123.00000     0.999976      1994481     40960.00
   135.00000     0.999979      1994488     46811.43
   148.00000     0.999982      1994497     54613.33
   160.00000     0.999985      1994499     65536.00
   185.00000     0.999986      1994502     72817.78
   222.00000     0.999988      1994504     81920.00
   246.00000     0.999989      1994507     93622.86
   271.00000     0.999991      1994510    109226.67
   320.00000     0.999992      1994514    131072.00
   333.00000     0.999993      1994516    145635.56
   333.00000     0.999994      1994516    163840.00
   394.00000     0.999995      1994518    187245.71
   468.00000     0.999995      1994519    218453.33
   752.00000     0.999996      1994521    262144.00
   801.00000     0.999997      1994522    291271.11
   801.00000     0.999997      1994522    327680.00
   826.00000     0.999997      1994523    374491.43
  4218.00000     0.999998      1994524    436906.67
  4341.00000     0.999998      1994525    524288.00
  4341.00000     0.999998      1994525    582542.22
  4341.00000     0.999998      1994525    655360.00
  4995.00000     0.999999      1994526    748982.86
  4995.00000     0.999999      1994526    873813.33
  5056.00000     0.999999      1994527   1048576.00
  5056.00000     0.999999      1994527   1165084.44
  5056.00000     0.999999      1994527   1310720.00
  5056.00000     0.999999      1994527   1497965.71
  5056.00000     0.999999      1994527   1747626.67
  5204.00000     1.000000      1994528   2097152.00
  5204.00000     1.000000      1994528          inf
#[Mean    =       14.417, StdDeviation   =        9.939]
#[Max     =     5204.000, Total count    =      1994528]
#[Buckets =           13, SubBuckets     =       262144]
       Value   Percentile   TotalCount 1/(1-Percentile)

    61.00000     0.000000            1         1.00
    98.00000     0.100000       688780         1.11
    98.00000     0.200000       688780         1.25
    98.00000     0.300000       688780         1.43
   111.00000     0.400000      1599372         1.67
   111.00000     0.500000      1599372         2.00
   111.00000     0.550000      1599372         2.22
   111.00000     0.600000      1599372         2.50
   111.00000     0.650000      1599372         2.86
   111.00000     0.700000      1599372         3.33
   111.00000     0.750000      1599372         4.00
   111.00000     0.775000      1599372         4.44
   111.00000     0.800000      1599372         5.00
   123.00000     0.825000      1783174         5.71
   123.00000     0.850000      1783174         6.67
   123.00000     0.875000      1783174         8.00
   123.00000     0.887500      1783174         8.89
   135.00000     0.900000      1967270        10.00
   135.00000     0.912500      1967270        11.43
   135.00000     0.925000      1967270        13.33
   135.00000     0.937500      1967270        16.00
   135.00000     0.943750      1967270        17.78
   135.00000     0.950000      1967270        20.00
   135.00000     0.956250      1967270        22.86
   135.00000     0.962500      1967270        26.67
   135.00000     0.968750      1967270        32.00
   135.00000     0.971875      1967270        35.56
   135.00000     0.975000      1967270        40.00
   135.00000     0.978125      1967270        45.71
   135.00000     0.981250      1967270        53.33
   135.00000     0.984375      1967270        64.00
   135.00000     0.985938      1967270        71.11
   148.00000     0.987500      1986694        80.00
   148.00000     0.989062      1986694        91.43
   148.00000     0.990625      1986694       106.67
   148.00000     0.992188      1986694       128.00
   148.00000     0.992969      1986694       142.22
   148.00000     0.993750      1986694       160.00
   148.00000     0.994531      1986694       182.86
   148.00000     0.995313      1986694       213.33
   160.00000     0.996094      1989214       256.00
   160.00000     0.996484      1989214       284.44
   160.00000     0.996875      1989214       320.00
   160.00000     0.997266      1989214       365.71
   172.00000     0.997656      1990108       426.67
   197.00000     0.998047      1990933       512.00
   209.00000     0.998242      1991165       568.89
   234.00000     0.998437      1991550       640.00
   271.00000     0.998633      1991859       731.43
   333.00000     0.998828      1992195       853.33
   456.00000     0.999023      1992608      1024.00
   542.00000     0.999121      1992781      1137.78
   653.00000     0.999219      1992979      1280.00
   764.00000     0.999316      1993171      1462.86
   900.00000     0.999414      1993363      1706.67
  1134.00000     0.999512      1993561      2048.00
  1270.00000     0.999561      1993653      2275.56
  1566.00000     0.999609      1993754      2560.00
  1899.00000     0.999658      1993847      2925.71
  2725.00000     0.999707      1993945      3413.33
  4107.00000     0.999756      1994043      4096.00
  4550.00000     0.999780      1994090      4551.11
  5550.00000     0.999805      1994139      5120.00
  7313.00000     0.999829      1994188      5851.43
  8954.00000     0.999854      1994236      6826.67
 10976.00000     0.999878      1994285      8192.00
 13307.00000     0.999890      1994309      9102.22
 15466.00000     0.999902      1994334     10240.00
 18389.00000     0.999915      1994359     11702.86
 22101.00000     0.999927      1994382     13653.33
 31844.00000     0.999939      1994407     16384.00
 43203.00000     0.999945      1994419     18204.44
 58139.00000     0.999951      1994431     20480.00
 85519.00000     0.999957      1994443     23405.71
135691.00000     0.999963      1994455     27306.67
154746.00000     0.999969      1994468     32768.00
162097.00000     0.999973      1994474     36408.89
166783.00000     0.999976      1994480     40960.00
175639.00000     0.999979      1994486     46811.43
183039.00000     0.999982      1994492     54613.33
191179.00000     0.999985      1994498     65536.00
195409.00000     0.999986      1994501     72817.78
204178.00000     0.999988      1994504     81920.00
206842.00000     0.999989      1994507     93622.86
211060.00000     0.999991      1994510    109226.67
216277.00000     0.999992      1994513    131072.00
217153.00000     0.999993      1994515    145635.56
220002.00000     0.999994      1994516    163840.00
224528.00000     0.999995      1994518    187245.71
225145.00000     0.999995      1994519    218453.33
232261.00000     0.999996      1994521    262144.00
237108.00000     0.999997      1994522    291271.11
237108.00000     0.999997      1994522    327680.00
239316.00000     0.999997      1994523    374491.43
241548.00000     0.999998      1994524    436906.67
241696.00000     0.999998      1994525    524288.00
241696.00000     0.999998      1994525    582542.22
241696.00000     0.999998      1994525    655360.00
250453.00000     0.999999      1994526    748982.86
250453.00000     0.999999      1994526    873813.33
261479.00000     0.999999      1994527   1048576.00
261479.00000     0.999999      1994527   1165084.44
261479.00000     0.999999      1994527   1310720.00
261479.00000     0.999999      1994527   1497965.71
261479.00000     0.999999      1994527   1747626.67
271111.00000     1.000000      1994528   2097152.00
271111.00000     1.000000      1994528          inf
#[Mean    =      121.547, StdDeviation   =     1216.303]
#[Max     =   271111.000, Total count    =      1994528]
#[Buckets =           13, SubBuckets     =       262144]
       Value   Percentile   TotalCount 1/(1-Percentile)

     0.00000     0.000000        13784         1.00
    37.00000     0.100000       435271         1.11
    37.00000     0.200000       435271         1.25
    49.00000     0.300000       794270         1.43
    61.00000     0.400000       858380         1.67
   123.00000     0.500000      1033944         2.00
   148.00000     0.550000      1160946         2.22
   160.00000     0.600000      1236833         2.50
   172.00000     0.650000      1306150         2.86
   197.00000     0.700000      1421384         3.33
   222.00000     0.750000      1516407         4.00
   234.00000     0.775000      1560359         4.44
   246.00000     0.800000      1602878         5.00
   271.00000     0.825000      1677885         5.71
   283.00000     0.850000      1708982         6.67
   308.00000     0.875000      1758097         8.00
   320.00000     0.887500      1777417         8.89
   345.00000     0.900000      1809959        10.00
   357.00000     0.912500      1824116        11.43
   382.00000     0.925000      1848953        13.33
   419.00000     0.937500      1878514        16.00
   431.00000     0.943750      1886791        17.78
   456.00000     0.950000      1901439        20.00
   468.00000     0.956250      1907990        22.86
   505.00000     0.962500      1924195        26.67
   530.00000     0.968750      1932269        32.00
   555.00000     0.971875      1938914        35.56
   579.00000     0.975000      1944771        40.00
   616.00000     0.978125      1951781        45.71
   666.00000     0.981250      1958152        53.33
   727.00000     0.984375      1963957        64.00
   777.00000     0.985938      1967209        71.11
   826.00000     0.987500      1969635        80.00
   925.00000     0.989062      1973040        91.43
  1085.00000     0.990625      1975878       106.67
  1566.00000     0.992188      1978958       128.00
  1924.00000     0.992969      1980527       142.22
  3046.00000     0.993750      1982146       160.00
  3157.00000     0.994531      1983768       182.86
  3231.00000     0.995313      1985405       213.33
  3305.00000     0.996094      1986926       256.00
  3342.00000     0.996484      1987588       284.44
  3391.00000     0.996875      1988308       320.00
  3478.00000     0.997266      1989159       365.71
  3589.00000     0.997656      1989876       426.67
  3786.00000     0.998047      1990645       512.00
  3934.00000     0.998242      1991036       568.89
  4131.00000     0.998437      1991418       640.00
  4378.00000     0.998633      1991803       731.43
  4686.00000     0.998828      1992193       853.33
  5044.00000     0.999023      1992581      1024.00
  5291.00000     0.999121      1992782      1137.78
  5525.00000     0.999219      1992976      1280.00
  5809.00000     0.999316      1993168      1462.86
  6117.00000     0.999414      1993361      1706.67
  6438.00000     0.999512      1993557      2048.00
  6610.00000     0.999561      1993655      2275.56
  6808.00000     0.999609      1993755      2560.00
  6993.00000     0.999658      1993853      2925.71
  7215.00000     0.999707      1993944      3413.33
  7486.00000     0.999756      1994044      4096.00
  7609.00000     0.999780      1994092      4551.11
  7782.00000     0.999805      1994139      5120.00
  7979.00000     0.999829      1994188      5851.43
  8214.00000     0.999854      1994237      6826.67
  8497.00000     0.999878      1994287      8192.00
  8633.00000     0.999890      1994310      9102.22
  8756.00000     0.999902      1994336     10240.00
  8954.00000     0.999915      1994358     11702.86
  9176.00000     0.999927      1994383     13653.33
  9533.00000     0.999939      1994407     16384.00
  9817.00000     0.999945      1994419     18204.44
 10113.00000     0.999951      1994431     20480.00
 10384.00000     0.999957      1994443     23405.71
 10754.00000     0.999963      1994455     27306.67
 11334.00000     0.999969      1994468     32768.00
 11531.00000     0.999973      1994474     36408.89
 12284.00000     0.999976      1994480     40960.00
 12765.00000     0.999979      1994486     46811.43
 13332.00000     0.999982      1994492     54613.33
 14664.00000     0.999985      1994498     65536.00
 16773.00000     0.999986      1994501     72817.78
 17969.00000     0.999988      1994504     81920.00
 18956.00000     0.999989      1994507     93622.86
 22742.00000     0.999991      1994510    109226.67
 33867.00000     0.999992      1994513    131072.00
 34262.00000     0.999993      1994515    145635.56
 34718.00000     0.999994      1994516    163840.00
 58805.00000     0.999995      1994518    187245.71
 62974.00000     0.999995      1994519    218453.33
 65749.00000     0.999996      1994521    262144.00
 91723.00000     0.999997      1994522    291271.11
 91723.00000     0.999997      1994522    327680.00
125368.00000     0.999997      1994523    374491.43
127662.00000     0.999998      1994524    436906.67
245963.00000     0.999998      1994525    524288.00
245963.00000     0.999998      1994525    582542.22
245963.00000     0.999998      1994525    655360.00
248233.00000     0.999999      1994526    748982.86
248233.00000     0.999999      1994526    873813.33
251439.00000     0.999999      1994527   1048576.00
251439.00000     0.999999      1994527   1165084.44
251439.00000     0.999999      1994527   1310720.00
251439.00000     0.999999      1994527   1497965.71
251439.00000     0.999999      1994527   1747626.67
280177.00000     1.000000      1994528   2097152.00
280177.00000     1.000000      1994528          inf
#[Mean    =      181.501, StdDeviation   =      545.056]
#[Max     =   280177.000, Total count    =      1994528]
#[Buckets =           13, SubBuckets     =       262144]
       Value   Percentile   TotalCount 1/(1-Percentile)

    86.00000     0.000000           11         1.00
   172.00000     0.100000       209321         1.11
   209.00000     0.200000       493618         1.25
   234.00000     0.300000       697314         1.43
   246.00000     0.400000       803799         1.67
   271.00000     0.500000      1019308         2.00
   283.00000     0.550000      1128245         2.22
   296.00000     0.600000      1237500         2.50
   308.00000     0.650000      1346886         2.86
   320.00000     0.700000      1454790         3.33
   333.00000     0.750000      1556939         4.00
   333.00000     0.775000      1556939         4.44
   345.00000     0.800000      1658198         5.00
   345.00000     0.825000      1658198         5.71
   357.00000     0.850000      1740078         6.67
   370.00000     0.875000      1783708         8.00
   370.00000     0.887500      1783708         8.89
   382.00000     0.900000      1835898        10.00
   382.00000     0.912500      1835898        11.43
   394.00000     0.925000      1888181        13.33
   394.00000     0.937500      1888181        16.00
   394.00000     0.943750      1888181        17.78
   407.00000     0.950000      1913517        20.00
   407.00000     0.956250      1913517        22.86
   419.00000     0.962500      1926682        26.67
   431.00000     0.968750      1936525        32.00
   444.00000     0.971875      1944483        35.56
   456.00000     0.975000      1950606        40.00
   468.00000     0.978125      1955037        45.71
   481.00000     0.981250      1958042        53.33
   530.00000     0.984375      1963855        64.00
   592.00000     0.985938      1966592        71.11
   715.00000     0.987500      1969734        80.00
   888.00000     0.989062      1972933        91.43
   986.00000     0.990625      1976010       106.67
  1097.00000     0.992188      1979148       128.00
  1245.00000     0.992969      1980625       142.22
  1393.00000     0.993750      1982162       160.00
  1591.00000     0.994531      1983655       182.86
  1714.00000     0.995313      1985218       213.33
  1998.00000     0.996094      1986760       256.00
  2183.00000     0.996484      1987551       284.44
  2380.00000     0.996875      1988358       320.00
  2639.00000     0.997266      1989097       365.71
  2935.00000     0.997656      1989877       426.67
  3367.00000     0.998047      1990639       512.00
  3552.00000     0.998242      1991035       568.89
  4008.00000     0.998437      1991418       640.00
  4341.00000     0.998633      1991804       731.43
  4884.00000     0.998828      1992192       853.33
  5389.00000     0.999023      1992585      1024.00
  5525.00000     0.999121      1992781      1137.78
  5685.00000     0.999219      1992974      1280.00
  6006.00000     0.999316      1993171      1462.86
  6302.00000     0.999414      1993360      1706.67
  6845.00000     0.999512      1993556      2048.00
  7178.00000     0.999561      1993654      2275.56
  7671.00000     0.999609      1993752      2560.00
  8312.00000     0.999658      1993847      2925.71
  9077.00000     0.999707      1993945      3413.33
 10261.00000     0.999756      1994042      4096.00
 11063.00000     0.999780      1994091      4551.11
 12123.00000     0.999805      1994139      5120.00
 13776.00000     0.999829      1994188      5851.43
 16206.00000     0.999854      1994236      6826.67
 19906.00000     0.999878      1994285      8192.00
 22064.00000     0.999890      1994309      9102.22
 24346.00000     0.999902      1994334     10240.00
 28120.00000     0.999915      1994358     11702.86
 31400.00000     0.999927      1994383     13653.33
 34434.00000     0.999939      1994407     16384.00
 36235.00000     0.999945      1994419     18204.44
 38233.00000     0.999951      1994431     20480.00
 41427.00000     0.999957      1994443     23405.71
 44622.00000     0.999963      1994455     27306.67
 48803.00000     0.999969      1994468     32768.00
 51269.00000     0.999973      1994474     36408.89
 55771.00000     0.999976      1994480     40960.00
 57769.00000     0.999979      1994486     46811.43
 60384.00000     0.999982      1994492     54613.33
 61728.00000     0.999985      1994498     65536.00
 65502.00000     0.999986      1994501     72817.78
 68203.00000     0.999988      1994504     81920.00
 69584.00000     0.999989      1994507     93622.86
 72754.00000     0.999991      1994510    109226.67
 76195.00000     0.999992      1994513    131072.00
 76984.00000     0.999993      1994515    145635.56
 77897.00000     0.999994      1994516    163840.00
 79106.00000     0.999995      1994518    187245.71
 79747.00000     0.999995      1994519    218453.33
 82596.00000     0.999996      1994521    262144.00
 84175.00000     0.999997      1994522    291271.11
 84175.00000     0.999997      1994522    327680.00
 85149.00000     0.999997      1994523    374491.43
 85753.00000     0.999998      1994524    436906.67
 86419.00000     0.999998      1994525    524288.00
 86419.00000     0.999998      1994525    582542.22
 86419.00000     0.999998      1994525    655360.00
 87739.00000     0.999999      1994526    748982.86
 87739.00000     0.999999      1994526    873813.33
 87788.00000     0.999999      1994527   1048576.00
 87788.00000     0.999999      1994527   1165084.44
 87788.00000     0.999999      1994527   1310720.00
 87788.00000     0.999999      1994527   1497965.71
 87788.00000     0.999999      1994527   1747626.67
 94128.00000     1.000000      1994528   2097152.00
 94128.00000     1.000000      1994528          inf
#[Mean    =      302.124, StdDeviation   =      567.446]
#[Max     =    94128.000, Total count    =      1994528]
#[Buckets =           13, SubBuckets     =       262144]
       Value   Percentile   TotalCount 1/(1-Percentile)

     0.00000     0.000000       294207         1.00
     0.00000     0.100000       294207         1.11
    12.00000     0.200000      1958209         1.25
    12.00000     0.300000      1958209         1.43
    12.00000     0.400000      1958209         1.67
    12.00000     0.500000      1958209         2.00
    12.00000     0.550000      1958209         2.22
    12.00000     0.600000      1958209         2.50
    12.00000     0.650000      1958209         2.86
    12.00000     0.700000      1958209         3.33
    12.00000     0.750000      1958209         4.00
    12.00000     0.775000      1958209         4.44
    12.00000     0.800000      1958209         5.00
    12.00000     0.825000      1958209         5.71
    12.00000     0.850000      1958209         6.67
    12.00000     0.875000      1958209         8.00
    12.00000     0.887500      1958209         8.89
    12.00000     0.900000      1958209        10.00
    12.00000     0.912500      1958209        11.43
    12.00000     0.925000      1958209        13.33
    12.00000     0.937500      1958209        16.00
    12.00000     0.943750      1958209        17.78
    12.00000     0.950000      1958209        20.00
    12.00000     0.956250      1958209        22.86
    12.00000     0.962500      1958209        26.67
    12.00000     0.968750      1958209        32.00
    12.00000     0.971875      1958209        35.56
    12.00000     0.975000      1958209        40.00
    12.00000     0.978125      1958209        45.71
    12.00000     0.981250      1958209        53.33
    24.00000     0.984375      1990015        64.00
    24.00000     0.985938      1990015        71.11
    24.00000     0.987500      1990015        80.00
    24.00000     0.989062      1990015        91.43
    24.00000     0.990625      1990015       106.67
    24.00000     0.992188      1990015       128.00
    24.00000     0.992969      1990015       142.22
    24.00000     0.993750      1990015       160.00
    24.00000     0.994531      1990015       182.86
    24.00000     0.995313      1990015       213.33
    24.00000     0.996094      1990015       256.00
    24.00000     0.996484      1990015       284.44
    24.00000     0.996875      1990015       320.00
    24.00000     0.997266      1990015       365.71
    24.00000     0.997656      1990015       426.67
    37.00000     0.998047      1992635       512.00
    37.00000     0.998242      1992635       568.89
    37.00000     0.998437      1992635       640.00
    37.00000     0.998633      1992635       731.43
    37.00000     0.998828      1992635       853.33
    37.00000     0.999023      1992635      1024.00
    49.00000     0.999121      1993664      1137.78
    49.00000     0.999219      1993664      1280.00
    49.00000     0.999316      1993664      1462.86
    49.00000     0.999414      1993664      1706.67
    49.00000     0.999512      1993664      2048.00
    49.00000     0.999561      1993664      2275.56
    61.00000     0.999609      1993952      2560.00
    61.00000     0.999658      1993952      2925.71
    61.00000     0.999707      1993952      3413.33
    74.00000     0.999756      1994100      4096.00
    74.00000     0.999780      1994100      4551.11
    86.00000     0.999805      1994163      5120.00
    98.00000     0.999829      1994194      5851.43
   111.00000     0.999854      1994247      6826.67
   148.00000     0.999878      1994294      8192.00
   160.00000     0.999890      1994312      9102.22
   185.00000     0.999902      1994342     10240.00
   222.00000     0.999915      1994360     11702.86
   320.00000     0.999927      1994382     13653.33
   407.00000     0.999939      1994408     16384.00
   505.00000     0.999945      1994419     18204.44
   604.00000     0.999951      1994433     20480.00
   641.00000     0.999957      1994443     23405.71
   764.00000     0.999963      1994455     27306.67
  1369.00000     0.999969      1994468     32768.00
  4464.00000     0.999973      1994474     36408.89
  5143.00000     0.999976      1994480     40960.00
  5217.00000     0.999979      1994486     46811.43
  5278.00000     0.999982      1994493     54613.33
  5340.00000     0.999985      1994499     65536.00
  5365.00000     0.999986      1994503     72817.78
  5377.00000     0.999988      1994506     81920.00
  5402.00000     0.999989      1994508     93622.86
  5426.00000     0.999991      1994510    109226.67
  5599.00000     0.999992      1994513    131072.00
  5833.00000     0.999993      1994515    145635.56
  5858.00000     0.999994      1994516    163840.00
  5957.00000     0.999995      1994518    187245.71
  6043.00000     0.999995      1994519    218453.33
  6573.00000     0.999996      1994521    262144.00
  6709.00000     0.999997      1994522    291271.11
  6709.00000     0.999997      1994522    327680.00
  6919.00000     0.999997      1994523    374491.43
  6980.00000     0.999998      1994524    436906.67
  6993.00000     0.999998      1994525    524288.00
  6993.00000     0.999998      1994525    582542.22
  6993.00000     0.999998      1994525    655360.00
  7079.00000     0.999999      1994526    748982.86
  7079.00000     0.999999      1994526    873813.33
  9373.00000     0.999999      1994527   1048576.00
  9373.00000     0.999999      1994527   1165084.44
  9373.00000     0.999999      1994527   1310720.00
  9373.00000     0.999999      1994527   1497965.71
  9373.00000     0.999999      1994527   1747626.67
 14997.00000     1.000000      1994528   2097152.00
 14997.00000     1.000000      1994528          inf
#[Mean    =       10.694, StdDeviation   =       32.377]
#[Max     =    14997.000, Total count    =      1994528]
#[Buckets =           13, SubBuckets     =       262144]
       Value   Percentile   TotalCount 1/(1-Percentile)

   616.00000     0.000000            1         1.00
   888.00000     0.100000       200567         1.11
   900.00000     0.200000       645321         1.25
   900.00000     0.300000       645321         1.43
   912.00000     0.400000      1221888         1.67
   912.00000     0.500000      1221888         2.00
   912.00000     0.550000      1221888         2.22
   912.00000     0.600000      1221888         2.50
   925.00000     0.650000      1512962         2.86
   925.00000     0.700000      1512962         3.33
   925.00000     0.750000      1512962         4.00
   937.00000     0.775000      1634131         4.44
   937.00000     0.800000      1634131         5.00
   949.00000     0.825000      1722291         5.71
   949.00000     0.850000      1722291         6.67
   962.00000     0.875000      1790813         8.00
   962.00000     0.887500      1790813         8.89
   974.00000     0.900000      1831271        10.00
   974.00000     0.912500      1831271        11.43
   986.00000     0.925000      1850777        13.33
  1023.00000     0.937500      1870258        16.00
  1147.00000     0.943750      1883625        17.78
  1208.00000     0.950000      1897238        20.00
  1270.00000     0.956250      1908910        22.86
  1356.00000     0.962500      1920971        26.67
  1455.00000     0.968750      1932835        32.00
  1529.00000     0.971875      1938540        35.56
  1850.00000     0.975000      1944692        40.00
  5796.00000     0.978125      1951112        45.71
  5883.00000     0.981250      1957798        53.33
  5932.00000     0.984375      1963984        64.00
  5957.00000     0.985938      1967461        71.11
  5981.00000     0.987500      1970785        80.00
  6006.00000     0.989062      1974124        91.43
  6030.00000     0.990625      1975938       106.67
  6055.00000     0.992188      1979786       128.00
  6068.00000     0.992969      1981011       142.22
  6080.00000     0.993750      1982089       160.00
  6105.00000     0.994531      1984013       182.86
  6129.00000     0.995313      1985582       213.33
  6154.00000     0.996094      1986896       256.00
  6179.00000     0.996484      1987894       284.44
  6191.00000     0.996875      1988314       320.00
  6228.00000     0.997266      1989310       365.71
  6265.00000     0.997656      1990069       426.67
  6314.00000     0.998047      1990761       512.00
  6339.00000     0.998242      1991034       568.89
  6388.00000     0.998437      1991457       640.00
  6438.00000     0.998633      1991806       731.43
  6524.00000     0.998828      1992203       853.33
  6696.00000     0.999023      1992581      1024.00
  6906.00000     0.999121      1992779      1137.78
  7215.00000     0.999219      1992972      1280.00
  7498.00000     0.999316      1993166      1462.86
  7671.00000     0.999414      1993372      1706.67
  7807.00000     0.999512      1993555      2048.00
  7893.00000     0.999561      1993664      2275.56
  7955.00000     0.999609      1993753      2560.00
  8041.00000     0.999658      1993857      2925.71
  8140.00000     0.999707      1993950      3413.33
  8250.00000     0.999756      1994042      4096.00
  8300.00000     0.999780      1994097      4551.11
  8362.00000     0.999805      1994139      5120.00
  8436.00000     0.999829      1994193      5851.43
  8522.00000     0.999854      1994238      6826.67
  8645.00000     0.999878      1994288      8192.00
  8719.00000     0.999890      1994314      9102.22
  8793.00000     0.999902      1994338     10240.00
  8880.00000     0.999915      1994362     11702.86
  8991.00000     0.999927      1994383     13653.33
  9126.00000     0.999939      1994408     16384.00
  9213.00000     0.999945      1994419     18204.44
  9422.00000     0.999951      1994433     20480.00
  9545.00000     0.999957      1994443     23405.71
 10212.00000     0.999963      1994455     27306.67
 10668.00000     0.999969      1994469     32768.00
 10902.00000     0.999973      1994474     36408.89
 11322.00000     0.999976      1994480     40960.00
 11507.00000     0.999979      1994486     46811.43
 12160.00000     0.999982      1994492     54613.33
 13406.00000     0.999985      1994498     65536.00
 13542.00000     0.999986      1994501     72817.78
 14306.00000     0.999988      1994504     81920.00
 15577.00000     0.999989      1994507     93622.86
 15897.00000     0.999991      1994510    109226.67
 16884.00000     0.999992      1994513    131072.00
 17168.00000     0.999993      1994515    145635.56
 17217.00000     0.999994      1994516    163840.00
 17328.00000     0.999995      1994518    187245.71
 17464.00000     0.999995      1994519    218453.33
 17760.00000     0.999996      1994521    262144.00
 17772.00000     0.999997      1994522    291271.11
 17772.00000     0.999997      1994522    327680.00
 18598.00000     0.999997      1994523    374491.43
 19585.00000     0.999998      1994524    436906.67
 19671.00000     0.999998      1994526    524288.00
 19671.00000     0.999998      1994526    582542.22
 19671.00000     0.999998      1994526    655360.00
 19671.00000     0.999999      1994526    748982.86
 19671.00000     0.999999      1994526    873813.33
 22792.00000     0.999999      1994527   1048576.00
 22792.00000     0.999999      1994527   1165084.44
 22792.00000     0.999999      1994527   1310720.00
 22792.00000     0.999999      1994527   1497965.71
 22792.00000     0.999999      1994527   1747626.67
 24642.00000     1.000000      1994528   2097152.00
 24642.00000     1.000000      1994528          inf
#[Mean    =     1053.555, StdDeviation   =      790.433]
#[Max     =    24642.000, Total count    =      1994528]
#[Buckets =           13, SubBuckets     =       262144]

=== EXCHANGE STDERR ===
matching tid: 50190
