=== CLIENT STDERR ===
=== Exchange load generator ===
  clients  : 10
  seed     : 870285231
  target   : 127.0.0.1:4000
  thread id: 50243
Ctrl-C to stop.


=== Stats ===
  elapsed         : 14.999 s
  requests sent   : 2584390
  ACK responses   : 2584380
  MATCH responses : 1484458
  ERR responses   : 0
  orders in flight: -10
  --- throughput ---
  requests/s      : 172307
  ACK/s           : 172306
  MATCH/s         : 98972
  ERR/s           : 0
  total resp/s    : 172306

=== EXCHANGE STDOUT ===
exchange tid: 50242
inbound thread: 50244
outbound thread: 50245
       Value   Percentile   TotalCount 1/(1-Percentile)

  2059.00000     0.000000            1         1.00
  2368.00000     0.100000       207580         1.11
  2417.00000     0.200000       420869         1.25
  2454.00000     0.300000       615207         1.43
  2491.00000     0.400000       819391         1.67
  2528.00000     0.500000      1013612         2.00
  2553.00000     0.550000      1130786         2.22
  2577.00000     0.600000      1232255         2.50
  2602.00000     0.650000      1319869         2.86
  2627.00000     0.700000      1395825         3.33
  2664.00000     0.750000      1491139         4.00
  2688.00000     0.775000      1543681         4.44
  2725.00000     0.800000      1607463         5.00
  2750.00000     0.825000      1641801         5.71
  2799.00000     0.850000      1695131         6.67
  2861.00000     0.875000      1741201         8.00
  2910.00000     0.887500      1768239         8.89
  2960.00000     0.900000      1789196        10.00
  3046.00000     0.912500      1816632        11.43
  3157.00000     0.925000      1840948        13.33
  3305.00000     0.937500      1864727        16.00
  3416.00000     0.943750      1876154        17.78
  3601.00000     0.950000      1888576        20.00
  3922.00000     0.956250      1900961        22.86
  4662.00000     0.962500      1913349        26.67
  6129.00000     0.968750      1925761        32.00
  7301.00000     0.971875      1932228        35.56
  7424.00000     0.975000      1938807        40.00
  7498.00000     0.978125      1945271        45.71
  7560.00000     0.981250      1951189        53.33
  7622.00000     0.984375      1956973        64.00
  7659.00000     0.985938      1960064        71.11
  7708.00000     0.987500      1963692        80.00
  7757.00000     0.989062      1966660        91.43
  7819.00000     0.990625      1969655       106.67
  7905.00000     0.992188      1972681       128.00
  7955.00000     0.992969      1973958       142.22
  8041.00000     0.993750      1975575       160.00
  8152.00000     0.994531      1977030       182.86
  8349.00000     0.995313      1978607       213.33
  8633.00000     0.996094      1980137       256.00
  8867.00000     0.996484      1980903       284.44
  9287.00000     0.996875      1981667       320.00
  9768.00000     0.997266      1982455       365.71
 10236.00000     0.997656      1983242       426.67
 10890.00000     0.998047      1983997       512.00
 11433.00000     0.998242      1984391       568.89
 12173.00000     0.998437      1984773       640.00
 13924.00000     0.998633      1985162       731.43
 18561.00000     0.998828      1985549       853.33
 27318.00000     0.999023      1985937      1024.00
 33744.00000     0.999121      1986131      1137.78
 40885.00000     0.999219      1986325      1280.00
 50221.00000     0.999316      1986520      1462.86
 56819.00000     0.999414      1986714      1706.67
 63146.00000     0.999512      1986908      2048.00
 68018.00000     0.999561      1987007      2275.56
 72803.00000     0.999609      1987102      2560.00
 77786.00000     0.999658      1987199      2925.71
 82929.00000     0.999707      1987296      3413.33
 86691.00000     0.999756      1987393      4096.00
 89194.00000     0.999780      1987442      4551.11
 93215.00000     0.999805      1987490      5120.00
 96804.00000     0.999829      1987539      5851.43
 99665.00000     0.999854      1987587      6826.67
100812.00000     0.999878      1987636      8192.00
103180.00000     0.999890      1987660      9102.22
104648.00000     0.999902      1987684     10240.00
105881.00000     0.999915      1987709     11702.86
109668.00000     0.999927      1987733     13653.33
120509.00000     0.999939      1987757     16384.00
130499.00000     0.999945      1987769     18204.44
143856.00000     0.999951      1987781     20480.00
157743.00000     0.999957      1987794     23405.71
170397.00000     0.999963      1987806     27306.67
188502.00000     0.999969      1987818     32768.00
192535.00000     0.999973      1987824     36408.89
199417.00000     0.999976      1987830     40960.00
207483.00000     0.999979      1987836     46811.43
213009.00000     0.999982      1987842     54613.33
219767.00000     0.999985      1987848     65536.00
226760.00000     0.999986      1987851     72817.78
234062.00000     0.999988      1987854     81920.00
240154.00000     0.999989      1987857     93622.86
251501.00000     0.999991      1987860    109226.67
257014.00000     0.999992      1987863    131072.00
263391.00000     0.999993      1987865    145635.56
263527.00000     0.999994      1987866    163840.00
270495.00000     0.999995      1987868    187245.71
274171.00000     0.999995      1987869    218453.33
285049.00000     0.999996      1987871    262144.00
295717.00000     0.999997      1987872    291271.11
295717.00000     0.999997      1987872    327680.00
297837.00000     0.999997      1987873    374491.43
318521.00000     0.999998      1987874    436906.67
412685.00000     0.999998      1987875    524288.00
412685.00000     0.999998      1987875    582542.22
412685.00000     0.999998      1987875    655360.00
433295.00000     0.999999      1987876    748982.86
433295.00000     0.999999      1987876    873813.33
497699.00000     0.999999      1987877   1048576.00
497699.00000     0.999999      1987877   1165084.44
497699.00000     0.999999      1987877   1310720.00
497699.00000     0.999999      1987877   1497965.71
497699.00000     0.999999      1987877   1747626.67
521035.00000     1.000000      1987878   2097152.00
521035.00000     1.000000      1987878          inf
#[Mean    =     2833.811, StdDeviation   =     2744.995]
#[Max     =   521035.000, Total count    =      1987878]
#[Buckets =           13, SubBuckets     =       262144]
       Value   Percentile   TotalCount 1/(1-Percentile)

   986.00000     0.000000            8         1.00
  1036.00000     0.100000       382110         1.11
  1048.00000     0.200000      1146423         1.25
  1048.00000     0.300000      1146423         1.43
  1048.00000     0.400000      1146423         1.67
  1048.00000     0.500000      1146423         2.00
  1048.00000     0.550000      1146423         2.22
  1060.00000     0.600000      1661096         2.50
  1060.00000     0.650000      1661096         2.86
  1060.00000     0.700000      1661096         3.33
  1060.00000     0.750000      1661096         4.00
  1060.00000     0.775000      1661096         4.44
  1060.00000     0.800000      1661096         5.00
  1060.00000     0.825000      1661096         5.71
  1073.00000     0.850000      1834644         6.67
  1073.00000     0.875000      1834644         8.00
  1073.00000     0.887500      1834644         8.89
  1073.00000     0.900000      1834644        10.00
  1073.00000     0.912500      1834644        11.43
  1085.00000     0.925000      1867195        13.33
  1085.00000     0.937500      1867195        16.00
  1110.00000     0.943750      1882914        17.78
  1134.00000     0.950000      1892303        20.00
  1196.00000     0.956250      1901705        22.86
  1307.00000     0.962500      1914621        26.67
  1356.00000     0.968750      1926955        32.00
  1381.00000     0.971875      1934247        35.56
  1406.00000     0.975000      1940917        40.00
  1430.00000     0.978125      1946563        45.71
  1455.00000     0.981250      1951330        53.33
  1492.00000     0.984375      1957161        64.00
  1517.00000     0.985938      1960722        71.11
  1541.00000     0.987500      1963947        80.00
  1566.00000     0.989062      1966827        91.43
  1591.00000     0.990625      1969502       106.67
  1628.00000     0.992188      1972993       128.00
  1640.00000     0.992969      1973928       142.22
  1665.00000     0.993750      1975488       160.00
  1702.00000     0.994531      1977454       182.86
  1726.00000     0.995313      1978564       213.33
  1776.00000     0.996094      1980422       256.00
  1800.00000     0.996484      1981147       284.44
  1837.00000     0.996875      1981826       320.00
  1924.00000     0.997266      1982458       365.71
  3515.00000     0.997656      1983222       426.67
  5759.00000     0.998047      1984008       512.00
  5920.00000     0.998242      1984394       568.89
  6043.00000     0.998437      1984772       640.00
  6203.00000     0.998633      1985164       731.43
  6351.00000     0.998828      1985554       853.33
  6512.00000     0.999023      1985961      1024.00
  6573.00000     0.999121      1986144      1137.78
  6635.00000     0.999219      1986329      1280.00
  6697.00000     0.999316      1986525      1462.86
  6783.00000     0.999414      1986732      1706.67
  6894.00000     0.999512      1986919      2048.00
  6956.00000     0.999561      1987017      2275.56
  7017.00000     0.999609      1987117      2560.00
  7091.00000     0.999658      1987212      2925.71
  7178.00000     0.999707      1987309      3413.33
  7276.00000     0.999756      1987399      4096.00
  7338.00000     0.999780      1987443      4551.11
  7461.00000     0.999805      1987492      5120.00
  7585.00000     0.999829      1987541      5851.43
  7720.00000     0.999854      1987589      6826.67
  8016.00000     0.999878      1987636      8192.00
  8177.00000     0.999890      1987660      9102.22
  8337.00000     0.999902      1987684     10240.00
  8559.00000     0.999915      1987710     11702.86
  8793.00000     0.999927      1987733     13653.33
  9040.00000     0.999939      1987757     16384.00
  9176.00000     0.999945      1987769     18204.44
  9348.00000     0.999951      1987782     20480.00
  9681.00000     0.999957      1987794     23405.71
 10088.00000     0.999963      1987807     27306.67
 10360.00000     0.999969      1987818     32768.00
 10656.00000     0.999973      1987824     36408.89
 11013.00000     0.999976      1987830     40960.00
 11346.00000     0.999979      1987836     46811.43
 11889.00000     0.999982      1987843     54613.33
 12136.00000     0.999985      1987848     65536.00
 12296.00000     0.999986      1987851     72817.78
 12863.00000     0.999988      1987854     81920.00
 13073.00000     0.999989      1987857     93622.86
 13320.00000     0.999991      1987860    109226.67
 14220.00000     0.999992      1987863    131072.00
 14541.00000     0.999993      1987865    145635.56
 14639.00000     0.999994      1987866    163840.00
 15404.00000     0.999995      1987868    187245.71
 16514.00000     0.999995      1987869    218453.33
 18167.00000     0.999996      1987871    262144.00
 20633.00000     0.999997      1987872    291271.11
 20633.00000     0.999997      1987872    327680.00
 21941.00000     0.999997      1987873    374491.43
 26948.00000     0.999998      1987874    436906.67
 33176.00000     0.999998      1987875    524288.00
 33176.00000     0.999998      1987875    582542.22
 33176.00000     0.999998      1987875    655360.00
 34459.00000     0.999999      1987876    748982.86
 34459.00000     0.999999      1987876    873813.33
 36124.00000     0.999999      1987877   1048576.00
 36124.00000     0.999999      1987877   1165084.44
 36124.00000     0.999999      1987877   1310720.00
 36124.00000     0.999999      1987877   1497965.71
 36124.00000     0.999999      1987877   1747626.67
 45177.00000     1.000000      1987878   2097152.00
 45177.00000     1.000000      1987878          inf
#[Mean    =     1082.073, StdDeviation   =      284.018]
#[Max     =    45177.000, Total count    =      1987878]
#[Buckets =           13, SubBuckets     =       262144]
       Value   Percentile   TotalCount 1/(1-Percentile)

     0.00000     0.000000       107466         1.00
    12.00000     0.100000      1503909         1.11
    12.00000     0.200000      1503909         1.25
    12.00000     0.300000      1503909         1.43
    12.00000     0.400000      1503909         1.67
    12.00000     0.500000      1503909         2.00
    12.00000     0.550000      1503909         2.22
    12.00000     0.600000      1503909         2.50
    12.00000     0.650000      1503909         2.86
    12.00000     0.700000      1503909         3.33
    12.00000     0.750000      1503909         4.00
    24.00000     0.775000      1979248         4.44
    24.00000     0.800000      1979248         5.00
    24.00000     0.825000      1979248         5.71
    24.00000     0.850000      1979248         6.67
    24.00000     0.875000      1979248         8.00
    24.00000     0.887500      1979248         8.89
    24.00000     0.900000      1979248        10.00
    24.00000     0.912500      1979248        11.43
    24.00000     0.925000      1979248        13.33
    24.00000     0.937500      1979248        16.00
    24.00000     0.943750      1979248        17.78
    24.00000     0.950000      1979248        20.00
    24.00000     0.956250      1979248        22.86
    24.00000     0.962500      1979248        26.67
    24.00000     0.968750      1979248        32.00
    24.00000     0.971875      1979248        35.56
    24.00000     0.975000      1979248        40.00
    24.00000     0.978125      1979248        45.71
    24.00000     0.981250      1979248        53.33
    24.00000     0.984375      1979248        64.00
    24.00000     0.985938      1979248        71.11
    24.00000     0.987500      1979248        80.00
    24.00000     0.989062      1979248        91.43
    24.00000     0.990625      1979248       106.67
    24.00000     0.992188      1979248       128.00
    24.00000     0.992969      1979248       142.22
    24.00000     0.993750      1979248       160.00
    24.00000     0.994531      1979248       182.86
    24.00000     0.995313      1979248       213.33
    37.00000     0.996094      1985221       256.00
    37.00000     0.996484      1985221       284.44
    37.00000     0.996875      1985221       320.00
    37.00000     0.997266      1985221       365.71
    37.00000     0.997656      1985221       426.67
    37.00000     0.998047      1985221       512.00
    37.00000     0.998242      1985221       568.89
    37.00000     0.998437      1985221       640.00
    37.00000     0.998633      1985221       731.43
    49.00000     0.998828      1987203       853.33
    49.00000     0.999023      1987203      1024.00
    49.00000     0.999121      1987203      1137.78
    49.00000     0.999219      1987203      1280.00
    49.00000     0.999316      1987203      1462.86
    49.00000     0.999414      1987203      1706.67
    49.00000     0.999512      1987203      2048.00
    49.00000     0.999561      1987203      2275.56
    49.00000     0.999609      1987203      2560.00
    49.00000     0.999658      1987203      2925.71
    61.00000     0.999707      1987702      3413.33
    61.00000     0.999756      1987702      4096.00
    61.00000     0.999780      1987702      4551.11
    61.00000     0.999805      1987702      5120.00
    61.00000     0.999829      1987702      5851.43
    61.00000     0.999854      1987702      6826.67
    61.00000     0.999878      1987702      8192.00
    61.00000     0.999890      1987702      9102.22
    61.00000     0.999902      1987702     10240.00
    74.00000     0.999915      1987788     11702.86
    74.00000     0.999927      1987788     13653.33
    74.00000     0.999939      1987788     16384.00
    74.00000     0.999945      1987788     18204.44
    74.00000     0.999951      1987788     20480.00
    86.00000     0.999957      1987811     23405.71
    86.00000     0.999963      1987811     27306.67
    98.00000     0.999969      1987821     32768.00
   111.00000     0.999973      1987832     36408.89
   111.00000     0.999976      1987832     40960.00
   123.00000     0.999979      1987836     46811.43
   148.00000     0.999982      1987851     54613.33
   148.00000     0.999985      1987851     65536.00
   148.00000     0.999986      1987851     72817.78
   160.00000     0.999988      1987856     81920.00
   172.00000     0.999989      1987859     93622.86
   185.00000     0.999991      1987860    109226.67
   259.00000     0.999992      1987863    131072.00
   271.00000     0.999993      1987865    145635.56
   308.00000     0.999994      1987867    163840.00
   320.00000     0.999995      1987869    187245.71
   320.00000     0.999995      1987869    218453.33
   641.00000     0.999996      1987871    262144.00
  3737.00000     0.999997      1987872    291271.11
  3737.00000     0.999997      1987872    327680.00
  3749.00000     0.999997      1987873    374491.43
  3946.00000     0.999998      1987874    436906.67
  3983.00000     0.999998      1987875    524288.00
  3983.00000     0.999998      1987875    582542.22
  3983.00000     0.999998      1987875    655360.00
  4699.00000     0.999999      1987876    748982.86
  4699.00000     0.999999      1987876    873813.33
  4847.00000     0.999999      1987877   1048576.00
  4847.00000     0.999999      1987877   1165084.44
  4847.00000     0.999999      1987877   1310720.00
  4847.00000     0.999999      1987877   1497965.71
  4847.00000     0.999999      1987877   1747626.67
  5500.00000     1.000000      1987878   2097152.00
  5500.00000     1.000000      1987878          inf
#[Mean    =       14.369, StdDeviation   =       10.459]
#[Max     =     5500.000, Total count    =      1987878]
#[Buckets =           13, SubBuckets     =       262144]
       Value   Percentile   TotalCount 1/(1-Percentile)

    61.00000     0.000000            1         1.00
    98.00000     0.100000       636595         1.11
    98.00000     0.200000       636595         1.25
    98.00000     0.300000       636595         1.43
   111.00000     0.400000      1590038         1.67
   111.00000     0.500000      1590038         2.00
   111.00000     0.550000      1590038         2.22
   111.00000     0.600000      1590038         2.50
   111.00000     0.650000      1590038         2.86
   111.00000     0.700000      1590038         3.33
   111.00000     0.750000      1590038         4.00
   111.00000     0.775000      1590038         4.44
   123.00000     0.800000      1771210         5.00
   123.00000     0.825000      1771210         5.71
   123.00000     0.850000      1771210         6.67
   123.00000     0.875000      1771210         8.00
   123.00000     0.887500      1771210         8.89
   135.00000     0.900000      1958983        10.00
   135.00000     0.912500      1958983        11.43
   135.00000     0.925000      1958983        13.33
   135.00000     0.937500      1958983        16.00
   135.00000     0.943750      1958983        17.78
   135.00000     0.950000      1958983        20.00
   135.00000     0.956250      1958983        22.86
   135.00000     0.962500      1958983        26.67
   135.00000     0.968750      1958983        32.00
   135.00000     0.971875      1958983        35.56
   135.00000     0.975000      1958983        40.00
   135.00000     0.978125      1958983        45.71
   135.00000     0.981250      1958983        53.33
   135.00000     0.984375      1958983        64.00
   147.00000     0.985938      1960400        71.11
   148.00000     0.987500      1979749        80.00
   148.00000     0.989062      1979749        91.43
   148.00000     0.990625      1979749       106.67
   148.00000     0.992188      1979749       128.00
   148.00000     0.992969      1979749       142.22
   148.00000     0.993750      1979749       160.00
   148.00000     0.994531      1979749       182.86
   148.00000     0.995313      1979749       213.33
   160.00000     0.996094      1982763       256.00
   160.00000     0.996484      1982763       284.44
   160.00000     0.996875      1982763       320.00
   160.00000     0.997266      1982763       365.71
   172.00000     0.997656      1983717       426.67
   185.00000     0.998047      1984243       512.00
   197.00000     0.998242      1984572       568.89
   209.00000     0.998437      1984814       640.00
   234.00000     0.998633      1985178       731.43
   296.00000     0.998828      1985596       853.33
   394.00000     0.999023      1985964      1024.00
   456.00000     0.999121      1986141      1137.78
   592.00000     0.999219      1986337      1280.00
   715.00000     0.999316      1986529      1462.86
   863.00000     0.999414      1986723      1706.67
  1097.00000     0.999512      1986912      2048.00
  1295.00000     0.999561      1987008      2275.56
  1591.00000     0.999609      1987104      2560.00
  2059.00000     0.999658      1987202      2925.71
  2997.00000     0.999707      1987296      3413.33
  4760.00000     0.999756      1987393      4096.00
  5439.00000     0.999780      1987442      4551.11
  6623.00000     0.999805      1987490      5120.00
  8214.00000     0.999829      1987539      5851.43
 10902.00000     0.999854      1987587      6826.67
 14097.00000     0.999878      1987636      8192.00
 16230.00000     0.999890      1987660      9102.22
 19560.00000     0.999902      1987684     10240.00
 22286.00000     0.999915      1987709     11702.86
 27207.00000     0.999927      1987733     13653.33
 35606.00000     0.999939      1987757     16384.00
 44523.00000     0.999945      1987769     18204.44
 51529.00000     0.999951      1987781     20480.00
 58287.00000     0.999957      1987794     23405.71
 75997.00000     0.999963      1987806     27306.67
 96175.00000     0.999969      1987818     32768.00
106572.00000     0.999973      1987824     36408.89
114675.00000     0.999976      1987830     40960.00
121224.00000     0.999979      1987836     46811.43
137171.00000     0.999982      1987842     54613.33
155449.00000     0.999985      1987848     65536.00
160148.00000     0.999986      1987851     72817.78
168794.00000     0.999988      1987854     81920.00
173739.00000     0.999989      1987857     93622.86
177439.00000     0.999991      1987860    109226.67
182508.00000     0.999992      1987863    131072.00
186381.00000     0.999993      1987865    145635.56
189748.00000     0.999994      1987866    163840.00
199787.00000     0.999995      1987868    187245.71
201576.00000     0.999995      1987869    218453.33
219447.00000     0.999996      1987871    262144.00
222456.00000     0.999997      1987872    291271.11
222456.00000     0.999997      1987872    327680.00
227525.00000     0.999997      1987873    374491.43
230386.00000     0.999998      1987874    436906.67
234086.00000     0.999998      1987875    524288.00
234086.00000     0.999998      1987875    582542.22
234086.00000     0.999998      1987875    655360.00
237022.00000     0.999999      1987876    748982.86
237022.00000     0.999999      1987876    873813.33
240450.00000     0.999999      1987877   1048576.00
240450.00000     0.999999      1987877   1165084.44
240450.00000     0.999999      1987877   1310720.00
240450.00000     0.999999      1987877   1497965.71
240450.00000     0.999999      1987877   1747626.67
246925.00000     1.000000      1987878   2097152.00
246925.00000     1.000000      1987878          inf
#[Mean    =      120.424, StdDeviation   =      978.784]
#[Max     =   246925.000, Total count    =      1987878]
#[Buckets =           13, SubBuckets     =       262144]
       Value   Percentile   TotalCount 1/(1-Percentile)

     0.00000     0.000000        16034         1.00
    37.00000     0.100000       431947         1.11
    37.00000     0.200000       431947         1.25
    49.00000     0.300000       790108         1.43
    61.00000     0.400000       857276         1.67
   111.00000     0.500000      1027981         2.00
   135.00000     0.550000      1151579         2.22
   148.00000     0.600000      1223082         2.50
   160.00000     0.650000      1296093         2.86
   185.00000     0.700000      1418604         3.33
   209.00000     0.750000      1516344         4.00
   222.00000     0.775000      1559270         4.44
   234.00000     0.800000      1600217         5.00
   259.00000     0.825000      1673230         5.71
   271.00000     0.850000      1703569         6.67
   296.00000     0.875000      1753347         8.00
   308.00000     0.887500      1773236         8.89
   320.00000     0.900000      1790673        10.00
   345.00000     0.912500      1820040        11.43
   370.00000     0.925000      1844043        13.33
   394.00000     0.937500      1863979        16.00
   419.00000     0.943750      1881178        17.78
   431.00000     0.950000      1888885        20.00
   456.00000     0.956250      1902513        22.86
   481.00000     0.962500      1913742        26.67
   518.00000     0.968750      1926873        32.00
   542.00000     0.971875      1933556        35.56
   567.00000     0.975000      1939088        40.00
   604.00000     0.978125      1945848        45.71
   641.00000     0.981250      1950759        53.33
   715.00000     0.984375      1957398        64.00
   764.00000     0.985938      1960529        71.11
   826.00000     0.987500      1963295        80.00
   925.00000     0.989062      1966207        91.43
  1171.00000     0.990625      1969250       106.67
  1665.00000     0.992188      1972354       128.00
  2022.00000     0.992969      1973933       142.22
  3071.00000     0.993750      1975510       160.00
  3182.00000     0.994531      1977146       182.86
  3256.00000     0.995313      1978676       213.33
  3330.00000     0.996094      1980131       256.00
  3391.00000     0.996484      1981038       284.44
  3453.00000     0.996875      1981748       320.00
  3552.00000     0.997266      1982527       365.71
  3687.00000     0.997656      1983233       426.67
  3959.00000     0.998047      1984020       512.00
  4156.00000     0.998242      1984398       568.89
  4366.00000     0.998437      1984781       640.00
  4588.00000     0.998633      1985170       731.43
  4834.00000     0.998828      1985561       853.33
  5130.00000     0.999023      1985938      1024.00
  5340.00000     0.999121      1986136      1137.78
  5562.00000     0.999219      1986325      1280.00
  5833.00000     0.999316      1986527      1462.86
  6129.00000     0.999414      1986716      1706.67
  6450.00000     0.999512      1986914      2048.00
  6586.00000     0.999561      1987013      2275.56
  6734.00000     0.999609      1987108      2560.00
  6931.00000     0.999658      1987201      2925.71
  7153.00000     0.999707      1987300      3413.33
  7400.00000     0.999756      1987394      4096.00
  7548.00000     0.999780      1987443      4551.11
  7708.00000     0.999805      1987491      5120.00
  7868.00000     0.999829      1987540      5851.43
  8127.00000     0.999854      1987590      6826.67
  8386.00000     0.999878      1987637      8192.00
  8571.00000     0.999890      1987660      9102.22
  8769.00000     0.999902      1987686     10240.00
  9003.00000     0.999915      1987709     11702.86
  9213.00000     0.999927      1987733     13653.33
  9509.00000     0.999939      1987757     16384.00
  9718.00000     0.999945      1987769     18204.44
 10014.00000     0.999951      1987782     20480.00
 10224.00000     0.999957      1987794     23405.71
 10495.00000     0.999963      1987806     27306.67
 11174.00000     0.999969      1987818     32768.00
 11371.00000     0.999973      1987824     36408.89
 11667.00000     0.999976      1987831     40960.00
 12074.00000     0.999979      1987836     46811.43
 13122.00000     0.999982      1987842     54613.33
 14072.00000     0.999985      1987848     65536.00
 16378.00000     0.999986      1987851     72817.78
 19190.00000     0.999988      1987854     81920.00
 25320.00000     0.999989      1987857     93622.86
 34447.00000     0.999991      1987860    109226.67
 35199.00000     0.999992      1987863    131072.00
 45103.00000     0.999993      1987865    145635.56
 51084.00000     0.999994      1987866    163840.00
 64873.00000     0.999995      1987868    187245.71
 65465.00000     0.999995      1987869    218453.33
 66082.00000     0.999996      1987871    262144.00
 69646.00000     0.999997      1987872    291271.11
 69646.00000     0.999997      1987872    327680.00
121471.00000     0.999997      1987873    374491.43
127415.00000     0.999998      1987874    436906.67
127847.00000     0.999998      1987875    524288.00
127847.00000     0.999998      1987875    582542.22
127847.00000     0.999998      1987875    655360.00
129586.00000     0.999999      1987876    748982.86
129586.00000     0.999999      1987876    873813.33
243632.00000     0.999999      1987877   1048576.00
243632.00000     0.999999      1987877   1165084.44
243632.00000     0.999999      1987877   1310720.00
243632.00000     0.999999      1987877   1497965.71
243632.00000     0.999999      1987877   1747626.67
253659.00000     1.000000      1987878   2097152.00
253659.00000     1.000000      1987878          inf
#[Mean    =      175.660, StdDeviation   =      499.767]
#[Max     =   253659.000, Total count    =      1987878]
#[Buckets =           13, SubBuckets     =       262144]
       Value   Percentile   TotalCount 1/(1-Percentile)

    86.00000     0.000000           10         1.00
   172.00000     0.100000       218368         1.11
   197.00000     0.200000       406066         1.25
   222.00000     0.300000       611169         1.43
   246.00000     0.400000       821584         1.67
   271.00000     0.500000      1035381         2.00
   283.00000     0.550000      1143958         2.22
   296.00000     0.600000      1252877         2.50
   308.00000     0.650000      1361394         2.86
   320.00000     0.700000      1469031         3.33
   333.00000     0.750000      1571140         4.00
   333.00000     0.775000      1571140         4.44
   345.00000     0.800000      1671840         5.00
   345.00000     0.825000      1671840         5.71
   357.00000     0.850000      1751790         6.67
   357.00000     0.875000      1751790         8.00
   370.00000     0.887500      1795799         8.89
   370.00000     0.900000      1795799        10.00
   382.00000     0.912500      1849028        11.43
   382.00000     0.925000      1849028        13.33
   394.00000     0.937500      1895957        16.00
   394.00000     0.943750      1895957        17.78
   394.00000     0.950000      1895957        20.00
   407.00000     0.956250      1916265        22.86
   407.00000     0.962500      1916265        26.67
   419.00000     0.968750      1926687        32.00
   431.00000     0.971875      1934290        35.56
   444.00000     0.975000      1940545        40.00
   456.00000     0.978125      1945436        45.71
   481.00000     0.981250      1951610        53.33
   542.00000     0.984375      1957388        64.00
   629.00000     0.985938      1960094        71.11
   777.00000     0.987500      1963049        80.00
   962.00000     0.989062      1966446        91.43
  1048.00000     0.990625      1969385       106.67
  1270.00000     0.992188      1972352       128.00
  1418.00000     0.992969      1973902       142.22
  1628.00000     0.993750      1975469       160.00
  1776.00000     0.994531      1977103       182.86
  2133.00000     0.995313      1978598       213.33
  2516.00000     0.996094      1980141       256.00
  2849.00000     0.996484      1980929       284.44
  3231.00000     0.996875      1981679       320.00
  3663.00000     0.997266      1982453       365.71
  4452.00000     0.997656      1983223       426.67
  5365.00000     0.998047      1984006       512.00
  5624.00000     0.998242      1984385       568.89
  6154.00000     0.998437      1984777       640.00
  7165.00000     0.998633      1985163       731.43
  9805.00000     0.998828      1985551       853.33
 16502.00000     0.999023      1985937      1024.00
 23236.00000     0.999121      1986132      1137.78
 29168.00000     0.999219      1986325      1280.00
 36753.00000     0.999316      1986520      1462.86
 44905.00000     0.999414      1986714      1706.67
 52034.00000     0.999512      1986908      2048.00
 55660.00000     0.999561      1987006      2275.56
 60704.00000     0.999609      1987103      2560.00
 65551.00000     0.999658      1987199      2925.71
 68524.00000     0.999707      1987296      3413.33
 75184.00000     0.999756      1987393      4096.00
 76886.00000     0.999780      1987442      4551.11
 78218.00000     0.999805      1987490      5120.00
 82312.00000     0.999829      1987539      5851.43
 86555.00000     0.999854      1987587      6826.67
 91266.00000     0.999878      1987636      8192.00
 92598.00000     0.999890      1987661      9102.22
 93005.00000     0.999902      1987684     10240.00
 93351.00000     0.999915      1987709     11702.86
 93881.00000     0.999927      1987733     13653.33
 97162.00000     0.999939      1987757     16384.00
 97988.00000     0.999945      1987769     18204.44
 98543.00000     0.999951      1987781     20480.00
 99098.00000     0.999957      1987794     23405.71
101293.00000     0.999963      1987806     27306.67
103735.00000     0.999969      1987818     32768.00
106917.00000     0.999973      1987824     36408.89
111148.00000     0.999976      1987830     40960.00
113960.00000     0.999979      1987836     46811.43
121927.00000     0.999982      1987842     54613.33
136332.00000     0.999985      1987848     65536.00
171976.00000     0.999986      1987851     72817.78
180535.00000     0.999988      1987854     81920.00
185851.00000     0.999989      1987857     93622.86
194151.00000     0.999991      1987860    109226.67
204585.00000     0.999992      1987863    131072.00
205905.00000     0.999993      1987865    145635.56
207360.00000     0.999994      1987866    163840.00
222172.00000     0.999995      1987868    187245.71
224762.00000     0.999995      1987869    218453.33
244015.00000     0.999996      1987871    262144.00
257273.00000     0.999997      1987872    291271.11
257273.00000     0.999997      1987872    327680.00
288625.00000     0.999997      1987873    374491.43
291523.00000     0.999998      1987874    436906.67
384541.00000     0.999998      1987875    524288.00
384541.00000     0.999998      1987875    582542.22
384541.00000     0.999998      1987875    655360.00
402351.00000     0.999999      1987876    748982.86
402351.00000     0.999999      1987876    873813.33
466731.00000     0.999999      1987877   1048576.00
466731.00000     0.999999      1987877   1165084.44
466731.00000     0.999999      1987877   1310720.00
466731.00000     0.999999      1987877   1497965.71
466731.00000     0.999999      1987877   1747626.67
505137.00000     1.000000      1987878   2097152.00
505137.00000     1.000000      1987878          inf
#[Mean    =      351.385, StdDeviation   =     2111.404]
#[Max     =   505137.000, Total count    =      1987878]
#[Buckets =           13, SubBuckets     =       262144]
       Value   Percentile   TotalCount 1/(1-Percentile)

     0.00000     0.000000       288952         1.00
     0.00000     0.100000       288952         1.11
    12.00000     0.200000      1949964         1.25
    12.00000     0.300000      1949964         1.43
    12.00000     0.400000      1949964         1.67
    12.00000     0.500000      1949964         2.00
    12.00000     0.550000      1949964         2.22
    12.00000     0.600000      1949964         2.50
    12.00000     0.650000      1949964         2.86
    12.00000     0.700000      1949964         3.33
    12.00000     0.750000      1949964         4.00
    12.00000     0.775000      1949964         4.44
    12.00000     0.800000      1949964         5.00
    12.00000     0.825000      1949964         5.71
    12.00000     0.850000      1949964         6.67
    12.00000     0.875000      1949964         8.00
    12.00000     0.887500      1949964         8.89
    12.00000     0.900000      1949964        10.00
    12.00000     0.912500      1949964        11.43
    12.00000     0.925000      1949964        13.33
    12.00000     0.937500      1949964        16.00
    12.00000     0.943750      1949964        17.78
    12.00000     0.950000      1949964        20.00
    12.00000     0.956250      1949964        22.86
    12.00000     0.962500      1949964        26.67
    12.00000     0.968750      1949964        32.00
    12.00000     0.971875      1949964        35.56
    12.00000     0.975000      1949964        40.00
    12.00000     0.978125      1949964        45.71
    24.00000     0.981250      1983208        53.33
    24.00000     0.984375      1983208        64.00
    24.00000     0.985938      1983208        71.11
    24.00000     0.987500      1983208        80.00
    24.00000     0.989062      1983208        91.43
    24.00000     0.990625      1983208       106.67
    24.00000     0.992188      1983208       128.00
    24.00000     0.992969      1983208       142.22
    24.00000     0.993750      1983208       160.00
    24.00000     0.994531      1983208       182.86
    24.00000     0.995313      1983208       213.33
    24.00000     0.996094      1983208       256.00
    24.00000     0.996484      1983208       284.44
    24.00000     0.996875      1983208       320.00
    24.00000     0.997266      1983208       365.71
    37.00000     0.997656      1985699       426.67
    37.00000     0.998047      1985699       512.00
    37.00000     0.998242      1985699       568.89
    37.00000     0.998437      1985699       640.00
    37.00000     0.998633      1985699       731.43
    37.00000     0.998828      1985699       853.33
    49.00000     0.999023      1986788      1024.00
    49.00000     0.999121      1986788      1137.78
    49.00000     0.999219      1986788      1280.00
    49.00000     0.999316      1986788      1462.86
    49.00000     0.999414      1986788      1706.67
    61.00000     0.999512      1987186      2048.00
    61.00000     0.999561      1987186      2275.56
    61.00000     0.999609      1987186      2560.00
    74.00000     0.999658      1987364      2925.71
    74.00000     0.999707      1987364      3413.33
    86.00000     0.999756      1987471      4096.00
    86.00000     0.999780      1987471      4551.11
    98.00000     0.999805      1987517      5120.00
   111.00000     0.999829      1987574      5851.43
   123.00000     0.999854      1987595      6826.67
   148.00000     0.999878      1987636      8192.00
   160.00000     0.999890      1987663      9102.22
   185.00000     0.999902      1987699     10240.00
   197.00000     0.999915      1987712     11702.86
   283.00000     0.999927      1987734     13653.33
   333.00000     0.999939      1987762     16384.00
   370.00000     0.999945      1987769     18204.44
   493.00000     0.999951      1987782     20480.00
   592.00000     0.999957      1987795     23405.71
   653.00000     0.999963      1987806     27306.67
   814.00000     0.999969      1987819     32768.00
  1048.00000     0.999973      1987824     36408.89
  4699.00000     0.999976      1987830     40960.00
  5093.00000     0.999979      1987836     46811.43
  5180.00000     0.999982      1987844     54613.33
  5229.00000     0.999985      1987848     65536.00
  5254.00000     0.999986      1987851     72817.78
  5278.00000     0.999988      1987854     81920.00
  5315.00000     0.999989      1987857     93622.86
  5328.00000     0.999991      1987860    109226.67
  5365.00000     0.999992      1987864    131072.00
  5377.00000     0.999993      1987865    145635.56
  5389.00000     0.999994      1987867    163840.00
  5402.00000     0.999995      1987868    187245.71
  5451.00000     0.999995      1987869    218453.33
  5624.00000     0.999996      1987871    262144.00
  5698.00000     0.999997      1987872    291271.11
  5698.00000     0.999997      1987872    327680.00
  5772.00000     0.999997      1987873    374491.43
  6401.00000     0.999998      1987874    436906.67
  6721.00000     0.999998      1987875    524288.00
  6721.00000     0.999998      1987875    582542.22
  6721.00000     0.999998      1987875    655360.00
  6993.00000     0.999999      1987876    748982.86
  6993.00000     0.999999      1987876    873813.33
  7054.00000     0.999999      1987877   1048576.00
  7054.00000     0.999999      1987877   1165084.44
  7054.00000     0.999999      1987877   1310720.00
  7054.00000     0.999999      1987877   1497965.71
  7054.00000     0.999999      1987877   1747626.67
  7424.00000     1.000000      1987878   2097152.00
  7424.00000     1.000000      1987878          inf
#[Mean    =       10.707, StdDeviation   =       28.187]
#[Max     =     7424.000, Total count    =      1987878]
#[Buckets =           13, SubBuckets     =       262144]
       Value   Percentile   TotalCount 1/(1-Percentile)

   629.00000     0.000000            5         1.00
   912.00000     0.100000       321150         1.11
   925.00000     0.200000       861036         1.25
   925.00000     0.300000       861036         1.43
   925.00000     0.400000       861036         1.67
   937.00000     0.500000      1361062         2.00
   937.00000     0.550000      1361062         2.22
   937.00000     0.600000      1361062         2.50
   937.00000     0.650000      1361062         2.86
   949.00000     0.700000      1578594         3.33
   949.00000     0.750000      1578594         4.00
   949.00000     0.775000      1578594         4.44
   961.00000     0.800000      1595050         5.00
   962.00000     0.825000      1668920         5.71
   974.00000     0.850000      1748154         6.67
   974.00000     0.875000      1748154         8.00
   986.00000     0.887500      1805933         8.89
   986.00000     0.900000      1805933        10.00
   999.00000     0.912500      1837642        11.43
  1011.00000     0.925000      1852741        13.33
  1036.00000     0.937500      1864972        16.00
  1122.00000     0.943750      1876249        17.78
  1196.00000     0.950000      1889081        20.00
  1258.00000     0.956250      1901234        22.86
  1356.00000     0.962500      1914257        26.67
  1467.00000     0.968750      1926119        32.00
  1566.00000     0.971875      1932180        35.56
  2886.00000     0.975000      1938187        40.00
  5821.00000     0.978125      1944685        45.71
  5895.00000     0.981250      1951142        53.33
  5944.00000     0.984375      1957460        64.00
  5969.00000     0.985938      1960964        71.11
  5993.00000     0.987500      1963040        80.00
  6018.00000     0.989062      1967763        91.43
  6031.00000     0.990625      1969384       106.67
  6067.00000     0.992188      1972492       128.00
  6080.00000     0.992969      1974799       142.22
  6092.00000     0.993750      1975835       160.00
  6117.00000     0.994531      1977648       182.86
  6141.00000     0.995313      1978644       213.33
  6166.00000     0.996094      1980482       256.00
  6179.00000     0.996484      1980984       284.44
  6203.00000     0.996875      1981816       320.00
  6228.00000     0.997266      1982504       365.71
  6265.00000     0.997656      1983247       426.67
  6327.00000     0.998047      1984090       512.00
  6363.00000     0.998242      1984397       568.89
  6401.00000     0.998437      1984818       640.00
  6462.00000     0.998633      1985220       731.43
  6536.00000     0.998828      1985554       853.33
  6734.00000     0.999023      1985949      1024.00
  6968.00000     0.999121      1986142      1137.78
  7313.00000     0.999219      1986327      1280.00
  7523.00000     0.999316      1986523      1462.86
  7671.00000     0.999414      1986714      1706.67
  7819.00000     0.999512      1986912      2048.00
  7905.00000     0.999561      1987005      2275.56
  7992.00000     0.999609      1987109      2560.00
  8103.00000     0.999658      1987208      2925.71
  8201.00000     0.999707      1987305      3413.33
  8300.00000     0.999756      1987401      4096.00
  8362.00000     0.999780      1987445      4551.11
  8436.00000     0.999805      1987495      5120.00
  8534.00000     0.999829      1987543      5851.43
  8707.00000     0.999854      1987590      6826.67
  8904.00000     0.999878      1987636      8192.00
  9003.00000     0.999890      1987662      9102.22
  9089.00000     0.999902      1987686     10240.00
  9225.00000     0.999915      1987710     11702.86
  9459.00000     0.999927      1987734     13653.33
  9792.00000     0.999939      1987757     16384.00
 10175.00000     0.999945      1987769     18204.44
 10471.00000     0.999951      1987781     20480.00
 11198.00000     0.999957      1987794     23405.71
 11840.00000     0.999963      1987806     27306.67
 13196.00000     0.999969      1987818     32768.00
 15219.00000     0.999973      1987824     36408.89
 16316.00000     0.999976      1987830     40960.00
 17550.00000     0.999979      1987836     46811.43
 20831.00000     0.999982      1987842     54613.33
 22446.00000     0.999985      1987850     65536.00
 23001.00000     0.999986      1987852     72817.78
 24013.00000     0.999988      1987854     81920.00
 26035.00000     0.999989      1987858     93622.86
 26430.00000     0.999991      1987860    109226.67
 26973.00000     0.999992      1987863    131072.00
 27861.00000     0.999993      1987866    145635.56
 27861.00000     0.999994      1987866    163840.00
 28724.00000     0.999995      1987868    187245.71
 28909.00000     0.999995      1987870    218453.33
 29008.00000     0.999996      1987871    262144.00
 30882.00000     0.999997      1987872    291271.11
 30882.00000     0.999997      1987872    327680.00
 32387.00000     0.999997      1987873    374491.43
 32769.00000     0.999998      1987874    436906.67
 32954.00000     0.999998      1987876    524288.00
 32954.00000     0.999998      1987876    582542.22
 32954.00000     0.999998      1987876    655360.00
 32954.00000     0.999999      1987876    748982.86
 32954.00000     0.999999      1987876    873813.33
 34052.00000     0.999999      1987877   1048576.00
 34052.00000     0.999999      1987877   1165084.44
 34052.00000     0.999999      1987877   1310720.00
 34052.00000     0.999999      1987877   1497965.71
 34052.00000     0.999999      1987877   1747626.67
 65009.00000     1.000000      1987878   2097152.00
 65009.00000     1.000000      1987878          inf
#[Mean    =     1077.174, StdDeviation   =      809.685]
#[Max     =    65009.000, Total count    =      1987878]
#[Buckets =           13, SubBuckets     =       262144]

=== EXCHANGE STDERR ===
matching tid: 50246
