=== CLIENT STDERR ===
=== Exchange load generator ===
  clients  : 10
  seed     : 1329539105
  target   : 127.0.0.1:4000
  thread id: 50400
Ctrl-C to stop.


=== Stats ===
  elapsed         : 14.999 s
  requests sent   : 2549866
  ACK responses   : 2549856
  MATCH responses : 1462439
  ERR responses   : 0
  orders in flight: -10
  --- throughput ---
  requests/s      : 170003
  ACK/s           : 170003
  MATCH/s         : 97503
  ERR/s           : 0
  total resp/s    : 170003

=== EXCHANGE STDOUT ===
exchange tid: 50398
inbound thread: 50401
outbound thread: 50402
       Value   Percentile   TotalCount 1/(1-Percentile)

  2072.00000     0.000000            1         1.00
  2368.00000     0.100000       201591         1.11
  2417.00000     0.200000       413583         1.25
  2454.00000     0.300000       604186         1.43
  2491.00000     0.400000       802057         1.67
  2528.00000     0.500000       983037         2.00
  2553.00000     0.550000      1090949         2.22
  2577.00000     0.600000      1184346         2.50
  2614.00000     0.650000      1298909         2.86
  2651.00000     0.700000      1388942         3.33
  2701.00000     0.750000      1479701         4.00
  2738.00000     0.775000      1530013         4.44
  2775.00000     0.800000      1570388         5.00
  2836.00000     0.825000      1621612         5.71
  2910.00000     0.850000      1668635         6.67
  3009.00000     0.875000      1717394         8.00
  3071.00000     0.887500      1742230         8.89
  3145.00000     0.900000      1766856        10.00
  3231.00000     0.912500      1790187        11.43
  3354.00000     0.925000      1815118        13.33
  3552.00000     0.937500      1839623        16.00
  3700.00000     0.943750      1851312        17.78
  3934.00000     0.950000      1863021        20.00
  4366.00000     0.956250      1875220        22.86
  5710.00000     0.962500      1887481        26.67
  7326.00000     0.968750      1900018        32.00
  7437.00000     0.971875      1906537        35.56
  7511.00000     0.975000      1912955        40.00
  7572.00000     0.978125      1918517        45.71
  7646.00000     0.981250      1924690        53.33
  7733.00000     0.984375      1930407        64.00
  7807.00000     0.985938      1933833        71.11
  7893.00000     0.987500      1936747        80.00
  8016.00000     0.989062      1939618        91.43
  8275.00000     0.990625      1942662       106.67
  8793.00000     0.992188      1945697       128.00
  9250.00000     0.992969      1947247       142.22
  9792.00000     0.993750      1948780       160.00
 10483.00000     0.994531      1950287       182.86
 11815.00000     0.995313      1951813       213.33
 16329.00000     0.996094      1953346       256.00
 20868.00000     0.996484      1954112       284.44
 29649.00000     0.996875      1954878       320.00
 36642.00000     0.997266      1955643       365.71
 46114.00000     0.997656      1956413       426.67
 56116.00000     0.998047      1957177       512.00
 61568.00000     0.998242      1957558       568.89
 64836.00000     0.998437      1957941       640.00
 69893.00000     0.998633      1958324       731.43
 74111.00000     0.998828      1958708       853.33
 82288.00000     0.999023      1959091      1024.00
 83755.00000     0.999121      1959286      1137.78
 86543.00000     0.999219      1959473      1280.00
 89700.00000     0.999316      1959665      1462.86
 94485.00000     0.999414      1959856      1706.67
 99234.00000     0.999512      1960050      2048.00
 99752.00000     0.999561      1960148      2275.56
100245.00000     0.999609      1960239      2560.00
104241.00000     0.999658      1960335      2925.71
105536.00000     0.999707      1960431      3413.33
110741.00000     0.999756      1960528      4096.00
120324.00000     0.999780      1960575      4551.11
137122.00000     0.999805      1960622      5120.00
162627.00000     0.999829      1960670      5851.43
185246.00000     0.999854      1960718      6826.67
216450.00000     0.999878      1960766      8192.00
232619.00000     0.999890      1960790      9102.22
247653.00000     0.999902      1960814     10240.00
261121.00000     0.999915      1960838     11702.86
282581.00000     0.999927      1960862     13653.33
303671.00000     0.999939      1960886     16384.00
315437.00000     0.999945      1960898     18204.44
323725.00000     0.999951      1960910     20480.00
336343.00000     0.999957      1960922     23405.71
354669.00000     0.999963      1960934     27306.67
387489.00000     0.999969      1960946     32768.00
401289.00000     0.999973      1960952     36408.89
417805.00000     0.999976      1960958     40960.00
451203.00000     0.999979      1960964     46811.43
513313.00000     0.999982      1960970     54613.33
883267.00000     0.999985      1960976     65536.00
897783.00000     0.999986      1960979     72817.78
950099.00000     0.999988      1960982     81920.00
2061975.00000     0.999989      1960987     93622.86
2812927.00000     0.999991      1960989    109226.67
4809311.00000     0.999992      1960991    131072.00
4834463.00000     0.999993      1960992    145635.56
4858655.00000     0.999994      1960994    163840.00
4864927.00000     0.999995      1960995    187245.71
4880799.00000     0.999995      1960997    218453.33
4883231.00000     0.999996      1960998    262144.00
4912575.00000     0.999997      1960999    291271.11
4927007.00000     0.999997      1961000    327680.00
4927007.00000     0.999997      1961000    374491.43
4928031.00000     0.999998      1961001    436906.67
4941983.00000     0.999998      1961002    524288.00
4941983.00000     0.999998      1961002    582542.22
4945599.00000     0.999998      1961003    655360.00
4945599.00000     0.999999      1961003    748982.86
4945599.00000     0.999999      1961003    873813.33
4956767.00000     0.999999      1961004   1048576.00
4956767.00000     0.999999      1961004   1165084.44
4956767.00000     0.999999      1961004   1310720.00
4956767.00000     0.999999      1961004   1497965.71
4956767.00000     0.999999      1961004   1747626.67
4972479.00000     1.000000      1961005   2097152.00
4972479.00000     1.000000      1961005          inf
#[Mean    =     3089.914, StdDeviation   =    15522.594]
#[Max     =  4972479.000, Total count    =      1961005]
#[Buckets =           13, SubBuckets     =       262144]
       Value   Percentile   TotalCount 1/(1-Percentile)

   986.00000     0.000000            2         1.00
  1048.00000     0.100000       675757         1.11
  1048.00000     0.200000       675757         1.25
  1048.00000     0.300000       675757         1.43
  1060.00000     0.400000      1341266         1.67
  1060.00000     0.500000      1341266         2.00
  1060.00000     0.550000      1341266         2.22
  1060.00000     0.600000      1341266         2.50
  1060.00000     0.650000      1341266         2.86
  1073.00000     0.700000      1669991         3.33
  1073.00000     0.750000      1669991         4.00
  1073.00000     0.775000      1669991         4.44
  1073.00000     0.800000      1669991         5.00
  1073.00000     0.825000      1669991         5.71
  1073.00000     0.850000      1669991         6.67
  1085.00000     0.875000      1741299         8.00
  1085.00000     0.887500      1741299         8.89
  1110.00000     0.900000      1767634        10.00
  1159.00000     0.912500      1791920        11.43
  1258.00000     0.925000      1815640        13.33
  1307.00000     0.937500      1838455        16.00
  1332.00000     0.943750      1851488        17.78
  1356.00000     0.950000      1864307        20.00
  1381.00000     0.956250      1875765        22.86
  1418.00000     0.962500      1888909        26.67
  1467.00000     0.968750      1902079        32.00
  1492.00000     0.971875      1908385        35.56
  1517.00000     0.975000      1914973        40.00
  1529.00000     0.978125      1918328        45.71
  1554.00000     0.981250      1924519        53.33
  1591.00000     0.984375      1932379        64.00
  1603.00000     0.985938      1934615        71.11
  1615.00000     0.987500      1936688        80.00
  1640.00000     0.989062      1940205        91.43
  1665.00000     0.990625      1942842       106.67
  1702.00000     0.992188      1946018       128.00
  1726.00000     0.992969      1947632       142.22
  1751.00000     0.993750      1949087       160.00
  1776.00000     0.994531      1950490       182.86
  1813.00000     0.995313      1952141       213.33
  1887.00000     0.996094      1953385       256.00
  2072.00000     0.996484      1954117       284.44
  2368.00000     0.996875      1954888       320.00
  2812.00000     0.997266      1955649       365.71
  4045.00000     0.997656      1956410       426.67
  5809.00000     0.998047      1957193       512.00
  5994.00000     0.998242      1957576       568.89
  6154.00000     0.998437      1957965       640.00
  6314.00000     0.998633      1958338       731.43
  6450.00000     0.998828      1958710       853.33
  6598.00000     0.999023      1959114      1024.00
  6672.00000     0.999121      1959308      1137.78
  6746.00000     0.999219      1959482      1280.00
  6845.00000     0.999316      1959688      1462.86
  6931.00000     0.999414      1959860      1706.67
  7091.00000     0.999512      1960053      2048.00
  7190.00000     0.999561      1960149      2275.56
  7313.00000     0.999609      1960244      2560.00
  7474.00000     0.999658      1960340      2925.71
  7696.00000     0.999707      1960433      3413.33
  8066.00000     0.999756      1960527      4096.00
  8325.00000     0.999780      1960575      4551.11
  8658.00000     0.999805      1960622      5120.00
  9040.00000     0.999829      1960671      5851.43
  9398.00000     0.999854      1960718      6826.67
  9817.00000     0.999878      1960767      8192.00
 10187.00000     0.999890      1960790      9102.22
 10643.00000     0.999902      1960815     10240.00
 11383.00000     0.999915      1960838     11702.86
 12160.00000     0.999927      1960862     13653.33
 13332.00000     0.999939      1960886     16384.00
 13702.00000     0.999945      1960898     18204.44
 13924.00000     0.999951      1960910     20480.00
 14183.00000     0.999957      1960922     23405.71
 14750.00000     0.999963      1960934     27306.67
 16267.00000     0.999969      1960946     32768.00
 17661.00000     0.999973      1960952     36408.89
 19178.00000     0.999976      1960958     40960.00
 20781.00000     0.999979      1960964     46811.43
 22619.00000     0.999982      1960970     54613.33
 25234.00000     0.999985      1960976     65536.00
 26344.00000     0.999986      1960979     72817.78
 27922.00000     0.999988      1960982     81920.00
 28453.00000     0.999989      1960985     93622.86
 29020.00000     0.999991      1960988    109226.67
 30130.00000     0.999992      1960991    131072.00
 30845.00000     0.999993      1960992    145635.56
 33904.00000     0.999994      1960994    163840.00
 34447.00000     0.999995      1960995    187245.71
 41945.00000     0.999995      1960997    218453.33
 58065.00000     0.999996      1960998    262144.00
 71434.00000     0.999997      1960999    291271.11
 93721.00000     0.999997      1961000    327680.00
 93721.00000     0.999997      1961000    374491.43
2050927.00000     0.999998      1961001    436906.67
2051655.00000     0.999998      1961002    524288.00
2051655.00000     0.999998      1961002    582542.22
2051767.00000     0.999998      1961003    655360.00
2051767.00000     0.999999      1961003    748982.86
2051767.00000     0.999999      1961003    873813.33
2785503.00000     0.999999      1961004   1048576.00
2785503.00000     0.999999      1961004   1165084.44
2785503.00000     0.999999      1961004   1310720.00
2785503.00000     0.999999      1961004   1497965.71
2785503.00000     0.999999      1961004   1747626.67
2785615.00000     1.000000      1961005   2097152.00
2785615.00000     1.000000      1961005          inf
#[Mean    =     1110.351, StdDeviation   =     3801.864]
#[Max     =  2785615.000, Total count    =      1961005]
#[Buckets =           13, SubBuckets     =       262144]
       Value   Percentile   TotalCount 1/(1-Percentile)

     0.00000     0.000000       109001         1.00
    12.00000     0.100000      1475315         1.11
    12.00000     0.200000      1475315         1.25
    12.00000     0.300000      1475315         1.43
    12.00000     0.400000      1475315         1.67
    12.00000     0.500000      1475315         2.00
    12.00000     0.550000      1475315         2.22
    12.00000     0.600000      1475315         2.50
    12.00000     0.650000      1475315         2.86
    12.00000     0.700000      1475315         3.33
    12.00000     0.750000      1475315         4.00
    24.00000     0.775000      1950959         4.44
    24.00000     0.800000      1950959         5.00
    24.00000     0.825000      1950959         5.71
    24.00000     0.850000      1950959         6.67
    24.00000     0.875000      1950959         8.00
    24.00000     0.887500      1950959         8.89
    24.00000     0.900000      1950959        10.00
    24.00000     0.912500      1950959        11.43
    24.00000     0.925000      1950959        13.33
    24.00000     0.937500      1950959        16.00
    24.00000     0.943750      1950959        17.78
    24.00000     0.950000      1950959        20.00
    24.00000     0.956250      1950959        22.86
    24.00000     0.962500      1950959        26.67
    24.00000     0.968750      1950959        32.00
    24.00000     0.971875      1950959        35.56
    24.00000     0.975000      1950959        40.00
    24.00000     0.978125      1950959        45.71
    24.00000     0.981250      1950959        53.33
    24.00000     0.984375      1950959        64.00
    24.00000     0.985938      1950959        71.11
    24.00000     0.987500      1950959        80.00
    24.00000     0.989062      1950959        91.43
    24.00000     0.990625      1950959       106.67
    24.00000     0.992188      1950959       128.00
    24.00000     0.992969      1950959       142.22
    24.00000     0.993750      1950959       160.00
    24.00000     0.994531      1950959       182.86
    37.00000     0.995313      1958220       213.33
    37.00000     0.996094      1958220       256.00
    37.00000     0.996484      1958220       284.44
    37.00000     0.996875      1958220       320.00
    37.00000     0.997266      1958220       365.71
    37.00000     0.997656      1958220       426.67
    37.00000     0.998047      1958220       512.00
    37.00000     0.998242      1958220       568.89
    37.00000     0.998437      1958220       640.00
    49.00000     0.998633      1960225       731.43
    49.00000     0.998828      1960225       853.33
    49.00000     0.999023      1960225      1024.00
    49.00000     0.999121      1960225      1137.78
    49.00000     0.999219      1960225      1280.00
    49.00000     0.999316      1960225      1462.86
    49.00000     0.999414      1960225      1706.67
    49.00000     0.999512      1960225      2048.00
    49.00000     0.999561      1960225      2275.56
    61.00000     0.999609      1960781      2560.00
    61.00000     0.999658      1960781      2925.71
    61.00000     0.999707      1960781      3413.33
    61.00000     0.999756      1960781      4096.00
    61.00000     0.999780      1960781      4551.11
    61.00000     0.999805      1960781      5120.00
    61.00000     0.999829      1960781      5851.43
    61.00000     0.999854      1960781      6826.67
    61.00000     0.999878      1960781      8192.00
    74.00000     0.999890      1960884      9102.22
    74.00000     0.999902      1960884     10240.00
    74.00000     0.999915      1960884     11702.86
    74.00000     0.999927      1960884     13653.33
    86.00000     0.999939      1960904     16384.00
    86.00000     0.999945      1960904     18204.44
    98.00000     0.999951      1960917     20480.00
   111.00000     0.999957      1960931     23405.71
   123.00000     0.999963      1960936     27306.67
   148.00000     0.999969      1960950     32768.00
   160.00000     0.999973      1960959     36408.89
   160.00000     0.999976      1960959     40960.00
   185.00000     0.999979      1960965     46811.43
   222.00000     0.999982      1960970     54613.33
   308.00000     0.999985      1960977     65536.00
   320.00000     0.999986      1960983     72817.78
   320.00000     0.999988      1960983     81920.00
   357.00000     0.999989      1960985     93622.86
   493.00000     0.999991      1960988    109226.67
   542.00000     0.999992      1960991    131072.00
   579.00000     0.999993      1960992    145635.56
   703.00000     0.999994      1960994    163840.00
   777.00000     0.999995      1960995    187245.71
  3712.00000     0.999995      1960997    218453.33
  4329.00000     0.999996      1960998    262144.00
  4489.00000     0.999997      1960999    291271.11
  4736.00000     0.999997      1961000    327680.00
  4736.00000     0.999997      1961000    374491.43
  4748.00000     0.999998      1961001    436906.67
  4773.00000     0.999998      1961002    524288.00
  4773.00000     0.999998      1961002    582542.22
  5069.00000     0.999998      1961003    655360.00
  5069.00000     0.999999      1961003    748982.86
  5069.00000     0.999999      1961003    873813.33
  7202.00000     0.999999      1961004   1048576.00
  7202.00000     0.999999      1961004   1165084.44
  7202.00000     0.999999      1961004   1310720.00
  7202.00000     0.999999      1961004   1497965.71
  7202.00000     0.999999      1961004   1747626.67
 12148.00000     1.000000      1961005   2097152.00
 12148.00000     1.000000      1961005          inf
#[Mean    =       14.429, StdDeviation   =       15.049]
#[Max     =    12148.000, Total count    =      1961005]
#[Buckets =           13, SubBuckets     =       262144]
       Value   Percentile   TotalCount 1/(1-Percentile)

    61.00000     0.000000            1         1.00
    98.00000     0.100000       603807         1.11
    98.00000     0.200000       603807         1.25
    98.00000     0.300000       603807         1.43
   111.00000     0.400000      1478867         1.67
   111.00000     0.500000      1478867         2.00
   111.00000     0.550000      1478867         2.22
   111.00000     0.600000      1478867         2.50
   111.00000     0.650000      1478867         2.86
   111.00000     0.700000      1478867         3.33
   111.00000     0.750000      1478867         4.00
   123.00000     0.775000      1695330         4.44
   123.00000     0.800000      1695330         5.00
   123.00000     0.825000      1695330         5.71
   123.00000     0.850000      1695330         6.67
   135.00000     0.875000      1918839         8.00
   135.00000     0.887500      1918839         8.89
   135.00000     0.900000      1918839        10.00
   135.00000     0.912500      1918839        11.43
   135.00000     0.925000      1918839        13.33
   135.00000     0.937500      1918839        16.00
   135.00000     0.943750      1918839        17.78
   135.00000     0.950000      1918839        20.00
   135.00000     0.956250      1918839        22.86
   135.00000     0.962500      1918839        26.67
   135.00000     0.968750      1918839        32.00
   135.00000     0.971875      1918839        35.56
   135.00000     0.975000      1918839        40.00
   135.00000     0.978125      1918839        45.71
   148.00000     0.981250      1945618        53.33
   148.00000     0.984375      1945618        64.00
   148.00000     0.985938      1945618        71.11
   148.00000     0.987500      1945618        80.00
   148.00000     0.989062      1945618        91.43
   148.00000     0.990625      1945618       106.67
   160.00000     0.992188      1949413       128.00
   160.00000     0.992969      1949413       142.22
   160.00000     0.993750      1949413       160.00
   172.00000     0.994531      1950885       182.86
   197.00000     0.995313      1952364       213.33
   234.00000     0.996094      1953707       256.00
   259.00000     0.996484      1954237       284.44
   308.00000     0.996875      1954921       320.00
   382.00000     0.997266      1955706       365.71
   481.00000     0.997656      1956453       426.67
   616.00000     0.998047      1957204       512.00
   703.00000     0.998242      1957592       568.89
   801.00000     0.998437      1957982       640.00
   888.00000     0.998633      1958338       731.43
  1011.00000     0.998828      1958741       853.33
  1171.00000     0.999023      1959111      1024.00
  1282.00000     0.999121      1959296      1137.78
  1418.00000     0.999219      1959483      1280.00
  1603.00000     0.999316      1959669      1462.86
  1924.00000     0.999414      1959862      1706.67
  2614.00000     0.999512      1960049      2048.00
  3391.00000     0.999561      1960144      2275.56
  4329.00000     0.999609      1960240      2560.00
  5562.00000     0.999658      1960336      2925.71
  7634.00000     0.999707      1960431      3413.33
 10286.00000     0.999756      1960527      4096.00
 12012.00000     0.999780      1960575      4551.11
 14405.00000     0.999805      1960622      5120.00
 17661.00000     0.999829      1960670      5851.43
 22397.00000     0.999854      1960718      6826.67
 31733.00000     0.999878      1960766      8192.00
 41156.00000     0.999890      1960790      9102.22
 51220.00000     0.999902      1960814     10240.00
 66920.00000     0.999915      1960838     11702.86
 92635.00000     0.999927      1960862     13653.33
129907.00000     0.999939      1960886     16384.00
159186.00000     0.999945      1960898     18204.44
174455.00000     0.999951      1960910     20480.00
190241.00000     0.999957      1960922     23405.71
204807.00000     0.999963      1960934     27306.67
230374.00000     0.999969      1960946     32768.00
238539.00000     0.999973      1960952     36408.89
252845.00000     0.999976      1960958     40960.00
271075.00000     0.999979      1960964     46811.43
290303.00000     0.999982      1960970     54613.33
792059.00000     0.999985      1960976     65536.00
812843.00000     0.999986      1960979     72817.78
848583.00000     0.999988      1960982     81920.00
877431.00000     0.999989      1960985     93622.86
926875.00000     0.999991      1960988    109226.67
4777951.00000     0.999992      1960991    131072.00
4789791.00000     0.999993      1960992    145635.56
4809343.00000     0.999994      1960994    163840.00
4815839.00000     0.999995      1960995    187245.71
4829311.00000     0.999995      1960997    218453.33
4847903.00000     0.999996      1960998    262144.00
4865599.00000     0.999997      1960999    291271.11
4874431.00000     0.999997      1961000    327680.00
4874431.00000     0.999997      1961000    374491.43
4883871.00000     0.999998      1961001    436906.67
4893311.00000     0.999998      1961002    524288.00
4893311.00000     0.999998      1961002    582542.22
4901919.00000     0.999998      1961003    655360.00
4901919.00000     0.999999      1961003    748982.86
4901919.00000     0.999999      1961003    873813.33
4911327.00000     0.999999      1961004   1048576.00
4911327.00000     0.999999      1961004   1165084.44
4911327.00000     0.999999      1961004   1310720.00
4911327.00000     0.999999      1961004   1497965.71
4911327.00000     0.999999      1961004   1747626.67
4920831.00000     1.000000      1961005   2097152.00
4920831.00000     1.000000      1961005          inf
#[Mean    =      176.377, StdDeviation   =    14115.649]
#[Max     =  4920831.000, Total count    =      1961005]
#[Buckets =           13, SubBuckets     =       262144]
       Value   Percentile   TotalCount 1/(1-Percentile)

     0.00000     0.000000        13443         1.00
    37.00000     0.100000       419842         1.11
    37.00000     0.200000       419842         1.25
    49.00000     0.300000       771343         1.43
    61.00000     0.400000       838723         1.67
    98.00000     0.500000      1000533         2.00
   123.00000     0.550000      1144208         2.22
   135.00000     0.600000      1209574         2.50
   160.00000     0.650000      1337142         2.86
   172.00000     0.700000      1392288         3.33
   197.00000     0.750000      1485927         4.00
   209.00000     0.775000      1527133         4.44
   234.00000     0.800000      1599640         5.00
   246.00000     0.825000      1631895         5.71
   271.00000     0.850000      1686242         6.67
   296.00000     0.875000      1728557         8.00
   308.00000     0.887500      1746255         8.89
   333.00000     0.900000      1776026        10.00
   357.00000     0.912500      1799154        11.43
   382.00000     0.925000      1818169        13.33
   419.00000     0.937500      1843841        16.00
   431.00000     0.943750      1851643        17.78
   456.00000     0.950000      1865011        20.00
   481.00000     0.956250      1875894        22.86
   518.00000     0.962500      1889007        26.67
   567.00000     0.968750      1902520        32.00
   592.00000     0.971875      1907922        35.56
   616.00000     0.975000      1912397        40.00
   666.00000     0.978125      1919258        45.71
   715.00000     0.981250      1924474        53.33
   801.00000     0.984375      1930799        64.00
   863.00000     0.985938      1933936        71.11
   937.00000     0.987500      1936636        80.00
  1060.00000     0.989062      1939655        91.43
  1295.00000     0.990625      1942656       106.67
  1689.00000     0.992188      1945772       128.00
  1924.00000     0.992969      1947288       142.22
  2318.00000     0.993750      1948774       160.00
  3108.00000     0.994531      1950283       182.86
  3243.00000     0.995313      1951834       213.33
  3354.00000     0.996094      1953516       256.00
  3416.00000     0.996484      1954209       284.44
  3490.00000     0.996875      1954903       320.00
  3613.00000     0.997266      1955652       365.71
  3835.00000     0.997656      1956412       426.67
  4218.00000     0.998047      1957191       512.00
  4452.00000     0.998242      1957577       568.89
  4686.00000     0.998437      1957943       640.00
  4958.00000     0.998633      1958333       731.43
  5254.00000     0.998828      1958709       853.33
  5611.00000     0.999023      1959101      1024.00
  5846.00000     0.999121      1959288      1137.78
  6080.00000     0.999219      1959477      1280.00
  6351.00000     0.999316      1959675      1462.86
  6647.00000     0.999414      1959857      1706.67
  7017.00000     0.999512      1960049      2048.00
  7215.00000     0.999561      1960144      2275.56
  7461.00000     0.999609      1960241      2560.00
  7770.00000     0.999658      1960339      2925.71
  8004.00000     0.999707      1960432      3413.33
  8325.00000     0.999756      1960528      4096.00
  8497.00000     0.999780      1960576      4551.11
  8707.00000     0.999805      1960624      5120.00
  8941.00000     0.999829      1960670      5851.43
  9311.00000     0.999854      1960719      6826.67
  9916.00000     0.999878      1960767      8192.00
 10138.00000     0.999890      1960790      9102.22
 10508.00000     0.999902      1960814     10240.00
 10989.00000     0.999915      1960838     11702.86
 11803.00000     0.999927      1960862     13653.33
 12530.00000     0.999939      1960886     16384.00
 13665.00000     0.999945      1960898     18204.44
 14652.00000     0.999951      1960910     20480.00
 15749.00000     0.999957      1960922     23405.71
 16724.00000     0.999963      1960934     27306.67
 18993.00000     0.999969      1960946     32768.00
 19819.00000     0.999973      1960952     36408.89
 22644.00000     0.999976      1960958     40960.00
 24370.00000     0.999979      1960964     46811.43
 34311.00000     0.999982      1960970     54613.33
 36260.00000     0.999985      1960976     65536.00
 38245.00000     0.999986      1960979     72817.78
 43919.00000     0.999988      1960982     81920.00
 50579.00000     0.999989      1960985     93622.86
 51553.00000     0.999991      1960988    109226.67
 54599.00000     0.999992      1960991    131072.00
 57757.00000     0.999993      1960992    145635.56
 58817.00000     0.999994      1960994    163840.00
 64170.00000     0.999995      1960995    187245.71
 65490.00000     0.999995      1960997    218453.33
 66143.00000     0.999996      1960998    262144.00
 66402.00000     0.999997      1960999    291271.11
 67574.00000     0.999997      1961000    327680.00
 67574.00000     0.999997      1961000    374491.43
 75566.00000     0.999998      1961001    436906.67
125701.00000     0.999998      1961002    524288.00
125701.00000     0.999998      1961002    582542.22
128340.00000     0.999998      1961003    655360.00
128340.00000     0.999999      1961003    748982.86
128340.00000     0.999999      1961003    873813.33
135284.00000     0.999999      1961004   1048576.00
135284.00000     0.999999      1961004   1165084.44
135284.00000     0.999999      1961004   1310720.00
135284.00000     0.999999      1961004   1497965.71
135284.00000     0.999999      1961004   1747626.67
250428.00000     1.000000      1961005   2097152.00
250428.00000     1.000000      1961005          inf
#[Mean    =      175.746, StdDeviation   =      505.808]
#[Max     =   250428.000, Total count    =      1961005]
#[Buckets =           13, SubBuckets     =       262144]
       Value   Percentile   TotalCount 1/(1-Percentile)

    86.00000     0.000000           17         1.00
   172.00000     0.100000       259757         1.11
   197.00000     0.200000       465640         1.25
   222.00000     0.300000       663950         1.43
   246.00000     0.400000       870497         1.67
   271.00000     0.500000      1078996         2.00
   271.00000     0.550000      1078996         2.22
   283.00000     0.600000      1184199         2.50
   296.00000     0.650000      1290240         2.86
   308.00000     0.700000      1396159         3.33
   320.00000     0.750000      1499950         4.00
   333.00000     0.775000      1598601         4.44
   333.00000     0.800000      1598601         5.00
   345.00000     0.825000      1688835         5.71
   345.00000     0.850000      1688835         6.67
   357.00000     0.875000      1752869         8.00
   357.00000     0.887500      1752869         8.89
   370.00000     0.900000      1787876        10.00
   382.00000     0.912500      1834670        11.43
   382.00000     0.925000      1834670        13.33
   394.00000     0.937500      1860775        16.00
   394.00000     0.943750      1860775        17.78
   407.00000     0.950000      1874495        20.00
   419.00000     0.956250      1884832        22.86
   431.00000     0.962500      1893538        26.67
   444.00000     0.968750      1900877        32.00
   456.00000     0.971875      1906574        35.56
   481.00000     0.975000      1913871        40.00
   505.00000     0.978125      1918128        45.71
   604.00000     0.981250      1924451        53.33
   863.00000     0.984375      1930461        64.00
   986.00000     0.985938      1933463        71.11
  1097.00000     0.987500      1936551        80.00
  1344.00000     0.989062      1939659        91.43
  1665.00000     0.990625      1942747       106.67
  2121.00000     0.992188      1945741       128.00
  2466.00000     0.992969      1947250       142.22
  3083.00000     0.993750      1948765       160.00
  4082.00000     0.994531      1950283       182.86
  5463.00000     0.995313      1951824       213.33
  8103.00000     0.996094      1953346       256.00
 12691.00000     0.996484      1954115       284.44
 18660.00000     0.996875      1954878       320.00
 27972.00000     0.997266      1955643       365.71
 35816.00000     0.997656      1956410       426.67
 45201.00000     0.998047      1957175       512.00
 50270.00000     0.998242      1957560       568.89
 55574.00000     0.998437      1957941       640.00
 60618.00000     0.998633      1958327       731.43
 65921.00000     0.998828      1958710       853.33
 71311.00000     0.999023      1959090      1024.00
 73679.00000     0.999121      1959282      1137.78
 76836.00000     0.999219      1959474      1280.00
 78279.00000     0.999316      1959665      1462.86
 82596.00000     0.999414      1959856      1706.67
 87591.00000     0.999512      1960049      2048.00
 88738.00000     0.999561      1960144      2275.56
 92376.00000     0.999609      1960239      2560.00
 93018.00000     0.999658      1960335      2925.71
 93523.00000     0.999707      1960431      3413.33
 97334.00000     0.999756      1960527      4096.00
 98148.00000     0.999780      1960576      4551.11
 98666.00000     0.999805      1960622      5120.00
102329.00000     0.999829      1960670      5851.43
104216.00000     0.999854      1960718      6826.67
116500.00000     0.999878      1960766      8192.00
130018.00000     0.999890      1960790      9102.22
147062.00000     0.999902      1960814     10240.00
168189.00000     0.999915      1960838     11702.86
187725.00000     0.999927      1960862     13653.33
217424.00000     0.999939      1960886     16384.00
231040.00000     0.999945      1960898     18204.44
247049.00000     0.999951      1960910     20480.00
260356.00000     0.999957      1960922     23405.71
269273.00000     0.999963      1960934     27306.67
291499.00000     0.999969      1960946     32768.00
297209.00000     0.999973      1960952     36408.89
308555.00000     0.999976      1960958     40960.00
320815.00000     0.999979      1960964     46811.43
328807.00000     0.999982      1960970     54613.33
339327.00000     0.999985      1960976     65536.00
352857.00000     0.999986      1960979     72817.78
362107.00000     0.999988      1960982     81920.00
370519.00000     0.999989      1960985     93622.86
376721.00000     0.999991      1960988    109226.67
383875.00000     0.999992      1960991    131072.00
386527.00000     0.999993      1960992    145635.56
395173.00000     0.999994      1960994    163840.00
396233.00000     0.999995      1960995    187245.71
406667.00000     0.999995      1960997    218453.33
414893.00000     0.999996      1960998    262144.00
423243.00000     0.999997      1960999    291271.11
426351.00000     0.999997      1961000    327680.00
426351.00000     0.999997      1961000    374491.43
432147.00000     0.999998      1961001    436906.67
443557.00000     0.999998      1961002    524288.00
443557.00000     0.999998      1961002    582542.22
447503.00000     0.999998      1961003    655360.00
447503.00000     0.999999      1961003    748982.86
447503.00000     0.999999      1961003    873813.33
457555.00000     0.999999      1961004   1048576.00
457555.00000     0.999999      1961004   1165084.44
457555.00000     0.999999      1961004   1310720.00
457555.00000     0.999999      1961004   1497965.71
457555.00000     0.999999      1961004   1747626.67
487179.00000     1.000000      1961005   2097152.00
487179.00000     1.000000      1961005          inf
#[Mean    =      493.735, StdDeviation   =     4293.714]
#[Max     =   487179.000, Total count    =      1961005]
#[Buckets =           13, SubBuckets     =       262144]
       Value   Percentile   TotalCount 1/(1-Percentile)

     0.00000     0.000000       272806         1.00
     0.00000     0.100000       272806         1.11
    12.00000     0.200000      1903001         1.25
    12.00000     0.300000      1903001         1.43
    12.00000     0.400000      1903001         1.67
    12.00000     0.500000      1903001         2.00
    12.00000     0.550000      1903001         2.22
    12.00000     0.600000      1903001         2.50
    12.00000     0.650000      1903001         2.86
    12.00000     0.700000      1903001         3.33
    12.00000     0.750000      1903001         4.00
    12.00000     0.775000      1903001         4.44
    12.00000     0.800000      1903001         5.00
    12.00000     0.825000      1903001         5.71
    12.00000     0.850000      1903001         6.67
    12.00000     0.875000      1903001         8.00
    12.00000     0.887500      1903001         8.89
    12.00000     0.900000      1903001        10.00
    12.00000     0.912500      1903001        11.43
    12.00000     0.925000      1903001        13.33
    12.00000     0.937500      1903001        16.00
    12.00000     0.943750      1903001        17.78
    12.00000     0.950000      1903001        20.00
    12.00000     0.956250      1903001        22.86
    12.00000     0.962500      1903001        26.67
    12.00000     0.968750      1903001        32.00
    24.00000     0.971875      1947622        35.56
    24.00000     0.975000      1947622        40.00
    24.00000     0.978125      1947622        45.71
    24.00000     0.981250      1947622        53.33
    24.00000     0.984375      1947622        64.00
    24.00000     0.985938      1947622        71.11
    24.00000     0.987500      1947622        80.00
    24.00000     0.989062      1947622        91.43
    24.00000     0.990625      1947622       106.67
    24.00000     0.992188      1947622       128.00
    24.00000     0.992969      1947622       142.22
    37.00000     0.993750      1953797       160.00
    37.00000     0.994531      1953797       182.86
    37.00000     0.995313      1953797       213.33
    37.00000     0.996094      1953797       256.00
    49.00000     0.996484      1956950       284.44
    49.00000     0.996875      1956950       320.00
    49.00000     0.997266      1956950       365.71
    49.00000     0.997656      1956950       426.67
    61.00000     0.998047      1958054       512.00
    61.00000     0.998242      1958054       568.89
    61.00000     0.998437      1958054       640.00
    74.00000     0.998633      1958450       731.43
    86.00000     0.998828      1958725       853.33
   111.00000     0.999023      1959309      1024.00
   111.00000     0.999121      1959309      1137.78
   123.00000     0.999219      1959480      1280.00
   148.00000     0.999316      1959721      1462.86
   172.00000     0.999414      1959953      1706.67
   197.00000     0.999512      1960078      2048.00
   222.00000     0.999561      1960168      2275.56
   259.00000     0.999609      1960267      2560.00
   296.00000     0.999658      1960337      2925.71
   345.00000     0.999707      1960449      3413.33
   394.00000     0.999756      1960537      4096.00
   431.00000     0.999780      1960576      4551.11
   481.00000     0.999805      1960634      5120.00
   518.00000     0.999829      1960684      5851.43
   542.00000     0.999854      1960719      6826.67
   604.00000     0.999878      1960768      8192.00
   629.00000     0.999890      1960800      9102.22
   666.00000     0.999902      1960818     10240.00
   690.00000     0.999915      1960841     11702.86
   740.00000     0.999927      1960864     13653.33
   838.00000     0.999939      1960890     16384.00
   875.00000     0.999945      1960898     18204.44
   962.00000     0.999951      1960910     20480.00
  1060.00000     0.999957      1960923     23405.71
  2577.00000     0.999963      1960934     27306.67
  5106.00000     0.999969      1960947     32768.00
  5192.00000     0.999973      1960953     36408.89
  5229.00000     0.999976      1960960     40960.00
  5254.00000     0.999979      1960964     46811.43
  5303.00000     0.999982      1960970     54613.33
  5377.00000     0.999985      1960976     65536.00
  5451.00000     0.999986      1960980     72817.78
  5537.00000     0.999988      1960982     81920.00
  5587.00000     0.999989      1960985     93622.86
  5870.00000     0.999991      1960988    109226.67
  5957.00000     0.999992      1960991    131072.00
  6031.00000     0.999993      1960992    145635.56
  6154.00000     0.999994      1960995    163840.00
  6154.00000     0.999995      1960995    187245.71
  6425.00000     0.999995      1960998    218453.33
  6425.00000     0.999996      1960998    262144.00
  6487.00000     0.999997      1960999    291271.11
  6635.00000     0.999997      1961000    327680.00
  6635.00000     0.999997      1961000    374491.43
  6808.00000     0.999998      1961001    436906.67
  7326.00000     0.999998      1961002    524288.00
  7326.00000     0.999998      1961002    582542.22
  7375.00000     0.999998      1961003    655360.00
  7375.00000     0.999999      1961003    748982.86
  7375.00000     0.999999      1961003    873813.33
  7720.00000     0.999999      1961004   1048576.00
  7720.00000     0.999999      1961004   1165084.44
  7720.00000     0.999999      1961004   1310720.00
  7720.00000     0.999999      1961004   1497965.71
  7720.00000     0.999999      1961004   1747626.67
 17020.00000     1.000000      1961005   2097152.00
 17020.00000     1.000000      1961005          inf
#[Mean    =       11.268, StdDeviation   =       37.142]
#[Max     =    17020.000, Total count    =      1961005]
#[Buckets =           13, SubBuckets     =       262144]
       Value   Percentile   TotalCount 1/(1-Percentile)

   629.00000     0.000000            1         1.00
   912.00000     0.100000       233404         1.11
   925.00000     0.200000       714734         1.25
   925.00000     0.300000       714734         1.43
   937.00000     0.400000      1232260         1.67
   937.00000     0.500000      1232260         2.00
   937.00000     0.550000      1232260         2.22
   937.00000     0.600000      1232260         2.50
   949.00000     0.650000      1464032         2.86
   949.00000     0.700000      1464032         3.33
   961.00000     0.750000      1480941         4.00
   962.00000     0.775000      1555104         4.44
   974.00000     0.800000      1635352         5.00
   974.00000     0.825000      1635352         5.71
   986.00000     0.850000      1698566         6.67
   999.00000     0.875000      1735034         8.00
  1011.00000     0.887500      1752660         8.89
  1036.00000     0.900000      1767576        10.00
  1122.00000     0.912500      1792833        11.43
  1184.00000     0.925000      1818462        13.33
  1245.00000     0.937500      1840826        16.00
  1295.00000     0.943750      1852298        17.78
  1344.00000     0.950000      1863033        20.00
  1406.00000     0.956250      1875648        22.86
  1480.00000     0.962500      1887992        26.67
  1652.00000     0.968750      1899949        32.00
  2774.00000     0.971875      1905854        35.56
  5291.00000     0.975000      1912116        40.00
  5821.00000     0.978125      1918676        45.71
  5895.00000     0.981250      1924692        53.33
  5944.00000     0.984375      1930560        64.00
  5969.00000     0.985938      1933794        71.11
  5994.00000     0.987500      1936936        80.00
  6018.00000     0.989062      1939978        91.43
  6043.00000     0.990625      1942805       106.67
  6080.00000     0.992188      1946381       128.00
  6092.00000     0.992969      1947400       142.22
  6117.00000     0.993750      1949149       160.00
  6142.00000     0.994531      1950561       182.86
  6179.00000     0.995313      1952255       213.33
  6216.00000     0.996094      1953367       256.00
  6253.00000     0.996484      1954242       284.44
  6302.00000     0.996875      1955053       320.00
  6364.00000     0.997266      1955721       365.71
  6462.00000     0.997656      1956452       426.67
  6660.00000     0.998047      1957188       512.00
  6869.00000     0.998242      1957574       568.89
  7128.00000     0.998437      1957957       640.00
  7350.00000     0.998633      1958331       731.43
  7511.00000     0.998828      1958725       853.33
  7646.00000     0.999023      1959114      1024.00
  7708.00000     0.999121      1959284      1137.78
  7782.00000     0.999219      1959476      1280.00
  7881.00000     0.999316      1959675      1462.86
  7992.00000     0.999414      1959858      1706.67
  8115.00000     0.999512      1960048      2048.00
  8214.00000     0.999561      1960156      2275.56
  8312.00000     0.999609      1960239      2560.00
  8436.00000     0.999658      1960339      2925.71
  8621.00000     0.999707      1960433      3413.33
  8867.00000     0.999756      1960529      4096.00
  9089.00000     0.999780      1960575      4551.11
  9533.00000     0.999805      1960622      5120.00
 10471.00000     0.999829      1960670      5851.43
 11766.00000     0.999854      1960718      6826.67
 16502.00000     0.999878      1960766      8192.00
 18746.00000     0.999890      1960792      9102.22
 21188.00000     0.999902      1960814     10240.00
 22594.00000     0.999915      1960839     11702.86
 23914.00000     0.999927      1960863     13653.33
 25073.00000     0.999939      1960886     16384.00
 25727.00000     0.999945      1960898     18204.44
 26060.00000     0.999951      1960910     20480.00
 26640.00000     0.999957      1960922     23405.71
 27306.00000     0.999963      1960934     27306.67
 27626.00000     0.999969      1960946     32768.00
 27861.00000     0.999973      1960952     36408.89
 28218.00000     0.999976      1960958     40960.00
 28440.00000     0.999979      1960964     46811.43
 28601.00000     0.999982      1960970     54613.33
 29402.00000     0.999985      1960976     65536.00
 29785.00000     0.999986      1960979     72817.78
 30031.00000     0.999988      1960983     81920.00
 30204.00000     0.999989      1960985     93622.86
 31733.00000     0.999991      1960988    109226.67
 33744.00000     0.999992      1960991    131072.00
 35754.00000     0.999993      1960992    145635.56
 38023.00000     0.999994      1960994    163840.00
 38924.00000     0.999995      1960996    187245.71
 40663.00000     0.999995      1960997    218453.33
 41378.00000     0.999996      1960998    262144.00
 41760.00000     0.999997      1960999    291271.11
 45497.00000     0.999997      1961000    327680.00
 45497.00000     0.999997      1961000    374491.43
 46373.00000     0.999998      1961001    436906.67
 49925.00000     0.999998      1961002    524288.00
 49925.00000     0.999998      1961002    582542.22
 86210.00000     0.999998      1961003    655360.00
 86210.00000     0.999999      1961003    748982.86
 86210.00000     0.999999      1961003    873813.33
 98790.00000     0.999999      1961004   1048576.00
 98790.00000     0.999999      1961004   1165084.44
 98790.00000     0.999999      1961004   1310720.00
 98790.00000     0.999999      1961004   1497965.71
 98790.00000     0.999999      1961004   1747626.67
101750.00000     1.000000      1961005   2097152.00
101750.00000     1.000000      1961005          inf
#[Mean    =     1105.956, StdDeviation   =      886.433]
#[Max     =   101750.000, Total count    =      1961005]
#[Buckets =           13, SubBuckets     =       262144]

=== EXCHANGE STDERR ===
matching tid: 50403
