=== CLIENT STDERR ===
=== Exchange load generator ===
  clients  : 10
  seed     : 1158872502
  target   : 127.0.0.1:4000
  thread id: 50543
Ctrl-C to stop.


=== Stats ===
  elapsed         : 14.999 s
  requests sent   : 2382034
  ACK responses   : 2382024
  MATCH responses : 1365714
  ERR responses   : 0
  orders in flight: -10
  --- throughput ---
  requests/s      : 158815
  ACK/s           : 158815
  MATCH/s         : 91055
  ERR/s           : 0
  total resp/s    : 158815

=== EXCHANGE STDOUT ===
exchange tid: 50542
inbound thread: 50544
outbound thread: 50545
       Value   Percentile   TotalCount 1/(1-Percentile)

  2010.00000     0.000000            1         1.00
  2380.00000     0.100000       187831         1.11
  2442.00000     0.200000       391563         1.25
  2491.00000     0.300000       572633         1.43
  2540.00000     0.400000       737499         1.67
  2614.00000     0.500000       917330         2.00
  2676.00000     0.550000      1016883         2.22
  2750.00000     0.600000      1102699         2.50
  2849.00000     0.650000      1195036         2.86
  2947.00000     0.700000      1283193         3.33
  3046.00000     0.750000      1369408         4.00
  3108.00000     0.775000      1418871         4.44
  3169.00000     0.800000      1463463         5.00
  3243.00000     0.825000      1510282         5.71
  3330.00000     0.850000      1555737         6.67
  3428.00000     0.875000      1596887         8.00
  3502.00000     0.887500      1621757         8.89
  3576.00000     0.900000      1642270        10.00
  3687.00000     0.912500      1666232        11.43
  3835.00000     0.925000      1689005        13.33
  4070.00000     0.937500      1710911        16.00
  4292.00000     0.943750      1722399        17.78
  4773.00000     0.950000      1733475        20.00
  5710.00000     0.956250      1744853        22.86
  7116.00000     0.962500      1756265        26.67
  7498.00000     0.968750      1768070        32.00
  7597.00000     0.971875      1774010        35.56
  7708.00000     0.975000      1779367        40.00
  7893.00000     0.978125      1784995        45.71
  8251.00000     0.981250      1790477        53.33
  8966.00000     0.984375      1796200        64.00
  9398.00000     0.985938      1799027        71.11
  9829.00000     0.987500      1801872        80.00
 10421.00000     0.989062      1804702        91.43
 11396.00000     0.990625      1807552       106.67
 13813.00000     0.992188      1810396       128.00
 16095.00000     0.992969      1811822       142.22
 19647.00000     0.993750      1813244       160.00
 24481.00000     0.994531      1814668       182.86
 32190.00000     0.995313      1816093       213.33
 41834.00000     0.996094      1817518       256.00
 47767.00000     0.996484      1818233       284.44
 53847.00000     0.996875      1818943       320.00
 61358.00000     0.997266      1819656       365.71
 67636.00000     0.997656      1820370       426.67
 76195.00000     0.998047      1821082       512.00
 79377.00000     0.998242      1821438       568.89
 83990.00000     0.998437      1821795       640.00
 89355.00000     0.998633      1822153       731.43
 95250.00000     0.998828      1822507       853.33
100208.00000     0.999023      1822864      1024.00
104142.00000     0.999121      1823042      1137.78
107941.00000     0.999219      1823220      1280.00
118042.00000     0.999316      1823398      1462.86
148962.00000     0.999414      1823576      1706.67
194250.00000     0.999512      1823755      2048.00
217424.00000     0.999561      1823844      2275.56
243645.00000     0.999609      1823933      2560.00
277487.00000     0.999658      1824022      2925.71
316781.00000     0.999707      1824111      3413.33
354991.00000     0.999756      1824200      4096.00
389093.00000     0.999780      1824245      4551.11
417311.00000     0.999805      1824289      5120.00
463389.00000     0.999829      1824334      5851.43
516977.00000     0.999854      1824378      6826.67
583911.00000     0.999878      1824423      8192.00
647415.00000     0.999890      1824445      9102.22
704655.00000     0.999902      1824467     10240.00
1711663.00000     0.999915      1824490     11702.86
1929927.00000     0.999927      1824512     13653.33
2112863.00000     0.999939      1824534     16384.00
2167631.00000     0.999945      1824545     18204.44
2246319.00000     0.999951      1824556     20480.00
2341455.00000     0.999957      1824568     23405.71
2870191.00000     0.999963      1824579     27306.67
3014367.00000     0.999969      1824590     32768.00
4174847.00000     0.999973      1824595     36408.89
4238687.00000     0.999976      1824601     40960.00
4289471.00000     0.999979      1824607     46811.43
4344575.00000     0.999982      1824612     54613.33
4375167.00000     0.999985      1824618     65536.00
4386847.00000     0.999986      1824620     72817.78
4413247.00000     0.999988      1824623     81920.00
4433791.00000     0.999989      1824626     93622.86
4472639.00000     0.999991      1824629    109226.67
4826847.00000     0.999992      1824632    131072.00
4844287.00000     0.999993      1824633    145635.56
4874847.00000     0.999994      1824634    163840.00
4899871.00000     0.999995      1824636    187245.71
4904255.00000     0.999995      1824637    218453.33
4934879.00000     0.999996      1824639    262144.00
4934879.00000     0.999997      1824639    291271.11
4939167.00000     0.999997      1824640    327680.00
4956351.00000     0.999997      1824641    374491.43
4956351.00000     0.999998      1824641    436906.67
4957375.00000     0.999998      1824642    524288.00
4957375.00000     0.999998      1824642    582542.22
4991935.00000     0.999998      1824643    655360.00
4991935.00000     0.999999      1824643    748982.86
4991935.00000     0.999999      1824643    873813.33
5009343.00000     0.999999      1824644   1048576.00
5009343.00000     0.999999      1824644   1165084.44
5009343.00000     0.999999      1824644   1310720.00
5009343.00000     0.999999      1824644   1497965.71
5009343.00000     0.999999      1824644   1747626.67
5028639.00000     1.000000      1824645   2097152.00
5028639.00000     1.000000      1824645          inf
#[Mean    =     3697.745, StdDeviation   =    30919.395]
#[Max     =  5028639.000, Total count    =      1824645]
#[Buckets =           13, SubBuckets     =       262144]
       Value   Percentile   TotalCount 1/(1-Percentile)

   974.00000     0.000000            1         1.00
  1048.00000     0.100000       591782         1.11
  1048.00000     0.200000       591782         1.25
  1048.00000     0.300000       591782         1.43
  1060.00000     0.400000      1032051         1.67
  1060.00000     0.500000      1032051         2.00
  1060.00000     0.550000      1032051         2.22
  1073.00000     0.600000      1241407         2.50
  1073.00000     0.650000      1241407         2.86
  1085.00000     0.700000      1288089         3.33
  1159.00000     0.750000      1374025         4.00
  1208.00000     0.775000      1415111         4.44
  1258.00000     0.800000      1465648         5.00
  1295.00000     0.825000      1526132         5.71
  1319.00000     0.850000      1564616         6.67
  1344.00000     0.875000      1597535         8.00
  1369.00000     0.887500      1622846         8.89
  1406.00000     0.900000      1648091        10.00
  1443.00000     0.912500      1667162        11.43
  1492.00000     0.925000      1693858        13.33
  1529.00000     0.937500      1716102        16.00
  1541.00000     0.943750      1723378        17.78
  1566.00000     0.950000      1737396        20.00
  1591.00000     0.956250      1750277        22.86
  1603.00000     0.962500      1756376        26.67
  1628.00000     0.968750      1767657        32.00
  1652.00000     0.971875      1776948        35.56
  1665.00000     0.975000      1780690        40.00
  1689.00000     0.978125      1786979        45.71
  1714.00000     0.981250      1791871        53.33
  1751.00000     0.984375      1797398        64.00
  1776.00000     0.985938      1800313        71.11
  1800.00000     0.987500      1802700        80.00
  1837.00000     0.989062      1805356        91.43
  1887.00000     0.990625      1807840       106.67
  1973.00000     0.992188      1810554       128.00
  2035.00000     0.992969      1811845       142.22
  2133.00000     0.993750      1813268       160.00
  2306.00000     0.994531      1814681       182.86
  2602.00000     0.995313      1816117       213.33
  3058.00000     0.996094      1817524       256.00
  3404.00000     0.996484      1818235       284.44
  3996.00000     0.996875      1818950       320.00
  5414.00000     0.997266      1819658       365.71
  6006.00000     0.997656      1820378       426.67
  6351.00000     0.998047      1821101       512.00
  6524.00000     0.998242      1821440       568.89
  6734.00000     0.998437      1821794       640.00
  7030.00000     0.998633      1822155       731.43
  7720.00000     0.998828      1822507       853.33
  8719.00000     0.999023      1822866      1024.00
  9299.00000     0.999121      1823043      1137.78
  9953.00000     0.999219      1823223      1280.00
 10779.00000     0.999316      1823398      1462.86
 12074.00000     0.999414      1823577      1706.67
 13098.00000     0.999512      1823758      2048.00
 13406.00000     0.999561      1823844      2275.56
 13579.00000     0.999609      1823943      2560.00
 13739.00000     0.999658      1824024      2925.71
 13936.00000     0.999707      1824114      3413.33
 14491.00000     0.999756      1824200      4096.00
 15071.00000     0.999780      1824245      4551.11
 15947.00000     0.999805      1824289      5120.00
 16736.00000     0.999829      1824334      5851.43
 17809.00000     0.999854      1824378      6826.67
 19992.00000     0.999878      1824423      8192.00
 22249.00000     0.999890      1824445      9102.22
 24309.00000     0.999902      1824467     10240.00
 25715.00000     0.999915      1824490     11702.86
 26985.00000     0.999927      1824513     13653.33
 28317.00000     0.999939      1824534     16384.00
 29267.00000     0.999945      1824545     18204.44
 32806.00000     0.999951      1824556     20480.00
 34928.00000     0.999957      1824568     23405.71
 38184.00000     0.999963      1824579     27306.67
 45349.00000     0.999969      1824590     32768.00
 57769.00000     0.999973      1824595     36408.89
 65095.00000     0.999976      1824601     40960.00
 77798.00000     0.999979      1824607     46811.43
 89700.00000     0.999982      1824612     54613.33
113084.00000     0.999985      1824618     65536.00
117561.00000     0.999986      1824620     72817.78
136678.00000     0.999988      1824623     81920.00
178426.00000     0.999989      1824626     93622.86
432753.00000     0.999991      1824629    109226.67
490373.00000     0.999992      1824632    131072.00
1381215.00000     0.999993      1824633    145635.56
1382127.00000     0.999994      1824634    163840.00
1704311.00000     0.999995      1824636    187245.71
1705063.00000     0.999995      1824637    218453.33
2051631.00000     0.999996      1824639    262144.00
2051631.00000     0.999997      1824639    291271.11
3021375.00000     0.999997      1824640    327680.00
3022127.00000     0.999997      1824641    374491.43
3022127.00000     0.999998      1824641    436906.67
3022527.00000     0.999998      1824642    524288.00
3022527.00000     0.999998      1824642    582542.22
4243231.00000     0.999998      1824643    655360.00
4243231.00000     0.999999      1824643    748982.86
4243231.00000     0.999999      1824643    873813.33
4243999.00000     0.999999      1824644   1048576.00
4243999.00000     0.999999      1824644   1165084.44
4243999.00000     0.999999      1824644   1310720.00
4243999.00000     0.999999      1824644   1497965.71
4243999.00000     0.999999      1824644   1747626.67
4244191.00000     1.000000      1824645   2097152.00
4244191.00000     1.000000      1824645          inf
#[Mean    =     1191.822, StdDeviation   =     7481.252]
#[Max     =  4244191.000, Total count    =      1824645]
#[Buckets =           13, SubBuckets     =       262144]
       Value   Percentile   TotalCount 1/(1-Percentile)

     0.00000     0.000000        92747         1.00
    12.00000     0.100000      1300478         1.11
    12.00000     0.200000      1300478         1.25
    12.00000     0.300000      1300478         1.43
    12.00000     0.400000      1300478         1.67
    12.00000     0.500000      1300478         2.00
    12.00000     0.550000      1300478         2.22
    12.00000     0.600000      1300478         2.50
    12.00000     0.650000      1300478         2.86
    12.00000     0.700000      1300478         3.33
    24.00000     0.750000      1797027         4.00
    24.00000     0.775000      1797027         4.44
    24.00000     0.800000      1797027         5.00
    24.00000     0.825000      1797027         5.71
    24.00000     0.850000      1797027         6.67
    24.00000     0.875000      1797027         8.00
    24.00000     0.887500      1797027         8.89
    24.00000     0.900000      1797027        10.00
    24.00000     0.912500      1797027        11.43
    24.00000     0.925000      1797027        13.33
    24.00000     0.937500      1797027        16.00
    24.00000     0.943750      1797027        17.78
    24.00000     0.950000      1797027        20.00
    24.00000     0.956250      1797027        22.86
    24.00000     0.962500      1797027        26.67
    24.00000     0.968750      1797027        32.00
    24.00000     0.971875      1797027        35.56
    24.00000     0.975000      1797027        40.00
    24.00000     0.978125      1797027        45.71
    24.00000     0.981250      1797027        53.33
    24.00000     0.984375      1797027        64.00
    37.00000     0.985938      1816813        71.11
    37.00000     0.987500      1816813        80.00
    37.00000     0.989062      1816813        91.43
    37.00000     0.990625      1816813       106.67
    37.00000     0.992188      1816813       128.00
    37.00000     0.992969      1816813       142.22
    37.00000     0.993750      1816813       160.00
    37.00000     0.994531      1816813       182.86
    37.00000     0.995313      1816813       213.33
    49.00000     0.996094      1822257       256.00
    49.00000     0.996484      1822257       284.44
    49.00000     0.996875      1822257       320.00
    49.00000     0.997266      1822257       365.71
    49.00000     0.997656      1822257       426.67
    49.00000     0.998047      1822257       512.00
    49.00000     0.998242      1822257       568.89
    49.00000     0.998437      1822257       640.00
    49.00000     0.998633      1822257       731.43
    61.00000     0.998828      1823865       853.33
    61.00000     0.999023      1823865      1024.00
    61.00000     0.999121      1823865      1137.78
    61.00000     0.999219      1823865      1280.00
    61.00000     0.999316      1823865      1462.86
    61.00000     0.999414      1823865      1706.67
    61.00000     0.999512      1823865      2048.00
    61.00000     0.999561      1823865      2275.56
    74.00000     0.999609      1824181      2560.00
    74.00000     0.999658      1824181      2925.71
    74.00000     0.999707      1824181      3413.33
    86.00000     0.999756      1824238      4096.00
    98.00000     0.999780      1824277      4551.11
   111.00000     0.999805      1824313      5120.00
   123.00000     0.999829      1824346      5851.43
   148.00000     0.999854      1824398      6826.67
   172.00000     0.999878      1824427      8192.00
   209.00000     0.999890      1824453      9102.22
   234.00000     0.999902      1824471     10240.00
   283.00000     0.999915      1824493     11702.86
   357.00000     0.999927      1824516     13653.33
   419.00000     0.999939      1824537     16384.00
   456.00000     0.999945      1824545     18204.44
   505.00000     0.999951      1824557     20480.00
   542.00000     0.999957      1824568     23405.71
   616.00000     0.999963      1824583     27306.67
   666.00000     0.999969      1824592     32768.00
   678.00000     0.999973      1824598     36408.89
   715.00000     0.999976      1824602     40960.00
   764.00000     0.999979      1824607     46811.43
   814.00000     0.999982      1824612     54613.33
   925.00000     0.999985      1824618     65536.00
   937.00000     0.999986      1824620     72817.78
  1023.00000     0.999988      1824623     81920.00
  1110.00000     0.999989      1824626     93622.86
  1184.00000     0.999991      1824629    109226.67
  1282.00000     0.999992      1824632    131072.00
  1295.00000     0.999993      1824633    145635.56
  1332.00000     0.999994      1824634    163840.00
  2158.00000     0.999995      1824636    187245.71
  2183.00000     0.999995      1824637    218453.33
  3009.00000     0.999996      1824639    262144.00
  3009.00000     0.999997      1824639    291271.11
  3700.00000     0.999997      1824640    327680.00
  4785.00000     0.999997      1824641    374491.43
  4785.00000     0.999998      1824641    436906.67
  5241.00000     0.999998      1824642    524288.00
  5241.00000     0.999998      1824642    582542.22
  5402.00000     0.999998      1824643    655360.00
  5402.00000     0.999999      1824643    748982.86
  5402.00000     0.999999      1824643    873813.33
  7646.00000     0.999999      1824644   1048576.00
  7646.00000     0.999999      1824644   1165084.44
  7646.00000     0.999999      1824644   1310720.00
  7646.00000     0.999999      1824644   1497965.71
  7646.00000     0.999999      1824644   1747626.67
 12937.00000     1.000000      1824645   2097152.00
 12937.00000     1.000000      1824645          inf
#[Mean    =       15.186, StdDeviation   =       16.539]
#[Max     =    12937.000, Total count    =      1824645]
#[Buckets =           13, SubBuckets     =       262144]
       Value   Percentile   TotalCount 1/(1-Percentile)

    61.00000     0.000000            2         1.00
    98.00000     0.100000       942518         1.11
    98.00000     0.200000       942518         1.25
    98.00000     0.300000       942518         1.43
    98.00000     0.400000       942518         1.67
    98.00000     0.500000       942518         2.00
   111.00000     0.550000      1398260         2.22
   111.00000     0.600000      1398260         2.50
   111.00000     0.650000      1398260         2.86
   111.00000     0.700000      1398260         3.33
   111.00000     0.750000      1398260         4.00
   123.00000     0.775000      1620841         4.44
   123.00000     0.800000      1620841         5.00
   123.00000     0.825000      1620841         5.71
   123.00000     0.850000      1620841         6.67
   123.00000     0.875000      1620841         8.00
   123.00000     0.887500      1620841         8.89
   135.00000     0.900000      1755305        10.00
   135.00000     0.912500      1755305        11.43
   135.00000     0.925000      1755305        13.33
   135.00000     0.937500      1755305        16.00
   135.00000     0.943750      1755305        17.78
   135.00000     0.950000      1755305        20.00
   135.00000     0.956250      1755305        22.86
   147.00000     0.962500      1757210        26.67
   148.00000     0.968750      1784960        32.00
   148.00000     0.971875      1784960        35.56
   148.00000     0.975000      1784960        40.00
   148.00000     0.978125      1784960        45.71
   160.00000     0.981250      1794120        53.33
   172.00000     0.984375      1798153        64.00
   185.00000     0.985938      1800651        71.11
   197.00000     0.987500      1802510        80.00
   222.00000     0.989062      1805348        91.43
   259.00000     0.990625      1808051       106.67
   308.00000     0.992188      1810400       128.00
   357.00000     0.992969      1812192       142.22
   406.00000     0.993750      1813256       160.00
   456.00000     0.994531      1814720       182.86
   530.00000     0.995313      1816100       213.33
   629.00000     0.996094      1817537       256.00
   690.00000     0.996484      1818295       284.44
   764.00000     0.996875      1819048       320.00
   851.00000     0.997266      1819752       365.71
   962.00000     0.997656      1820394       426.67
  1159.00000     0.998047      1821083       512.00
  1307.00000     0.998242      1821444       568.89
  1566.00000     0.998437      1821796       640.00
  2146.00000     0.998633      1822153       731.43
  3243.00000     0.998828      1822510       853.33
  4994.00000     0.999023      1822864      1024.00
  6203.00000     0.999121      1823042      1137.78
  7942.00000     0.999219      1823220      1280.00
 10261.00000     0.999316      1823398      1462.86
 13147.00000     0.999414      1823577      1706.67
 18438.00000     0.999512      1823755      2048.00
 22027.00000     0.999561      1823844      2275.56
 27935.00000     0.999609      1823933      2560.00
 38147.00000     0.999658      1824022      2925.71
 55364.00000     0.999707      1824111      3413.33
 91661.00000     0.999756      1824200      4096.00
117055.00000     0.999780      1824245      4551.11
155301.00000     0.999805      1824289      5120.00
187787.00000     0.999829      1824334      5851.43
225959.00000     0.999854      1824378      6826.67
257520.00000     0.999878      1824423      8192.00
272247.00000     0.999890      1824445      9102.22
292449.00000     0.999902      1824467     10240.00
327265.00000     0.999915      1824490     11702.86
378361.00000     0.999927      1824512     13653.33
472453.00000     0.999939      1824534     16384.00
506209.00000     0.999945      1824545     18204.44
539115.00000     0.999951      1824556     20480.00
581911.00000     0.999957      1824568     23405.71
627967.00000     0.999963      1824579     27306.67
656467.00000     0.999969      1824590     32768.00
673671.00000     0.999973      1824595     36408.89
700215.00000     0.999976      1824601     40960.00
727939.00000     0.999979      1824607     46811.43
1978791.00000     0.999982      1824612     54613.33
2025471.00000     0.999985      1824618     65536.00
2048903.00000     0.999986      1824620     72817.78
2077183.00000     0.999988      1824623     81920.00
2104847.00000     0.999989      1824626     93622.86
4329439.00000     0.999991      1824629    109226.67
4347615.00000     0.999992      1824632    131072.00
4353983.00000     0.999993      1824633    145635.56
4360927.00000     0.999994      1824634    163840.00
4374911.00000     0.999995      1824636    187245.71
4384127.00000     0.999995      1824637    218453.33
4401151.00000     0.999996      1824639    262144.00
4401151.00000     0.999997      1824639    291271.11
4410239.00000     0.999997      1824640    327680.00
4419519.00000     0.999997      1824641    374491.43
4419519.00000     0.999998      1824641    436906.67
4428767.00000     0.999998      1824642    524288.00
4428767.00000     0.999998      1824642    582542.22
4438015.00000     0.999998      1824643    655360.00
4438015.00000     0.999999      1824643    748982.86
4438015.00000     0.999999      1824643    873813.33
4454111.00000     0.999999      1824644   1048576.00
4454111.00000     0.999999      1824644   1165084.44
4454111.00000     0.999999      1824644   1310720.00
4454111.00000     0.999999      1824644   1497965.71
4454111.00000     0.999999      1824644   1747626.67
4465055.00000     1.000000      1824645   2097152.00
4465055.00000     1.000000      1824645          inf
#[Mean    =      256.098, StdDeviation   =    15969.592]
#[Max     =  4465055.000, Total count    =      1824645]
#[Buckets =           13, SubBuckets     =       262144]
       Value   Percentile   TotalCount 1/(1-Percentile)

     0.00000     0.000000        10908         1.00
    37.00000     0.100000       335381         1.11
    49.00000     0.200000       660314         1.25
    49.00000     0.300000       660314         1.43
    61.00000     0.400000       744430         1.67
   111.00000     0.500000       954483         2.00
   123.00000     0.550000      1008777         2.22
   148.00000     0.600000      1110070         2.50
   172.00000     0.650000      1204402         2.86
   197.00000     0.700000      1282743         3.33
   234.00000     0.750000      1380196         4.00
   259.00000     0.775000      1434909         4.44
   283.00000     0.800000      1481548         5.00
   308.00000     0.825000      1520997         5.71
   333.00000     0.850000      1554931         6.67
   382.00000     0.875000      1607706         8.00
   407.00000     0.887500      1629642         8.89
   431.00000     0.900000      1650071        10.00
   456.00000     0.912500      1667595        11.43
   493.00000     0.925000      1689257        13.33
   542.00000     0.937500      1712286        16.00
   579.00000     0.943750      1725677        17.78
   616.00000     0.950000      1736732        20.00
   653.00000     0.956250      1745888        22.86
   715.00000     0.962500      1758388        26.67
   777.00000     0.968750      1768097        32.00
   826.00000     0.971875      1774330        35.56
   875.00000     0.975000      1779499        40.00
   949.00000     0.978125      1785592        45.71
  1036.00000     0.981250      1790948        53.33
  1159.00000     0.984375      1796307        64.00
  1258.00000     0.985938      1799309        71.11
  1369.00000     0.987500      1801845        80.00
  1529.00000     0.989062      1804758        91.43
  1751.00000     0.990625      1807554       106.67
  2146.00000     0.992188      1810446       128.00
  2479.00000     0.992969      1811828       142.22
  3009.00000     0.993750      1813250       160.00
  3243.00000     0.994531      1814700       182.86
  3428.00000     0.995313      1816139       213.33
  3737.00000     0.996094      1817524       256.00
  4045.00000     0.996484      1818255       284.44
  4489.00000     0.996875      1818945       320.00
  4933.00000     0.997266      1819680       365.71
  5377.00000     0.997656      1820385       426.67
  5932.00000     0.998047      1821099       512.00
  6203.00000     0.998242      1821453       568.89
  6499.00000     0.998437      1821796       640.00
  6845.00000     0.998633      1822153       731.43
  7252.00000     0.998828      1822511       853.33
  7757.00000     0.999023      1822871      1024.00
  8053.00000     0.999121      1823049      1137.78
  8448.00000     0.999219      1823228      1280.00
  8917.00000     0.999316      1823402      1462.86
  9521.00000     0.999414      1823577      1706.67
 10360.00000     0.999512      1823756      2048.00
 10915.00000     0.999561      1823845      2275.56
 11605.00000     0.999609      1823933      2560.00
 12518.00000     0.999658      1824023      2925.71
 13455.00000     0.999707      1824112      3413.33
 14664.00000     0.999756      1824201      4096.00
 15527.00000     0.999780      1824245      4551.11
 16403.00000     0.999805      1824289      5120.00
 17846.00000     0.999829      1824335      5851.43
 19215.00000     0.999854      1824378      6826.67
 20843.00000     0.999878      1824423      8192.00
 21620.00000     0.999890      1824445      9102.22
 22890.00000     0.999902      1824467     10240.00
 24457.00000     0.999915      1824490     11702.86
 26430.00000     0.999927      1824512     13653.33
 27774.00000     0.999939      1824534     16384.00
 29291.00000     0.999945      1824545     18204.44
 31721.00000     0.999951      1824556     20480.00
 33892.00000     0.999957      1824568     23405.71
 35470.00000     0.999963      1824579     27306.67
 38344.00000     0.999969      1824590     32768.00
 39651.00000     0.999973      1824595     36408.89
 40922.00000     0.999976      1824601     40960.00
 45510.00000     0.999979      1824607     46811.43
 49604.00000     0.999982      1824612     54613.33
 55845.00000     0.999985      1824618     65536.00
 59903.00000     0.999986      1824620     72817.78
 62123.00000     0.999988      1824623     81920.00
 66341.00000     0.999989      1824626     93622.86
 67007.00000     0.999991      1824629    109226.67
 77798.00000     0.999992      1824632    131072.00
 81165.00000     0.999993      1824633    145635.56
 81831.00000     0.999994      1824634    163840.00
 84569.00000     0.999995      1824636    187245.71
 86703.00000     0.999995      1824637    218453.33
 91624.00000     0.999996      1824639    262144.00
 91624.00000     0.999997      1824639    291271.11
111616.00000     0.999997      1824640    327680.00
119238.00000     0.999997      1824641    374491.43
119238.00000     0.999998      1824641    436906.67
127884.00000     0.999998      1824642    524288.00
127884.00000     0.999998      1824642    582542.22
131066.00000     0.999998      1824643    655360.00
131066.00000     0.999999      1824643    748982.86
131066.00000     0.999999      1824643    873813.33
215845.00000     0.999999      1824644   1048576.00
215845.00000     0.999999      1824644   1165084.44
215845.00000     0.999999      1824644   1310720.00
215845.00000     0.999999      1824644   1497965.71
215845.00000     0.999999      1824644   1747626.67
289587.00000     1.000000      1824645   2097152.00
289587.00000     1.000000      1824645          inf
#[Mean    =      219.106, StdDeviation   =      729.186]
#[Max     =   289587.000, Total count    =      1824645]
#[Buckets =           13, SubBuckets     =       262144]
       Value   Percentile   TotalCount 1/(1-Percentile)

    86.00000     0.000000            2         1.00
   185.00000     0.100000       250258         1.11
   209.00000     0.200000       414545         1.25
   234.00000     0.300000       590727         1.43
   259.00000     0.400000       772819         1.67
   283.00000     0.500000       956570         2.00
   296.00000     0.550000      1050130         2.22
   308.00000     0.600000      1143217         2.50
   320.00000     0.650000      1235247         2.86
   333.00000     0.700000      1324932         3.33
   345.00000     0.750000      1411623         4.00
   357.00000     0.775000      1475445         4.44
   357.00000     0.800000      1475445         5.00
   370.00000     0.825000      1523722         5.71
   382.00000     0.850000      1581517         6.67
   394.00000     0.875000      1619092         8.00
   407.00000     0.887500      1644195         8.89
   407.00000     0.900000      1644195        10.00
   431.00000     0.912500      1683239        11.43
   444.00000     0.925000      1698547        13.33
   456.00000     0.937500      1711916        16.00
   468.00000     0.943750      1723104        17.78
   493.00000     0.950000      1739620        20.00
   505.00000     0.956250      1745563        22.86
   542.00000     0.962500      1757698        26.67
   604.00000     0.968750      1767838        32.00
   690.00000     0.971875      1773694        35.56
   851.00000     0.975000      1779268        40.00
  1036.00000     0.978125      1784990        45.71
  1295.00000     0.981250      1790464        53.33
  1677.00000     0.984375      1796323        64.00
  1924.00000     0.985938      1799074        71.11
  2294.00000     0.987500      1801915        80.00
  2861.00000     0.989062      1804699        91.43
  3885.00000     0.990625      1807554       106.67
  5500.00000     0.992188      1810423       128.00
  6351.00000     0.992969      1811822       142.22
  8584.00000     0.993750      1813245       160.00
 12987.00000     0.994531      1814673       182.86
 20757.00000     0.995313      1816093       213.33
 30784.00000     0.996094      1817519       256.00
 36087.00000     0.996484      1818232       284.44
 42180.00000     0.996875      1818945       320.00
 48667.00000     0.997266      1819656       365.71
 55031.00000     0.997656      1820371       426.67
 61222.00000     0.998047      1821083       512.00
 65921.00000     0.998242      1821439       568.89
 70361.00000     0.998437      1821794       640.00
 74259.00000     0.998633      1822151       731.43
 77675.00000     0.998828      1822509       853.33
 83348.00000     0.999023      1822864      1024.00
 87246.00000     0.999121      1823042      1137.78
 89700.00000     0.999219      1823220      1280.00
 92759.00000     0.999316      1823398      1462.86
 94559.00000     0.999414      1823576      1706.67
 98728.00000     0.999512      1823756      2048.00
102317.00000     0.999561      1823844      2275.56
107571.00000     0.999609      1823933      2560.00
121409.00000     0.999658      1824022      2925.71
152070.00000     0.999707      1824111      3413.33
191018.00000     0.999756      1824200      4096.00
210234.00000     0.999780      1824245      4551.11
234814.00000     0.999805      1824289      5120.00
282101.00000     0.999829      1824334      5851.43
321789.00000     0.999854      1824378      6826.67
365769.00000     0.999878      1824423      8192.00
392829.00000     0.999890      1824445      9102.22
428139.00000     0.999902      1824467     10240.00
464289.00000     0.999915      1824490     11702.86
515767.00000     0.999927      1824512     13653.33
621491.00000     0.999939      1824534     16384.00
1796319.00000     0.999945      1824545     18204.44
1945439.00000     0.999951      1824556     20480.00
2142991.00000     0.999957      1824568     23405.71
2225087.00000     0.999963      1824579     27306.67
2293295.00000     0.999969      1824590     32768.00
2356527.00000     0.999973      1824595     36408.89
2846447.00000     0.999976      1824601     40960.00
2890319.00000     0.999979      1824607     46811.43
2970575.00000     0.999982      1824612     54613.33
4191375.00000     0.999985      1824618     65536.00
4209823.00000     0.999986      1824620     72817.78
4240383.00000     0.999988      1824623     81920.00
4270079.00000     0.999989      1824626     93622.86
4325471.00000     0.999991      1824629    109226.67
4778431.00000     0.999992      1824632    131072.00
4833023.00000     0.999993      1824633    145635.56
4851199.00000     0.999994      1824634    163840.00
4878783.00000     0.999995      1824636    187245.71
4894303.00000     0.999995      1824637    218453.33
4926111.00000     0.999996      1824639    262144.00
4926111.00000     0.999997      1824639    291271.11
4928543.00000     0.999997      1824640    327680.00
4945951.00000     0.999997      1824641    374491.43
4945951.00000     0.999998      1824641    436906.67
4948191.00000     0.999998      1824642    524288.00
4948191.00000     0.999998      1824642    582542.22
4982303.00000     0.999998      1824643    655360.00
4982303.00000     0.999999      1824643    748982.86
4982303.00000     0.999999      1824643    873813.33
5000255.00000     0.999999      1824644   1048576.00
5000255.00000     0.999999      1824644   1165084.44
5000255.00000     0.999999      1824644   1310720.00
5000255.00000     0.999999      1824644   1497965.71
5000255.00000     0.999999      1824644   1747626.67
5019423.00000     1.000000      1824645   2097152.00
5019423.00000     1.000000      1824645          inf
#[Mean    =      835.030, StdDeviation   =    24868.396]
#[Max     =  5019423.000, Total count    =      1824645]
#[Buckets =           13, SubBuckets     =       262144]
       Value   Percentile   TotalCount 1/(1-Percentile)

     0.00000     0.000000       224820         1.00
     0.00000     0.100000       224820         1.11
    12.00000     0.200000      1701654         1.25
    12.00000     0.300000      1701654         1.43
    12.00000     0.400000      1701654         1.67
    12.00000     0.500000      1701654         2.00
    12.00000     0.550000      1701654         2.22
    12.00000     0.600000      1701654         2.50
    12.00000     0.650000      1701654         2.86
    12.00000     0.700000      1701654         3.33
    12.00000     0.750000      1701654         4.00
    12.00000     0.775000      1701654         4.44
    12.00000     0.800000      1701654         5.00
    12.00000     0.825000      1701654         5.71
    12.00000     0.850000      1701654         6.67
    12.00000     0.875000      1701654         8.00
    12.00000     0.887500      1701654         8.89
    12.00000     0.900000      1701654        10.00
    12.00000     0.912500      1701654        11.43
    12.00000     0.925000      1701654        13.33
    24.00000     0.937500      1781757        16.00
    24.00000     0.943750      1781757        17.78
    24.00000     0.950000      1781757        20.00
    24.00000     0.956250      1781757        22.86
    24.00000     0.962500      1781757        26.67
    24.00000     0.968750      1781757        32.00
    24.00000     0.971875      1781757        35.56
    24.00000     0.975000      1781757        40.00
    37.00000     0.978125      1793100        45.71
    37.00000     0.981250      1793100        53.33
    49.00000     0.984375      1798591        64.00
    61.00000     0.985938      1800453        71.11
    98.00000     0.987500      1804062        80.00
   111.00000     0.989062      1810650        91.43
   111.00000     0.990625      1810650       106.67
   111.00000     0.992188      1810650       128.00
   123.00000     0.992969      1814138       142.22
   123.00000     0.993750      1814138       160.00
   135.00000     0.994531      1816008       182.86
   148.00000     0.995313      1817224       213.33
   160.00000     0.996094      1818231       256.00
   160.00000     0.996484      1818231       284.44
   172.00000     0.996875      1819061       320.00
   185.00000     0.997266      1819665       365.71
   209.00000     0.997656      1820653       426.67
   234.00000     0.998047      1821300       512.00
   246.00000     0.998242      1821550       568.89
   271.00000     0.998437      1821976       640.00
   283.00000     0.998633      1822157       731.43
   320.00000     0.998828      1822624       853.33
   345.00000     0.999023      1822876      1024.00
   370.00000     0.999121      1823111      1137.78
   394.00000     0.999219      1823282      1280.00
   419.00000     0.999316      1823440      1462.86
   444.00000     0.999414      1823588      1706.67
   481.00000     0.999512      1823776      2048.00
   505.00000     0.999561      1823884      2275.56
   518.00000     0.999609      1823943      2560.00
   542.00000     0.999658      1824034      2925.71
   579.00000     0.999707      1824124      3413.33
   616.00000     0.999756      1824204      4096.00
   653.00000     0.999780      1824255      4551.11
   690.00000     0.999805      1824305      5120.00
   727.00000     0.999829      1824341      5851.43
   789.00000     0.999854      1824390      6826.67
   838.00000     0.999878      1824431      8192.00
   875.00000     0.999890      1824453      9102.22
   925.00000     0.999902      1824470     10240.00
   999.00000     0.999915      1824492     11702.86
  1110.00000     0.999927      1824514     13653.33
  1418.00000     0.999939      1824534     16384.00
  5143.00000     0.999945      1824545     18204.44
  5204.00000     0.999951      1824556     20480.00
  5328.00000     0.999957      1824568     23405.71
  5414.00000     0.999963      1824579     27306.67
  5574.00000     0.999969      1824591     32768.00
  5685.00000     0.999973      1824595     36408.89
  5932.00000     0.999976      1824601     40960.00
  6055.00000     0.999979      1824607     46811.43
  6339.00000     0.999982      1824613     54613.33
  6573.00000     0.999985      1824618     65536.00
  6697.00000     0.999986      1824621     72817.78
  6734.00000     0.999988      1824623     81920.00
  6795.00000     0.999989      1824626     93622.86
  7030.00000     0.999991      1824629    109226.67
  7400.00000     0.999992      1824633    131072.00
  7400.00000     0.999993      1824633    145635.56
  7449.00000     0.999994      1824634    163840.00
  7819.00000     0.999995      1824636    187245.71
  7893.00000     0.999995      1824637    218453.33
  7942.00000     0.999996      1824639    262144.00
  7942.00000     0.999997      1824639    291271.11
  8041.00000     0.999997      1824640    327680.00
  8337.00000     0.999997      1824641    374491.43
  8337.00000     0.999998      1824641    436906.67
  9940.00000     0.999998      1824642    524288.00
  9940.00000     0.999998      1824642    582542.22
 12962.00000     0.999998      1824643    655360.00
 12962.00000     0.999999      1824643    748982.86
 12962.00000     0.999999      1824643    873813.33
 13172.00000     0.999999      1824644   1048576.00
 13172.00000     0.999999      1824644   1165084.44
 13172.00000     0.999999      1824644   1310720.00
 13172.00000     0.999999      1824644   1497965.71
 13172.00000     0.999999      1824644   1747626.67
2931615.00000     1.000000      1824645   2097152.00
2931615.00000     1.000000      1824645          inf
#[Mean    =       15.368, StdDeviation   =     2170.920]
#[Max     =  2931615.000, Total count    =      1824645]
#[Buckets =           13, SubBuckets     =       262144]
       Value   Percentile   TotalCount 1/(1-Percentile)

   629.00000     0.000000            1         1.00
   912.00000     0.100000       260513         1.11
   925.00000     0.200000       610488         1.25
   925.00000     0.300000       610488         1.43
   937.00000     0.400000       945195         1.67
   937.00000     0.500000       945195         2.00
   949.00000     0.550000      1106312         2.22
   949.00000     0.600000      1106312         2.50
   974.00000     0.650000      1233539         2.86
   986.00000     0.700000      1283539         3.33
  1048.00000     0.750000      1375722         4.00
  1097.00000     0.775000      1422940         4.44
  1134.00000     0.800000      1480626         5.00
  1159.00000     0.825000      1521477         5.71
  1184.00000     0.850000      1556263         6.67
  1233.00000     0.875000      1602126         8.00
  1270.00000     0.887500      1624288         8.89
  1307.00000     0.900000      1643554        10.00
  1356.00000     0.912500      1669703        11.43
  1393.00000     0.925000      1688144        13.33
  1455.00000     0.937500      1715462        16.00
  1480.00000     0.943750      1724337        17.78
  1517.00000     0.950000      1735245        20.00
  1566.00000     0.956250      1745431        22.86
  1665.00000     0.962500      1756654        26.67
  2084.00000     0.968750      1767719        32.00
  3256.00000     0.971875      1773353        35.56
  5167.00000     0.975000      1779180        40.00
  5414.00000     0.978125      1784777        45.71
  5846.00000     0.981250      1790708        53.33
  5932.00000     0.984375      1796706        64.00
  5969.00000     0.985938      1799803        71.11
  5994.00000     0.987500      1801841        80.00
  6043.00000     0.989062      1805537        91.43
  6080.00000     0.990625      1807918       106.67
  6142.00000     0.992188      1810791       128.00
  6179.00000     0.992969      1811938       142.22
  6252.00000     0.993750      1813263       160.00
  6364.00000     0.994531      1814671       182.86
  6635.00000     0.995313      1816096       213.33
  7091.00000     0.996094      1817559       256.00
  7239.00000     0.996484      1818236       284.44
  7375.00000     0.996875      1819003       320.00
  7486.00000     0.997266      1819685       365.71
  7622.00000     0.997656      1820383       426.67
  7770.00000     0.998047      1821084       512.00
  7881.00000     0.998242      1821445       568.89
  8004.00000     0.998437      1821794       640.00
  8177.00000     0.998633      1822158       731.43
  8386.00000     0.998828      1822508       853.33
  8670.00000     0.999023      1822875      1024.00
  8830.00000     0.999121      1823047      1137.78
  8990.00000     0.999219      1823220      1280.00
  9176.00000     0.999316      1823403      1462.86
  9509.00000     0.999414      1823578      1706.67
 10360.00000     0.999512      1823759      2048.00
 11149.00000     0.999561      1823849      2275.56
 12185.00000     0.999609      1823933      2560.00
 13739.00000     0.999658      1824022      2925.71
 16033.00000     0.999707      1824111      3413.33
 19425.00000     0.999756      1824200      4096.00
 21768.00000     0.999780      1824245      4551.11
 24691.00000     0.999805      1824289      5120.00
 26393.00000     0.999829      1824336      5851.43
 27466.00000     0.999854      1824380      6826.67
 28305.00000     0.999878      1824423      8192.00
 28786.00000     0.999890      1824447      9102.22
 29291.00000     0.999902      1824467     10240.00
 29711.00000     0.999915      1824490     11702.86
 30377.00000     0.999927      1824512     13653.33
 31302.00000     0.999939      1824534     16384.00
 31696.00000     0.999945      1824546     18204.44
 32301.00000     0.999951      1824556     20480.00
 33707.00000     0.999957      1824568     23405.71
 35137.00000     0.999963      1824579     27306.67
 36519.00000     0.999969      1824590     32768.00
 37259.00000     0.999973      1824595     36408.89
 38628.00000     0.999976      1824601     40960.00
 42389.00000     0.999979      1824607     46811.43
 43031.00000     0.999982      1824612     54613.33
 44930.00000     0.999985      1824618     65536.00
 45941.00000     0.999986      1824620     72817.78
 46361.00000     0.999988      1824623     81920.00
 50505.00000     0.999989      1824627     93622.86
 52996.00000     0.999991      1824629    109226.67
 58361.00000     0.999992      1824632    131072.00
 70226.00000     0.999993      1824633    145635.56
 70867.00000     0.999994      1824634    163840.00
 76750.00000     0.999995      1824636    187245.71
 85112.00000     0.999995      1824637    218453.33
 87110.00000     0.999996      1824639    262144.00
 87110.00000     0.999997      1824639    291271.11
 87665.00000     0.999997      1824640    327680.00
 93967.00000     0.999997      1824641    374491.43
 93967.00000     0.999998      1824641    436906.67
 96742.00000     0.999998      1824642    524288.00
 96742.00000     0.999998      1824642    582542.22
103920.00000     0.999998      1824643    655360.00
103920.00000     0.999999      1824643    748982.86
103920.00000     0.999999      1824643    873813.33
108817.00000     0.999999      1824644   1048576.00
108817.00000     0.999999      1824644   1165084.44
108817.00000     0.999999      1824644   1310720.00
108817.00000     0.999999      1824644   1497965.71
108817.00000     0.999999      1824644   1747626.67
154993.00000     1.000000      1824645   2097152.00
154993.00000     1.000000      1824645          inf
#[Mean    =     1162.970, StdDeviation   =     1007.699]
#[Max     =   154993.000, Total count    =      1824645]
#[Buckets =           13, SubBuckets     =       262144]

=== EXCHANGE STDERR ===
matching tid: 50546
