=== CLIENT STDERR ===
=== Exchange load generator ===
  clients  : 10
  seed     : 3353336383
  target   : 127.0.0.1:4000
  thread id: 49727
Ctrl-C to stop.


=== Stats ===
  elapsed         : 14.999 s
  requests sent   : 2474982
  ACK responses   : 2474972
  MATCH responses : 1416148
  ERR responses   : 0
  orders in flight: -10
  --- throughput ---
  requests/s      : 165014
  ACK/s           : 165013
  MATCH/s         : 94418
  ERR/s           : 0
  total resp/s    : 165013

=== EXCHANGE STDOUT ===
exchange tid: 49726
inbound thread: 49728
outbound thread: 49729
       Value   Percentile   TotalCount 1/(1-Percentile)

  2072.00000     0.000000            2         1.00
  2355.00000     0.100000       208199         1.11
  2405.00000     0.200000       397592         1.25
  2454.00000     0.300000       617510         1.43
  2491.00000     0.400000       772738         1.67
  2540.00000     0.500000       953326         2.00
  2577.00000     0.550000      1063550         2.22
  2614.00000     0.600000      1153234         2.50
  2664.00000     0.650000      1246505         2.86
  2738.00000     0.700000      1342821         3.33
  2836.00000     0.750000      1430228         4.00
  2898.00000     0.775000      1476117         4.44
  2972.00000     0.800000      1527400         5.00
  3046.00000     0.825000      1574358         5.71
  3132.00000     0.850000      1621459         6.67
  3231.00000     0.875000      1665783         8.00
  3293.00000     0.887500      1688600         8.89
  3379.00000     0.900000      1713941        10.00
  3478.00000     0.912500      1736812        11.43
  3613.00000     0.925000      1759759        13.33
  3848.00000     0.937500      1783755        16.00
  4045.00000     0.943750      1795461        17.78
  4403.00000     0.950000      1807186        20.00
  5513.00000     0.956250      1818999        22.86
  7313.00000     0.962500      1830874        26.67
  7511.00000     0.968750      1842703        32.00
  7597.00000     0.971875      1849475        35.56
  7683.00000     0.975000      1855315        40.00
  7794.00000     0.978125      1860845        45.71
  7992.00000     0.981250      1866486        53.33
  8485.00000     0.984375      1872478        64.00
  8941.00000     0.985938      1875444        71.11
  9546.00000     0.987500      1878420        80.00
 10212.00000     0.989062      1881352        91.43
 11260.00000     0.990625      1884320       106.67
 13344.00000     0.992188      1887293       128.00
 15305.00000     0.992969      1888775       142.22
 19264.00000     0.993750      1890258       160.00
 25110.00000     0.994531      1891742       182.86
 35273.00000     0.995313      1893231       213.33
 46003.00000     0.996094      1894717       256.00
 51491.00000     0.996484      1895458       284.44
 57226.00000     0.996875      1896200       320.00
 62912.00000     0.997266      1896944       365.71
 70361.00000     0.997656      1897686       426.67
 77564.00000     0.998047      1898431       512.00
 82066.00000     0.998242      1898802       568.89
 83965.00000     0.998437      1899173       640.00
 89207.00000     0.998633      1899545       731.43
 94091.00000     0.998828      1899915       853.33
 99209.00000     0.999023      1900288      1024.00
100208.00000     0.999121      1900473      1137.78
104611.00000     0.999219      1900659      1280.00
110716.00000     0.999316      1900844      1462.86
130264.00000     0.999414      1901030      1706.67
155720.00000     0.999512      1901216      2048.00
169595.00000     0.999561      1901309      2275.56
185703.00000     0.999609      1901401      2560.00
204474.00000     0.999658      1901494      2925.71
223566.00000     0.999707      1901587      3413.33
243891.00000     0.999756      1901680      4096.00
259875.00000     0.999780      1901727      4551.11
276773.00000     0.999805      1901773      5120.00
292793.00000     0.999829      1901819      5851.43
309727.00000     0.999854      1901866      6826.67
336071.00000     0.999878      1901912      8192.00
354855.00000     0.999890      1901936      9102.22
375747.00000     0.999902      1901959     10240.00
397133.00000     0.999915      1901982     11702.86
420751.00000     0.999927      1902005     13653.33
448465.00000     0.999939      1902028     16384.00
466571.00000     0.999945      1902040     18204.44
476091.00000     0.999951      1902052     20480.00
494765.00000     0.999957      1902063     23405.71
525955.00000     0.999963      1902075     27306.67
575907.00000     0.999969      1902086     32768.00
645107.00000     0.999973      1902092     36408.89
702371.00000     0.999976      1902098     40960.00
746515.00000     0.999979      1902104     46811.43
4171567.00000     0.999982      1902111     54613.33
4668319.00000     0.999985      1902115     65536.00
4686111.00000     0.999986      1902118     72817.78
4724831.00000     0.999988      1902121     81920.00
4743615.00000     0.999989      1902124     93622.86
4773695.00000     0.999991      1902127    109226.67
4842623.00000     0.999992      1902130    131072.00
4864191.00000     0.999993      1902131    145635.56
4873759.00000     0.999994      1902133    163840.00
4875359.00000     0.999995      1902134    187245.71
4903615.00000     0.999995      1902136    218453.33
4919103.00000     0.999996      1902137    262144.00
4935871.00000     0.999997      1902138    291271.11
4936959.00000     0.999997      1902139    327680.00
4936959.00000     0.999997      1902139    374491.43
4950207.00000     0.999998      1902140    436906.67
4968191.00000     0.999998      1902141    524288.00
4968191.00000     0.999998      1902141    582542.22
4993951.00000     0.999998      1902142    655360.00
4993951.00000     0.999999      1902142    748982.86
4993951.00000     0.999999      1902142    873813.33
4999871.00000     0.999999      1902144   1048576.00
4999871.00000     1.000000      1902144          inf
#[Mean    =     3412.860, StdDeviation   =    22008.167]
#[Max     =  4999871.000, Total count    =      1902144]
#[Buckets =           13, SubBuckets     =       262144]
       Value   Percentile   TotalCount 1/(1-Percentile)

   974.00000     0.000000            1         1.00
  1036.00000     0.100000       278870         1.11
  1048.00000     0.200000       825960         1.25
  1048.00000     0.300000       825960         1.43
  1048.00000     0.400000       825960         1.67
  1060.00000     0.500000      1314302         2.00
  1060.00000     0.550000      1314302         2.22
  1060.00000     0.600000      1314302         2.50
  1060.00000     0.650000      1314302         2.86
  1073.00000     0.700000      1493403         3.33
  1073.00000     0.750000      1493403         4.00
  1073.00000     0.775000      1493403         4.44
  1085.00000     0.800000      1528330         5.00
  1134.00000     0.825000      1577404         5.71
  1221.00000     0.850000      1620244         6.67
  1282.00000     0.875000      1673190         8.00
  1295.00000     0.887500      1688906         8.89
  1319.00000     0.900000      1719294        10.00
  1344.00000     0.912500      1746960        11.43
  1369.00000     0.925000      1768718        13.33
  1393.00000     0.937500      1783891        16.00
  1418.00000     0.943750      1795562        17.78
  1455.00000     0.950000      1810146        20.00
  1480.00000     0.956250      1819264        22.86
  1517.00000     0.962500      1833801        26.67
  1541.00000     0.968750      1844270        32.00
  1554.00000     0.971875      1849174        35.56
  1578.00000     0.975000      1857949        40.00
  1591.00000     0.978125      1861673        45.71
  1615.00000     0.981250      1867879        53.33
  1640.00000     0.984375      1872761        64.00
  1665.00000     0.985938      1876569        71.11
  1689.00000     0.987500      1879510        80.00
  1714.00000     0.989062      1881842        91.43
  1751.00000     0.990625      1884700       106.67
  1800.00000     0.992188      1887567       128.00
  1837.00000     0.992969      1888828       142.22
  1924.00000     0.993750      1890284       160.00
  2096.00000     0.994531      1891816       182.86
  2343.00000     0.995313      1893292       213.33
  2676.00000     0.996094      1894719       256.00
  2923.00000     0.996484      1895461       284.44
  3256.00000     0.996875      1896203       320.00
  3835.00000     0.997266      1896950       365.71
  5118.00000     0.997656      1897689       426.67
  5907.00000     0.998047      1898443       512.00
  6031.00000     0.998242      1898806       568.89
  6191.00000     0.998437      1899178       640.00
  6351.00000     0.998633      1899571       731.43
  6512.00000     0.998828      1899930       853.33
  6697.00000     0.999023      1900292      1024.00
  6820.00000     0.999121      1900483      1137.78
  6968.00000     0.999219      1900662      1280.00
  7190.00000     0.999316      1900854      1462.86
  7474.00000     0.999414      1901032      1706.67
  7807.00000     0.999512      1901217      2048.00
  8115.00000     0.999561      1901311      2275.56
  8436.00000     0.999609      1901401      2560.00
  8880.00000     0.999658      1901494      2925.71
  9385.00000     0.999707      1901588      3413.33
  9879.00000     0.999756      1901681      4096.00
 10212.00000     0.999780      1901727      4551.11
 10742.00000     0.999805      1901773      5120.00
 11223.00000     0.999829      1901819      5851.43
 11877.00000     0.999854      1901868      6826.67
 12530.00000     0.999878      1901914      8192.00
 13011.00000     0.999890      1901936      9102.22
 13529.00000     0.999902      1901959     10240.00
 14010.00000     0.999915      1901983     11702.86
 14985.00000     0.999927      1902005     13653.33
 16354.00000     0.999939      1902029     16384.00
 16995.00000     0.999945      1902040     18204.44
 18438.00000     0.999951      1902052     20480.00
 20781.00000     0.999957      1902063     23405.71
 23618.00000     0.999963      1902075     27306.67
 27774.00000     0.999969      1902086     32768.00
 30364.00000     0.999973      1902092     36408.89
 33312.00000     0.999976      1902098     40960.00
 36580.00000     0.999979      1902104     46811.43
 40293.00000     0.999982      1902110     54613.33
 44449.00000     0.999985      1902115     65536.00
 45510.00000     0.999986      1902118     72817.78
 48630.00000     0.999988      1902121     81920.00
 51516.00000     0.999989      1902124     93622.86
 56363.00000     0.999991      1902127    109226.67
 62382.00000     0.999992      1902130    131072.00
 62949.00000     0.999993      1902131    145635.56
 71508.00000     0.999994      1902133    163840.00
 72100.00000     0.999995      1902134    187245.71
 85309.00000     0.999995      1902136    218453.33
 90970.00000     0.999996      1902137    262144.00
 98457.00000     0.999997      1902138    291271.11
100874.00000     0.999997      1902139    327680.00
100874.00000     0.999997      1902139    374491.43
3710511.00000     0.999998      1902140    436906.67
3710927.00000     0.999998      1902141    524288.00
3710927.00000     0.999998      1902141    582542.22
4942303.00000     0.999998      1902142    655360.00
4942303.00000     0.999999      1902142    748982.86
4942303.00000     0.999999      1902142    873813.33
4957087.00000     0.999999      1902143   1048576.00
4957087.00000     0.999999      1902143   1165084.44
4957087.00000     0.999999      1902143   1310720.00
4957087.00000     0.999999      1902143   1497965.71
4957087.00000     0.999999      1902143   1747626.67
4958271.00000     1.000000      1902144   2097152.00
4958271.00000     1.000000      1902144          inf
#[Mean    =     1141.244, StdDeviation   =     7303.060]
#[Max     =  4958271.000, Total count    =      1902144]
#[Buckets =           13, SubBuckets     =       262144]
       Value   Percentile   TotalCount 1/(1-Percentile)

     0.00000     0.000000        99750         1.00
    12.00000     0.100000      1409050         1.11
    12.00000     0.200000      1409050         1.25
    12.00000     0.300000      1409050         1.43
    12.00000     0.400000      1409050         1.67
    12.00000     0.500000      1409050         2.00
    12.00000     0.550000      1409050         2.22
    12.00000     0.600000      1409050         2.50
    12.00000     0.650000      1409050         2.86
    12.00000     0.700000      1409050         3.33
    24.00000     0.750000      1885395         4.00
    24.00000     0.775000      1885395         4.44
    24.00000     0.800000      1885395         5.00
    24.00000     0.825000      1885395         5.71
    24.00000     0.850000      1885395         6.67
    24.00000     0.875000      1885395         8.00
    24.00000     0.887500      1885395         8.89
    24.00000     0.900000      1885395        10.00
    24.00000     0.912500      1885395        11.43
    24.00000     0.925000      1885395        13.33
    24.00000     0.937500      1885395        16.00
    24.00000     0.943750      1885395        17.78
    24.00000     0.950000      1885395        20.00
    24.00000     0.956250      1885395        22.86
    24.00000     0.962500      1885395        26.67
    24.00000     0.968750      1885395        32.00
    24.00000     0.971875      1885395        35.56
    24.00000     0.975000      1885395        40.00
    24.00000     0.978125      1885395        45.71
    24.00000     0.981250      1885395        53.33
    24.00000     0.984375      1885395        64.00
    24.00000     0.985938      1885395        71.11
    24.00000     0.987500      1885395        80.00
    24.00000     0.989062      1885395        91.43
    24.00000     0.990625      1885395       106.67
    37.00000     0.992188      1897330       128.00
    37.00000     0.992969      1897330       142.22
    37.00000     0.993750      1897330       160.00
    37.00000     0.994531      1897330       182.86
    37.00000     0.995313      1897330       213.33
    37.00000     0.996094      1897330       256.00
    37.00000     0.996484      1897330       284.44
    37.00000     0.996875      1897330       320.00
    37.00000     0.997266      1897330       365.71
    49.00000     0.997656      1900842       426.67
    49.00000     0.998047      1900842       512.00
    49.00000     0.998242      1900842       568.89
    49.00000     0.998437      1900842       640.00
    49.00000     0.998633      1900842       731.43
    49.00000     0.998828      1900842       853.33
    49.00000     0.999023      1900842      1024.00
    49.00000     0.999121      1900842      1137.78
    49.00000     0.999219      1900842      1280.00
    61.00000     0.999316      1901819      1462.86
    61.00000     0.999414      1901819      1706.67
    61.00000     0.999512      1901819      2048.00
    61.00000     0.999561      1901819      2275.56
    61.00000     0.999609      1901819      2560.00
    61.00000     0.999658      1901819      2925.71
    61.00000     0.999707      1901819      3413.33
    61.00000     0.999756      1901819      4096.00
    61.00000     0.999780      1901819      4551.11
    61.00000     0.999805      1901819      5120.00
    61.00000     0.999829      1901819      5851.43
    74.00000     0.999854      1901972      6826.67
    74.00000     0.999878      1901972      8192.00
    74.00000     0.999890      1901972      9102.22
    74.00000     0.999902      1901972     10240.00
    86.00000     0.999915      1901995     11702.86
    98.00000     0.999927      1902008     13653.33
   123.00000     0.999939      1902028     16384.00
   148.00000     0.999945      1902046     18204.44
   160.00000     0.999951      1902056     20480.00
   197.00000     0.999957      1902064     23405.71
   246.00000     0.999963      1902075     27306.67
   308.00000     0.999969      1902090     32768.00
   320.00000     0.999973      1902093     36408.89
   357.00000     0.999976      1902100     40960.00
   444.00000     0.999979      1902104     46811.43
   481.00000     0.999982      1902110     54613.33
   518.00000     0.999985      1902116     65536.00
   542.00000     0.999986      1902121     72817.78
   542.00000     0.999988      1902121     81920.00
   604.00000     0.999989      1902124     93622.86
   666.00000     0.999991      1902127    109226.67
   740.00000     0.999992      1902131    131072.00
   740.00000     0.999993      1902131    145635.56
   752.00000     0.999994      1902134    163840.00
   752.00000     0.999995      1902134    187245.71
   875.00000     0.999995      1902136    218453.33
   974.00000     0.999996      1902137    262144.00
  1369.00000     0.999997      1902138    291271.11
  1480.00000     0.999997      1902139    327680.00
  1480.00000     0.999997      1902139    374491.43
  2405.00000     0.999998      1902140    436906.67
  5907.00000     0.999998      1902141    524288.00
  5907.00000     0.999998      1902141    582542.22
  6351.00000     0.999998      1902142    655360.00
  6351.00000     0.999999      1902142    748982.86
  6351.00000     0.999999      1902142    873813.33
  6364.00000     0.999999      1902143   1048576.00
  6364.00000     0.999999      1902143   1165084.44
  6364.00000     0.999999      1902143   1310720.00
  6364.00000     0.999999      1902143   1497965.71
  6364.00000     0.999999      1902143   1747626.67
 14097.00000     1.000000      1902144   2097152.00
 14097.00000     1.000000      1902144          inf
#[Mean    =       14.673, StdDeviation   =       14.943]
#[Max     =    14097.000, Total count    =      1902144]
#[Buckets =           13, SubBuckets     =       262144]
       Value   Percentile   TotalCount 1/(1-Percentile)

    73.00000     0.000000            2         1.00
    98.00000     0.100000       547136         1.11
    98.00000     0.200000       547136         1.25
   110.00000     0.300000       607538         1.43
   111.00000     0.400000      1388294         1.67
   111.00000     0.500000      1388294         2.00
   111.00000     0.550000      1388294         2.22
   111.00000     0.600000      1388294         2.50
   111.00000     0.650000      1388294         2.86
   111.00000     0.700000      1388294         3.33
   123.00000     0.750000      1615226         4.00
   123.00000     0.775000      1615226         4.44
   123.00000     0.800000      1615226         5.00
   123.00000     0.825000      1615226         5.71
   135.00000     0.850000      1838442         6.67
   135.00000     0.875000      1838442         8.00
   135.00000     0.887500      1838442         8.89
   135.00000     0.900000      1838442        10.00
   135.00000     0.912500      1838442        11.43
   135.00000     0.925000      1838442        13.33
   135.00000     0.937500      1838442        16.00
   135.00000     0.943750      1838442        17.78
   135.00000     0.950000      1838442        20.00
   135.00000     0.956250      1838442        22.86
   135.00000     0.962500      1838442        26.67
   148.00000     0.968750      1871639        32.00
   148.00000     0.971875      1871639        35.56
   148.00000     0.975000      1871639        40.00
   148.00000     0.978125      1871639        45.71
   148.00000     0.981250      1871639        53.33
   160.00000     0.984375      1877589        64.00
   160.00000     0.985938      1877589        71.11
   172.00000     0.987500      1880107        80.00
   185.00000     0.989062      1881593        91.43
   222.00000     0.990625      1884530       106.67
   296.00000     0.992188      1887539       128.00
   345.00000     0.992969      1888854       142.22
   407.00000     0.993750      1890288       160.00
   493.00000     0.994531      1891872       182.86
   592.00000     0.995313      1893230       213.33
   727.00000     0.996094      1894754       256.00
   814.00000     0.996484      1895531       284.44
   912.00000     0.996875      1896220       320.00
  1073.00000     0.997266      1896982       365.71
  1319.00000     0.997656      1897703       426.67
  1726.00000     0.998047      1898447       512.00
  2022.00000     0.998242      1898808       568.89
  2466.00000     0.998437      1899176       640.00
  3021.00000     0.998633      1899544       731.43
  3811.00000     0.998828      1899921       853.33
  4896.00000     0.999023      1900292      1024.00
  5525.00000     0.999121      1900475      1137.78
  6512.00000     0.999219      1900658      1280.00
  7856.00000     0.999316      1900845      1462.86
  9521.00000     0.999414      1901030      1706.67
 12160.00000     0.999512      1901217      2048.00
 14578.00000     0.999561      1901309      2275.56
 17550.00000     0.999609      1901401      2560.00
 21373.00000     0.999658      1901494      2925.71
 26812.00000     0.999707      1901587      3413.33
 36482.00000     0.999756      1901680      4096.00
 42956.00000     0.999780      1901727      4551.11
 51405.00000     0.999805      1901773      5120.00
 61087.00000     0.999829      1901819      5851.43
 71286.00000     0.999854      1901866      6826.67
 88627.00000     0.999878      1901912      8192.00
100085.00000     0.999890      1901936      9102.22
115711.00000     0.999902      1901959     10240.00
138145.00000     0.999915      1901982     11702.86
167980.00000     0.999927      1902005     13653.33
190698.00000     0.999939      1902028     16384.00
205498.00000     0.999945      1902040     18204.44
225922.00000     0.999951      1902052     20480.00
239069.00000     0.999957      1902063     23405.71
261688.00000     0.999963      1902075     27306.67
281497.00000     0.999969      1902086     32768.00
306569.00000     0.999973      1902092     36408.89
341831.00000     0.999976      1902098     40960.00
370481.00000     0.999979      1902104     46811.43
429805.00000     0.999982      1902110     54613.33
431519.00000     0.999985      1902116     65536.00
431643.00000     0.999986      1902118     72817.78
432505.00000     0.999988      1902121     81920.00
433801.00000     0.999989      1902124     93622.86
457665.00000     0.999991      1902127    109226.67
502201.00000     0.999992      1902130    131072.00
4773823.00000     0.999993      1902131    145635.56
4786751.00000     0.999994      1902133    163840.00
4800031.00000     0.999995      1902134    187245.71
4819775.00000     0.999995      1902136    218453.33
4828415.00000     0.999996      1902137    262144.00
4837311.00000     0.999997      1902138    291271.11
4845983.00000     0.999997      1902139    327680.00
4845983.00000     0.999997      1902139    374491.43
4855807.00000     0.999998      1902140    436906.67
4867103.00000     0.999998      1902141    524288.00
4867103.00000     0.999998      1902141    582542.22
4874591.00000     0.999998      1902142    655360.00
4874591.00000     0.999999      1902142    748982.86
4874591.00000     0.999999      1902142    873813.33
4899903.00000     0.999999      1902143   1048576.00
4899903.00000     0.999999      1902143   1165084.44
4899903.00000     0.999999      1902143   1310720.00
4899903.00000     0.999999      1902143   1497965.71
4899903.00000     0.999999      1902143   1747626.67
4923999.00000     1.000000      1902144   2097152.00
4923999.00000     1.000000      1902144          inf
#[Mean    =      194.232, StdDeviation   =    13381.517]
#[Max     =  4923999.000, Total count    =      1902144]
#[Buckets =           13, SubBuckets     =       262144]
       Value   Percentile   TotalCount 1/(1-Percentile)

     0.00000     0.000000        13459         1.00
    37.00000     0.100000       386498         1.11
    37.00000     0.200000       386498         1.25
    49.00000     0.300000       725187         1.43
    61.00000     0.400000       795442         1.67
   111.00000     0.500000       980263         2.00
   135.00000     0.550000      1093801         2.22
   148.00000     0.600000      1153776         2.50
   172.00000     0.650000      1270052         2.86
   197.00000     0.700000      1364247         3.33
   222.00000     0.750000      1442641         4.00
   234.00000     0.775000      1477522         4.44
   259.00000     0.800000      1539481         5.00
   283.00000     0.825000      1589689         5.71
   308.00000     0.850000      1630831         6.67
   333.00000     0.875000      1664562         8.00
   357.00000     0.887500      1692223         8.89
   382.00000     0.900000      1715975        10.00
   407.00000     0.912500      1736766        11.43
   444.00000     0.925000      1764344        13.33
   481.00000     0.937500      1785766        16.00
   505.00000     0.943750      1797552        17.78
   530.00000     0.950000      1807681        20.00
   567.00000     0.956250      1820463        22.86
   604.00000     0.962500      1831015        26.67
   666.00000     0.968750      1844218        32.00
   703.00000     0.971875      1850339        35.56
   740.00000     0.975000      1855417        40.00
   789.00000     0.978125      1861025        45.71
   851.00000     0.981250      1866579        53.33
   949.00000     0.984375      1872551        64.00
  1023.00000     0.985938      1875689        71.11
  1122.00000     0.987500      1878603        80.00
  1270.00000     0.989062      1881420        91.43
  1554.00000     0.990625      1884351       106.67
  2035.00000     0.992188      1887318       128.00
  2417.00000     0.992969      1888801       142.22
  3404.00000     0.993750      1890265       160.00
  4859.00000     0.994531      1891746       182.86
  5118.00000     0.995313      1893248       213.33
  5402.00000     0.996094      1894729       256.00
  5587.00000     0.996484      1895457       284.44
  5833.00000     0.996875      1896226       320.00
  6154.00000     0.997266      1896954       365.71
  6598.00000     0.997656      1897692       426.67
  7215.00000     0.998047      1898437       512.00
  7609.00000     0.998242      1898808       568.89
  8066.00000     0.998437      1899180       640.00
  8473.00000     0.998633      1899549       731.43
  8966.00000     0.998828      1899916       853.33
  9496.00000     0.999023      1900297      1024.00
  9731.00000     0.999121      1900474      1137.78
 10039.00000     0.999219      1900662      1280.00
 10434.00000     0.999316      1900848      1462.86
 10865.00000     0.999414      1901031      1706.67
 11445.00000     0.999512      1901216      2048.00
 11803.00000     0.999561      1901310      2275.56
 12222.00000     0.999609      1901402      2560.00
 12752.00000     0.999658      1901494      2925.71
 13283.00000     0.999707      1901587      3413.33
 13998.00000     0.999756      1901680      4096.00
 14430.00000     0.999780      1901727      4551.11
 14948.00000     0.999805      1901773      5120.00
 15700.00000     0.999829      1901821      5851.43
 16674.00000     0.999854      1901866      6826.67
 17710.00000     0.999878      1901912      8192.00
 18537.00000     0.999890      1901936      9102.22
 19449.00000     0.999902      1901959     10240.00
 21275.00000     0.999915      1901982     11702.86
 23199.00000     0.999927      1902005     13653.33
 26467.00000     0.999939      1902028     16384.00
 29254.00000     0.999945      1902040     18204.44
 31474.00000     0.999951      1902052     20480.00
 36297.00000     0.999957      1902063     23405.71
 39084.00000     0.999963      1902075     27306.67
 44005.00000     0.999969      1902086     32768.00
 52811.00000     0.999973      1902092     36408.89
 59224.00000     0.999976      1902098     40960.00
 67475.00000     0.999979      1902104     46811.43
 70201.00000     0.999982      1902110     54613.33
 75184.00000     0.999985      1902115     65536.00
 79562.00000     0.999986      1902118     72817.78
 84434.00000     0.999988      1902121     81920.00
 87702.00000     0.999989      1902124     93622.86
 95731.00000     0.999991      1902127    109226.67
106695.00000     0.999992      1902130    131072.00
108286.00000     0.999993      1902131    145635.56
112615.00000     0.999994      1902133    163840.00
114589.00000     0.999995      1902134    187245.71
119584.00000     0.999995      1902136    218453.33
121569.00000     0.999996      1902137    262144.00
126207.00000     0.999997      1902138    291271.11
128760.00000     0.999997      1902139    327680.00
128760.00000     0.999997      1902139    374491.43
129648.00000     0.999998      1902140    436906.67
138602.00000     0.999998      1902141    524288.00
138602.00000     0.999998      1902141    582542.22
146211.00000     0.999998      1902142    655360.00
146211.00000     0.999999      1902142    748982.86
146211.00000     0.999999      1902142    873813.33
170052.00000     0.999999      1902143   1048576.00
170052.00000     0.999999      1902143   1165084.44
170052.00000     0.999999      1902143   1310720.00
170052.00000     0.999999      1902143   1497965.71
170052.00000     0.999999      1902143   1747626.67
273171.00000     1.000000      1902144   2097152.00
273171.00000     1.000000      1902144          inf
#[Mean    =      214.075, StdDeviation   =      823.283]
#[Max     =   273171.000, Total count    =      1902144]
#[Buckets =           13, SubBuckets     =       262144]
       Value   Percentile   TotalCount 1/(1-Percentile)

    86.00000     0.000000           23         1.00
   172.00000     0.100000       223560         1.11
   197.00000     0.200000       409647         1.25
   222.00000     0.300000       597322         1.43
   246.00000     0.400000       795103         1.67
   271.00000     0.500000       995143         2.00
   283.00000     0.550000      1095535         2.22
   296.00000     0.600000      1195640         2.50
   308.00000     0.650000      1296346         2.86
   320.00000     0.700000      1395451         3.33
   333.00000     0.750000      1489327         4.00
   333.00000     0.775000      1489327         4.44
   345.00000     0.800000      1576176         5.00
   345.00000     0.825000      1576176         5.71
   357.00000     0.850000      1638072         6.67
   370.00000     0.875000      1673989         8.00
   382.00000     0.887500      1724025         8.89
   382.00000     0.900000      1724025        10.00
   394.00000     0.912500      1754759        11.43
   407.00000     0.925000      1774331        13.33
   419.00000     0.937500      1789896        16.00
   431.00000     0.943750      1803173        17.78
   444.00000     0.950000      1814070        20.00
   456.00000     0.956250      1822859        22.86
   481.00000     0.962500      1834846        26.67
   518.00000     0.968750      1843591        32.00
   567.00000     0.971875      1848943        35.56
   690.00000     0.975000      1854714        40.00
   912.00000     0.978125      1860878        45.71
  1073.00000     0.981250      1866567        53.33
  1381.00000     0.984375      1872571        64.00
  1603.00000     0.985938      1875528        71.11
  1825.00000     0.987500      1878446        80.00
  2294.00000     0.989062      1881354        91.43
  3095.00000     0.990625      1884327       106.67
  4921.00000     0.992188      1887299       128.00
  5846.00000     0.992969      1888777       142.22
  8559.00000     0.993750      1890258       160.00
 14824.00000     0.994531      1891742       182.86
 24481.00000     0.995313      1893228       213.33
 35359.00000     0.996094      1894714       256.00
 41538.00000     0.996484      1895458       284.44
 46891.00000     0.996875      1896203       320.00
 53650.00000     0.997266      1896943       365.71
 59940.00000     0.997656      1897688       426.67
 66082.00000     0.998047      1898432       512.00
 70435.00000     0.998242      1898801       568.89
 73852.00000     0.998437      1899172       640.00
 77058.00000     0.998633      1899545       731.43
 82177.00000     0.998828      1899916       853.33
 87172.00000     0.999023      1900289      1024.00
 89725.00000     0.999121      1900473      1137.78
 92401.00000     0.999219      1900661      1280.00
 93400.00000     0.999316      1900846      1462.86
 97889.00000     0.999414      1901030      1706.67
104007.00000     0.999512      1901216      2048.00
113997.00000     0.999561      1901309      2275.56
126737.00000     0.999609      1901401      2560.00
141562.00000     0.999658      1901494      2925.71
159322.00000     0.999707      1901587      3413.33
181966.00000     0.999756      1901680      4096.00
194792.00000     0.999780      1901727      4551.11
207422.00000     0.999805      1901773      5120.00
223196.00000     0.999829      1901819      5851.43
246802.00000     0.999854      1901866      6826.67
272321.00000     0.999878      1901912      8192.00
283347.00000     0.999890      1901936      9102.22
302277.00000     0.999902      1901959     10240.00
321469.00000     0.999915      1901982     11702.86
345937.00000     0.999927      1902005     13653.33
370469.00000     0.999939      1902028     16384.00
380915.00000     0.999945      1902040     18204.44
397417.00000     0.999951      1902052     20480.00
416743.00000     0.999957      1902063     23405.71
436083.00000     0.999963      1902075     27306.67
453681.00000     0.999969      1902086     32768.00
468125.00000     0.999973      1902092     36408.89
483651.00000     0.999976      1902098     40960.00
520109.00000     0.999979      1902104     46811.43
602495.00000     0.999982      1902110     54613.33
673735.00000     0.999985      1902115     65536.00
699831.00000     0.999986      1902118     72817.78
721219.00000     0.999988      1902121     81920.00
753751.00000     0.999989      1902124     93622.86
800867.00000     0.999991      1902127    109226.67
4644447.00000     0.999992      1902130    131072.00
4653087.00000     0.999993      1902131    145635.56
4665695.00000     0.999994      1902133    163840.00
4669695.00000     0.999995      1902134    187245.71
4684575.00000     0.999995      1902136    218453.33
4715135.00000     0.999996      1902137    262144.00
4717311.00000     0.999997      1902138    291271.11
4721759.00000     0.999997      1902139    327680.00
4721759.00000     0.999997      1902139    374491.43
4723039.00000     0.999998      1902140    436906.67
4735583.00000     0.999998      1902141    524288.00
4735583.00000     0.999998      1902141    582542.22
4749087.00000     0.999998      1902142    655360.00
4749087.00000     0.999999      1902142    748982.86
4749087.00000     0.999999      1902142    873813.33
4765887.00000     0.999999      1902143   1048576.00
4765887.00000     0.999999      1902143   1165084.44
4765887.00000     0.999999      1902143   1310720.00
4765887.00000     0.999999      1902143   1497965.71
4765887.00000     0.999999      1902143   1747626.67
4766143.00000     1.000000      1902144   2097152.00
4766143.00000     1.000000      1902144          inf
#[Mean    =      714.295, StdDeviation   =    15216.252]
#[Max     =  4766143.000, Total count    =      1902144]
#[Buckets =           13, SubBuckets     =       262144]
       Value   Percentile   TotalCount 1/(1-Percentile)

     0.00000     0.000000       256280         1.00
     0.00000     0.100000       256280         1.11
    12.00000     0.200000      1827128         1.25
    12.00000     0.300000      1827128         1.43
    12.00000     0.400000      1827128         1.67
    12.00000     0.500000      1827128         2.00
    12.00000     0.550000      1827128         2.22
    12.00000     0.600000      1827128         2.50
    12.00000     0.650000      1827128         2.86
    12.00000     0.700000      1827128         3.33
    12.00000     0.750000      1827128         4.00
    12.00000     0.775000      1827128         4.44
    12.00000     0.800000      1827128         5.00
    12.00000     0.825000      1827128         5.71
    12.00000     0.850000      1827128         6.67
    12.00000     0.875000      1827128         8.00
    12.00000     0.887500      1827128         8.89
    12.00000     0.900000      1827128        10.00
    12.00000     0.912500      1827128        11.43
    12.00000     0.925000      1827128        13.33
    12.00000     0.937500      1827128        16.00
    12.00000     0.943750      1827128        17.78
    12.00000     0.950000      1827128        20.00
    12.00000     0.956250      1827128        22.86
    24.00000     0.962500      1884893        26.67
    24.00000     0.968750      1884893        32.00
    24.00000     0.971875      1884893        35.56
    24.00000     0.975000      1884893        40.00
    24.00000     0.978125      1884893        45.71
    24.00000     0.981250      1884893        53.33
    24.00000     0.984375      1884893        64.00
    24.00000     0.985938      1884893        71.11
    24.00000     0.987500      1884893        80.00
    24.00000     0.989062      1884893        91.43
    24.00000     0.990625      1884893       106.67
    37.00000     0.992188      1893012       128.00
    37.00000     0.992969      1893012       142.22
    37.00000     0.993750      1893012       160.00
    37.00000     0.994531      1893012       182.86
    49.00000     0.995313      1896330       213.33
    49.00000     0.996094      1896330       256.00
    49.00000     0.996484      1896330       284.44
    49.00000     0.996875      1896330       320.00
    61.00000     0.997266      1897594       365.71
    74.00000     0.997656      1898251       426.67
    86.00000     0.998047      1898661       512.00
    98.00000     0.998242      1898972       568.89
   111.00000     0.998437      1899332       640.00
   135.00000     0.998633      1899727       731.43
   160.00000     0.998828      1900077       853.33
   185.00000     0.999023      1900328      1024.00
   209.00000     0.999121      1900524      1137.78
   246.00000     0.999219      1900695      1280.00
   296.00000     0.999316      1900874      1462.86
   345.00000     0.999414      1901072      1706.67
   394.00000     0.999512      1901230      2048.00
   431.00000     0.999561      1901321      2275.56
   481.00000     0.999609      1901424      2560.00
   518.00000     0.999658      1901513      2925.71
   555.00000     0.999707      1901588      3413.33
   604.00000     0.999756      1901697      4096.00
   629.00000     0.999780      1901748      4551.11
   653.00000     0.999805      1901781      5120.00
   690.00000     0.999829      1901828      5851.43
   740.00000     0.999854      1901871      6826.67
   801.00000     0.999878      1901912      8192.00
   838.00000     0.999890      1901940      9102.22
   888.00000     0.999902      1901961     10240.00
   962.00000     0.999915      1901986     11702.86
  1036.00000     0.999927      1902007     13653.33
  1134.00000     0.999939      1902029     16384.00
  1282.00000     0.999945      1902040     18204.44
  1850.00000     0.999951      1902053     20480.00
  5081.00000     0.999957      1902063     23405.71
  5204.00000     0.999963      1902075     27306.67
  5266.00000     0.999969      1902086     32768.00
  5328.00000     0.999973      1902094     36408.89
  5377.00000     0.999976      1902098     40960.00
  5414.00000     0.999979      1902105     46811.43
  5500.00000     0.999982      1902112     54613.33
  5624.00000     0.999985      1902115     65536.00
  5772.00000     0.999986      1902118     72817.78
  6092.00000     0.999988      1902121     81920.00
  6240.00000     0.999989      1902124     93622.86
  6401.00000     0.999991      1902128    109226.67
  6475.00000     0.999992      1902130    131072.00
  6499.00000     0.999993      1902131    145635.56
  6561.00000     0.999994      1902133    163840.00
  6623.00000     0.999995      1902134    187245.71
  6820.00000     0.999995      1902136    218453.33
  6894.00000     0.999996      1902137    262144.00
  6906.00000     0.999997      1902138    291271.11
  7128.00000     0.999997      1902139    327680.00
  7128.00000     0.999997      1902139    374491.43
  7141.00000     0.999998      1902140    436906.67
  7634.00000     0.999998      1902141    524288.00
  7634.00000     0.999998      1902141    582542.22
  7807.00000     0.999998      1902142    655360.00
  7807.00000     0.999999      1902142    748982.86
  7807.00000     0.999999      1902142    873813.33
  7905.00000     0.999999      1902143   1048576.00
  7905.00000     0.999999      1902143   1165084.44
  7905.00000     0.999999      1902143   1310720.00
  7905.00000     0.999999      1902143   1497965.71
  7905.00000     0.999999      1902143   1747626.67
 12185.00000     1.000000      1902144   2097152.00
 12185.00000     1.000000      1902144          inf
#[Mean    =       11.759, StdDeviation   =       42.848]
#[Max     =    12185.000, Total count    =      1902144]
#[Buckets =           13, SubBuckets     =       262144]
       Value   Percentile   TotalCount 1/(1-Percentile)

   629.00000     0.000000           22         1.00
   900.00000     0.100000       531737         1.11
   900.00000     0.200000       531737         1.25
   912.00000     0.300000       874932         1.43
   912.00000     0.400000       874932         1.67
   925.00000     0.500000      1144194         2.00
   925.00000     0.550000      1144194         2.22
   925.00000     0.600000      1144194         2.50
   937.00000     0.650000      1327043         2.86
   949.00000     0.700000      1421488         3.33
   961.00000     0.750000      1430931         4.00
   962.00000     0.775000      1476043         4.44
   986.00000     0.800000      1539517         5.00
  1023.00000     0.825000      1575179         5.71
  1110.00000     0.850000      1624069         6.67
  1147.00000     0.875000      1667213         8.00
  1171.00000     0.887500      1695379         8.89
  1196.00000     0.900000      1718925        10.00
  1221.00000     0.912500      1736240        11.43
  1282.00000     0.925000      1762769        13.33
  1344.00000     0.937500      1784651        16.00
  1381.00000     0.943750      1796684        17.78
  1430.00000     0.950000      1810104        20.00
  1480.00000     0.956250      1820389        22.86
  1566.00000     0.962500      1831337        26.67
  2158.00000     0.968750      1842705        32.00
  3626.00000     0.971875      1848663        35.56
  5217.00000     0.975000      1854603        40.00
  5661.00000     0.978125      1860595        45.71
  5870.00000     0.981250      1866725        53.33
  5944.00000     0.984375      1873618        64.00
  5969.00000     0.985938      1876155        71.11
  5994.00000     0.987500      1878733        80.00
  6031.00000     0.989062      1882307        91.43
  6055.00000     0.990625      1884441       106.67
  6105.00000     0.992188      1887898       128.00
  6129.00000     0.992969      1889241       142.22
  6154.00000     0.993750      1890354       160.00
  6203.00000     0.994531      1891899       182.86
  6277.00000     0.995313      1893269       213.33
  6450.00000     0.996094      1894783       256.00
  6623.00000     0.996484      1895471       284.44
  6955.00000     0.996875      1896201       320.00
  7252.00000     0.997266      1896977       365.71
  7424.00000     0.997656      1897698       426.67
  7585.00000     0.998047      1898481       512.00
  7671.00000     0.998242      1898850       568.89
  7770.00000     0.998437      1899210       640.00
  7881.00000     0.998633      1899557       731.43
  8041.00000     0.998828      1899925       853.33
  8312.00000     0.999023      1900297      1024.00
  8485.00000     0.999121      1900476      1137.78
  8719.00000     0.999219      1900661      1280.00
  9015.00000     0.999316      1900849      1462.86
  9521.00000     0.999414      1901032      1706.67
 10594.00000     0.999512      1901218      2048.00
 11457.00000     0.999561      1901309      2275.56
 12456.00000     0.999609      1901402      2560.00
 13899.00000     0.999658      1901495      2925.71
 15947.00000     0.999707      1901587      3413.33
 20535.00000     0.999756      1901680      4096.00
 22298.00000     0.999780      1901727      4551.11
 23248.00000     0.999805      1901774      5120.00
 24543.00000     0.999829      1901819      5851.43
 25505.00000     0.999854      1901867      6826.67
 26541.00000     0.999878      1901912      8192.00
 26997.00000     0.999890      1901938      9102.22
 27318.00000     0.999902      1901959     10240.00
 28009.00000     0.999915      1901982     11702.86
 28971.00000     0.999927      1902005     13653.33
 29957.00000     0.999939      1902028     16384.00
 30463.00000     0.999945      1902041     18204.44
 30907.00000     0.999951      1902052     20480.00
 31388.00000     0.999957      1902063     23405.71
 32288.00000     0.999963      1902077     27306.67
 33879.00000     0.999969      1902086     32768.00
 35421.00000     0.999973      1902092     36408.89
 37814.00000     0.999976      1902098     40960.00
 40145.00000     0.999979      1902104     46811.43
 42402.00000     0.999982      1902110     54613.33
 43968.00000     0.999985      1902115     65536.00
 45226.00000     0.999986      1902118     72817.78
 47606.00000     0.999988      1902121     81920.00
 50591.00000     0.999989      1902124     93622.86
 53267.00000     0.999991      1902127    109226.67
 55870.00000     0.999992      1902130    131072.00
 57683.00000     0.999993      1902131    145635.56
 64355.00000     0.999994      1902133    163840.00
 64848.00000     0.999995      1902134    187245.71
 74555.00000     0.999995      1902136    218453.33
 76738.00000     0.999996      1902137    262144.00
 80351.00000     0.999997      1902138    291271.11
 88023.00000     0.999997      1902139    327680.00
 88023.00000     0.999997      1902139    374491.43
 88380.00000     0.999998      1902140    436906.67
100492.00000     0.999998      1902141    524288.00
100492.00000     0.999998      1902141    582542.22
104488.00000     0.999998      1902142    655360.00
104488.00000     0.999999      1902142    748982.86
104488.00000     0.999999      1902142    873813.33
155585.00000     0.999999      1902143   1048576.00
155585.00000     0.999999      1902143   1165084.44
155585.00000     0.999999      1902143   1310720.00
155585.00000     0.999999      1902143   1497965.71
155585.00000     0.999999      1902143   1747626.67
182373.00000     1.000000      1902144   2097152.00
182373.00000     1.000000      1902144          inf
#[Mean    =     1120.512, StdDeviation   =     1002.330]
#[Max     =   182373.000, Total count    =      1902144]
#[Buckets =           13, SubBuckets     =       262144]

=== EXCHANGE STDERR ===
matching tid: 49730
