=== CLIENT STDERR ===
=== Exchange load generator ===
  clients  : 10
  seed     : 406898987
  target   : 127.0.0.1:4000
  thread id: 50870
Ctrl-C to stop.


=== Stats ===
  elapsed         : 14.999 s
  requests sent   : 2242364
  ACK responses   : 2242354
  MATCH responses : 1285701
  ERR responses   : 0
  orders in flight: -10
  --- throughput ---
  requests/s      : 149502
  ACK/s           : 149501
  MATCH/s         : 85720
  ERR/s           : 0
  total resp/s    : 149501

=== EXCHANGE STDOUT ===
exchange tid: 50869
inbound thread: 50871
outbound thread: 50872
       Value   Percentile   TotalCount 1/(1-Percentile)

  2084.00000     0.000000            1         1.00
  2380.00000     0.100000       174079         1.11
  2454.00000     0.200000       378348         1.25
  2503.00000     0.300000       520285         1.43
  2577.00000     0.400000       699830         1.67
  2676.00000     0.500000       868281         2.00
  2738.00000     0.550000       947786         2.22
  2824.00000     0.600000      1038748         2.50
  2910.00000     0.650000      1120359         2.86
  3009.00000     0.700000      1207992         3.33
  3108.00000     0.750000      1286373         4.00
  3169.00000     0.775000      1328934         4.44
  3243.00000     0.800000      1373068         5.00
  3330.00000     0.825000      1418071         5.71
  3416.00000     0.850000      1455518         6.67
  3539.00000     0.875000      1498676         8.00
  3613.00000     0.887500      1519640         8.89
  3712.00000     0.900000      1542412        10.00
  3835.00000     0.912500      1563664        11.43
  4008.00000     0.925000      1584374        13.33
  4316.00000     0.937500      1604930        16.00
  4711.00000     0.943750      1615617        17.78
  5587.00000     0.950000      1626233        20.00
  6795.00000     0.956250      1636830        22.86
  7461.00000     0.962500      1647565        26.67
  7708.00000     0.968750      1658485        32.00
  7893.00000     0.971875      1663644        35.56
  8226.00000     0.975000      1668930        40.00
  8843.00000     0.978125      1674285        45.71
  9632.00000     0.981250      1679613        53.33
 10532.00000     0.984375      1684998        64.00
 11285.00000     0.985938      1687629        71.11
 12925.00000     0.987500      1690303        80.00
 16489.00000     0.989062      1692980        91.43
 23310.00000     0.990625      1695651       106.67
 33300.00000     0.992188      1698325       128.00
 39590.00000     0.992969      1699662       142.22
 45744.00000     0.993750      1701000       160.00
 51911.00000     0.994531      1702337       182.86
 59372.00000     0.995313      1703675       213.33
 67229.00000     0.996094      1705011       256.00
 71989.00000     0.996484      1705682       284.44
 76577.00000     0.996875      1706348       320.00
 81745.00000     0.997266      1707017       365.71
 87036.00000     0.997656      1707686       426.67
 93511.00000     0.998047      1708354       512.00
 96829.00000     0.998242      1708689       568.89
100220.00000     0.998437      1709023       640.00
105758.00000     0.998633      1709358       731.43
117993.00000     0.998828      1709692       853.33
164230.00000     0.999023      1710027      1024.00
200490.00000     0.999121      1710193      1137.78
251353.00000     0.999219      1710360      1280.00
309653.00000     0.999316      1710527      1462.86
404139.00000     0.999414      1710695      1706.67
629555.00000     0.999512      1710863      2048.00
893503.00000     0.999561      1710945      2275.56
1721415.00000     0.999609      1711029      2560.00
2436623.00000     0.999658      1711112      2925.71
3553247.00000     0.999707      1711196      3413.33
4458047.00000     0.999756      1711280      4096.00
4578655.00000     0.999780      1711321      4551.11
4708671.00000     0.999805      1711363      5120.00
4825567.00000     0.999829      1711405      5851.43
4879807.00000     0.999854      1711447      6826.67
4921951.00000     0.999878      1711489      8192.00
4940863.00000     0.999890      1711509      9102.22
4960223.00000     0.999902      1711530     10240.00
4989887.00000     0.999915      1711551     11702.86
5035647.00000     0.999927      1711572     13653.33
5683551.00000     0.999939      1711593     16384.00
6312927.00000     0.999945      1711603     18204.44
6364255.00000     0.999951      1711614     20480.00
6482463.00000     0.999957      1711624     23405.71
7202175.00000     0.999963      1711635     27306.67
7434303.00000     0.999969      1711645     32768.00
7509343.00000     0.999973      1711650     36408.89
7569023.00000     0.999976      1711656     40960.00
8709695.00000     0.999979      1711661     46811.43
8841279.00000     0.999982      1711666     54613.33
8942591.00000     0.999985      1711671     65536.00
8958207.00000     0.999986      1711674     72817.78
8990335.00000     0.999988      1711677     81920.00
9042687.00000     0.999989      1711679     93622.86
13917183.00000     0.999991      1711682    109226.67
13966591.00000     0.999992      1711684    131072.00
13990143.00000     0.999993      1711686    145635.56
13991231.00000     0.999994      1711687    163840.00
13994879.00000     0.999995      1711688    187245.71
14009279.00000     0.999995      1711690    218453.33
14022975.00000     0.999996      1711691    262144.00
14054911.00000     0.999997      1711692    291271.11
14054911.00000     0.999997      1711692    327680.00
14074047.00000     0.999997      1711693    374491.43
14092991.00000     0.999998      1711694    436906.67
14092991.00000     0.999998      1711694    524288.00
14111743.00000     0.999998      1711695    582542.22
14111743.00000     0.999998      1711695    655360.00
14111743.00000     0.999999      1711695    748982.86
14130303.00000     0.999999      1711696    873813.33
14130303.00000     0.999999      1711696   1048576.00
14130303.00000     0.999999      1711696   1165084.44
14130303.00000     0.999999      1711696   1310720.00
14130303.00000     0.999999      1711696   1497965.71
14149311.00000     0.999999      1711697   1747626.67
14149311.00000     1.000000      1711697          inf
#[Mean    =     5616.677, StdDeviation   =   103581.106]
#[Max     = 14149311.000, Total count    =      1711697]
#[Buckets =           13, SubBuckets     =       262144]
       Value   Percentile   TotalCount 1/(1-Percentile)

   962.00000     0.000000            1         1.00
  1036.00000     0.100000       310571         1.11
  1048.00000     0.200000       762180         1.25
  1048.00000     0.300000       762180         1.43
  1048.00000     0.400000       762180         1.67
  1060.00000     0.500000      1074300         2.00
  1060.00000     0.550000      1074300         2.22
  1060.00000     0.600000      1074300         2.50
  1073.00000     0.650000      1167967         2.86
  1097.00000     0.700000      1204746         3.33
  1208.00000     0.750000      1285588         4.00
  1270.00000     0.775000      1339785         4.44
  1295.00000     0.800000      1374546         5.00
  1332.00000     0.825000      1430147         5.71
  1356.00000     0.850000      1463293         6.67
  1393.00000     0.875000      1502823         8.00
  1418.00000     0.887500      1523712         8.89
  1443.00000     0.900000      1542497        10.00
  1480.00000     0.912500      1569072        11.43
  1504.00000     0.925000      1587121        13.33
  1529.00000     0.937500      1605297        16.00
  1554.00000     0.943750      1622227        17.78
  1566.00000     0.950000      1630092        20.00
  1578.00000     0.956250      1637371        22.86
  1603.00000     0.962500      1650695        26.67
  1628.00000     0.968750      1661586        32.00
  1640.00000     0.971875      1666517        35.56
  1652.00000     0.975000      1670764        40.00
  1665.00000     0.978125      1674708        45.71
  1689.00000     0.981250      1681140        53.33
  1714.00000     0.984375      1686174        64.00
  1726.00000     0.985938      1688184        71.11
  1751.00000     0.987500      1691576        80.00
  1763.00000     0.989062      1692987        91.43
  1800.00000     0.990625      1696064       106.67
  1850.00000     0.992188      1698331       128.00
  1924.00000     0.992969      1699820       142.22
  2059.00000     0.993750      1701083       160.00
  2257.00000     0.994531      1702403       182.86
  2479.00000     0.995313      1703684       213.33
  2861.00000     0.996094      1705035       256.00
  3132.00000     0.996484      1705698       284.44
  3539.00000     0.996875      1706358       320.00
  4699.00000     0.997266      1707017       365.71
  5944.00000     0.997656      1707687       426.67
  6314.00000     0.998047      1708357       512.00
  6512.00000     0.998242      1708715       568.89
  6684.00000     0.998437      1709035       640.00
  6943.00000     0.998633      1709360       731.43
  7350.00000     0.998828      1709698       853.33
  7967.00000     0.999023      1710030      1024.00
  8399.00000     0.999121      1710196      1137.78
  8917.00000     0.999219      1710364      1280.00
  9422.00000     0.999316      1710527      1462.86
 10064.00000     0.999414      1710696      1706.67
 11001.00000     0.999512      1710862      2048.00
 11667.00000     0.999561      1710947      2275.56
 12333.00000     0.999609      1711029      2560.00
 13024.00000     0.999658      1711113      2925.71
 13677.00000     0.999707      1711196      3413.33
 14282.00000     0.999756      1711280      4096.00
 14985.00000     0.999780      1711321      4551.11
 15663.00000     0.999805      1711363      5120.00
 16884.00000     0.999829      1711405      5851.43
 18130.00000     0.999854      1711447      6826.67
 20041.00000     0.999878      1711489      8192.00
 21941.00000     0.999890      1711509      9102.22
 24740.00000     0.999902      1711530     10240.00
 27034.00000     0.999915      1711551     11702.86
 30340.00000     0.999927      1711572     13653.33
 36765.00000     0.999939      1711593     16384.00
 40354.00000     0.999945      1711603     18204.44
 50307.00000     0.999951      1711614     20480.00
 61013.00000     0.999957      1711624     23405.71
 72026.00000     0.999963      1711635     27306.67
101713.00000     0.999969      1711645     32768.00
127822.00000     0.999973      1711650     36408.89
178130.00000     0.999976      1711656     40960.00
235677.00000     0.999979      1711661     46811.43
295087.00000     0.999982      1711666     54613.33
355213.00000     0.999985      1711671     65536.00
433579.00000     0.999986      1711674     72817.78
583379.00000     0.999988      1711677     81920.00
614399.00000     0.999989      1711679     93622.86
808019.00000     0.999991      1711682    109226.67
844883.00000     0.999992      1711684    131072.00
1024175.00000     0.999993      1711686    145635.56
1031339.00000     0.999994      1711687    163840.00
1031871.00000     0.999995      1711688    187245.71
1795071.00000     0.999995      1711690    218453.33
2143375.00000     0.999996      1711691    262144.00
2144367.00000     0.999997      1711692    291271.11
2144367.00000     0.999997      1711692    327680.00
2677391.00000     0.999997      1711693    374491.43
4239135.00000     0.999998      1711694    436906.67
4239135.00000     0.999998      1711694    524288.00
4240223.00000     0.999998      1711695    582542.22
4240223.00000     0.999998      1711695    655360.00
4240223.00000     0.999999      1711695    748982.86
4240319.00000     0.999999      1711696    873813.33
4240319.00000     0.999999      1711696   1048576.00
4240319.00000     0.999999      1711696   1165084.44
4240319.00000     0.999999      1711696   1310720.00
4240319.00000     0.999999      1711696   1497965.71
4943263.00000     0.999999      1711697   1747626.67
4943263.00000     1.000000      1711697          inf
#[Mean    =     1199.978, StdDeviation   =     8013.751]
#[Max     =  4943263.000, Total count    =      1711697]
#[Buckets =           13, SubBuckets     =       262144]
       Value   Percentile   TotalCount 1/(1-Percentile)

     0.00000     0.000000        86356         1.00
    12.00000     0.100000      1205990         1.11
    12.00000     0.200000      1205990         1.25
    12.00000     0.300000      1205990         1.43
    12.00000     0.400000      1205990         1.67
    12.00000     0.500000      1205990         2.00
    12.00000     0.550000      1205990         2.22
    12.00000     0.600000      1205990         2.50
    12.00000     0.650000      1205990         2.86
    12.00000     0.700000      1205990         3.33
    24.00000     0.750000      1683694         4.00
    24.00000     0.775000      1683694         4.44
    24.00000     0.800000      1683694         5.00
    24.00000     0.825000      1683694         5.71
    24.00000     0.850000      1683694         6.67
    24.00000     0.875000      1683694         8.00
    24.00000     0.887500      1683694         8.89
    24.00000     0.900000      1683694        10.00
    24.00000     0.912500      1683694        11.43
    24.00000     0.925000      1683694        13.33
    24.00000     0.937500      1683694        16.00
    24.00000     0.943750      1683694        17.78
    24.00000     0.950000      1683694        20.00
    24.00000     0.956250      1683694        22.86
    24.00000     0.962500      1683694        26.67
    24.00000     0.968750      1683694        32.00
    24.00000     0.971875      1683694        35.56
    24.00000     0.975000      1683694        40.00
    24.00000     0.978125      1683694        45.71
    24.00000     0.981250      1683694        53.33
    37.00000     0.984375      1702774        64.00
    37.00000     0.985938      1702774        71.11
    37.00000     0.987500      1702774        80.00
    37.00000     0.989062      1702774        91.43
    37.00000     0.990625      1702774       106.67
    37.00000     0.992188      1702774       128.00
    37.00000     0.992969      1702774       142.22
    37.00000     0.993750      1702774       160.00
    37.00000     0.994531      1702774       182.86
    49.00000     0.995313      1709061       213.33
    49.00000     0.996094      1709061       256.00
    49.00000     0.996484      1709061       284.44
    49.00000     0.996875      1709061       320.00
    49.00000     0.997266      1709061       365.71
    49.00000     0.997656      1709061       426.67
    49.00000     0.998047      1709061       512.00
    49.00000     0.998242      1709061       568.89
    49.00000     0.998437      1709061       640.00
    61.00000     0.998633      1710856       731.43
    61.00000     0.998828      1710856       853.33
    61.00000     0.999023      1710856      1024.00
    61.00000     0.999121      1710856      1137.78
    61.00000     0.999219      1710856      1280.00
    61.00000     0.999316      1710856      1462.86
    61.00000     0.999414      1710856      1706.67
    74.00000     0.999512      1711163      2048.00
    74.00000     0.999561      1711163      2275.56
    74.00000     0.999609      1711163      2560.00
    74.00000     0.999658      1711163      2925.71
    86.00000     0.999707      1711240      3413.33
    98.00000     0.999756      1711305      4096.00
   111.00000     0.999780      1711357      4551.11
   123.00000     0.999805      1711399      5120.00
   135.00000     0.999829      1711429      5851.43
   148.00000     0.999854      1711472      6826.67
   160.00000     0.999878      1711496      8192.00
   172.00000     0.999890      1711511      9102.22
   209.00000     0.999902      1711544     10240.00
   222.00000     0.999915      1711561     11702.86
   246.00000     0.999927      1711575     13653.33
   283.00000     0.999939      1711595     16384.00
   308.00000     0.999945      1711607     18204.44
   333.00000     0.999951      1711617     20480.00
   357.00000     0.999957      1711625     23405.71
   394.00000     0.999963      1711636     27306.67
   431.00000     0.999969      1711645     32768.00
   493.00000     0.999973      1711651     36408.89
   555.00000     0.999976      1711656     40960.00
   592.00000     0.999979      1711661     46811.43
   629.00000     0.999982      1711666     54613.33
   703.00000     0.999985      1711672     65536.00
   752.00000     0.999986      1711674     72817.78
   814.00000     0.999988      1711677     81920.00
   888.00000     0.999989      1711679     93622.86
  1159.00000     0.999991      1711682    109226.67
  1233.00000     0.999992      1711684    131072.00
  1282.00000     0.999993      1711686    145635.56
  1467.00000     0.999994      1711687    163840.00
  1541.00000     0.999995      1711688    187245.71
  4218.00000     0.999995      1711690    218453.33
  4526.00000     0.999996      1711691    262144.00
  4538.00000     0.999997      1711692    291271.11
  4538.00000     0.999997      1711692    327680.00
  4612.00000     0.999997      1711693    374491.43
  5537.00000     0.999998      1711694    436906.67
  5537.00000     0.999998      1711694    524288.00
  6129.00000     0.999998      1711695    582542.22
  6129.00000     0.999998      1711695    655360.00
  6129.00000     0.999999      1711695    748982.86
  6512.00000     0.999999      1711697    873813.33
  6512.00000     1.000000      1711697          inf
#[Mean    =       15.307, StdDeviation   =       14.583]
#[Max     =     6512.000, Total count    =      1711697]
#[Buckets =           13, SubBuckets     =       262144]
       Value   Percentile   TotalCount 1/(1-Percentile)

    61.00000     0.000000            9         1.00
    98.00000     0.100000       854552         1.11
    98.00000     0.200000       854552         1.25
    98.00000     0.300000       854552         1.43
    98.00000     0.400000       854552         1.67
   110.00000     0.500000       882430         2.00
   111.00000     0.550000      1278822         2.22
   111.00000     0.600000      1278822         2.50
   111.00000     0.650000      1278822         2.86
   111.00000     0.700000      1278822         3.33
   123.00000     0.750000      1535985         4.00
   123.00000     0.775000      1535985         4.44
   123.00000     0.800000      1535985         5.00
   123.00000     0.825000      1535985         5.71
   123.00000     0.850000      1535985         6.67
   123.00000     0.875000      1535985         8.00
   123.00000     0.887500      1535985         8.89
   135.00000     0.900000      1653403        10.00
   135.00000     0.912500      1653403        11.43
   135.00000     0.925000      1653403        13.33
   135.00000     0.937500      1653403        16.00
   135.00000     0.943750      1653403        17.78
   135.00000     0.950000      1653403        20.00
   135.00000     0.956250      1653403        22.86
   135.00000     0.962500      1653403        26.67
   148.00000     0.968750      1674762        32.00
   148.00000     0.971875      1674762        35.56
   148.00000     0.975000      1674762        40.00
   148.00000     0.978125      1674762        45.71
   160.00000     0.981250      1681506        53.33
   185.00000     0.984375      1686428        64.00
   197.00000     0.985938      1687864        71.11
   222.00000     0.987500      1690303        80.00
   271.00000     0.989062      1693306        91.43
   345.00000     0.990625      1695786       106.67
   456.00000     0.992188      1698351       128.00
   530.00000     0.992969      1699717       142.22
   616.00000     0.993750      1701029       160.00
   715.00000     0.994531      1702351       182.86
   826.00000     0.995313      1703716       213.33
   974.00000     0.996094      1705076       256.00
  1073.00000     0.996484      1705737       284.44
  1196.00000     0.996875      1706380       320.00
  1369.00000     0.997266      1707059       365.71
  1628.00000     0.997656      1707703       426.67
  2059.00000     0.998047      1708362       512.00
  2676.00000     0.998242      1708693       568.89
  3613.00000     0.998437      1709023       640.00
  5106.00000     0.998633      1709357       731.43
  7227.00000     0.998828      1709692       853.33
 10582.00000     0.999023      1710027      1024.00
 12888.00000     0.999121      1710193      1137.78
 16539.00000     0.999219      1710361      1280.00
 21077.00000     0.999316      1710527      1462.86
 29637.00000     0.999414      1710695      1706.67
 45473.00000     0.999512      1710862      2048.00
 58299.00000     0.999561      1710945      2275.56
 80092.00000     0.999609      1711029      2560.00
132645.00000     0.999658      1711112      2925.71
223517.00000     0.999707      1711196      3413.33
356335.00000     0.999756      1711280      4096.00
573811.00000     0.999780      1711321      4551.11
703383.00000     0.999805      1711363      5120.00
1634591.00000     0.999829      1711405      5851.43
1872551.00000     0.999854      1711447      6826.67
3496143.00000     0.999878      1711489      8192.00
3867487.00000     0.999890      1711509      9102.22
4389535.00000     0.999902      1711530     10240.00
4444095.00000     0.999915      1711551     11702.86
4551327.00000     0.999927      1711572     13653.33
4786175.00000     0.999939      1711593     16384.00
4812479.00000     0.999945      1711603     18204.44
4843679.00000     0.999951      1711614     20480.00
4882623.00000     0.999957      1711624     23405.71
4899615.00000     0.999963      1711635     27306.67
4914399.00000     0.999969      1711645     32768.00
4924383.00000     0.999973      1711650     36408.89
4930687.00000     0.999976      1711656     40960.00
6273375.00000     0.999979      1711661     46811.43
6305599.00000     0.999982      1711666     54613.33
7124159.00000     0.999985      1711671     65536.00
7139935.00000     0.999986      1711674     72817.78
7160287.00000     0.999988      1711677     81920.00
7173439.00000     0.999989      1711679     93622.86
7190015.00000     0.999991      1711682    109226.67
7206143.00000     0.999992      1711684    131072.00
8810815.00000     0.999993      1711686    145635.56
8816447.00000     0.999994      1711687    163840.00
8821695.00000     0.999995      1711688    187245.71
8838719.00000     0.999995      1711690    218453.33
8844735.00000     0.999996      1711691    262144.00
8852607.00000     0.999997      1711692    291271.11
8852607.00000     0.999997      1711692    327680.00
8863871.00000     0.999997      1711693    374491.43
8872127.00000     0.999998      1711694    436906.67
8872127.00000     0.999998      1711694    524288.00
8881727.00000     0.999998      1711695    582542.22
8881727.00000     0.999998      1711695    655360.00
8881727.00000     0.999999      1711695    748982.86
8908863.00000     0.999999      1711696    873813.33
8908863.00000     0.999999      1711696   1048576.00
8908863.00000     0.999999      1711696   1165084.44
8908863.00000     0.999999      1711696   1310720.00
8908863.00000     0.999999      1711696   1497965.71
8923711.00000     0.999999      1711697   1747626.67
8923711.00000     1.000000      1711697          inf
#[Mean    =      948.692, StdDeviation   =    60656.412]
#[Max     =  8923711.000, Total count    =      1711697]
#[Buckets =           13, SubBuckets     =       262144]
       Value   Percentile   TotalCount 1/(1-Percentile)

     0.00000     0.000000         9014         1.00
    37.00000     0.100000       315436         1.11
    49.00000     0.200000       615287         1.25
    49.00000     0.300000       615287         1.43
    61.00000     0.400000       690385         1.67
   123.00000     0.500000       873037         2.00
   148.00000     0.550000       956123         2.22
   172.00000     0.600000      1040760         2.50
   209.00000     0.650000      1144486         2.86
   234.00000     0.700000      1207668         3.33
   271.00000     0.750000      1296737         4.00
   296.00000     0.775000      1345610         4.44
   320.00000     0.800000      1386217         5.00
   345.00000     0.825000      1420739         5.71
   382.00000     0.850000      1466118         6.67
   419.00000     0.875000      1503993         8.00
   444.00000     0.887500      1525721         8.89
   468.00000     0.900000      1544982        10.00
   493.00000     0.912500      1562267        11.43
   530.00000     0.925000      1584073        13.33
   579.00000     0.937500      1607060        16.00
   604.00000     0.943750      1616708        17.78
   641.00000     0.950000      1628868        20.00
   678.00000     0.956250      1638845        22.86
   727.00000     0.962500      1649651        26.67
   789.00000     0.968750      1660060        32.00
   826.00000     0.971875      1664995        35.56
   863.00000     0.975000      1669160        40.00
   925.00000     0.978125      1674946        45.71
   999.00000     0.981250      1679967        53.33
  1110.00000     0.984375      1685101        64.00
  1196.00000     0.985938      1687737        71.11
  1319.00000     0.987500      1690328        80.00
  1517.00000     0.989062      1693022        91.43
  1825.00000     0.990625      1695689       106.67
  2429.00000     0.992188      1698339       128.00
  3021.00000     0.992969      1699673       142.22
  3194.00000     0.993750      1701034       160.00
  3330.00000     0.994531      1702380       182.86
  3539.00000     0.995313      1703678       213.33
  4008.00000     0.996094      1705015       256.00
  4341.00000     0.996484      1705682       284.44
  4699.00000     0.996875      1706363       320.00
  5143.00000     0.997266      1707024       365.71
  5624.00000     0.997656      1707686       426.67
  6080.00000     0.998047      1708371       512.00
  6327.00000     0.998242      1708704       568.89
  6586.00000     0.998437      1709035       640.00
  6894.00000     0.998633      1709360       731.43
  7289.00000     0.998828      1709700       853.33
  7757.00000     0.999023      1710033      1024.00
  8029.00000     0.999121      1710197      1137.78
  8325.00000     0.999219      1710365      1280.00
  8670.00000     0.999316      1710527      1462.86
  9102.00000     0.999414      1710695      1706.67
  9694.00000     0.999512      1710862      2048.00
 10002.00000     0.999561      1710945      2275.56
 10384.00000     0.999609      1711029      2560.00
 10952.00000     0.999658      1711113      2925.71
 11581.00000     0.999707      1711196      3413.33
 12432.00000     0.999756      1711280      4096.00
 12925.00000     0.999780      1711322      4551.11
 13492.00000     0.999805      1711363      5120.00
 14331.00000     0.999829      1711405      5851.43
 15688.00000     0.999854      1711447      6826.67
 17414.00000     0.999878      1711489      8192.00
 18611.00000     0.999890      1711509      9102.22
 19745.00000     0.999902      1711530     10240.00
 21139.00000     0.999915      1711551     11702.86
 22779.00000     0.999927      1711572     13653.33
 25900.00000     0.999939      1711593     16384.00
 26973.00000     0.999945      1711603     18204.44
 30216.00000     0.999951      1711614     20480.00
 32103.00000     0.999957      1711624     23405.71
 35495.00000     0.999963      1711635     27306.67
 38714.00000     0.999969      1711645     32768.00
 40885.00000     0.999973      1711650     36408.89
 42648.00000     0.999976      1711656     40960.00
 45374.00000     0.999979      1711661     46811.43
 50357.00000     0.999982      1711667     54613.33
 51664.00000     0.999985      1711671     65536.00
 54439.00000     0.999986      1711674     72817.78
 57325.00000     0.999988      1711677     81920.00
 59434.00000     0.999989      1711679     93622.86
 64491.00000     0.999991      1711682    109226.67
 68918.00000     0.999992      1711684    131072.00
 72581.00000     0.999993      1711686    145635.56
 74715.00000     0.999994      1711687    163840.00
 75800.00000     0.999995      1711688    187245.71
 78094.00000     0.999995      1711690    218453.33
 85766.00000     0.999996      1711691    262144.00
 85827.00000     0.999997      1711692    291271.11
 85827.00000     0.999997      1711692    327680.00
 89614.00000     0.999997      1711693    374491.43
 92228.00000     0.999998      1711694    436906.67
 92228.00000     0.999998      1711694    524288.00
129808.00000     0.999998      1711695    582542.22
129808.00000     0.999998      1711695    655360.00
129808.00000     0.999999      1711695    748982.86
132188.00000     0.999999      1711696    873813.33
132188.00000     0.999999      1711696   1048576.00
132188.00000     0.999999      1711696   1165084.44
132188.00000     0.999999      1711696   1310720.00
132188.00000     0.999999      1711696   1497965.71
142931.00000     0.999999      1711697   1747626.67
142931.00000     1.000000      1711697          inf
#[Mean    =      234.992, StdDeviation   =      664.869]
#[Max     =   142931.000, Total count    =      1711697]
#[Buckets =           13, SubBuckets     =       262144]
       Value   Percentile   TotalCount 1/(1-Percentile)

    86.00000     0.000000            8         1.00
   185.00000     0.100000       192409         1.11
   222.00000     0.200000       407779         1.25
   246.00000     0.300000       573183         1.43
   271.00000     0.400000       743094         1.67
   296.00000     0.500000       916536         2.00
   308.00000     0.550000      1003709         2.22
   320.00000     0.600000      1090609         2.50
   333.00000     0.650000      1174468         2.86
   345.00000     0.700000      1256961         3.33
   357.00000     0.750000      1327716         4.00
   357.00000     0.775000      1327716         4.44
   370.00000     0.800000      1373309         5.00
   382.00000     0.825000      1424215         5.71
   394.00000     0.850000      1474138         6.67
   407.00000     0.875000      1506271         8.00
   419.00000     0.887500      1530983         8.89
   431.00000     0.900000      1552552        10.00
   444.00000     0.912500      1571189        11.43
   456.00000     0.925000      1587104        13.33
   481.00000     0.937500      1610891        16.00
   493.00000     0.943750      1619610        17.78
   505.00000     0.950000      1626489        20.00
   542.00000     0.956250      1639712        22.86
   592.00000     0.962500      1648171        26.67
   764.00000     0.968750      1658535        32.00
   937.00000     0.971875      1663741        35.56
  1110.00000     0.975000      1669049        40.00
  1430.00000     0.978125      1674259        45.71
  1924.00000     0.981250      1679642        53.33
  2873.00000     0.984375      1684985        64.00
  3774.00000     0.985938      1687640        71.11
  5328.00000     0.987500      1690308        80.00
  7350.00000     0.989062      1692981        91.43
 13369.00000     0.990625      1695651       106.67
 23347.00000     0.992188      1698326       128.00
 28909.00000     0.992969      1699667       142.22
 34644.00000     0.993750      1700999       160.00
 41279.00000     0.994531      1702340       182.86
 47717.00000     0.995313      1703674       213.33
 55130.00000     0.996094      1705012       256.00
 59027.00000     0.996484      1705681       284.44
 63109.00000     0.996875      1706348       320.00
 67155.00000     0.997266      1707018       365.71
 72507.00000     0.997656      1707687       426.67
 77465.00000     0.998047      1708354       512.00
 81239.00000     0.998242      1708691       568.89
 84175.00000     0.998437      1709023       640.00
 87640.00000     0.998633      1709357       731.43
 91932.00000     0.998828      1709692       853.33
 96286.00000     0.999023      1710026      1024.00
 98753.00000     0.999121      1710193      1137.78
103452.00000     0.999219      1710360      1280.00
117092.00000     0.999316      1710527      1462.86
146729.00000     0.999414      1710695      1706.67
206743.00000     0.999512      1710862      2048.00
244582.00000     0.999561      1710945      2275.56
285369.00000     0.999609      1711029      2560.00
353041.00000     0.999658      1711112      2925.71
446171.00000     0.999707      1711196      3413.33
864211.00000     0.999756      1711280      4096.00
1941087.00000     0.999780      1711321      4551.11
2523263.00000     0.999805      1711363      5120.00
3945567.00000     0.999829      1711405      5851.43
4546079.00000     0.999854      1711447      6826.67
4701695.00000     0.999878      1711489      8192.00
4787295.00000     0.999890      1711509      9102.22
4836703.00000     0.999902      1711530     10240.00
4871679.00000     0.999915      1711551     11702.86
4901983.00000     0.999927      1711572     13653.33
4935007.00000     0.999939      1711593     16384.00
4951679.00000     0.999945      1711603     18204.44
4984287.00000     0.999951      1711614     20480.00
5033823.00000     0.999957      1711624     23405.71
5595519.00000     0.999963      1711635     27306.67
5746143.00000     0.999969      1711645     32768.00
6311071.00000     0.999973      1711650     36408.89
6378335.00000     0.999976      1711656     40960.00
6472831.00000     0.999979      1711661     46811.43
7464639.00000     0.999982      1711666     54613.33
7513791.00000     0.999985      1711671     65536.00
7530367.00000     0.999986      1711674     72817.78
7576255.00000     0.999988      1711677     81920.00
7601087.00000     0.999989      1711679     93622.86
13909055.00000     0.999991      1711682    109226.67
13958847.00000     0.999992      1711684    131072.00
13972863.00000     0.999993      1711686    145635.56
13983743.00000     0.999994      1711687    163840.00
13987071.00000     0.999995      1711688    187245.71
14001855.00000     0.999995      1711690    218453.33
14015231.00000     0.999996      1711691    262144.00
14047167.00000     0.999997      1711692    291271.11
14047167.00000     0.999997      1711692    327680.00
14066239.00000     0.999997      1711693    374491.43
14085375.00000     0.999998      1711694    436906.67
14085375.00000     0.999998      1711694    524288.00
14104127.00000     0.999998      1711695    582542.22
14104127.00000     0.999998      1711695    655360.00
14104127.00000     0.999999      1711695    748982.86
14118207.00000     0.999999      1711696    873813.33
14118207.00000     0.999999      1711696   1048576.00
14118207.00000     0.999999      1711696   1165084.44
14118207.00000     0.999999      1711696   1310720.00
14118207.00000     0.999999      1711696   1497965.71
14141311.00000     0.999999      1711697   1747626.67
14141311.00000     1.000000      1711697          inf
#[Mean    =     1997.124, StdDeviation   =    81503.973]
#[Max     = 14141311.000, Total count    =      1711697]
#[Buckets =           13, SubBuckets     =       262144]
       Value   Percentile   TotalCount 1/(1-Percentile)

     0.00000     0.000000       205324         1.00
     0.00000     0.100000       205324         1.11
    12.00000     0.200000      1578647         1.25
    12.00000     0.300000      1578647         1.43
    12.00000     0.400000      1578647         1.67
    12.00000     0.500000      1578647         2.00
    12.00000     0.550000      1578647         2.22
    12.00000     0.600000      1578647         2.50
    12.00000     0.650000      1578647         2.86
    12.00000     0.700000      1578647         3.33
    12.00000     0.750000      1578647         4.00
    12.00000     0.775000      1578647         4.44
    12.00000     0.800000      1578647         5.00
    12.00000     0.825000      1578647         5.71
    12.00000     0.850000      1578647         6.67
    12.00000     0.875000      1578647         8.00
    12.00000     0.887500      1578647         8.89
    12.00000     0.900000      1578647        10.00
    12.00000     0.912500      1578647        11.43
    24.00000     0.925000      1679012        13.33
    24.00000     0.937500      1679012        16.00
    24.00000     0.943750      1679012        17.78
    24.00000     0.950000      1679012        20.00
    24.00000     0.956250      1679012        22.86
    24.00000     0.962500      1679012        26.67
    24.00000     0.968750      1679012        32.00
    24.00000     0.971875      1679012        35.56
    24.00000     0.975000      1679012        40.00
    24.00000     0.978125      1679012        45.71
    37.00000     0.981250      1692016        53.33
    37.00000     0.984375      1692016        64.00
    37.00000     0.985938      1692016        71.11
    37.00000     0.987500      1692016        80.00
    49.00000     0.989062      1697722        91.43
    49.00000     0.990625      1697722       106.67
    61.00000     0.992188      1699665       128.00
    61.00000     0.992969      1699665       142.22
    86.00000     0.993750      1701106       160.00
    98.00000     0.994531      1702544       182.86
   111.00000     0.995313      1705877       213.33
   111.00000     0.996094      1705877       256.00
   111.00000     0.996484      1705877       284.44
   123.00000     0.996875      1707171       320.00
   123.00000     0.997266      1707171       365.71
   135.00000     0.997656      1707865       426.67
   148.00000     0.998047      1708366       512.00
   160.00000     0.998242      1708788       568.89
   172.00000     0.998437      1709119       640.00
   185.00000     0.998633      1709371       731.43
   209.00000     0.998828      1709714       853.33
   246.00000     0.999023      1710038      1024.00
   271.00000     0.999121      1710226      1137.78
   296.00000     0.999219      1710369      1280.00
   333.00000     0.999316      1710549      1462.86
   382.00000     0.999414      1710745      1706.67
   419.00000     0.999512      1710870      2048.00
   456.00000     0.999561      1710970      2275.56
   481.00000     0.999609      1711036      2560.00
   518.00000     0.999658      1711126      2925.71
   555.00000     0.999707      1711207      3413.33
   592.00000     0.999756      1711280      4096.00
   629.00000     0.999780      1711322      4551.11
   653.00000     0.999805      1711371      5120.00
   703.00000     0.999829      1711408      5851.43
   752.00000     0.999854      1711450      6826.67
   814.00000     0.999878      1711496      8192.00
   851.00000     0.999890      1711513      9102.22
   949.00000     0.999902      1711535     10240.00
  1048.00000     0.999915      1711553     11702.86
  1208.00000     0.999927      1711574     13653.33
  4933.00000     0.999939      1711594     16384.00
  5130.00000     0.999945      1711604     18204.44
  5204.00000     0.999951      1711615     20480.00
  5254.00000     0.999957      1711624     23405.71
  5340.00000     0.999963      1711636     27306.67
  5426.00000     0.999969      1711646     32768.00
  5488.00000     0.999973      1711651     36408.89
  5735.00000     0.999976      1711656     40960.00
  5883.00000     0.999979      1711662     46811.43
  6277.00000     0.999982      1711667     54613.33
  6413.00000     0.999985      1711671     65536.00
  6635.00000     0.999986      1711675     72817.78
  6672.00000     0.999988      1711677     81920.00
  6968.00000     0.999989      1711679     93622.86
  7165.00000     0.999991      1711682    109226.67
  7313.00000     0.999992      1711684    131072.00
  7375.00000     0.999993      1711686    145635.56
  7400.00000     0.999994      1711687    163840.00
  7498.00000     0.999995      1711688    187245.71
  7979.00000     0.999995      1711690    218453.33
  8004.00000     0.999996      1711691    262144.00
  8658.00000     0.999997      1711692    291271.11
  8658.00000     0.999997      1711692    327680.00
  8695.00000     0.999997      1711694    374491.43
  8695.00000     0.999998      1711694    436906.67
  8695.00000     0.999998      1711694    524288.00
 10680.00000     0.999998      1711695    582542.22
 10680.00000     0.999998      1711695    655360.00
 10680.00000     0.999999      1711695    748982.86
 13961.00000     0.999999      1711696    873813.33
 13961.00000     0.999999      1711696   1048576.00
 13961.00000     0.999999      1711696   1165084.44
 13961.00000     0.999999      1711696   1310720.00
 13961.00000     0.999999      1711696   1497965.71
 14368.00000     0.999999      1711697   1747626.67
 14368.00000     1.000000      1711697          inf
#[Mean    =       13.093, StdDeviation   =       52.639]
#[Max     =    14368.000, Total count    =      1711697]
#[Buckets =           13, SubBuckets     =       262144]
       Value   Percentile   TotalCount 1/(1-Percentile)

   616.00000     0.000000            1         1.00
   900.00000     0.100000       206330         1.11
   912.00000     0.200000       422602         1.25
   925.00000     0.300000       655087         1.43
   937.00000     0.400000       873697         1.67
   937.00000     0.500000       873697         2.00
   949.00000     0.550000      1022287         2.22
   961.00000     0.600000      1035758         2.50
   974.00000     0.650000      1133103         2.86
  1011.00000     0.700000      1207824         3.33
  1122.00000     0.750000      1295669         4.00
  1147.00000     0.775000      1329339         4.44
  1184.00000     0.800000      1384920         5.00
  1208.00000     0.825000      1417905         5.71
  1245.00000     0.850000      1455550         6.67
  1307.00000     0.875000      1502235         8.00
  1332.00000     0.887500      1520218         8.89
  1369.00000     0.900000      1545630        10.00
  1406.00000     0.912500      1568455        11.43
  1443.00000     0.925000      1587644        13.33
  1492.00000     0.937500      1607852        16.00
  1517.00000     0.943750      1615680        17.78
  1566.00000     0.950000      1627579        20.00
  1628.00000     0.956250      1637320        22.86
  1825.00000     0.962500      1647589        26.67
  3946.00000     0.968750      1658237        32.00
  5056.00000     0.971875      1663647        35.56
  5278.00000     0.975000      1669144        40.00
  5562.00000     0.978125      1674341        45.71
  5833.00000     0.981250      1679836        53.33
  5932.00000     0.984375      1685540        64.00
  5969.00000     0.985938      1688015        71.11
  6006.00000     0.987500      1690395        80.00
  6055.00000     0.989062      1693200        91.43
  6117.00000     0.990625      1695852       106.67
  6216.00000     0.992188      1698341       128.00
  6327.00000     0.992969      1699675       142.22
  6536.00000     0.993750      1701027       160.00
  6919.00000     0.994531      1702350       182.86
  7239.00000     0.995313      1703680       213.33
  7486.00000     0.996094      1705080       256.00
  7585.00000     0.996484      1705685       284.44
  7708.00000     0.996875      1706390       320.00
  7844.00000     0.997266      1707070       365.71
  7979.00000     0.997656      1707689       426.67
  8164.00000     0.998047      1708373       512.00
  8275.00000     0.998242      1708704       568.89
  8399.00000     0.998437      1709033       640.00
  8559.00000     0.998633      1709358       731.43
  8756.00000     0.998828      1709703       853.33
  8978.00000     0.999023      1710033      1024.00
  9126.00000     0.999121      1710200      1137.78
  9398.00000     0.999219      1710365      1280.00
  9965.00000     0.999316      1710529      1462.86
 10816.00000     0.999414      1710695      1706.67
 12074.00000     0.999512      1710862      2048.00
 12913.00000     0.999561      1710946      2275.56
 14306.00000     0.999609      1711032      2560.00
 15947.00000     0.999658      1711112      2925.71
 17710.00000     0.999707      1711196      3413.33
 21435.00000     0.999756      1711280      4096.00
 23396.00000     0.999780      1711321      4551.11
 24580.00000     0.999805      1711363      5120.00
 25419.00000     0.999829      1711406      5851.43
 27108.00000     0.999854      1711447      6826.67
 28009.00000     0.999878      1711489      8192.00
 28465.00000     0.999890      1711509      9102.22
 28934.00000     0.999902      1711531     10240.00
 29575.00000     0.999915      1711551     11702.86
 30882.00000     0.999927      1711572     13653.33
 31758.00000     0.999939      1711593     16384.00
 32412.00000     0.999945      1711604     18204.44
 32942.00000     0.999951      1711614     20480.00
 33633.00000     0.999957      1711625     23405.71
 35014.00000     0.999963      1711635     27306.67
 37666.00000     0.999969      1711645     32768.00
 39540.00000     0.999973      1711650     36408.89
 43068.00000     0.999976      1711656     40960.00
 45806.00000     0.999979      1711662     46811.43
 47619.00000     0.999982      1711666     54613.33
 52725.00000     0.999985      1711671     65536.00
 56215.00000     0.999986      1711674     72817.78
 59212.00000     0.999988      1711677     81920.00
 61333.00000     0.999989      1711679     93622.86
 65391.00000     0.999991      1711682    109226.67
 73432.00000     0.999992      1711684    131072.00
 81165.00000     0.999993      1711686    145635.56
 83706.00000     0.999994      1711687    163840.00
 88726.00000     0.999995      1711688    187245.71
138762.00000     0.999995      1711690    218453.33
145027.00000     0.999996      1711691    262144.00
149689.00000     0.999997      1711692    291271.11
149689.00000     0.999997      1711692    327680.00
512635.00000     0.999997      1711693    374491.43
2037423.00000     0.999998      1711694    436906.67
2037423.00000     0.999998      1711694    524288.00
4537791.00000     0.999998      1711695    582542.22
4537791.00000     0.999998      1711695    655360.00
4537791.00000     0.999999      1711695    748982.86
4958079.00000     0.999999      1711696    873813.33
4958079.00000     0.999999      1711696   1048576.00
4958079.00000     0.999999      1711696   1165084.44
4958079.00000     0.999999      1711696   1310720.00
4958079.00000     0.999999      1711696   1497965.71
5494815.00000     0.999999      1711697   1747626.67
5494815.00000     1.000000      1711697          inf
#[Mean    =     1205.320, StdDeviation   =     6909.133]
#[Max     =  5494815.000, Total count    =      1711697]
#[Buckets =           13, SubBuckets     =       262144]

=== EXCHANGE STDERR ===
matching tid: 50873
