=== CLIENT STDERR ===
=== Exchange load generator ===
  clients  : 10
  seed     : 152244329
  target   : 127.0.0.1:4000
  thread id: 50481
Ctrl-C to stop.


=== Stats ===
  elapsed         : 14.999 s
  requests sent   : 2405295
  ACK responses   : 2405285
  MATCH responses : 1379070
  ERR responses   : 0
  orders in flight: -10
  --- throughput ---
  requests/s      : 160366
  ACK/s           : 160366
  MATCH/s         : 91946
  ERR/s           : 0
  total resp/s    : 160366

=== EXCHANGE STDOUT ===
exchange tid: 50479
inbound thread: 50482
outbound thread: 50483
       Value   Percentile   TotalCount 1/(1-Percentile)

  2072.00000     0.000000            1         1.00
  2392.00000     0.100000       203971         1.11
  2454.00000     0.200000       390637         1.25
  2516.00000     0.300000       587306         1.43
  2577.00000     0.400000       758407         1.67
  2664.00000     0.500000       941084         2.00
  2713.00000     0.550000      1023027         2.22
  2775.00000     0.600000      1106308         2.50
  2861.00000     0.650000      1199337         2.86
  2960.00000     0.700000      1291248         3.33
  3071.00000     0.750000      1383716         4.00
  3145.00000     0.775000      1437024         4.44
  3206.00000     0.800000      1476472         5.00
  3293.00000     0.825000      1524688         5.71
  3391.00000     0.850000      1570587         6.67
  3515.00000     0.875000      1615535         8.00
  3589.00000     0.887500      1636995         8.89
  3687.00000     0.900000      1660880        10.00
  3811.00000     0.912500      1683574        11.43
  3983.00000     0.925000      1705687        13.33
  4292.00000     0.937500      1728534        16.00
  4662.00000     0.943750      1740141        17.78
  5648.00000     0.950000      1751612        20.00
  7252.00000     0.956250      1763258        22.86
  7523.00000     0.962500      1775177        26.67
  7708.00000     0.968750      1786356        32.00
  7844.00000     0.971875      1792188        35.56
  8053.00000     0.975000      1797742        40.00
  8460.00000     0.978125      1803518        45.71
  9213.00000     0.981250      1809197        53.33
 10175.00000     0.984375      1814966        64.00
 10791.00000     0.985938      1817850        71.11
 11692.00000     0.987500      1820718        80.00
 13184.00000     0.989062      1823602        91.43
 15700.00000     0.990625      1826486       106.67
 21065.00000     0.992188      1829362       128.00
 25443.00000     0.992969      1830800       142.22
 32214.00000     0.993750      1832243       160.00
 40761.00000     0.994531      1833680       182.86
 49148.00000     0.995313      1835121       213.33
 58349.00000     0.996094      1836562       256.00
 63011.00000     0.996484      1837283       284.44
 68548.00000     0.996875      1838005       320.00
 73704.00000     0.997266      1838725       365.71
 80487.00000     0.997656      1839442       426.67
 87307.00000     0.998047      1840162       512.00
 90317.00000     0.998242      1840524       568.89
 94226.00000     0.998437      1840886       640.00
 98728.00000     0.998633      1841245       731.43
101836.00000     0.998828      1841603       853.33
106782.00000     0.999023      1841963      1024.00
110963.00000     0.999121      1842143      1137.78
116969.00000     0.999219      1842324      1280.00
131165.00000     0.999316      1842503      1462.86
153710.00000     0.999414      1842683      1706.67
181904.00000     0.999512      1842863      2048.00
198073.00000     0.999561      1842953      2275.56
220014.00000     0.999609      1843043      2560.00
239118.00000     0.999658      1843133      2925.71
266105.00000     0.999707      1843223      3413.33
302031.00000     0.999756      1843313      4096.00
330793.00000     0.999780      1843359      4551.11
363809.00000     0.999805      1843403      5120.00
406235.00000     0.999829      1843448      5851.43
446985.00000     0.999854      1843493      6826.67
507233.00000     0.999878      1843538      8192.00
546367.00000     0.999890      1843561      9102.22
629471.00000     0.999902      1843583     10240.00
753839.00000     0.999915      1843606     11702.86
2052551.00000     0.999927      1843628     13653.33
3405727.00000     0.999939      1843651     16384.00
3506879.00000     0.999945      1843662     18204.44
4004687.00000     0.999951      1843673     20480.00
4553503.00000     0.999957      1843685     23405.71
4815039.00000     0.999963      1843696     27306.67
4850239.00000     0.999969      1843707     32768.00
4863647.00000     0.999973      1843713     36408.89
4867519.00000     0.999976      1843718     40960.00
4886847.00000     0.999979      1843724     46811.43
4908287.00000     0.999982      1843730     54613.33
4929439.00000     0.999985      1843735     65536.00
4935615.00000     0.999986      1843738     72817.78
4945279.00000     0.999988      1843741     81920.00
4957023.00000     0.999989      1843744     93622.86
4970239.00000     0.999991      1843747    109226.67
4974879.00000     0.999992      1843749    131072.00
4983711.00000     0.999993      1843751    145635.56
4988383.00000     0.999994      1843752    163840.00
4992863.00000     0.999995      1843754    187245.71
4999551.00000     0.999995      1843755    218453.33
5004095.00000     0.999996      1843756    262144.00
5004319.00000     0.999997      1843757    291271.11
5009823.00000     0.999997      1843758    327680.00
5018399.00000     0.999997      1843759    374491.43
5018399.00000     0.999998      1843759    436906.67
5021119.00000     0.999998      1843760    524288.00
5021119.00000     0.999998      1843760    582542.22
5036479.00000     0.999998      1843761    655360.00
5036479.00000     0.999999      1843761    748982.86
5036479.00000     0.999999      1843761    873813.33
5036671.00000     0.999999      1843762   1048576.00
5036671.00000     0.999999      1843762   1165084.44
5036671.00000     0.999999      1843762   1310720.00
5036671.00000     0.999999      1843762   1497965.71
5036671.00000     0.999999      1843762   1747626.67
5054655.00000     1.000000      1843763   2097152.00
5054655.00000     1.000000      1843763          inf
#[Mean    =     3932.367, StdDeviation   =    38836.849]
#[Max     =  5054655.000, Total count    =      1843763]
#[Buckets =           13, SubBuckets     =       262144]
       Value   Percentile   TotalCount 1/(1-Percentile)

   974.00000     0.000000            1         1.00
  1036.00000     0.100000       196798         1.11
  1048.00000     0.200000       678391         1.25
  1048.00000     0.300000       678391         1.43
  1060.00000     0.400000      1139812         1.67
  1060.00000     0.500000      1139812         2.00
  1060.00000     0.550000      1139812         2.22
  1060.00000     0.600000      1139812         2.50
  1073.00000     0.650000      1322836         2.86
  1073.00000     0.700000      1322836         3.33
  1110.00000     0.750000      1395767         4.00
  1159.00000     0.775000      1438591         4.44
  1221.00000     0.800000      1482142         5.00
  1270.00000     0.825000      1532884         5.71
  1295.00000     0.850000      1567267         6.67
  1332.00000     0.875000      1615381         8.00
  1356.00000     0.887500      1640835         8.89
  1381.00000     0.900000      1659535        10.00
  1430.00000     0.912500      1686415        11.43
  1480.00000     0.925000      1711247        13.33
  1517.00000     0.937500      1733700        16.00
  1529.00000     0.943750      1741520        17.78
  1554.00000     0.950000      1756027        20.00
  1578.00000     0.956250      1769159        22.86
  1591.00000     0.962500      1775136        26.67
  1628.00000     0.968750      1790801        32.00
  1640.00000     0.971875      1795101        35.56
  1652.00000     0.975000      1798879        40.00
  1677.00000     0.978125      1805363        45.71
  1702.00000     0.981250      1810517        53.33
  1739.00000     0.984375      1816433        64.00
  1751.00000     0.985938      1818090        71.11
  1776.00000     0.987500      1820983        80.00
  1813.00000     0.989062      1824529        91.43
  1850.00000     0.990625      1826923       106.67
  1924.00000     0.992188      1829430       128.00
  1998.00000     0.992969      1830848       142.22
  2121.00000     0.993750      1832358       160.00
  2281.00000     0.994531      1833740       182.86
  2479.00000     0.995313      1835168       213.33
  2824.00000     0.996094      1836594       256.00
  3108.00000     0.996484      1837297       284.44
  3539.00000     0.996875      1838011       320.00
  4847.00000     0.997266      1838725       365.71
  5944.00000     0.997656      1839453       426.67
  6265.00000     0.998047      1840186       512.00
  6425.00000     0.998242      1840525       568.89
  6586.00000     0.998437      1840887       640.00
  6758.00000     0.998633      1841250       731.43
  6980.00000     0.998828      1841612       853.33
  7326.00000     0.999023      1841965      1024.00
  7597.00000     0.999121      1842146      1137.78
  7930.00000     0.999219      1842331      1280.00
  8362.00000     0.999316      1842509      1462.86
  8867.00000     0.999414      1842687      1706.67
  9521.00000     0.999512      1842864      2048.00
  9940.00000     0.999561      1842956      2275.56
 10409.00000     0.999609      1843043      2560.00
 10964.00000     0.999658      1843133      2925.71
 11605.00000     0.999707      1843223      3413.33
 12456.00000     0.999756      1843313      4096.00
 12900.00000     0.999780      1843358      4551.11
 13233.00000     0.999805      1843404      5120.00
 13714.00000     0.999829      1843448      5851.43
 14590.00000     0.999854      1843494      6826.67
 15638.00000     0.999878      1843538      8192.00
 16132.00000     0.999890      1843561      9102.22
 16884.00000     0.999902      1843583     10240.00
 18463.00000     0.999915      1843606     11702.86
 19573.00000     0.999927      1843628     13653.33
 20929.00000     0.999939      1843651     16384.00
 21287.00000     0.999945      1843662     18204.44
 21743.00000     0.999951      1843673     20480.00
 23655.00000     0.999957      1843685     23405.71
 25554.00000     0.999963      1843696     27306.67
 27885.00000     0.999969      1843707     32768.00
 29883.00000     0.999973      1843713     36408.89
 31684.00000     0.999976      1843718     40960.00
 36062.00000     0.999979      1843724     46811.43
 37061.00000     0.999982      1843730     54613.33
 39812.00000     0.999985      1843735     65536.00
 42315.00000     0.999986      1843738     72817.78
 50455.00000     0.999988      1843741     81920.00
 55845.00000     0.999989      1843744     93622.86
 58916.00000     0.999991      1843747    109226.67
 62049.00000     0.999992      1843749    131072.00
 62653.00000     0.999993      1843751    145635.56
 69584.00000     0.999994      1843752    163840.00
 76725.00000     0.999995      1843754    187245.71
 77058.00000     0.999995      1843755    218453.33
 89034.00000     0.999996      1843756    262144.00
 91020.00000     0.999997      1843757    291271.11
 99394.00000     0.999997      1843758    327680.00
101034.00000     0.999997      1843759    374491.43
101034.00000     0.999998      1843759    436906.67
107694.00000     0.999998      1843760    524288.00
107694.00000     0.999998      1843760    582542.22
115390.00000     0.999998      1843761    655360.00
115390.00000     0.999999      1843761    748982.86
115390.00000     0.999999      1843761    873813.33
4530431.00000     0.999999      1843762   1048576.00
4530431.00000     0.999999      1843762   1165084.44
4530431.00000     0.999999      1843762   1310720.00
4530431.00000     0.999999      1843762   1497965.71
4530431.00000     0.999999      1843762   1747626.67
4531839.00000     1.000000      1843763   2097152.00
4531839.00000     1.000000      1843763          inf
#[Mean    =     1163.207, StdDeviation   =     4746.360]
#[Max     =  4531839.000, Total count    =      1843763]
#[Buckets =           13, SubBuckets     =       262144]
       Value   Percentile   TotalCount 1/(1-Percentile)

     0.00000     0.000000       102341         1.00
    12.00000     0.100000      1316184         1.11
    12.00000     0.200000      1316184         1.25
    12.00000     0.300000      1316184         1.43
    12.00000     0.400000      1316184         1.67
    12.00000     0.500000      1316184         2.00
    12.00000     0.550000      1316184         2.22
    12.00000     0.600000      1316184         2.50
    12.00000     0.650000      1316184         2.86
    12.00000     0.700000      1316184         3.33
    24.00000     0.750000      1817353         4.00
    24.00000     0.775000      1817353         4.44
    24.00000     0.800000      1817353         5.00
    24.00000     0.825000      1817353         5.71
    24.00000     0.850000      1817353         6.67
    24.00000     0.875000      1817353         8.00
    24.00000     0.887500      1817353         8.89
    24.00000     0.900000      1817353        10.00
    24.00000     0.912500      1817353        11.43
    24.00000     0.925000      1817353        13.33
    24.00000     0.937500      1817353        16.00
    24.00000     0.943750      1817353        17.78
    24.00000     0.950000      1817353        20.00
    24.00000     0.956250      1817353        22.86
    24.00000     0.962500      1817353        26.67
    24.00000     0.968750      1817353        32.00
    24.00000     0.971875      1817353        35.56
    24.00000     0.975000      1817353        40.00
    24.00000     0.978125      1817353        45.71
    24.00000     0.981250      1817353        53.33
    24.00000     0.984375      1817353        64.00
    37.00000     0.985938      1836132        71.11
    37.00000     0.987500      1836132        80.00
    37.00000     0.989062      1836132        91.43
    37.00000     0.990625      1836132       106.67
    37.00000     0.992188      1836132       128.00
    37.00000     0.992969      1836132       142.22
    37.00000     0.993750      1836132       160.00
    37.00000     0.994531      1836132       182.86
    37.00000     0.995313      1836132       213.33
    49.00000     0.996094      1841587       256.00
    49.00000     0.996484      1841587       284.44
    49.00000     0.996875      1841587       320.00
    49.00000     0.997266      1841587       365.71
    49.00000     0.997656      1841587       426.67
    49.00000     0.998047      1841587       512.00
    49.00000     0.998242      1841587       568.89
    49.00000     0.998437      1841587       640.00
    49.00000     0.998633      1841587       731.43
    61.00000     0.998828      1843107       853.33
    61.00000     0.999023      1843107      1024.00
    61.00000     0.999121      1843107      1137.78
    61.00000     0.999219      1843107      1280.00
    61.00000     0.999316      1843107      1462.86
    61.00000     0.999414      1843107      1706.67
    61.00000     0.999512      1843107      2048.00
    61.00000     0.999561      1843107      2275.56
    61.00000     0.999609      1843107      2560.00
    74.00000     0.999658      1843375      2925.71
    74.00000     0.999707      1843375      3413.33
    74.00000     0.999756      1843375      4096.00
    74.00000     0.999780      1843375      4551.11
    86.00000     0.999805      1843452      5120.00
    86.00000     0.999829      1843452      5851.43
    98.00000     0.999854      1843493      6826.67
   123.00000     0.999878      1843551      8192.00
   135.00000     0.999890      1843576      9102.22
   148.00000     0.999902      1843605     10240.00
   160.00000     0.999915      1843626     11702.86
   172.00000     0.999927      1843636     13653.33
   209.00000     0.999939      1843652     16384.00
   222.00000     0.999945      1843663     18204.44
   234.00000     0.999951      1843677     20480.00
   296.00000     0.999957      1843688     23405.71
   320.00000     0.999963      1843699     27306.67
   357.00000     0.999969      1843708     32768.00
   370.00000     0.999973      1843713     36408.89
   419.00000     0.999976      1843721     40960.00
   456.00000     0.999979      1843724     46811.43
   530.00000     0.999982      1843732     54613.33
   542.00000     0.999985      1843736     65536.00
   567.00000     0.999986      1843739     72817.78
   604.00000     0.999988      1843741     81920.00
   616.00000     0.999989      1843744     93622.86
   653.00000     0.999991      1843747    109226.67
   715.00000     0.999992      1843749    131072.00
   863.00000     0.999993      1843751    145635.56
   912.00000     0.999994      1843752    163840.00
  1430.00000     0.999995      1843754    187245.71
  1455.00000     0.999995      1843755    218453.33
  1862.00000     0.999996      1843756    262144.00
  1973.00000     0.999997      1843757    291271.11
  3737.00000     0.999997      1843758    327680.00
  5167.00000     0.999997      1843759    374491.43
  5167.00000     0.999998      1843759    436906.67
  5747.00000     0.999998      1843760    524288.00
  5747.00000     0.999998      1843760    582542.22
  6154.00000     0.999998      1843761    655360.00
  6154.00000     0.999999      1843761    748982.86
  6154.00000     0.999999      1843761    873813.33
 10138.00000     0.999999      1843762   1048576.00
 10138.00000     0.999999      1843762   1165084.44
 10138.00000     0.999999      1843762   1310720.00
 10138.00000     0.999999      1843762   1497965.71
 10138.00000     0.999999      1843762   1747626.67
 20547.00000     1.000000      1843763   2097152.00
 20547.00000     1.000000      1843763          inf
#[Mean    =       15.078, StdDeviation   =       20.329]
#[Max     =    20547.000, Total count    =      1843763]
#[Buckets =           13, SubBuckets     =       262144]
       Value   Percentile   TotalCount 1/(1-Percentile)

    61.00000     0.000000            4         1.00
    98.00000     0.100000       390548         1.11
    98.00000     0.200000       390548         1.25
   111.00000     0.300000      1233830         1.43
   111.00000     0.400000      1233830         1.67
   111.00000     0.500000      1233830         2.00
   111.00000     0.550000      1233830         2.22
   111.00000     0.600000      1233830         2.50
   111.00000     0.650000      1233830         2.86
   123.00000     0.700000      1532946         3.33
   123.00000     0.750000      1532946         4.00
   123.00000     0.775000      1532946         4.44
   123.00000     0.800000      1532946         5.00
   123.00000     0.825000      1532946         5.71
   135.00000     0.850000      1754112         6.67
   135.00000     0.875000      1754112         8.00
   135.00000     0.887500      1754112         8.89
   135.00000     0.900000      1754112        10.00
   135.00000     0.912500      1754112        11.43
   135.00000     0.925000      1754112        13.33
   135.00000     0.937500      1754112        16.00
   135.00000     0.943750      1754112        17.78
   135.00000     0.950000      1754112        20.00
   148.00000     0.956250      1801594        22.86
   148.00000     0.962500      1801594        26.67
   148.00000     0.968750      1801594        32.00
   148.00000     0.971875      1801594        35.56
   148.00000     0.975000      1801594        40.00
   160.00000     0.978125      1812059        45.71
   160.00000     0.981250      1812059        53.33
   172.00000     0.984375      1816178        64.00
   185.00000     0.985938      1818402        71.11
   209.00000     0.987500      1821515        80.00
   246.00000     0.989062      1824434        91.43
   308.00000     0.990625      1826854       106.67
   407.00000     0.992188      1829463       128.00
   481.00000     0.992969      1830943       142.22
   567.00000     0.993750      1832257       160.00
   690.00000     0.994531      1833733       182.86
   851.00000     0.995313      1835150       213.33
  1147.00000     0.996094      1836609       256.00
  1393.00000     0.996484      1837293       284.44
  1813.00000     0.996875      1838009       320.00
  2429.00000     0.997266      1838724       365.71
  3157.00000     0.997656      1839447       426.67
  4218.00000     0.998047      1840167       512.00
  4871.00000     0.998242      1840524       568.89
  5796.00000     0.998437      1840884       640.00
  7128.00000     0.998633      1841246       731.43
  8695.00000     0.998828      1841605       853.33
 11309.00000     0.999023      1841963      1024.00
 12888.00000     0.999121      1842143      1137.78
 15059.00000     0.999219      1842323      1280.00
 17969.00000     0.999316      1842503      1462.86
 21953.00000     0.999414      1842684      1706.67
 27614.00000     0.999512      1842863      2048.00
 31240.00000     0.999561      1842953      2275.56
 35828.00000     0.999609      1843043      2560.00
 43154.00000     0.999658      1843133      2925.71
 51738.00000     0.999707      1843223      3413.33
 65872.00000     0.999756      1843313      4096.00
 75208.00000     0.999780      1843358      4551.11
 86099.00000     0.999805      1843403      5120.00
101269.00000     0.999829      1843448      5851.43
126453.00000     0.999854      1843493      6826.67
178697.00000     0.999878      1843538      8192.00
201156.00000     0.999890      1843561      9102.22
227278.00000     0.999902      1843583     10240.00
261515.00000     0.999915      1843606     11702.86
312711.00000     0.999927      1843628     13653.33
429829.00000     0.999939      1843651     16384.00
468569.00000     0.999945      1843662     18204.44
543483.00000     0.999951      1843673     20480.00
619183.00000     0.999957      1843685     23405.71
676831.00000     0.999963      1843696     27306.67
1838015.00000     0.999969      1843707     32768.00
1910655.00000     0.999973      1843713     36408.89
3252671.00000     0.999976      1843718     40960.00
3295087.00000     0.999979      1843724     46811.43
3345247.00000     0.999982      1843730     54613.33
3408623.00000     0.999985      1843735     65536.00
3430463.00000     0.999986      1843738     72817.78
3457071.00000     0.999988      1843741     81920.00
3492767.00000     0.999989      1843744     93622.86
3517039.00000     0.999991      1843747    109226.67
4829823.00000     0.999992      1843749    131072.00
4843391.00000     0.999993      1843751    145635.56
4849439.00000     0.999994      1843752    163840.00
4865599.00000     0.999995      1843754    187245.71
4870719.00000     0.999995      1843755    218453.33
4876287.00000     0.999996      1843756    262144.00
4885727.00000     0.999997      1843757    291271.11
4895327.00000     0.999997      1843758    327680.00
4898975.00000     0.999997      1843759    374491.43
4898975.00000     0.999998      1843759    436906.67
4907071.00000     0.999998      1843760    524288.00
4907071.00000     0.999998      1843760    582542.22
4915583.00000     0.999998      1843761    655360.00
4915583.00000     0.999999      1843761    748982.86
4915583.00000     0.999999      1843761    873813.33
4915807.00000     0.999999      1843762   1048576.00
4915807.00000     0.999999      1843762   1165084.44
4915807.00000     0.999999      1843762   1310720.00
4915807.00000     0.999999      1843762   1497965.71
4915807.00000     0.999999      1843762   1747626.67
4924767.00000     1.000000      1843763   2097152.00
4924767.00000     1.000000      1843763          inf
#[Mean    =      305.662, StdDeviation   =    21043.537]
#[Max     =  4924767.000, Total count    =      1843763]
#[Buckets =           13, SubBuckets     =       262144]
       Value   Percentile   TotalCount 1/(1-Percentile)

     0.00000     0.000000        10399         1.00
    37.00000     0.100000       348912         1.11
    49.00000     0.200000       671063         1.25
    49.00000     0.300000       671063         1.43
    61.00000     0.400000       749508         1.67
   135.00000     0.500000       922858         2.00
   172.00000     0.550000      1056350         2.22
   197.00000     0.600000      1140567         2.50
   222.00000     0.650000      1215135         2.86
   259.00000     0.700000      1321338         3.33
   283.00000     0.750000      1383659         4.00
   308.00000     0.775000      1435576         4.44
   333.00000     0.800000      1478866         5.00
   370.00000     0.825000      1533363         5.71
   407.00000     0.850000      1579515         6.67
   444.00000     0.875000      1617374         8.00
   468.00000     0.887500      1639406         8.89
   505.00000     0.900000      1668271        10.00
   530.00000     0.912500      1684688        11.43
   579.00000     0.925000      1711620        13.33
   629.00000     0.937500      1733166        16.00
   653.00000     0.943750      1742080        17.78
   690.00000     0.950000      1753493        20.00
   727.00000     0.956250      1763159        22.86
   789.00000     0.962500      1776271        26.67
   851.00000     0.968750      1786433        32.00
   900.00000     0.971875      1792798        35.56
   949.00000     0.975000      1798106        40.00
  1023.00000     0.978125      1804290        45.71
  1110.00000     0.981250      1809614        53.33
  1245.00000     0.984375      1815231        64.00
  1344.00000     0.985938      1817946        71.11
  1504.00000     0.987500      1820870        80.00
  1776.00000     0.989062      1823605        91.43
  2392.00000     0.990625      1826505       106.67
  4637.00000     0.992188      1829394       128.00
  4896.00000     0.992969      1830819       142.22
  5081.00000     0.993750      1832256       160.00
  5291.00000     0.994531      1833750       182.86
  5562.00000     0.995313      1835143       213.33
  6031.00000     0.996094      1836575       256.00
  6425.00000     0.996484      1837283       284.44
  6980.00000     0.996875      1838006       320.00
  7646.00000     0.997266      1838726       365.71
  8300.00000     0.997656      1839456       426.67
  8917.00000     0.998047      1840167       512.00
  9237.00000     0.998242      1840527       568.89
  9595.00000     0.998437      1840883       640.00
 10014.00000     0.998633      1841248       731.43
 10557.00000     0.998828      1841606       853.33
 11161.00000     0.999023      1841964      1024.00
 11581.00000     0.999121      1842145      1137.78
 12062.00000     0.999219      1842323      1280.00
 12666.00000     0.999316      1842503      1462.86
 13381.00000     0.999414      1842684      1706.67
 14331.00000     0.999512      1842864      2048.00
 14874.00000     0.999561      1842954      2275.56
 15441.00000     0.999609      1843044      2560.00
 16440.00000     0.999658      1843134      2925.71
 17501.00000     0.999707      1843223      3413.33
 18944.00000     0.999756      1843313      4096.00
 20202.00000     0.999780      1843358      4551.11
 21349.00000     0.999805      1843403      5120.00
 23051.00000     0.999829      1843449      5851.43
 25024.00000     0.999854      1843493      6826.67
 27466.00000     0.999878      1843538      8192.00
 29008.00000     0.999890      1843562      9102.22
 31067.00000     0.999902      1843583     10240.00
 32683.00000     0.999915      1843606     11702.86
 35261.00000     0.999927      1843628     13653.33
 38726.00000     0.999939      1843651     16384.00
 41156.00000     0.999945      1843662     18204.44
 43697.00000     0.999951      1843673     20480.00
 47841.00000     0.999957      1843685     23405.71
 51676.00000     0.999963      1843696     27306.67
 58238.00000     0.999969      1843707     32768.00
 64145.00000     0.999973      1843713     36408.89
 67784.00000     0.999976      1843718     40960.00
 70287.00000     0.999979      1843724     46811.43
 80475.00000     0.999982      1843730     54613.33
 91254.00000     0.999985      1843735     65536.00
 94374.00000     0.999986      1843738     72817.78
 98827.00000     0.999988      1843741     81920.00
100208.00000     0.999989      1843744     93622.86
101059.00000     0.999991      1843747    109226.67
106930.00000     0.999992      1843749    131072.00
111616.00000     0.999993      1843751    145635.56
112603.00000     0.999994      1843752    163840.00
130277.00000     0.999995      1843754    187245.71
130388.00000     0.999995      1843755    218453.33
130684.00000     0.999996      1843756    262144.00
149825.00000     0.999997      1843757    291271.11
155153.00000     0.999997      1843758    327680.00
170175.00000     0.999997      1843759    374491.43
170175.00000     0.999998      1843759    436906.67
203154.00000     0.999998      1843760    524288.00
203154.00000     0.999998      1843760    582542.22
255238.00000     0.999998      1843761    655360.00
255238.00000     0.999999      1843761    748982.86
255238.00000     0.999999      1843761    873813.33
284703.00000     0.999999      1843762   1048576.00
284703.00000     0.999999      1843762   1165084.44
284703.00000     0.999999      1843762   1310720.00
284703.00000     0.999999      1843762   1497965.71
284703.00000     0.999999      1843762   1747626.67
1935807.00000     1.000000      1843763   2097152.00
1935807.00000     1.000000      1843763          inf
#[Mean    =      274.075, StdDeviation   =     1750.774]
#[Max     =  1935807.000, Total count    =      1843763]
#[Buckets =           13, SubBuckets     =       262144]
       Value   Percentile   TotalCount 1/(1-Percentile)

    86.00000     0.000000            8         1.00
   185.00000     0.100000       212805         1.11
   222.00000     0.200000       450775         1.25
   246.00000     0.300000       632426         1.43
   271.00000     0.400000       818051         1.67
   296.00000     0.500000      1007296         2.00
   308.00000     0.550000      1102090         2.22
   320.00000     0.600000      1196130         2.50
   333.00000     0.650000      1286664         2.86
   345.00000     0.700000      1375794         3.33
   357.00000     0.750000      1449217         4.00
   357.00000     0.775000      1449217         4.44
   370.00000     0.800000      1496300         5.00
   382.00000     0.825000      1550883         5.71
   394.00000     0.850000      1604135         6.67
   407.00000     0.875000      1636895         8.00
   407.00000     0.887500      1636895         8.89
   419.00000     0.900000      1661792        10.00
   431.00000     0.912500      1682834        11.43
   456.00000     0.925000      1716236        13.33
   468.00000     0.937500      1728855        16.00
   493.00000     0.943750      1746995        17.78
   505.00000     0.950000      1753452        20.00
   542.00000     0.956250      1766371        22.86
   592.00000     0.962500      1775650        26.67
   752.00000     0.968750      1786588        32.00
   925.00000     0.971875      1792212        35.56
  1060.00000     0.975000      1797984        40.00
  1307.00000     0.978125      1803494        45.71
  1628.00000     0.981250      1809236        53.33
  2146.00000     0.984375      1814971        64.00
  2565.00000     0.985938      1817890        71.11
  3194.00000     0.987500      1820717        80.00
  4279.00000     0.989062      1823598        91.43
  5661.00000     0.990625      1826497       106.67
  9262.00000     0.992188      1829367       128.00
 13357.00000     0.992969      1830800       142.22
 20239.00000     0.993750      1832244       160.00
 28601.00000     0.994531      1833682       182.86
 38036.00000     0.995313      1835121       213.33
 47175.00000     0.996094      1836563       256.00
 51972.00000     0.996484      1837285       284.44
 56585.00000     0.996875      1838003       320.00
 62394.00000     0.997266      1838722       365.71
 67315.00000     0.997656      1839445       426.67
 74999.00000     0.998047      1840162       512.00
 77145.00000     0.998242      1840523       568.89
 81202.00000     0.998437      1840883       640.00
 84791.00000     0.998633      1841243       731.43
 87850.00000     0.998828      1841605       853.33
 92524.00000     0.999023      1841963      1024.00
 93770.00000     0.999121      1842144      1137.78
 96903.00000     0.999219      1842325      1280.00
 98913.00000     0.999316      1842504      1462.86
103353.00000     0.999414      1842683      1706.67
110864.00000     0.999512      1842863      2048.00
119115.00000     0.999561      1842953      2275.56
132435.00000     0.999609      1843043      2560.00
150306.00000     0.999658      1843133      2925.71
171828.00000     0.999707      1843223      3413.33
198640.00000     0.999756      1843313      4096.00
213144.00000     0.999780      1843358      4551.11
230177.00000     0.999805      1843403      5120.00
252389.00000     0.999829      1843448      5851.43
290611.00000     0.999854      1843493      6826.67
327685.00000     0.999878      1843538      8192.00
349847.00000     0.999890      1843561      9102.22
377511.00000     0.999902      1843583     10240.00
407715.00000     0.999915      1843606     11702.86
436403.00000     0.999927      1843628     13653.33
495911.00000     0.999939      1843651     16384.00
519925.00000     0.999945      1843662     18204.44
688459.00000     0.999951      1843673     20480.00
2136831.00000     0.999957      1843685     23405.71
4074495.00000     0.999963      1843696     27306.67
4786751.00000     0.999969      1843707     32768.00
4818079.00000     0.999973      1843713     36408.89
4830079.00000     0.999976      1843718     40960.00
4844447.00000     0.999979      1843724     46811.43
4857791.00000     0.999982      1843730     54613.33
4869951.00000     0.999985      1843735     65536.00
4873599.00000     0.999986      1843738     72817.78
4884607.00000     0.999988      1843741     81920.00
4903103.00000     0.999989      1843744     93622.86
4921919.00000     0.999991      1843747    109226.67
4928031.00000     0.999992      1843749    131072.00
4943903.00000     0.999993      1843751    145635.56
4950975.00000     0.999994      1843752    163840.00
4962847.00000     0.999995      1843754    187245.71
4969919.00000     0.999995      1843755    218453.33
4980383.00000     0.999996      1843756    262144.00
4981215.00000     0.999997      1843757    291271.11
4984959.00000     0.999997      1843758    327680.00
4996031.00000     0.999997      1843759    374491.43
4996031.00000     0.999998      1843759    436906.67
4996927.00000     0.999998      1843760    524288.00
4996927.00000     0.999998      1843760    582542.22
5002207.00000     0.999998      1843761    655360.00
5002207.00000     0.999999      1843761    748982.86
5002207.00000     0.999999      1843761    873813.33
5011519.00000     0.999999      1843762   1048576.00
5011519.00000     0.999999      1843762   1165084.44
5011519.00000     0.999999      1843762   1310720.00
5011519.00000     0.999999      1843762   1497965.71
5011519.00000     0.999999      1843762   1747626.67
5027743.00000     1.000000      1843763   2097152.00
5027743.00000     1.000000      1843763          inf
#[Mean    =      990.536, StdDeviation   =    31747.233]
#[Max     =  5027743.000, Total count    =      1843763]
#[Buckets =           13, SubBuckets     =       262144]
       Value   Percentile   TotalCount 1/(1-Percentile)

     0.00000     0.000000       224739         1.00
     0.00000     0.100000       224739         1.11
    12.00000     0.200000      1706842         1.25
    12.00000     0.300000      1706842         1.43
    12.00000     0.400000      1706842         1.67
    12.00000     0.500000      1706842         2.00
    12.00000     0.550000      1706842         2.22
    12.00000     0.600000      1706842         2.50
    12.00000     0.650000      1706842         2.86
    12.00000     0.700000      1706842         3.33
    12.00000     0.750000      1706842         4.00
    12.00000     0.775000      1706842         4.44
    12.00000     0.800000      1706842         5.00
    12.00000     0.825000      1706842         5.71
    12.00000     0.850000      1706842         6.67
    12.00000     0.875000      1706842         8.00
    12.00000     0.887500      1706842         8.89
    12.00000     0.900000      1706842        10.00
    12.00000     0.912500      1706842        11.43
    12.00000     0.925000      1706842        13.33
    24.00000     0.937500      1803575        16.00
    24.00000     0.943750      1803575        17.78
    24.00000     0.950000      1803575        20.00
    24.00000     0.956250      1803575        22.86
    24.00000     0.962500      1803575        26.67
    24.00000     0.968750      1803575        32.00
    24.00000     0.971875      1803575        35.56
    24.00000     0.975000      1803575        40.00
    24.00000     0.978125      1803575        45.71
    37.00000     0.981250      1819056        53.33
    37.00000     0.984375      1819056        64.00
    37.00000     0.985938      1819056        71.11
    49.00000     0.987500      1825293        80.00
    49.00000     0.989062      1825293        91.43
    61.00000     0.990625      1827354       106.67
    98.00000     0.992188      1830511       128.00
   111.00000     0.992969      1834875       142.22
   111.00000     0.993750      1834875       160.00
   111.00000     0.994531      1834875       182.86
   123.00000     0.995313      1837106       213.33
   123.00000     0.996094      1837106       256.00
   135.00000     0.996484      1838274       284.44
   135.00000     0.996875      1838274       320.00
   148.00000     0.997266      1839049       365.71
   160.00000     0.997656      1839722       426.67
   172.00000     0.998047      1840170       512.00
   185.00000     0.998242      1840529       568.89
   209.00000     0.998437      1841122       640.00
   222.00000     0.998633      1841333       731.43
   246.00000     0.998828      1841635       853.33
   283.00000     0.999023      1841979      1024.00
   308.00000     0.999121      1842153      1137.78
   345.00000     0.999219      1842366      1280.00
   382.00000     0.999316      1842533      1462.86
   431.00000     0.999414      1842724      1706.67
   481.00000     0.999512      1842903      2048.00
   505.00000     0.999561      1842985      2275.56
   530.00000     0.999609      1843059      2560.00
   567.00000     0.999658      1843139      2925.71
   616.00000     0.999707      1843233      3413.33
   666.00000     0.999756      1843320      4096.00
   703.00000     0.999780      1843370      4551.11
   740.00000     0.999805      1843409      5120.00
   789.00000     0.999829      1843455      5851.43
   851.00000     0.999854      1843496      6826.67
   949.00000     0.999878      1843538      8192.00
  1023.00000     0.999890      1843566      9102.22
  1110.00000     0.999902      1843585     10240.00
  1245.00000     0.999915      1843607     11702.86
  1467.00000     0.999927      1843629     13653.33
  5093.00000     0.999939      1843652     16384.00
  5192.00000     0.999945      1843664     18204.44
  5266.00000     0.999951      1843674     20480.00
  5340.00000     0.999957      1843685     23405.71
  5476.00000     0.999963      1843696     27306.67
  5648.00000     0.999969      1843707     32768.00
  5821.00000     0.999973      1843713     36408.89
  6228.00000     0.999976      1843718     40960.00
  6438.00000     0.999979      1843724     46811.43
  6598.00000     0.999982      1843730     54613.33
  6635.00000     0.999985      1843735     65536.00
  6709.00000     0.999986      1843739     72817.78
  6758.00000     0.999988      1843741     81920.00
  7104.00000     0.999989      1843744     93622.86
  7363.00000     0.999991      1843747    109226.67
  7387.00000     0.999992      1843749    131072.00
  7474.00000     0.999993      1843751    145635.56
  7498.00000     0.999994      1843752    163840.00
  7646.00000     0.999995      1843754    187245.71
  7819.00000     0.999995      1843755    218453.33
  7868.00000     0.999996      1843756    262144.00
  7881.00000     0.999997      1843757    291271.11
  7992.00000     0.999997      1843758    327680.00
  8300.00000     0.999997      1843759    374491.43
  8300.00000     0.999998      1843759    436906.67
  8485.00000     0.999998      1843760    524288.00
  8485.00000     0.999998      1843760    582542.22
  8670.00000     0.999998      1843762    655360.00
  8670.00000     0.999999      1843762    748982.86
  8670.00000     0.999999      1843762    873813.33
  8670.00000     0.999999      1843762   1048576.00
  8670.00000     0.999999      1843762   1165084.44
  8670.00000     0.999999      1843762   1310720.00
  8670.00000     0.999999      1843762   1497965.71
  8670.00000     0.999999      1843762   1747626.67
 22483.00000     1.000000      1843763   2097152.00
 22483.00000     1.000000      1843763          inf
#[Mean    =       13.361, StdDeviation   =       56.037]
#[Max     =    22483.000, Total count    =      1843763]
#[Buckets =           13, SubBuckets     =       262144]
       Value   Percentile   TotalCount 1/(1-Percentile)

   629.00000     0.000000           10         1.00
   900.00000     0.100000       249840         1.11
   912.00000     0.200000       498845         1.25
   925.00000     0.300000       797493         1.43
   925.00000     0.400000       797493         1.67
   937.00000     0.500000      1061508         2.00
   937.00000     0.550000      1061508         2.22
   949.00000     0.600000      1193448         2.50
   961.00000     0.650000      1204170         2.86
   974.00000     0.700000      1307403         3.33
  1011.00000     0.750000      1386644         4.00
  1073.00000     0.775000      1436073         4.44
  1122.00000     0.800000      1483230         5.00
  1159.00000     0.825000      1531217         5.71
  1196.00000     0.850000      1572155         6.67
  1258.00000     0.875000      1616402         8.00
  1295.00000     0.887500      1637266         8.89
  1332.00000     0.900000      1660129        10.00
  1381.00000     0.912500      1689407        11.43
  1418.00000     0.925000      1708764        13.33
  1467.00000     0.937500      1730778        16.00
  1504.00000     0.943750      1744065        17.78
  1541.00000     0.950000      1754359        20.00
  1591.00000     0.956250      1764077        22.86
  1702.00000     0.962500      1775213        26.67
  2775.00000     0.968750      1786168        32.00
  4970.00000     0.971875      1791926        35.56
  5328.00000     0.975000      1797962        40.00
  5722.00000     0.978125      1803550        45.71
  5882.00000     0.981250      1809306        53.33
  5944.00000     0.984375      1814991        64.00
  5981.00000     0.985938      1818090        71.11
  6018.00000     0.987500      1821130        80.00
  6055.00000     0.989062      1823830        91.43
  6105.00000     0.990625      1826744       106.67
  6179.00000     0.992188      1829558       128.00
  6240.00000     0.992969      1830923       142.22
  6351.00000     0.993750      1832309       160.00
  6561.00000     0.994531      1833680       182.86
  6955.00000     0.995313      1835121       213.33
  7301.00000     0.996094      1836617       256.00
  7437.00000     0.996484      1837323       284.44
  7560.00000     0.996875      1838016       320.00
  7708.00000     0.997266      1838723       365.71
  7893.00000     0.997656      1839465       426.67
  8103.00000     0.998047      1840205       512.00
  8226.00000     0.998242      1840530       568.89
  8386.00000     0.998437      1840895       640.00
  8559.00000     0.998633      1841248       731.43
  8756.00000     0.998828      1841613       853.33
  8966.00000     0.999023      1841964      1024.00
  9102.00000     0.999121      1842143      1137.78
  9311.00000     0.999219      1842323      1280.00
  9694.00000     0.999316      1842505      1462.86
 10384.00000     0.999414      1842684      1706.67
 11704.00000     0.999512      1842864      2048.00
 12493.00000     0.999561      1842953      2275.56
 13480.00000     0.999609      1843043      2560.00
 14874.00000     0.999658      1843135      2925.71
 16687.00000     0.999707      1843224      3413.33
 19881.00000     0.999756      1843313      4096.00
 23199.00000     0.999780      1843359      4551.11
 25258.00000     0.999805      1843403      5120.00
 26960.00000     0.999829      1843448      5851.43
 28366.00000     0.999854      1843494      6826.67
 29674.00000     0.999878      1843538      8192.00
 30290.00000     0.999890      1843561      9102.22
 30808.00000     0.999902      1843583     10240.00
 31252.00000     0.999915      1843606     11702.86
 31820.00000     0.999927      1843628     13653.33
 32634.00000     0.999939      1843653     16384.00
 32843.00000     0.999945      1843662     18204.44
 33349.00000     0.999951      1843673     20480.00
 33990.00000     0.999957      1843687     23405.71
 35051.00000     0.999963      1843696     27306.67
 37135.00000     0.999969      1843707     32768.00
 39898.00000     0.999973      1843713     36408.89
 42525.00000     0.999976      1843718     40960.00
 43943.00000     0.999979      1843724     46811.43
 50085.00000     0.999982      1843730     54613.33
 53687.00000     0.999985      1843735     65536.00
 57966.00000     0.999986      1843738     72817.78
 61185.00000     0.999988      1843742     81920.00
 63418.00000     0.999989      1843744     93622.86
 68265.00000     0.999991      1843747    109226.67
 79624.00000     0.999992      1843749    131072.00
 83077.00000     0.999993      1843751    145635.56
 83176.00000     0.999994      1843752    163840.00
 85223.00000     0.999995      1843754    187245.71
 85420.00000     0.999995      1843755    218453.33
 88985.00000     0.999996      1843756    262144.00
 89971.00000     0.999997      1843757    291271.11
 96656.00000     0.999997      1843758    327680.00
100751.00000     0.999997      1843759    374491.43
100751.00000     0.999998      1843759    436906.67
104549.00000     0.999998      1843760    524288.00
104549.00000     0.999998      1843760    582542.22
111937.00000     0.999998      1843761    655360.00
111937.00000     0.999999      1843761    748982.86
111937.00000     0.999999      1843761    873813.33
126626.00000     0.999999      1843762   1048576.00
126626.00000     0.999999      1843762   1165084.44
126626.00000     0.999999      1843762   1310720.00
126626.00000     0.999999      1843762   1497965.71
126626.00000     0.999999      1843762   1747626.67
193497.00000     1.000000      1843763   2097152.00
193497.00000     1.000000      1843763          inf
#[Mean    =     1168.388, StdDeviation   =     1069.926]
#[Max     =   193497.000, Total count    =      1843763]
#[Buckets =           13, SubBuckets     =       262144]

=== EXCHANGE STDERR ===
matching tid: 50484
