=== CLIENT STDERR ===
=== Exchange load generator ===
  clients  : 10
  seed     : 553571965
  target   : 127.0.0.1:4000
  thread id: 49669
Ctrl-C to stop.


=== Stats ===
  elapsed         : 14.998 s
  requests sent   : 2435391
  ACK responses   : 2435381
  MATCH responses : 1396941
  ERR responses   : 0
  orders in flight: -10
  --- throughput ---
  requests/s      : 162377
  ACK/s           : 162376
  MATCH/s         : 93139
  ERR/s           : 0
  total resp/s    : 162376

=== EXCHANGE STDOUT ===
exchange tid: 49660
inbound thread: 49675
outbound thread: 49676
       Value   Percentile   TotalCount 1/(1-Percentile)

  2059.00000     0.000000            1         1.00
  2380.00000     0.100000       199469         1.11
  2442.00000     0.200000       399975         1.25
  2491.00000     0.300000       581841         1.43
  2553.00000     0.400000       782203         1.67
  2614.00000     0.500000       941901         2.00
  2664.00000     0.550000      1050202         2.22
  2713.00000     0.600000      1138991         2.50
  2775.00000     0.650000      1226412         2.86
  2849.00000     0.700000      1309537         3.33
  2947.00000     0.750000      1400782         4.00
  3009.00000     0.775000      1450558         4.44
  3071.00000     0.800000      1494636         5.00
  3157.00000     0.825000      1546216         5.71
  3243.00000     0.850000      1589043         6.67
  3367.00000     0.875000      1637610         8.00
  3441.00000     0.887500      1660647         8.89
  3527.00000     0.900000      1682379        10.00
  3650.00000     0.912500      1705463        11.43
  3835.00000     0.925000      1728424        13.33
  4168.00000     0.937500      1750831        16.00
  4575.00000     0.943750      1762625        17.78
  5574.00000     0.950000      1774150        20.00
  7252.00000     0.956250      1786037        22.86
  7511.00000     0.962500      1798335        26.67
  7671.00000     0.968750      1809221        32.00
  7782.00000     0.971875      1815148        35.56
  7955.00000     0.975000      1821066        40.00
  8263.00000     0.978125      1826777        45.71
  8904.00000     0.981250      1832586        53.33
  9817.00000     0.984375      1838373        64.00
 10409.00000     0.985938      1841303        71.11
 11235.00000     0.987500      1844178        80.00
 12567.00000     0.989062      1847109        91.43
 15022.00000     0.990625      1850014       106.67
 21275.00000     0.992188      1852936       128.00
 26812.00000     0.992969      1854392       142.22
 34681.00000     0.993750      1855850       160.00
 42007.00000     0.994531      1857311       182.86
 51269.00000     0.995313      1858772       213.33
 59681.00000     0.996094      1860228       256.00
 64059.00000     0.996484      1860959       284.44
 69165.00000     0.996875      1861686       320.00
 73963.00000     0.997266      1862420       365.71
 80031.00000     0.997656      1863145       426.67
 86234.00000     0.998047      1863875       512.00
 89737.00000     0.998242      1864241       568.89
 93906.00000     0.998437      1864604       640.00
 98000.00000     0.998633      1864969       731.43
100455.00000     0.998828      1865335       853.33
106079.00000     0.999023      1865699      1024.00
111000.00000     0.999121      1865881      1137.78
119892.00000     0.999219      1866063      1280.00
133385.00000     0.999316      1866246      1462.86
149714.00000     0.999414      1866428      1706.67
169484.00000     0.999512      1866611      2048.00
181189.00000     0.999561      1866702      2275.56
194694.00000     0.999609      1866793      2560.00
210147.00000     0.999658      1866884      2925.71
225058.00000     0.999707      1866976      3413.33
244175.00000     0.999756      1867067      4096.00
256126.00000     0.999780      1867112      4551.11
269471.00000     0.999805      1867158      5120.00
287983.00000     0.999829      1867203      5851.43
306705.00000     0.999854      1867249      6826.67
333445.00000     0.999878      1867295      8192.00
348109.00000     0.999890      1867317      9102.22
377239.00000     0.999902      1867340     10240.00
410651.00000     0.999915      1867363     11702.86
447503.00000     0.999927      1867386     13653.33
493285.00000     0.999939      1867409     16384.00
508257.00000     0.999945      1867420     18204.44
534995.00000     0.999951      1867431     20480.00
566583.00000     0.999957      1867443     23405.71
599551.00000     0.999963      1867454     27306.67
645515.00000     0.999969      1867466     32768.00
660351.00000     0.999973      1867471     36408.89
719455.00000     0.999976      1867477     40960.00
1252071.00000     0.999979      1867483     46811.43
1306151.00000     0.999982      1867488     54613.33
1343303.00000     0.999985      1867494     65536.00
1395199.00000     0.999986      1867497     72817.78
1453535.00000     0.999988      1867500     81920.00
1726031.00000     0.999989      1867503     93622.86
2061063.00000     0.999991      1867505    109226.67
2115919.00000     0.999992      1867508    131072.00
2118351.00000     0.999993      1867510    145635.56
2130607.00000     0.999994      1867511    163840.00
2146911.00000     0.999995      1867513    187245.71
2160927.00000     0.999995      1867514    218453.33
2164463.00000     0.999996      1867515    262144.00
2189183.00000     0.999997      1867516    291271.11
2196703.00000     0.999997      1867517    327680.00
2204719.00000     0.999997      1867518    374491.43
2204719.00000     0.999998      1867518    436906.67
2219983.00000     0.999998      1867519    524288.00
2219983.00000     0.999998      1867519    582542.22
2257071.00000     0.999998      1867520    655360.00
2257071.00000     0.999999      1867520    748982.86
2257071.00000     0.999999      1867520    873813.33
2741999.00000     0.999999      1867521   1048576.00
2741999.00000     0.999999      1867521   1165084.44
2741999.00000     0.999999      1867521   1310720.00
2741999.00000     0.999999      1867521   1497965.71
2741999.00000     0.999999      1867521   1747626.67
2771679.00000     1.000000      1867522   2097152.00
2771679.00000     1.000000      1867522          inf
#[Mean    =     3581.033, StdDeviation   =    12164.354]
#[Max     =  2771679.000, Total count    =      1867522]
#[Buckets =           13, SubBuckets     =       262144]
       Value   Percentile   TotalCount 1/(1-Percentile)

   974.00000     0.000000            3         1.00
  1036.00000     0.100000       331264         1.11
  1048.00000     0.200000       798310         1.25
  1048.00000     0.300000       798310         1.43
  1048.00000     0.400000       798310         1.67
  1060.00000     0.500000      1230301         2.00
  1060.00000     0.550000      1230301         2.22
  1060.00000     0.600000      1230301         2.50
  1060.00000     0.650000      1230301         2.86
  1073.00000     0.700000      1435706         3.33
  1073.00000     0.750000      1435706         4.00
  1085.00000     0.775000      1481389         4.44
  1097.00000     0.800000      1502916         5.00
  1134.00000     0.825000      1544612         5.71
  1221.00000     0.850000      1587808         6.67
  1282.00000     0.875000      1638724         8.00
  1307.00000     0.887500      1668303         8.89
  1319.00000     0.900000      1682255        10.00
  1344.00000     0.912500      1707350        11.43
  1381.00000     0.925000      1734334        13.33
  1418.00000     0.937500      1751047        16.00
  1455.00000     0.943750      1765376        17.78
  1480.00000     0.950000      1775166        20.00
  1517.00000     0.956250      1790817        22.86
  1541.00000     0.962500      1800842        26.67
  1566.00000     0.968750      1810055        32.00
  1591.00000     0.971875      1817832        35.56
  1603.00000     0.975000      1821207        40.00
  1628.00000     0.978125      1827077        45.71
  1665.00000     0.981250      1833913        53.33
  1702.00000     0.984375      1839252        64.00
  1726.00000     0.985938      1841996        71.11
  1751.00000     0.987500      1844395        80.00
  1788.00000     0.989062      1847263        91.43
  1850.00000     0.990625      1850145       106.67
  1973.00000     0.992188      1852995       128.00
  2059.00000     0.992969      1854413       142.22
  2170.00000     0.993750      1855927       160.00
  2306.00000     0.994531      1857384       182.86
  2503.00000     0.995313      1858836       213.33
  2824.00000     0.996094      1860240       256.00
  3071.00000     0.996484      1860971       284.44
  3441.00000     0.996875      1861687       320.00
  4292.00000     0.997266      1862416       365.71
  5821.00000     0.997656      1863168       426.67
  6129.00000     0.998047      1863900       512.00
  6265.00000     0.998242      1864261       568.89
  6401.00000     0.998437      1864614       640.00
  6561.00000     0.998633      1864995       731.43
  6734.00000     0.998828      1865344       853.33
  6993.00000     0.999023      1865707      1024.00
  7153.00000     0.999121      1865884      1137.78
  7363.00000     0.999219      1866066      1280.00
  7609.00000     0.999316      1866249      1462.86
  7992.00000     0.999414      1866428      1706.67
  8534.00000     0.999512      1866612      2048.00
  8917.00000     0.999561      1866703      2275.56
  9237.00000     0.999609      1866795      2560.00
  9669.00000     0.999658      1866886      2925.71
 10150.00000     0.999707      1866977      3413.33
 10705.00000     0.999756      1867067      4096.00
 11112.00000     0.999780      1867112      4551.11
 11556.00000     0.999805      1867159      5120.00
 12271.00000     0.999829      1867203      5851.43
 12814.00000     0.999854      1867251      6826.67
 14035.00000     0.999878      1867296      8192.00
 14861.00000     0.999890      1867317      9102.22
 15947.00000     0.999902      1867340     10240.00
 17858.00000     0.999915      1867365     11702.86
 20325.00000     0.999927      1867386     13653.33
 22903.00000     0.999939      1867409     16384.00
 26208.00000     0.999945      1867420     18204.44
 29131.00000     0.999951      1867431     20480.00
 31844.00000     0.999957      1867443     23405.71
 33867.00000     0.999963      1867454     27306.67
 40083.00000     0.999969      1867466     32768.00
 41304.00000     0.999973      1867471     36408.89
 47088.00000     0.999976      1867477     40960.00
 49185.00000     0.999979      1867483     46811.43
 52034.00000     0.999982      1867488     54613.33
 57411.00000     0.999985      1867494     65536.00
 61925.00000     0.999986      1867497     72817.78
 70226.00000     0.999988      1867500     81920.00
 81856.00000     0.999989      1867503     93622.86
 97470.00000     0.999991      1867505    109226.67
123210.00000     0.999992      1867508    131072.00
145669.00000     0.999993      1867510    145635.56
145743.00000     0.999994      1867511    163840.00
174763.00000     0.999995      1867513    187245.71
178969.00000     0.999995      1867514    218453.33
179326.00000     0.999996      1867515    262144.00
239254.00000     0.999997      1867516    291271.11
240191.00000     0.999997      1867517    327680.00
1659159.00000     0.999997      1867518    374491.43
1659159.00000     0.999998      1867518    436906.67
1659687.00000     0.999998      1867519    524288.00
1659687.00000     0.999998      1867519    582542.22
1659911.00000     0.999998      1867520    655360.00
1659911.00000     0.999999      1867520    748982.86
1659911.00000     0.999999      1867520    873813.33
2731167.00000     0.999999      1867521   1048576.00
2731167.00000     0.999999      1867521   1165084.44
2731167.00000     0.999999      1867521   1310720.00
2731167.00000     0.999999      1867521   1497965.71
2731167.00000     0.999999      1867521   1747626.67
2731791.00000     1.000000      1867522   2097152.00
2731791.00000     1.000000      1867522          inf
#[Mean    =     1142.103, StdDeviation   =     3580.380]
#[Max     =  2731791.000, Total count    =      1867522]
#[Buckets =           13, SubBuckets     =       262144]
       Value   Percentile   TotalCount 1/(1-Percentile)

     0.00000     0.000000        96882         1.00
    12.00000     0.100000      1360058         1.11
    12.00000     0.200000      1360058         1.25
    12.00000     0.300000      1360058         1.43
    12.00000     0.400000      1360058         1.67
    12.00000     0.500000      1360058         2.00
    12.00000     0.550000      1360058         2.22
    12.00000     0.600000      1360058         2.50
    12.00000     0.650000      1360058         2.86
    12.00000     0.700000      1360058         3.33
    24.00000     0.750000      1851532         4.00
    24.00000     0.775000      1851532         4.44
    24.00000     0.800000      1851532         5.00
    24.00000     0.825000      1851532         5.71
    24.00000     0.850000      1851532         6.67
    24.00000     0.875000      1851532         8.00
    24.00000     0.887500      1851532         8.89
    24.00000     0.900000      1851532        10.00
    24.00000     0.912500      1851532        11.43
    24.00000     0.925000      1851532        13.33
    24.00000     0.937500      1851532        16.00
    24.00000     0.943750      1851532        17.78
    24.00000     0.950000      1851532        20.00
    24.00000     0.956250      1851532        22.86
    24.00000     0.962500      1851532        26.67
    24.00000     0.968750      1851532        32.00
    24.00000     0.971875      1851532        35.56
    24.00000     0.975000      1851532        40.00
    24.00000     0.978125      1851532        45.71
    24.00000     0.981250      1851532        53.33
    24.00000     0.984375      1851532        64.00
    24.00000     0.985938      1851532        71.11
    24.00000     0.987500      1851532        80.00
    24.00000     0.989062      1851532        91.43
    24.00000     0.990625      1851532       106.67
    37.00000     0.992188      1863149       128.00
    37.00000     0.992969      1863149       142.22
    37.00000     0.993750      1863149       160.00
    37.00000     0.994531      1863149       182.86
    37.00000     0.995313      1863149       213.33
    37.00000     0.996094      1863149       256.00
    37.00000     0.996484      1863149       284.44
    37.00000     0.996875      1863149       320.00
    37.00000     0.997266      1863149       365.71
    37.00000     0.997656      1863149       426.67
    49.00000     0.998047      1866234       512.00
    49.00000     0.998242      1866234       568.89
    49.00000     0.998437      1866234       640.00
    49.00000     0.998633      1866234       731.43
    49.00000     0.998828      1866234       853.33
    49.00000     0.999023      1866234      1024.00
    49.00000     0.999121      1866234      1137.78
    49.00000     0.999219      1866234      1280.00
    61.00000     0.999316      1867125      1462.86
    61.00000     0.999414      1867125      1706.67
    61.00000     0.999512      1867125      2048.00
    61.00000     0.999561      1867125      2275.56
    61.00000     0.999609      1867125      2560.00
    61.00000     0.999658      1867125      2925.71
    61.00000     0.999707      1867125      3413.33
    61.00000     0.999756      1867125      4096.00
    61.00000     0.999780      1867125      4551.11
    74.00000     0.999805      1867287      5120.00
    74.00000     0.999829      1867287      5851.43
    74.00000     0.999854      1867287      6826.67
    86.00000     0.999878      1867322      8192.00
    86.00000     0.999890      1867322      9102.22
   111.00000     0.999902      1867358     10240.00
   123.00000     0.999915      1867369     11702.86
   148.00000     0.999927      1867402     13653.33
   160.00000     0.999939      1867417     16384.00
   172.00000     0.999945      1867424     18204.44
   197.00000     0.999951      1867433     20480.00
   222.00000     0.999957      1867443     23405.71
   271.00000     0.999963      1867454     27306.67
   333.00000     0.999969      1867469     32768.00
   345.00000     0.999973      1867472     36408.89
   394.00000     0.999976      1867477     40960.00
   456.00000     0.999979      1867484     46811.43
   518.00000     0.999982      1867488     54613.33
   616.00000     0.999985      1867494     65536.00
   653.00000     0.999986      1867497     72817.78
   740.00000     0.999988      1867500     81920.00
   851.00000     0.999989      1867503     93622.86
   875.00000     0.999991      1867506    109226.67
   974.00000     0.999992      1867508    131072.00
  1073.00000     0.999993      1867510    145635.56
  1110.00000     0.999994      1867511    163840.00
  1184.00000     0.999995      1867513    187245.71
  1233.00000     0.999995      1867514    218453.33
  1245.00000     0.999996      1867515    262144.00
  1356.00000     0.999997      1867516    291271.11
  1751.00000     0.999997      1867517    327680.00
  2109.00000     0.999997      1867518    374491.43
  2109.00000     0.999998      1867518    436906.67
  4107.00000     0.999998      1867519    524288.00
  4107.00000     0.999998      1867519    582542.22
  4292.00000     0.999998      1867520    655360.00
  4292.00000     0.999999      1867520    748982.86
  4292.00000     0.999999      1867520    873813.33
  5241.00000     0.999999      1867521   1048576.00
  5241.00000     0.999999      1867521   1165084.44
  5241.00000     0.999999      1867521   1310720.00
  5241.00000     0.999999      1867521   1497965.71
  5241.00000     0.999999      1867521   1747626.67
  5969.00000     1.000000      1867522   2097152.00
  5969.00000     1.000000      1867522          inf
#[Mean    =       14.824, StdDeviation   =       10.810]
#[Max     =     5969.000, Total count    =      1867522]
#[Buckets =           13, SubBuckets     =       262144]
       Value   Percentile   TotalCount 1/(1-Percentile)

    37.00000     0.000000            1         1.00
    98.00000     0.100000       548892         1.11
    98.00000     0.200000       548892         1.25
   110.00000     0.300000       611269         1.43
   111.00000     0.400000      1362391         1.67
   111.00000     0.500000      1362391         2.00
   111.00000     0.550000      1362391         2.22
   111.00000     0.600000      1362391         2.50
   111.00000     0.650000      1362391         2.86
   111.00000     0.700000      1362391         3.33
   123.00000     0.750000      1601275         4.00
   123.00000     0.775000      1601275         4.44
   123.00000     0.800000      1601275         5.00
   123.00000     0.825000      1601275         5.71
   123.00000     0.850000      1601275         6.67
   135.00000     0.875000      1797175         8.00
   135.00000     0.887500      1797175         8.89
   135.00000     0.900000      1797175        10.00
   135.00000     0.912500      1797175        11.43
   135.00000     0.925000      1797175        13.33
   135.00000     0.937500      1797175        16.00
   135.00000     0.943750      1797175        17.78
   135.00000     0.950000      1797175        20.00
   135.00000     0.956250      1797175        22.86
   147.00000     0.962500      1799307        26.67
   148.00000     0.968750      1828474        32.00
   148.00000     0.971875      1828474        35.56
   148.00000     0.975000      1828474        40.00
   148.00000     0.978125      1828474        45.71
   160.00000     0.981250      1835721        53.33
   172.00000     0.984375      1838899        64.00
   197.00000     0.985938      1842219        71.11
   222.00000     0.987500      1844276        80.00
   283.00000     0.989062      1847195        91.43
   382.00000     0.990625      1850156       106.67
   505.00000     0.992188      1853182       128.00
   567.00000     0.992969      1854436       142.22
   641.00000     0.993750      1855899       160.00
   727.00000     0.994531      1857377       182.86
   838.00000     0.995313      1858895       213.33
   999.00000     0.996094      1860294       256.00
  1097.00000     0.996484      1860960       284.44
  1233.00000     0.996875      1861726       320.00
  1430.00000     0.997266      1862438       365.71
  1714.00000     0.997656      1863154       426.67
  2269.00000     0.998047      1863880       512.00
  2676.00000     0.998242      1864246       568.89
  3194.00000     0.998437      1864608       640.00
  3823.00000     0.998633      1864971       731.43
  4662.00000     0.998828      1865335       853.33
  5858.00000     0.999023      1865701      1024.00
  6623.00000     0.999121      1865882      1137.78
  7831.00000     0.999219      1866064      1280.00
  9755.00000     0.999316      1866247      1462.86
 12296.00000     0.999414      1866428      1706.67
 16847.00000     0.999512      1866611      2048.00
 19930.00000     0.999561      1866702      2275.56
 23791.00000     0.999609      1866793      2560.00
 29575.00000     0.999658      1866884      2925.71
 36704.00000     0.999707      1866975      3413.33
 47545.00000     0.999756      1867067      4096.00
 53415.00000     0.999780      1867112      4551.11
 60260.00000     0.999805      1867158      5120.00
 69942.00000     0.999829      1867203      5851.43
 82818.00000     0.999854      1867249      6826.67
 96335.00000     0.999878      1867295      8192.00
104401.00000     0.999890      1867317      9102.22
119991.00000     0.999902      1867340     10240.00
141451.00000     0.999915      1867363     11702.86
162800.00000     0.999927      1867386     13653.33
180449.00000     0.999939      1867409     16384.00
187627.00000     0.999945      1867420     18204.44
195927.00000     0.999951      1867431     20480.00
205596.00000     0.999957      1867443     23405.71
217991.00000     0.999963      1867454     27306.67
238317.00000     0.999969      1867466     32768.00
246099.00000     0.999973      1867471     36408.89
254658.00000     0.999976      1867477     40960.00
264403.00000     0.999979      1867483     46811.43
292029.00000     0.999982      1867488     54613.33
484787.00000     0.999985      1867494     65536.00
509071.00000     0.999986      1867497     72817.78
543519.00000     0.999988      1867500     81920.00
569815.00000     0.999989      1867503     93622.86
579555.00000     0.999991      1867505    109226.67
592359.00000     0.999992      1867508    131072.00
598759.00000     0.999993      1867510    145635.56
603323.00000     0.999994      1867511    163840.00
611635.00000     0.999995      1867513    187245.71
620699.00000     0.999995      1867514    218453.33
630135.00000     0.999996      1867515    262144.00
638595.00000     0.999997      1867516    291271.11
647711.00000     0.999997      1867517    327680.00
663103.00000     0.999997      1867518    374491.43
663103.00000     0.999998      1867518    436906.67
671675.00000     0.999998      1867519    524288.00
671675.00000     0.999998      1867519    582542.22
680739.00000     0.999998      1867520    655360.00
680739.00000     0.999999      1867520    748982.86
680739.00000     0.999999      1867520    873813.33
689299.00000     0.999999      1867521   1048576.00
689299.00000     0.999999      1867521   1165084.44
689299.00000     0.999999      1867521   1310720.00
689299.00000     0.999999      1867521   1497965.71
689299.00000     0.999999      1867521   1747626.67
697203.00000     1.000000      1867522   2097152.00
697203.00000     1.000000      1867522          inf
#[Mean    =      169.024, StdDeviation   =     3148.782]
#[Max     =   697203.000, Total count    =      1867522]
#[Buckets =           13, SubBuckets     =       262144]
       Value   Percentile   TotalCount 1/(1-Percentile)

     0.00000     0.000000        12822         1.00
    37.00000     0.100000       373610         1.11
    37.00000     0.200000       373610         1.25
    49.00000     0.300000       701285         1.43
    61.00000     0.400000       770864         1.67
   135.00000     0.500000       941811         2.00
   160.00000     0.550000      1042988         2.22
   185.00000     0.600000      1142589         2.50
   209.00000     0.650000      1228767         2.86
   234.00000     0.700000      1307937         3.33
   271.00000     0.750000      1416440         4.00
   283.00000     0.775000      1447420         4.44
   308.00000     0.800000      1499712         5.00
   333.00000     0.825000      1541672         5.71
   370.00000     0.850000      1594463         6.67
   407.00000     0.875000      1639045         8.00
   431.00000     0.887500      1663976         8.89
   456.00000     0.900000      1686251        10.00
   481.00000     0.912500      1705931        11.43
   518.00000     0.925000      1731141        13.33
   555.00000     0.937500      1750820        16.00
   592.00000     0.943750      1767208        17.78
   616.00000     0.950000      1776338        20.00
   653.00000     0.956250      1787882        22.86
   703.00000     0.962500      1800096        26.67
   752.00000     0.968750      1810061        32.00
   789.00000     0.971875      1815711        35.56
   838.00000     0.975000      1822198        40.00
   888.00000     0.978125      1827465        45.71
   962.00000     0.981250      1833326        53.33
  1060.00000     0.984375      1838702        64.00
  1134.00000     0.985938      1841472        71.11
  1245.00000     0.987500      1844272        80.00
  1418.00000     0.989062      1847137        91.43
  1739.00000     0.990625      1850062       106.67
  2343.00000     0.992188      1852934       128.00
  3194.00000     0.992969      1854402       142.22
  4773.00000     0.993750      1855876       160.00
  5069.00000     0.994531      1857379       182.86
  5328.00000     0.995313      1858816       213.33
  5698.00000     0.996094      1860256       256.00
  5957.00000     0.996484      1860970       284.44
  6327.00000     0.996875      1861702       320.00
  6795.00000     0.997266      1862426       365.71
  7363.00000     0.997656      1863156       426.67
  8016.00000     0.998047      1863882       512.00
  8362.00000     0.998242      1864243       568.89
  8769.00000     0.998437      1864614       640.00
  9126.00000     0.998633      1864977       731.43
  9509.00000     0.998828      1865341       853.33
  9990.00000     0.999023      1865706      1024.00
 10236.00000     0.999121      1865887      1137.78
 10545.00000     0.999219      1866065      1280.00
 10902.00000     0.999316      1866249      1462.86
 11346.00000     0.999414      1866429      1706.67
 11840.00000     0.999512      1866612      2048.00
 12148.00000     0.999561      1866704      2275.56
 12530.00000     0.999609      1866793      2560.00
 12937.00000     0.999658      1866885      2925.71
 13431.00000     0.999707      1866978      3413.33
 14121.00000     0.999756      1867067      4096.00
 14639.00000     0.999780      1867112      4551.11
 15133.00000     0.999805      1867159      5120.00
 15996.00000     0.999829      1867204      5851.43
 17427.00000     0.999854      1867249      6826.67
 18808.00000     0.999878      1867295      8192.00
 19980.00000     0.999890      1867317      9102.22
 20658.00000     0.999902      1867340     10240.00
 22409.00000     0.999915      1867363     11702.86
 25986.00000     0.999927      1867386     13653.33
 29982.00000     0.999939      1867409     16384.00
 32140.00000     0.999945      1867420     18204.44
 36593.00000     0.999951      1867431     20480.00
 41329.00000     0.999957      1867443     23405.71
 48235.00000     0.999963      1867454     27306.67
 55746.00000     0.999969      1867466     32768.00
 62147.00000     0.999973      1867471     36408.89
 64133.00000     0.999976      1867477     40960.00
 67278.00000     0.999979      1867483     46811.43
 72692.00000     0.999982      1867488     54613.33
 78797.00000     0.999985      1867494     65536.00
 82152.00000     0.999986      1867497     72817.78
 87369.00000     0.999988      1867500     81920.00
 91501.00000     0.999989      1867503     93622.86
 92512.00000     0.999991      1867505    109226.67
 98062.00000     0.999992      1867508    131072.00
104327.00000     0.999993      1867510    145635.56
109137.00000     0.999994      1867511    163840.00
112825.00000     0.999995      1867513    187245.71
116858.00000     0.999995      1867514    218453.33
117549.00000     0.999996      1867515    262144.00
118190.00000     0.999997      1867516    291271.11
128081.00000     0.999997      1867517    327680.00
131732.00000     0.999997      1867518    374491.43
131732.00000     0.999998      1867518    436906.67
133286.00000     0.999998      1867519    524288.00
133286.00000     0.999998      1867519    582542.22
134532.00000     0.999998      1867520    655360.00
134532.00000     0.999999      1867520    748982.86
134532.00000     0.999999      1867520    873813.33
163367.00000     0.999999      1867521   1048576.00
163367.00000     0.999999      1867521   1165084.44
163367.00000     0.999999      1867521   1310720.00
163367.00000     0.999999      1867521   1497965.71
163367.00000     0.999999      1867521   1747626.67
260911.00000     1.000000      1867522   2097152.00
260911.00000     1.000000      1867522          inf
#[Mean    =      246.714, StdDeviation   =      867.010]
#[Max     =   260911.000, Total count    =      1867522]
#[Buckets =           13, SubBuckets     =       262144]
       Value   Percentile   TotalCount 1/(1-Percentile)

    86.00000     0.000000           17         1.00
   172.00000     0.100000       187541         1.11
   209.00000     0.200000       445905         1.25
   234.00000     0.300000       629367         1.43
   259.00000     0.400000       821869         1.67
   283.00000     0.500000      1017667         2.00
   296.00000     0.550000      1115488         2.22
   308.00000     0.600000      1213132         2.50
   320.00000     0.650000      1310079         2.86
   320.00000     0.700000      1310079         3.33
   333.00000     0.750000      1402428         4.00
   345.00000     0.775000      1484700         4.44
   357.00000     0.800000      1551886         5.00
   357.00000     0.825000      1551886         5.71
   370.00000     0.850000      1599675         6.67
   382.00000     0.875000      1647966         8.00
   394.00000     0.887500      1680971         8.89
   394.00000     0.900000      1680971        10.00
   407.00000     0.912500      1704856        11.43
   431.00000     0.925000      1741973        13.33
   444.00000     0.937500      1756567        16.00
   456.00000     0.943750      1767690        17.78
   468.00000     0.950000      1776215        20.00
   493.00000     0.956250      1787485        22.86
   542.00000     0.962500      1798367        26.67
   703.00000     0.968750      1809482        32.00
   863.00000     0.971875      1815326        35.56
  1023.00000     0.975000      1821174        40.00
  1233.00000     0.978125      1826709        45.71
  1517.00000     0.981250      1832699        53.33
  1998.00000     0.984375      1838376        64.00
  2405.00000     0.985938      1841319        71.11
  3095.00000     0.987500      1844196        80.00
  4304.00000     0.989062      1847099        91.43
  5957.00000     0.990625      1850021       106.67
 11544.00000     0.992188      1852932       128.00
 16502.00000     0.992969      1854391       142.22
 24111.00000     0.993750      1855850       160.00
 32436.00000     0.994531      1857309       182.86
 40724.00000     0.995313      1858770       213.33
 49691.00000     0.996094      1860228       256.00
 54525.00000     0.996484      1860957       284.44
 59076.00000     0.996875      1861686       320.00
 64108.00000     0.997266      1862416       365.71
 69720.00000     0.997656      1863145       426.67
 75825.00000     0.998047      1863877       512.00
 77552.00000     0.998242      1864240       568.89
 81930.00000     0.998437      1864608       640.00
 85642.00000     0.998633      1864969       731.43
 88689.00000     0.998828      1865334       853.33
 92833.00000     0.999023      1865701      1024.00
 93918.00000     0.999121      1865881      1137.78
 97569.00000     0.999219      1866063      1280.00
101219.00000     0.999316      1866246      1462.86
106954.00000     0.999414      1866428      1706.67
119756.00000     0.999512      1866611      2048.00
129006.00000     0.999561      1866702      2275.56
139909.00000     0.999609      1866793      2560.00
153944.00000     0.999658      1866884      2925.71
170496.00000     0.999707      1866975      3413.33
190747.00000     0.999756      1867067      4096.00
198233.00000     0.999780      1867112      4551.11
212010.00000     0.999805      1867158      5120.00
228586.00000     0.999829      1867203      5851.43
247678.00000     0.999854      1867249      6826.67
272049.00000     0.999878      1867295      8192.00
284789.00000     0.999890      1867317      9102.22
302931.00000     0.999902      1867340     10240.00
323319.00000     0.999915      1867363     11702.86
352783.00000     0.999927      1867386     13653.33
392853.00000     0.999939      1867409     16384.00
412969.00000     0.999945      1867420     18204.44
434577.00000     0.999951      1867431     20480.00
455975.00000     0.999957      1867443     23405.71
477189.00000     0.999963      1867454     27306.67
511131.00000     0.999969      1867466     32768.00
532331.00000     0.999973      1867471     36408.89
568371.00000     0.999976      1867477     40960.00
601931.00000     0.999979      1867483     46811.43
1245039.00000     0.999982      1867488     54613.33
1299639.00000     0.999985      1867494     65536.00
1323231.00000     0.999986      1867497     72817.78
1337863.00000     0.999988      1867500     81920.00
1404711.00000     0.999989      1867503     93622.86
1445799.00000     0.999991      1867505    109226.67
2065847.00000     0.999992      1867508    131072.00
2099055.00000     0.999993      1867510    145635.56
2109823.00000     0.999994      1867511    163840.00
2122895.00000     0.999995      1867513    187245.71
2124159.00000     0.999995      1867514    218453.33
2139951.00000     0.999996      1867515    262144.00
2152111.00000     0.999997      1867516    291271.11
2156271.00000     0.999997      1867517    327680.00
2181695.00000     0.999997      1867518    374491.43
2181695.00000     0.999998      1867518    436906.67
2189951.00000     0.999998      1867519    524288.00
2189951.00000     0.999998      1867519    582542.22
2197391.00000     0.999998      1867520    655360.00
2197391.00000     0.999999      1867520    748982.86
2197391.00000     0.999999      1867520    873813.33
2212687.00000     0.999999      1867521   1048576.00
2212687.00000     0.999999      1867521   1165084.44
2212687.00000     0.999999      1867521   1310720.00
2212687.00000     0.999999      1867521   1497965.71
2212687.00000     0.999999      1867521   1747626.67
2248847.00000     1.000000      1867522   2097152.00
2248847.00000     1.000000      1867522          inf
#[Mean    =      823.382, StdDeviation   =    10477.499]
#[Max     =  2248847.000, Total count    =      1867522]
#[Buckets =           13, SubBuckets     =       262144]
       Value   Percentile   TotalCount 1/(1-Percentile)

     0.00000     0.000000       213616         1.00
     0.00000     0.100000       213616         1.11
    12.00000     0.200000      1625587         1.25
    12.00000     0.300000      1625587         1.43
    12.00000     0.400000      1625587         1.67
    12.00000     0.500000      1625587         2.00
    12.00000     0.550000      1625587         2.22
    12.00000     0.600000      1625587         2.50
    12.00000     0.650000      1625587         2.86
    12.00000     0.700000      1625587         3.33
    12.00000     0.750000      1625587         4.00
    12.00000     0.775000      1625587         4.44
    12.00000     0.800000      1625587         5.00
    12.00000     0.825000      1625587         5.71
    12.00000     0.850000      1625587         6.67
    24.00000     0.875000      1746336         8.00
    24.00000     0.887500      1746336         8.89
    24.00000     0.900000      1746336        10.00
    24.00000     0.912500      1746336        11.43
    24.00000     0.925000      1746336        13.33
    37.00000     0.937500      1851635        16.00
    37.00000     0.943750      1851635        17.78
    37.00000     0.950000      1851635        20.00
    37.00000     0.956250      1851635        22.86
    37.00000     0.962500      1851635        26.67
    37.00000     0.968750      1851635        32.00
    37.00000     0.971875      1851635        35.56
    37.00000     0.975000      1851635        40.00
    37.00000     0.978125      1851635        45.71
    37.00000     0.981250      1851635        53.33
    37.00000     0.984375      1851635        64.00
    37.00000     0.985938      1851635        71.11
    37.00000     0.987500      1851635        80.00
    37.00000     0.989062      1851635        91.43
    37.00000     0.990625      1851635       106.67
    49.00000     0.992188      1859172       128.00
    49.00000     0.992969      1859172       142.22
    49.00000     0.993750      1859172       160.00
    49.00000     0.994531      1859172       182.86
    49.00000     0.995313      1859172       213.33
    61.00000     0.996094      1861521       256.00
    61.00000     0.996484      1861521       284.44
    74.00000     0.996875      1862518       320.00
    74.00000     0.997266      1862518       365.71
    98.00000     0.997656      1863502       426.67
   111.00000     0.998047      1864177       512.00
   123.00000     0.998242      1864490       568.89
   135.00000     0.998437      1864745       640.00
   160.00000     0.998633      1865088       731.43
   185.00000     0.998828      1865398       853.33
   246.00000     0.999023      1865739      1024.00
   308.00000     0.999121      1865904      1137.78
   357.00000     0.999219      1866074      1280.00
   419.00000     0.999316      1866251      1462.86
   493.00000     0.999414      1866448      1706.67
   555.00000     0.999512      1866627      2048.00
   592.00000     0.999561      1866728      2275.56
   616.00000     0.999609      1866803      2560.00
   653.00000     0.999658      1866893      2925.71
   690.00000     0.999707      1866990      3413.33
   752.00000     0.999756      1867085      4096.00
   777.00000     0.999780      1867123      4551.11
   814.00000     0.999805      1867158      5120.00
   851.00000     0.999829      1867208      5851.43
   900.00000     0.999854      1867254      6826.67
   999.00000     0.999878      1867297      8192.00
  1036.00000     0.999890      1867320      9102.22
  1085.00000     0.999902      1867340     10240.00
  1208.00000     0.999915      1867363     11702.86
  1344.00000     0.999927      1867387     13653.33
  4847.00000     0.999939      1867409     16384.00
  5118.00000     0.999945      1867420     18204.44
  5204.00000     0.999951      1867432     20480.00
  5266.00000     0.999957      1867445     23405.71
  5315.00000     0.999963      1867454     27306.67
  5402.00000     0.999969      1867467     32768.00
  5451.00000     0.999973      1867471     36408.89
  5562.00000     0.999976      1867479     40960.00
  5685.00000     0.999979      1867484     46811.43
  5772.00000     0.999982      1867488     54613.33
  6216.00000     0.999985      1867494     65536.00
  6376.00000     0.999986      1867497     72817.78
  6487.00000     0.999988      1867500     81920.00
  6610.00000     0.999989      1867503     93622.86
  6672.00000     0.999991      1867505    109226.67
  7017.00000     0.999992      1867508    131072.00
  7313.00000     0.999993      1867510    145635.56
  7363.00000     0.999994      1867511    163840.00
  7708.00000     0.999995      1867513    187245.71
  7745.00000     0.999995      1867514    218453.33
  7794.00000     0.999996      1867515    262144.00
  7807.00000     0.999997      1867516    291271.11
  7844.00000     0.999997      1867517    327680.00
  8090.00000     0.999997      1867518    374491.43
  8090.00000     0.999998      1867518    436906.67
  8781.00000     0.999998      1867519    524288.00
  8781.00000     0.999998      1867519    582542.22
 12025.00000     0.999998      1867520    655360.00
 12025.00000     0.999999      1867520    748982.86
 12025.00000     0.999999      1867520    873813.33
 16280.00000     0.999999      1867521   1048576.00
 16280.00000     0.999999      1867521   1165084.44
 16280.00000     0.999999      1867521   1310720.00
 16280.00000     0.999999      1867521   1497965.71
 16280.00000     0.999999      1867521   1747626.67
 21916.00000     1.000000      1867522   2097152.00
 21916.00000     1.000000      1867522          inf
#[Mean    =       14.147, StdDeviation   =       54.431]
#[Max     =    21916.000, Total count    =      1867522]
#[Buckets =           13, SubBuckets     =       262144]
       Value   Percentile   TotalCount 1/(1-Percentile)

   629.00000     0.000000            7         1.00
   912.00000     0.100000       329587         1.11
   925.00000     0.200000       689884         1.25
   925.00000     0.300000       689884         1.43
   937.00000     0.400000      1036136         1.67
   937.00000     0.500000      1036136         2.00
   937.00000     0.550000      1036136         2.22
   949.00000     0.600000      1219730         2.50
   949.00000     0.650000      1219730         2.86
   974.00000     0.700000      1364539         3.33
   986.00000     0.750000      1415968         4.00
   999.00000     0.775000      1453029         4.44
  1036.00000     0.800000      1496236         5.00
  1122.00000     0.825000      1546558         5.71
  1171.00000     0.850000      1600807         6.67
  1208.00000     0.875000      1635439         8.00
  1245.00000     0.887500      1659072         8.89
  1295.00000     0.900000      1684357        10.00
  1332.00000     0.912500      1705125        11.43
  1381.00000     0.925000      1731400        13.33
  1430.00000     0.937500      1752167        16.00
  1467.00000     0.943750      1764206        17.78
  1517.00000     0.950000      1775967        20.00
  1591.00000     0.956250      1786585        22.86
  1874.00000     0.962500      1797506        26.67
  3749.00000     0.968750      1809275        32.00
  5143.00000     0.971875      1815089        35.56
  5365.00000     0.975000      1820912        40.00
  5809.00000     0.978125      1826990        45.71
  5907.00000     0.981250      1833430        53.33
  5969.00000     0.984375      1839353        64.00
  5994.00000     0.985938      1841744        71.11
  6030.00000     0.987500      1844255        80.00
  6055.00000     0.989062      1847262        91.43
  6105.00000     0.990625      1850589       106.67
  6166.00000     0.992188      1853292       128.00
  6203.00000     0.992969      1854452       142.22
  6277.00000     0.993750      1855934       160.00
  6401.00000     0.994531      1857328       182.86
  6697.00000     0.995313      1858789       213.33
  7190.00000     0.996094      1860244       256.00
  7350.00000     0.996484      1860975       284.44
  7486.00000     0.996875      1861707       320.00
  7622.00000     0.997266      1862468       365.71
  7782.00000     0.997656      1863170       426.67
  7967.00000     0.998047      1863882       512.00
  8103.00000     0.998242      1864254       568.89
  8263.00000     0.998437      1864606       640.00
  8497.00000     0.998633      1864980       731.43
  8793.00000     0.998828      1865341       853.33
  9114.00000     0.999023      1865709      1024.00
  9361.00000     0.999121      1865885      1137.78
  9817.00000     0.999219      1866068      1280.00
 10643.00000     0.999316      1866246      1462.86
 11667.00000     0.999414      1866432      1706.67
 12888.00000     0.999512      1866613      2048.00
 13690.00000     0.999561      1866703      2275.56
 14689.00000     0.999609      1866794      2560.00
 15712.00000     0.999658      1866884      2925.71
 17377.00000     0.999707      1866976      3413.33
 20017.00000     0.999756      1867067      4096.00
 21201.00000     0.999780      1867112      4551.11
 23149.00000     0.999805      1867159      5120.00
 25024.00000     0.999829      1867204      5851.43
 26307.00000     0.999854      1867249      6826.67
 27318.00000     0.999878      1867297      8192.00
 27737.00000     0.999890      1867317      9102.22
 28218.00000     0.999902      1867340     10240.00
 28835.00000     0.999915      1867363     11702.86
 29562.00000     0.999927      1867386     13653.33
 30451.00000     0.999939      1867410     16384.00
 31018.00000     0.999945      1867420     18204.44
 31906.00000     0.999951      1867431     20480.00
 32942.00000     0.999957      1867443     23405.71
 34237.00000     0.999963      1867454     27306.67
 35594.00000     0.999969      1867466     32768.00
 36938.00000     0.999973      1867471     36408.89
 38258.00000     0.999976      1867477     40960.00
 39651.00000     0.999979      1867483     46811.43
 40885.00000     0.999982      1867488     54613.33
 45238.00000     0.999985      1867494     65536.00
 46866.00000     0.999986      1867497     72817.78
 53292.00000     0.999988      1867500     81920.00
 59200.00000     0.999989      1867503     93622.86
 63973.00000     0.999991      1867505    109226.67
 69301.00000     0.999992      1867508    131072.00
 73149.00000     0.999993      1867510    145635.56
 73691.00000     0.999994      1867512    163840.00
 75862.00000     0.999995      1867513    187245.71
 77293.00000     0.999995      1867514    218453.33
 78600.00000     0.999996      1867515    262144.00
 79241.00000     0.999997      1867516    291271.11
 81992.00000     0.999997      1867517    327680.00
 84471.00000     0.999997      1867518    374491.43
 84471.00000     0.999998      1867518    436906.67
 88097.00000     0.999998      1867519    524288.00
 88097.00000     0.999998      1867519    582542.22
 89910.00000     0.999998      1867520    655360.00
 89910.00000     0.999999      1867520    748982.86
 89910.00000     0.999999      1867520    873813.33
 94732.00000     0.999999      1867521   1048576.00
 94732.00000     0.999999      1867521   1165084.44
 94732.00000     0.999999      1867521   1310720.00
 94732.00000     0.999999      1867521   1497965.71
 94732.00000     0.999999      1867521   1747626.67
138614.00000     1.000000      1867522   2097152.00
138614.00000     1.000000      1867522          inf
#[Mean    =     1168.798, StdDeviation   =     1057.265]
#[Max     =   138614.000, Total count    =      1867522]
#[Buckets =           13, SubBuckets     =       262144]

=== EXCHANGE STDERR ===
matching tid: 49677
