=== CLIENT STDERR ===
=== Exchange load generator ===
  clients  : 10
  seed     : 576264632
  target   : 127.0.0.1:4000
  thread id: 49911
Ctrl-C to stop.


=== Stats ===
  elapsed         : 14.999 s
  requests sent   : 2518250
  ACK responses   : 2518240
  MATCH responses : 1441576
  ERR responses   : 0
  orders in flight: -10
  --- throughput ---
  requests/s      : 167897
  ACK/s           : 167896
  MATCH/s         : 96113
  ERR/s           : 0
  total resp/s    : 167896

=== EXCHANGE STDOUT ===
exchange tid: 49910
inbound thread: 49917
outbound thread: 49918
       Value   Percentile   TotalCount 1/(1-Percentile)

  2096.00000     0.000000            1         1.00
  2380.00000     0.100000       217478         1.11
  2429.00000     0.200000       412544         1.25
  2466.00000     0.300000       580753         1.43
  2516.00000     0.400000       799051         1.67
  2565.00000     0.500000       993028         2.00
  2590.00000     0.550000      1072832         2.22
  2627.00000     0.600000      1172741         2.50
  2676.00000     0.650000      1275159         2.86
  2738.00000     0.700000      1366960         3.33
  2824.00000     0.750000      1455967         4.00
  2886.00000     0.775000      1505860         4.44
  2947.00000     0.800000      1549846         5.00
  3021.00000     0.825000      1597502         5.71
  3108.00000     0.850000      1646338         6.67
  3219.00000     0.875000      1696823         8.00
  3280.00000     0.887500      1719759         8.89
  3354.00000     0.900000      1742365        10.00
  3465.00000     0.912500      1768318        11.43
  3601.00000     0.925000      1791102        13.33
  3835.00000     0.937500      1815404        16.00
  4045.00000     0.943750      1827301        17.78
  4452.00000     0.950000      1839200        20.00
  5587.00000     0.956250      1851262        22.86
  7067.00000     0.962500      1863242        26.67
  7486.00000     0.968750      1876275        32.00
  7560.00000     0.971875      1882033        35.56
  7634.00000     0.975000      1887776        40.00
  7733.00000     0.978125      1893778        45.71
  7881.00000     0.981250      1899587        53.33
  8201.00000     0.984375      1905595        64.00
  8510.00000     0.985938      1908606        71.11
  8978.00000     0.987500      1911673        80.00
  9657.00000     0.989062      1914668        91.43
 10458.00000     0.990625      1917693       106.67
 12370.00000     0.992188      1920700       128.00
 15392.00000     0.992969      1922216       142.22
 20831.00000     0.993750      1923722       160.00
 30216.00000     0.994531      1925241       182.86
 40724.00000     0.995313      1926747       213.33
 51208.00000     0.996094      1928260       256.00
 56240.00000     0.996484      1929016       284.44
 61876.00000     0.996875      1929775       320.00
 67253.00000     0.997266      1930530       365.71
 72717.00000     0.997656      1931285       426.67
 78711.00000     0.998047      1932041       512.00
 83163.00000     0.998242      1932420       568.89
 84310.00000     0.998437      1932796       640.00
 89478.00000     0.998633      1933175       731.43
 94794.00000     0.998828      1933552       853.33
 99431.00000     0.999023      1933932      1024.00
 99924.00000     0.999121      1934122      1137.78
103538.00000     0.999219      1934308      1280.00
105400.00000     0.999316      1934497      1462.86
111333.00000     0.999414      1934687      1706.67
134371.00000     0.999512      1934875      2048.00
150466.00000     0.999561      1934970      2275.56
165081.00000     0.999609      1935064      2560.00
181300.00000     0.999658      1935159      2925.71
200293.00000     0.999707      1935253      3413.33
222308.00000     0.999756      1935348      4096.00
233519.00000     0.999780      1935395      4551.11
248183.00000     0.999805      1935442      5120.00
263699.00000     0.999829      1935490      5851.43
282557.00000     0.999854      1935537      6826.67
306409.00000     0.999878      1935584      8192.00
321383.00000     0.999890      1935608      9102.22
333111.00000     0.999902      1935631     10240.00
350095.00000     0.999915      1935655     11702.86
373897.00000     0.999927      1935679     13653.33
396875.00000     0.999939      1935702     16384.00
407087.00000     0.999945      1935714     18204.44
425303.00000     0.999951      1935726     20480.00
445555.00000     0.999957      1935738     23405.71
467853.00000     0.999963      1935750     27306.67
486403.00000     0.999969      1935761     32768.00
501671.00000     0.999973      1935767     36408.89
511883.00000     0.999976      1935773     40960.00
536279.00000     0.999979      1935779     46811.43
575883.00000     0.999982      1935785     54613.33
632727.00000     0.999985      1935791     65536.00
896451.00000     0.999986      1935795     72817.78
1316663.00000     0.999988      1935797     81920.00
4158415.00000     0.999989      1935800     93622.86
4186847.00000     0.999991      1935803    109226.67
4212895.00000     0.999992      1935806    131072.00
4218847.00000     0.999993      1935807    145635.56
4231519.00000     0.999994      1935809    163840.00
4239519.00000     0.999995      1935810    187245.71
4253375.00000     0.999995      1935812    218453.33
4264063.00000     0.999996      1935813    262144.00
4275263.00000     0.999997      1935814    291271.11
4286751.00000     0.999997      1935815    327680.00
4286751.00000     0.999997      1935815    374491.43
4297951.00000     0.999998      1935816    436906.67
4316127.00000     0.999998      1935817    524288.00
4316127.00000     0.999998      1935817    582542.22
4788031.00000     0.999998      1935819    655360.00
4788031.00000     0.999999      1935819    748982.86
4788031.00000     0.999999      1935819    873813.33
4788031.00000     0.999999      1935819   1048576.00
4788031.00000     0.999999      1935819   1165084.44
4788031.00000     0.999999      1935819   1310720.00
4788031.00000     0.999999      1935819   1497965.71
4788031.00000     0.999999      1935819   1747626.67
4844767.00000     1.000000      1935820   2097152.00
4844767.00000     1.000000      1935820          inf
#[Mean    =     3381.095, StdDeviation   =    16273.190]
#[Max     =  4844767.000, Total count    =      1935820]
#[Buckets =           13, SubBuckets     =       262144]
       Value   Percentile   TotalCount 1/(1-Percentile)

   974.00000     0.000000            1         1.00
  1036.00000     0.100000       399260         1.11
  1036.00000     0.200000       399260         1.25
  1048.00000     0.300000      1063859         1.43
  1048.00000     0.400000      1063859         1.67
  1048.00000     0.500000      1063859         2.00
  1060.00000     0.550000      1461590         2.22
  1060.00000     0.600000      1461590         2.50
  1060.00000     0.650000      1461590         2.86
  1060.00000     0.700000      1461590         3.33
  1060.00000     0.750000      1461590         4.00
  1073.00000     0.775000      1561742         4.44
  1073.00000     0.800000      1561742         5.00
  1097.00000     0.825000      1597869         5.71
  1171.00000     0.850000      1649123         6.67
  1295.00000     0.875000      1694971         8.00
  1332.00000     0.887500      1722370         8.89
  1369.00000     0.900000      1751229        10.00
  1393.00000     0.912500      1770040        11.43
  1430.00000     0.925000      1796384        13.33
  1467.00000     0.937500      1817833        16.00
  1492.00000     0.943750      1831190        17.78
  1517.00000     0.950000      1844746        20.00
  1529.00000     0.956250      1851542        22.86
  1554.00000     0.962500      1864286        26.67
  1578.00000     0.968750      1875605        32.00
  1603.00000     0.971875      1885284        35.56
  1615.00000     0.975000      1889351        40.00
  1640.00000     0.978125      1896419        45.71
  1665.00000     0.981250      1902143        53.33
  1689.00000     0.984375      1906940        64.00
  1702.00000     0.985938      1909069        71.11
  1726.00000     0.987500      1912746        80.00
  1751.00000     0.989062      1915943        91.43
  1776.00000     0.990625      1918844       106.67
  1800.00000     0.992188      1921120       128.00
  1825.00000     0.992969      1922684       142.22
  1850.00000     0.993750      1923742       160.00
  1924.00000     0.994531      1925325       182.86
  2121.00000     0.995313      1926794       213.33
  2429.00000     0.996094      1928315       256.00
  2627.00000     0.996484      1929022       284.44
  2910.00000     0.996875      1929785       320.00
  3465.00000     0.997266      1930532       365.71
  5352.00000     0.997656      1931285       426.67
  5944.00000     0.998047      1932055       512.00
  6080.00000     0.998242      1932418       568.89
  6253.00000     0.998437      1932801       640.00
  6413.00000     0.998633      1933192       731.43
  6573.00000     0.998828      1933561       853.33
  6734.00000     0.999023      1933953      1024.00
  6832.00000     0.999121      1934136      1137.78
  6943.00000     0.999219      1934310      1280.00
  7091.00000     0.999316      1934497      1462.86
  7338.00000     0.999414      1934694      1706.67
  7622.00000     0.999512      1934875      2048.00
  7881.00000     0.999561      1934974      2275.56
  8238.00000     0.999609      1935065      2560.00
  8596.00000     0.999658      1935159      2925.71
  9077.00000     0.999707      1935253      3413.33
  9484.00000     0.999756      1935352      4096.00
  9731.00000     0.999780      1935396      4551.11
 10113.00000     0.999805      1935442      5120.00
 10483.00000     0.999829      1935491      5851.43
 11063.00000     0.999854      1935537      6826.67
 11840.00000     0.999878      1935585      8192.00
 12345.00000     0.999890      1935608      9102.22
 12839.00000     0.999902      1935631     10240.00
 13591.00000     0.999915      1935655     11702.86
 14837.00000     0.999927      1935679     13653.33
 15984.00000     0.999939      1935702     16384.00
 16736.00000     0.999945      1935714     18204.44
 18228.00000     0.999951      1935726     20480.00
 20054.00000     0.999957      1935738     23405.71
 21768.00000     0.999963      1935750     27306.67
 23778.00000     0.999969      1935761     32768.00
 26048.00000     0.999973      1935767     36408.89
 29501.00000     0.999976      1935773     40960.00
 31080.00000     0.999979      1935779     46811.43
 36778.00000     0.999982      1935785     54613.33
 63048.00000     0.999985      1935791     65536.00
 72840.00000     0.999986      1935794     72817.78
 80253.00000     0.999988      1935797     81920.00
 85840.00000     0.999989      1935800     93622.86
105881.00000     0.999991      1935803    109226.67
123136.00000     0.999992      1935806    131072.00
124640.00000     0.999993      1935807    145635.56
125935.00000     0.999994      1935809    163840.00
181842.00000     0.999995      1935810    187245.71
837619.00000     0.999995      1935812    218453.33
837779.00000     0.999996      1935813    262144.00
1298295.00000     0.999997      1935814    291271.11
1299047.00000     0.999997      1935815    327680.00
1299047.00000     0.999997      1935815    374491.43
1672463.00000     0.999998      1935816    436906.67
1672591.00000     0.999998      1935817    524288.00
1672591.00000     0.999998      1935817    582542.22
4769695.00000     0.999998      1935818    655360.00
4769695.00000     0.999999      1935818    748982.86
4769695.00000     0.999999      1935818    873813.33
4770911.00000     0.999999      1935819   1048576.00
4770911.00000     0.999999      1935819   1165084.44
4770911.00000     0.999999      1935819   1310720.00
4770911.00000     0.999999      1935819   1497965.71
4770911.00000     0.999999      1935819   1747626.67
4771007.00000     1.000000      1935820   2097152.00
4771007.00000     1.000000      1935820          inf
#[Mean    =     1141.023, StdDeviation   =     6419.510]
#[Max     =  4771007.000, Total count    =      1935820]
#[Buckets =           13, SubBuckets     =       262144]
       Value   Percentile   TotalCount 1/(1-Percentile)

     0.00000     0.000000        99651         1.00
    12.00000     0.100000      1411235         1.11
    12.00000     0.200000      1411235         1.25
    12.00000     0.300000      1411235         1.43
    12.00000     0.400000      1411235         1.67
    12.00000     0.500000      1411235         2.00
    12.00000     0.550000      1411235         2.22
    12.00000     0.600000      1411235         2.50
    12.00000     0.650000      1411235         2.86
    12.00000     0.700000      1411235         3.33
    24.00000     0.750000      1914060         4.00
    24.00000     0.775000      1914060         4.44
    24.00000     0.800000      1914060         5.00
    24.00000     0.825000      1914060         5.71
    24.00000     0.850000      1914060         6.67
    24.00000     0.875000      1914060         8.00
    24.00000     0.887500      1914060         8.89
    24.00000     0.900000      1914060        10.00
    24.00000     0.912500      1914060        11.43
    24.00000     0.925000      1914060        13.33
    24.00000     0.937500      1914060        16.00
    24.00000     0.943750      1914060        17.78
    24.00000     0.950000      1914060        20.00
    24.00000     0.956250      1914060        22.86
    24.00000     0.962500      1914060        26.67
    24.00000     0.968750      1914060        32.00
    24.00000     0.971875      1914060        35.56
    24.00000     0.975000      1914060        40.00
    24.00000     0.978125      1914060        45.71
    24.00000     0.981250      1914060        53.33
    24.00000     0.984375      1914060        64.00
    24.00000     0.985938      1914060        71.11
    24.00000     0.987500      1914060        80.00
    37.00000     0.989062      1928709        91.43
    37.00000     0.990625      1928709       106.67
    37.00000     0.992188      1928709       128.00
    37.00000     0.992969      1928709       142.22
    37.00000     0.993750      1928709       160.00
    37.00000     0.994531      1928709       182.86
    37.00000     0.995313      1928709       213.33
    37.00000     0.996094      1928709       256.00
    49.00000     0.996484      1933777       284.44
    49.00000     0.996875      1933777       320.00
    49.00000     0.997266      1933777       365.71
    49.00000     0.997656      1933777       426.67
    49.00000     0.998047      1933777       512.00
    49.00000     0.998242      1933777       568.89
    49.00000     0.998437      1933777       640.00
    49.00000     0.998633      1933777       731.43
    49.00000     0.998828      1933777       853.33
    61.00000     0.999023      1935208      1024.00
    61.00000     0.999121      1935208      1137.78
    61.00000     0.999219      1935208      1280.00
    61.00000     0.999316      1935208      1462.86
    61.00000     0.999414      1935208      1706.67
    61.00000     0.999512      1935208      2048.00
    61.00000     0.999561      1935208      2275.56
    61.00000     0.999609      1935208      2560.00
    61.00000     0.999658      1935208      2925.71
    74.00000     0.999707      1935454      3413.33
    74.00000     0.999756      1935454      4096.00
    74.00000     0.999780      1935454      4551.11
    74.00000     0.999805      1935454      5120.00
    86.00000     0.999829      1935535      5851.43
    98.00000     0.999854      1935595      6826.67
    98.00000     0.999878      1935595      8192.00
   111.00000     0.999890      1935624      9102.22
   123.00000     0.999902      1935656     10240.00
   123.00000     0.999915      1935656     11702.86
   135.00000     0.999927      1935683     13653.33
   148.00000     0.999939      1935708     16384.00
   160.00000     0.999945      1935721     18204.44
   172.00000     0.999951      1935728     20480.00
   197.00000     0.999957      1935744     23405.71
   209.00000     0.999963      1935750     27306.67
   259.00000     0.999969      1935761     32768.00
   296.00000     0.999973      1935769     36408.89
   308.00000     0.999976      1935773     40960.00
   333.00000     0.999979      1935779     46811.43
   357.00000     0.999982      1935785     54613.33
   456.00000     0.999985      1935792     65536.00
   468.00000     0.999986      1935794     72817.78
   530.00000     0.999988      1935797     81920.00
   567.00000     0.999989      1935801     93622.86
   703.00000     0.999991      1935803    109226.67
  1097.00000     0.999992      1935806    131072.00
  1134.00000     0.999993      1935807    145635.56
  1171.00000     0.999994      1935809    163840.00
  1393.00000     0.999995      1935810    187245.71
  2121.00000     0.999995      1935812    218453.33
  4144.00000     0.999996      1935813    262144.00
  4600.00000     0.999997      1935814    291271.11
  5093.00000     0.999997      1935815    327680.00
  5093.00000     0.999997      1935815    374491.43
  5155.00000     0.999998      1935816    436906.67
  5291.00000     0.999998      1935818    524288.00
  5291.00000     0.999998      1935818    582542.22
  5291.00000     0.999998      1935818    655360.00
  5291.00000     0.999999      1935818    748982.86
  5291.00000     0.999999      1935818    873813.33
  5414.00000     0.999999      1935819   1048576.00
  5414.00000     0.999999      1935819   1165084.44
  5414.00000     0.999999      1935819   1310720.00
  5414.00000     0.999999      1935819   1497965.71
  5414.00000     0.999999      1935819   1747626.67
  6376.00000     1.000000      1935820   2097152.00
  6376.00000     1.000000      1935820          inf
#[Mean    =       14.882, StdDeviation   =       13.129]
#[Max     =     6376.000, Total count    =      1935820]
#[Buckets =           13, SubBuckets     =       262144]
       Value   Percentile   TotalCount 1/(1-Percentile)

    61.00000     0.000000            7         1.00
    98.00000     0.100000      1038103         1.11
    98.00000     0.200000      1038103         1.25
    98.00000     0.300000      1038103         1.43
    98.00000     0.400000      1038103         1.67
    98.00000     0.500000      1038103         2.00
   110.00000     0.550000      1072473         2.22
   111.00000     0.600000      1495379         2.50
   111.00000     0.650000      1495379         2.86
   111.00000     0.700000      1495379         3.33
   111.00000     0.750000      1495379         4.00
   123.00000     0.775000      1750978         4.44
   123.00000     0.800000      1750978         5.00
   123.00000     0.825000      1750978         5.71
   123.00000     0.850000      1750978         6.67
   123.00000     0.875000      1750978         8.00
   123.00000     0.887500      1750978         8.89
   123.00000     0.900000      1750978        10.00
   135.00000     0.912500      1887847        11.43
   135.00000     0.925000      1887847        13.33
   135.00000     0.937500      1887847        16.00
   135.00000     0.943750      1887847        17.78
   135.00000     0.950000      1887847        20.00
   135.00000     0.956250      1887847        22.86
   135.00000     0.962500      1887847        26.67
   135.00000     0.968750      1887847        32.00
   135.00000     0.971875      1887847        35.56
   135.00000     0.975000      1887847        40.00
   148.00000     0.978125      1908043        45.71
   148.00000     0.981250      1908043        53.33
   148.00000     0.984375      1908043        64.00
   160.00000     0.985938      1913615        71.11
   160.00000     0.987500      1913615        80.00
   172.00000     0.989062      1915985        91.43
   197.00000     0.990625      1918620       106.67
   234.00000     0.992188      1920710       128.00
   283.00000     0.992969      1922313       142.22
   357.00000     0.993750      1923933       160.00
   444.00000     0.994531      1925369       182.86
   555.00000     0.995313      1926798       213.33
   690.00000     0.996094      1928353       256.00
   752.00000     0.996484      1929035       284.44
   838.00000     0.996875      1929879       320.00
   925.00000     0.997266      1930580       365.71
  1060.00000     0.997656      1931349       426.67
  1233.00000     0.998047      1932061       512.00
  1344.00000     0.998242      1932440       568.89
  1467.00000     0.998437      1932813       640.00
  1603.00000     0.998633      1933191       731.43
  1813.00000     0.998828      1933557       853.33
  2220.00000     0.999023      1933930      1024.00
  2614.00000     0.999121      1934121      1137.78
  3416.00000     0.999219      1934309      1280.00
  4612.00000     0.999316      1934499      1462.86
  6240.00000     0.999414      1934687      1706.67
  9052.00000     0.999512      1934875      2048.00
 11013.00000     0.999561      1934970      2275.56
 13542.00000     0.999609      1935064      2560.00
 17427.00000     0.999658      1935159      2925.71
 24000.00000     0.999707      1935253      3413.33
 38825.00000     0.999756      1935348      4096.00
 50825.00000     0.999780      1935395      4551.11
 61013.00000     0.999805      1935442      5120.00
 74061.00000     0.999829      1935490      5851.43
 86136.00000     0.999854      1935537      6826.67
 98864.00000     0.999878      1935584      8192.00
105660.00000     0.999890      1935608      9102.22
112874.00000     0.999902      1935631     10240.00
121976.00000     0.999915      1935655     11702.86
131646.00000     0.999927      1935679     13653.33
142116.00000     0.999939      1935702     16384.00
147371.00000     0.999945      1935714     18204.44
153056.00000     0.999951      1935726     20480.00
157743.00000     0.999957      1935738     23405.71
162368.00000     0.999963      1935750     27306.67
169003.00000     0.999969      1935761     32768.00
171088.00000     0.999973      1935767     36408.89
178944.00000     0.999976      1935773     40960.00
185394.00000     0.999979      1935779     46811.43
191006.00000     0.999982      1935785     54613.33
197802.00000     0.999985      1935791     65536.00
203833.00000     0.999986      1935794     72817.78
208347.00000     0.999988      1935797     81920.00
211035.00000     0.999989      1935800     93622.86
219262.00000     0.999991      1935803    109226.67
228117.00000     0.999992      1935806    131072.00
229572.00000     0.999993      1935807    145635.56
235961.00000     0.999994      1935809    163840.00
238058.00000     0.999995      1935810    187245.71
242325.00000     0.999995      1935812    218453.33
245717.00000     0.999996      1935813    262144.00
246691.00000     0.999997      1935814    291271.11
248800.00000     0.999997      1935815    327680.00
248800.00000     0.999997      1935815    374491.43
253240.00000     0.999998      1935816    436906.67
256878.00000     0.999998      1935817    524288.00
256878.00000     0.999998      1935817    582542.22
262071.00000     0.999998      1935818    655360.00
262071.00000     0.999999      1935818    748982.86
262071.00000     0.999999      1935818    873813.33
263995.00000     0.999999      1935819   1048576.00
263995.00000     0.999999      1935819   1165084.44
263995.00000     0.999999      1935819   1310720.00
263995.00000     0.999999      1935819   1497965.71
263995.00000     0.999999      1935819   1747626.67
272801.00000     1.000000      1935820   2097152.00
272801.00000     1.000000      1935820          inf
#[Mean    =      144.550, StdDeviation   =     1902.442]
#[Max     =   272801.000, Total count    =      1935820]
#[Buckets =           13, SubBuckets     =       262144]
       Value   Percentile   TotalCount 1/(1-Percentile)

     0.00000     0.000000        12415         1.00
    37.00000     0.100000       400400         1.11
    37.00000     0.200000       400400         1.25
    49.00000     0.300000       744716         1.43
    61.00000     0.400000       815348         1.67
   111.00000     0.500000      1009098         2.00
   123.00000     0.550000      1070526         2.22
   148.00000     0.600000      1199808         2.50
   160.00000     0.650000      1264975         2.86
   185.00000     0.700000      1373369         3.33
   209.00000     0.750000      1461263         4.00
   234.00000     0.775000      1537175         4.44
   246.00000     0.800000      1571856         5.00
   259.00000     0.825000      1603419         5.71
   283.00000     0.850000      1656829         6.67
   308.00000     0.875000      1698259         8.00
   333.00000     0.887500      1731125         8.89
   345.00000     0.900000      1745170        10.00
   370.00000     0.912500      1769762        11.43
   394.00000     0.925000      1790824        13.33
   431.00000     0.937500      1817566        16.00
   456.00000     0.943750      1831994        17.78
   481.00000     0.950000      1844196        20.00
   505.00000     0.956250      1854414        22.86
   542.00000     0.962500      1866623        26.67
   579.00000     0.968750      1876178        32.00
   604.00000     0.971875      1881403        35.56
   641.00000     0.975000      1887845        40.00
   690.00000     0.978125      1894412        45.71
   740.00000     0.981250      1899654        53.33
   826.00000     0.984375      1906075        64.00
   875.00000     0.985938      1908818        71.11
   949.00000     0.987500      1911734        80.00
  1073.00000     0.989062      1914687        91.43
  1319.00000     0.990625      1917674       106.67
  1751.00000     0.992188      1920717       128.00
  2072.00000     0.992969      1922231       142.22
  2824.00000     0.993750      1923730       160.00
  3157.00000     0.994531      1925309       182.86
  3268.00000     0.995313      1926946       213.33
  3379.00000     0.996094      1928310       256.00
  3465.00000     0.996484      1929032       284.44
  3589.00000     0.996875      1929775       320.00
  3811.00000     0.997266      1930549       365.71
  4168.00000     0.997656      1931285       426.67
  4625.00000     0.998047      1932067       512.00
  4859.00000     0.998242      1932425       568.89
  5118.00000     0.998437      1932803       640.00
  5439.00000     0.998633      1933183       731.43
  5796.00000     0.998828      1933552       853.33
  6216.00000     0.999023      1933937      1024.00
  6413.00000     0.999121      1934132      1137.78
  6623.00000     0.999219      1934317      1280.00
  6857.00000     0.999316      1934504      1462.86
  7128.00000     0.999414      1934690      1706.67
  7437.00000     0.999512      1934876      2048.00
  7634.00000     0.999561      1934972      2275.56
  7844.00000     0.999609      1935068      2560.00
  8053.00000     0.999658      1935159      2925.71
  8386.00000     0.999707      1935258      3413.33
  8769.00000     0.999756      1935351      4096.00
  8991.00000     0.999780      1935403      4551.11
  9250.00000     0.999805      1935444      5120.00
  9632.00000     0.999829      1935490      5851.43
 10039.00000     0.999854      1935537      6826.67
 10606.00000     0.999878      1935586      8192.00
 10989.00000     0.999890      1935608      9102.22
 11618.00000     0.999902      1935631     10240.00
 12160.00000     0.999915      1935655     11702.86
 12789.00000     0.999927      1935679     13653.33
 14343.00000     0.999939      1935702     16384.00
 15182.00000     0.999945      1935715     18204.44
 15996.00000     0.999951      1935726     20480.00
 17316.00000     0.999957      1935738     23405.71
 20436.00000     0.999963      1935750     27306.67
 25209.00000     0.999969      1935761     32768.00
 26849.00000     0.999973      1935767     36408.89
 30031.00000     0.999976      1935773     40960.00
 33497.00000     0.999979      1935779     46811.43
 36309.00000     0.999982      1935785     54613.33
 45189.00000     0.999985      1935791     65536.00
 51837.00000     0.999986      1935794     72817.78
 54624.00000     0.999988      1935797     81920.00
 64355.00000     0.999989      1935800     93622.86
 66883.00000     0.999991      1935803    109226.67
 79155.00000     0.999992      1935806    131072.00
 79574.00000     0.999993      1935807    145635.56
 82732.00000     0.999994      1935809    163840.00
 83311.00000     0.999995      1935810    187245.71
 84064.00000     0.999995      1935812    218453.33
 84199.00000     0.999996      1935813    262144.00
110765.00000     0.999997      1935814    291271.11
126293.00000     0.999997      1935815    327680.00
126293.00000     0.999997      1935815    374491.43
126577.00000     0.999998      1935816    436906.67
127156.00000     0.999998      1935817    524288.00
127156.00000     0.999998      1935817    582542.22
127477.00000     0.999998      1935818    655360.00
127477.00000     0.999999      1935818    748982.86
127477.00000     0.999999      1935818    873813.33
134482.00000     0.999999      1935819   1048576.00
134482.00000     0.999999      1935819   1165084.44
134482.00000     0.999999      1935819   1310720.00
134482.00000     0.999999      1935819   1497965.71
134482.00000     0.999999      1935819   1747626.67
263379.00000     1.000000      1935820   2097152.00
263379.00000     1.000000      1935820          inf
#[Mean    =      185.718, StdDeviation   =      570.620]
#[Max     =   263379.000, Total count    =      1935820]
#[Buckets =           13, SubBuckets     =       262144]
       Value   Percentile   TotalCount 1/(1-Percentile)

    86.00000     0.000000            7         1.00
   172.00000     0.100000       195321         1.11
   209.00000     0.200000       461601         1.25
   234.00000     0.300000       656924         1.43
   259.00000     0.400000       860369         1.67
   283.00000     0.500000      1065016         2.00
   283.00000     0.550000      1065016         2.22
   296.00000     0.600000      1168316         2.50
   308.00000     0.650000      1270887         2.86
   320.00000     0.700000      1373306         3.33
   333.00000     0.750000      1470017         4.00
   345.00000     0.775000      1565755         4.44
   345.00000     0.800000      1565755         5.00
   357.00000     0.825000      1640783         5.71
   370.00000     0.850000      1682402         6.67
   382.00000     0.875000      1734480         8.00
   382.00000     0.887500      1734480         8.89
   394.00000     0.900000      1783352        10.00
   394.00000     0.912500      1783352        11.43
   407.00000     0.925000      1808631        13.33
   419.00000     0.937500      1824495        16.00
   431.00000     0.943750      1837029        17.78
   444.00000     0.950000      1847533        20.00
   456.00000     0.956250      1856203        22.86
   468.00000     0.962500      1863359        26.67
   505.00000     0.968750      1876585        32.00
   542.00000     0.971875      1882486        35.56
   629.00000     0.975000      1887448        40.00
   863.00000     0.978125      1893739        45.71
  1060.00000     0.981250      1899857        53.33
  1430.00000     0.984375      1905738        64.00
  1689.00000     0.985938      1908716        71.11
  2047.00000     0.987500      1911629        80.00
  2664.00000     0.989062      1914650        91.43
  3872.00000     0.990625      1917682       106.67
  5685.00000     0.992188      1920722       128.00
  7363.00000     0.992969      1922211       142.22
 12839.00000     0.993750      1923729       160.00
 21645.00000     0.994531      1925234       182.86
 30956.00000     0.995313      1926747       213.33
 40626.00000     0.996094      1928260       256.00
 45189.00000     0.996484      1929018       284.44
 50727.00000     0.996875      1929771       320.00
 55746.00000     0.997266      1930527       365.71
 61938.00000     0.997656      1931283       426.67
 66920.00000     0.998047      1932040       512.00
 71521.00000     0.998242      1932418       568.89
 76121.00000     0.998437      1932796       640.00
 77145.00000     0.998633      1933176       731.43
 82226.00000     0.998828      1933554       853.33
 87517.00000     0.999023      1933931      1024.00
 90946.00000     0.999121      1934119      1137.78
 92500.00000     0.999219      1934311      1280.00
 93030.00000     0.999316      1934502      1462.86
 94313.00000     0.999414      1934686      1706.67
 98259.00000     0.999512      1934875      2048.00
 99505.00000     0.999561      1934970      2275.56
103846.00000     0.999609      1935065      2560.00
114774.00000     0.999658      1935159      2925.71
143116.00000     0.999707      1935253      3413.33
169793.00000     0.999756      1935348      4096.00
181818.00000     0.999780      1935395      4551.11
202069.00000     0.999805      1935442      5120.00
218115.00000     0.999829      1935490      5851.43
241548.00000     0.999854      1935537      6826.67
265661.00000     0.999878      1935584      8192.00
282211.00000     0.999890      1935608      9102.22
295679.00000     0.999902      1935631     10240.00
311565.00000     0.999915      1935655     11702.86
330841.00000     0.999927      1935679     13653.33
352031.00000     0.999939      1935702     16384.00
360183.00000     0.999945      1935714     18204.44
375255.00000     0.999951      1935726     20480.00
387501.00000     0.999957      1935738     23405.71
412759.00000     0.999963      1935750     27306.67
433837.00000     0.999969      1935761     32768.00
450265.00000     0.999973      1935767     36408.89
455371.00000     0.999976      1935773     40960.00
464585.00000     0.999979      1935779     46811.43
470479.00000     0.999982      1935785     54613.33
503571.00000     0.999985      1935791     65536.00
518901.00000     0.999986      1935794     72817.78
524351.00000     0.999988      1935797     81920.00
551647.00000     0.999989      1935800     93622.86
4142079.00000     0.999991      1935803    109226.67
4180959.00000     0.999992      1935806    131072.00
4190031.00000     0.999993      1935807    145635.56
4206751.00000     0.999994      1935809    163840.00
4212159.00000     0.999995      1935810    187245.71
4225919.00000     0.999995      1935812    218453.33
4232063.00000     0.999996      1935813    262144.00
4236799.00000     0.999997      1935814    291271.11
4247743.00000     0.999997      1935815    327680.00
4247743.00000     0.999997      1935815    374491.43
4258591.00000     0.999998      1935816    436906.67
4269727.00000     0.999998      1935817    524288.00
4269727.00000     0.999998      1935817    582542.22
4280703.00000     0.999998      1935818    655360.00
4280703.00000     0.999999      1935818    748982.86
4280703.00000     0.999999      1935818    873813.33
4292191.00000     0.999999      1935819   1048576.00
4292191.00000     0.999999      1935819   1165084.44
4292191.00000     0.999999      1935819   1310720.00
4292191.00000     0.999999      1935819   1497965.71
4292191.00000     0.999999      1935819   1747626.67
4301471.00000     1.000000      1935820   2097152.00
4301471.00000     1.000000      1935820          inf
#[Mean    =      736.102, StdDeviation   =    14408.802]
#[Max     =  4301471.000, Total count    =      1935820]
#[Buckets =           13, SubBuckets     =       262144]
       Value   Percentile   TotalCount 1/(1-Percentile)

     0.00000     0.000000       263324         1.00
     0.00000     0.100000       263324         1.11
    12.00000     0.200000      1861180         1.25
    12.00000     0.300000      1861180         1.43
    12.00000     0.400000      1861180         1.67
    12.00000     0.500000      1861180         2.00
    12.00000     0.550000      1861180         2.22
    12.00000     0.600000      1861180         2.50
    12.00000     0.650000      1861180         2.86
    12.00000     0.700000      1861180         3.33
    12.00000     0.750000      1861180         4.00
    12.00000     0.775000      1861180         4.44
    12.00000     0.800000      1861180         5.00
    12.00000     0.825000      1861180         5.71
    12.00000     0.850000      1861180         6.67
    12.00000     0.875000      1861180         8.00
    12.00000     0.887500      1861180         8.89
    12.00000     0.900000      1861180        10.00
    12.00000     0.912500      1861180        11.43
    12.00000     0.925000      1861180        13.33
    12.00000     0.937500      1861180        16.00
    12.00000     0.943750      1861180        17.78
    12.00000     0.950000      1861180        20.00
    12.00000     0.956250      1861180        22.86
    24.00000     0.962500      1920463        26.67
    24.00000     0.968750      1920463        32.00
    24.00000     0.971875      1920463        35.56
    24.00000     0.975000      1920463        40.00
    24.00000     0.978125      1920463        45.71
    24.00000     0.981250      1920463        53.33
    24.00000     0.984375      1920463        64.00
    24.00000     0.985938      1920463        71.11
    24.00000     0.987500      1920463        80.00
    24.00000     0.989062      1920463        91.43
    24.00000     0.990625      1920463       106.67
    37.00000     0.992188      1927979       128.00
    37.00000     0.992969      1927979       142.22
    37.00000     0.993750      1927979       160.00
    37.00000     0.994531      1927979       182.86
    37.00000     0.995313      1927979       213.33
    49.00000     0.996094      1931351       256.00
    49.00000     0.996484      1931351       284.44
    49.00000     0.996875      1931351       320.00
    49.00000     0.997266      1931351       365.71
    49.00000     0.997656      1931351       426.67
    61.00000     0.998047      1932713       512.00
    61.00000     0.998242      1932713       568.89
    74.00000     0.998437      1933234       640.00
    74.00000     0.998633      1933234       731.43
    98.00000     0.998828      1933804       853.33
   111.00000     0.999023      1934157      1024.00
   111.00000     0.999121      1934157      1137.78
   135.00000     0.999219      1934398      1280.00
   160.00000     0.999316      1934615      1462.86
   172.00000     0.999414      1934717      1706.67
   222.00000     0.999512      1934888      2048.00
   283.00000     0.999561      1934975      2275.56
   345.00000     0.999609      1935066      2560.00
   419.00000     0.999658      1935166      2925.71
   505.00000     0.999707      1935257      3413.33
   579.00000     0.999756      1935360      4096.00
   604.00000     0.999780      1935398      4551.11
   641.00000     0.999805      1935462      5120.00
   666.00000     0.999829      1935494      5851.43
   740.00000     0.999854      1935542      6826.67
   814.00000     0.999878      1935585      8192.00
   875.00000     0.999890      1935610      9102.22
   937.00000     0.999902      1935631     10240.00
  1036.00000     0.999915      1935655     11702.86
  1332.00000     0.999927      1935679     13653.33
  5056.00000     0.999939      1935702     16384.00
  5180.00000     0.999945      1935716     18204.44
  5229.00000     0.999951      1935727     20480.00
  5291.00000     0.999957      1935741     23405.71
  5315.00000     0.999963      1935750     27306.67
  5365.00000     0.999969      1935762     32768.00
  5402.00000     0.999973      1935767     36408.89
  5451.00000     0.999976      1935773     40960.00
  5525.00000     0.999979      1935780     46811.43
  5611.00000     0.999982      1935785     54613.33
  5870.00000     0.999985      1935791     65536.00
  6203.00000     0.999986      1935794     72817.78
  6327.00000     0.999988      1935797     81920.00
  6438.00000     0.999989      1935800     93622.86
  6524.00000     0.999991      1935803    109226.67
  6647.00000     0.999992      1935806    131072.00
  6721.00000     0.999993      1935807    145635.56
  6783.00000     0.999994      1935810    163840.00
  6783.00000     0.999995      1935810    187245.71
  6857.00000     0.999995      1935812    218453.33
  6931.00000     0.999996      1935813    262144.00
  7042.00000     0.999997      1935814    291271.11
  7178.00000     0.999997      1935815    327680.00
  7178.00000     0.999997      1935815    374491.43
  7289.00000     0.999998      1935816    436906.67
  7498.00000     0.999998      1935817    524288.00
  7498.00000     0.999998      1935817    582542.22
  7535.00000     0.999998      1935818    655360.00
  7535.00000     0.999999      1935818    748982.86
  7535.00000     0.999999      1935818    873813.33
  7560.00000     0.999999      1935819   1048576.00
  7560.00000     0.999999      1935819   1165084.44
  7560.00000     0.999999      1935819   1310720.00
  7560.00000     0.999999      1935819   1497965.71
  7560.00000     0.999999      1935819   1747626.67
 27071.00000     1.000000      1935820   2097152.00
 27071.00000     1.000000      1935820          inf
#[Mean    =       11.655, StdDeviation   =       51.462]
#[Max     =    27071.000, Total count    =      1935820]
#[Buckets =           13, SubBuckets     =       262144]
       Value   Percentile   TotalCount 1/(1-Percentile)

   641.00000     0.000000           11         1.00
   925.00000     0.100000       488218         1.11
   925.00000     0.200000       488218         1.25
   937.00000     0.300000       968508         1.43
   937.00000     0.400000       968508         1.67
   937.00000     0.500000       968508         2.00
   949.00000     0.550000      1288262         2.22
   949.00000     0.600000      1288262         2.50
   949.00000     0.650000      1288262         2.86
   962.00000     0.700000      1418868         3.33
   974.00000     0.750000      1499284         4.00
   986.00000     0.775000      1567781         4.44
   986.00000     0.800000      1567781         5.00
   999.00000     0.825000      1612098         5.71
  1023.00000     0.850000      1647290         6.67
  1147.00000     0.875000      1698383         8.00
  1184.00000     0.887500      1723228         8.89
  1208.00000     0.900000      1742404        10.00
  1258.00000     0.912500      1771845        11.43
  1307.00000     0.925000      1792298        13.33
  1369.00000     0.937500      1815373        16.00
  1406.00000     0.943750      1827564        17.78
  1455.00000     0.950000      1841124        20.00
  1504.00000     0.956250      1851376        22.86
  1615.00000     0.962500      1863877        26.67
  2762.00000     0.968750      1875338        32.00
  5167.00000     0.971875      1881600        35.56
  5340.00000     0.975000      1887818        40.00
  5821.00000     0.978125      1893602        45.71
  5907.00000     0.981250      1899823        53.33
  5969.00000     0.984375      1906493        64.00
  5994.00000     0.985938      1909355        71.11
  6018.00000     0.987500      1912159        80.00
  6043.00000     0.989062      1914791        91.43
  6080.00000     0.990625      1918150       106.67
  6117.00000     0.992188      1920811       128.00
  6142.00000     0.992969      1922289       142.22
  6179.00000     0.993750      1923951       160.00
  6216.00000     0.994531      1925242       182.86
  6290.00000     0.995313      1926810       213.33
  6438.00000     0.996094      1928326       256.00
  6573.00000     0.996484      1929025       284.44
  6844.00000     0.996875      1929771       320.00
  7190.00000     0.997266      1930531       365.71
  7461.00000     0.997656      1931336       426.67
  7634.00000     0.998047      1932087       512.00
  7720.00000     0.998242      1932433       568.89
  7819.00000     0.998437      1932835       640.00
  7905.00000     0.998633      1933177       731.43
  8053.00000     0.998828      1933577       853.33
  8226.00000     0.999023      1933933      1024.00
  8337.00000     0.999121      1934124      1137.78
  8485.00000     0.999219      1934315      1280.00
  8682.00000     0.999316      1934501      1462.86
  8929.00000     0.999414      1934689      1706.67
  9398.00000     0.999512      1934877      2048.00
 10027.00000     0.999561      1934970      2275.56
 11038.00000     0.999609      1935064      2560.00
 12937.00000     0.999658      1935159      2925.71
 15663.00000     0.999707      1935253      3413.33
 20621.00000     0.999756      1935349      4096.00
 22495.00000     0.999780      1935395      4551.11
 23618.00000     0.999805      1935442      5120.00
 25456.00000     0.999829      1935490      5851.43
 26553.00000     0.999854      1935538      6826.67
 27429.00000     0.999878      1935584      8192.00
 27873.00000     0.999890      1935608      9102.22
 28440.00000     0.999902      1935631     10240.00
 29193.00000     0.999915      1935655     11702.86
 29809.00000     0.999927      1935679     13653.33
 30167.00000     0.999939      1935702     16384.00
 30389.00000     0.999945      1935714     18204.44
 30796.00000     0.999951      1935727     20480.00
 31326.00000     0.999957      1935740     23405.71
 31906.00000     0.999963      1935751     27306.67
 32560.00000     0.999969      1935761     32768.00
 33250.00000     0.999973      1935767     36408.89
 33608.00000     0.999976      1935774     40960.00
 34212.00000     0.999979      1935779     46811.43
 35520.00000     0.999982      1935785     54613.33
 38134.00000     0.999985      1935791     65536.00
 38911.00000     0.999986      1935794     72817.78
 40872.00000     0.999988      1935797     81920.00
 42772.00000     0.999989      1935800     93622.86
 53428.00000     0.999991      1935803    109226.67
 57892.00000     0.999992      1935806    131072.00
 62949.00000     0.999993      1935807    145635.56
 65971.00000     0.999994      1935809    163840.00
 78242.00000     0.999995      1935810    187245.71
 83472.00000     0.999995      1935812    218453.33
 85679.00000     0.999996      1935813    262144.00
 90514.00000     0.999997      1935814    291271.11
 93301.00000     0.999997      1935815    327680.00
 93301.00000     0.999997      1935815    374491.43
 98703.00000     0.999998      1935816    436906.67
 99012.00000     0.999998      1935817    524288.00
 99012.00000     0.999998      1935817    582542.22
105240.00000     0.999998      1935818    655360.00
105240.00000     0.999999      1935818    748982.86
105240.00000     0.999999      1935818    873813.33
106954.00000     0.999999      1935819   1048576.00
106954.00000     0.999999      1935819   1165084.44
106954.00000     0.999999      1935819   1310720.00
106954.00000     0.999999      1935819   1497965.71
106954.00000     0.999999      1935819   1747626.67
120743.00000     1.000000      1935820   2097152.00
120743.00000     1.000000      1935820          inf
#[Mean    =     1145.012, StdDeviation   =     1009.878]
#[Max     =   120743.000, Total count    =      1935820]
#[Buckets =           13, SubBuckets     =       262144]

=== EXCHANGE STDERR ===
matching tid: 49919
