=== CLIENT STDERR ===
=== Exchange load generator ===
  clients  : 10
  seed     : 3685899471
  target   : 127.0.0.1:4000
  thread id: 50603
Ctrl-C to stop.


=== Stats ===
  elapsed         : 14.997 s
  requests sent   : 2478542
  ACK responses   : 2478532
  MATCH responses : 1423715
  ERR responses   : 0
  orders in flight: -10
  --- throughput ---
  requests/s      : 165272
  ACK/s           : 165271
  MATCH/s         : 94935
  ERR/s           : 0
  total resp/s    : 165271

=== EXCHANGE STDOUT ===
exchange tid: 50596
inbound thread: 50604
outbound thread: 50605
       Value   Percentile   TotalCount 1/(1-Percentile)

  2096.00000     0.000000            1         1.00
  2380.00000     0.100000       214413         1.11
  2429.00000     0.200000       395151         1.25
  2479.00000     0.300000       601518         1.43
  2528.00000     0.400000       802765         1.67
  2577.00000     0.500000       976412         2.00
  2602.00000     0.550000      1049728         2.22
  2639.00000     0.600000      1144810         2.50
  2688.00000     0.650000      1249304         2.86
  2738.00000     0.700000      1331523         3.33
  2824.00000     0.750000      1434548         4.00
  2873.00000     0.775000      1478134         4.44
  2935.00000     0.800000      1524144         5.00
  3009.00000     0.825000      1570943         5.71
  3095.00000     0.850000      1616594         6.67
  3219.00000     0.875000      1667115         8.00
  3280.00000     0.887500      1687492         8.89
  3379.00000     0.900000      1713912        10.00
  3490.00000     0.912500      1736399        11.43
  3650.00000     0.925000      1759657        13.33
  3909.00000     0.937500      1782857        16.00
  4131.00000     0.943750      1794797        17.78
  4575.00000     0.950000      1806312        20.00
  6129.00000     0.956250      1818076        22.86
  7412.00000     0.962500      1830285        26.67
  7572.00000     0.968750      1841902        32.00
  7659.00000     0.971875      1848418        35.56
  7745.00000     0.975000      1853944        40.00
  7881.00000     0.978125      1860134        45.71
  8090.00000     0.981250      1865827        53.33
  8534.00000     0.984375      1871644        64.00
  8966.00000     0.985938      1874574        71.11
  9620.00000     0.987500      1877520        80.00
 10372.00000     0.989062      1880493        91.43
 11519.00000     0.990625      1883444       106.67
 13542.00000     0.992188      1886409       128.00
 15453.00000     0.992969      1887884       142.22
 19449.00000     0.993750      1889374       160.00
 25086.00000     0.994531      1890855       182.86
 35396.00000     0.995313      1892340       213.33
 46274.00000     0.996094      1893825       256.00
 51689.00000     0.996484      1894567       284.44
 57473.00000     0.996875      1895312       320.00
 63011.00000     0.997266      1896054       365.71
 71484.00000     0.997656      1896795       426.67
 77996.00000     0.998047      1897540       512.00
 82608.00000     0.998242      1897910       568.89
 84199.00000     0.998437      1898283       640.00
 89305.00000     0.998633      1898652       731.43
 94769.00000     0.998828      1899023       853.33
 99727.00000     0.999023      1899400      1024.00
100590.00000     0.999121      1899580      1137.78
104747.00000     0.999219      1899766      1280.00
108225.00000     0.999316      1899953      1462.86
123259.00000     0.999414      1900137      1706.67
151231.00000     0.999512      1900323      2048.00
168843.00000     0.999561      1900417      2275.56
188774.00000     0.999609      1900509      2560.00
214723.00000     0.999658      1900602      2925.71
252771.00000     0.999707      1900694      3413.33
296259.00000     0.999756      1900787      4096.00
321679.00000     0.999780      1900834      4551.11
349527.00000     0.999805      1900880      5120.00
389191.00000     0.999829      1900927      5851.43
437489.00000     0.999854      1900973      6826.67
538831.00000     0.999878      1901019      8192.00
601179.00000     0.999890      1901043      9102.22
663843.00000     0.999902      1901066     10240.00
1198615.00000     0.999915      1901089     11702.86
1930111.00000     0.999927      1901112     13653.33
3291535.00000     0.999939      1901135     16384.00
4084783.00000     0.999945      1901147     18204.44
4413759.00000     0.999951      1901159     20480.00
4527967.00000     0.999957      1901170     23405.71
4751231.00000     0.999963      1901182     27306.67
4859871.00000     0.999969      1901193     32768.00
4879167.00000     0.999973      1901199     36408.89
4906335.00000     0.999976      1901205     40960.00
4926271.00000     0.999979      1901211     46811.43
4955039.00000     0.999982      1901217     54613.33
4979775.00000     0.999985      1901222     65536.00
4988159.00000     0.999986      1901225     72817.78
5000415.00000     0.999988      1901228     81920.00
5003871.00000     0.999989      1901231     93622.86
5019167.00000     0.999991      1901234    109226.67
5022719.00000     0.999992      1901237    131072.00
5026271.00000     0.999993      1901238    145635.56
5040319.00000     0.999994      1901240    163840.00
5042047.00000     0.999995      1901241    187245.71
5057727.00000     0.999995      1901243    218453.33
5062367.00000     0.999996      1901244    262144.00
5072799.00000     0.999997      1901245    291271.11
5082687.00000     0.999997      1901246    327680.00
5082687.00000     0.999997      1901246    374491.43
5090687.00000     0.999998      1901247    436906.67
5106847.00000     0.999998      1901248    524288.00
5106847.00000     0.999998      1901248    582542.22
5107327.00000     0.999998      1901249    655360.00
5107327.00000     0.999999      1901249    748982.86
5107327.00000     0.999999      1901249    873813.33
5124127.00000     0.999999      1901250   1048576.00
5124127.00000     0.999999      1901250   1165084.44
5124127.00000     0.999999      1901250   1310720.00
5124127.00000     0.999999      1901250   1497965.71
5124127.00000     0.999999      1901250   1747626.67
5150431.00000     1.000000      1901251   2097152.00
5150431.00000     1.000000      1901251          inf
#[Mean    =     3679.892, StdDeviation   =    39323.134]
#[Max     =  5150431.000, Total count    =      1901251]
#[Buckets =           13, SubBuckets     =       262144]
       Value   Percentile   TotalCount 1/(1-Percentile)

   974.00000     0.000000            1         1.00
  1036.00000     0.100000       268828         1.11
  1048.00000     0.200000       791601         1.25
  1048.00000     0.300000       791601         1.43
  1048.00000     0.400000       791601         1.67
  1060.00000     0.500000      1357219         2.00
  1060.00000     0.550000      1357219         2.22
  1060.00000     0.600000      1357219         2.50
  1060.00000     0.650000      1357219         2.86
  1060.00000     0.700000      1357219         3.33
  1073.00000     0.750000      1587858         4.00
  1073.00000     0.775000      1587858         4.44
  1073.00000     0.800000      1587858         5.00
  1073.00000     0.825000      1587858         5.71
  1085.00000     0.850000      1624863         6.67
  1134.00000     0.875000      1668660         8.00
  1196.00000     0.887500      1689864         8.89
  1270.00000     0.900000      1716185        10.00
  1307.00000     0.912500      1738136        11.43
  1344.00000     0.925000      1760324        13.33
  1393.00000     0.937500      1783764        16.00
  1430.00000     0.943750      1796655        17.78
  1467.00000     0.950000      1809094        20.00
  1492.00000     0.956250      1818297        22.86
  1529.00000     0.962500      1833433        26.67
  1554.00000     0.968750      1843332        32.00
  1566.00000     0.971875      1847975        35.56
  1591.00000     0.975000      1856093        40.00
  1603.00000     0.978125      1859693        45.71
  1628.00000     0.981250      1865923        53.33
  1665.00000     0.984375      1873127        64.00
  1677.00000     0.985938      1875124        71.11
  1702.00000     0.987500      1878637        80.00
  1726.00000     0.989062      1881603        91.43
  1751.00000     0.990625      1884087       106.67
  1788.00000     0.992188      1886905       128.00
  1813.00000     0.992969      1888128       142.22
  1862.00000     0.993750      1889543       160.00
  2010.00000     0.994531      1890906       182.86
  2294.00000     0.995313      1892362       213.33
  2639.00000     0.996094      1893850       256.00
  2972.00000     0.996484      1894585       284.44
  3564.00000     0.996875      1895313       320.00
  5476.00000     0.997266      1896057       365.71
  5932.00000     0.997656      1896817       426.67
  6191.00000     0.998047      1897567       512.00
  6314.00000     0.998242      1897936       568.89
  6438.00000     0.998437      1898314       640.00
  6549.00000     0.998633      1898653       731.43
  6697.00000     0.998828      1899026       853.33
  6894.00000     0.999023      1899400      1024.00
  7017.00000     0.999121      1899596      1137.78
  7153.00000     0.999219      1899782      1280.00
  7326.00000     0.999316      1899961      1462.86
  7572.00000     0.999414      1900138      1706.67
  7930.00000     0.999512      1900324      2048.00
  8226.00000     0.999561      1900420      2275.56
  8633.00000     0.999609      1900509      2560.00
  9250.00000     0.999658      1900602      2925.71
  9891.00000     0.999707      1900694      3413.33
 11050.00000     0.999756      1900787      4096.00
 11975.00000     0.999780      1900834      4551.11
 12777.00000     0.999805      1900880      5120.00
 13184.00000     0.999829      1900930      5851.43
 13579.00000     0.999854      1900974      6826.67
 14023.00000     0.999878      1901021      8192.00
 14356.00000     0.999890      1901043      9102.22
 15194.00000     0.999902      1901066     10240.00
 16970.00000     0.999915      1901089     11702.86
 18931.00000     0.999927      1901112     13653.33
 21484.00000     0.999939      1901135     16384.00
 23569.00000     0.999945      1901147     18204.44
 24395.00000     0.999951      1901160     20480.00
 26344.00000     0.999957      1901170     23405.71
 27392.00000     0.999963      1901182     27306.67
 28810.00000     0.999969      1901193     32768.00
 29624.00000     0.999973      1901199     36408.89
 33448.00000     0.999976      1901205     40960.00
 34274.00000     0.999979      1901211     46811.43
 36371.00000     0.999982      1901217     54613.33
 42587.00000     0.999985      1901222     65536.00
 43438.00000     0.999986      1901225     72817.78
 48531.00000     0.999988      1901228     81920.00
 53465.00000     0.999989      1901231     93622.86
 56795.00000     0.999991      1901234    109226.67
 65909.00000     0.999992      1901237    131072.00
 72236.00000     0.999993      1901238    145635.56
 78563.00000     0.999994      1901240    163840.00
 80783.00000     0.999995      1901241    187245.71
 90415.00000     0.999995      1901243    218453.33
 91131.00000     0.999996      1901244    262144.00
 91451.00000     0.999997      1901245    291271.11
 92105.00000     0.999997      1901246    327680.00
 92105.00000     0.999997      1901246    374491.43
 93264.00000     0.999998      1901247    436906.67
 93585.00000     0.999998      1901248    524288.00
 93585.00000     0.999998      1901248    582542.22
137578.00000     0.999998      1901249    655360.00
137578.00000     0.999999      1901249    748982.86
137578.00000     0.999999      1901249    873813.33
137911.00000     0.999999      1901250   1048576.00
137911.00000     0.999999      1901250   1165084.44
137911.00000     0.999999      1901250   1310720.00
137911.00000     0.999999      1901250   1497965.71
137911.00000     0.999999      1901250   1747626.67
183532.00000     1.000000      1901251   2097152.00
183532.00000     1.000000      1901251          inf
#[Mean    =     1121.640, StdDeviation   =      522.142]
#[Max     =   183532.000, Total count    =      1901251]
#[Buckets =           13, SubBuckets     =       262144]
       Value   Percentile   TotalCount 1/(1-Percentile)

     0.00000     0.000000        95669         1.00
    12.00000     0.100000      1401304         1.11
    12.00000     0.200000      1401304         1.25
    12.00000     0.300000      1401304         1.43
    12.00000     0.400000      1401304         1.67
    12.00000     0.500000      1401304         2.00
    12.00000     0.550000      1401304         2.22
    12.00000     0.600000      1401304         2.50
    12.00000     0.650000      1401304         2.86
    12.00000     0.700000      1401304         3.33
    24.00000     0.750000      1884251         4.00
    24.00000     0.775000      1884251         4.44
    24.00000     0.800000      1884251         5.00
    24.00000     0.825000      1884251         5.71
    24.00000     0.850000      1884251         6.67
    24.00000     0.875000      1884251         8.00
    24.00000     0.887500      1884251         8.89
    24.00000     0.900000      1884251        10.00
    24.00000     0.912500      1884251        11.43
    24.00000     0.925000      1884251        13.33
    24.00000     0.937500      1884251        16.00
    24.00000     0.943750      1884251        17.78
    24.00000     0.950000      1884251        20.00
    24.00000     0.956250      1884251        22.86
    24.00000     0.962500      1884251        26.67
    24.00000     0.968750      1884251        32.00
    24.00000     0.971875      1884251        35.56
    24.00000     0.975000      1884251        40.00
    24.00000     0.978125      1884251        45.71
    24.00000     0.981250      1884251        53.33
    24.00000     0.984375      1884251        64.00
    24.00000     0.985938      1884251        71.11
    24.00000     0.987500      1884251        80.00
    24.00000     0.989062      1884251        91.43
    24.00000     0.990625      1884251       106.67
    37.00000     0.992188      1895780       128.00
    37.00000     0.992969      1895780       142.22
    37.00000     0.993750      1895780       160.00
    37.00000     0.994531      1895780       182.86
    37.00000     0.995313      1895780       213.33
    37.00000     0.996094      1895780       256.00
    37.00000     0.996484      1895780       284.44
    37.00000     0.996875      1895780       320.00
    49.00000     0.997266      1899714       365.71
    49.00000     0.997656      1899714       426.67
    49.00000     0.998047      1899714       512.00
    49.00000     0.998242      1899714       568.89
    49.00000     0.998437      1899714       640.00
    49.00000     0.998633      1899714       731.43
    49.00000     0.998828      1899714       853.33
    49.00000     0.999023      1899714      1024.00
    49.00000     0.999121      1899714      1137.78
    61.00000     0.999219      1900861      1280.00
    61.00000     0.999316      1900861      1462.86
    61.00000     0.999414      1900861      1706.67
    61.00000     0.999512      1900861      2048.00
    61.00000     0.999561      1900861      2275.56
    61.00000     0.999609      1900861      2560.00
    61.00000     0.999658      1900861      2925.71
    61.00000     0.999707      1900861      3413.33
    61.00000     0.999756      1900861      4096.00
    61.00000     0.999780      1900861      4551.11
    74.00000     0.999805      1901054      5120.00
    74.00000     0.999829      1901054      5851.43
    74.00000     0.999854      1901054      6826.67
    74.00000     0.999878      1901054      8192.00
    74.00000     0.999890      1901054      9102.22
    86.00000     0.999902      1901088     10240.00
    98.00000     0.999915      1901110     11702.86
   111.00000     0.999927      1901131     13653.33
   123.00000     0.999939      1901140     16384.00
   135.00000     0.999945      1901149     18204.44
   148.00000     0.999951      1901167     20480.00
   160.00000     0.999957      1901182     23405.71
   160.00000     0.999963      1901182     27306.67
   185.00000     0.999969      1901194     32768.00
   209.00000     0.999973      1901199     36408.89
   234.00000     0.999976      1901205     40960.00
   283.00000     0.999979      1901211     46811.43
   308.00000     0.999982      1901218     54613.33
   333.00000     0.999985      1901222     65536.00
   370.00000     0.999986      1901225     72817.78
   407.00000     0.999988      1901228     81920.00
   518.00000     0.999989      1901231     93622.86
   604.00000     0.999991      1901234    109226.67
   962.00000     0.999992      1901237    131072.00
  1282.00000     0.999993      1901238    145635.56
  1369.00000     0.999994      1901240    163840.00
  1467.00000     0.999995      1901241    187245.71
  1800.00000     0.999995      1901243    218453.33
  1874.00000     0.999996      1901244    262144.00
  1887.00000     0.999997      1901245    291271.11
  4760.00000     0.999997      1901246    327680.00
  4760.00000     0.999997      1901246    374491.43
  4908.00000     0.999998      1901247    436906.67
  5241.00000     0.999998      1901248    524288.00
  5241.00000     0.999998      1901248    582542.22
  5994.00000     0.999998      1901249    655360.00
  5994.00000     0.999999      1901249    748982.86
  5994.00000     0.999999      1901249    873813.33
  7054.00000     0.999999      1901250   1048576.00
  7054.00000     0.999999      1901250   1165084.44
  7054.00000     0.999999      1901250   1310720.00
  7054.00000     0.999999      1901250   1497965.71
  7054.00000     0.999999      1901250   1747626.67
 12370.00000     1.000000      1901251   2097152.00
 12370.00000     1.000000      1901251          inf
#[Mean    =       14.752, StdDeviation   =       14.944]
#[Max     =    12370.000, Total count    =      1901251]
#[Buckets =           13, SubBuckets     =       262144]
       Value   Percentile   TotalCount 1/(1-Percentile)

    61.00000     0.000000            2         1.00
    98.00000     0.100000       377198         1.11
   110.00000     0.200000       443371         1.25
   111.00000     0.300000      1435031         1.43
   111.00000     0.400000      1435031         1.67
   111.00000     0.500000      1435031         2.00
   111.00000     0.550000      1435031         2.22
   111.00000     0.600000      1435031         2.50
   111.00000     0.650000      1435031         2.86
   111.00000     0.700000      1435031         3.33
   111.00000     0.750000      1435031         4.00
   123.00000     0.775000      1709008         4.44
   123.00000     0.800000      1709008         5.00
   123.00000     0.825000      1709008         5.71
   123.00000     0.850000      1709008         6.67
   123.00000     0.875000      1709008         8.00
   123.00000     0.887500      1709008         8.89
   135.00000     0.900000      1850119        10.00
   135.00000     0.912500      1850119        11.43
   135.00000     0.925000      1850119        13.33
   135.00000     0.937500      1850119        16.00
   135.00000     0.943750      1850119        17.78
   135.00000     0.950000      1850119        20.00
   135.00000     0.956250      1850119        22.86
   135.00000     0.962500      1850119        26.67
   135.00000     0.968750      1850119        32.00
   135.00000     0.971875      1850119        35.56
   148.00000     0.975000      1874923        40.00
   148.00000     0.978125      1874923        45.71
   148.00000     0.981250      1874923        53.33
   148.00000     0.984375      1874923        64.00
   148.00000     0.985938      1874923        71.11
   160.00000     0.987500      1881211        80.00
   160.00000     0.989062      1881211        91.43
   172.00000     0.990625      1883628       106.67
   209.00000     0.992188      1886917       128.00
   234.00000     0.992969      1888198       142.22
   271.00000     0.993750      1889485       160.00
   345.00000     0.994531      1890910       182.86
   456.00000     0.995313      1892405       213.33
   629.00000     0.996094      1893851       256.00
   752.00000     0.996484      1894614       284.44
   912.00000     0.996875      1895354       320.00
  1159.00000     0.997266      1896057       365.71
  1566.00000     0.997656      1896798       426.67
  2294.00000     0.998047      1897540       512.00
  2725.00000     0.998242      1897917       568.89
  3182.00000     0.998437      1898282       640.00
  3798.00000     0.998633      1898652       731.43
  4563.00000     0.998828      1899028       853.33
  5673.00000     0.999023      1899398      1024.00
  6450.00000     0.999121      1899582      1137.78
  7757.00000     0.999219      1899766      1280.00
  9570.00000     0.999316      1899953      1462.86
 12345.00000     0.999414      1900137      1706.67
 17550.00000     0.999512      1900323      2048.00
 21608.00000     0.999561      1900416      2275.56
 26788.00000     0.999609      1900509      2560.00
 34952.00000     0.999658      1900602      2925.71
 44239.00000     0.999707      1900694      3413.33
 57473.00000     0.999756      1900787      4096.00
 66896.00000     0.999780      1900834      4551.11
 76750.00000     0.999805      1900880      5120.00
 89885.00000     0.999829      1900927      5851.43
113318.00000     0.999854      1900973      6826.67
165279.00000     0.999878      1901019      8192.00
235973.00000     0.999890      1901043      9102.22
286589.00000     0.999902      1901066     10240.00
360367.00000     0.999915      1901089     11702.86
490003.00000     0.999927      1901112     13653.33
582259.00000     0.999939      1901135     16384.00
614779.00000     0.999945      1901147     18204.44
667259.00000     0.999951      1901159     20480.00
1175983.00000     0.999957      1901170     23405.71
1283623.00000     0.999963      1901182     27306.67
4011615.00000     0.999969      1901193     32768.00
4075551.00000     0.999973      1901199     36408.89
4356223.00000     0.999976      1901205     40960.00
4411711.00000     0.999979      1901211     46811.43
4464063.00000     0.999982      1901217     54613.33
4624543.00000     0.999985      1901222     65536.00
4646847.00000     0.999986      1901225     72817.78
4665887.00000     0.999988      1901228     81920.00
4699231.00000     0.999989      1901231     93622.86
4730431.00000     0.999991      1901234    109226.67
4800511.00000     0.999992      1901237    131072.00
4806047.00000     0.999993      1901238    145635.56
4819327.00000     0.999994      1901240    163840.00
4825087.00000     0.999995      1901241    187245.71
4836671.00000     0.999995      1901243    218453.33
4846111.00000     0.999996      1901244    262144.00
4854943.00000     0.999997      1901245    291271.11
4872415.00000     0.999997      1901246    327680.00
4872415.00000     0.999997      1901246    374491.43
4880831.00000     0.999998      1901247    436906.67
4891775.00000     0.999998      1901248    524288.00
4891775.00000     0.999998      1901248    582542.22
4911071.00000     0.999998      1901249    655360.00
4911071.00000     0.999999      1901249    748982.86
4911071.00000     0.999999      1901249    873813.33
4917119.00000     0.999999      1901250   1048576.00
4917119.00000     0.999999      1901250   1165084.44
4917119.00000     0.999999      1901250   1310720.00
4917119.00000     0.999999      1901250   1497965.71
4917119.00000     0.999999      1901250   1747626.67
4925983.00000     1.000000      1901251   2097152.00
4925983.00000     1.000000      1901251          inf
#[Mean    =      343.686, StdDeviation   =    27200.717]
#[Max     =  4925983.000, Total count    =      1901251]
#[Buckets =           13, SubBuckets     =       262144]
       Value   Percentile   TotalCount 1/(1-Percentile)

     0.00000     0.000000        12260         1.00
    37.00000     0.100000       387874         1.11
    37.00000     0.200000       387874         1.25
    49.00000     0.300000       719035         1.43
    61.00000     0.400000       790149         1.67
   123.00000     0.500000       972425         2.00
   148.00000     0.550000      1073886         2.22
   172.00000     0.600000      1188260         2.50
   185.00000     0.650000      1239048         2.86
   222.00000     0.700000      1369459         3.33
   246.00000     0.750000      1447701         4.00
   259.00000     0.775000      1483773         4.44
   283.00000     0.800000      1546289         5.00
   296.00000     0.825000      1572651         5.71
   320.00000     0.850000      1616706         6.67
   357.00000     0.875000      1668978         8.00
   382.00000     0.887500      1697484         8.89
   407.00000     0.900000      1722240        10.00
   431.00000     0.912500      1743763        11.43
   456.00000     0.925000      1763178        13.33
   493.00000     0.937500      1787073        16.00
   518.00000     0.943750      1800113        17.78
   542.00000     0.950000      1811027        20.00
   567.00000     0.956250      1820287        22.86
   604.00000     0.962500      1832051        26.67
   653.00000     0.968750      1843957        32.00
   678.00000     0.971875      1848645        35.56
   715.00000     0.975000      1854558        40.00
   764.00000     0.978125      1860847        45.71
   826.00000     0.981250      1866621        53.33
   900.00000     0.984375      1871722        64.00
   962.00000     0.985938      1874733        71.11
  1036.00000     0.987500      1877520        80.00
  1171.00000     0.989062      1880627        91.43
  1406.00000     0.990625      1883453       106.67
  1899.00000     0.992188      1886428       128.00
  2417.00000     0.992969      1887893       142.22
  4477.00000     0.993750      1889380       160.00
  4945.00000     0.994531      1890902       182.86
  5204.00000     0.995313      1892409       213.33
  5525.00000     0.996094      1893837       256.00
  5772.00000     0.996484      1894608       284.44
  6055.00000     0.996875      1895323       320.00
  6475.00000     0.997266      1896054       365.71
  7042.00000     0.997656      1896801       426.67
  7733.00000     0.998047      1897539       512.00
  8127.00000     0.998242      1897912       568.89
  8510.00000     0.998437      1898285       640.00
  8917.00000     0.998633      1898653       731.43
  9299.00000     0.998828      1899030       853.33
  9718.00000     0.999023      1899396      1024.00
  9953.00000     0.999121      1899581      1137.78
 10273.00000     0.999219      1899770      1280.00
 10582.00000     0.999316      1899962      1462.86
 10902.00000     0.999414      1900141      1706.67
 11433.00000     0.999512      1900330      2048.00
 11667.00000     0.999561      1900416      2275.56
 12037.00000     0.999609      1900511      2560.00
 12432.00000     0.999658      1900604      2925.71
 12900.00000     0.999707      1900694      3413.33
 13492.00000     0.999756      1900787      4096.00
 13801.00000     0.999780      1900834      4551.11
 14269.00000     0.999805      1900883      5120.00
 14812.00000     0.999829      1900927      5851.43
 15490.00000     0.999854      1900974      6826.67
 16329.00000     0.999878      1901019      8192.00
 16773.00000     0.999890      1901043      9102.22
 18019.00000     0.999902      1901066     10240.00
 19573.00000     0.999915      1901089     11702.86
 21719.00000     0.999927      1901112     13653.33
 24185.00000     0.999939      1901135     16384.00
 25887.00000     0.999945      1901147     18204.44
 27787.00000     0.999951      1901160     20480.00
 29526.00000     0.999957      1901170     23405.71
 32831.00000     0.999963      1901182     27306.67
 37061.00000     0.999969      1901193     32768.00
 39960.00000     0.999973      1901199     36408.89
 45053.00000     0.999976      1901205     40960.00
 49752.00000     0.999979      1901211     46811.43
 57140.00000     0.999982      1901217     54613.33
 59311.00000     0.999985      1901222     65536.00
 62702.00000     0.999986      1901225     72817.78
 64417.00000     0.999988      1901228     81920.00
 66452.00000     0.999989      1901231     93622.86
 73580.00000     0.999991      1901234    109226.67
 86876.00000     0.999992      1901237    131072.00
 89083.00000     0.999993      1901238    145635.56
 90514.00000     0.999994      1901240    163840.00
 91020.00000     0.999995      1901241    187245.71
100196.00000     0.999995      1901243    218453.33
107953.00000     0.999996      1901244    262144.00
108989.00000     0.999997      1901245    291271.11
117795.00000     0.999997      1901246    327680.00
117795.00000     0.999997      1901246    374491.43
126108.00000     0.999998      1901247    436906.67
127514.00000     0.999998      1901248    524288.00
127514.00000     0.999998      1901248    582542.22
160136.00000     0.999998      1901249    655360.00
160136.00000     0.999999      1901249    748982.86
160136.00000     0.999999      1901249    873813.33
163182.00000     0.999999      1901250   1048576.00
163182.00000     0.999999      1901250   1165084.44
163182.00000     0.999999      1901250   1310720.00
163182.00000     0.999999      1901250   1497965.71
163182.00000     0.999999      1901250   1747626.67
222271.00000     1.000000      1901251   2097152.00
222271.00000     1.000000      1901251          inf
#[Mean    =      222.617, StdDeviation   =      772.081]
#[Max     =   222271.000, Total count    =      1901251]
#[Buckets =           13, SubBuckets     =       262144]
       Value   Percentile   TotalCount 1/(1-Percentile)

    74.00000     0.000000            1         1.00
   185.00000     0.100000       258916         1.11
   209.00000     0.200000       434348         1.25
   234.00000     0.300000       621130         1.43
   259.00000     0.400000       818552         1.67
   283.00000     0.500000      1020869         2.00
   296.00000     0.550000      1121972         2.22
   308.00000     0.600000      1223261         2.50
   320.00000     0.650000      1323891         2.86
   333.00000     0.700000      1419158         3.33
   345.00000     0.750000      1513178         4.00
   345.00000     0.775000      1513178         4.44
   357.00000     0.800000      1587351         5.00
   357.00000     0.825000      1587351         5.71
   370.00000     0.850000      1629408         6.67
   382.00000     0.875000      1683325         8.00
   394.00000     0.887500      1732636         8.89
   394.00000     0.900000      1732636        10.00
   407.00000     0.912500      1758789        11.43
   407.00000     0.925000      1758789        13.33
   431.00000     0.937500      1790976        16.00
   444.00000     0.943750      1803456        17.78
   456.00000     0.950000      1813539        20.00
   468.00000     0.956250      1821671        22.86
   493.00000     0.962500      1832826        26.67
   530.00000     0.968750      1842474        32.00
   579.00000     0.971875      1848349        35.56
   690.00000     0.975000      1853723        40.00
   912.00000     0.978125      1859677        45.71
  1122.00000     0.981250      1865854        53.33
  1418.00000     0.984375      1871554        64.00
  1652.00000     0.985938      1874535        71.11
  1961.00000     0.987500      1877526        80.00
  2405.00000     0.989062      1880520        91.43
  3280.00000     0.990625      1883430       106.67
  5130.00000     0.992188      1886405       128.00
  6006.00000     0.992969      1887886       142.22
  8633.00000     0.993750      1889369       160.00
 14121.00000     0.994531      1890854       182.86
 23754.00000     0.995313      1892340       213.33
 34558.00000     0.996094      1893827       256.00
 40280.00000     0.996484      1894567       284.44
 45781.00000     0.996875      1895311       320.00
 52762.00000     0.997266      1896053       365.71
 58965.00000     0.997656      1896795       426.67
 66045.00000     0.998047      1897538       512.00
 69091.00000     0.998242      1897909       568.89
 72754.00000     0.998437      1898281       640.00
 76935.00000     0.998633      1898652       731.43
 81671.00000     0.998828      1899024       853.33
 86987.00000     0.999023      1899395      1024.00
 88726.00000     0.999121      1899580      1137.78
 92413.00000     0.999219      1899766      1280.00
 93141.00000     0.999316      1899959      1462.86
 94954.00000     0.999414      1900137      1706.67
 98568.00000     0.999512      1900323      2048.00
100825.00000     0.999561      1900416      2275.56
107411.00000     0.999609      1900509      2560.00
122309.00000     0.999658      1900602      2925.71
145681.00000     0.999707      1900694      3413.33
172259.00000     0.999756      1900787      4096.00
188663.00000     0.999780      1900834      4551.11
208754.00000     0.999805      1900880      5120.00
233198.00000     0.999829      1900927      5851.43
256595.00000     0.999854      1900973      6826.67
283185.00000     0.999878      1901019      8192.00
300403.00000     0.999890      1901043      9102.22
318521.00000     0.999902      1901066     10240.00
335059.00000     0.999915      1901089     11702.86
371937.00000     0.999927      1901112     13653.33
407629.00000     0.999939      1901135     16384.00
441583.00000     0.999945      1901147     18204.44
468075.00000     0.999951      1901159     20480.00
525551.00000     0.999957      1901170     23405.71
1925927.00000     0.999963      1901182     27306.67
3161231.00000     0.999969      1901193     32768.00
3226687.00000     0.999973      1901199     36408.89
4820095.00000     0.999976      1901205     40960.00
4878975.00000     0.999979      1901211     46811.43
4925791.00000     0.999982      1901217     54613.33
4958719.00000     0.999985      1901222     65536.00
4972927.00000     0.999986      1901225     72817.78
4984255.00000     0.999988      1901228     81920.00
4993759.00000     0.999989      1901231     93622.86
5005247.00000     0.999991      1901234    109226.67
5013823.00000     0.999992      1901237    131072.00
5017631.00000     0.999993      1901238    145635.56
5027167.00000     0.999994      1901240    163840.00
5034047.00000     0.999995      1901241    187245.71
5046623.00000     0.999995      1901243    218453.33
5048703.00000     0.999996      1901244    262144.00
5065279.00000     0.999997      1901245    291271.11
5068415.00000     0.999997      1901246    327680.00
5068415.00000     0.999997      1901246    374491.43
5081951.00000     0.999998      1901247    436906.67
5089887.00000     0.999998      1901248    524288.00
5089887.00000     0.999998      1901248    582542.22
5089919.00000     0.999998      1901249    655360.00
5089919.00000     0.999999      1901249    748982.86
5089919.00000     0.999999      1901249    873813.33
5097535.00000     0.999999      1901250   1048576.00
5097535.00000     0.999999      1901250   1165084.44
5097535.00000     0.999999      1901250   1310720.00
5097535.00000     0.999999      1901250   1497965.71
5097535.00000     0.999999      1901250   1747626.67
5106367.00000     1.000000      1901251   2097152.00
5106367.00000     1.000000      1901251          inf
#[Mean    =      828.206, StdDeviation   =    27678.534]
#[Max     =  5106367.000, Total count    =      1901251]
#[Buckets =           13, SubBuckets     =       262144]
       Value   Percentile   TotalCount 1/(1-Percentile)

     0.00000     0.000000       262344         1.00
     0.00000     0.100000       262344         1.11
    12.00000     0.200000      1823451         1.25
    12.00000     0.300000      1823451         1.43
    12.00000     0.400000      1823451         1.67
    12.00000     0.500000      1823451         2.00
    12.00000     0.550000      1823451         2.22
    12.00000     0.600000      1823451         2.50
    12.00000     0.650000      1823451         2.86
    12.00000     0.700000      1823451         3.33
    12.00000     0.750000      1823451         4.00
    12.00000     0.775000      1823451         4.44
    12.00000     0.800000      1823451         5.00
    12.00000     0.825000      1823451         5.71
    12.00000     0.850000      1823451         6.67
    12.00000     0.875000      1823451         8.00
    12.00000     0.887500      1823451         8.89
    12.00000     0.900000      1823451        10.00
    12.00000     0.912500      1823451        11.43
    12.00000     0.925000      1823451        13.33
    12.00000     0.937500      1823451        16.00
    12.00000     0.943750      1823451        17.78
    12.00000     0.950000      1823451        20.00
    12.00000     0.956250      1823451        22.86
    24.00000     0.962500      1884045        26.67
    24.00000     0.968750      1884045        32.00
    24.00000     0.971875      1884045        35.56
    24.00000     0.975000      1884045        40.00
    24.00000     0.978125      1884045        45.71
    24.00000     0.981250      1884045        53.33
    24.00000     0.984375      1884045        64.00
    24.00000     0.985938      1884045        71.11
    24.00000     0.987500      1884045        80.00
    24.00000     0.989062      1884045        91.43
    24.00000     0.990625      1884045       106.67
    37.00000     0.992188      1891706       128.00
    37.00000     0.992969      1891706       142.22
    37.00000     0.993750      1891706       160.00
    37.00000     0.994531      1891706       182.86
    49.00000     0.995313      1895781       213.33
    49.00000     0.996094      1895781       256.00
    49.00000     0.996484      1895781       284.44
    49.00000     0.996875      1895781       320.00
    61.00000     0.997266      1897315       365.71
    61.00000     0.997656      1897315       426.67
    74.00000     0.998047      1898037       512.00
    74.00000     0.998242      1898037       568.89
    86.00000     0.998437      1898441       640.00
    98.00000     0.998633      1898770       731.43
   111.00000     0.998828      1899327       853.33
   123.00000     0.999023      1899567      1024.00
   135.00000     0.999121      1899700      1137.78
   148.00000     0.999219      1899818      1280.00
   160.00000     0.999316      1899959      1462.86
   185.00000     0.999414      1900171      1706.67
   222.00000     0.999512      1900325      2048.00
   271.00000     0.999561      1900422      2275.56
   333.00000     0.999609      1900525      2560.00
   382.00000     0.999658      1900616      2925.71
   444.00000     0.999707      1900697      3413.33
   542.00000     0.999756      1900796      4096.00
   579.00000     0.999780      1900844      4551.11
   616.00000     0.999805      1900897      5120.00
   653.00000     0.999829      1900944      5851.43
   690.00000     0.999854      1900974      6826.67
   752.00000     0.999878      1901026      8192.00
   777.00000     0.999890      1901047      9102.22
   814.00000     0.999902      1901066     10240.00
   888.00000     0.999915      1901092     11702.86
   986.00000     0.999927      1901112     13653.33
  1147.00000     0.999939      1901135     16384.00
  1295.00000     0.999945      1901147     18204.44
  4218.00000     0.999951      1901159     20480.00
  5167.00000     0.999957      1901170     23405.71
  5266.00000     0.999963      1901185     27306.67
  5315.00000     0.999969      1901194     32768.00
  5352.00000     0.999973      1901199     36408.89
  5414.00000     0.999976      1901205     40960.00
  5476.00000     0.999979      1901211     46811.43
  5550.00000     0.999982      1901218     54613.33
  5636.00000     0.999985      1901222     65536.00
  5772.00000     0.999986      1901225     72817.78
  5821.00000     0.999988      1901229     81920.00
  5981.00000     0.999989      1901231     93622.86
  6499.00000     0.999991      1901234    109226.67
  6808.00000     0.999992      1901237    131072.00
  6845.00000     0.999993      1901238    145635.56
  7141.00000     0.999994      1901240    163840.00
  7202.00000     0.999995      1901241    187245.71
  7486.00000     0.999995      1901243    218453.33
  7572.00000     0.999996      1901244    262144.00
  7585.00000     0.999997      1901245    291271.11
  7609.00000     0.999997      1901246    327680.00
  7609.00000     0.999997      1901246    374491.43
  7733.00000     0.999998      1901247    436906.67
  7856.00000     0.999998      1901248    524288.00
  7856.00000     0.999998      1901248    582542.22
  7955.00000     0.999998      1901249    655360.00
  7955.00000     0.999999      1901249    748982.86
  7955.00000     0.999999      1901249    873813.33
 19684.00000     0.999999      1901250   1048576.00
 19684.00000     0.999999      1901250   1165084.44
 19684.00000     0.999999      1901250   1310720.00
 19684.00000     0.999999      1901250   1497965.71
 19684.00000     0.999999      1901250   1747626.67
 21361.00000     1.000000      1901251   2097152.00
 21361.00000     1.000000      1901251          inf
#[Mean    =       11.632, StdDeviation   =       47.271]
#[Max     =    21361.000, Total count    =      1901251]
#[Buckets =           13, SubBuckets     =       262144]
       Value   Percentile   TotalCount 1/(1-Percentile)

   629.00000     0.000000            9         1.00
   912.00000     0.100000       483015         1.11
   912.00000     0.200000       483015         1.25
   925.00000     0.300000       947106         1.43
   925.00000     0.400000       947106         1.67
   937.00000     0.500000      1246746         2.00
   937.00000     0.550000      1246746         2.22
   937.00000     0.600000      1246746         2.50
   937.00000     0.650000      1246746         2.86
   949.00000     0.700000      1376242         3.33
   962.00000     0.750000      1455756         4.00
   974.00000     0.775000      1527206         4.44
   974.00000     0.800000      1527206         5.00
   986.00000     0.825000      1578484         5.71
  1011.00000     0.850000      1619993         6.67
  1122.00000     0.875000      1668471         8.00
  1159.00000     0.887500      1689202         8.89
  1196.00000     0.900000      1711214        10.00
  1258.00000     0.912500      1738811        11.43
  1319.00000     0.925000      1759814        13.33
  1393.00000     0.937500      1784768        16.00
  1430.00000     0.943750      1795711        17.78
  1480.00000     0.950000      1808445        20.00
  1529.00000     0.956250      1818395        22.86
  1628.00000     0.962500      1830896        26.67
  2577.00000     0.968750      1841842        32.00
  5118.00000     0.971875      1847882        35.56
  5352.00000     0.975000      1853983        40.00
  5821.00000     0.978125      1860120        45.71
  5907.00000     0.981250      1866261        53.33
  5969.00000     0.984375      1872740        64.00
  5994.00000     0.985938      1875326        71.11
  6018.00000     0.987500      1877777        80.00
  6055.00000     0.989062      1881361        91.43
  6092.00000     0.990625      1884347       106.67
  6129.00000     0.992188      1886666       128.00
  6154.00000     0.992969      1887998       142.22
  6191.00000     0.993750      1889556       160.00
  6240.00000     0.994531      1890900       182.86
  6327.00000     0.995313      1892438       213.33
  6475.00000     0.996094      1893902       256.00
  6586.00000     0.996484      1894585       284.44
  6783.00000     0.996875      1895318       320.00
  7116.00000     0.997266      1896069       365.71
  7412.00000     0.997656      1896804       426.67
  7622.00000     0.998047      1897541       512.00
  7745.00000     0.998242      1897918       568.89
  7881.00000     0.998437      1898317       640.00
  8016.00000     0.998633      1898681       731.43
  8164.00000     0.998828      1899036       853.33
  8374.00000     0.999023      1899418      1024.00
  8497.00000     0.999121      1899594      1137.78
  8670.00000     0.999219      1899781      1280.00
  8867.00000     0.999316      1899952      1462.86
  9077.00000     0.999414      1900139      1706.67
  9558.00000     0.999512      1900326      2048.00
 10187.00000     0.999561      1900417      2275.56
 11063.00000     0.999609      1900511      2560.00
 12333.00000     0.999658      1900603      2925.71
 14479.00000     0.999707      1900694      3413.33
 17846.00000     0.999756      1900787      4096.00
 19486.00000     0.999780      1900835      4551.11
 21682.00000     0.999805      1900880      5120.00
 23569.00000     0.999829      1900927      5851.43
 25061.00000     0.999854      1900973      6826.67
 26368.00000     0.999878      1901019      8192.00
 26775.00000     0.999890      1901043      9102.22
 27281.00000     0.999902      1901069     10240.00
 27663.00000     0.999915      1901090     11702.86
 28144.00000     0.999927      1901112     13653.33
 28958.00000     0.999939      1901135     16384.00
 29612.00000     0.999945      1901148     18204.44
 29920.00000     0.999951      1901159     20480.00
 30549.00000     0.999957      1901170     23405.71
 31770.00000     0.999963      1901182     27306.67
 33004.00000     0.999969      1901193     32768.00
 33312.00000     0.999973      1901199     36408.89
 34693.00000     0.999976      1901205     40960.00
 38443.00000     0.999979      1901212     46811.43
 39096.00000     0.999982      1901217     54613.33
 40095.00000     0.999985      1901222     65536.00
 41168.00000     0.999986      1901225     72817.78
 42044.00000     0.999988      1901228     81920.00
 44634.00000     0.999989      1901231     93622.86
 47742.00000     0.999991      1901234    109226.67
 48396.00000     0.999992      1901237    131072.00
 49049.00000     0.999993      1901238    145635.56
 54957.00000     0.999994      1901240    163840.00
 55833.00000     0.999995      1901241    187245.71
 68943.00000     0.999995      1901243    218453.33
 73210.00000     0.999996      1901244    262144.00
 83065.00000     0.999997      1901245    291271.11
 87172.00000     0.999997      1901246    327680.00
 87172.00000     0.999997      1901246    374491.43
 95484.00000     0.999998      1901247    436906.67
 99110.00000     0.999998      1901248    524288.00
 99110.00000     0.999998      1901248    582542.22
 99196.00000     0.999998      1901249    655360.00
 99196.00000     0.999999      1901249    748982.86
 99196.00000     0.999999      1901249    873813.33
2003975.00000     0.999999      1901250   1048576.00
2003975.00000     0.999999      1901250   1165084.44
2003975.00000     0.999999      1901250   1310720.00
2003975.00000     0.999999      1901250   1497965.71
2003975.00000     0.999999      1901250   1747626.67
3286367.00000     1.000000      1901251   2097152.00
3286367.00000     1.000000      1901251          inf
#[Mean    =     1135.363, StdDeviation   =     2960.807]
#[Max     =  3286367.000, Total count    =      1901251]
#[Buckets =           13, SubBuckets     =       262144]

=== EXCHANGE STDERR ===
matching tid: 50606
