=== CLIENT STDERR ===
=== Exchange load generator ===
  clients  : 10
  seed     : 3323362
  target   : 127.0.0.1:4000
  thread id: 50006
Ctrl-C to stop.


=== Stats ===
  elapsed         : 14.999 s
  requests sent   : 2567445
  ACK responses   : 2567435
  MATCH responses : 1473885
  ERR responses   : 0
  orders in flight: -10
  --- throughput ---
  requests/s      : 171176
  ACK/s           : 171175
  MATCH/s         : 98266
  ERR/s           : 0
  total resp/s    : 171175

=== EXCHANGE STDOUT ===
exchange tid: 50005
inbound thread: 50026
outbound thread: 50027
       Value   Percentile   TotalCount 1/(1-Percentile)

  2096.00000     0.000000            2         1.00
  2368.00000     0.100000       204234         1.11
  2417.00000     0.200000       420204         1.25
  2454.00000     0.300000       614695         1.43
  2491.00000     0.400000       814601         1.67
  2528.00000     0.500000      1005690         2.00
  2553.00000     0.550000      1121139         2.22
  2577.00000     0.600000      1220541         2.50
  2602.00000     0.650000      1305114         2.86
  2639.00000     0.700000      1407454         3.33
  2676.00000     0.750000      1487414         4.00
  2701.00000     0.775000      1529757         4.44
  2738.00000     0.800000      1581171         5.00
  2787.00000     0.825000      1633110         5.71
  2849.00000     0.850000      1679850         6.67
  2935.00000     0.875000      1726717         8.00
  2997.00000     0.887500      1751699         8.89
  3071.00000     0.900000      1776667        10.00
  3169.00000     0.912500      1802594        11.43
  3280.00000     0.925000      1825332        13.33
  3478.00000     0.937500      1850517        16.00
  3638.00000     0.943750      1862666        17.78
  3885.00000     0.950000      1874404        20.00
  4452.00000     0.956250      1886873        22.86
  5895.00000     0.962500      1899153        26.67
  7387.00000     0.968750      1911586        32.00
  7474.00000     0.971875      1917968        35.56
  7548.00000     0.975000      1924794        40.00
  7609.00000     0.978125      1930535        45.71
  7683.00000     0.981250      1936544        53.33
  7782.00000     0.984375      1942285        64.00
  7868.00000     0.985938      1945668        71.11
  7979.00000     0.987500      1948611        80.00
  8189.00000     0.989062      1951557        91.43
  8707.00000     0.990625      1954594       106.67
  9792.00000     0.992188      1957663       128.00
 10495.00000     0.992969      1959188       142.22
 11914.00000     0.993750      1960732       160.00
 17599.00000     0.994531      1962266       182.86
 27725.00000     0.995313      1963808       213.33
 40601.00000     0.996094      1965350       256.00
 46262.00000     0.996484      1966120       284.44
 51948.00000     0.996875      1966892       320.00
 58583.00000     0.997266      1967662       365.71
 65934.00000     0.997656      1968432       426.67
 72606.00000     0.998047      1969203       512.00
 76503.00000     0.998242      1969589       568.89
 79352.00000     0.998437      1969974       640.00
 83484.00000     0.998633      1970361       731.43
 88195.00000     0.998828      1970744       853.33
 93918.00000     0.999023      1971130      1024.00
 95460.00000     0.999121      1971325      1137.78
 98938.00000     0.999219      1971515      1280.00
 99863.00000     0.999316      1971709      1462.86
103057.00000     0.999414      1971900      1706.67
105659.00000     0.999512      1972093      2048.00
108693.00000     0.999561      1972190      2275.56
113861.00000     0.999609      1972286      2560.00
128612.00000     0.999658      1972382      2925.71
146322.00000     0.999707      1972478      3413.33
165871.00000     0.999756      1972575      4096.00
179573.00000     0.999780      1972623      4551.11
190550.00000     0.999805      1972671      5120.00
204906.00000     0.999829      1972719      5851.43
225330.00000     0.999854      1972767      6826.67
248566.00000     0.999878      1972816      8192.00
263477.00000     0.999890      1972840      9102.22
281039.00000     0.999902      1972864     10240.00
296321.00000     0.999915      1972888     11702.86
311601.00000     0.999927      1972912     13653.33
333715.00000     0.999939      1972936     16384.00
341905.00000     0.999945      1972948     18204.44
352783.00000     0.999951      1972960     20480.00
366127.00000     0.999957      1972972     23405.71
381001.00000     0.999963      1972984     27306.67
394421.00000     0.999969      1972996     32768.00
403435.00000     0.999973      1973002     36408.89
410441.00000     0.999976      1973008     40960.00
418359.00000     0.999979      1973014     46811.43
435453.00000     0.999982      1973020     54613.33
453583.00000     0.999985      1973026     65536.00
464547.00000     0.999986      1973029     72817.78
470011.00000     0.999988      1973032     81920.00
485391.00000     0.999989      1973035     93622.86
489585.00000     0.999991      1973038    109226.67
499229.00000     0.999992      1973041    131072.00
504939.00000     0.999993      1973043    145635.56
506629.00000     0.999994      1973044    163840.00
508541.00000     0.999995      1973046    187245.71
523895.00000     0.999995      1973047    218453.33
529411.00000     0.999996      1973049    262144.00
538103.00000     0.999997      1973050    291271.11
538103.00000     0.999997      1973050    327680.00
538931.00000     0.999997      1973051    374491.43
546503.00000     0.999998      1973052    436906.67
549983.00000     0.999998      1973053    524288.00
549983.00000     0.999998      1973053    582542.22
549983.00000     0.999998      1973053    655360.00
557999.00000     0.999999      1973054    748982.86
557999.00000     0.999999      1973054    873813.33
571887.00000     0.999999      1973055   1048576.00
571887.00000     0.999999      1973055   1165084.44
571887.00000     0.999999      1973055   1310720.00
571887.00000     0.999999      1973055   1497965.71
571887.00000     0.999999      1973055   1747626.67
583983.00000     1.000000      1973056   2097152.00
583983.00000     1.000000      1973056          inf
#[Mean    =     3144.830, StdDeviation   =     6525.403]
#[Max     =   583983.000, Total count    =      1973056]
#[Buckets =           13, SubBuckets     =       262144]
       Value   Percentile   TotalCount 1/(1-Percentile)

   962.00000     0.000000            1         1.00
  1036.00000     0.100000       514740         1.11
  1036.00000     0.200000       514740         1.25
  1048.00000     0.300000      1347108         1.43
  1048.00000     0.400000      1347108         1.67
  1048.00000     0.500000      1347108         2.00
  1048.00000     0.550000      1347108         2.22
  1048.00000     0.600000      1347108         2.50
  1048.00000     0.650000      1347108         2.86
  1060.00000     0.700000      1739704         3.33
  1060.00000     0.750000      1739704         4.00
  1060.00000     0.775000      1739704         4.44
  1060.00000     0.800000      1739704         5.00
  1060.00000     0.825000      1739704         5.71
  1060.00000     0.850000      1739704         6.67
  1060.00000     0.875000      1739704         8.00
  1073.00000     0.887500      1803245         8.89
  1073.00000     0.900000      1803245        10.00
  1073.00000     0.912500      1803245        11.43
  1097.00000     0.925000      1827503        13.33
  1147.00000     0.937500      1853446        16.00
  1208.00000     0.943750      1862724        17.78
  1282.00000     0.950000      1874646        20.00
  1332.00000     0.956250      1889489        22.86
  1369.00000     0.962500      1901416        26.67
  1406.00000     0.968750      1911776        32.00
  1443.00000     0.971875      1919858        35.56
  1467.00000     0.975000      1924485        40.00
  1504.00000     0.978125      1931125        45.71
  1541.00000     0.981250      1937511        53.33
  1578.00000     0.984375      1943436        64.00
  1591.00000     0.985938      1945513        71.11
  1615.00000     0.987500      1949079        80.00
  1640.00000     0.989062      1951782        91.43
  1677.00000     0.990625      1955264       106.67
  1714.00000     0.992188      1958153       128.00
  1739.00000     0.992969      1959727       142.22
  1763.00000     0.993750      1961267       160.00
  1788.00000     0.994531      1962572       182.86
  1825.00000     0.995313      1963988       213.33
  2035.00000     0.996094      1965367       256.00
  2244.00000     0.996484      1966150       284.44
  2405.00000     0.996875      1966905       320.00
  2676.00000     0.997266      1967672       365.71
  4341.00000     0.997656      1968433       426.67
  5821.00000     0.998047      1969225       512.00
  5957.00000     0.998242      1969618       568.89
  6068.00000     0.998437      1969979       640.00
  6216.00000     0.998633      1970378       731.43
  6364.00000     0.998828      1970758       853.33
  6499.00000     0.999023      1971166      1024.00
  6561.00000     0.999121      1971346      1137.78
  6635.00000     0.999219      1971548      1280.00
  6697.00000     0.999316      1971726      1462.86
  6771.00000     0.999414      1971901      1706.67
  6894.00000     0.999512      1972107      2048.00
  6956.00000     0.999561      1972206      2275.56
  7030.00000     0.999609      1972289      2560.00
  7141.00000     0.999658      1972385      2925.71
  7276.00000     0.999707      1972480      3413.33
  7511.00000     0.999756      1972578      4096.00
  7634.00000     0.999780      1972624      4551.11
  7782.00000     0.999805      1972672      5120.00
  8103.00000     0.999829      1972719      5851.43
  8473.00000     0.999854      1972769      6826.67
  8867.00000     0.999878      1972816      8192.00
  9126.00000     0.999890      1972840      9102.22
  9348.00000     0.999902      1972864     10240.00
  9755.00000     0.999915      1972888     11702.86
 10039.00000     0.999927      1972912     13653.33
 10582.00000     0.999939      1972937     16384.00
 10767.00000     0.999945      1972948     18204.44
 11124.00000     0.999951      1972961     20480.00
 11420.00000     0.999957      1972972     23405.71
 11778.00000     0.999963      1972985     27306.67
 12358.00000     0.999969      1972996     32768.00
 12641.00000     0.999973      1973002     36408.89
 13394.00000     0.999976      1973008     40960.00
 13912.00000     0.999979      1973014     46811.43
 14578.00000     0.999982      1973020     54613.33
 15811.00000     0.999985      1973026     65536.00
 17168.00000     0.999986      1973029     72817.78
 17895.00000     0.999988      1973032     81920.00
 18265.00000     0.999989      1973035     93622.86
 19548.00000     0.999991      1973038    109226.67
 20794.00000     0.999992      1973041    131072.00
 21435.00000     0.999993      1973043    145635.56
 21682.00000     0.999994      1973044    163840.00
 22829.00000     0.999995      1973046    187245.71
 23680.00000     0.999995      1973047    218453.33
 35088.00000     0.999996      1973049    262144.00
 35433.00000     0.999997      1973050    291271.11
 35433.00000     0.999997      1973050    327680.00
 35606.00000     0.999997      1973051    374491.43
 36075.00000     0.999998      1973052    436906.67
 39183.00000     0.999998      1973053    524288.00
 39183.00000     0.999998      1973053    582542.22
 39183.00000     0.999998      1973053    655360.00
 48544.00000     0.999999      1973054    748982.86
 48544.00000     0.999999      1973054    873813.33
 49641.00000     0.999999      1973055   1048576.00
 49641.00000     0.999999      1973055   1165084.44
 49641.00000     0.999999      1973055   1310720.00
 49641.00000     0.999999      1973055   1497965.71
 49641.00000     0.999999      1973055   1747626.67
 97507.00000     1.000000      1973056   2097152.00
 97507.00000     1.000000      1973056          inf
#[Mean    =     1086.588, StdDeviation   =      316.914]
#[Max     =    97507.000, Total count    =      1973056]
#[Buckets =           13, SubBuckets     =       262144]
       Value   Percentile   TotalCount 1/(1-Percentile)

     0.00000     0.000000       106433         1.00
    12.00000     0.100000      1480332         1.11
    12.00000     0.200000      1480332         1.25
    12.00000     0.300000      1480332         1.43
    12.00000     0.400000      1480332         1.67
    12.00000     0.500000      1480332         2.00
    12.00000     0.550000      1480332         2.22
    12.00000     0.600000      1480332         2.50
    12.00000     0.650000      1480332         2.86
    12.00000     0.700000      1480332         3.33
    12.00000     0.750000      1480332         4.00
    24.00000     0.775000      1965690         4.44
    24.00000     0.800000      1965690         5.00
    24.00000     0.825000      1965690         5.71
    24.00000     0.850000      1965690         6.67
    24.00000     0.875000      1965690         8.00
    24.00000     0.887500      1965690         8.89
    24.00000     0.900000      1965690        10.00
    24.00000     0.912500      1965690        11.43
    24.00000     0.925000      1965690        13.33
    24.00000     0.937500      1965690        16.00
    24.00000     0.943750      1965690        17.78
    24.00000     0.950000      1965690        20.00
    24.00000     0.956250      1965690        22.86
    24.00000     0.962500      1965690        26.67
    24.00000     0.968750      1965690        32.00
    24.00000     0.971875      1965690        35.56
    24.00000     0.975000      1965690        40.00
    24.00000     0.978125      1965690        45.71
    24.00000     0.981250      1965690        53.33
    24.00000     0.984375      1965690        64.00
    24.00000     0.985938      1965690        71.11
    24.00000     0.987500      1965690        80.00
    24.00000     0.989062      1965690        91.43
    24.00000     0.990625      1965690       106.67
    24.00000     0.992188      1965690       128.00
    24.00000     0.992969      1965690       142.22
    24.00000     0.993750      1965690       160.00
    24.00000     0.994531      1965690       182.86
    24.00000     0.995313      1965690       213.33
    24.00000     0.996094      1965690       256.00
    37.00000     0.996484      1970828       284.44
    37.00000     0.996875      1970828       320.00
    37.00000     0.997266      1970828       365.71
    37.00000     0.997656      1970828       426.67
    37.00000     0.998047      1970828       512.00
    37.00000     0.998242      1970828       568.89
    37.00000     0.998437      1970828       640.00
    37.00000     0.998633      1970828       731.43
    37.00000     0.998828      1970828       853.33
    49.00000     0.999023      1972349      1024.00
    49.00000     0.999121      1972349      1137.78
    49.00000     0.999219      1972349      1280.00
    49.00000     0.999316      1972349      1462.86
    49.00000     0.999414      1972349      1706.67
    49.00000     0.999512      1972349      2048.00
    49.00000     0.999561      1972349      2275.56
    49.00000     0.999609      1972349      2560.00
    61.00000     0.999658      1972874      2925.71
    61.00000     0.999707      1972874      3413.33
    61.00000     0.999756      1972874      4096.00
    61.00000     0.999780      1972874      4551.11
    61.00000     0.999805      1972874      5120.00
    61.00000     0.999829      1972874      5851.43
    61.00000     0.999854      1972874      6826.67
    61.00000     0.999878      1972874      8192.00
    61.00000     0.999890      1972874      9102.22
    61.00000     0.999902      1972874     10240.00
    74.00000     0.999915      1972974     11702.86
    74.00000     0.999927      1972974     13653.33
    74.00000     0.999939      1972974     16384.00
    74.00000     0.999945      1972974     18204.44
    74.00000     0.999951      1972974     20480.00
    74.00000     0.999957      1972974     23405.71
    86.00000     0.999963      1972990     27306.67
    98.00000     0.999969      1973000     32768.00
   111.00000     0.999973      1973007     36408.89
   123.00000     0.999976      1973008     40960.00
   135.00000     0.999979      1973015     46811.43
   148.00000     0.999982      1973025     54613.33
   160.00000     0.999985      1973030     65536.00
   160.00000     0.999986      1973030     72817.78
   172.00000     0.999988      1973032     81920.00
   197.00000     0.999989      1973035     93622.86
   259.00000     0.999991      1973038    109226.67
   271.00000     0.999992      1973041    131072.00
   320.00000     0.999993      1973048    145635.56
   320.00000     0.999994      1973048    163840.00
   320.00000     0.999995      1973048    187245.71
   320.00000     0.999995      1973048    218453.33
   382.00000     0.999996      1973050    262144.00
   382.00000     0.999997      1973050    291271.11
   382.00000     0.999997      1973050    327680.00
   690.00000     0.999997      1973051    374491.43
   715.00000     0.999998      1973052    436906.67
   826.00000     0.999998      1973053    524288.00
   826.00000     0.999998      1973053    582542.22
   826.00000     0.999998      1973053    655360.00
  4575.00000     0.999999      1973054    748982.86
  4575.00000     0.999999      1973054    873813.33
  4896.00000     0.999999      1973055   1048576.00
  4896.00000     0.999999      1973055   1165084.44
  4896.00000     0.999999      1973055   1310720.00
  4896.00000     0.999999      1973055   1497965.71
  4896.00000     0.999999      1973055   1747626.67
 15712.00000     1.000000      1973056   2097152.00
 15712.00000     1.000000      1973056          inf
#[Mean    =       14.434, StdDeviation   =       13.792]
#[Max     =    15712.000, Total count    =      1973056]
#[Buckets =           13, SubBuckets     =       262144]
       Value   Percentile   TotalCount 1/(1-Percentile)

    61.00000     0.000000            2         1.00
    98.00000     0.100000       645684         1.11
    98.00000     0.200000       645684         1.25
    98.00000     0.300000       645684         1.43
   111.00000     0.400000      1588715         1.67
   111.00000     0.500000      1588715         2.00
   111.00000     0.550000      1588715         2.22
   111.00000     0.600000      1588715         2.50
   111.00000     0.650000      1588715         2.86
   111.00000     0.700000      1588715         3.33
   111.00000     0.750000      1588715         4.00
   111.00000     0.775000      1588715         4.44
   111.00000     0.800000      1588715         5.00
   123.00000     0.825000      1762023         5.71
   123.00000     0.850000      1762023         6.67
   123.00000     0.875000      1762023         8.00
   123.00000     0.887500      1762023         8.89
   135.00000     0.900000      1943202        10.00
   135.00000     0.912500      1943202        11.43
   135.00000     0.925000      1943202        13.33
   135.00000     0.937500      1943202        16.00
   135.00000     0.943750      1943202        17.78
   135.00000     0.950000      1943202        20.00
   135.00000     0.956250      1943202        22.86
   135.00000     0.962500      1943202        26.67
   135.00000     0.968750      1943202        32.00
   135.00000     0.971875      1943202        35.56
   135.00000     0.975000      1943202        40.00
   135.00000     0.978125      1943202        45.71
   135.00000     0.981250      1943202        53.33
   135.00000     0.984375      1943202        64.00
   148.00000     0.985938      1962432        71.11
   148.00000     0.987500      1962432        80.00
   148.00000     0.989062      1962432        91.43
   148.00000     0.990625      1962432       106.67
   148.00000     0.992188      1962432       128.00
   148.00000     0.992969      1962432       142.22
   148.00000     0.993750      1962432       160.00
   148.00000     0.994531      1962432       182.86
   160.00000     0.995313      1965056       213.33
   172.00000     0.996094      1966022       256.00
   185.00000     0.996484      1966640       284.44
   197.00000     0.996875      1967032       320.00
   234.00000     0.997266      1967853       365.71
   283.00000     0.997656      1968450       426.67
   382.00000     0.998047      1969209       512.00
   456.00000     0.998242      1969639       568.89
   542.00000     0.998437      1969982       640.00
   653.00000     0.998633      1970384       731.43
   789.00000     0.998828      1970766       853.33
   974.00000     0.999023      1971133      1024.00
  1146.00000     0.999121      1971323      1137.78
  1356.00000     0.999219      1971522      1280.00
  1800.00000     0.999316      1971712      1462.86
  2738.00000     0.999414      1971902      1706.67
  4378.00000     0.999512      1972096      2048.00
  5500.00000     0.999561      1972191      2275.56
  6906.00000     0.999609      1972286      2560.00
  8793.00000     0.999658      1972382      2925.71
 12086.00000     0.999707      1972478      3413.33
 17180.00000     0.999756      1972575      4096.00
 22471.00000     0.999780      1972623      4551.11
 29526.00000     0.999805      1972671      5120.00
 43684.00000     0.999829      1972719      5851.43
 57954.00000     0.999854      1972767      6826.67
 73235.00000     0.999878      1972816      8192.00
 81868.00000     0.999890      1972840      9102.22
 91279.00000     0.999902      1972864     10240.00
 99049.00000     0.999915      1972888     11702.86
107990.00000     0.999927      1972912     13653.33
119288.00000     0.999939      1972936     16384.00
124061.00000     0.999945      1972948     18204.44
131054.00000     0.999951      1972960     20480.00
137714.00000     0.999957      1972972     23405.71
143227.00000     0.999963      1972984     27306.67
149739.00000     0.999969      1972996     32768.00
151305.00000     0.999973      1973002     36408.89
156127.00000     0.999976      1973008     40960.00
159186.00000     0.999979      1973014     46811.43
163749.00000     0.999982      1973020     54613.33
169386.00000     0.999985      1973026     65536.00
175429.00000     0.999986      1973029     72817.78
177562.00000     0.999988      1973032     81920.00
182471.00000     0.999989      1973035     93622.86
195693.00000     0.999991      1973038    109226.67
213329.00000     0.999992      1973041    131072.00
222999.00000     0.999993      1973043    145635.56
231990.00000     0.999994      1973044    163840.00
240475.00000     0.999995      1973046    187245.71
240808.00000     0.999995      1973047    218453.33
250564.00000     0.999996      1973049    262144.00
258482.00000     0.999997      1973050    291271.11
258482.00000     0.999997      1973050    327680.00
259505.00000     0.999997      1973051    374491.43
267645.00000     0.999998      1973052    436906.67
267819.00000     0.999998      1973053    524288.00
267819.00000     0.999998      1973053    582542.22
267819.00000     0.999998      1973053    655360.00
274959.00000     0.999999      1973054    748982.86
274959.00000     0.999999      1973054    873813.33
276131.00000     0.999999      1973055   1048576.00
276131.00000     0.999999      1973055   1165084.44
276131.00000     0.999999      1973055   1310720.00
276131.00000     0.999999      1973055   1497965.71
276131.00000     0.999999      1973055   1747626.67
286257.00000     1.000000      1973056   2097152.00
286257.00000     1.000000      1973056          inf
#[Mean    =      134.507, StdDeviation   =     1577.800]
#[Max     =   286257.000, Total count    =      1973056]
#[Buckets =           13, SubBuckets     =       262144]
       Value   Percentile   TotalCount 1/(1-Percentile)

     0.00000     0.000000        13361         1.00
    37.00000     0.100000       407433         1.11
    37.00000     0.200000       407433         1.25
    49.00000     0.300000       776557         1.43
    61.00000     0.400000       846601         1.67
    98.00000     0.500000      1002212         2.00
   123.00000     0.550000      1146057         2.22
   135.00000     0.600000      1213681         2.50
   160.00000     0.650000      1344272         2.86
   172.00000     0.700000      1403320         3.33
   197.00000     0.750000      1502462         4.00
   209.00000     0.775000      1544922         4.44
   222.00000     0.800000      1584091         5.00
   246.00000     0.825000      1653926         5.71
   259.00000     0.850000      1684428         6.67
   283.00000     0.875000      1735945         8.00
   296.00000     0.887500      1757220         8.89
   320.00000     0.900000      1791887        10.00
   333.00000     0.912500      1806142        11.43
   357.00000     0.925000      1829993        13.33
   394.00000     0.937500      1858492        16.00
   407.00000     0.943750      1866867        17.78
   419.00000     0.950000      1874706        20.00
   444.00000     0.956250      1888518        22.86
   468.00000     0.962500      1899943        26.67
   505.00000     0.968750      1913306        32.00
   530.00000     0.971875      1920256        35.56
   555.00000     0.975000      1925885        40.00
   579.00000     0.978125      1930666        45.71
   616.00000     0.981250      1936247        53.33
   678.00000     0.984375      1942618        64.00
   715.00000     0.985938      1945439        71.11
   764.00000     0.987500      1948446        80.00
   838.00000     0.989062      1951765        91.43
   937.00000     0.990625      1954578       106.67
  1208.00000     0.992188      1957650       128.00
  1517.00000     0.992969      1959212       142.22
  2010.00000     0.993750      1960743       160.00
  3095.00000     0.994531      1962313       182.86
  3219.00000     0.995313      1963859       213.33
  3317.00000     0.996094      1965508       256.00
  3367.00000     0.996484      1966166       284.44
  3441.00000     0.996875      1967000       320.00
  3527.00000     0.997266      1967680       365.71
  3675.00000     0.997656      1968463       426.67
  3909.00000     0.998047      1969213       512.00
  4082.00000     0.998242      1969595       568.89
  4304.00000     0.998437      1969981       640.00
  4563.00000     0.998633      1970367       731.43
  4884.00000     0.998828      1970763       853.33
  5266.00000     0.999023      1971142      1024.00
  5488.00000     0.999121      1971326      1137.78
  5735.00000     0.999219      1971516      1280.00
  6031.00000     0.999316      1971714      1462.86
  6339.00000     0.999414      1971903      1706.67
  6635.00000     0.999512      1972093      2048.00
  6820.00000     0.999561      1972189      2275.56
  7017.00000     0.999609      1972290      2560.00
  7276.00000     0.999658      1972385      2925.71
  7486.00000     0.999707      1972482      3413.33
  7745.00000     0.999756      1972578      4096.00
  7893.00000     0.999780      1972625      4551.11
  8103.00000     0.999805      1972671      5120.00
  8312.00000     0.999829      1972719      5851.43
  8608.00000     0.999854      1972767      6826.67
  8855.00000     0.999878      1972817      8192.00
  9052.00000     0.999890      1972840      9102.22
  9324.00000     0.999902      1972864     10240.00
  9669.00000     0.999915      1972888     11702.86
 10236.00000     0.999927      1972912     13653.33
 10853.00000     0.999939      1972936     16384.00
 11137.00000     0.999945      1972948     18204.44
 11778.00000     0.999951      1972960     20480.00
 12160.00000     0.999957      1972972     23405.71
 13542.00000     0.999963      1972984     27306.67
 14997.00000     0.999969      1972996     32768.00
 16329.00000     0.999973      1973002     36408.89
 18931.00000     0.999976      1973008     40960.00
 22952.00000     0.999979      1973014     46811.43
 34138.00000     0.999982      1973020     54613.33
 36519.00000     0.999985      1973026     65536.00
 37518.00000     0.999986      1973029     72817.78
 44782.00000     0.999988      1973032     81920.00
 59816.00000     0.999989      1973035     93622.86
 61037.00000     0.999991      1973038    109226.67
 65181.00000     0.999992      1973041    131072.00
 65798.00000     0.999993      1973043    145635.56
 66057.00000     0.999994      1973044    163840.00
 66513.00000     0.999995      1973046    187245.71
 66735.00000     0.999995      1973047    218453.33
 77798.00000     0.999996      1973049    262144.00
 85803.00000     0.999997      1973050    291271.11
 85803.00000     0.999997      1973050    327680.00
 95941.00000     0.999997      1973051    374491.43
126083.00000     0.999998      1973052    436906.67
126527.00000     0.999998      1973053    524288.00
126527.00000     0.999998      1973053    582542.22
126527.00000     0.999998      1973053    655360.00
127921.00000     0.999999      1973054    748982.86
127921.00000     0.999999      1973054    873813.33
133089.00000     0.999999      1973055   1048576.00
133089.00000     0.999999      1973055   1165084.44
133089.00000     0.999999      1973055   1310720.00
133089.00000     0.999999      1973055   1497965.71
133089.00000     0.999999      1973055   1747626.67
287047.00000     1.000000      1973056   2097152.00
287047.00000     1.000000      1973056          inf
#[Mean    =      168.245, StdDeviation   =      510.795]
#[Max     =   287047.000, Total count    =      1973056]
#[Buckets =           13, SubBuckets     =       262144]
       Value   Percentile   TotalCount 1/(1-Percentile)

    86.00000     0.000000           16         1.00
   172.00000     0.100000       217441         1.11
   197.00000     0.200000       402219         1.25
   222.00000     0.300000       604236         1.43
   246.00000     0.400000       812167         1.67
   271.00000     0.500000      1022367         2.00
   283.00000     0.550000      1128838         2.22
   296.00000     0.600000      1236013         2.50
   308.00000     0.650000      1343167         2.86
   320.00000     0.700000      1449564         3.33
   333.00000     0.750000      1550178         4.00
   333.00000     0.775000      1550178         4.44
   345.00000     0.800000      1648673         5.00
   345.00000     0.825000      1648673         5.71
   357.00000     0.850000      1723099         6.67
   370.00000     0.875000      1762923         8.00
   370.00000     0.887500      1762923         8.89
   382.00000     0.900000      1816824        10.00
   382.00000     0.912500      1816824        11.43
   394.00000     0.925000      1863805        13.33
   394.00000     0.937500      1863805        16.00
   394.00000     0.943750      1863805        17.78
   407.00000     0.950000      1884290        20.00
   419.00000     0.956250      1895433        22.86
   431.00000     0.962500      1903736        26.67
   456.00000     0.968750      1916171        32.00
   468.00000     0.971875      1920528        35.56
   481.00000     0.975000      1923860        40.00
   530.00000     0.978125      1930941        45.71
   666.00000     0.981250      1936218        53.33
   974.00000     0.984375      1942290        64.00
  1097.00000     0.985938      1945310        71.11
  1369.00000     0.987500      1948489        80.00
  1689.00000     0.989062      1951512        91.43
  2195.00000     0.990625      1954621       106.67
  3157.00000     0.992188      1957650       128.00
  4131.00000     0.992969      1959183       142.22
  5537.00000     0.993750      1960733       160.00
  9237.00000     0.994531      1962267       182.86
 18253.00000     0.995313      1963810       213.33
 30710.00000     0.996094      1965353       256.00
 36383.00000     0.996484      1966120       284.44
 43808.00000     0.996875      1966891       320.00
 49752.00000     0.997266      1967664       365.71
 55487.00000     0.997656      1968433       426.67
 61913.00000     0.998047      1969203       512.00
 66008.00000     0.998242      1969592       568.89
 69967.00000     0.998437      1969974       640.00
 72951.00000     0.998633      1970360       731.43
 76898.00000     0.998828      1970747       853.33
 81831.00000     0.999023      1971131      1024.00
 84027.00000     0.999121      1971323      1137.78
 87616.00000     0.999219      1971515      1280.00
 89984.00000     0.999316      1971708      1462.86
 92512.00000     0.999414      1971902      1706.67
 93585.00000     0.999512      1972093      2048.00
 95250.00000     0.999561      1972189      2275.56
 97791.00000     0.999609      1972286      2560.00
 98765.00000     0.999658      1972383      2925.71
102564.00000     0.999707      1972478      3413.33
110284.00000     0.999756      1972575      4096.00
124677.00000     0.999780      1972623      4551.11
144250.00000     0.999805      1972671      5120.00
166401.00000     0.999829      1972719      5851.43
186295.00000     0.999854      1972767      6826.67
216215.00000     0.999878      1972816      8192.00
230103.00000     0.999890      1972840      9102.22
248960.00000     0.999902      1972864     10240.00
267991.00000     0.999915      1972888     11702.86
281409.00000     0.999927      1972912     13653.33
306373.00000     0.999939      1972936     16384.00
315265.00000     0.999945      1972948     18204.44
329349.00000     0.999951      1972960     20480.00
340623.00000     0.999957      1972972     23405.71
351611.00000     0.999963      1972984     27306.67
371135.00000     0.999969      1972996     32768.00
378103.00000     0.999973      1973002     36408.89
383899.00000     0.999976      1973008     40960.00
393027.00000     0.999979      1973014     46811.43
407469.00000     0.999982      1973020     54613.33
416781.00000     0.999985      1973026     65536.00
420381.00000     0.999986      1973029     72817.78
433331.00000     0.999988      1973032     81920.00
442643.00000     0.999989      1973035     93622.86
456149.00000     0.999991      1973038    109226.67
464485.00000     0.999992      1973041    131072.00
468063.00000     0.999993      1973043    145635.56
474353.00000     0.999994      1973044    163840.00
478263.00000     0.999995      1973046    187245.71
478903.00000     0.999995      1973047    218453.33
496121.00000     0.999996      1973049    262144.00
500351.00000     0.999997      1973050    291271.11
500351.00000     0.999997      1973050    327680.00
506605.00000     0.999997      1973051    374491.43
511019.00000     0.999998      1973052    436906.67
527215.00000     0.999998      1973053    524288.00
527215.00000     0.999998      1973053    582542.22
527215.00000     0.999998      1973053    655360.00
539487.00000     0.999999      1973054    748982.86
539487.00000     0.999999      1973054    873813.33
541631.00000     0.999999      1973055   1048576.00
541631.00000     0.999999      1973055   1165084.44
541631.00000     0.999999      1973055   1310720.00
541631.00000     0.999999      1973055   1497965.71
541631.00000     0.999999      1973055   1747626.67
549971.00000     1.000000      1973056   2097152.00
549971.00000     1.000000      1973056          inf
#[Mean    =      610.449, StdDeviation   =     5692.348]
#[Max     =   549971.000, Total count    =      1973056]
#[Buckets =           13, SubBuckets     =       262144]
       Value   Percentile   TotalCount 1/(1-Percentile)

     0.00000     0.000000       273869         1.00
     0.00000     0.100000       273869         1.11
    12.00000     0.200000      1910796         1.25
    12.00000     0.300000      1910796         1.43
    12.00000     0.400000      1910796         1.67
    12.00000     0.500000      1910796         2.00
    12.00000     0.550000      1910796         2.22
    12.00000     0.600000      1910796         2.50
    12.00000     0.650000      1910796         2.86
    12.00000     0.700000      1910796         3.33
    12.00000     0.750000      1910796         4.00
    12.00000     0.775000      1910796         4.44
    12.00000     0.800000      1910796         5.00
    12.00000     0.825000      1910796         5.71
    12.00000     0.850000      1910796         6.67
    12.00000     0.875000      1910796         8.00
    12.00000     0.887500      1910796         8.89
    12.00000     0.900000      1910796        10.00
    12.00000     0.912500      1910796        11.43
    12.00000     0.925000      1910796        13.33
    12.00000     0.937500      1910796        16.00
    12.00000     0.943750      1910796        17.78
    12.00000     0.950000      1910796        20.00
    12.00000     0.956250      1910796        22.86
    12.00000     0.962500      1910796        26.67
    24.00000     0.968750      1963179        32.00
    24.00000     0.971875      1963179        35.56
    24.00000     0.975000      1963179        40.00
    24.00000     0.978125      1963179        45.71
    24.00000     0.981250      1963179        53.33
    24.00000     0.984375      1963179        64.00
    24.00000     0.985938      1963179        71.11
    24.00000     0.987500      1963179        80.00
    24.00000     0.989062      1963179        91.43
    24.00000     0.990625      1963179       106.67
    24.00000     0.992188      1963179       128.00
    24.00000     0.992969      1963179       142.22
    24.00000     0.993750      1963179       160.00
    24.00000     0.994531      1963179       182.86
    37.00000     0.995313      1968217       213.33
    37.00000     0.996094      1968217       256.00
    37.00000     0.996484      1968217       284.44
    37.00000     0.996875      1968217       320.00
    37.00000     0.997266      1968217       365.71
    49.00000     0.997656      1970518       426.67
    49.00000     0.998047      1970518       512.00
    49.00000     0.998242      1970518       568.89
    49.00000     0.998437      1970518       640.00
    49.00000     0.998633      1970518       731.43
    61.00000     0.998828      1971437       853.33
    61.00000     0.999023      1971437      1024.00
    61.00000     0.999121      1971437      1137.78
    74.00000     0.999219      1971861      1280.00
    74.00000     0.999316      1971861      1462.86
    86.00000     0.999414      1972109      1706.67
    86.00000     0.999512      1972109      2048.00
    98.00000     0.999561      1972241      2275.56
   111.00000     0.999609      1972354      2560.00
   123.00000     0.999658      1972424      2925.71
   148.00000     0.999707      1972510      3413.33
   172.00000     0.999756      1972609      4096.00
   185.00000     0.999780      1972641      4551.11
   209.00000     0.999805      1972682      5120.00
   246.00000     0.999829      1972719      5851.43
   333.00000     0.999854      1972771      6826.67
   407.00000     0.999878      1972817      8192.00
   456.00000     0.999890      1972843      9102.22
   530.00000     0.999902      1972868     10240.00
   579.00000     0.999915      1972889     11702.86
   653.00000     0.999927      1972919     13653.33
   690.00000     0.999939      1972937     16384.00
   727.00000     0.999945      1972948     18204.44
   789.00000     0.999951      1972961     20480.00
   851.00000     0.999957      1972972     23405.71
   986.00000     0.999963      1972985     27306.67
  1147.00000     0.999969      1972996     32768.00
  1245.00000     0.999973      1973002     36408.89
  4316.00000     0.999976      1973008     40960.00
  5056.00000     0.999979      1973014     46811.43
  5143.00000     0.999982      1973020     54613.33
  5217.00000     0.999985      1973026     65536.00
  5241.00000     0.999986      1973029     72817.78
  5278.00000     0.999988      1973032     81920.00
  5340.00000     0.999989      1973039     93622.86
  5340.00000     0.999991      1973039    109226.67
  5426.00000     0.999992      1973043    131072.00
  5426.00000     0.999993      1973043    145635.56
  5513.00000     0.999994      1973044    163840.00
  5772.00000     0.999995      1973046    187245.71
  5870.00000     0.999995      1973047    218453.33
  6216.00000     0.999996      1973049    262144.00
  6277.00000     0.999997      1973050    291271.11
  6277.00000     0.999997      1973050    327680.00
  6524.00000     0.999997      1973051    374491.43
  6697.00000     0.999998      1973052    436906.67
  7227.00000     0.999998      1973053    524288.00
  7227.00000     0.999998      1973053    582542.22
  7227.00000     0.999998      1973053    655360.00
  7535.00000     0.999999      1973054    748982.86
  7535.00000     0.999999      1973054    873813.33
  7659.00000     0.999999      1973055   1048576.00
  7659.00000     0.999999      1973055   1165084.44
  7659.00000     0.999999      1973055   1310720.00
  7659.00000     0.999999      1973055   1497965.71
  7659.00000     0.999999      1973055   1747626.67
 13258.00000     1.000000      1973056   2097152.00
 13258.00000     1.000000      1973056          inf
#[Mean    =       11.069, StdDeviation   =       30.501]
#[Max     =    13258.000, Total count    =      1973056]
#[Buckets =           13, SubBuckets     =       262144]
       Value   Percentile   TotalCount 1/(1-Percentile)

   641.00000     0.000000            8         1.00
   912.00000     0.100000       244025         1.11
   925.00000     0.200000       701842         1.25
   925.00000     0.300000       701842         1.43
   937.00000     0.400000      1181915         1.67
   937.00000     0.500000      1181915         2.00
   937.00000     0.550000      1181915         2.22
   949.00000     0.600000      1438998         2.50
   949.00000     0.650000      1438998         2.86
   949.00000     0.700000      1438998         3.33
   962.00000     0.750000      1549258         4.00
   962.00000     0.775000      1549258         4.44
   974.00000     0.800000      1634987         5.00
   974.00000     0.825000      1634987         5.71
   986.00000     0.850000      1709379         6.67
   999.00000     0.875000      1756914         8.00
   999.00000     0.887500      1756914         8.89
  1011.00000     0.900000      1778938        10.00
  1060.00000     0.912500      1801564        11.43
  1184.00000     0.925000      1826638        13.33
  1258.00000     0.937500      1849781        16.00
  1319.00000     0.943750      1864469        17.78
  1369.00000     0.950000      1876957        20.00
  1418.00000     0.956250      1887201        22.86
  1504.00000     0.962500      1899858        26.67
  2183.00000     0.968750      1911407        32.00
  5167.00000     0.971875      1917694        35.56
  5389.00000     0.975000      1923845        40.00
  5846.00000     0.978125      1930016        45.71
  5920.00000     0.981250      1936829        53.33
  5969.00000     0.984375      1943213        64.00
  5994.00000     0.985938      1946475        71.11
  6018.00000     0.987500      1949582        80.00
  6043.00000     0.989062      1952623        91.43
  6068.00000     0.990625      1955340       106.67
  6092.00000     0.992188      1957683       128.00
  6117.00000     0.992969      1959653       142.22
  6142.00000     0.993750      1961284       160.00
  6166.00000     0.994531      1962690       182.86
  6203.00000     0.995313      1964213       213.33
  6253.00000     0.996094      1965508       256.00
  6290.00000     0.996484      1966183       284.44
  6339.00000     0.996875      1966901       320.00
  6425.00000     0.997266      1967722       365.71
  6549.00000     0.997656      1968435       426.67
  6919.00000     0.998047      1969215       512.00
  7202.00000     0.998242      1969589       568.89
  7437.00000     0.998437      1969989       640.00
  7585.00000     0.998633      1970384       731.43
  7757.00000     0.998828      1970759       853.33
  7918.00000     0.999023      1971133      1024.00
  8004.00000     0.999121      1971335      1137.78
  8090.00000     0.999219      1971516      1280.00
  8238.00000     0.999316      1971721      1462.86
  8411.00000     0.999414      1971906      1706.67
  8658.00000     0.999512      1972097      2048.00
  8880.00000     0.999561      1972195      2275.56
  9052.00000     0.999609      1972287      2560.00
  9385.00000     0.999658      1972382      2925.71
 10569.00000     0.999707      1972479      3413.33
 12789.00000     0.999756      1972575      4096.00
 15416.00000     0.999780      1972623      4551.11
 18216.00000     0.999805      1972672      5120.00
 22483.00000     0.999829      1972719      5851.43
 24407.00000     0.999854      1972767      6826.67
 25826.00000     0.999878      1972816      8192.00
 26393.00000     0.999890      1972840      9102.22
 26886.00000     0.999902      1972864     10240.00
 27306.00000     0.999915      1972889     11702.86
 27811.00000     0.999927      1972914     13653.33
 28354.00000     0.999939      1972936     16384.00
 28564.00000     0.999945      1972949     18204.44
 28798.00000     0.999951      1972960     20480.00
 29131.00000     0.999957      1972973     23405.71
 29427.00000     0.999963      1972985     27306.67
 29711.00000     0.999969      1972996     32768.00
 29896.00000     0.999973      1973003     36408.89
 30315.00000     0.999976      1973008     40960.00
 30710.00000     0.999979      1973014     46811.43
 31215.00000     0.999982      1973021     54613.33
 31881.00000     0.999985      1973026     65536.00
 32165.00000     0.999986      1973029     72817.78
 32819.00000     0.999988      1973033     81920.00
 33324.00000     0.999989      1973035     93622.86
 35224.00000     0.999991      1973038    109226.67
 36210.00000     0.999992      1973041    131072.00
 37567.00000     0.999993      1973043    145635.56
 38344.00000     0.999994      1973044    163840.00
 41785.00000     0.999995      1973046    187245.71
 43524.00000     0.999995      1973047    218453.33
 45941.00000     0.999996      1973049    262144.00
 50825.00000     0.999997      1973050    291271.11
 50825.00000     0.999997      1973050    327680.00
 64725.00000     0.999997      1973051    374491.43
 80401.00000     0.999998      1973052    436906.67
 83805.00000     0.999998      1973053    524288.00
 83805.00000     0.999998      1973053    582542.22
 83805.00000     0.999998      1973053    655360.00
 84027.00000     0.999999      1973054    748982.86
 84027.00000     0.999999      1973054    873813.33
 94374.00000     0.999999      1973055   1048576.00
 94374.00000     0.999999      1973055   1165084.44
 94374.00000     0.999999      1973055   1310720.00
 94374.00000     0.999999      1973055   1497965.71
 94374.00000     0.999999      1973055   1747626.67
123629.00000     1.000000      1973056   2097152.00
123629.00000     1.000000      1973056          inf
#[Mean    =     1117.516, StdDeviation   =      953.025]
#[Max     =   123629.000, Total count    =      1973056]
#[Buckets =           13, SubBuckets     =       262144]

=== EXCHANGE STDERR ===
matching tid: 50028
