=== CLIENT STDERR ===
=== Exchange load generator ===
  clients  : 10
  seed     : 3602275312
  target   : 127.0.0.1:4000
  thread id: 50085
Ctrl-C to stop.


=== Stats ===
  elapsed         : 14.999 s
  requests sent   : 2586120
  ACK responses   : 2586110
  MATCH responses : 1484731
  ERR responses   : 0
  orders in flight: -10
  --- throughput ---
  requests/s      : 172420
  ACK/s           : 172419
  MATCH/s         : 98989
  ERR/s           : 0
  total resp/s    : 172419

=== EXCHANGE STDOUT ===
exchange tid: 50084
inbound thread: 50086
outbound thread: 50087
       Value   Percentile   TotalCount 1/(1-Percentile)

  2072.00000     0.000000            3         1.00
  2368.00000     0.100000       233983         1.11
  2417.00000     0.200000       448411         1.25
  2454.00000     0.300000       640878         1.43
  2491.00000     0.400000       838468         1.67
  2528.00000     0.500000      1020314         2.00
  2553.00000     0.550000      1129527         2.22
  2577.00000     0.600000      1226446         2.50
  2602.00000     0.650000      1312006         2.86
  2639.00000     0.700000      1423013         3.33
  2676.00000     0.750000      1514508         4.00
  2701.00000     0.775000      1565209         4.44
  2725.00000     0.800000      1607848         5.00
  2750.00000     0.825000      1643623         5.71
  2799.00000     0.850000      1698479         6.67
  2861.00000     0.875000      1745757         8.00
  2898.00000     0.887500      1766517         8.89
  2960.00000     0.900000      1793460        10.00
  3034.00000     0.912500      1817581        11.43
  3132.00000     0.925000      1841087        13.33
  3268.00000     0.937500      1864976        16.00
  3379.00000     0.943750      1877998        17.78
  3539.00000     0.950000      1889991        20.00
  3823.00000     0.956250      1902411        22.86
  4304.00000     0.962500      1914682        26.67
  5858.00000     0.968750      1927029        32.00
  7116.00000     0.971875      1933245        35.56
  7387.00000     0.975000      1939998        40.00
  7474.00000     0.978125      1946651        45.71
  7535.00000     0.981250      1952543        53.33
  7597.00000     0.984375      1958227        64.00
  7634.00000     0.985938      1961423        71.11
  7671.00000     0.987500      1964305        80.00
  7720.00000     0.989062      1967672        91.43
  7770.00000     0.990625      1970562       106.67
  7844.00000     0.992188      1973916       128.00
  7881.00000     0.992969      1975194       142.22
  7942.00000     0.993750      1976917       160.00
  8004.00000     0.994531      1978287       182.86
  8115.00000     0.995313      1979869       213.33
  8288.00000     0.996094      1981443       256.00
  8411.00000     0.996484      1982195       284.44
  8571.00000     0.996875      1982999       320.00
  8781.00000     0.997266      1983751       365.71
  9163.00000     0.997656      1984507       426.67
  9632.00000     0.998047      1985283       512.00
  9866.00000     0.998242      1985687       568.89
 10113.00000     0.998437      1986069       640.00
 10397.00000     0.998633      1986459       731.43
 10742.00000     0.998828      1986836       853.33
 11285.00000     0.999023      1987225      1024.00
 11605.00000     0.999121      1987423      1137.78
 12012.00000     0.999219      1987611      1280.00
 12543.00000     0.999316      1987808      1462.86
 13221.00000     0.999414      1988001      1706.67
 14590.00000     0.999512      1988194      2048.00
 15564.00000     0.999561      1988292      2275.56
 16761.00000     0.999609      1988388      2560.00
 18561.00000     0.999658      1988486      2925.71
 20929.00000     0.999707      1988583      3413.33
 25357.00000     0.999756      1988680      4096.00
 28255.00000     0.999780      1988728      4551.11
 34003.00000     0.999805      1988777      5120.00
 40946.00000     0.999829      1988826      5851.43
 49321.00000     0.999854      1988874      6826.67
 61790.00000     0.999878      1988923      8192.00
 68437.00000     0.999890      1988947      9102.22
 75467.00000     0.999902      1988971     10240.00
 82066.00000     0.999915      1988996     11702.86
 88380.00000     0.999927      1989021     13653.33
 96792.00000     0.999939      1989044     16384.00
101528.00000     0.999945      1989056     18204.44
105869.00000     0.999951      1989068     20480.00
111925.00000     0.999957      1989081     23405.71
127465.00000     0.999963      1989093     27306.67
135814.00000     0.999969      1989105     32768.00
145027.00000     0.999973      1989111     36408.89
151737.00000     0.999976      1989117     40960.00
158162.00000     0.999979      1989123     46811.43
167289.00000     0.999982      1989129     54613.33
179314.00000     0.999985      1989135     65536.00
187590.00000     0.999986      1989138     72817.78
195421.00000     0.999988      1989141     81920.00
203734.00000     0.999989      1989144     93622.86
209210.00000     0.999991      1989147    109226.67
218078.00000     0.999992      1989150    131072.00
224553.00000     0.999993      1989152    145635.56
227217.00000     0.999994      1989153    163840.00
230103.00000     0.999995      1989155    187245.71
240512.00000     0.999995      1989156    218453.33
245100.00000     0.999996      1989158    262144.00
245162.00000     0.999997      1989159    291271.11
245162.00000     0.999997      1989159    327680.00
251143.00000     0.999997      1989160    374491.43
255435.00000     0.999998      1989161    436906.67
261997.00000     0.999998      1989162    524288.00
261997.00000     0.999998      1989162    582542.22
261997.00000     0.999998      1989162    655360.00
265919.00000     0.999999      1989163    748982.86
265919.00000     0.999999      1989163    873813.33
272691.00000     0.999999      1989164   1048576.00
272691.00000     0.999999      1989164   1165084.44
272691.00000     0.999999      1989164   1310720.00
272691.00000     0.999999      1989164   1497965.71
272691.00000     0.999999      1989164   1747626.67
283025.00000     1.000000      1989165   2097152.00
283025.00000     1.000000      1989165          inf
#[Mean    =     2776.471, StdDeviation   =     1729.008]
#[Max     =   283025.000, Total count    =      1989165]
#[Buckets =           13, SubBuckets     =       262144]
       Value   Percentile   TotalCount 1/(1-Percentile)

   986.00000     0.000000            8         1.00
  1036.00000     0.100000       274624         1.11
  1048.00000     0.200000       921716         1.25
  1048.00000     0.300000       921716         1.43
  1048.00000     0.400000       921716         1.67
  1060.00000     0.500000      1563279         2.00
  1060.00000     0.550000      1563279         2.22
  1060.00000     0.600000      1563279         2.50
  1060.00000     0.650000      1563279         2.86
  1060.00000     0.700000      1563279         3.33
  1060.00000     0.750000      1563279         4.00
  1060.00000     0.775000      1563279         4.44
  1073.00000     0.800000      1818991         5.00
  1073.00000     0.825000      1818991         5.71
  1073.00000     0.850000      1818991         6.67
  1073.00000     0.875000      1818991         8.00
  1073.00000     0.887500      1818991         8.89
  1073.00000     0.900000      1818991        10.00
  1073.00000     0.912500      1818991        11.43
  1085.00000     0.925000      1867213        13.33
  1085.00000     0.937500      1867213        16.00
  1097.00000     0.943750      1878024        17.78
  1122.00000     0.950000      1889949        20.00
  1208.00000     0.956250      1902750        22.86
  1307.00000     0.962500      1915115        26.67
  1356.00000     0.968750      1927236        32.00
  1381.00000     0.971875      1933850        35.56
  1406.00000     0.975000      1939871        40.00
  1443.00000     0.978125      1946992        45.71
  1480.00000     0.981250      1952919        53.33
  1517.00000     0.984375      1958755        64.00
  1541.00000     0.985938      1962423        71.11
  1566.00000     0.987500      1965742        80.00
  1591.00000     0.989062      1968619        91.43
  1615.00000     0.990625      1971182       106.67
  1652.00000     0.992188      1974248       128.00
  1677.00000     0.992969      1975784       142.22
  1702.00000     0.993750      1977164       160.00
  1726.00000     0.994531      1978388       182.86
  1763.00000     0.995313      1979870       213.33
  1813.00000     0.996094      1981634       256.00
  1837.00000     0.996484      1982238       284.44
  1911.00000     0.996875      1982956       320.00
  2380.00000     0.997266      1983745       365.71
  4279.00000     0.997656      1984504       426.67
  5821.00000     0.998047      1985301       512.00
  5944.00000     0.998242      1985676       568.89
  6068.00000     0.998437      1986087       640.00
  6203.00000     0.998633      1986466       731.43
  6339.00000     0.998828      1986846       853.33
  6475.00000     0.999023      1987258      1024.00
  6536.00000     0.999121      1987433      1137.78
  6598.00000     0.999219      1987612      1280.00
  6672.00000     0.999316      1987810      1462.86
  6758.00000     0.999414      1988033      1706.67
  6845.00000     0.999512      1988202      2048.00
  6906.00000     0.999561      1988297      2275.56
  6980.00000     0.999609      1988393      2560.00
  7054.00000     0.999658      1988488      2925.71
  7165.00000     0.999707      1988586      3413.33
  7301.00000     0.999756      1988687      4096.00
  7375.00000     0.999780      1988728      4551.11
  7474.00000     0.999805      1988778      5120.00
  7572.00000     0.999829      1988826      5851.43
  7745.00000     0.999854      1988876      6826.67
  7979.00000     0.999878      1988924      8192.00
  8140.00000     0.999890      1988949      9102.22
  8288.00000     0.999902      1988971     10240.00
  8547.00000     0.999915      1988996     11702.86
  8867.00000     0.999927      1989020     13653.33
  9151.00000     0.999939      1989044     16384.00
  9311.00000     0.999945      1989056     18204.44
  9509.00000     0.999951      1989069     20480.00
  9842.00000     0.999957      1989081     23405.71
 10224.00000     0.999963      1989093     27306.67
 10816.00000     0.999969      1989105     32768.00
 11075.00000     0.999973      1989111     36408.89
 11260.00000     0.999976      1989117     40960.00
 11482.00000     0.999979      1989123     46811.43
 12049.00000     0.999982      1989129     54613.33
 12555.00000     0.999985      1989135     65536.00
 12802.00000     0.999986      1989138     72817.78
 13221.00000     0.999988      1989141     81920.00
 13677.00000     0.999989      1989144     93622.86
 16946.00000     0.999991      1989147    109226.67
 17760.00000     0.999992      1989150    131072.00
 19659.00000     0.999993      1989152    145635.56
 21805.00000     0.999994      1989153    163840.00
 22520.00000     0.999995      1989155    187245.71
 22582.00000     0.999995      1989156    218453.33
 24111.00000     0.999996      1989158    262144.00
 26319.00000     0.999997      1989159    291271.11
 26319.00000     0.999997      1989159    327680.00
 29772.00000     0.999997      1989160    374491.43
 30093.00000     0.999998      1989161    436906.67
 32005.00000     0.999998      1989162    524288.00
 32005.00000     0.999998      1989162    582542.22
 32005.00000     0.999998      1989162    655360.00
 36346.00000     0.999999      1989163    748982.86
 36346.00000     0.999999      1989163    873813.33
 38640.00000     0.999999      1989164   1048576.00
 38640.00000     0.999999      1989164   1165084.44
 38640.00000     0.999999      1989164   1310720.00
 38640.00000     0.999999      1989164   1497965.71
 38640.00000     0.999999      1989164   1747626.67
 71878.00000     1.000000      1989165   2097152.00
 71878.00000     1.000000      1989165          inf
#[Mean    =     1086.009, StdDeviation   =      294.233]
#[Max     =    71878.000, Total count    =      1989165]
#[Buckets =           13, SubBuckets     =       262144]
       Value   Percentile   TotalCount 1/(1-Percentile)

     0.00000     0.000000       106108         1.00
    12.00000     0.100000      1499814         1.11
    12.00000     0.200000      1499814         1.25
    12.00000     0.300000      1499814         1.43
    12.00000     0.400000      1499814         1.67
    12.00000     0.500000      1499814         2.00
    12.00000     0.550000      1499814         2.22
    12.00000     0.600000      1499814         2.50
    12.00000     0.650000      1499814         2.86
    12.00000     0.700000      1499814         3.33
    12.00000     0.750000      1499814         4.00
    24.00000     0.775000      1982263         4.44
    24.00000     0.800000      1982263         5.00
    24.00000     0.825000      1982263         5.71
    24.00000     0.850000      1982263         6.67
    24.00000     0.875000      1982263         8.00
    24.00000     0.887500      1982263         8.89
    24.00000     0.900000      1982263        10.00
    24.00000     0.912500      1982263        11.43
    24.00000     0.925000      1982263        13.33
    24.00000     0.937500      1982263        16.00
    24.00000     0.943750      1982263        17.78
    24.00000     0.950000      1982263        20.00
    24.00000     0.956250      1982263        22.86
    24.00000     0.962500      1982263        26.67
    24.00000     0.968750      1982263        32.00
    24.00000     0.971875      1982263        35.56
    24.00000     0.975000      1982263        40.00
    24.00000     0.978125      1982263        45.71
    24.00000     0.981250      1982263        53.33
    24.00000     0.984375      1982263        64.00
    24.00000     0.985938      1982263        71.11
    24.00000     0.987500      1982263        80.00
    24.00000     0.989062      1982263        91.43
    24.00000     0.990625      1982263       106.67
    24.00000     0.992188      1982263       128.00
    24.00000     0.992969      1982263       142.22
    24.00000     0.993750      1982263       160.00
    24.00000     0.994531      1982263       182.86
    24.00000     0.995313      1982263       213.33
    24.00000     0.996094      1982263       256.00
    24.00000     0.996484      1982263       284.44
    37.00000     0.996875      1987227       320.00
    37.00000     0.997266      1987227       365.71
    37.00000     0.997656      1987227       426.67
    37.00000     0.998047      1987227       512.00
    37.00000     0.998242      1987227       568.89
    37.00000     0.998437      1987227       640.00
    37.00000     0.998633      1987227       731.43
    37.00000     0.998828      1987227       853.33
    37.00000     0.999023      1987227      1024.00
    49.00000     0.999121      1988603      1137.78
    49.00000     0.999219      1988603      1280.00
    49.00000     0.999316      1988603      1462.86
    49.00000     0.999414      1988603      1706.67
    49.00000     0.999512      1988603      2048.00
    49.00000     0.999561      1988603      2275.56
    49.00000     0.999609      1988603      2560.00
    49.00000     0.999658      1988603      2925.71
    49.00000     0.999707      1988603      3413.33
    61.00000     0.999756      1988996      4096.00
    61.00000     0.999780      1988996      4551.11
    61.00000     0.999805      1988996      5120.00
    61.00000     0.999829      1988996      5851.43
    61.00000     0.999854      1988996      6826.67
    61.00000     0.999878      1988996      8192.00
    61.00000     0.999890      1988996      9102.22
    61.00000     0.999902      1988996     10240.00
    61.00000     0.999915      1988996     11702.86
    74.00000     0.999927      1989063     13653.33
    74.00000     0.999939      1989063     16384.00
    74.00000     0.999945      1989063     18204.44
    86.00000     0.999951      1989090     20480.00
    86.00000     0.999957      1989090     23405.71
    98.00000     0.999963      1989103     27306.67
   111.00000     0.999969      1989111     32768.00
   111.00000     0.999973      1989111     36408.89
   123.00000     0.999976      1989118     40960.00
   135.00000     0.999979      1989125     46811.43
   148.00000     0.999982      1989130     54613.33
   160.00000     0.999985      1989135     65536.00
   172.00000     0.999986      1989139     72817.78
   197.00000     0.999988      1989142     81920.00
   222.00000     0.999989      1989144     93622.86
   296.00000     0.999991      1989147    109226.67
   308.00000     0.999992      1989150    131072.00
   320.00000     0.999993      1989153    145635.56
   320.00000     0.999994      1989153    163840.00
   382.00000     0.999995      1989155    187245.71
   518.00000     0.999995      1989156    218453.33
   629.00000     0.999996      1989158    262144.00
  4218.00000     0.999997      1989159    291271.11
  4218.00000     0.999997      1989159    327680.00
  4736.00000     0.999997      1989160    374491.43
  4847.00000     0.999998      1989161    436906.67
  5846.00000     0.999998      1989163    524288.00
  5846.00000     0.999998      1989163    582542.22
  5846.00000     0.999998      1989163    655360.00
  5846.00000     0.999999      1989163    748982.86
  5846.00000     0.999999      1989163    873813.33
  6475.00000     0.999999      1989164   1048576.00
  6475.00000     0.999999      1989164   1165084.44
  6475.00000     0.999999      1989164   1310720.00
  6475.00000     0.999999      1989164   1497965.71
  6475.00000     0.999999      1989164   1747626.67
  6758.00000     1.000000      1989165   2097152.00
  6758.00000     1.000000      1989165          inf
#[Mean    =       14.396, StdDeviation   =       12.305]
#[Max     =     6758.000, Total count    =      1989165]
#[Buckets =           13, SubBuckets     =       262144]
       Value   Percentile   TotalCount 1/(1-Percentile)

    61.00000     0.000000            2         1.00
    98.00000     0.100000       706767         1.11
    98.00000     0.200000       706767         1.25
    98.00000     0.300000       706767         1.43
   111.00000     0.400000      1508110         1.67
   111.00000     0.500000      1508110         2.00
   111.00000     0.550000      1508110         2.22
   111.00000     0.600000      1508110         2.50
   111.00000     0.650000      1508110         2.86
   111.00000     0.700000      1508110         3.33
   111.00000     0.750000      1508110         4.00
   123.00000     0.775000      1693502         4.44
   123.00000     0.800000      1693502         5.00
   123.00000     0.825000      1693502         5.71
   123.00000     0.850000      1693502         6.67
   135.00000     0.875000      1956178         8.00
   135.00000     0.887500      1956178         8.89
   135.00000     0.900000      1956178        10.00
   135.00000     0.912500      1956178        11.43
   135.00000     0.925000      1956178        13.33
   135.00000     0.937500      1956178        16.00
   135.00000     0.943750      1956178        17.78
   135.00000     0.950000      1956178        20.00
   135.00000     0.956250      1956178        22.86
   135.00000     0.962500      1956178        26.67
   135.00000     0.968750      1956178        32.00
   135.00000     0.971875      1956178        35.56
   135.00000     0.975000      1956178        40.00
   135.00000     0.978125      1956178        45.71
   135.00000     0.981250      1956178        53.33
   148.00000     0.984375      1981296        64.00
   148.00000     0.985938      1981296        71.11
   148.00000     0.987500      1981296        80.00
   148.00000     0.989062      1981296        91.43
   148.00000     0.990625      1981296       106.67
   148.00000     0.992188      1981296       128.00
   148.00000     0.992969      1981296       142.22
   148.00000     0.993750      1981296       160.00
   148.00000     0.994531      1981296       182.86
   148.00000     0.995313      1981296       213.33
   160.00000     0.996094      1983585       256.00
   160.00000     0.996484      1983585       284.44
   160.00000     0.996875      1983585       320.00
   172.00000     0.997266      1984479       365.71
   184.00000     0.997656      1984505       426.67
   209.00000     0.998047      1985456       512.00
   234.00000     0.998242      1985785       568.89
   271.00000     0.998437      1986124       640.00
   333.00000     0.998633      1986453       731.43
   443.00000     0.998828      1986835       853.33
   604.00000     0.999023      1987230      1024.00
   715.00000     0.999121      1987431      1137.78
   814.00000     0.999219      1987619      1280.00
   924.00000     0.999316      1987806      1462.86
  1036.00000     0.999414      1988003      1706.67
  1245.00000     0.999512      1988201      2048.00
  1418.00000     0.999561      1988292      2275.56
  1615.00000     0.999609      1988390      2560.00
  1948.00000     0.999658      1988488      2925.71
  2664.00000     0.999707      1988583      3413.33
  3922.00000     0.999756      1988680      4096.00
  4723.00000     0.999780      1988729      4551.11
  5550.00000     0.999805      1988777      5120.00
  6475.00000     0.999829      1988827      5851.43
  8201.00000     0.999854      1988874      6826.67
 10841.00000     0.999878      1988923      8192.00
 12358.00000     0.999890      1988948      9102.22
 13998.00000     0.999902      1988972     10240.00
 15848.00000     0.999915      1988996     11702.86
 18894.00000     0.999927      1989020     13653.33
 21176.00000     0.999939      1989044     16384.00
 24333.00000     0.999945      1989056     18204.44
 27663.00000     0.999951      1989068     20480.00
 33522.00000     0.999957      1989081     23405.71
 41526.00000     0.999963      1989093     27306.67
 50480.00000     0.999969      1989105     32768.00
 52996.00000     0.999973      1989111     36408.89
 58558.00000     0.999976      1989117     40960.00
 66057.00000     0.999979      1989123     46811.43
 79143.00000     0.999982      1989129     54613.33
 88245.00000     0.999985      1989135     65536.00
 98765.00000     0.999986      1989138     72817.78
106671.00000     0.999988      1989141     81920.00
113072.00000     0.999989      1989144     93622.86
119682.00000     0.999991      1989147    109226.67
153180.00000     0.999992      1989150    131072.00
165920.00000     0.999993      1989152    145635.56
170816.00000     0.999994      1989153    163840.00
179894.00000     0.999995      1989155    187245.71
183421.00000     0.999995      1989156    218453.33
197999.00000     0.999996      1989158    262144.00
204486.00000     0.999997      1989159    291271.11
204486.00000     0.999997      1989159    327680.00
211109.00000     0.999997      1989160    374491.43
217954.00000     0.999998      1989161    436906.67
224355.00000     0.999998      1989162    524288.00
224355.00000     0.999998      1989162    582542.22
224355.00000     0.999998      1989162    655360.00
230485.00000     0.999999      1989163    748982.86
230485.00000     0.999999      1989163    873813.33
236985.00000     0.999999      1989164   1048576.00
236985.00000     0.999999      1989164   1165084.44
236985.00000     0.999999      1989164   1310720.00
236985.00000     0.999999      1989164   1497965.71
236985.00000     0.999999      1989164   1747626.67
243472.00000     1.000000      1989165   2097152.00
243472.00000     1.000000      1989165          inf
#[Mean    =      118.319, StdDeviation   =      727.060]
#[Max     =   243472.000, Total count    =      1989165]
#[Buckets =           13, SubBuckets     =       262144]
       Value   Percentile   TotalCount 1/(1-Percentile)

     0.00000     0.000000        13794         1.00
    37.00000     0.100000       436110         1.11
    37.00000     0.200000       436110         1.25
    49.00000     0.300000       793006         1.43
    61.00000     0.400000       854972         1.67
   111.00000     0.500000      1008087         2.00
   135.00000     0.550000      1128830         2.22
   148.00000     0.600000      1198818         2.50
   172.00000     0.650000      1338640         2.86
   185.00000     0.700000      1397454         3.33
   209.00000     0.750000      1498789         4.00
   222.00000     0.775000      1544020         4.44
   246.00000     0.800000      1627645         5.00
   259.00000     0.825000      1664787         5.71
   271.00000     0.850000      1698141         6.67
   296.00000     0.875000      1750848         8.00
   308.00000     0.887500      1771672         8.89
   333.00000     0.900000      1806254        10.00
   345.00000     0.912500      1820595        11.43
   370.00000     0.925000      1845381        13.33
   394.00000     0.937500      1866313        16.00
   419.00000     0.943750      1883918        17.78
   431.00000     0.950000      1892161        20.00
   456.00000     0.956250      1905951        22.86
   481.00000     0.962500      1917131        26.67
   518.00000     0.968750      1930048        32.00
   530.00000     0.971875      1933525        35.56
   567.00000     0.975000      1942016        40.00
   592.00000     0.978125      1946604        45.71
   629.00000     0.981250      1951877        53.33
   703.00000     0.984375      1958949        64.00
   740.00000     0.985938      1961464        71.11
   801.00000     0.987500      1964524        80.00
   888.00000     0.989062      1967615        91.43
  1060.00000     0.990625      1970542       106.67
  1517.00000     0.992188      1973692       128.00
  1714.00000     0.992969      1975189       142.22
  1985.00000     0.993750      1976760       160.00
  3071.00000     0.994531      1978301       182.86
  3243.00000     0.995313      1980008       213.33
  3330.00000     0.996094      1981518       256.00
  3379.00000     0.996484      1982294       284.44
  3441.00000     0.996875      1983027       320.00
  3527.00000     0.997266      1983737       365.71
  3687.00000     0.997656      1984536       426.67
  3934.00000     0.998047      1985282       512.00
  4131.00000     0.998242      1985673       568.89
  4341.00000     0.998437      1986061       640.00
  4551.00000     0.998633      1986465       731.43
  4785.00000     0.998828      1986839       853.33
  5069.00000     0.999023      1987225      1024.00
  5254.00000     0.999121      1987420      1137.78
  5488.00000     0.999219      1987612      1280.00
  5735.00000     0.999316      1987813      1462.86
  6043.00000     0.999414      1988000      1706.67
  6425.00000     0.999512      1988197      2048.00
  6623.00000     0.999561      1988293      2275.56
  6771.00000     0.999609      1988388      2560.00
  7017.00000     0.999658      1988496      2925.71
  7227.00000     0.999707      1988584      3413.33
  7498.00000     0.999756      1988681      4096.00
  7609.00000     0.999780      1988729      4551.11
  7794.00000     0.999805      1988778      5120.00
  7992.00000     0.999829      1988827      5851.43
  8238.00000     0.999854      1988874      6826.67
  8547.00000     0.999878      1988925      8192.00
  8670.00000     0.999890      1988948      9102.22
  8880.00000     0.999902      1988972     10240.00
  9151.00000     0.999915      1988997     11702.86
  9459.00000     0.999927      1989022     13653.33
  9928.00000     0.999939      1989044     16384.00
 10125.00000     0.999945      1989056     18204.44
 10384.00000     0.999951      1989068     20480.00
 10754.00000     0.999957      1989081     23405.71
 11408.00000     0.999963      1989093     27306.67
 11926.00000     0.999969      1989105     32768.00
 12160.00000     0.999973      1989111     36408.89
 12493.00000     0.999976      1989117     40960.00
 13184.00000     0.999979      1989123     46811.43
 14183.00000     0.999982      1989129     54613.33
 16909.00000     0.999985      1989135     65536.00
 18376.00000     0.999986      1989138     72817.78
 19474.00000     0.999988      1989141     81920.00
 27898.00000     0.999989      1989144     93622.86
 34693.00000     0.999991      1989148    109226.67
 35113.00000     0.999992      1989150    131072.00
 38048.00000     0.999993      1989152    145635.56
 38270.00000     0.999994      1989153    163840.00
 64762.00000     0.999995      1989155    187245.71
 65576.00000     0.999995      1989156    218453.33
 66686.00000     0.999996      1989158    262144.00
 67142.00000     0.999997      1989159    291271.11
 67142.00000     0.999997      1989159    327680.00
 67340.00000     0.999997      1989160    374491.43
120694.00000     0.999998      1989161    436906.67
125208.00000     0.999998      1989162    524288.00
125208.00000     0.999998      1989162    582542.22
125208.00000     0.999998      1989162    655360.00
126133.00000     0.999999      1989163    748982.86
126133.00000     0.999999      1989163    873813.33
127045.00000     0.999999      1989164   1048576.00
127045.00000     0.999999      1989164   1165084.44
127045.00000     0.999999      1989164   1310720.00
127045.00000     0.999999      1989164   1497965.71
127045.00000     0.999999      1989164   1747626.67
249898.00000     1.000000      1989165   2097152.00
249898.00000     1.000000      1989165          inf
#[Mean    =      175.358, StdDeviation   =      460.001]
#[Max     =   249898.000, Total count    =      1989165]
#[Buckets =           13, SubBuckets     =       262144]
       Value   Percentile   TotalCount 1/(1-Percentile)

    74.00000     0.000000            1         1.00
   172.00000     0.100000       263229         1.11
   197.00000     0.200000       473441         1.25
   222.00000     0.300000       674943         1.43
   246.00000     0.400000       885507         1.67
   271.00000     0.500000      1100939         2.00
   271.00000     0.550000      1100939         2.22
   283.00000     0.600000      1209233         2.50
   296.00000     0.650000      1318884         2.86
   308.00000     0.700000      1428205         3.33
   320.00000     0.750000      1534779         4.00
   333.00000     0.775000      1635834         4.44
   333.00000     0.800000      1635834         5.00
   345.00000     0.825000      1729525         5.71
   345.00000     0.850000      1729525         6.67
   357.00000     0.875000      1794403         8.00
   357.00000     0.887500      1794403         8.89
   357.00000     0.900000      1794403        10.00
   370.00000     0.912500      1830251        11.43
   382.00000     0.925000      1879672        13.33
   382.00000     0.937500      1879672        16.00
   382.00000     0.943750      1879672        17.78
   394.00000     0.950000      1906916        20.00
   394.00000     0.956250      1906916        22.86
   407.00000     0.962500      1920531        26.67
   419.00000     0.968750      1930544        32.00
   431.00000     0.971875      1938774        35.56
   444.00000     0.975000      1945396        40.00
   456.00000     0.978125      1950253        45.71
   468.00000     0.981250      1953423        53.33
   505.00000     0.984375      1958574        64.00
   555.00000     0.985938      1961711        71.11
   641.00000     0.987500      1964376        80.00
   789.00000     0.989062      1967588        91.43
   962.00000     0.990625      1970636       106.67
  1073.00000     0.992188      1973803       128.00
  1196.00000     0.992969      1975205       142.22
  1344.00000     0.993750      1976738       160.00
  1529.00000     0.994531      1978307       182.86
  1714.00000     0.995313      1979921       213.33
  1998.00000     0.996094      1981397       256.00
  2195.00000     0.996484      1982176       284.44
  2417.00000     0.996875      1982991       320.00
  2750.00000     0.997266      1983750       365.71
  3083.00000     0.997656      1984510       426.67
  3552.00000     0.998047      1985297       512.00
  3922.00000     0.998242      1985670       568.89
  4255.00000     0.998437      1986061       640.00
  4760.00000     0.998633      1986446       731.43
  5241.00000     0.998828      1986839       853.33
  5550.00000     0.999023      1987229      1024.00
  5735.00000     0.999121      1987435      1137.78
  6006.00000     0.999219      1987615      1280.00
  6314.00000     0.999316      1987808      1462.86
  6820.00000     0.999414      1988000      1706.67
  7572.00000     0.999512      1988194      2048.00
  8300.00000     0.999561      1988291      2275.56
  9077.00000     0.999609      1988389      2560.00
  9965.00000     0.999658      1988487      2925.71
 11605.00000     0.999707      1988583      3413.33
 13529.00000     0.999756      1988680      4096.00
 15182.00000     0.999780      1988728      4551.11
 18327.00000     0.999805      1988777      5120.00
 22200.00000     0.999829      1988826      5851.43
 27676.00000     0.999854      1988874      6826.67
 34496.00000     0.999878      1988923      8192.00
 39294.00000     0.999890      1988947      9102.22
 45004.00000     0.999902      1988971     10240.00
 50283.00000     0.999915      1988996     11702.86
 57066.00000     0.999927      1989020     13653.33
 64959.00000     0.999939      1989044     16384.00
 69091.00000     0.999945      1989056     18204.44
 72273.00000     0.999951      1989068     20480.00
 78477.00000     0.999957      1989081     23405.71
 85248.00000     0.999963      1989093     27306.67
 90810.00000     0.999969      1989105     32768.00
 93721.00000     0.999973      1989111     36408.89
 96237.00000     0.999976      1989117     40960.00
103057.00000     0.999979      1989123     46811.43
111370.00000     0.999982      1989129     54613.33
119288.00000     0.999985      1989135     65536.00
120213.00000     0.999986      1989138     72817.78
124702.00000     0.999988      1989141     81920.00
138503.00000     0.999989      1989144     93622.86
142968.00000     0.999991      1989147    109226.67
156152.00000     0.999992      1989150    131072.00
163663.00000     0.999993      1989152    145635.56
164748.00000     0.999994      1989153    163840.00
174825.00000     0.999995      1989155    187245.71
174948.00000     0.999995      1989156    218453.33
178377.00000     0.999996      1989158    262144.00
181793.00000     0.999997      1989159    291271.11
181793.00000     0.999997      1989159    327680.00
195125.00000     0.999997      1989160    374491.43
198468.00000     0.999998      1989161    436906.67
203167.00000     0.999998      1989162    524288.00
203167.00000     0.999998      1989162    582542.22
203167.00000     0.999998      1989162    655360.00
211664.00000     0.999999      1989163    748982.86
211664.00000     0.999999      1989163    873813.33
216092.00000     0.999999      1989164   1048576.00
216092.00000     0.999999      1989164   1165084.44
216092.00000     0.999999      1989164   1310720.00
216092.00000     0.999999      1989164   1497965.71
216092.00000     0.999999      1989164   1747626.67
233470.00000     1.000000      1989165   2097152.00
233470.00000     1.000000      1989165          inf
#[Mean    =      298.436, StdDeviation   =     1012.879]
#[Max     =   233470.000, Total count    =      1989165]
#[Buckets =           13, SubBuckets     =       262144]
       Value   Percentile   TotalCount 1/(1-Percentile)

     0.00000     0.000000       292150         1.00
     0.00000     0.100000       292150         1.11
    12.00000     0.200000      1951643         1.25
    12.00000     0.300000      1951643         1.43
    12.00000     0.400000      1951643         1.67
    12.00000     0.500000      1951643         2.00
    12.00000     0.550000      1951643         2.22
    12.00000     0.600000      1951643         2.50
    12.00000     0.650000      1951643         2.86
    12.00000     0.700000      1951643         3.33
    12.00000     0.750000      1951643         4.00
    12.00000     0.775000      1951643         4.44
    12.00000     0.800000      1951643         5.00
    12.00000     0.825000      1951643         5.71
    12.00000     0.850000      1951643         6.67
    12.00000     0.875000      1951643         8.00
    12.00000     0.887500      1951643         8.89
    12.00000     0.900000      1951643        10.00
    12.00000     0.912500      1951643        11.43
    12.00000     0.925000      1951643        13.33
    12.00000     0.937500      1951643        16.00
    12.00000     0.943750      1951643        17.78
    12.00000     0.950000      1951643        20.00
    12.00000     0.956250      1951643        22.86
    12.00000     0.962500      1951643        26.67
    12.00000     0.968750      1951643        32.00
    12.00000     0.971875      1951643        35.56
    12.00000     0.975000      1951643        40.00
    12.00000     0.978125      1951643        45.71
    24.00000     0.981250      1984174        53.33
    24.00000     0.984375      1984174        64.00
    24.00000     0.985938      1984174        71.11
    24.00000     0.987500      1984174        80.00
    24.00000     0.989062      1984174        91.43
    24.00000     0.990625      1984174       106.67
    24.00000     0.992188      1984174       128.00
    24.00000     0.992969      1984174       142.22
    24.00000     0.993750      1984174       160.00
    24.00000     0.994531      1984174       182.86
    24.00000     0.995313      1984174       213.33
    24.00000     0.996094      1984174       256.00
    24.00000     0.996484      1984174       284.44
    24.00000     0.996875      1984174       320.00
    24.00000     0.997266      1984174       365.71
    37.00000     0.997656      1986685       426.67
    37.00000     0.998047      1986685       512.00
    37.00000     0.998242      1986685       568.89
    37.00000     0.998437      1986685       640.00
    37.00000     0.998633      1986685       731.43
    49.00000     0.998828      1987730       853.33
    49.00000     0.999023      1987730      1024.00
    49.00000     0.999121      1987730      1137.78
    49.00000     0.999219      1987730      1280.00
    61.00000     0.999316      1988014      1462.86
    61.00000     0.999414      1988014      1706.67
    86.00000     0.999512      1988247      2048.00
    98.00000     0.999561      1988322      2275.56
   111.00000     0.999609      1988418      2560.00
   135.00000     0.999658      1988526      2925.71
   160.00000     0.999707      1988628      3413.33
   185.00000     0.999756      1988684      4096.00
   234.00000     0.999780      1988738      4551.11
   283.00000     0.999805      1988783      5120.00
   320.00000     0.999829      1988827      5851.43
   357.00000     0.999854      1988874      6826.67
   431.00000     0.999878      1988930      8192.00
   468.00000     0.999890      1988952      9102.22
   518.00000     0.999902      1988975     10240.00
   567.00000     0.999915      1989001     11702.86
   629.00000     0.999927      1989025     13653.33
   666.00000     0.999939      1989047     16384.00
   690.00000     0.999945      1989056     18204.44
   740.00000     0.999951      1989071     20480.00
   777.00000     0.999957      1989082     23405.71
   826.00000     0.999963      1989093     27306.67
  1085.00000     0.999969      1989106     32768.00
  1258.00000     0.999973      1989111     36408.89
  4995.00000     0.999976      1989118     40960.00
  5143.00000     0.999979      1989123     46811.43
  5217.00000     0.999982      1989130     54613.33
  5254.00000     0.999985      1989135     65536.00
  5291.00000     0.999986      1989138     72817.78
  5315.00000     0.999988      1989142     81920.00
  5328.00000     0.999989      1989145     93622.86
  5365.00000     0.999991      1989147    109226.67
  5389.00000     0.999992      1989150    131072.00
  5414.00000     0.999993      1989153    145635.56
  5414.00000     0.999994      1989153    163840.00
  5476.00000     0.999995      1989155    187245.71
  5488.00000     0.999995      1989156    218453.33
  5698.00000     0.999996      1989158    262144.00
  5735.00000     0.999997      1989159    291271.11
  5735.00000     0.999997      1989159    327680.00
  5883.00000     0.999997      1989160    374491.43
  5944.00000     0.999998      1989161    436906.67
  6105.00000     0.999998      1989162    524288.00
  6105.00000     0.999998      1989162    582542.22
  6105.00000     0.999998      1989162    655360.00
  6401.00000     0.999999      1989163    748982.86
  6401.00000     0.999999      1989163    873813.33
  6475.00000     0.999999      1989164   1048576.00
  6475.00000     0.999999      1989164   1165084.44
  6475.00000     0.999999      1989164   1310720.00
  6475.00000     0.999999      1989164   1497965.71
  6475.00000     0.999999      1989164   1747626.67
  6647.00000     1.000000      1989165   2097152.00
  6647.00000     1.000000      1989165          inf
#[Mean    =       10.761, StdDeviation   =       28.780]
#[Max     =     6647.000, Total count    =      1989165]
#[Buckets =           13, SubBuckets     =       262144]
       Value   Percentile   TotalCount 1/(1-Percentile)

   629.00000     0.000000            4         1.00
   912.00000     0.100000       440966         1.11
   912.00000     0.200000       440966         1.25
   925.00000     0.300000       969366         1.43
   925.00000     0.400000       969366         1.67
   937.00000     0.500000      1359483         2.00
   937.00000     0.550000      1359483         2.22
   937.00000     0.600000      1359483         2.50
   937.00000     0.650000      1359483         2.86
   949.00000     0.700000      1542788         3.33
   949.00000     0.750000      1542788         4.00
   949.00000     0.775000      1542788         4.44
   962.00000     0.800000      1634577         5.00
   974.00000     0.825000      1718784         5.71
   974.00000     0.850000      1718784         6.67
   986.00000     0.875000      1791071         8.00
   986.00000     0.887500      1791071         8.89
   986.00000     0.900000      1791071        10.00
   999.00000     0.912500      1831778        11.43
  1011.00000     0.925000      1848477        13.33
  1048.00000     0.937500      1869339        16.00
  1122.00000     0.943750      1878234        17.78
  1196.00000     0.950000      1891016        20.00
  1258.00000     0.956250      1903548        22.86
  1344.00000     0.962500      1915139        26.67
  1455.00000     0.968750      1927862        32.00
  1529.00000     0.971875      1933535        35.56
  1961.00000     0.975000      1939436        40.00
  5808.00000     0.978125      1945685        45.71
  5895.00000     0.981250      1953267        53.33
  5944.00000     0.984375      1959702        64.00
  5957.00000     0.985938      1961386        71.11
  5981.00000     0.987500      1964830        80.00
  6006.00000     0.989062      1968183        91.43
  6031.00000     0.990625      1971159       106.67
  6055.00000     0.992188      1973863       128.00
  6080.00000     0.992969      1976236       142.22
  6092.00000     0.993750      1977319       160.00
  6105.00000     0.994531      1978306       182.86
  6129.00000     0.995313      1980015       213.33
  6166.00000     0.996094      1981887       256.00
  6179.00000     0.996484      1982360       284.44
  6203.00000     0.996875      1983138       320.00
  6228.00000     0.997266      1983840       365.71
  6265.00000     0.997656      1984578       426.67
  6314.00000     0.998047      1985302       512.00
  6351.00000     0.998242      1985725       568.89
  6388.00000     0.998437      1986089       640.00
  6438.00000     0.998633      1986451       731.43
  6512.00000     0.998828      1986842       853.33
  6660.00000     0.999023      1987231      1024.00
  6845.00000     0.999121      1987421      1137.78
  7202.00000     0.999219      1987611      1280.00
  7511.00000     0.999316      1987809      1462.86
  7695.00000     0.999414      1988000      1706.67
  7831.00000     0.999512      1988198      2048.00
  7905.00000     0.999561      1988300      2275.56
  7992.00000     0.999609      1988393      2560.00
  8078.00000     0.999658      1988500      2925.71
  8177.00000     0.999707      1988592      3413.33
  8300.00000     0.999756      1988681      4096.00
  8362.00000     0.999780      1988729      4551.11
  8460.00000     0.999805      1988784      5120.00
  8534.00000     0.999829      1988826      5851.43
  8670.00000     0.999854      1988877      6826.67
  8855.00000     0.999878      1988923      8192.00
  8941.00000     0.999890      1988949      9102.22
  9065.00000     0.999902      1988971     10240.00
  9225.00000     0.999915      1988996     11702.86
  9459.00000     0.999927      1989021     13653.33
  9928.00000     0.999939      1989044     16384.00
 10101.00000     0.999945      1989056     18204.44
 10409.00000     0.999951      1989068     20480.00
 11309.00000     0.999957      1989082     23405.71
 12061.00000     0.999963      1989093     27306.67
 12752.00000     0.999969      1989105     32768.00
 13233.00000     0.999973      1989112     36408.89
 15108.00000     0.999976      1989117     40960.00
 16033.00000     0.999979      1989123     46811.43
 16354.00000     0.999982      1989129     54613.33
 16946.00000     0.999985      1989135     65536.00
 17106.00000     0.999986      1989138     72817.78
 17192.00000     0.999988      1989142     81920.00
 17710.00000     0.999989      1989144     93622.86
 18413.00000     0.999991      1989147    109226.67
 18610.00000     0.999992      1989150    131072.00
 18944.00000     0.999993      1989152    145635.56
 19055.00000     0.999994      1989153    163840.00
 19499.00000     0.999995      1989156    187245.71
 19499.00000     0.999995      1989156    218453.33
 20152.00000     0.999996      1989158    262144.00
 21213.00000     0.999997      1989159    291271.11
 21213.00000     0.999997      1989159    327680.00
 23396.00000     0.999997      1989160    374491.43
 24000.00000     0.999998      1989161    436906.67
 26775.00000     0.999998      1989162    524288.00
 26775.00000     0.999998      1989162    582542.22
 26775.00000     0.999998      1989162    655360.00
 40021.00000     0.999999      1989163    748982.86
 40021.00000     0.999999      1989163    873813.33
 42562.00000     0.999999      1989164   1048576.00
 42562.00000     0.999999      1989164   1165084.44
 42562.00000     0.999999      1989164   1310720.00
 42562.00000     0.999999      1989164   1497965.71
 42562.00000     0.999999      1989164   1747626.67
 88171.00000     1.000000      1989165   2097152.00
 88171.00000     1.000000      1989165          inf
#[Mean    =     1071.092, StdDeviation   =      792.393]
#[Max     =    88171.000, Total count    =      1989165]
#[Buckets =           13, SubBuckets     =       262144]

=== EXCHANGE STDERR ===
matching tid: 50088
