=== CLIENT STDERR ===
=== Exchange load generator ===
  clients  : 10
  seed     : 1124842096
  target   : 127.0.0.1:4000
  thread id: 49863
Ctrl-C to stop.


=== Stats ===
  elapsed         : 14.999 s
  requests sent   : 2569909
  ACK responses   : 2569899
  MATCH responses : 1473525
  ERR responses   : 0
  orders in flight: -10
  --- throughput ---
  requests/s      : 171340
  ACK/s           : 171340
  MATCH/s         : 98243
  ERR/s           : 0
  total resp/s    : 171340

=== EXCHANGE STDOUT ===
exchange tid: 49857
inbound thread: 49864
outbound thread: 49865
       Value   Percentile   TotalCount 1/(1-Percentile)

  2084.00000     0.000000            1         1.00
  2368.00000     0.100000       238583         1.11
  2405.00000     0.200000       400214         1.25
  2454.00000     0.300000       655605         1.43
  2491.00000     0.400000       848650         1.67
  2528.00000     0.500000      1024015         2.00
  2553.00000     0.550000      1126287         2.22
  2577.00000     0.600000      1214251         2.50
  2602.00000     0.650000      1288958         2.86
  2651.00000     0.700000      1403398         3.33
  2701.00000     0.750000      1485506         4.00
  2738.00000     0.775000      1532222         4.44
  2787.00000     0.800000      1581447         5.00
  2861.00000     0.825000      1638074         5.71
  2935.00000     0.850000      1682988         6.67
  3034.00000     0.875000      1730727         8.00
  3095.00000     0.887500      1755356         8.89
  3169.00000     0.900000      1780101        10.00
  3256.00000     0.912500      1804184        11.43
  3379.00000     0.925000      1829195        13.33
  3564.00000     0.937500      1852970        16.00
  3724.00000     0.943750      1866070        17.78
  3946.00000     0.950000      1877831        20.00
  4366.00000     0.956250      1890156        22.86
  5648.00000     0.962500      1902369        26.67
  7264.00000     0.968750      1914900        32.00
  7412.00000     0.971875      1921533        35.56
  7486.00000     0.975000      1927557        40.00
  7560.00000     0.978125      1934101        45.71
  7634.00000     0.981250      1940209        53.33
  7720.00000     0.984375      1945958        64.00
  7782.00000     0.985938      1949029        71.11
  7868.00000     0.987500      1952147        80.00
  7979.00000     0.989062      1954961        91.43
  8189.00000     0.990625      1958027       106.67
  8621.00000     0.992188      1961037       128.00
  9040.00000     0.992969      1962581       142.22
  9558.00000     0.993750      1964130       160.00
 10051.00000     0.994531      1965664       182.86
 10742.00000     0.995313      1967212       213.33
 12296.00000     0.996094      1968753       256.00
 14146.00000     0.996484      1969525       284.44
 18574.00000     0.996875      1970295       320.00
 25061.00000     0.997266      1971068       365.71
 35298.00000     0.997656      1971839       426.67
 46065.00000     0.998047      1972611       512.00
 51380.00000     0.998242      1972997       568.89
 57041.00000     0.998437      1973383       640.00
 62764.00000     0.998633      1973769       731.43
 70065.00000     0.998828      1974155       853.33
 77367.00000     0.999023      1974541      1024.00
 81683.00000     0.999121      1974734      1137.78
 84101.00000     0.999219      1974927      1280.00
 89071.00000     0.999316      1975120      1462.86
 94165.00000     0.999414      1975314      1706.67
 99197.00000     0.999512      1975508      2048.00
 99998.00000     0.999561      1975604      2275.56
103341.00000     0.999609      1975699      2560.00
105413.00000     0.999658      1975796      2925.71
110691.00000     0.999707      1975892      3413.33
128538.00000     0.999756      1975989      4096.00
138861.00000     0.999780      1976037      4551.11
152995.00000     0.999805      1976085      5120.00
165834.00000     0.999829      1976134      5851.43
180486.00000     0.999854      1976182      6826.67
195656.00000     0.999878      1976230      8192.00
207298.00000     0.999890      1976254      9102.22
219706.00000     0.999902      1976278     10240.00
230830.00000     0.999915      1976303     11702.86
252179.00000     0.999927      1976327     13653.33
265191.00000     0.999939      1976351     16384.00
272357.00000     0.999945      1976363     18204.44
285739.00000     0.999951      1976375     20480.00
294433.00000     0.999957      1976387     23405.71
310505.00000     0.999963      1976399     27306.67
329633.00000     0.999969      1976411     32768.00
335701.00000     0.999973      1976417     36408.89
343003.00000     0.999976      1976423     40960.00
354017.00000     0.999979      1976429     46811.43
372775.00000     0.999982      1976435     54613.33
378745.00000     0.999985      1976441     65536.00
383259.00000     0.999986      1976444     72817.78
399279.00000     0.999988      1976447     81920.00
413783.00000     0.999989      1976450     93622.86
419211.00000     0.999991      1976453    109226.67
435601.00000     0.999992      1976456    131072.00
443889.00000     0.999993      1976459    145635.56
443889.00000     0.999994      1976459    163840.00
446503.00000     0.999995      1976461    187245.71
447873.00000     0.999995      1976462    218453.33
474993.00000     0.999996      1976464    262144.00
477571.00000     0.999997      1976465    291271.11
477571.00000     0.999997      1976465    327680.00
492619.00000     0.999997      1976466    374491.43
500153.00000     0.999998      1976467    436906.67
546307.00000     0.999998      1976468    524288.00
546307.00000     0.999998      1976468    582542.22
546307.00000     0.999998      1976468    655360.00
570987.00000     0.999999      1976469    748982.86
570987.00000     0.999999      1976469    873813.33
617075.00000     0.999999      1976471   1048576.00
617075.00000     1.000000      1976471          inf
#[Mean    =     3010.217, StdDeviation   =     5028.331]
#[Max     =   617075.000, Total count    =      1976471]
#[Buckets =           13, SubBuckets     =       262144]
       Value   Percentile   TotalCount 1/(1-Percentile)

   986.00000     0.000000            6         1.00
  1036.00000     0.100000       299702         1.11
  1048.00000     0.200000       942061         1.25
  1048.00000     0.300000       942061         1.43
  1048.00000     0.400000       942061         1.67
  1060.00000     0.500000      1506155         2.00
  1060.00000     0.550000      1506155         2.22
  1060.00000     0.600000      1506155         2.50
  1060.00000     0.650000      1506155         2.86
  1060.00000     0.700000      1506155         3.33
  1060.00000     0.750000      1506155         4.00
  1073.00000     0.775000      1689883         4.44
  1073.00000     0.800000      1689883         5.00
  1073.00000     0.825000      1689883         5.71
  1073.00000     0.850000      1689883         6.67
  1097.00000     0.875000      1732166         8.00
  1122.00000     0.887500      1754341         8.89
  1208.00000     0.900000      1778879        10.00
  1295.00000     0.912500      1804214        11.43
  1344.00000     0.925000      1834236        13.33
  1381.00000     0.937500      1859701        16.00
  1393.00000     0.943750      1867884        17.78
  1418.00000     0.950000      1882465        20.00
  1443.00000     0.956250      1894380        22.86
  1467.00000     0.962500      1905076        26.67
  1492.00000     0.968750      1914803        32.00
  1517.00000     0.971875      1924161        35.56
  1529.00000     0.975000      1928695        40.00
  1554.00000     0.978125      1937009        45.71
  1566.00000     0.981250      1940669        53.33
  1591.00000     0.984375      1946970        64.00
  1603.00000     0.985938      1949645        71.11
  1615.00000     0.987500      1951988        80.00
  1640.00000     0.989062      1955921        91.43
  1665.00000     0.990625      1958890       106.67
  1689.00000     0.992188      1961211       128.00
  1714.00000     0.992969      1963073       142.22
  1739.00000     0.993750      1964532       160.00
  1763.00000     0.994531      1965692       182.86
  1825.00000     0.995313      1967389       213.33
  2010.00000     0.996094      1968796       256.00
  2220.00000     0.996484      1969537       284.44
  2491.00000     0.996875      1970310       320.00
  2923.00000     0.997266      1971071       365.71
  3946.00000     0.997656      1971843       426.67
  5759.00000     0.998047      1972633       512.00
  5944.00000     0.998242      1973013       568.89
  6105.00000     0.998437      1973404       640.00
  6265.00000     0.998633      1973780       731.43
  6425.00000     0.998828      1974165       853.33
  6573.00000     0.999023      1974551      1024.00
  6660.00000     0.999121      1974750      1137.78
  6746.00000     0.999219      1974934      1280.00
  6857.00000     0.999316      1975133      1462.86
  6980.00000     0.999414      1975314      1706.67
  7153.00000     0.999512      1975511      2048.00
  7276.00000     0.999561      1975608      2275.56
  7424.00000     0.999609      1975705      2560.00
  7622.00000     0.999658      1975798      2925.71
  7893.00000     0.999707      1975892      3413.33
  8337.00000     0.999756      1975989      4096.00
  8682.00000     0.999780      1976038      4551.11
  8991.00000     0.999805      1976085      5120.00
  9311.00000     0.999829      1976137      5851.43
  9743.00000     0.999854      1976182      6826.67
 10187.00000     0.999878      1976230      8192.00
 10495.00000     0.999890      1976255      9102.22
 10927.00000     0.999902      1976278     10240.00
 11445.00000     0.999915      1976303     11702.86
 11975.00000     0.999927      1976327     13653.33
 12604.00000     0.999939      1976351     16384.00
 13110.00000     0.999945      1976364     18204.44
 13542.00000     0.999951      1976375     20480.00
 14047.00000     0.999957      1976387     23405.71
 14775.00000     0.999963      1976399     27306.67
 16058.00000     0.999969      1976411     32768.00
 17069.00000     0.999973      1976417     36408.89
 17809.00000     0.999976      1976423     40960.00
 19264.00000     0.999979      1976429     46811.43
 20078.00000     0.999982      1976435     54613.33
 23741.00000     0.999985      1976441     65536.00
 26307.00000     0.999986      1976444     72817.78
 27491.00000     0.999988      1976447     81920.00
 27725.00000     0.999989      1976450     93622.86
 29180.00000     0.999991      1976453    109226.67
 29624.00000     0.999992      1976456    131072.00
 29883.00000     0.999993      1976458    145635.56
 30882.00000     0.999994      1976459    163840.00
 38258.00000     0.999995      1976461    187245.71
 38517.00000     0.999995      1976462    218453.33
 61938.00000     0.999996      1976464    262144.00
 72113.00000     0.999997      1976465    291271.11
 72113.00000     0.999997      1976465    327680.00
 77737.00000     0.999997      1976466    374491.43
108286.00000     0.999998      1976467    436906.67
109310.00000     0.999998      1976468    524288.00
109310.00000     0.999998      1976468    582542.22
109310.00000     0.999998      1976468    655360.00
170631.00000     0.999999      1976469    748982.86
170631.00000     0.999999      1976469    873813.33
171421.00000     0.999999      1976470   1048576.00
171421.00000     0.999999      1976470   1165084.44
171421.00000     0.999999      1976470   1310720.00
171421.00000     0.999999      1976470   1497965.71
171421.00000     0.999999      1976470   1747626.67
171507.00000     1.000000      1976471   2097152.00
171507.00000     1.000000      1976471          inf
#[Mean    =     1108.318, StdDeviation   =      415.972]
#[Max     =   171507.000, Total count    =      1976471]
#[Buckets =           13, SubBuckets     =       262144]
       Value   Percentile   TotalCount 1/(1-Percentile)

     0.00000     0.000000       109012         1.00
    12.00000     0.100000      1443068         1.11
    12.00000     0.200000      1443068         1.25
    12.00000     0.300000      1443068         1.43
    12.00000     0.400000      1443068         1.67
    12.00000     0.500000      1443068         2.00
    12.00000     0.550000      1443068         2.22
    12.00000     0.600000      1443068         2.50
    12.00000     0.650000      1443068         2.86
    12.00000     0.700000      1443068         3.33
    24.00000     0.750000      1964944         4.00
    24.00000     0.775000      1964944         4.44
    24.00000     0.800000      1964944         5.00
    24.00000     0.825000      1964944         5.71
    24.00000     0.850000      1964944         6.67
    24.00000     0.875000      1964944         8.00
    24.00000     0.887500      1964944         8.89
    24.00000     0.900000      1964944        10.00
    24.00000     0.912500      1964944        11.43
    24.00000     0.925000      1964944        13.33
    24.00000     0.937500      1964944        16.00
    24.00000     0.943750      1964944        17.78
    24.00000     0.950000      1964944        20.00
    24.00000     0.956250      1964944        22.86
    24.00000     0.962500      1964944        26.67
    24.00000     0.968750      1964944        32.00
    24.00000     0.971875      1964944        35.56
    24.00000     0.975000      1964944        40.00
    24.00000     0.978125      1964944        45.71
    24.00000     0.981250      1964944        53.33
    24.00000     0.984375      1964944        64.00
    24.00000     0.985938      1964944        71.11
    24.00000     0.987500      1964944        80.00
    24.00000     0.989062      1964944        91.43
    24.00000     0.990625      1964944       106.67
    24.00000     0.992188      1964944       128.00
    24.00000     0.992969      1964944       142.22
    24.00000     0.993750      1964944       160.00
    37.00000     0.994531      1973623       182.86
    37.00000     0.995313      1973623       213.33
    37.00000     0.996094      1973623       256.00
    37.00000     0.996484      1973623       284.44
    37.00000     0.996875      1973623       320.00
    37.00000     0.997266      1973623       365.71
    37.00000     0.997656      1973623       426.67
    37.00000     0.998047      1973623       512.00
    37.00000     0.998242      1973623       568.89
    37.00000     0.998437      1973623       640.00
    49.00000     0.998633      1975624       731.43
    49.00000     0.998828      1975624       853.33
    49.00000     0.999023      1975624      1024.00
    49.00000     0.999121      1975624      1137.78
    49.00000     0.999219      1975624      1280.00
    49.00000     0.999316      1975624      1462.86
    49.00000     0.999414      1975624      1706.67
    49.00000     0.999512      1975624      2048.00
    49.00000     0.999561      1975624      2275.56
    61.00000     0.999609      1976164      2560.00
    61.00000     0.999658      1976164      2925.71
    61.00000     0.999707      1976164      3413.33
    61.00000     0.999756      1976164      4096.00
    61.00000     0.999780      1976164      4551.11
    61.00000     0.999805      1976164      5120.00
    61.00000     0.999829      1976164      5851.43
    74.00000     0.999854      1976268      6826.67
    74.00000     0.999878      1976268      8192.00
    74.00000     0.999890      1976268      9102.22
    86.00000     0.999902      1976307     10240.00
    86.00000     0.999915      1976307     11702.86
    98.00000     0.999927      1976337     13653.33
   111.00000     0.999939      1976356     16384.00
   123.00000     0.999945      1976374     18204.44
   135.00000     0.999951      1976387     20480.00
   135.00000     0.999957      1976387     23405.71
   148.00000     0.999963      1976403     27306.67
   160.00000     0.999969      1976412     32768.00
   172.00000     0.999973      1976418     36408.89
   197.00000     0.999976      1976427     40960.00
   209.00000     0.999979      1976432     46811.43
   222.00000     0.999982      1976437     54613.33
   246.00000     0.999985      1976441     65536.00
   271.00000     0.999986      1976444     72817.78
   320.00000     0.999988      1976450     81920.00
   320.00000     0.999989      1976450     93622.86
   345.00000     0.999991      1976454    109226.67
   357.00000     0.999992      1976456    131072.00
   394.00000     0.999993      1976459    145635.56
   394.00000     0.999994      1976459    163840.00
   431.00000     0.999995      1976461    187245.71
   468.00000     0.999995      1976462    218453.33
   653.00000     0.999996      1976464    262144.00
   666.00000     0.999997      1976465    291271.11
   666.00000     0.999997      1976465    327680.00
   925.00000     0.999997      1976466    374491.43
   949.00000     0.999998      1976467    436906.67
  1270.00000     0.999998      1976468    524288.00
  1270.00000     0.999998      1976468    582542.22
  1270.00000     0.999998      1976468    655360.00
  3280.00000     0.999999      1976469    748982.86
  3280.00000     0.999999      1976469    873813.33
  4538.00000     0.999999      1976470   1048576.00
  4538.00000     0.999999      1976470   1165084.44
  4538.00000     0.999999      1976470   1310720.00
  4538.00000     0.999999      1976470   1497965.71
  4538.00000     0.999999      1976470   1747626.67
  5562.00000     1.000000      1976471   2097152.00
  5562.00000     1.000000      1976471          inf
#[Mean    =       14.693, StdDeviation   =        8.931]
#[Max     =     5562.000, Total count    =      1976471]
#[Buckets =           13, SubBuckets     =       262144]
       Value   Percentile   TotalCount 1/(1-Percentile)

    61.00000     0.000000            3         1.00
    98.00000     0.100000      1214957         1.11
    98.00000     0.200000      1214957         1.25
    98.00000     0.300000      1214957         1.43
    98.00000     0.400000      1214957         1.67
    98.00000     0.500000      1214957         2.00
    98.00000     0.550000      1214957         2.22
    98.00000     0.600000      1214957         2.50
   111.00000     0.650000      1579215         2.86
   111.00000     0.700000      1579215         3.33
   111.00000     0.750000      1579215         4.00
   111.00000     0.775000      1579215         4.44
   123.00000     0.800000      1807081         5.00
   123.00000     0.825000      1807081         5.71
   123.00000     0.850000      1807081         6.67
   123.00000     0.875000      1807081         8.00
   123.00000     0.887500      1807081         8.89
   123.00000     0.900000      1807081        10.00
   123.00000     0.912500      1807081        11.43
   135.00000     0.925000      1943754        13.33
   135.00000     0.937500      1943754        16.00
   135.00000     0.943750      1943754        17.78
   135.00000     0.950000      1943754        20.00
   135.00000     0.956250      1943754        22.86
   135.00000     0.962500      1943754        26.67
   135.00000     0.968750      1943754        32.00
   135.00000     0.971875      1943754        35.56
   135.00000     0.975000      1943754        40.00
   135.00000     0.978125      1943754        45.71
   135.00000     0.981250      1943754        53.33
   148.00000     0.984375      1957917        64.00
   148.00000     0.985938      1957917        71.11
   148.00000     0.987500      1957917        80.00
   148.00000     0.989062      1957917        91.43
   160.00000     0.990625      1961492       106.67
   160.00000     0.992188      1961492       128.00
   172.00000     0.992969      1963194       142.22
   185.00000     0.993750      1964316       160.00
   209.00000     0.994531      1965765       182.86
   259.00000     0.995313      1967498       213.33
   320.00000     0.996094      1968768       256.00
   382.00000     0.996484      1969653       284.44
   444.00000     0.996875      1970422       320.00
   505.00000     0.997266      1971124       365.71
   592.00000     0.997656      1971872       426.67
   690.00000     0.998047      1972677       512.00
   740.00000     0.998242      1973025       568.89
   814.00000     0.998437      1973441       640.00
   875.00000     0.998633      1973770       731.43
   986.00000     0.998828      1974175       853.33
  1147.00000     0.999023      1974548      1024.00
  1282.00000     0.999121      1974747      1137.78
  1443.00000     0.999219      1974931      1280.00
  1640.00000     0.999316      1975122      1462.86
  2096.00000     0.999414      1975316      1706.67
  3379.00000     0.999512      1975506      2048.00
  4378.00000     0.999561      1975603      2275.56
  5562.00000     0.999609      1975699      2560.00
  7967.00000     0.999658      1975796      2925.71
 11655.00000     0.999707      1975892      3413.33
 18352.00000     0.999756      1975989      4096.00
 26307.00000     0.999780      1976037      4551.11
 42710.00000     0.999805      1976085      5120.00
 60014.00000     0.999829      1976134      5851.43
 76158.00000     0.999854      1976182      6826.67
 93363.00000     0.999878      1976230      8192.00
104993.00000     0.999890      1976254      9102.22
116796.00000     0.999902      1976278     10240.00
129709.00000     0.999915      1976303     11702.86
144657.00000     0.999927      1976327     13653.33
153994.00000     0.999939      1976351     16384.00
160432.00000     0.999945      1976365     18204.44
165562.00000     0.999951      1976375     20480.00
172740.00000     0.999957      1976387     23405.71
183507.00000     0.999963      1976399     27306.67
196272.00000     0.999969      1976411     32768.00
205362.00000     0.999973      1976417     36408.89
213638.00000     0.999976      1976423     40960.00
219656.00000     0.999979      1976429     46811.43
225860.00000     0.999982      1976435     54613.33
232779.00000     0.999985      1976441     65536.00
234284.00000     0.999986      1976444     72817.78
239427.00000     0.999988      1976447     81920.00
242732.00000     0.999989      1976450     93622.86
247727.00000     0.999991      1976453    109226.67
259481.00000     0.999992      1976456    131072.00
265661.00000     0.999993      1976458    145635.56
270593.00000     0.999994      1976459    163840.00
279721.00000     0.999995      1976461    187245.71
288379.00000     0.999995      1976462    218453.33
296505.00000     0.999996      1976464    262144.00
297567.00000     0.999997      1976465    291271.11
297567.00000     0.999997      1976465    327680.00
306151.00000     0.999997      1976466    374491.43
313365.00000     0.999998      1976467    436906.67
324047.00000     0.999998      1976468    524288.00
324047.00000     0.999998      1976468    582542.22
324047.00000     0.999998      1976468    655360.00
332297.00000     0.999999      1976469    748982.86
332297.00000     0.999999      1976469    873813.33
350539.00000     0.999999      1976470   1048576.00
350539.00000     0.999999      1976470   1165084.44
350539.00000     0.999999      1976470   1310720.00
350539.00000     0.999999      1976470   1497965.71
350539.00000     0.999999      1976470   1747626.67
358295.00000     1.000000      1976471   2097152.00
358295.00000     1.000000      1976471          inf
#[Mean    =      136.669, StdDeviation   =     2031.020]
#[Max     =   358295.000, Total count    =      1976471]
#[Buckets =           13, SubBuckets     =       262144]
       Value   Percentile   TotalCount 1/(1-Percentile)

     0.00000     0.000000        12523         1.00
    37.00000     0.100000       415703         1.11
    37.00000     0.200000       415703         1.25
    49.00000     0.300000       767851         1.43
    61.00000     0.400000       843208         1.67
    98.00000     0.500000      1027416         2.00
   111.00000     0.550000      1106308         2.22
   135.00000     0.600000      1244641         2.50
   148.00000     0.650000      1309029         2.86
   172.00000     0.700000      1426362         3.33
   197.00000     0.750000      1519930         4.00
   209.00000     0.775000      1559322         4.44
   222.00000     0.800000      1595654         5.00
   246.00000     0.825000      1661487         5.71
   259.00000     0.850000      1689728         6.67
   283.00000     0.875000      1738394         8.00
   296.00000     0.887500      1758456         8.89
   320.00000     0.900000      1791952        10.00
   333.00000     0.912500      1805982        11.43
   357.00000     0.925000      1829201        13.33
   394.00000     0.937500      1857584        16.00
   407.00000     0.943750      1866001        17.78
   431.00000     0.950000      1881340        20.00
   456.00000     0.956250      1893781        22.86
   481.00000     0.962500      1904079        26.67
   518.00000     0.968750      1916456        32.00
   542.00000     0.971875      1922764        35.56
   567.00000     0.975000      1928073        40.00
   604.00000     0.978125      1934468        45.71
   653.00000     0.981250      1940690        53.33
   715.00000     0.984375      1946126        64.00
   764.00000     0.985938      1949275        71.11
   826.00000     0.987500      1952188        80.00
   912.00000     0.989062      1954958        91.43
  1097.00000     0.990625      1957945       106.67
  1529.00000     0.992188      1961083       128.00
  1763.00000     0.992969      1962608       142.22
  2133.00000     0.993750      1964141       160.00
  3083.00000     0.994531      1965678       182.86
  3243.00000     0.995313      1967308       213.33
  3354.00000     0.996094      1968882       256.00
  3416.00000     0.996484      1969648       284.44
  3490.00000     0.996875      1970316       320.00
  3613.00000     0.997266      1971074       365.71
  3823.00000     0.997656      1971847       426.67
  4205.00000     0.998047      1972612       512.00
  4427.00000     0.998242      1973002       568.89
  4662.00000     0.998437      1973383       640.00
  4933.00000     0.998633      1973773       731.43
  5278.00000     0.998828      1974162       853.33
  5698.00000     0.999023      1974545      1024.00
  5932.00000     0.999121      1974744      1137.78
  6179.00000     0.999219      1974929      1280.00
  6438.00000     0.999316      1975125      1462.86
  6709.00000     0.999414      1975318      1706.67
  7017.00000     0.999512      1975507      2048.00
  7227.00000     0.999561      1975606      2275.56
  7387.00000     0.999609      1975701      2560.00
  7634.00000     0.999658      1975796      2925.71
  7918.00000     0.999707      1975896      3413.33
  8177.00000     0.999756      1975993      4096.00
  8362.00000     0.999780      1976040      4551.11
  8534.00000     0.999805      1976086      5120.00
  8793.00000     0.999829      1976135      5851.43
  9126.00000     0.999854      1976182      6826.67
  9533.00000     0.999878      1976230      8192.00
  9694.00000     0.999890      1976254      9102.22
 10064.00000     0.999902      1976278     10240.00
 10360.00000     0.999915      1976304     11702.86
 10878.00000     0.999927      1976327     13653.33
 11790.00000     0.999939      1976351     16384.00
 12506.00000     0.999945      1976363     18204.44
 12888.00000     0.999951      1976375     20480.00
 13455.00000     0.999957      1976387     23405.71
 14097.00000     0.999963      1976399     27306.67
 14837.00000     0.999969      1976411     32768.00
 15355.00000     0.999973      1976417     36408.89
 17106.00000     0.999976      1976423     40960.00
 18031.00000     0.999979      1976430     46811.43
 20041.00000     0.999982      1976435     54613.33
 21275.00000     0.999985      1976441     65536.00
 24531.00000     0.999986      1976444     72817.78
 36482.00000     0.999988      1976447     81920.00
 45954.00000     0.999989      1976450     93622.86
 56301.00000     0.999991      1976453    109226.67
 64441.00000     0.999992      1976456    131072.00
 64750.00000     0.999993      1976458    145635.56
 64885.00000     0.999994      1976459    163840.00
 74888.00000     0.999995      1976461    187245.71
 76207.00000     0.999995      1976462    218453.33
 80314.00000     0.999996      1976464    262144.00
 89157.00000     0.999997      1976465    291271.11
 89157.00000     0.999997      1976465    327680.00
126675.00000     0.999997      1976466    374491.43
127489.00000     0.999998      1976467    436906.67
247160.00000     0.999998      1976468    524288.00
247160.00000     0.999998      1976468    582542.22
247160.00000     0.999998      1976468    655360.00
247234.00000     0.999999      1976469    748982.86
247234.00000     0.999999      1976469    873813.33
249195.00000     0.999999      1976470   1048576.00
249195.00000     0.999999      1976470   1165084.44
249195.00000     0.999999      1976470   1310720.00
249195.00000     0.999999      1976470   1497965.71
249195.00000     0.999999      1976470   1747626.67
249219.00000     1.000000      1976471   2097152.00
249219.00000     1.000000      1976471          inf
#[Mean    =      169.617, StdDeviation   =      571.885]
#[Max     =   249219.000, Total count    =      1976471]
#[Buckets =           13, SubBuckets     =       262144]
       Value   Percentile   TotalCount 1/(1-Percentile)

    86.00000     0.000000           40         1.00
   172.00000     0.100000       225633         1.11
   197.00000     0.200000       414749         1.25
   222.00000     0.300000       614283         1.43
   246.00000     0.400000       821498         1.67
   271.00000     0.500000      1030063         2.00
   283.00000     0.550000      1135358         2.22
   296.00000     0.600000      1242058         2.50
   308.00000     0.650000      1348605         2.86
   320.00000     0.700000      1454265         3.33
   333.00000     0.750000      1555373         4.00
   333.00000     0.775000      1555373         4.44
   345.00000     0.800000      1652262         5.00
   345.00000     0.825000      1652262         5.71
   357.00000     0.850000      1731065         6.67
   357.00000     0.875000      1731065         8.00
   370.00000     0.887500      1771853         8.89
   382.00000     0.900000      1816006        10.00
   382.00000     0.912500      1816006        11.43
   394.00000     0.925000      1860238        13.33
   394.00000     0.937500      1860238        16.00
   407.00000     0.943750      1880082        17.78
   407.00000     0.950000      1880082        20.00
   419.00000     0.956250      1892304        22.86
   444.00000     0.962500      1909637        26.67
   456.00000     0.968750      1916276        32.00
   468.00000     0.971875      1921406        35.56
   493.00000     0.975000      1928760        40.00
   518.00000     0.978125      1933364        45.71
   616.00000     0.981250      1939565        53.33
   888.00000     0.984375      1945821        64.00
   999.00000     0.985938      1949090        71.11
  1110.00000     0.987500      1951860        80.00
  1356.00000     0.989062      1954980        91.43
  1640.00000     0.990625      1957949       106.67
  2035.00000     0.992188      1961092       128.00
  2368.00000     0.992969      1962595       142.22
  2799.00000     0.993750      1964136       160.00
  3490.00000     0.994531      1965675       182.86
  4662.00000     0.995313      1967216       213.33
  5796.00000     0.996094      1968751       256.00
  6968.00000     0.996484      1969527       284.44
  9792.00000     0.996875      1970298       320.00
 15564.00000     0.997266      1971068       365.71
 24666.00000     0.997656      1971839       426.67
 34521.00000     0.998047      1972611       512.00
 39812.00000     0.998242      1972997       568.89
 44905.00000     0.998437      1973385       640.00
 50406.00000     0.998633      1973770       731.43
 56018.00000     0.998828      1974156       853.33
 62912.00000     0.999023      1974541      1024.00
 66205.00000     0.999121      1974735      1137.78
 70226.00000     0.999219      1974927      1280.00
 74481.00000     0.999316      1975120      1462.86
 77367.00000     0.999414      1975314      1706.67
 82325.00000     0.999512      1975506      2048.00
 84668.00000     0.999561      1975603      2275.56
 87357.00000     0.999609      1975699      2560.00
 89749.00000     0.999658      1975796      2925.71
 92561.00000     0.999707      1975893      3413.33
 93449.00000     0.999756      1975989      4096.00
 94646.00000     0.999780      1976037      4551.11
 97273.00000     0.999805      1976085      5120.00
 98309.00000     0.999829      1976134      5851.43
100775.00000     0.999854      1976182      6826.67
106572.00000     0.999878      1976230      8192.00
114058.00000     0.999890      1976254      9102.22
125763.00000     0.999902      1976278     10240.00
139502.00000     0.999915      1976303     11702.86
160937.00000     0.999927      1976327     13653.33
180066.00000     0.999939      1976351     16384.00
197900.00000     0.999945      1976363     18204.44
217905.00000     0.999951      1976375     20480.00
238773.00000     0.999957      1976387     23405.71
257766.00000     0.999963      1976399     27306.67
275637.00000     0.999969      1976411     32768.00
294003.00000     0.999973      1976417     36408.89
304363.00000     0.999976      1976423     40960.00
312947.00000     0.999979      1976429     46811.43
329757.00000     0.999982      1976435     54613.33
345605.00000     0.999985      1976441     65536.00
353203.00000     0.999986      1976444     72817.78
363303.00000     0.999988      1976447     81920.00
375525.00000     0.999989      1976450     93622.86
403005.00000     0.999991      1976453    109226.67
412045.00000     0.999992      1976456    131072.00
413487.00000     0.999993      1976458    145635.56
414387.00000     0.999994      1976459    163840.00
421147.00000     0.999995      1976461    187245.71
426043.00000     0.999995      1976462    218453.33
442409.00000     0.999996      1976464    262144.00
457419.00000     0.999997      1976465    291271.11
457419.00000     0.999997      1976465    327680.00
469271.00000     0.999997      1976466    374491.43
469679.00000     0.999998      1976467    436906.67
476141.00000     0.999998      1976468    524288.00
476141.00000     0.999998      1976468    582542.22
476141.00000     0.999998      1976468    655360.00
476289.00000     0.999999      1976469    748982.86
476289.00000     0.999999      1976469    873813.33
517557.00000     0.999999      1976470   1048576.00
517557.00000     0.999999      1976470   1165084.44
517557.00000     0.999999      1976470   1310720.00
517557.00000     0.999999      1976470   1497965.71
517557.00000     0.999999      1976470   1747626.67
538955.00000     1.000000      1976471   2097152.00
538955.00000     1.000000      1976471          inf
#[Mean    =      465.077, StdDeviation   =     3926.829]
#[Max     =   538955.000, Total count    =      1976471]
#[Buckets =           13, SubBuckets     =       262144]
       Value   Percentile   TotalCount 1/(1-Percentile)

     0.00000     0.000000       277838         1.00
     0.00000     0.100000       277838         1.11
    12.00000     0.200000      1913401         1.25
    12.00000     0.300000      1913401         1.43
    12.00000     0.400000      1913401         1.67
    12.00000     0.500000      1913401         2.00
    12.00000     0.550000      1913401         2.22
    12.00000     0.600000      1913401         2.50
    12.00000     0.650000      1913401         2.86
    12.00000     0.700000      1913401         3.33
    12.00000     0.750000      1913401         4.00
    12.00000     0.775000      1913401         4.44
    12.00000     0.800000      1913401         5.00
    12.00000     0.825000      1913401         5.71
    12.00000     0.850000      1913401         6.67
    12.00000     0.875000      1913401         8.00
    12.00000     0.887500      1913401         8.89
    12.00000     0.900000      1913401        10.00
    12.00000     0.912500      1913401        11.43
    12.00000     0.925000      1913401        13.33
    12.00000     0.937500      1913401        16.00
    12.00000     0.943750      1913401        17.78
    12.00000     0.950000      1913401        20.00
    12.00000     0.956250      1913401        22.86
    12.00000     0.962500      1913401        26.67
    24.00000     0.968750      1965493        32.00
    24.00000     0.971875      1965493        35.56
    24.00000     0.975000      1965493        40.00
    24.00000     0.978125      1965493        45.71
    24.00000     0.981250      1965493        53.33
    24.00000     0.984375      1965493        64.00
    24.00000     0.985938      1965493        71.11
    24.00000     0.987500      1965493        80.00
    24.00000     0.989062      1965493        91.43
    24.00000     0.990625      1965493       106.67
    24.00000     0.992188      1965493       128.00
    24.00000     0.992969      1965493       142.22
    24.00000     0.993750      1965493       160.00
    37.00000     0.994531      1970974       182.86
    37.00000     0.995313      1970974       213.33
    37.00000     0.996094      1970974       256.00
    37.00000     0.996484      1970974       284.44
    37.00000     0.996875      1970974       320.00
    49.00000     0.997266      1973649       365.71
    49.00000     0.997656      1973649       426.67
    49.00000     0.998047      1973649       512.00
    49.00000     0.998242      1973649       568.89
    49.00000     0.998437      1973649       640.00
    61.00000     0.998633      1974538       731.43
    61.00000     0.998828      1974538       853.33
    74.00000     0.999023      1974939      1024.00
    74.00000     0.999121      1974939      1137.78
    74.00000     0.999219      1974939      1280.00
    86.00000     0.999316      1975155      1462.86
   111.00000     0.999414      1975425      1706.67
   123.00000     0.999512      1975510      2048.00
   148.00000     0.999561      1975630      2275.56
   160.00000     0.999609      1975717      2560.00
   185.00000     0.999658      1975824      2925.71
   222.00000     0.999707      1975899      3413.33
   296.00000     0.999756      1975989      4096.00
   345.00000     0.999780      1976048      4551.11
   407.00000     0.999805      1976090      5120.00
   481.00000     0.999829      1976141      5851.43
   555.00000     0.999854      1976186      6826.67
   604.00000     0.999878      1976236      8192.00
   629.00000     0.999890      1976265      9102.22
   641.00000     0.999902      1976278     10240.00
   678.00000     0.999915      1976309     11702.86
   715.00000     0.999927      1976328     13653.33
   801.00000     0.999939      1976354     16384.00
   838.00000     0.999945      1976363     18204.44
   875.00000     0.999951      1976377     20480.00
   949.00000     0.999957      1976388     23405.71
  1184.00000     0.999963      1976400     27306.67
  4119.00000     0.999969      1976411     32768.00
  4834.00000     0.999973      1976417     36408.89
  5180.00000     0.999976      1976424     40960.00
  5217.00000     0.999979      1976430     46811.43
  5254.00000     0.999982      1976436     54613.33
  5303.00000     0.999985      1976441     65536.00
  5340.00000     0.999986      1976445     72817.78
  5352.00000     0.999988      1976447     81920.00
  5377.00000     0.999989      1976450     93622.86
  5402.00000     0.999991      1976454    109226.67
  5611.00000     0.999992      1976456    131072.00
  6129.00000     0.999993      1976459    145635.56
  6129.00000     0.999994      1976459    163840.00
  6216.00000     0.999995      1976461    187245.71
  6635.00000     0.999995      1976462    218453.33
  6919.00000     0.999996      1976464    262144.00
  7153.00000     0.999997      1976465    291271.11
  7153.00000     0.999997      1976465    327680.00
  7252.00000     0.999997      1976466    374491.43
  7350.00000     0.999998      1976467    436906.67
  7387.00000     0.999998      1976468    524288.00
  7387.00000     0.999998      1976468    582542.22
  7387.00000     0.999998      1976468    655360.00
  7449.00000     0.999999      1976469    748982.86
  7449.00000     0.999999      1976469    873813.33
  7560.00000     0.999999      1976470   1048576.00
  7560.00000     0.999999      1976470   1165084.44
  7560.00000     0.999999      1976470   1310720.00
  7560.00000     0.999999      1976470   1497965.71
  7560.00000     0.999999      1976470   1747626.67
  7671.00000     1.000000      1976471   2097152.00
  7671.00000     1.000000      1976471          inf
#[Mean    =       11.149, StdDeviation   =       33.332]
#[Max     =     7671.000, Total count    =      1976471]
#[Buckets =           13, SubBuckets     =       262144]
       Value   Percentile   TotalCount 1/(1-Percentile)

   629.00000     0.000000            3         1.00
   912.00000     0.100000       458543         1.11
   912.00000     0.200000       458543         1.25
   925.00000     0.300000       958428         1.43
   925.00000     0.400000       958428         1.67
   937.00000     0.500000      1334940         2.00
   937.00000     0.550000      1334940         2.22
   937.00000     0.600000      1334940         2.50
   937.00000     0.650000      1334940         2.86
   949.00000     0.700000      1502228         3.33
   949.00000     0.750000      1502228         4.00
   962.00000     0.775000      1583968         4.44
   962.00000     0.800000      1583968         5.00
   974.00000     0.825000      1657076         5.71
   986.00000     0.850000      1710460         6.67
   999.00000     0.875000      1739659         8.00
  1023.00000     0.887500      1759795         8.89
  1110.00000     0.900000      1780605        10.00
  1183.00000     0.912500      1803557        11.43
  1221.00000     0.925000      1832718        13.33
  1282.00000     0.937500      1854202        16.00
  1332.00000     0.943750      1868202        17.78
  1369.00000     0.950000      1877888        20.00
  1430.00000     0.956250      1891706        22.86
  1504.00000     0.962500      1903741        26.67
  1652.00000     0.968750      1914757        32.00
  2466.00000     0.971875      1920887        35.56
  5192.00000     0.975000      1927134        40.00
  5809.00000     0.978125      1933363        45.71
  5895.00000     0.981250      1939826        53.33
  5944.00000     0.984375      1945628        64.00
  5969.00000     0.985938      1948753        71.11
  5994.00000     0.987500      1951968        80.00
  6018.00000     0.989062      1954892        91.43
  6055.00000     0.990625      1958853       106.67
  6092.00000     0.992188      1962062       128.00
  6105.00000     0.992969      1962953       142.22
  6129.00000     0.993750      1964556       160.00
  6154.00000     0.994531      1965854       182.86
  6191.00000     0.995313      1967368       213.33
  6240.00000     0.996094      1968799       256.00
  6289.00000     0.996484      1969535       284.44
  6339.00000     0.996875      1970334       320.00
  6425.00000     0.997266      1971120       365.71
  6561.00000     0.997656      1971839       426.67
  6943.00000     0.998047      1972620       512.00
  7239.00000     0.998242      1973013       568.89
  7449.00000     0.998437      1973399       640.00
  7585.00000     0.998633      1973780       731.43
  7720.00000     0.998828      1974160       853.33
  7856.00000     0.999023      1974563      1024.00
  7930.00000     0.999121      1974741      1137.78
  8016.00000     0.999219      1974939      1280.00
  8140.00000     0.999316      1975120      1462.86
  8288.00000     0.999414      1975322      1706.67
  8473.00000     0.999512      1975510      2048.00
  8584.00000     0.999561      1975611      2275.56
  8682.00000     0.999609      1975705      2560.00
  8806.00000     0.999658      1975805      2925.71
  8941.00000     0.999707      1975900      3413.33
  9114.00000     0.999756      1975993      4096.00
  9262.00000     0.999780      1976040      4551.11
  9632.00000     0.999805      1976085      5120.00
 10372.00000     0.999829      1976134      5851.43
 11396.00000     0.999854      1976182      6826.67
 12999.00000     0.999878      1976230      8192.00
 14911.00000     0.999890      1976254      9102.22
 16785.00000     0.999902      1976278     10240.00
 18635.00000     0.999915      1976303     11702.86
 21028.00000     0.999927      1976327     13653.33
 24124.00000     0.999939      1976351     16384.00
 25530.00000     0.999945      1976363     18204.44
 26282.00000     0.999951      1976376     20480.00
 26837.00000     0.999957      1976387     23405.71
 27293.00000     0.999963      1976401     27306.67
 27910.00000     0.999969      1976411     32768.00
 28268.00000     0.999973      1976417     36408.89
 28810.00000     0.999976      1976424     40960.00
 29045.00000     0.999979      1976429     46811.43
 29328.00000     0.999982      1976435     54613.33
 30007.00000     0.999985      1976442     65536.00
 30142.00000     0.999986      1976446     72817.78
 30697.00000     0.999988      1976447     81920.00
 31684.00000     0.999989      1976450     93622.86
 32671.00000     0.999991      1976453    109226.67
 34508.00000     0.999992      1976457    131072.00
 35150.00000     0.999993      1976458    145635.56
 35421.00000     0.999994      1976459    163840.00
 35754.00000     0.999995      1976461    187245.71
 35976.00000     0.999995      1976462    218453.33
 39479.00000     0.999996      1976464    262144.00
 44091.00000     0.999997      1976465    291271.11
 44091.00000     0.999997      1976465    327680.00
 58312.00000     0.999997      1976466    374491.43
 62332.00000     0.999998      1976467    436906.67
 65255.00000     0.999998      1976468    524288.00
 65255.00000     0.999998      1976468    582542.22
 65255.00000     0.999998      1976468    655360.00
 69498.00000     0.999999      1976469    748982.86
 69498.00000     0.999999      1976469    873813.33
 75689.00000     0.999999      1976470   1048576.00
 75689.00000     0.999999      1976470   1165084.44
 75689.00000     0.999999      1976470   1310720.00
 75689.00000     0.999999      1976470   1497965.71
 75689.00000     0.999999      1976470   1747626.67
120718.00000     1.000000      1976471   2097152.00
120718.00000     1.000000      1976471          inf
#[Mean    =     1102.478, StdDeviation   =      879.516]
#[Max     =   120718.000, Total count    =      1976471]
#[Buckets =           13, SubBuckets     =       262144]

=== EXCHANGE STDERR ===
matching tid: 49866
