=== CLIENT STDERR ===
=== Exchange load generator ===
  clients  : 10
  seed     : 1066131263
  target   : 127.0.0.1:4000
  thread id: 50662
Ctrl-C to stop.


=== Stats ===
  elapsed         : 14.999 s
  requests sent   : 2001618
  ACK responses   : 2001608
  MATCH responses : 1147356
  ERR responses   : 0
  orders in flight: -10
  --- throughput ---
  requests/s      : 133455
  ACK/s           : 133454
  MATCH/s         : 76498
  ERR/s           : 0
  total resp/s    : 133454

=== EXCHANGE STDOUT ===
exchange tid: 50661
inbound thread: 50668
outbound thread: 50669
       Value   Percentile   TotalCount 1/(1-Percentile)

  2096.00000     0.000000            1         1.00
  2355.00000     0.100000       155020         1.11
  2417.00000     0.200000       338733         1.25
  2454.00000     0.300000       465614         1.43
  2503.00000     0.400000       620338         1.67
  2565.00000     0.500000       773995         2.00
  2602.00000     0.550000       842646         2.22
  2651.00000     0.600000       914101         2.50
  2725.00000     0.650000       991407         2.86
  2824.00000     0.700000      1064020         3.33
  2947.00000     0.750000      1139158         4.00
  3021.00000     0.775000      1180866         4.44
  3095.00000     0.800000      1219114         5.00
  3169.00000     0.825000      1253497         5.71
  3268.00000     0.850000      1292870         6.67
  3379.00000     0.875000      1327570         8.00
  3453.00000     0.887500      1346389         8.89
  3539.00000     0.900000      1365181        10.00
  3663.00000     0.912500      1385967        11.43
  3811.00000     0.925000      1404068        13.33
  4033.00000     0.937500      1422494        16.00
  4218.00000     0.943750      1432017        17.78
  4538.00000     0.950000      1441247        20.00
  5340.00000     0.956250      1450581        22.86
  6536.00000     0.962500      1460004        26.67
  7424.00000     0.968750      1469529        32.00
  7523.00000     0.971875      1474330        35.56
  7622.00000     0.975000      1479033        40.00
  7757.00000     0.978125      1484001        45.71
  7992.00000     0.981250      1488465        53.33
  8571.00000     0.984375      1493169        64.00
  9089.00000     0.985938      1495537        71.11
  9644.00000     0.987500      1497926        80.00
 10199.00000     0.989062      1500296        91.43
 11026.00000     0.990625      1502666       106.67
 13147.00000     0.992188      1505021       128.00
 15540.00000     0.992969      1506201       142.22
 20300.00000     0.993750      1507383       160.00
 28798.00000     0.994531      1508567       182.86
 40811.00000     0.995313      1509754       213.33
 56659.00000     0.996094      1510938       256.00
 66316.00000     0.996484      1511530       284.44
 74912.00000     0.996875      1512122       320.00
 87480.00000     0.997266      1512715       365.71
102144.00000     0.997656      1513307       426.67
274133.00000     0.998047      1513900       512.00
2291151.00000     0.998242      1514196       568.89
4925727.00000     0.998437      1514492       640.00
4931839.00000     0.998633      1514789       731.43
4936991.00000     0.998828      1515085       853.33
4942591.00000     0.999023      1515382      1024.00
4945087.00000     0.999121      1515531      1137.78
4948127.00000     0.999219      1515677      1280.00
4951071.00000     0.999316      1515826      1462.86
4954303.00000     0.999414      1515975      1706.67
4957727.00000     0.999512      1516122      2048.00
4959199.00000     0.999561      1516197      2275.56
4960927.00000     0.999609      1516270      2560.00
4962591.00000     0.999658      1516344      2925.71
4964447.00000     0.999707      1516419      3413.33
4966623.00000     0.999756      1516492      4096.00
4967839.00000     0.999780      1516529      4551.11
4969695.00000     0.999805      1516566      5120.00
4971583.00000     0.999829      1516603      5851.43
4974271.00000     0.999854      1516640      6826.67
4977887.00000     0.999878      1516677      8192.00
4981311.00000     0.999890      1516696      9102.22
4984415.00000     0.999902      1516714     10240.00
4988639.00000     0.999915      1516733     11702.86
4994271.00000     0.999927      1516751     13653.33
5002463.00000     0.999939      1516770     16384.00
5008703.00000     0.999945      1516779     18204.44
5019327.00000     0.999951      1516788     20480.00
5028575.00000     0.999957      1516798     23405.71
5039711.00000     0.999963      1516807     27306.67
5068479.00000     0.999969      1516816     32768.00
5089535.00000     0.999973      1516821     36408.89
5107039.00000     0.999976      1516825     40960.00
5116223.00000     0.999979      1516830     46811.43
5130719.00000     0.999982      1516836     54613.33
7154239.00000     0.999985      1516839     65536.00
7180927.00000     0.999986      1516842     72817.78
7210623.00000     0.999988      1516844     81920.00
7227103.00000     0.999989      1516846     93622.86
7235455.00000     0.999991      1516849    109226.67
7244127.00000     0.999992      1516851    131072.00
7295935.00000     0.999993      1516852    145635.56
7316543.00000     0.999994      1516853    163840.00
7957663.00000     0.999995      1516854    187245.71
9849215.00000     0.999995      1516856    218453.33
9853823.00000     0.999996      1516857    262144.00
9853823.00000     0.999997      1516857    291271.11
9859647.00000     0.999997      1516858    327680.00
9859647.00000     0.999997      1516858    374491.43
9864191.00000     0.999998      1516859    436906.67
9868991.00000     0.999998      1516860    524288.00
9868991.00000     0.999998      1516860    582542.22
9868991.00000     0.999998      1516860    655360.00
9868991.00000     0.999999      1516860    748982.86
9873151.00000     0.999999      1516861    873813.33
9873151.00000     0.999999      1516861   1048576.00
9873151.00000     0.999999      1516861   1165084.44
9873151.00000     0.999999      1516861   1310720.00
9873151.00000     0.999999      1516861   1497965.71
9882687.00000     0.999999      1516862   1747626.67
9882687.00000     1.000000      1516862          inf
#[Mean    =    11974.468, StdDeviation   =   207207.244]
#[Max     =  9882687.000, Total count    =      1516862]
#[Buckets =           13, SubBuckets     =       262144]
       Value   Percentile   TotalCount 1/(1-Percentile)

   962.00000     0.000000            1         1.00
  1036.00000     0.100000       295651         1.11
  1048.00000     0.200000       755802         1.25
  1048.00000     0.300000       755802         1.43
  1048.00000     0.400000       755802         1.67
  1060.00000     0.500000      1063831         2.00
  1060.00000     0.550000      1063831         2.22
  1060.00000     0.600000      1063831         2.50
  1060.00000     0.650000      1063831         2.86
  1060.00000     0.700000      1063831         3.33
  1073.00000     0.750000      1155934         4.00
  1097.00000     0.775000      1185990         4.44
  1147.00000     0.800000      1217988         5.00
  1221.00000     0.825000      1257016         5.71
  1270.00000     0.850000      1290091         6.67
  1319.00000     0.875000      1335902         8.00
  1332.00000     0.887500      1347159         8.89
  1356.00000     0.900000      1367437        10.00
  1393.00000     0.912500      1390855        11.43
  1418.00000     0.925000      1403404        13.33
  1467.00000     0.937500      1425047        16.00
  1492.00000     0.943750      1435425        17.78
  1517.00000     0.950000      1445550        20.00
  1529.00000     0.956250      1450598        22.86
  1554.00000     0.962500      1460070        26.67
  1591.00000     0.968750      1472411        32.00
  1603.00000     0.971875      1475864        35.56
  1615.00000     0.975000      1479141        40.00
  1640.00000     0.978125      1484749        45.71
  1665.00000     0.981250      1489340        53.33
  1702.00000     0.984375      1494767        64.00
  1714.00000     0.985938      1496246        71.11
  1739.00000     0.987500      1498918        80.00
  1763.00000     0.989062      1501129        91.43
  1788.00000     0.990625      1502992       106.67
  1825.00000     0.992188      1505047       128.00
  1862.00000     0.992969      1506334       142.22
  1924.00000     0.993750      1507477       160.00
  2059.00000     0.994531      1508567       182.86
  2269.00000     0.995313      1509782       213.33
  2466.00000     0.996094      1510941       256.00
  2627.00000     0.996484      1511555       284.44
  2873.00000     0.996875      1512140       320.00
  3441.00000     0.997266      1512719       365.71
  5069.00000     0.997656      1513308       426.67
  5981.00000     0.998047      1513905       512.00
  6179.00000     0.998242      1514205       568.89
  6364.00000     0.998437      1514506       640.00
  6561.00000     0.998633      1514806       731.43
  6746.00000     0.998828      1515096       853.33
  7017.00000     0.999023      1515390      1024.00
  7227.00000     0.999121      1515530      1137.78
  7535.00000     0.999219      1515681      1280.00
  8004.00000     0.999316      1515826      1462.86
  8695.00000     0.999414      1515977      1706.67
  9595.00000     0.999512      1516123      2048.00
 10199.00000     0.999561      1516196      2275.56
 10791.00000     0.999609      1516270      2560.00
 11581.00000     0.999658      1516345      2925.71
 12506.00000     0.999707      1516419      3413.33
 13616.00000     0.999756      1516492      4096.00
 14060.00000     0.999780      1516531      4551.11
 15009.00000     0.999805      1516566      5120.00
 15836.00000     0.999829      1516603      5851.43
 17057.00000     0.999854      1516640      6826.67
 18167.00000     0.999878      1516677      8192.00
 19042.00000     0.999890      1516696      9102.22
 20436.00000     0.999902      1516714     10240.00
 22249.00000     0.999915      1516733     11702.86
 23976.00000     0.999927      1516751     13653.33
 26146.00000     0.999939      1516770     16384.00
 27552.00000     0.999945      1516779     18204.44
 29476.00000     0.999951      1516788     20480.00
 31894.00000     0.999957      1516798     23405.71
 34138.00000     0.999963      1516807     27306.67
 37259.00000     0.999969      1516816     32768.00
 40527.00000     0.999973      1516821     36408.89
 48864.00000     0.999976      1516825     40960.00
 53625.00000     0.999979      1516830     46811.43
 58805.00000     0.999982      1516835     54613.33
 60717.00000     0.999985      1516839     65536.00
 61765.00000     0.999986      1516842     72817.78
 75689.00000     0.999988      1516844     81920.00
 99357.00000     0.999989      1516846     93622.86
121397.00000     0.999991      1516849    109226.67
132151.00000     0.999992      1516851    131072.00
133360.00000     0.999993      1516852    145635.56
150725.00000     0.999994      1516853    163840.00
173937.00000     0.999995      1516854    187245.71
174590.00000     0.999995      1516856    218453.33
272025.00000     0.999996      1516857    262144.00
272025.00000     0.999997      1516857    291271.11
272455.00000     0.999997      1516858    327680.00
272455.00000     0.999997      1516858    374491.43
272591.00000     0.999998      1516859    436906.67
2892735.00000     0.999998      1516860    524288.00
2892735.00000     0.999998      1516860    582542.22
2892735.00000     0.999998      1516860    655360.00
2892735.00000     0.999999      1516860    748982.86
2893375.00000     0.999999      1516861    873813.33
2893375.00000     0.999999      1516861   1048576.00
2893375.00000     0.999999      1516861   1165084.44
2893375.00000     0.999999      1516861   1310720.00
2893375.00000     0.999999      1516861   1497965.71
2893503.00000     0.999999      1516862   1747626.67
2893503.00000     1.000000      1516862          inf
#[Mean    =     1148.462, StdDeviation   =     4132.279]
#[Max     =  2893503.000, Total count    =      1516862]
#[Buckets =           13, SubBuckets     =       262144]
       Value   Percentile   TotalCount 1/(1-Percentile)

     0.00000     0.000000        75159         1.00
    12.00000     0.100000      1094259         1.11
    12.00000     0.200000      1094259         1.25
    12.00000     0.300000      1094259         1.43
    12.00000     0.400000      1094259         1.67
    12.00000     0.500000      1094259         2.00
    12.00000     0.550000      1094259         2.22
    12.00000     0.600000      1094259         2.50
    12.00000     0.650000      1094259         2.86
    12.00000     0.700000      1094259         3.33
    24.00000     0.750000      1497863         4.00
    24.00000     0.775000      1497863         4.44
    24.00000     0.800000      1497863         5.00
    24.00000     0.825000      1497863         5.71
    24.00000     0.850000      1497863         6.67
    24.00000     0.875000      1497863         8.00
    24.00000     0.887500      1497863         8.89
    24.00000     0.900000      1497863        10.00
    24.00000     0.912500      1497863        11.43
    24.00000     0.925000      1497863        13.33
    24.00000     0.937500      1497863        16.00
    24.00000     0.943750      1497863        17.78
    24.00000     0.950000      1497863        20.00
    24.00000     0.956250      1497863        22.86
    24.00000     0.962500      1497863        26.67
    24.00000     0.968750      1497863        32.00
    24.00000     0.971875      1497863        35.56
    24.00000     0.975000      1497863        40.00
    24.00000     0.978125      1497863        45.71
    24.00000     0.981250      1497863        53.33
    24.00000     0.984375      1497863        64.00
    24.00000     0.985938      1497863        71.11
    37.00000     0.987500      1510743        80.00
    37.00000     0.989062      1510743        91.43
    37.00000     0.990625      1510743       106.67
    37.00000     0.992188      1510743       128.00
    37.00000     0.992969      1510743       142.22
    37.00000     0.993750      1510743       160.00
    37.00000     0.994531      1510743       182.86
    37.00000     0.995313      1510743       213.33
    49.00000     0.996094      1515000       256.00
    49.00000     0.996484      1515000       284.44
    49.00000     0.996875      1515000       320.00
    49.00000     0.997266      1515000       365.71
    49.00000     0.997656      1515000       426.67
    49.00000     0.998047      1515000       512.00
    49.00000     0.998242      1515000       568.89
    49.00000     0.998437      1515000       640.00
    49.00000     0.998633      1515000       731.43
    61.00000     0.998828      1516290       853.33
    61.00000     0.999023      1516290      1024.00
    61.00000     0.999121      1516290      1137.78
    61.00000     0.999219      1516290      1280.00
    61.00000     0.999316      1516290      1462.86
    61.00000     0.999414      1516290      1706.67
    61.00000     0.999512      1516290      2048.00
    61.00000     0.999561      1516290      2275.56
    61.00000     0.999609      1516290      2560.00
    74.00000     0.999658      1516506      2925.71
    74.00000     0.999707      1516506      3413.33
    74.00000     0.999756      1516506      4096.00
    86.00000     0.999780      1516556      4551.11
    98.00000     0.999805      1516610      5120.00
    98.00000     0.999829      1516610      5851.43
   111.00000     0.999854      1516648      6826.67
   135.00000     0.999878      1516694      8192.00
   148.00000     0.999890      1516715      9102.22
   148.00000     0.999902      1516715     10240.00
   160.00000     0.999915      1516740     11702.86
   185.00000     0.999927      1516759     13653.33
   209.00000     0.999939      1516775     16384.00
   222.00000     0.999945      1516781     18204.44
   234.00000     0.999951      1516789     20480.00
   283.00000     0.999957      1516802     23405.71
   308.00000     0.999963      1516811     27306.67
   333.00000     0.999969      1516818     32768.00
   345.00000     0.999973      1516824     36408.89
   357.00000     0.999976      1516825     40960.00
   419.00000     0.999979      1516830     46811.43
   481.00000     0.999982      1516836     54613.33
   518.00000     0.999985      1516839     65536.00
   555.00000     0.999986      1516842     72817.78
   616.00000     0.999988      1516844     81920.00
   641.00000     0.999989      1516846     93622.86
   690.00000     0.999991      1516849    109226.67
   703.00000     0.999992      1516851    131072.00
   752.00000     0.999993      1516852    145635.56
   789.00000     0.999994      1516854    163840.00
   789.00000     0.999995      1516854    187245.71
  1134.00000     0.999995      1516856    218453.33
  1381.00000     0.999996      1516857    262144.00
  1381.00000     0.999997      1516857    291271.11
  1554.00000     0.999997      1516858    327680.00
  1554.00000     0.999997      1516858    374491.43
  1640.00000     0.999998      1516859    436906.67
  2010.00000     0.999998      1516860    524288.00
  2010.00000     0.999998      1516860    582542.22
  2010.00000     0.999998      1516860    655360.00
  2010.00000     0.999999      1516860    748982.86
  2232.00000     0.999999      1516861    873813.33
  2232.00000     0.999999      1516861   1048576.00
  2232.00000     0.999999      1516861   1165084.44
  2232.00000     0.999999      1516861   1310720.00
  2232.00000     0.999999      1516861   1497965.71
 30315.00000     0.999999      1516862   1747626.67
 30315.00000     1.000000      1516862          inf
#[Mean    =       15.031, StdDeviation   =       26.004]
#[Max     =    30315.000, Total count    =      1516862]
#[Buckets =           13, SubBuckets     =       262144]
       Value   Percentile   TotalCount 1/(1-Percentile)

    61.00000     0.000000            3         1.00
    98.00000     0.100000       419912         1.11
    98.00000     0.200000       419912         1.25
   110.00000     0.300000       466905         1.43
   111.00000     0.400000      1058095         1.67
   111.00000     0.500000      1058095         2.00
   111.00000     0.550000      1058095         2.22
   111.00000     0.600000      1058095         2.50
   111.00000     0.650000      1058095         2.86
   123.00000     0.700000      1280453         3.33
   123.00000     0.750000      1280453         4.00
   123.00000     0.775000      1280453         4.44
   123.00000     0.800000      1280453         5.00
   123.00000     0.825000      1280453         5.71
   135.00000     0.850000      1453820         6.67
   135.00000     0.875000      1453820         8.00
   135.00000     0.887500      1453820         8.89
   135.00000     0.900000      1453820        10.00
   135.00000     0.912500      1453820        11.43
   135.00000     0.925000      1453820        13.33
   135.00000     0.937500      1453820        16.00
   135.00000     0.943750      1453820        17.78
   135.00000     0.950000      1453820        20.00
   135.00000     0.956250      1453820        22.86
   148.00000     0.962500      1484533        26.67
   148.00000     0.968750      1484533        32.00
   148.00000     0.971875      1484533        35.56
   148.00000     0.975000      1484533        40.00
   148.00000     0.978125      1484533        45.71
   160.00000     0.981250      1491123        53.33
   172.00000     0.984375      1494020        64.00
   185.00000     0.985938      1495746        71.11
   209.00000     0.987500      1498552        80.00
   234.00000     0.989062      1500647        91.43
   283.00000     0.990625      1503036       106.67
   357.00000     0.992188      1505057       128.00
   419.00000     0.992969      1506350       142.22
   493.00000     0.993750      1507537       160.00
   579.00000     0.994531      1508604       182.86
   690.00000     0.995313      1509813       213.33
   863.00000     0.996094      1510945       256.00
  1023.00000     0.996484      1511530       284.44
  1332.00000     0.996875      1512134       320.00
  2232.00000     0.997266      1512717       365.71
  6191.00000     0.997656      1513310       426.67
 24383.00000     0.998047      1513900       512.00
 88787.00000     0.998242      1514196       568.89
4895871.00000     0.998437      1514492       640.00
4913727.00000     0.998633      1514790       731.43
4915551.00000     0.998828      1515088       853.33
4917087.00000     0.999023      1515385      1024.00
4917663.00000     0.999121      1515534      1137.78
4918271.00000     0.999219      1515681      1280.00
4918751.00000     0.999316      1515827      1462.86
4919359.00000     0.999414      1515979      1706.67
4919903.00000     0.999512      1516131      2048.00
4920191.00000     0.999561      1516204      2275.56
4920511.00000     0.999609      1516277      2560.00
4920895.00000     0.999658      1516346      2925.71
4921311.00000     0.999707      1516418      3413.33
4921759.00000     0.999756      1516492      4096.00
4922015.00000     0.999780      1516531      4551.11
4922559.00000     0.999805      1516568      5120.00
4923039.00000     0.999829      1516603      5851.43
4923679.00000     0.999854      1516640      6826.67
4924415.00000     0.999878      1516678      8192.00
4924863.00000     0.999890      1516696      9102.22
4925439.00000     0.999902      1516714     10240.00
4925791.00000     0.999915      1516733     11702.86
4926559.00000     0.999927      1516751     13653.33
4927359.00000     0.999939      1516770     16384.00
4927967.00000     0.999945      1516779     18204.44
4928703.00000     0.999951      1516788     20480.00
4930015.00000     0.999957      1516798     23405.71
4930463.00000     0.999963      1516807     27306.67
4931391.00000     0.999969      1516817     32768.00
4931935.00000     0.999973      1516822     36408.89
4932703.00000     0.999976      1516825     40960.00
4934303.00000     0.999979      1516830     46811.43
4940511.00000     0.999982      1516835     54613.33
4952831.00000     0.999985      1516839     65536.00
4954463.00000     0.999986      1516842     72817.78
4955039.00000     0.999988      1516844     81920.00
7059999.00000     0.999989      1516846     93622.86
7072607.00000     0.999991      1516849    109226.67
7085919.00000     0.999992      1516851    131072.00
7088063.00000     0.999993      1516852    145635.56
7092799.00000     0.999994      1516853    163840.00
7094719.00000     0.999995      1516854    187245.71
7107135.00000     0.999995      1516856    218453.33
7113151.00000     0.999996      1516857    262144.00
7113151.00000     0.999997      1516857    291271.11
7118463.00000     0.999997      1516858    327680.00
7118463.00000     0.999997      1516858    374491.43
7124479.00000     0.999998      1516859    436906.67
7141119.00000     0.999998      1516860    524288.00
7141119.00000     0.999998      1516860    582542.22
7141119.00000     0.999998      1516860    655360.00
7141119.00000     0.999999      1516860    748982.86
7141951.00000     0.999999      1516861    873813.33
7141951.00000     0.999999      1516861   1048576.00
7141951.00000     0.999999      1516861   1165084.44
7141951.00000     0.999999      1516861   1310720.00
7141951.00000     0.999999      1516861   1497965.71
7146207.00000     0.999999      1516862   1747626.67
7146207.00000     1.000000      1516862          inf
#[Mean    =     8269.956, StdDeviation   =   199460.451]
#[Max     =  7146207.000, Total count    =      1516862]
#[Buckets =           13, SubBuckets     =       262144]
       Value   Percentile   TotalCount 1/(1-Percentile)

     0.00000     0.000000         8525         1.00
    37.00000     0.100000       300169         1.11
    49.00000     0.200000       566017         1.25
    49.00000     0.300000       566017         1.43
    61.00000     0.400000       626875         1.67
   111.00000     0.500000       806080         2.00
   123.00000     0.550000       854029         2.22
   148.00000     0.600000       939719         2.50
   172.00000     0.650000      1019770         2.86
   197.00000     0.700000      1084661         3.33
   222.00000     0.750000      1140431         4.00
   246.00000     0.775000      1190383         4.44
   271.00000     0.800000      1233220         5.00
   283.00000     0.825000      1251759         5.71
   320.00000     0.850000      1296473         6.67
   357.00000     0.875000      1330248         8.00
   382.00000     0.887500      1349136         8.89
   407.00000     0.900000      1366179        10.00
   444.00000     0.912500      1388389        11.43
   481.00000     0.925000      1406473        13.33
   530.00000     0.937500      1425482        16.00
   555.00000     0.943750      1433215        17.78
   592.00000     0.950000      1443069        20.00
   629.00000     0.956250      1451285        22.86
   678.00000     0.962500      1460014        26.67
   752.00000     0.968750      1470109        32.00
   801.00000     0.971875      1475161        35.56
   851.00000     0.975000      1479360        40.00
   925.00000     0.978125      1484383        45.71
  1011.00000     0.981250      1488855        53.33
  1134.00000     0.984375      1493371        64.00
  1233.00000     0.985938      1495730        71.11
  1356.00000     0.987500      1497924        80.00
  1541.00000     0.989062      1500399        91.43
  1788.00000     0.990625      1502715       106.67
  2220.00000     0.992188      1505020       128.00
  2639.00000     0.992969      1506205       142.22
  3095.00000     0.993750      1507445       160.00
  3256.00000     0.994531      1508680       182.86
  3404.00000     0.995313      1509793       213.33
  3675.00000     0.996094      1510948       256.00
  3909.00000     0.996484      1511547       284.44
  4267.00000     0.996875      1512139       320.00
  4662.00000     0.997266      1512729       365.71
  5130.00000     0.997656      1513313       426.67
  5648.00000     0.998047      1513904       512.00
  5944.00000     0.998242      1514200       568.89
  6240.00000     0.998437      1514498       640.00
  6549.00000     0.998633      1514801       731.43
  6919.00000     0.998828      1515087       853.33
  7387.00000     0.999023      1515389      1024.00
  7646.00000     0.999121      1515533      1137.78
  8029.00000     0.999219      1515679      1280.00
  8399.00000     0.999316      1515830      1462.86
  8929.00000     0.999414      1515975      1706.67
  9558.00000     0.999512      1516122      2048.00
  9990.00000     0.999561      1516198      2275.56
 10545.00000     0.999609      1516270      2560.00
 11235.00000     0.999658      1516347      2925.71
 12284.00000     0.999707      1516418      3413.33
 13332.00000     0.999756      1516492      4096.00
 14060.00000     0.999780      1516529      4551.11
 14775.00000     0.999805      1516566      5120.00
 15552.00000     0.999829      1516603      5851.43
 16699.00000     0.999854      1516640      6826.67
 18179.00000     0.999878      1516678      8192.00
 19116.00000     0.999890      1516696      9102.22
 20140.00000     0.999902      1516714     10240.00
 21978.00000     0.999915      1516733     11702.86
 23421.00000     0.999927      1516751     13653.33
 27133.00000     0.999939      1516770     16384.00
 28169.00000     0.999945      1516779     18204.44
 30722.00000     0.999951      1516788     20480.00
 34237.00000     0.999957      1516799     23405.71
 37185.00000     0.999963      1516807     27306.67
 39886.00000     0.999969      1516816     32768.00
 43438.00000     0.999973      1516821     36408.89
 44992.00000     0.999976      1516825     40960.00
 49592.00000     0.999979      1516830     46811.43
 53119.00000     0.999982      1516835     54613.33
 57892.00000     0.999985      1516839     65536.00
 58262.00000     0.999986      1516842     72817.78
 61037.00000     0.999988      1516844     81920.00
 68573.00000     0.999989      1516846     93622.86
 81067.00000     0.999991      1516849    109226.67
 81412.00000     0.999992      1516851    131072.00
 82214.00000     0.999993      1516852    145635.56
 83213.00000     0.999994      1516853    163840.00
 83472.00000     0.999995      1516854    187245.71
 89799.00000     0.999995      1516856    218453.33
 99394.00000     0.999996      1516857    262144.00
 99394.00000     0.999997      1516857    291271.11
106140.00000     0.999997      1516858    327680.00
106140.00000     0.999997      1516858    374491.43
123444.00000     0.999998      1516859    436906.67
125874.00000     0.999998      1516860    524288.00
125874.00000     0.999998      1516860    582542.22
125874.00000     0.999998      1516860    655360.00
125874.00000     0.999999      1516860    748982.86
159235.00000     0.999999      1516861    873813.33
159235.00000     0.999999      1516861   1048576.00
159235.00000     0.999999      1516861   1165084.44
159235.00000     0.999999      1516861   1310720.00
159235.00000     0.999999      1516861   1497965.71
2896703.00000     0.999999      1516862   1747626.67
2896703.00000     1.000000      1516862          inf
#[Mean    =      213.753, StdDeviation   =     2445.391]
#[Max     =  2896703.000, Total count    =      1516862]
#[Buckets =           13, SubBuckets     =       262144]
       Value   Percentile   TotalCount 1/(1-Percentile)

    86.00000     0.000000           11         1.00
   172.00000     0.100000       160389         1.11
   197.00000     0.200000       305144         1.25
   234.00000     0.300000       528211         1.43
   258.00000     0.400000       606950         1.67
   271.00000     0.500000       762214         2.00
   283.00000     0.550000       839786         2.22
   296.00000     0.600000       918421         2.50
   308.00000     0.650000       997498         2.86
   320.00000     0.700000      1075635         3.33
   333.00000     0.750000      1150117         4.00
   345.00000     0.775000      1216350         4.44
   345.00000     0.800000      1216350         5.00
   357.00000     0.825000      1269230         5.71
   370.00000     0.850000      1304493         6.67
   382.00000     0.875000      1341973         8.00
   394.00000     0.887500      1367712         8.89
   394.00000     0.900000      1367712        10.00
   407.00000     0.912500      1385062        11.43
   431.00000     0.925000      1411827        13.33
   444.00000     0.937500      1422587        16.00
   456.00000     0.943750      1431687        17.78
   481.00000     0.950000      1445497        20.00
   493.00000     0.956250      1450579        22.86
   530.00000     0.962500      1460899        26.67
   592.00000     0.968750      1469806        32.00
   653.00000     0.971875      1474597        35.56
   740.00000     0.975000      1479130        40.00
   888.00000     0.978125      1483927        45.71
  1060.00000     0.981250      1488564        53.33
  1418.00000     0.984375      1493246        64.00
  1665.00000     0.985938      1495607        71.11
  1998.00000     0.987500      1497903        80.00
  2503.00000     0.989062      1500284        91.43
  3428.00000     0.990625      1502643       106.67
  5229.00000     0.992188      1505026       128.00
  6129.00000     0.992969      1506202       142.22
  8275.00000     0.993750      1507382       160.00
 12296.00000     0.994531      1508568       182.86
 18463.00000     0.995313      1509753       213.33
 26344.00000     0.996094      1510937       256.00
 30673.00000     0.996484      1511530       284.44
 35409.00000     0.996875      1512122       320.00
 39984.00000     0.997266      1512716       365.71
 45645.00000     0.997656      1513307       426.67
 53378.00000     0.998047      1513901       512.00
 57461.00000     0.998242      1514197       568.89
 62172.00000     0.998437      1514492       640.00
 66464.00000     0.998633      1514789       731.43
 72063.00000     0.998828      1515085       853.33
 77330.00000     0.999023      1515381      1024.00
 81708.00000     0.999121      1515529      1137.78
 86062.00000     0.999219      1515679      1280.00
 88306.00000     0.999316      1515827      1462.86
 92450.00000     0.999414      1515974      1706.67
 99110.00000     0.999512      1516122      2048.00
105943.00000     0.999561      1516196      2275.56
117598.00000     0.999609      1516270      2560.00
146705.00000     0.999658      1516344      2925.71
187392.00000     0.999707      1516418      3413.33
270397.00000     0.999756      1516492      4096.00
340153.00000     0.999780      1516529      4551.11
416497.00000     0.999805      1516566      5120.00
591519.00000     0.999829      1516603      5851.43
1092247.00000     0.999854      1516640      6826.67
2089975.00000     0.999878      1516677      8192.00
2186367.00000     0.999890      1516696      9102.22
2760015.00000     0.999902      1516714     10240.00
3585583.00000     0.999915      1516733     11702.86
3685519.00000     0.999927      1516751     13653.33
3944031.00000     0.999939      1516770     16384.00
4822719.00000     0.999945      1516779     18204.44
4851327.00000     0.999951      1516788     20480.00
4883295.00000     0.999957      1516798     23405.71
4896863.00000     0.999963      1516807     27306.67
4915519.00000     0.999969      1516816     32768.00
4932383.00000     0.999973      1516821     36408.89
4945599.00000     0.999976      1516825     40960.00
4960543.00000     0.999979      1516830     46811.43
4967231.00000     0.999982      1516835     54613.33
4978847.00000     0.999985      1516839     65536.00
4987935.00000     0.999986      1516842     72817.78
4991519.00000     0.999988      1516844     81920.00
4999359.00000     0.999989      1516846     93622.86
5016831.00000     0.999991      1516849    109226.67
5035999.00000     0.999992      1516851    131072.00
5048799.00000     0.999993      1516852    145635.56
5070687.00000     0.999994      1516853    163840.00
7899807.00000     0.999995      1516854    187245.71
9844287.00000     0.999995      1516856    218453.33
9848511.00000     0.999996      1516857    262144.00
9848511.00000     0.999997      1516857    291271.11
9854911.00000     0.999997      1516858    327680.00
9854911.00000     0.999997      1516858    374491.43
9859519.00000     0.999998      1516859    436906.67
9863615.00000     0.999998      1516860    524288.00
9863615.00000     0.999998      1516860    582542.22
9863615.00000     0.999998      1516860    655360.00
9863615.00000     0.999999      1516860    748982.86
9868287.00000     0.999999      1516861    873813.33
9868287.00000     0.999999      1516861   1048576.00
9868287.00000     0.999999      1516861   1165084.44
9868287.00000     0.999999      1516861   1310720.00
9868287.00000     0.999999      1516861   1497965.71
9877183.00000     0.999999      1516862   1747626.67
9877183.00000     1.000000      1516862          inf
#[Mean    =     1166.010, StdDeviation   =    50661.764]
#[Max     =  9877183.000, Total count    =      1516862]
#[Buckets =           13, SubBuckets     =       262144]
       Value   Percentile   TotalCount 1/(1-Percentile)

     0.00000     0.000000       195637         1.00
     0.00000     0.100000       195637         1.11
    12.00000     0.200000      1422222         1.25
    12.00000     0.300000      1422222         1.43
    12.00000     0.400000      1422222         1.67
    12.00000     0.500000      1422222         2.00
    12.00000     0.550000      1422222         2.22
    12.00000     0.600000      1422222         2.50
    12.00000     0.650000      1422222         2.86
    12.00000     0.700000      1422222         3.33
    12.00000     0.750000      1422222         4.00
    12.00000     0.775000      1422222         4.44
    12.00000     0.800000      1422222         5.00
    12.00000     0.825000      1422222         5.71
    12.00000     0.850000      1422222         6.67
    12.00000     0.875000      1422222         8.00
    12.00000     0.887500      1422222         8.89
    12.00000     0.900000      1422222        10.00
    12.00000     0.912500      1422222        11.43
    12.00000     0.925000      1422222        13.33
    12.00000     0.937500      1422222        16.00
    24.00000     0.943750      1488722        17.78
    24.00000     0.950000      1488722        20.00
    24.00000     0.956250      1488722        22.86
    24.00000     0.962500      1488722        26.67
    24.00000     0.968750      1488722        32.00
    24.00000     0.971875      1488722        35.56
    24.00000     0.975000      1488722        40.00
    24.00000     0.978125      1488722        45.71
    24.00000     0.981250      1488722        53.33
    37.00000     0.984375      1497466        64.00
    37.00000     0.985938      1497466        71.11
    49.00000     0.987500      1501637        80.00
    49.00000     0.989062      1501637        91.43
    61.00000     0.990625      1503065       106.67
    98.00000     0.992188      1505204       128.00
   111.00000     0.992969      1507773       142.22
   111.00000     0.993750      1507773       160.00
   123.00000     0.994531      1509325       182.86
   135.00000     0.995313      1510188       213.33
   160.00000     0.996094      1511321       256.00
   172.00000     0.996484      1511786       284.44
   185.00000     0.996875      1512191       320.00
   209.00000     0.997266      1512845       365.71
   234.00000     0.997656      1513381       426.67
   271.00000     0.998047      1514088       512.00
   283.00000     0.998242      1514301       568.89
   308.00000     0.998437      1514674       640.00
   320.00000     0.998633      1514846       731.43
   345.00000     0.998828      1515148       853.33
   370.00000     0.999023      1515383      1024.00
   394.00000     0.999121      1515612      1137.78
   407.00000     0.999219      1515687      1280.00
   431.00000     0.999316      1515845      1462.86
   456.00000     0.999414      1516000      1706.67
   481.00000     0.999512      1516123      2048.00
   505.00000     0.999561      1516206      2275.56
   530.00000     0.999609      1516291      2560.00
   555.00000     0.999658      1516363      2925.71
   579.00000     0.999707      1516435      3413.33
   616.00000     0.999756      1516508      4096.00
   641.00000     0.999780      1516541      4551.11
   666.00000     0.999805      1516570      5120.00
   703.00000     0.999829      1516611      5851.43
   727.00000     0.999854      1516640      6826.67
   789.00000     0.999878      1516684      8192.00
   801.00000     0.999890      1516696      9102.22
   838.00000     0.999902      1516716     10240.00
   888.00000     0.999915      1516734     11702.86
   974.00000     0.999927      1516754     13653.33
  1048.00000     0.999939      1516771     16384.00
  1184.00000     0.999945      1516780     18204.44
  4563.00000     0.999951      1516788     20480.00
  5167.00000     0.999957      1516798     23405.71
  5315.00000     0.999963      1516807     27306.67
  5488.00000     0.999969      1516816     32768.00
  5599.00000     0.999973      1516821     36408.89
  5772.00000     0.999976      1516825     40960.00
  5932.00000     0.999979      1516830     46811.43
  6203.00000     0.999982      1516835     54613.33
  6438.00000     0.999985      1516839     65536.00
  6672.00000     0.999986      1516842     72817.78
  6746.00000     0.999988      1516844     81920.00
  6919.00000     0.999989      1516846     93622.86
  7165.00000     0.999991      1516849    109226.67
  7239.00000     0.999992      1516851    131072.00
  7252.00000     0.999993      1516852    145635.56
  7498.00000     0.999994      1516853    163840.00
  7572.00000     0.999995      1516854    187245.71
  7720.00000     0.999995      1516856    218453.33
  7893.00000     0.999996      1516857    262144.00
  7893.00000     0.999997      1516857    291271.11
  8510.00000     0.999997      1516858    327680.00
  8510.00000     0.999997      1516858    374491.43
  9015.00000     0.999998      1516859    436906.67
 11803.00000     0.999998      1516860    524288.00
 11803.00000     0.999998      1516860    582542.22
 11803.00000     0.999998      1516860    655360.00
 11803.00000     0.999999      1516860    748982.86
 25567.00000     0.999999      1516861    873813.33
 25567.00000     0.999999      1516861   1048576.00
 25567.00000     0.999999      1516861   1165084.44
 25567.00000     0.999999      1516861   1310720.00
 25567.00000     0.999999      1516861   1497965.71
 25850.00000     0.999999      1516862   1747626.67
 25850.00000     1.000000      1516862          inf
#[Mean    =       13.271, StdDeviation   =       56.863]
#[Max     =    25850.000, Total count    =      1516862]
#[Buckets =           13, SubBuckets     =       262144]
       Value   Percentile   TotalCount 1/(1-Percentile)

   628.00000     0.000000            1         1.00
   900.00000     0.100000       305947         1.11
   900.00000     0.200000       305947         1.25
   912.00000     0.300000       653878         1.43
   912.00000     0.400000       653878         1.67
   925.00000     0.500000       897039         2.00
   925.00000     0.550000       897039         2.22
   937.00000     0.600000      1001885         2.50
   937.00000     0.650000      1001885         2.86
   961.00000     0.700000      1067858         3.33
   986.00000     0.750000      1156000         4.00
  1011.00000     0.775000      1180285         4.44
  1073.00000     0.800000      1213772         5.00
  1134.00000     0.825000      1253463         5.71
  1184.00000     0.850000      1296439         6.67
  1233.00000     0.875000      1331953         8.00
  1270.00000     0.887500      1350608         8.89
  1307.00000     0.900000      1366794        10.00
  1356.00000     0.912500      1388289        11.43
  1393.00000     0.925000      1404595        13.33
  1443.00000     0.937500      1423547        16.00
  1480.00000     0.943750      1434915        17.78
  1504.00000     0.950000      1441332        20.00
  1554.00000     0.956250      1451491        22.86
  1628.00000     0.962500      1460748        26.67
  1850.00000     0.968750      1469473        32.00
  3157.00000     0.971875      1474203        35.56
  4797.00000     0.975000      1478948        40.00
  5377.00000     0.978125      1483736        45.71
  5821.00000     0.981250      1488782        53.33
  5907.00000     0.984375      1493335        64.00
  5944.00000     0.985938      1495656        71.11
  5981.00000     0.987500      1498092        80.00
  6018.00000     0.989062      1500317        91.43
  6068.00000     0.990625      1502878       106.67
  6129.00000     0.992188      1505314       128.00
  6166.00000     0.992969      1506303       142.22
  6228.00000     0.993750      1507427       160.00
  6327.00000     0.994531      1508570       182.86
  6549.00000     0.995313      1509777       213.33
  7030.00000     0.996094      1510956       256.00
  7252.00000     0.996484      1511539       284.44
  7437.00000     0.996875      1512136       320.00
  7597.00000     0.997266      1512719       365.71
  7770.00000     0.997656      1513340       426.67
  7955.00000     0.998047      1513900       512.00
  8078.00000     0.998242      1514202       568.89
  8189.00000     0.998437      1514497       640.00
  8337.00000     0.998633      1514816       731.43
  8485.00000     0.998828      1515091       853.33
  8670.00000     0.999023      1515393      1024.00
  8769.00000     0.999121      1515529      1137.78
  8929.00000     0.999219      1515677      1280.00
  9114.00000     0.999316      1515835      1462.86
  9373.00000     0.999414      1515980      1706.67
 10064.00000     0.999512      1516125      2048.00
 10631.00000     0.999561      1516196      2275.56
 11346.00000     0.999609      1516272      2560.00
 12111.00000     0.999658      1516344      2925.71
 13628.00000     0.999707      1516418      3413.33
 15786.00000     0.999756      1516492      4096.00
 17057.00000     0.999780      1516529      4551.11
 17982.00000     0.999805      1516567      5120.00
 20313.00000     0.999829      1516603      5851.43
 23038.00000     0.999854      1516640      6826.67
 25826.00000     0.999878      1516677      8192.00
 26664.00000     0.999890      1516696      9102.22
 27367.00000     0.999902      1516714     10240.00
 28107.00000     0.999915      1516733     11702.86
 28786.00000     0.999927      1516751     13653.33
 29809.00000     0.999939      1516771     16384.00
 30747.00000     0.999945      1516780     18204.44
 31770.00000     0.999951      1516788     20480.00
 33238.00000     0.999957      1516798     23405.71
 36099.00000     0.999963      1516807     27306.67
 38356.00000     0.999969      1516817     32768.00
 39096.00000     0.999973      1516821     36408.89
 40354.00000     0.999976      1516825     40960.00
 42673.00000     0.999979      1516830     46811.43
 45744.00000     0.999982      1516835     54613.33
 49321.00000     0.999985      1516839     65536.00
 53255.00000     0.999986      1516842     72817.78
 53317.00000     0.999988      1516844     81920.00
 53502.00000     0.999989      1516846     93622.86
 54895.00000     0.999991      1516849    109226.67
 68437.00000     0.999992      1516851    131072.00
 69485.00000     0.999993      1516852    145635.56
 70152.00000     0.999994      1516853    163840.00
 73198.00000     0.999995      1516854    187245.71
105783.00000     0.999995      1516857    218453.33
105783.00000     0.999996      1516857    262144.00
105783.00000     0.999997      1516857    291271.11
112307.00000     0.999997      1516858    327680.00
112307.00000     0.999997      1516858    374491.43
120521.00000     0.999998      1516859    436906.67
3633599.00000     0.999998      1516860    524288.00
3633599.00000     0.999998      1516860    582542.22
3633599.00000     0.999998      1516860    655360.00
3633599.00000     0.999999      1516860    748982.86
3815311.00000     0.999999      1516861    873813.33
3815311.00000     0.999999      1516861   1048576.00
3815311.00000     0.999999      1516861   1165084.44
3815311.00000     0.999999      1516861   1310720.00
3815311.00000     0.999999      1516861   1497965.71
4658367.00000     0.999999      1516862   1747626.67
4658367.00000     1.000000      1516862          inf
#[Mean    =     1145.902, StdDeviation   =     5791.850]
#[Max     =  4658367.000, Total count    =      1516862]
#[Buckets =           13, SubBuckets     =       262144]

=== EXCHANGE STDERR ===
matching tid: 50670
