=== CLIENT STDERR ===
=== Exchange load generator ===
  clients  : 10
  seed     : 2077481476
  target   : 127.0.0.1:4000
  thread id: 50345
Ctrl-C to stop.


=== Stats ===
  elapsed         : 14.999 s
  requests sent   : 2585839
  ACK responses   : 2585829
  MATCH responses : 1484686
  ERR responses   : 0
  orders in flight: -10
  --- throughput ---
  requests/s      : 172403
  ACK/s           : 172402
  MATCH/s         : 98987
  ERR/s           : 0
  total resp/s    : 172402

=== EXCHANGE STDOUT ===
exchange tid: 50342
inbound thread: 50349
outbound thread: 50350
       Value   Percentile   TotalCount 1/(1-Percentile)

  2072.00000     0.000000            2         1.00
  2368.00000     0.100000       213288         1.11
  2417.00000     0.200000       424341         1.25
  2454.00000     0.300000       613222         1.43
  2491.00000     0.400000       811328         1.67
  2528.00000     0.500000       994446         2.00
  2553.00000     0.550000      1103773         2.22
  2577.00000     0.600000      1200963         2.50
  2614.00000     0.650000      1325628         2.86
  2639.00000     0.700000      1397449         3.33
  2688.00000     0.750000      1517288         4.00
  2701.00000     0.775000      1541987         4.44
  2738.00000     0.800000      1605057         5.00
  2775.00000     0.825000      1654309         5.71
  2812.00000     0.850000      1692530         6.67
  2886.00000     0.875000      1746870         8.00
  2923.00000     0.887500      1766760         8.89
  2984.00000     0.900000      1792855        10.00
  3058.00000     0.912500      1816355        11.43
  3157.00000     0.925000      1839441        13.33
  3305.00000     0.937500      1864779        16.00
  3416.00000     0.943750      1876652        17.78
  3589.00000     0.950000      1888769        20.00
  3909.00000     0.956250      1901222        22.86
  4637.00000     0.962500      1913458        26.67
  7313.00000     0.968750      1925964        32.00
  7424.00000     0.971875      1932765        35.56
  7486.00000     0.975000      1938389        40.00
  7548.00000     0.978125      1944670        45.71
  7622.00000     0.981250      1951903        53.33
  7683.00000     0.984375      1957182        64.00
  7733.00000     0.985938      1960617        71.11
  7782.00000     0.987500      1963581        80.00
  7844.00000     0.989062      1966572        91.43
  7930.00000     0.990625      1969708       106.67
  8041.00000     0.992188      1972540       128.00
  8127.00000     0.992969      1974088       142.22
  8251.00000     0.993750      1975597       160.00
  8436.00000     0.994531      1977157       182.86
  8707.00000     0.995313      1978694       213.33
  9274.00000     0.996094      1980231       256.00
  9694.00000     0.996484      1981013       284.44
 10064.00000     0.996875      1981787       320.00
 10458.00000     0.997266      1982558       365.71
 10915.00000     0.997656      1983332       426.67
 11605.00000     0.998047      1984115       512.00
 12012.00000     0.998242      1984500       568.89
 12518.00000     0.998437      1984890       640.00
 13122.00000     0.998633      1985277       731.43
 13986.00000     0.998828      1985663       853.33
 15244.00000     0.999023      1986051      1024.00
 16292.00000     0.999121      1986244      1137.78
 17784.00000     0.999219      1986439      1280.00
 19943.00000     0.999316      1986634      1462.86
 24000.00000     0.999414      1986826      1706.67
 32831.00000     0.999512      1987020      2048.00
 39479.00000     0.999561      1987117      2275.56
 45793.00000     0.999609      1987214      2560.00
 51602.00000     0.999658      1987311      2925.71
 60236.00000     0.999707      1987408      3413.33
 67340.00000     0.999756      1987505      4096.00
 72495.00000     0.999780      1987554      4551.11
 76984.00000     0.999805      1987602      5120.00
 82337.00000     0.999829      1987651      5851.43
 84569.00000     0.999854      1987699      6826.67
 89527.00000     0.999878      1987748      8192.00
 93425.00000     0.999890      1987772      9102.22
 96915.00000     0.999902      1987796     10240.00
 99394.00000     0.999915      1987821     11702.86
101787.00000     0.999927      1987845     13653.33
104377.00000     0.999939      1987869     16384.00
110284.00000     0.999945      1987881     18204.44
120077.00000     0.999951      1987893     20480.00
137664.00000     0.999957      1987906     23405.71
158027.00000     0.999963      1987918     27306.67
176009.00000     0.999969      1987930     32768.00
184753.00000     0.999973      1987936     36408.89
204856.00000     0.999976      1987942     40960.00
216228.00000     0.999979      1987948     46811.43
223430.00000     0.999982      1987954     54613.33
240894.00000     0.999985      1987960     65536.00
259123.00000     0.999986      1987963     72817.78
265365.00000     0.999988      1987966     81920.00
273467.00000     0.999989      1987969     93622.86
280127.00000     0.999991      1987972    109226.67
292325.00000     0.999992      1987975    131072.00
298035.00000     0.999993      1987977    145635.56
333801.00000     0.999994      1987978    163840.00
366535.00000     0.999995      1987980    187245.71
385453.00000     0.999995      1987981    218453.33
430175.00000     0.999996      1987983    262144.00
437525.00000     0.999997      1987984    291271.11
437525.00000     0.999997      1987984    327680.00
457085.00000     0.999997      1987985    374491.43
478041.00000     0.999998      1987986    436906.67
485317.00000     0.999998      1987987    524288.00
485317.00000     0.999998      1987987    582542.22
485317.00000     0.999998      1987987    655360.00
513215.00000     0.999999      1987988    748982.86
513215.00000     0.999999      1987988    873813.33
542175.00000     0.999999      1987989   1048576.00
542175.00000     0.999999      1987989   1165084.44
542175.00000     0.999999      1987989   1310720.00
542175.00000     0.999999      1987989   1497965.71
542175.00000     0.999999      1987989   1747626.67
578211.00000     1.000000      1987990   2097152.00
578211.00000     1.000000      1987990          inf
#[Mean    =     2826.237, StdDeviation   =     2481.004]
#[Max     =   578211.000, Total count    =      1987990]
#[Buckets =           13, SubBuckets     =       262144]
       Value   Percentile   TotalCount 1/(1-Percentile)

   974.00000     0.000000            1         1.00
  1036.00000     0.100000       248576         1.11
  1048.00000     0.200000       943309         1.25
  1048.00000     0.300000       943309         1.43
  1048.00000     0.400000       943309         1.67
  1060.00000     0.500000      1594139         2.00
  1060.00000     0.550000      1594139         2.22
  1060.00000     0.600000      1594139         2.50
  1060.00000     0.650000      1594139         2.86
  1060.00000     0.700000      1594139         3.33
  1060.00000     0.750000      1594139         4.00
  1060.00000     0.775000      1594139         4.44
  1060.00000     0.800000      1594139         5.00
  1073.00000     0.825000      1832673         5.71
  1073.00000     0.850000      1832673         6.67
  1073.00000     0.875000      1832673         8.00
  1073.00000     0.887500      1832673         8.89
  1073.00000     0.900000      1832673        10.00
  1073.00000     0.912500      1832673        11.43
  1085.00000     0.925000      1880932        13.33
  1085.00000     0.937500      1880932        16.00
  1085.00000     0.943750      1880932        17.78
  1097.00000     0.950000      1894421        20.00
  1110.00000     0.956250      1902842        22.86
  1147.00000     0.962500      1914192        26.67
  1282.00000     0.968750      1926443        32.00
  1332.00000     0.971875      1934158        35.56
  1356.00000     0.975000      1939156        40.00
  1393.00000     0.978125      1946263        45.71
  1430.00000     0.981250      1951708        53.33
  1480.00000     0.984375      1957550        64.00
  1504.00000     0.985938      1960375        71.11
  1541.00000     0.987500      1964483        80.00
  1566.00000     0.989062      1967000        91.43
  1603.00000     0.990625      1970470       106.67
  1628.00000     0.992188      1972621       128.00
  1652.00000     0.992969      1974291       142.22
  1677.00000     0.993750      1975646       160.00
  1714.00000     0.994531      1977434       182.86
  1751.00000     0.995313      1978935       213.33
  1788.00000     0.996094      1980411       256.00
  1813.00000     0.996484      1981206       284.44
  1850.00000     0.996875      1981963       320.00
  2010.00000     0.997266      1982556       365.71
  4316.00000     0.997656      1983334       426.67
  5821.00000     0.998047      1984123       512.00
  5969.00000     0.998242      1984528       568.89
  6092.00000     0.998437      1984917       640.00
  6228.00000     0.998633      1985299       731.43
  6351.00000     0.998828      1985676       853.33
  6475.00000     0.999023      1986095      1024.00
  6524.00000     0.999121      1986258      1137.78
  6586.00000     0.999219      1986461      1280.00
  6647.00000     0.999316      1986637      1462.86
  6721.00000     0.999414      1986827      1706.67
  6808.00000     0.999512      1987026      2048.00
  6857.00000     0.999561      1987129      2275.56
  6906.00000     0.999609      1987238      2560.00
  6956.00000     0.999658      1987317      2925.71
  7030.00000     0.999707      1987411      3413.33
  7128.00000     0.999756      1987514      4096.00
  7190.00000     0.999780      1987557      4551.11
  7264.00000     0.999805      1987610      5120.00
  7338.00000     0.999829      1987658      5851.43
  7461.00000     0.999854      1987702      6826.67
  7609.00000     0.999878      1987750      8192.00
  7671.00000     0.999890      1987773      9102.22
  7782.00000     0.999902      1987796     10240.00
  7930.00000     0.999915      1987822     11702.86
  8103.00000     0.999927      1987845     13653.33
  8312.00000     0.999939      1987869     16384.00
  8485.00000     0.999945      1987882     18204.44
  8744.00000     0.999951      1987894     20480.00
  9028.00000     0.999957      1987906     23405.71
  9336.00000     0.999963      1987918     27306.67
  9644.00000     0.999969      1987930     32768.00
  9953.00000     0.999973      1987936     36408.89
 10323.00000     0.999976      1987942     40960.00
 10532.00000     0.999979      1987948     46811.43
 10656.00000     0.999982      1987954     54613.33
 11026.00000     0.999985      1987960     65536.00
 11149.00000     0.999986      1987963     72817.78
 11840.00000     0.999988      1987966     81920.00
 12099.00000     0.999989      1987969     93622.86
 12296.00000     0.999991      1987972    109226.67
 12925.00000     0.999992      1987975    131072.00
 13628.00000     0.999993      1987977    145635.56
 14183.00000     0.999994      1987978    163840.00
 15848.00000     0.999995      1987980    187245.71
 16465.00000     0.999995      1987981    218453.33
 18796.00000     0.999996      1987983    262144.00
 19042.00000     0.999997      1987984    291271.11
 19042.00000     0.999997      1987984    327680.00
 19252.00000     0.999997      1987985    374491.43
 20461.00000     0.999998      1987986    436906.67
 24259.00000     0.999998      1987987    524288.00
 24259.00000     0.999998      1987987    582542.22
 24259.00000     0.999998      1987987    655360.00
 24691.00000     0.999999      1987988    748982.86
 24691.00000     0.999999      1987988    873813.33
 31462.00000     0.999999      1987989   1048576.00
 31462.00000     0.999999      1987989   1165084.44
 31462.00000     0.999999      1987989   1310720.00
 31462.00000     0.999999      1987989   1497965.71
 31462.00000     0.999999      1987989   1747626.67
 35261.00000     1.000000      1987990   2097152.00
 35261.00000     1.000000      1987990          inf
#[Mean    =     1082.135, StdDeviation   =      279.966]
#[Max     =    35261.000, Total count    =      1987990]
#[Buckets =           13, SubBuckets     =       262144]
       Value   Percentile   TotalCount 1/(1-Percentile)

     0.00000     0.000000       104381         1.00
    12.00000     0.100000      1512283         1.11
    12.00000     0.200000      1512283         1.25
    12.00000     0.300000      1512283         1.43
    12.00000     0.400000      1512283         1.67
    12.00000     0.500000      1512283         2.00
    12.00000     0.550000      1512283         2.22
    12.00000     0.600000      1512283         2.50
    12.00000     0.650000      1512283         2.86
    12.00000     0.700000      1512283         3.33
    12.00000     0.750000      1512283         4.00
    24.00000     0.775000      1982947         4.44
    24.00000     0.800000      1982947         5.00
    24.00000     0.825000      1982947         5.71
    24.00000     0.850000      1982947         6.67
    24.00000     0.875000      1982947         8.00
    24.00000     0.887500      1982947         8.89
    24.00000     0.900000      1982947        10.00
    24.00000     0.912500      1982947        11.43
    24.00000     0.925000      1982947        13.33
    24.00000     0.937500      1982947        16.00
    24.00000     0.943750      1982947        17.78
    24.00000     0.950000      1982947        20.00
    24.00000     0.956250      1982947        22.86
    24.00000     0.962500      1982947        26.67
    24.00000     0.968750      1982947        32.00
    24.00000     0.971875      1982947        35.56
    24.00000     0.975000      1982947        40.00
    24.00000     0.978125      1982947        45.71
    24.00000     0.981250      1982947        53.33
    24.00000     0.984375      1982947        64.00
    24.00000     0.985938      1982947        71.11
    24.00000     0.987500      1982947        80.00
    24.00000     0.989062      1982947        91.43
    24.00000     0.990625      1982947       106.67
    24.00000     0.992188      1982947       128.00
    24.00000     0.992969      1982947       142.22
    24.00000     0.993750      1982947       160.00
    24.00000     0.994531      1982947       182.86
    24.00000     0.995313      1982947       213.33
    24.00000     0.996094      1982947       256.00
    24.00000     0.996484      1982947       284.44
    24.00000     0.996875      1982947       320.00
    24.00000     0.997266      1982947       365.71
    37.00000     0.997656      1986579       426.67
    37.00000     0.998047      1986579       512.00
    37.00000     0.998242      1986579       568.89
    37.00000     0.998437      1986579       640.00
    37.00000     0.998633      1986579       731.43
    37.00000     0.998828      1986579       853.33
    37.00000     0.999023      1986579      1024.00
    37.00000     0.999121      1986579      1137.78
    37.00000     0.999219      1986579      1280.00
    49.00000     0.999316      1987594      1462.86
    49.00000     0.999414      1987594      1706.67
    49.00000     0.999512      1987594      2048.00
    49.00000     0.999561      1987594      2275.56
    49.00000     0.999609      1987594      2560.00
    49.00000     0.999658      1987594      2925.71
    49.00000     0.999707      1987594      3413.33
    49.00000     0.999756      1987594      4096.00
    49.00000     0.999780      1987594      4551.11
    61.00000     0.999805      1987895      5120.00
    61.00000     0.999829      1987895      5851.43
    61.00000     0.999854      1987895      6826.67
    61.00000     0.999878      1987895      8192.00
    61.00000     0.999890      1987895      9102.22
    61.00000     0.999902      1987895     10240.00
    61.00000     0.999915      1987895     11702.86
    61.00000     0.999927      1987895     13653.33
    61.00000     0.999939      1987895     16384.00
    61.00000     0.999945      1987895     18204.44
    61.00000     0.999951      1987895     20480.00
    74.00000     0.999957      1987943     23405.71
    74.00000     0.999963      1987943     27306.67
    74.00000     0.999969      1987943     32768.00
    74.00000     0.999973      1987943     36408.89
    74.00000     0.999976      1987943     40960.00
    86.00000     0.999979      1987954     46811.43
    86.00000     0.999982      1987954     54613.33
    98.00000     0.999985      1987964     65536.00
    98.00000     0.999986      1987964     72817.78
   111.00000     0.999988      1987968     81920.00
   123.00000     0.999989      1987971     93622.86
   135.00000     0.999991      1987973    109226.67
   148.00000     0.999992      1987978    131072.00
   148.00000     0.999993      1987978    145635.56
   148.00000     0.999994      1987978    163840.00
   185.00000     0.999995      1987980    187245.71
   283.00000     0.999995      1987981    218453.33
   308.00000     0.999996      1987983    262144.00
   320.00000     0.999997      1987985    291271.11
   320.00000     0.999997      1987985    327680.00
   320.00000     0.999997      1987985    374491.43
   764.00000     0.999998      1987986    436906.67
  3564.00000     0.999998      1987987    524288.00
  3564.00000     0.999998      1987987    582542.22
  3564.00000     0.999998      1987987    655360.00
  5007.00000     0.999999      1987988    748982.86
  5007.00000     0.999999      1987988    873813.33
  5278.00000     0.999999      1987989   1048576.00
  5278.00000     0.999999      1987989   1165084.44
  5278.00000     0.999999      1987989   1310720.00
  5278.00000     0.999999      1987989   1497965.71
  5278.00000     0.999999      1987989   1747626.67
  5414.00000     1.000000      1987990   2097152.00
  5414.00000     1.000000      1987990          inf
#[Mean    =       14.297, StdDeviation   =        9.322]
#[Max     =     5414.000, Total count    =      1987990]
#[Buckets =           13, SubBuckets     =       262144]
       Value   Percentile   TotalCount 1/(1-Percentile)

    73.00000     0.000000            2         1.00
    98.00000     0.100000       769066         1.11
    98.00000     0.200000       769066         1.25
    98.00000     0.300000       769066         1.43
   110.00000     0.400000       839574         1.67
   111.00000     0.500000      1578182         2.00
   111.00000     0.550000      1578182         2.22
   111.00000     0.600000      1578182         2.50
   111.00000     0.650000      1578182         2.86
   111.00000     0.700000      1578182         3.33
   111.00000     0.750000      1578182         4.00
   111.00000     0.775000      1578182         4.44
   123.00000     0.800000      1737346         5.00
   123.00000     0.825000      1737346         5.71
   123.00000     0.850000      1737346         6.67
   135.00000     0.875000      1956045         8.00
   135.00000     0.887500      1956045         8.89
   135.00000     0.900000      1956045        10.00
   135.00000     0.912500      1956045        11.43
   135.00000     0.925000      1956045        13.33
   135.00000     0.937500      1956045        16.00
   135.00000     0.943750      1956045        17.78
   135.00000     0.950000      1956045        20.00
   135.00000     0.956250      1956045        22.86
   135.00000     0.962500      1956045        26.67
   135.00000     0.968750      1956045        32.00
   135.00000     0.971875      1956045        35.56
   135.00000     0.975000      1956045        40.00
   135.00000     0.978125      1956045        45.71
   135.00000     0.981250      1956045        53.33
   147.00000     0.984375      1957850        64.00
   148.00000     0.985938      1978910        71.11
   148.00000     0.987500      1978910        80.00
   148.00000     0.989062      1978910        91.43
   148.00000     0.990625      1978910       106.67
   148.00000     0.992188      1978910       128.00
   148.00000     0.992969      1978910       142.22
   148.00000     0.993750      1978910       160.00
   148.00000     0.994531      1978910       182.86
   148.00000     0.995313      1978910       213.33
   160.00000     0.996094      1981032       256.00
   160.00000     0.996484      1981032       284.44
   172.00000     0.996875      1981814       320.00
   209.00000     0.997266      1982729       365.71
   283.00000     0.997656      1983386       426.67
   456.00000     0.998047      1984116       512.00
   641.00000     0.998242      1984516       568.89
   838.00000     0.998437      1984890       640.00
  1097.00000     0.998633      1985283       731.43
  1529.00000     0.998828      1985667       853.33
  2133.00000     0.999023      1986054      1024.00
  2503.00000     0.999121      1986243      1137.78
  2910.00000     0.999219      1986439      1280.00
  3379.00000     0.999316      1986633      1462.86
  3922.00000     0.999414      1986827      1706.67
  4674.00000     0.999512      1987022      2048.00
  5118.00000     0.999561      1987119      2275.56
  5735.00000     0.999609      1987214      2560.00
  6475.00000     0.999658      1987311      2925.71
  7474.00000     0.999707      1987409      3413.33
  8867.00000     0.999756      1987506      4096.00
  9632.00000     0.999780      1987554      4551.11
 11013.00000     0.999805      1987602      5120.00
 12765.00000     0.999829      1987652      5851.43
 15404.00000     0.999854      1987699      6826.67
 18401.00000     0.999878      1987748      8192.00
 19869.00000     0.999890      1987772      9102.22
 23729.00000     0.999902      1987797     10240.00
 28095.00000     0.999915      1987821     11702.86
 32658.00000     0.999927      1987845     13653.33
 42130.00000     0.999939      1987869     16384.00
 47705.00000     0.999945      1987881     18204.44
 53008.00000     0.999951      1987893     20480.00
 59409.00000     0.999957      1987906     23405.71
 65243.00000     0.999963      1987918     27306.67
 83188.00000     0.999969      1987930     32768.00
 90440.00000     0.999973      1987936     36408.89
 99345.00000     0.999976      1987942     40960.00
110802.00000     0.999979      1987948     46811.43
118844.00000     0.999982      1987954     54613.33
142980.00000     0.999985      1987960     65536.00
151835.00000     0.999986      1987963     72817.78
156892.00000     0.999988      1987966     81920.00
169916.00000     0.999989      1987969     93622.86
174467.00000     0.999991      1987972    109226.67
182693.00000     0.999992      1987975    131072.00
186085.00000     0.999993      1987977    145635.56
192819.00000     0.999994      1987978    163840.00
204314.00000     0.999995      1987980    187245.71
207557.00000     0.999995      1987981    218453.33
220914.00000     0.999996      1987983    262144.00
224059.00000     0.999997      1987984    291271.11
224059.00000     0.999997      1987984    327680.00
227426.00000     0.999997      1987985    374491.43
230584.00000     0.999998      1987986    436906.67
233840.00000     0.999998      1987987    524288.00
233840.00000     0.999998      1987987    582542.22
233840.00000     0.999998      1987987    655360.00
236960.00000     0.999999      1987988    748982.86
236960.00000     0.999999      1987988    873813.33
240265.00000     0.999999      1987989   1048576.00
240265.00000     0.999999      1987989   1165084.44
240265.00000     0.999999      1987989   1310720.00
240265.00000     0.999999      1987989   1497965.71
240265.00000     0.999999      1987989   1747626.67
245026.00000     1.000000      1987990   2097152.00
245026.00000     1.000000      1987990          inf
#[Mean    =      123.540, StdDeviation   =      960.485]
#[Max     =   245026.000, Total count    =      1987990]
#[Buckets =           13, SubBuckets     =       262144]
       Value   Percentile   TotalCount 1/(1-Percentile)

     0.00000     0.000000        14092         1.00
    37.00000     0.100000       432963         1.11
    37.00000     0.200000       432963         1.25
    49.00000     0.300000       789146         1.43
    61.00000     0.400000       854333         1.67
   123.00000     0.500000      1045185         2.00
   135.00000     0.550000      1103285         2.22
   160.00000     0.600000      1244152         2.50
   172.00000     0.650000      1310825         2.86
   197.00000     0.700000      1421855         3.33
   222.00000     0.750000      1515353         4.00
   234.00000     0.775000      1558655         4.44
   246.00000     0.800000      1600526         5.00
   271.00000     0.825000      1673838         5.71
   283.00000     0.850000      1704021         6.67
   308.00000     0.875000      1751893         8.00
   320.00000     0.887500      1771090         8.89
   345.00000     0.900000      1803736        10.00
   357.00000     0.912500      1817851        11.43
   382.00000     0.925000      1842631        13.33
   419.00000     0.937500      1872153        16.00
   431.00000     0.943750      1880511        17.78
   456.00000     0.950000      1895710        20.00
   468.00000     0.956250      1902397        22.86
   493.00000     0.962500      1913881        26.67
   530.00000     0.968750      1927251        32.00
   555.00000     0.971875      1934051        35.56
   579.00000     0.975000      1939851        40.00
   604.00000     0.978125      1944687        45.71
   653.00000     0.981250      1951645        53.33
   715.00000     0.984375      1957479        64.00
   752.00000     0.985938      1960193        71.11
   814.00000     0.987500      1963486        80.00
   888.00000     0.989062      1966433        91.43
  1023.00000     0.990625      1969401       106.67
  1418.00000     0.992188      1972502       128.00
  1850.00000     0.992969      1974038       142.22
  3626.00000     0.993750      1975570       160.00
  4847.00000     0.994531      1977134       182.86
  5032.00000     0.995313      1978702       213.33
  5204.00000     0.996094      1980226       256.00
  5315.00000     0.996484      1981039       284.44
  5451.00000     0.996875      1981829       320.00
  5611.00000     0.997266      1982592       365.71
  5809.00000     0.997656      1983368       426.67
  6080.00000     0.998047      1984124       512.00
  6265.00000     0.998242      1984513       568.89
  6487.00000     0.998437      1984894       640.00
  6808.00000     0.998633      1985277       731.43
  7202.00000     0.998828      1985662       853.33
  7708.00000     0.999023      1986054      1024.00
  8078.00000     0.999121      1986249      1137.78
  8362.00000     0.999219      1986440      1280.00
  8658.00000     0.999316      1986635      1462.86
  8991.00000     0.999414      1986831      1706.67
  9373.00000     0.999512      1987024      2048.00
  9533.00000     0.999561      1987120      2275.56
  9743.00000     0.999609      1987217      2560.00
 10014.00000     0.999658      1987316      2925.71
 10298.00000     0.999707      1987408      3413.33
 10619.00000     0.999756      1987505      4096.00
 10791.00000     0.999780      1987556      4551.11
 11013.00000     0.999805      1987604      5120.00
 11322.00000     0.999829      1987654      5851.43
 11605.00000     0.999854      1987700      6826.67
 12136.00000     0.999878      1987748      8192.00
 12358.00000     0.999890      1987774      9102.22
 12592.00000     0.999902      1987796     10240.00
 12888.00000     0.999915      1987821     11702.86
 13307.00000     0.999927      1987845     13653.33
 13776.00000     0.999939      1987870     16384.00
 13973.00000     0.999945      1987882     18204.44
 14282.00000     0.999951      1987893     20480.00
 14701.00000     0.999957      1987906     23405.71
 15318.00000     0.999963      1987918     27306.67
 15786.00000     0.999969      1987930     32768.00
 16218.00000     0.999973      1987936     36408.89
 17118.00000     0.999976      1987942     40960.00
 18746.00000     0.999979      1987948     46811.43
 20041.00000     0.999982      1987954     54613.33
 21657.00000     0.999985      1987960     65536.00
 22594.00000     0.999986      1987963     72817.78
 26060.00000     0.999988      1987966     81920.00
 33250.00000     0.999989      1987969     93622.86
 36987.00000     0.999991      1987972    109226.67
 38689.00000     0.999992      1987975    131072.00
 59730.00000     0.999993      1987977    145635.56
 65403.00000     0.999994      1987978    163840.00
 69375.00000     0.999995      1987981    187245.71
 69375.00000     0.999995      1987981    218453.33
113318.00000     0.999996      1987983    262144.00
126626.00000     0.999997      1987984    291271.11
126626.00000     0.999997      1987984    327680.00
129944.00000     0.999997      1987985    374491.43
130301.00000     0.999998      1987986    436906.67
132250.00000     0.999998      1987987    524288.00
132250.00000     0.999998      1987987    582542.22
132250.00000     0.999998      1987987    655360.00
153722.00000     0.999999      1987988    748982.86
153722.00000     0.999999      1987988    873813.33
251439.00000     0.999999      1987989   1048576.00
251439.00000     0.999999      1987989   1165084.44
251439.00000     0.999999      1987989   1310720.00
251439.00000     0.999999      1987989   1497965.71
251439.00000     0.999999      1987989   1747626.67
252956.00000     1.000000      1987990   2097152.00
252956.00000     1.000000      1987990          inf
#[Mean    =      193.710, StdDeviation   =      639.821]
#[Max     =   252956.000, Total count    =      1987990]
#[Buckets =           13, SubBuckets     =       262144]
       Value   Percentile   TotalCount 1/(1-Percentile)

    74.00000     0.000000            1         1.00
   172.00000     0.100000       247904         1.11
   197.00000     0.200000       461151         1.25
   222.00000     0.300000       665553         1.43
   246.00000     0.400000       877500         1.67
   271.00000     0.500000      1094144         2.00
   271.00000     0.550000      1094144         2.22
   283.00000     0.600000      1202947         2.50
   296.00000     0.650000      1312171         2.86
   308.00000     0.700000      1420925         3.33
   320.00000     0.750000      1527874         4.00
   333.00000     0.775000      1629627         4.44
   333.00000     0.800000      1629627         5.00
   345.00000     0.825000      1716428         5.71
   345.00000     0.850000      1716428         6.67
   357.00000     0.875000      1784117         8.00
   357.00000     0.887500      1784117         8.89
   370.00000     0.900000      1826198        10.00
   370.00000     0.912500      1826198        11.43
   382.00000     0.925000      1873800        13.33
   382.00000     0.937500      1873800        16.00
   394.00000     0.943750      1899662        17.78
   394.00000     0.950000      1899662        20.00
   407.00000     0.956250      1913301        22.86
   419.00000     0.962500      1923281        26.67
   431.00000     0.968750      1931714        32.00
   444.00000     0.971875      1938631        35.56
   444.00000     0.975000      1938631        40.00
   468.00000     0.978125      1946973        45.71
   493.00000     0.981250      1951240        53.33
   579.00000     0.984375      1957120        64.00
   678.00000     0.985938      1960078        71.11
   826.00000     0.987500      1963329        80.00
   974.00000     0.989062      1966526        91.43
  1073.00000     0.990625      1969502       106.67
  1295.00000     0.992188      1972560       128.00
  1381.00000     0.992969      1974025       142.22
  1504.00000     0.993750      1975614       160.00
  1689.00000     0.994531      1977227       182.86
  1887.00000     0.995313      1978714       213.33
  2220.00000     0.996094      1980228       256.00
  2405.00000     0.996484      1981002       284.44
  2664.00000     0.996875      1981778       320.00
  2997.00000     0.997266      1982579       365.71
  3465.00000     0.997656      1983343       426.67
  4107.00000     0.998047      1984109       512.00
  4489.00000     0.998242      1984498       568.89
  5032.00000     0.998437      1984889       640.00
  5488.00000     0.998633      1985284       731.43
  5920.00000     0.998828      1985664       853.33
  6635.00000     0.999023      1986049      1024.00
  7264.00000     0.999121      1986243      1137.78
  8214.00000     0.999219      1986438      1280.00
 10224.00000     0.999316      1986632      1462.86
 13295.00000     0.999414      1986826      1706.67
 20251.00000     0.999512      1987020      2048.00
 24210.00000     0.999561      1987118      2275.56
 30216.00000     0.999609      1987214      2560.00
 35594.00000     0.999658      1987311      2925.71
 43721.00000     0.999707      1987408      3413.33
 49382.00000     0.999756      1987505      4096.00
 54550.00000     0.999780      1987554      4551.11
 56610.00000     0.999805      1987602      5120.00
 62086.00000     0.999829      1987651      5851.43
 66476.00000     0.999854      1987699      6826.67
 71521.00000     0.999878      1987748      8192.00
 76306.00000     0.999890      1987772      9102.22
 76947.00000     0.999902      1987796     10240.00
 80980.00000     0.999915      1987821     11702.86
 83015.00000     0.999927      1987845     13653.33
 86962.00000     0.999939      1987869     16384.00
 88664.00000     0.999945      1987881     18204.44
 92142.00000     0.999951      1987894     20480.00
 92771.00000     0.999957      1987907     23405.71
 93030.00000     0.999963      1987918     27306.67
 93462.00000     0.999969      1987930     32768.00
 95953.00000     0.999973      1987936     36408.89
 97507.00000     0.999976      1987942     40960.00
 98284.00000     0.999979      1987948     46811.43
104303.00000     0.999982      1987954     54613.33
139810.00000     0.999985      1987960     65536.00
157385.00000     0.999986      1987963     72817.78
175676.00000     0.999988      1987966     81920.00
193214.00000     0.999989      1987969     93622.86
221679.00000     0.999991      1987972    109226.67
256940.00000     0.999992      1987975    131072.00
259370.00000     0.999993      1987977    145635.56
263353.00000     0.999994      1987978    163840.00
307187.00000     0.999995      1987980    187245.71
309851.00000     0.999995      1987981    218453.33
379607.00000     0.999996      1987983    262144.00
405891.00000     0.999997      1987984    291271.11
405891.00000     0.999997      1987984    327680.00
414943.00000     0.999997      1987985    374491.43
427585.00000     0.999998      1987986    436906.67
458109.00000     0.999998      1987987    524288.00
458109.00000     0.999998      1987987    582542.22
458109.00000     0.999998      1987987    655360.00
474697.00000     0.999999      1987988    748982.86
474697.00000     0.999999      1987988    873813.33
485773.00000     0.999999      1987989   1048576.00
485773.00000     0.999999      1987989   1165084.44
485773.00000     0.999999      1987989   1310720.00
485773.00000     0.999999      1987989   1497965.71
485773.00000     0.999999      1987989   1747626.67
495825.00000     1.000000      1987990   2097152.00
495825.00000     1.000000      1987990          inf
#[Mean    =      319.807, StdDeviation   =     1738.692]
#[Max     =   495825.000, Total count    =      1987990]
#[Buckets =           13, SubBuckets     =       262144]
       Value   Percentile   TotalCount 1/(1-Percentile)

     0.00000     0.000000       279450         1.00
     0.00000     0.100000       279450         1.11
    12.00000     0.200000      1942973         1.25
    12.00000     0.300000      1942973         1.43
    12.00000     0.400000      1942973         1.67
    12.00000     0.500000      1942973         2.00
    12.00000     0.550000      1942973         2.22
    12.00000     0.600000      1942973         2.50
    12.00000     0.650000      1942973         2.86
    12.00000     0.700000      1942973         3.33
    12.00000     0.750000      1942973         4.00
    12.00000     0.775000      1942973         4.44
    12.00000     0.800000      1942973         5.00
    12.00000     0.825000      1942973         5.71
    12.00000     0.850000      1942973         6.67
    12.00000     0.875000      1942973         8.00
    12.00000     0.887500      1942973         8.89
    12.00000     0.900000      1942973        10.00
    12.00000     0.912500      1942973        11.43
    12.00000     0.925000      1942973        13.33
    12.00000     0.937500      1942973        16.00
    12.00000     0.943750      1942973        17.78
    12.00000     0.950000      1942973        20.00
    12.00000     0.956250      1942973        22.86
    12.00000     0.962500      1942973        26.67
    12.00000     0.968750      1942973        32.00
    12.00000     0.971875      1942973        35.56
    12.00000     0.975000      1942973        40.00
    24.00000     0.978125      1982295        45.71
    24.00000     0.981250      1982295        53.33
    24.00000     0.984375      1982295        64.00
    24.00000     0.985938      1982295        71.11
    24.00000     0.987500      1982295        80.00
    24.00000     0.989062      1982295        91.43
    24.00000     0.990625      1982295       106.67
    24.00000     0.992188      1982295       128.00
    24.00000     0.992969      1982295       142.22
    24.00000     0.993750      1982295       160.00
    24.00000     0.994531      1982295       182.86
    24.00000     0.995313      1982295       213.33
    24.00000     0.996094      1982295       256.00
    24.00000     0.996484      1982295       284.44
    24.00000     0.996875      1982295       320.00
    37.00000     0.997266      1985527       365.71
    37.00000     0.997656      1985527       426.67
    37.00000     0.998047      1985527       512.00
    37.00000     0.998242      1985527       568.89
    37.00000     0.998437      1985527       640.00
    37.00000     0.998633      1985527       731.43
    49.00000     0.998828      1986844       853.33
    49.00000     0.999023      1986844      1024.00
    49.00000     0.999121      1986844      1137.78
    49.00000     0.999219      1986844      1280.00
    49.00000     0.999316      1986844      1462.86
    49.00000     0.999414      1986844      1706.67
    61.00000     0.999512      1987261      2048.00
    61.00000     0.999561      1987261      2275.56
    61.00000     0.999609      1987261      2560.00
    74.00000     0.999658      1987445      2925.71
    74.00000     0.999707      1987445      3413.33
    86.00000     0.999756      1987545      4096.00
    98.00000     0.999780      1987610      4551.11
    98.00000     0.999805      1987610      5120.00
   111.00000     0.999829      1987683      5851.43
   123.00000     0.999854      1987716      6826.67
   148.00000     0.999878      1987760      8192.00
   160.00000     0.999890      1987779      9102.22
   172.00000     0.999902      1987806     10240.00
   197.00000     0.999915      1987824     11702.86
   296.00000     0.999927      1987845     13653.33
   345.00000     0.999939      1987870     16384.00
   419.00000     0.999945      1987883     18204.44
   542.00000     0.999951      1987895     20480.00
   592.00000     0.999957      1987909     23405.71
   653.00000     0.999963      1987921     27306.67
   740.00000     0.999969      1987930     32768.00
   814.00000     0.999973      1987937     36408.89
  3305.00000     0.999976      1987942     40960.00
  5032.00000     0.999979      1987948     46811.43
  5167.00000     0.999982      1987954     54613.33
  5241.00000     0.999985      1987960     65536.00
  5278.00000     0.999986      1987966     72817.78
  5278.00000     0.999988      1987966     81920.00
  5291.00000     0.999989      1987969     93622.86
  5315.00000     0.999991      1987972    109226.67
  5365.00000     0.999992      1987975    131072.00
  5377.00000     0.999993      1987978    145635.56
  5377.00000     0.999994      1987978    163840.00
  5426.00000     0.999995      1987980    187245.71
  5439.00000     0.999995      1987981    218453.33
  5562.00000     0.999996      1987983    262144.00
  5648.00000     0.999997      1987984    291271.11
  5648.00000     0.999997      1987984    327680.00
  5661.00000     0.999997      1987985    374491.43
  6672.00000     0.999998      1987986    436906.67
  6894.00000     0.999998      1987987    524288.00
  6894.00000     0.999998      1987987    582542.22
  6894.00000     0.999998      1987987    655360.00
  7067.00000     0.999999      1987988    748982.86
  7067.00000     0.999999      1987988    873813.33
  7153.00000     0.999999      1987989   1048576.00
  7153.00000     0.999999      1987989   1165084.44
  7153.00000     0.999999      1987989   1310720.00
  7153.00000     0.999999      1987989   1497965.71
  7153.00000     0.999999      1987989   1747626.67
  7301.00000     1.000000      1987990   2097152.00
  7301.00000     1.000000      1987990          inf
#[Mean    =       10.810, StdDeviation   =       27.420]
#[Max     =     7301.000, Total count    =      1987990]
#[Buckets =           13, SubBuckets     =       262144]
       Value   Percentile   TotalCount 1/(1-Percentile)

   629.00000     0.000000           11         1.00
   912.00000     0.100000       358726         1.11
   924.00000     0.200000       413316         1.25
   925.00000     0.300000       767479         1.43
   937.00000     0.400000      1150052         1.67
   937.00000     0.500000      1150052         2.00
   937.00000     0.550000      1150052         2.22
   949.00000     0.600000      1448836         2.50
   949.00000     0.650000      1448836         2.86
   949.00000     0.700000      1448836         3.33
   962.00000     0.750000      1623395         4.00
   962.00000     0.775000      1623395         4.44
   962.00000     0.800000      1623395         5.00
   974.00000     0.825000      1711369         5.71
   974.00000     0.850000      1711369         6.67
   986.00000     0.875000      1774493         8.00
   986.00000     0.887500      1774493         8.89
   999.00000     0.900000      1816385        10.00
   999.00000     0.912500      1816385        11.43
  1023.00000     0.925000      1846917        13.33
  1110.00000     0.937500      1864812        16.00
  1184.00000     0.943750      1876804        17.78
  1233.00000     0.950000      1889805        20.00
  1307.00000     0.956250      1902806        22.86
  1393.00000     0.962500      1914601        26.67
  1504.00000     0.968750      1926795        32.00
  1591.00000     0.971875      1932257        35.56
  2429.00000     0.975000      1938336        40.00
  5809.00000     0.978125      1944787        45.71
  5895.00000     0.981250      1951619        53.33
  5944.00000     0.984375      1957922        64.00
  5969.00000     0.985938      1961317        71.11
  5993.00000     0.987500      1963266        80.00
  6006.00000     0.989062      1966401        91.43
  6031.00000     0.990625      1969510       106.67
  6067.00000     0.992188      1972490       128.00
  6080.00000     0.992969      1974644       142.22
  6092.00000     0.993750      1975700       160.00
  6117.00000     0.994531      1977534       182.86
  6142.00000     0.995313      1979038       213.33
  6166.00000     0.996094      1980232       256.00
  6191.00000     0.996484      1981143       284.44
  6216.00000     0.996875      1981905       320.00
  6253.00000     0.997266      1982768       365.71
  6290.00000     0.997656      1983358       426.67
  6351.00000     0.998047      1984138       512.00
  6388.00000     0.998242      1984503       568.89
  6438.00000     0.998437      1984915       640.00
  6512.00000     0.998633      1985305       731.43
  6623.00000     0.998828      1985665       853.33
  7030.00000     0.999023      1986049      1024.00
  7363.00000     0.999121      1986247      1137.78
  7584.00000     0.999219      1986438      1280.00
  7720.00000     0.999316      1986643      1462.86
  7868.00000     0.999414      1986839      1706.67
  8041.00000     0.999512      1987027      2048.00
  8127.00000     0.999561      1987131      2275.56
  8214.00000     0.999609      1987225      2560.00
  8288.00000     0.999658      1987323      2925.71
  8374.00000     0.999707      1987417      3413.33
  8473.00000     0.999756      1987515      4096.00
  8547.00000     0.999780      1987563      4551.11
  8608.00000     0.999805      1987603      5120.00
  8719.00000     0.999829      1987653      5851.43
  8818.00000     0.999854      1987702      6826.67
  8941.00000     0.999878      1987750      8192.00
  8991.00000     0.999890      1987774      9102.22
  9065.00000     0.999902      1987798     10240.00
  9139.00000     0.999915      1987821     11702.86
  9237.00000     0.999927      1987846     13653.33
  9521.00000     0.999939      1987870     16384.00
  9681.00000     0.999945      1987881     18204.44
 10175.00000     0.999951      1987894     20480.00
 10705.00000     0.999957      1987907     23405.71
 11815.00000     0.999963      1987918     27306.67
 13776.00000     0.999969      1987930     32768.00
 16144.00000     0.999973      1987936     36408.89
 17205.00000     0.999976      1987942     40960.00
 17994.00000     0.999979      1987949     46811.43
 18870.00000     0.999982      1987954     54613.33
 20461.00000     0.999985      1987960     65536.00
 21151.00000     0.999986      1987964     72817.78
 21262.00000     0.999988      1987966     81920.00
 21386.00000     0.999989      1987969     93622.86
 21780.00000     0.999991      1987973    109226.67
 22693.00000     0.999992      1987975    131072.00
 23199.00000     0.999993      1987977    145635.56
 23704.00000     0.999994      1987978    163840.00
 24148.00000     0.999995      1987981    187245.71
 24148.00000     0.999995      1987981    218453.33
 24531.00000     0.999996      1987983    262144.00
 25493.00000     0.999997      1987984    291271.11
 25493.00000     0.999997      1987984    327680.00
 25641.00000     0.999997      1987986    374491.43
 25641.00000     0.999998      1987986    436906.67
 26270.00000     0.999998      1987987    524288.00
 26270.00000     0.999998      1987987    582542.22
 26270.00000     0.999998      1987987    655360.00
 29106.00000     0.999999      1987988    748982.86
 29106.00000     0.999999      1987988    873813.33
 31832.00000     0.999999      1987989   1048576.00
 31832.00000     0.999999      1987989   1165084.44
 31832.00000     0.999999      1987989   1310720.00
 31832.00000     0.999999      1987989   1497965.71
 31832.00000     0.999999      1987989   1747626.67
 69597.00000     1.000000      1987990   2097152.00
 69597.00000     1.000000      1987990          inf
#[Mean    =     1079.817, StdDeviation   =      801.910]
#[Max     =    69597.000, Total count    =      1987990]
#[Buckets =           13, SubBuckets     =       262144]

=== EXCHANGE STDERR ===
matching tid: 50351
