=== CLIENT STDERR ===
=== Exchange load generator ===
  clients  : 10
  seed     : 4147604228
  target   : 127.0.0.1:4000
  thread id: 51301
Ctrl-C to stop.


=== Stats ===
  elapsed         : 14.999 s
  requests sent   : 2538547
  ACK responses   : 2538537
  MATCH responses : 1456183
  ERR responses   : 0
  orders in flight: -10
  --- throughput ---
  requests/s      : 169250
  ACK/s           : 169249
  MATCH/s         : 97086
  ERR/s           : 0
  total resp/s    : 169249

=== EXCHANGE STDOUT ===
exchange tid: 51300
inbound thread: 51302
outbound thread: 51303
       Value   Percentile   TotalCount 1/(1-Percentile)

  2047.00000     0.000000            1         1.00
  2355.00000     0.100000       202315         1.11
  2417.00000     0.200000       439265         1.25
  2454.00000     0.300000       605759         1.43
  2503.00000     0.400000       823009         1.67
  2553.00000     0.500000      1010701         2.00
  2577.00000     0.550000      1088418         2.22
  2614.00000     0.600000      1188881         2.50
  2651.00000     0.650000      1273699         2.86
  2701.00000     0.700000      1364887         3.33
  2775.00000     0.750000      1463972         4.00
  2824.00000     0.775000      1513661         4.44
  2886.00000     0.800000      1564809         5.00
  2960.00000     0.825000      1615378         5.71
  3034.00000     0.850000      1658077         6.67
  3145.00000     0.875000      1708516         8.00
  3206.00000     0.887500      1731142         8.89
  3293.00000     0.900000      1757140        10.00
  3391.00000     0.912500      1780153        11.43
  3527.00000     0.925000      1803555        13.33
  3749.00000     0.937500      1827858        16.00
  3934.00000     0.943750      1839977        17.78
  4230.00000     0.950000      1852014        20.00
  5217.00000     0.956250      1864111        22.86
  7289.00000     0.962500      1876283        26.67
  7486.00000     0.968750      1888606        32.00
  7560.00000     0.971875      1894867        35.56
  7634.00000     0.975000      1900690        40.00
  7733.00000     0.978125      1906979        45.71
  7868.00000     0.981250      1912921        53.33
  8127.00000     0.984375      1918976        64.00
  8386.00000     0.985938      1922041        71.11
  8806.00000     0.987500      1925054        80.00
  9509.00000     0.989062      1928068        91.43
 10298.00000     0.990625      1931108       106.67
 11568.00000     0.992188      1934166       128.00
 12580.00000     0.992969      1935672       142.22
 14282.00000     0.993750      1937197       160.00
 17945.00000     0.994531      1938720       182.86
 24802.00000     0.995313      1940241       213.33
 36408.00000     0.996094      1941764       256.00
 42883.00000     0.996484      1942526       284.44
 50936.00000     0.996875      1943289       320.00
 56943.00000     0.997266      1944051       365.71
 63677.00000     0.997656      1944810       426.67
 72655.00000     0.998047      1945572       512.00
 77256.00000     0.998242      1945952       568.89
 82337.00000     0.998437      1946334       640.00
 84483.00000     0.998633      1946713       731.43
 90662.00000     0.998828      1947094       853.33
 96964.00000     0.999023      1947475      1024.00
 99357.00000     0.999121      1947666      1137.78
100788.00000     0.999219      1947857      1280.00
104784.00000     0.999316      1948047      1462.86
110334.00000     0.999414      1948236      1706.67
122445.00000     0.999512      1948427      2048.00
133767.00000     0.999561      1948522      2275.56
148727.00000     0.999609      1948617      2560.00
161739.00000     0.999658      1948712      2925.71
176181.00000     0.999707      1948807      3413.33
195742.00000     0.999756      1948903      4096.00
205473.00000     0.999780      1948950      4551.11
215697.00000     0.999805      1948998      5120.00
228462.00000     0.999829      1949045      5851.43
243238.00000     0.999854      1949093      6826.67
260295.00000     0.999878      1949141      8192.00
276365.00000     0.999890      1949164      9102.22
288217.00000     0.999902      1949188     10240.00
302291.00000     0.999915      1949212     11702.86
324231.00000     0.999927      1949236     13653.33
346529.00000     0.999939      1949260     16384.00
352833.00000     0.999945      1949271     18204.44
362675.00000     0.999951      1949283     20480.00
378571.00000     0.999957      1949295     23405.71
387687.00000     0.999963      1949307     27306.67
404041.00000     0.999969      1949319     32768.00
407789.00000     0.999973      1949325     36408.89
416029.00000     0.999976      1949331     40960.00
429891.00000     0.999979      1949337     46811.43
436193.00000     0.999982      1949343     54613.33
450019.00000     0.999985      1949349     65536.00
455901.00000     0.999986      1949352     72817.78
463203.00000     0.999988      1949355     81920.00
469901.00000     0.999989      1949358     93622.86
473169.00000     0.999991      1949361    109226.67
477337.00000     0.999992      1949364    131072.00
478867.00000     0.999993      1949365    145635.56
480667.00000     0.999994      1949367    163840.00
483331.00000     0.999995      1949368    187245.71
485453.00000     0.999995      1949370    218453.33
488647.00000     0.999996      1949371    262144.00
489399.00000     0.999997      1949372    291271.11
496787.00000     0.999997      1949373    327680.00
496787.00000     0.999997      1949373    374491.43
521897.00000     0.999998      1949374    436906.67
525291.00000     0.999998      1949375    524288.00
525291.00000     0.999998      1949375    582542.22
525499.00000     0.999998      1949376    655360.00
525499.00000     0.999999      1949376    748982.86
525499.00000     0.999999      1949376    873813.33
532135.00000     0.999999      1949377   1048576.00
532135.00000     0.999999      1949377   1165084.44
532135.00000     0.999999      1949377   1310720.00
532135.00000     0.999999      1949377   1497965.71
532135.00000     0.999999      1949377   1747626.67
545935.00000     1.000000      1949378   2097152.00
545935.00000     1.000000      1949378          inf
#[Mean    =     3229.534, StdDeviation   =     6817.912]
#[Max     =   545935.000, Total count    =      1949378]
#[Buckets =           13, SubBuckets     =       262144]
       Value   Percentile   TotalCount 1/(1-Percentile)

   974.00000     0.000000            1         1.00
  1036.00000     0.100000       342797         1.11
  1048.00000     0.200000       985157         1.25
  1048.00000     0.300000       985157         1.43
  1048.00000     0.400000       985157         1.67
  1048.00000     0.500000       985157         2.00
  1060.00000     0.550000      1482642         2.22
  1060.00000     0.600000      1482642         2.50
  1060.00000     0.650000      1482642         2.86
  1060.00000     0.700000      1482642         3.33
  1060.00000     0.750000      1482642         4.00
  1073.00000     0.775000      1634600         4.44
  1073.00000     0.800000      1634600         5.00
  1073.00000     0.825000      1634600         5.71
  1085.00000     0.850000      1659773         6.67
  1147.00000     0.875000      1707475         8.00
  1233.00000     0.887500      1733412         8.89
  1282.00000     0.900000      1756292        10.00
  1319.00000     0.912500      1781285        11.43
  1356.00000     0.925000      1807613        13.33
  1393.00000     0.937500      1831556        16.00
  1418.00000     0.943750      1845395        17.78
  1443.00000     0.950000      1857930        20.00
  1467.00000     0.956250      1869504        22.86
  1492.00000     0.962500      1880203        26.67
  1517.00000     0.968750      1889862        32.00
  1541.00000     0.971875      1898257        35.56
  1554.00000     0.975000      1902185        40.00
  1578.00000     0.978125      1909047        45.71
  1603.00000     0.981250      1915006        53.33
  1628.00000     0.984375      1919907        64.00
  1640.00000     0.985938      1921996        71.11
  1665.00000     0.987500      1925584        80.00
  1689.00000     0.989062      1928533        91.43
  1726.00000     0.990625      1931955       106.67
  1763.00000     0.992188      1934556       128.00
  1788.00000     0.992969      1935986       142.22
  1825.00000     0.993750      1937503       160.00
  1887.00000     0.994531      1938852       182.86
  2047.00000     0.995313      1940312       213.33
  2331.00000     0.996094      1941807       256.00
  2553.00000     0.996484      1942545       284.44
  2947.00000     0.996875      1943299       320.00
  3848.00000     0.997266      1944048       365.71
  5587.00000     0.997656      1944816       426.67
  5932.00000     0.998047      1945572       512.00
  6068.00000     0.998242      1945979       568.89
  6203.00000     0.998437      1946340       640.00
  6351.00000     0.998633      1946738       731.43
  6475.00000     0.998828      1947095       853.33
  6635.00000     0.999023      1947497      1024.00
  6721.00000     0.999121      1947693      1137.78
  6820.00000     0.999219      1947865      1280.00
  6968.00000     0.999316      1948056      1462.86
  7165.00000     0.999414      1948239      1706.67
  7412.00000     0.999512      1948428      2048.00
  7597.00000     0.999561      1948525      2275.56
  7868.00000     0.999609      1948619      2560.00
  8152.00000     0.999658      1948712      2925.71
  8547.00000     0.999707      1948808      3413.33
  9003.00000     0.999756      1948904      4096.00
  9311.00000     0.999780      1948950      4551.11
  9632.00000     0.999805      1948999      5120.00
 10076.00000     0.999829      1949045      5851.43
 10582.00000     0.999854      1949093      6826.67
 11371.00000     0.999878      1949141      8192.00
 11827.00000     0.999890      1949164      9102.22
 12259.00000     0.999902      1949189     10240.00
 12962.00000     0.999915      1949213     11702.86
 13665.00000     0.999927      1949236     13653.33
 14528.00000     0.999939      1949261     16384.00
 15490.00000     0.999945      1949271     18204.44
 16193.00000     0.999951      1949283     20480.00
 18709.00000     0.999957      1949295     23405.71
 21040.00000     0.999963      1949307     27306.67
 24629.00000     0.999969      1949319     32768.00
 25690.00000     0.999973      1949325     36408.89
 27478.00000     0.999976      1949331     40960.00
 30229.00000     0.999979      1949337     46811.43
 33411.00000     0.999982      1949343     54613.33
 34274.00000     0.999985      1949349     65536.00
 35137.00000     0.999986      1949352     72817.78
 36038.00000     0.999988      1949355     81920.00
 36716.00000     0.999989      1949358     93622.86
 38554.00000     0.999991      1949361    109226.67
 42291.00000     0.999992      1949364    131072.00
 42661.00000     0.999993      1949365    145635.56
 50973.00000     0.999994      1949367    163840.00
 57510.00000     0.999995      1949368    187245.71
 58534.00000     0.999995      1949370    218453.33
 60433.00000     0.999996      1949371    262144.00
 69325.00000     0.999997      1949372    291271.11
 82164.00000     0.999997      1949373    327680.00
 82164.00000     0.999997      1949373    374491.43
 83854.00000     0.999998      1949374    436906.67
 86555.00000     0.999998      1949375    524288.00
 86555.00000     0.999998      1949375    582542.22
103106.00000     0.999998      1949376    655360.00
103106.00000     0.999999      1949376    748982.86
103106.00000     0.999999      1949376    873813.33
148666.00000     0.999999      1949377   1048576.00
148666.00000     0.999999      1949377   1165084.44
148666.00000     0.999999      1949377   1310720.00
148666.00000     0.999999      1949377   1497965.71
148666.00000     0.999999      1949377   1747626.67
150602.00000     1.000000      1949378   2097152.00
150602.00000     1.000000      1949378          inf
#[Mean    =     1115.640, StdDeviation   =      436.063]
#[Max     =   150602.000, Total count    =      1949378]
#[Buckets =           13, SubBuckets     =       262144]
       Value   Percentile   TotalCount 1/(1-Percentile)

     0.00000     0.000000       105818         1.00
    12.00000     0.100000      1439900         1.11
    12.00000     0.200000      1439900         1.25
    12.00000     0.300000      1439900         1.43
    12.00000     0.400000      1439900         1.67
    12.00000     0.500000      1439900         2.00
    12.00000     0.550000      1439900         2.22
    12.00000     0.600000      1439900         2.50
    12.00000     0.650000      1439900         2.86
    12.00000     0.700000      1439900         3.33
    24.00000     0.750000      1934943         4.00
    24.00000     0.775000      1934943         4.44
    24.00000     0.800000      1934943         5.00
    24.00000     0.825000      1934943         5.71
    24.00000     0.850000      1934943         6.67
    24.00000     0.875000      1934943         8.00
    24.00000     0.887500      1934943         8.89
    24.00000     0.900000      1934943        10.00
    24.00000     0.912500      1934943        11.43
    24.00000     0.925000      1934943        13.33
    24.00000     0.937500      1934943        16.00
    24.00000     0.943750      1934943        17.78
    24.00000     0.950000      1934943        20.00
    24.00000     0.956250      1934943        22.86
    24.00000     0.962500      1934943        26.67
    24.00000     0.968750      1934943        32.00
    24.00000     0.971875      1934943        35.56
    24.00000     0.975000      1934943        40.00
    24.00000     0.978125      1934943        45.71
    24.00000     0.981250      1934943        53.33
    24.00000     0.984375      1934943        64.00
    24.00000     0.985938      1934943        71.11
    24.00000     0.987500      1934943        80.00
    24.00000     0.989062      1934943        91.43
    24.00000     0.990625      1934943       106.67
    24.00000     0.992188      1934943       128.00
    37.00000     0.992969      1945670       142.22
    37.00000     0.993750      1945670       160.00
    37.00000     0.994531      1945670       182.86
    37.00000     0.995313      1945670       213.33
    37.00000     0.996094      1945670       256.00
    37.00000     0.996484      1945670       284.44
    37.00000     0.996875      1945670       320.00
    37.00000     0.997266      1945670       365.71
    37.00000     0.997656      1945670       426.67
    37.00000     0.998047      1945670       512.00
    49.00000     0.998242      1948236       568.89
    49.00000     0.998437      1948236       640.00
    49.00000     0.998633      1948236       731.43
    49.00000     0.998828      1948236       853.33
    49.00000     0.999023      1948236      1024.00
    49.00000     0.999121      1948236      1137.78
    49.00000     0.999219      1948236      1280.00
    49.00000     0.999316      1948236      1462.86
    49.00000     0.999414      1948236      1706.67
    61.00000     0.999512      1949021      2048.00
    61.00000     0.999561      1949021      2275.56
    61.00000     0.999609      1949021      2560.00
    61.00000     0.999658      1949021      2925.71
    61.00000     0.999707      1949021      3413.33
    61.00000     0.999756      1949021      4096.00
    61.00000     0.999780      1949021      4551.11
    61.00000     0.999805      1949021      5120.00
    74.00000     0.999829      1949168      5851.43
    74.00000     0.999854      1949168      6826.67
    74.00000     0.999878      1949168      8192.00
    74.00000     0.999890      1949168      9102.22
    86.00000     0.999902      1949202     10240.00
    98.00000     0.999915      1949221     11702.86
   111.00000     0.999927      1949242     13653.33
   123.00000     0.999939      1949264     16384.00
   135.00000     0.999945      1949273     18204.44
   148.00000     0.999951      1949292     20480.00
   160.00000     0.999957      1949302     23405.71
   185.00000     0.999963      1949307     27306.67
   246.00000     0.999969      1949320     32768.00
   283.00000     0.999973      1949327     36408.89
   296.00000     0.999976      1949331     40960.00
   320.00000     0.999979      1949342     46811.43
   333.00000     0.999982      1949345     54613.33
   382.00000     0.999985      1949349     65536.00
   419.00000     0.999986      1949352     72817.78
   444.00000     0.999988      1949356     81920.00
   567.00000     0.999989      1949358     93622.86
   616.00000     0.999991      1949361    109226.67
   666.00000     0.999992      1949364    131072.00
   678.00000     0.999993      1949365    145635.56
   912.00000     0.999994      1949367    163840.00
  1159.00000     0.999995      1949368    187245.71
  1443.00000     0.999995      1949370    218453.33
  3749.00000     0.999996      1949371    262144.00
  4255.00000     0.999997      1949372    291271.11
  4378.00000     0.999997      1949373    327680.00
  4378.00000     0.999997      1949373    374491.43
  4575.00000     0.999998      1949374    436906.67
  4871.00000     0.999998      1949375    524288.00
  4871.00000     0.999998      1949375    582542.22
  5069.00000     0.999998      1949376    655360.00
  5069.00000     0.999999      1949376    748982.86
  5069.00000     0.999999      1949376    873813.33
  5562.00000     0.999999      1949377   1048576.00
  5562.00000     0.999999      1949377   1165084.44
  5562.00000     0.999999      1949377   1310720.00
  5562.00000     0.999999      1949377   1497965.71
  5562.00000     0.999999      1949377   1747626.67
  5994.00000     1.000000      1949378   2097152.00
  5994.00000     1.000000      1949378          inf
#[Mean    =       14.647, StdDeviation   =       12.176]
#[Max     =     5994.000, Total count    =      1949378]
#[Buckets =           13, SubBuckets     =       262144]
       Value   Percentile   TotalCount 1/(1-Percentile)

    61.00000     0.000000            8         1.00
    98.00000     0.100000      1110637         1.11
    98.00000     0.200000      1110637         1.25
    98.00000     0.300000      1110637         1.43
    98.00000     0.400000      1110637         1.67
    98.00000     0.500000      1110637         2.00
    98.00000     0.550000      1110637         2.22
   111.00000     0.600000      1459933         2.50
   111.00000     0.650000      1459933         2.86
   111.00000     0.700000      1459933         3.33
   123.00000     0.750000      1730014         4.00
   123.00000     0.775000      1730014         4.44
   123.00000     0.800000      1730014         5.00
   123.00000     0.825000      1730014         5.71
   123.00000     0.850000      1730014         6.67
   123.00000     0.875000      1730014         8.00
   135.00000     0.887500      1905923         8.89
   135.00000     0.900000      1905923        10.00
   135.00000     0.912500      1905923        11.43
   135.00000     0.925000      1905923        13.33
   135.00000     0.937500      1905923        16.00
   135.00000     0.943750      1905923        17.78
   135.00000     0.950000      1905923        20.00
   135.00000     0.956250      1905923        22.86
   135.00000     0.962500      1905923        26.67
   135.00000     0.968750      1905923        32.00
   135.00000     0.971875      1905923        35.56
   135.00000     0.975000      1905923        40.00
   147.00000     0.978125      1907440        45.71
   148.00000     0.981250      1926140        53.33
   148.00000     0.984375      1926140        64.00
   148.00000     0.985938      1926140        71.11
   148.00000     0.987500      1926140        80.00
   160.00000     0.989062      1930724        91.43
   172.00000     0.990625      1932860       106.67
   185.00000     0.992188      1934196       128.00
   209.00000     0.992969      1935721       142.22
   246.00000     0.993750      1937269       160.00
   308.00000     0.994531      1938783       182.86
   407.00000     0.995313      1940360       213.33
   542.00000     0.996094      1941809       256.00
   641.00000     0.996484      1942589       284.44
   740.00000     0.996875      1943295       320.00
   888.00000     0.997266      1944080       365.71
  1122.00000     0.997656      1944813       426.67
  1591.00000     0.998047      1945584       512.00
  1948.00000     0.998242      1945952       568.89
  2454.00000     0.998437      1946336       640.00
  3107.00000     0.998633      1946714       731.43
  3872.00000     0.998828      1947095       853.33
  4933.00000     0.999023      1947476      1024.00
  5648.00000     0.999121      1947666      1137.78
  6660.00000     0.999219      1947856      1280.00
  8004.00000     0.999316      1948046      1462.86
  9990.00000     0.999414      1948237      1706.67
 13949.00000     0.999512      1948427      2048.00
 16810.00000     0.999561      1948522      2275.56
 20781.00000     0.999609      1948617      2560.00
 25505.00000     0.999658      1948712      2925.71
 34114.00000     0.999707      1948807      3413.33
 44807.00000     0.999756      1948903      4096.00
 49765.00000     0.999780      1948950      4551.11
 55845.00000     0.999805      1948998      5120.00
 62332.00000     0.999829      1949045      5851.43
 68992.00000     0.999854      1949093      6826.67
 78403.00000     0.999878      1949141      8192.00
 85149.00000     0.999890      1949164      9102.22
 90859.00000     0.999902      1949188     10240.00
 96816.00000     0.999915      1949212     11702.86
102884.00000     0.999927      1949236     13653.33
110296.00000     0.999939      1949260     16384.00
116069.00000     0.999945      1949271     18204.44
121236.00000     0.999951      1949283     20480.00
129759.00000     0.999957      1949295     23405.71
137245.00000     0.999963      1949307     27306.67
147926.00000     0.999969      1949319     32768.00
149776.00000     0.999973      1949325     36408.89
156103.00000     0.999976      1949331     40960.00
167252.00000     0.999979      1949337     46811.43
173961.00000     0.999982      1949343     54613.33
182521.00000     0.999985      1949349     65536.00
188317.00000     0.999986      1949352     72817.78
218916.00000     0.999988      1949355     81920.00
238181.00000     0.999989      1949358     93622.86
253117.00000     0.999991      1949361    109226.67
264489.00000     0.999992      1949364    131072.00
264921.00000     0.999993      1949365    145635.56
275033.00000     0.999994      1949367    163840.00
279363.00000     0.999995      1949368    187245.71
287539.00000     0.999995      1949370    218453.33
294077.00000     0.999996      1949371    262144.00
299243.00000     0.999997      1949372    291271.11
309061.00000     0.999997      1949373    327680.00
309061.00000     0.999997      1949373    374491.43
318693.00000     0.999998      1949374    436906.67
327303.00000     0.999998      1949375    524288.00
327303.00000     0.999998      1949375    582542.22
343459.00000     0.999998      1949376    655360.00
343459.00000     0.999999      1949376    748982.86
343459.00000     0.999999      1949376    873813.33
362883.00000     0.999999      1949377   1048576.00
362883.00000     0.999999      1949377   1165084.44
362883.00000     0.999999      1949377   1310720.00
362883.00000     0.999999      1949377   1497965.71
362883.00000     0.999999      1949377   1747626.67
371665.00000     1.000000      1949378   2097152.00
371665.00000     1.000000      1949378          inf
#[Mean    =      145.583, StdDeviation   =     1785.086]
#[Max     =   371665.000, Total count    =      1949378]
#[Buckets =           13, SubBuckets     =       262144]
       Value   Percentile   TotalCount 1/(1-Percentile)

     0.00000     0.000000        12667         1.00
    37.00000     0.100000       402041         1.11
    37.00000     0.200000       402041         1.25
    49.00000     0.300000       745860         1.43
    61.00000     0.400000       817465         1.67
   111.00000     0.500000       976211         2.00
   135.00000     0.550000      1083032         2.22
   160.00000     0.600000      1206747         2.50
   185.00000     0.650000      1315292         2.86
   209.00000     0.700000      1404817         3.33
   234.00000     0.750000      1484804         4.00
   246.00000     0.775000      1522220         4.44
   271.00000     0.800000      1589340         5.00
   283.00000     0.825000      1617780         5.71
   308.00000     0.850000      1664193         6.67
   345.00000     0.875000      1717671         8.00
   357.00000     0.887500      1732654         8.89
   382.00000     0.900000      1759671        10.00
   407.00000     0.912500      1782589        11.43
   444.00000     0.925000      1812159        13.33
   468.00000     0.937500      1828649        16.00
   493.00000     0.943750      1842922        17.78
   518.00000     0.950000      1854944        20.00
   542.00000     0.956250      1865084        22.86
   579.00000     0.962500      1877948        26.67
   629.00000     0.968750      1890522        32.00
   653.00000     0.971875      1895342        35.56
   690.00000     0.975000      1901293        40.00
   740.00000     0.978125      1907911        45.71
   789.00000     0.981250      1912932        53.33
   875.00000     0.984375      1919417        64.00
   937.00000     0.985938      1922426        71.11
  1011.00000     0.987500      1925150        80.00
  1147.00000     0.989062      1928250        91.43
  1393.00000     0.990625      1931111       106.67
  1887.00000     0.992188      1934203       128.00
  2306.00000     0.992969      1935680       142.22
  4181.00000     0.993750      1937201       160.00
  4884.00000     0.994531      1938778       182.86
  5093.00000     0.995313      1940241       213.33
  5340.00000     0.996094      1941766       256.00
  5500.00000     0.996484      1942573       284.44
  5698.00000     0.996875      1943303       320.00
  5969.00000     0.997266      1944054       365.71
  6364.00000     0.997656      1944821       426.67
  6894.00000     0.998047      1945574       512.00
  7264.00000     0.998242      1945961       568.89
  7683.00000     0.998437      1946339       640.00
  8115.00000     0.998633      1946714       731.43
  8559.00000     0.998828      1947098       853.33
  9028.00000     0.999023      1947480      1024.00
  9274.00000     0.999121      1947671      1137.78
  9583.00000     0.999219      1947857      1280.00
  9891.00000     0.999316      1948048      1462.86
 10261.00000     0.999414      1948241      1706.67
 10668.00000     0.999512      1948429      2048.00
 10964.00000     0.999561      1948523      2275.56
 11260.00000     0.999609      1948620      2560.00
 11630.00000     0.999658      1948713      2925.71
 12123.00000     0.999707      1948808      3413.33
 12752.00000     0.999756      1948905      4096.00
 13061.00000     0.999780      1948950      4551.11
 13455.00000     0.999805      1948999      5120.00
 14146.00000     0.999829      1949045      5851.43
 14763.00000     0.999854      1949093      6826.67
 15552.00000     0.999878      1949141      8192.00
 16144.00000     0.999890      1949164      9102.22
 16872.00000     0.999902      1949188     10240.00
 17932.00000     0.999915      1949212     11702.86
 19560.00000     0.999927      1949236     13653.33
 21756.00000     0.999939      1949260     16384.00
 22718.00000     0.999945      1949271     18204.44
 24444.00000     0.999951      1949283     20480.00
 27466.00000     0.999957      1949295     23405.71
 31795.00000     0.999963      1949307     27306.67
 44276.00000     0.999969      1949319     32768.00
 47730.00000     0.999973      1949325     36408.89
 58879.00000     0.999976      1949331     40960.00
 66304.00000     0.999979      1949337     46811.43
 73309.00000     0.999982      1949343     54613.33
 79315.00000     0.999985      1949349     65536.00
 80277.00000     0.999986      1949352     72817.78
 83817.00000     0.999988      1949355     81920.00
 87246.00000     0.999989      1949358     93622.86
 92031.00000     0.999991      1949361    109226.67
108706.00000     0.999992      1949364    131072.00
109470.00000     0.999993      1949365    145635.56
119275.00000     0.999994      1949367    163840.00
122211.00000     0.999995      1949368    187245.71
130918.00000     0.999995      1949370    218453.33
131017.00000     0.999996      1949371    262144.00
138725.00000     0.999997      1949372    291271.11
147247.00000     0.999997      1949373    327680.00
147247.00000     0.999997      1949373    374491.43
147617.00000     0.999998      1949374    436906.67
153957.00000     0.999998      1949375    524288.00
153957.00000     0.999998      1949375    582542.22
154105.00000     0.999998      1949376    655360.00
154105.00000     0.999999      1949376    748982.86
154105.00000     0.999999      1949376    873813.33
180769.00000     0.999999      1949377   1048576.00
180769.00000     0.999999      1949377   1165084.44
180769.00000     0.999999      1949377   1310720.00
180769.00000     0.999999      1949377   1497965.71
180769.00000     0.999999      1949377   1747626.67
184025.00000     1.000000      1949378   2097152.00
184025.00000     1.000000      1949378          inf
#[Mean    =      213.171, StdDeviation   =      791.070]
#[Max     =   184025.000, Total count    =      1949378]
#[Buckets =           13, SubBuckets     =       262144]
       Value   Percentile   TotalCount 1/(1-Percentile)

    86.00000     0.000000            9         1.00
   172.00000     0.100000       209544         1.11
   197.00000     0.200000       394309         1.25
   222.00000     0.300000       591070         1.43
   246.00000     0.400000       791614         1.67
   271.00000     0.500000       995977         2.00
   283.00000     0.550000      1100052         2.22
   296.00000     0.600000      1204631         2.50
   308.00000     0.650000      1308588         2.86
   320.00000     0.700000      1410927         3.33
   333.00000     0.750000      1508828         4.00
   345.00000     0.775000      1602531         4.44
   345.00000     0.800000      1602531         5.00
   357.00000     0.825000      1667572         5.71
   357.00000     0.850000      1667572         6.67
   370.00000     0.875000      1714889         8.00
   382.00000     0.887500      1772861         8.89
   382.00000     0.900000      1772861        10.00
   394.00000     0.912500      1807926        11.43
   394.00000     0.925000      1807926        13.33
   407.00000     0.937500      1828290        16.00
   419.00000     0.943750      1843377        17.78
   431.00000     0.950000      1855782        20.00
   444.00000     0.956250      1866214        22.86
   468.00000     0.962500      1880996        26.67
   493.00000     0.968750      1889480        32.00
   518.00000     0.971875      1894554        35.56
   592.00000     0.975000      1901049        40.00
   764.00000     0.978125      1906765        45.71
   999.00000     0.981250      1913158        53.33
  1270.00000     0.984375      1918977        64.00
  1418.00000     0.985938      1922040        71.11
  1665.00000     0.987500      1925085        80.00
  2022.00000     0.989062      1928089        91.43
  2540.00000     0.990625      1931132       106.67
  3589.00000     0.992188      1934163       128.00
  4662.00000     0.992969      1935690       142.22
  5636.00000     0.993750      1937202       160.00
  7992.00000     0.994531      1938719       182.86
 14319.00000     0.995313      1940244       213.33
 25567.00000     0.996094      1941764       256.00
 32658.00000     0.996484      1942527       284.44
 39170.00000     0.996875      1943288       320.00
 45177.00000     0.997266      1944048       365.71
 52577.00000     0.997656      1944810       426.67
 60458.00000     0.998047      1945572       512.00
 65305.00000     0.998242      1945952       568.89
 68154.00000     0.998437      1946333       640.00
 72877.00000     0.998633      1946714       731.43
 77157.00000     0.998828      1947094       853.33
 82793.00000     0.999023      1947475      1024.00
 87048.00000     0.999121      1947666      1137.78
 89564.00000     0.999219      1947856      1280.00
 92524.00000     0.999316      1948048      1462.86
 93696.00000     0.999414      1948236      1706.67
 98062.00000     0.999512      1948427      2048.00
100282.00000     0.999561      1948522      2275.56
104648.00000     0.999609      1948617      2560.00
112874.00000     0.999658      1948712      2925.71
127835.00000     0.999707      1948807      3413.33
147975.00000     0.999756      1948903      4096.00
158249.00000     0.999780      1948950      4551.11
168843.00000     0.999805      1948998      5120.00
182225.00000     0.999829      1949045      5851.43
198159.00000     0.999854      1949093      6826.67
214131.00000     0.999878      1949141      8192.00
225058.00000     0.999890      1949164      9102.22
237996.00000     0.999902      1949188     10240.00
253524.00000     0.999915      1949212     11702.86
268817.00000     0.999927      1949236     13653.33
292361.00000     0.999939      1949260     16384.00
304091.00000     0.999945      1949271     18204.44
319113.00000     0.999951      1949283     20480.00
337575.00000     0.999957      1949295     23405.71
355423.00000     0.999963      1949307     27306.67
370123.00000     0.999969      1949319     32768.00
378511.00000     0.999973      1949325     36408.89
387945.00000     0.999976      1949331     40960.00
398551.00000     0.999979      1949337     46811.43
414179.00000     0.999982      1949343     54613.33
429557.00000     0.999985      1949349     65536.00
431951.00000     0.999986      1949352     72817.78
439153.00000     0.999988      1949355     81920.00
442865.00000     0.999989      1949358     93622.86
448945.00000     0.999991      1949361    109226.67
457481.00000     0.999992      1949364    131072.00
459467.00000     0.999993      1949365    145635.56
469209.00000     0.999994      1949367    163840.00
469259.00000     0.999995      1949368    187245.71
475389.00000     0.999995      1949370    218453.33
476043.00000     0.999996      1949371    262144.00
478471.00000     0.999997      1949372    291271.11
488523.00000     0.999997      1949373    327680.00
488523.00000     0.999997      1949373    374491.43
489807.00000     0.999998      1949374    436906.67
492693.00000     0.999998      1949375    524288.00
492693.00000     0.999998      1949375    582542.22
495565.00000     0.999998      1949376    655360.00
495565.00000     0.999999      1949376    748982.86
495565.00000     0.999999      1949376    873813.33
526127.00000     0.999999      1949377   1048576.00
526127.00000     0.999999      1949377   1165084.44
526127.00000     0.999999      1949377   1310720.00
526127.00000     0.999999      1949377   1497965.71
526127.00000     0.999999      1949377   1747626.67
540287.00000     1.000000      1949378   2097152.00
540287.00000     1.000000      1949378          inf
#[Mean    =      612.002, StdDeviation   =     5725.159]
#[Max     =   540287.000, Total count    =      1949378]
#[Buckets =           13, SubBuckets     =       262144]
       Value   Percentile   TotalCount 1/(1-Percentile)

     0.00000     0.000000       266822         1.00
     0.00000     0.100000       266822         1.11
    12.00000     0.200000      1876787         1.25
    12.00000     0.300000      1876787         1.43
    12.00000     0.400000      1876787         1.67
    12.00000     0.500000      1876787         2.00
    12.00000     0.550000      1876787         2.22
    12.00000     0.600000      1876787         2.50
    12.00000     0.650000      1876787         2.86
    12.00000     0.700000      1876787         3.33
    12.00000     0.750000      1876787         4.00
    12.00000     0.775000      1876787         4.44
    12.00000     0.800000      1876787         5.00
    12.00000     0.825000      1876787         5.71
    12.00000     0.850000      1876787         6.67
    12.00000     0.875000      1876787         8.00
    12.00000     0.887500      1876787         8.89
    12.00000     0.900000      1876787        10.00
    12.00000     0.912500      1876787        11.43
    12.00000     0.925000      1876787        13.33
    12.00000     0.937500      1876787        16.00
    12.00000     0.943750      1876787        17.78
    12.00000     0.950000      1876787        20.00
    12.00000     0.956250      1876787        22.86
    12.00000     0.962500      1876787        26.67
    24.00000     0.968750      1931881        32.00
    24.00000     0.971875      1931881        35.56
    24.00000     0.975000      1931881        40.00
    24.00000     0.978125      1931881        45.71
    24.00000     0.981250      1931881        53.33
    24.00000     0.984375      1931881        64.00
    24.00000     0.985938      1931881        71.11
    24.00000     0.987500      1931881        80.00
    24.00000     0.989062      1931881        91.43
    24.00000     0.990625      1931881       106.67
    37.00000     0.992188      1940021       128.00
    37.00000     0.992969      1940021       142.22
    37.00000     0.993750      1940021       160.00
    37.00000     0.994531      1940021       182.86
    49.00000     0.995313      1944278       213.33
    49.00000     0.996094      1944278       256.00
    49.00000     0.996484      1944278       284.44
    49.00000     0.996875      1944278       320.00
    49.00000     0.997266      1944278       365.71
    61.00000     0.997656      1945466       426.67
    74.00000     0.998047      1946030       512.00
    74.00000     0.998242      1946030       568.89
    86.00000     0.998437      1946384       640.00
   111.00000     0.998633      1947029       731.43
   123.00000     0.998828      1947279       853.33
   148.00000     0.999023      1947596      1024.00
   160.00000     0.999121      1947763      1137.78
   172.00000     0.999219      1947912      1280.00
   197.00000     0.999316      1948093      1462.86
   222.00000     0.999414      1948236      1706.67
   296.00000     0.999512      1948439      2048.00
   320.00000     0.999561      1948525      2275.56
   357.00000     0.999609      1948657      2560.00
   382.00000     0.999658      1948712      2925.71
   444.00000     0.999707      1948815      3413.33
   518.00000     0.999756      1948911      4096.00
   555.00000     0.999780      1948954      4551.11
   604.00000     0.999805      1949001      5120.00
   653.00000     0.999829      1949048      5851.43
   703.00000     0.999854      1949105      6826.67
   777.00000     0.999878      1949145      8192.00
   814.00000     0.999890      1949167      9102.22
   875.00000     0.999902      1949193     10240.00
   937.00000     0.999915      1949214     11702.86
  1023.00000     0.999927      1949239     13653.33
  1147.00000     0.999939      1949260     16384.00
  1245.00000     0.999945      1949271     18204.44
  1837.00000     0.999951      1949283     20480.00
  5118.00000     0.999957      1949295     23405.71
  5204.00000     0.999963      1949308     27306.67
  5254.00000     0.999969      1949324     32768.00
  5266.00000     0.999973      1949325     36408.89
  5340.00000     0.999976      1949331     40960.00
  5377.00000     0.999979      1949337     46811.43
  5439.00000     0.999982      1949346     54613.33
  5463.00000     0.999985      1949349     65536.00
  5648.00000     0.999986      1949353     72817.78
  5883.00000     0.999988      1949355     81920.00
  6191.00000     0.999989      1949358     93622.86
  6438.00000     0.999991      1949361    109226.67
  6573.00000     0.999992      1949364    131072.00
  6672.00000     0.999993      1949365    145635.56
  6906.00000     0.999994      1949367    163840.00
  6993.00000     0.999995      1949368    187245.71
  7128.00000     0.999995      1949370    218453.33
  7252.00000     0.999996      1949371    262144.00
  7313.00000     0.999997      1949372    291271.11
  7387.00000     0.999997      1949373    327680.00
  7387.00000     0.999997      1949373    374491.43
  7609.00000     0.999998      1949374    436906.67
  7757.00000     0.999998      1949375    524288.00
  7757.00000     0.999998      1949375    582542.22
  7819.00000     0.999998      1949376    655360.00
  7819.00000     0.999999      1949376    748982.86
  7819.00000     0.999999      1949376    873813.33
 10310.00000     0.999999      1949377   1048576.00
 10310.00000     0.999999      1949377   1165084.44
 10310.00000     0.999999      1949377   1310720.00
 10310.00000     0.999999      1949377   1497965.71
 10310.00000     0.999999      1949377   1747626.67
 14664.00000     1.000000      1949378   2097152.00
 14664.00000     1.000000      1949378          inf
#[Mean    =       11.603, StdDeviation   =       43.224]
#[Max     =    14664.000, Total count    =      1949378]
#[Buckets =           13, SubBuckets     =       262144]
       Value   Percentile   TotalCount 1/(1-Percentile)

   616.00000     0.000000            2         1.00
   900.00000     0.100000       378464         1.11
   912.00000     0.200000       771810         1.25
   912.00000     0.300000       771810         1.43
   924.00000     0.400000       825095         1.67
   925.00000     0.500000      1099540         2.00
   925.00000     0.550000      1099540         2.22
   937.00000     0.600000      1334991         2.50
   937.00000     0.650000      1334991         2.86
   949.00000     0.700000      1475030         3.33
   949.00000     0.750000      1475030         4.00
   962.00000     0.775000      1555914         4.44
   974.00000     0.800000      1609485         5.00
   974.00000     0.825000      1609485         5.71
   999.00000     0.850000      1670310         6.67
  1060.00000     0.875000      1707222         8.00
  1134.00000     0.887500      1735198         8.89
  1171.00000     0.900000      1757374        10.00
  1208.00000     0.912500      1779506        11.43
  1270.00000     0.925000      1805110        13.33
  1344.00000     0.937500      1829855        16.00
  1381.00000     0.943750      1841684        17.78
  1418.00000     0.950000      1852097        20.00
  1480.00000     0.956250      1866114        22.86
  1554.00000     0.962500      1876538        26.67
  1887.00000     0.968750      1888534        32.00
  3650.00000     0.971875      1894575        35.56
  5315.00000     0.975000      1900668        40.00
  5796.00000     0.978125      1907035        45.71
  5883.00000     0.981250      1913382        53.33
  5944.00000     0.984375      1920270        64.00
  5969.00000     0.985938      1923069        71.11
  5994.00000     0.987500      1925852        80.00
  6018.00000     0.989062      1928384        91.43
  6055.00000     0.990625      1931851       106.67
  6092.00000     0.992188      1934672       128.00
  6117.00000     0.992969      1936110       142.22
  6142.00000     0.993750      1937353       160.00
  6179.00000     0.994531      1938753       182.86
  6240.00000     0.995313      1940281       213.33
  6351.00000     0.996094      1941830       256.00
  6450.00000     0.996484      1942582       284.44
  6635.00000     0.996875      1943311       320.00
  7017.00000     0.997266      1944062       365.71
  7363.00000     0.997656      1944830       426.67
  7572.00000     0.998047      1945586       512.00
  7683.00000     0.998242      1945984       568.89
  7794.00000     0.998437      1946339       640.00
  7918.00000     0.998633      1946718       731.43
  8090.00000     0.998828      1947111       853.33
  8325.00000     0.999023      1947476      1024.00
  8460.00000     0.999121      1947668      1137.78
  8670.00000     0.999219      1947862      1280.00
  8867.00000     0.999316      1948048      1462.86
  9102.00000     0.999414      1948236      1706.67
  9632.00000     0.999512      1948427      2048.00
 10064.00000     0.999561      1948523      2275.56
 10816.00000     0.999609      1948618      2560.00
 12000.00000     0.999658      1948713      2925.71
 13418.00000     0.999707      1948807      3413.33
 15207.00000     0.999756      1948904      4096.00
 16181.00000     0.999780      1948950      4551.11
 17488.00000     0.999805      1948998      5120.00
 18722.00000     0.999829      1949045      5851.43
 21768.00000     0.999854      1949094      6826.67
 23976.00000     0.999878      1949141      8192.00
 24802.00000     0.999890      1949164      9102.22
 25653.00000     0.999902      1949189     10240.00
 26492.00000     0.999915      1949212     11702.86
 27873.00000     0.999927      1949237     13653.33
 28786.00000     0.999939      1949260     16384.00
 29612.00000     0.999945      1949271     18204.44
 30340.00000     0.999951      1949283     20480.00
 31758.00000     0.999957      1949295     23405.71
 32547.00000     0.999963      1949308     27306.67
 34434.00000     0.999969      1949319     32768.00
 34891.00000     0.999973      1949325     36408.89
 35581.00000     0.999976      1949331     40960.00
 36864.00000     0.999979      1949337     46811.43
 38985.00000     0.999982      1949343     54613.33
 45584.00000     0.999985      1949349     65536.00
 49210.00000     0.999986      1949352     72817.78
 51269.00000     0.999988      1949355     81920.00
 54957.00000     0.999989      1949358     93622.86
 58114.00000     0.999991      1949361    109226.67
 65601.00000     0.999992      1949364    131072.00
 66784.00000     0.999993      1949365    145635.56
 75011.00000     0.999994      1949367    163840.00
 79340.00000     0.999995      1949368    187245.71
 87961.00000     0.999995      1949370    218453.33
 89799.00000     0.999996      1949371    262144.00
 94337.00000     0.999997      1949372    291271.11
100578.00000     0.999997      1949373    327680.00
100578.00000     0.999997      1949373    374491.43
101059.00000     0.999998      1949374    436906.67
107904.00000     0.999998      1949375    524288.00
107904.00000     0.999998      1949375    582542.22
109828.00000     0.999998      1949376    655360.00
109828.00000     0.999999      1949376    748982.86
109828.00000     0.999999      1949376    873813.33
114811.00000     0.999999      1949377   1048576.00
114811.00000     0.999999      1949377   1165084.44
114811.00000     0.999999      1949377   1310720.00
114811.00000     0.999999      1949377   1497965.71
114811.00000     0.999999      1949377   1747626.67
119806.00000     1.000000      1949378   2097152.00
119806.00000     1.000000      1949378          inf
#[Mean    =     1114.674, StdDeviation   =      979.834]
#[Max     =   119806.000, Total count    =      1949378]
#[Buckets =           13, SubBuckets     =       262144]

=== EXCHANGE STDERR ===
matching tid: 51304
