=== CLIENT STDERR ===
=== Exchange load generator ===
  clients  : 10
  seed     : 171486340
  target   : 127.0.0.1:4000
  thread id: 51246
Ctrl-C to stop.


=== Stats ===
  elapsed         : 14.996 s
  requests sent   : 2500906
  ACK responses   : 2500896
  MATCH responses : 1434581
  ERR responses   : 0
  orders in flight: -10
  --- throughput ---
  requests/s      : 166776
  ACK/s           : 166775
  MATCH/s         : 95667
  ERR/s           : 0
  total resp/s    : 166775

=== EXCHANGE STDOUT ===
exchange tid: 51244
inbound thread: 51252
outbound thread: 51253
       Value   Percentile   TotalCount 1/(1-Percentile)

  2096.00000     0.000000            1         1.00
  2380.00000     0.100000       205749         1.11
  2429.00000     0.200000       394483         1.25
  2479.00000     0.300000       616983         1.43
  2516.00000     0.400000       782849         1.67
  2565.00000     0.500000       983984         2.00
  2590.00000     0.550000      1066669         2.22
  2627.00000     0.600000      1169314         2.50
  2664.00000     0.650000      1252289         2.86
  2725.00000     0.700000      1355597         3.33
  2799.00000     0.750000      1441702         4.00
  2861.00000     0.775000      1495462         4.44
  2923.00000     0.800000      1540951         5.00
  2997.00000     0.825000      1588626         5.71
  3083.00000     0.850000      1635859         6.67
  3194.00000     0.875000      1685097         8.00
  3256.00000     0.887500      1707737         8.89
  3330.00000     0.900000      1730519        10.00
  3428.00000     0.912500      1754441        11.43
  3552.00000     0.925000      1777119        13.33
  3749.00000     0.937500      1800963        16.00
  3897.00000     0.943750      1812729        17.78
  4119.00000     0.950000      1824582        20.00
  4625.00000     0.956250      1836496        22.86
  5796.00000     0.962500      1848520        26.67
  7326.00000     0.968750      1860808        32.00
  7437.00000     0.971875      1867099        35.56
  7511.00000     0.975000      1872869        40.00
  7585.00000     0.978125      1878767        45.71
  7671.00000     0.981250      1884608        53.33
  7807.00000     0.984375      1890861        64.00
  7893.00000     0.985938      1893573        71.11
  8041.00000     0.987500      1896678        80.00
  8288.00000     0.989062      1899529        91.43
  8707.00000     0.990625      1902528       106.67
  9422.00000     0.992188      1905549       128.00
  9768.00000     0.992969      1907038       142.22
 10138.00000     0.993750      1908504       160.00
 10693.00000     0.994531      1910017       182.86
 11605.00000     0.995313      1911507       213.33
 13616.00000     0.996094      1913004       256.00
 15749.00000     0.996484      1913753       284.44
 19351.00000     0.996875      1914505       320.00
 24987.00000     0.997266      1915252       365.71
 34459.00000     0.997656      1916002       426.67
 45880.00000     0.998047      1916753       512.00
 51602.00000     0.998242      1917128       568.89
 57633.00000     0.998437      1917503       640.00
 64602.00000     0.998633      1917878       731.43
 72828.00000     0.998828      1918253       853.33
 82448.00000     0.999023      1918628      1024.00
 84693.00000     0.999121      1918816      1137.78
 91402.00000     0.999219      1919003      1280.00
 96718.00000     0.999316      1919192      1462.86
100467.00000     0.999414      1919378      1706.67
109446.00000     0.999512      1919566      2048.00
116747.00000     0.999561      1919660      2275.56
129302.00000     0.999609      1919753      2560.00
146631.00000     0.999658      1919847      2925.71
165205.00000     0.999707      1919941      3413.33
186196.00000     0.999756      1920035      4096.00
199109.00000     0.999780      1920082      4551.11
211097.00000     0.999805      1920130      5120.00
225527.00000     0.999829      1920175      5851.43
242424.00000     0.999854      1920222      6826.67
269865.00000     0.999878      1920270      8192.00
279671.00000     0.999890      1920293      9102.22
298059.00000     0.999902      1920316     10240.00
324121.00000     0.999915      1920339     11702.86
350821.00000     0.999927      1920364     13653.33
394827.00000     0.999939      1920386     16384.00
411341.00000     0.999945      1920398     18204.44
437167.00000     0.999951      1920410     20480.00
459663.00000     0.999957      1920421     23405.71
485119.00000     0.999963      1920433     27306.67
560291.00000     0.999969      1920445     32768.00
751347.00000     0.999973      1920451     36408.89
836263.00000     0.999976      1920457     40960.00
894203.00000     0.999979      1920462     46811.43
955367.00000     0.999982      1920468     54613.33
1105823.00000     0.999985      1920474     65536.00
1135175.00000     0.999986      1920477     72817.78
1166351.00000     0.999988      1920480     81920.00
1210583.00000     0.999989      1920483     93622.86
1243711.00000     0.999991      1920486    109226.67
4206559.00000     0.999992      1920489    131072.00
4214751.00000     0.999993      1920491    145635.56
4225279.00000     0.999994      1920493    163840.00
4225279.00000     0.999995      1920493    187245.71
4231999.00000     0.999995      1920495    218453.33
4232415.00000     0.999996      1920497    262144.00
4232415.00000     0.999997      1920497    291271.11
4243647.00000     0.999997      1920498    327680.00
4243647.00000     0.999997      1920498    374491.43
4249087.00000     0.999998      1920500    436906.67
4249087.00000     0.999998      1920500    524288.00
4249087.00000     0.999998      1920500    582542.22
4250367.00000     0.999998      1920502    655360.00
4250367.00000     0.999999      1920502    748982.86
4250367.00000     0.999999      1920502    873813.33
4250367.00000     0.999999      1920502   1048576.00
4250367.00000     0.999999      1920502   1165084.44
4250367.00000     0.999999      1920502   1310720.00
4250367.00000     0.999999      1920502   1497965.71
4250367.00000     0.999999      1920502   1747626.67
4265535.00000     1.000000      1920503   2097152.00
4265535.00000     1.000000      1920503          inf
#[Mean    =     3154.884, StdDeviation   =    14532.573]
#[Max     =  4265535.000, Total count    =      1920503]
#[Buckets =           13, SubBuckets     =       262144]
       Value   Percentile   TotalCount 1/(1-Percentile)

   986.00000     0.000000            6         1.00
  1036.00000     0.100000       293305         1.11
  1048.00000     0.200000       896188         1.25
  1048.00000     0.300000       896188         1.43
  1048.00000     0.400000       896188         1.67
  1060.00000     0.500000      1393995         2.00
  1060.00000     0.550000      1393995         2.22
  1060.00000     0.600000      1393995         2.50
  1060.00000     0.650000      1393995         2.86
  1060.00000     0.700000      1393995         3.33
  1073.00000     0.750000      1568750         4.00
  1073.00000     0.775000      1568750         4.44
  1073.00000     0.800000      1568750         5.00
  1085.00000     0.825000      1605687         5.71
  1122.00000     0.850000      1638835         6.67
  1221.00000     0.875000      1685064         8.00
  1270.00000     0.887500      1712746         8.89
  1295.00000     0.900000      1732151        10.00
  1332.00000     0.912500      1761591        11.43
  1356.00000     0.925000      1780192        13.33
  1393.00000     0.937500      1801954        16.00
  1418.00000     0.943750      1813754        17.78
  1443.00000     0.950000      1824807        20.00
  1467.00000     0.956250      1836512        22.86
  1492.00000     0.962500      1848510        26.67
  1529.00000     0.968750      1864344        32.00
  1541.00000     0.971875      1869071        35.56
  1554.00000     0.975000      1873475        40.00
  1578.00000     0.978125      1881285        45.71
  1591.00000     0.981250      1884636        53.33
  1628.00000     0.984375      1892322        64.00
  1640.00000     0.985938      1894247        71.11
  1665.00000     0.987500      1897437        80.00
  1689.00000     0.989062      1900044        91.43
  1726.00000     0.990625      1903135       106.67
  1763.00000     0.992188      1905668       128.00
  1788.00000     0.992969      1907017       142.22
  1837.00000     0.993750      1908853       160.00
  1911.00000     0.994531      1910081       182.86
  2096.00000     0.995313      1911532       213.33
  2368.00000     0.996094      1913030       256.00
  2565.00000     0.996484      1913785       284.44
  2849.00000     0.996875      1914522       320.00
  3391.00000     0.997266      1915266       365.71
  4760.00000     0.997656      1916007       426.67
  5957.00000     0.998047      1916782       512.00
  6129.00000     0.998242      1917148       568.89
  6290.00000     0.998437      1917508       640.00
  6450.00000     0.998633      1917899       731.43
  6598.00000     0.998828      1918282       853.33
  6734.00000     0.999023      1918637      1024.00
  6820.00000     0.999121      1918823      1137.78
  6931.00000     0.999219      1919018      1280.00
  7104.00000     0.999316      1919200      1462.86
  7338.00000     0.999414      1919382      1706.67
  7757.00000     0.999512      1919570      2048.00
  7979.00000     0.999561      1919663      2275.56
  8312.00000     0.999609      1919755      2560.00
  8695.00000     0.999658      1919851      2925.71
  9176.00000     0.999707      1919942      3413.33
  9706.00000     0.999756      1920036      4096.00
 10051.00000     0.999780      1920083      4551.11
 10471.00000     0.999805      1920129      5120.00
 10915.00000     0.999829      1920175      5851.43
 11531.00000     0.999854      1920224      6826.67
 12173.00000     0.999878      1920269      8192.00
 12703.00000     0.999890      1920293      9102.22
 13480.00000     0.999902      1920316     10240.00
 14430.00000     0.999915      1920339     11702.86
 15293.00000     0.999927      1920364     13653.33
 16637.00000     0.999939      1920386     16384.00
 17390.00000     0.999945      1920399     18204.44
 18339.00000     0.999951      1920410     20480.00
 19536.00000     0.999957      1920421     23405.71
 20942.00000     0.999963      1920433     27306.67
 24370.00000     0.999969      1920445     32768.00
 30019.00000     0.999973      1920451     36408.89
 33189.00000     0.999976      1920457     40960.00
 36815.00000     0.999979      1920462     46811.43
 42463.00000     0.999982      1920468     54613.33
 51911.00000     0.999985      1920474     65536.00
 67019.00000     0.999986      1920477     72817.78
 70670.00000     0.999988      1920480     81920.00
 84890.00000     0.999989      1920483     93622.86
 89466.00000     0.999991      1920486    109226.67
 95077.00000     0.999992      1920489    131072.00
 96446.00000     0.999993      1920490    145635.56
129093.00000     0.999994      1920492    163840.00
132435.00000     0.999995      1920493    187245.71
196963.00000     0.999995      1920495    218453.33
395369.00000     0.999996      1920496    262144.00
395987.00000     0.999997      1920497    291271.11
442187.00000     0.999997      1920498    327680.00
442187.00000     0.999997      1920498    374491.43
442729.00000     0.999998      1920499    436906.67
442951.00000     0.999998      1920500    524288.00
442951.00000     0.999998      1920500    582542.22
884635.00000     0.999998      1920501    655360.00
884635.00000     0.999999      1920501    748982.86
884635.00000     0.999999      1920501    873813.33
885027.00000     0.999999      1920502   1048576.00
885027.00000     0.999999      1920502   1165084.44
885027.00000     0.999999      1920502   1310720.00
885027.00000     0.999999      1920502   1497965.71
885027.00000     0.999999      1920502   1747626.67
885251.00000     1.000000      1920503   2097152.00
885251.00000     1.000000      1920503          inf
#[Mean    =     1122.981, StdDeviation   =     1394.210]
#[Max     =   885251.000, Total count    =      1920503]
#[Buckets =           13, SubBuckets     =       262144]
       Value   Percentile   TotalCount 1/(1-Percentile)

     0.00000     0.000000        97635         1.00
    12.00000     0.100000      1396979         1.11
    12.00000     0.200000      1396979         1.25
    12.00000     0.300000      1396979         1.43
    12.00000     0.400000      1396979         1.67
    12.00000     0.500000      1396979         2.00
    12.00000     0.550000      1396979         2.22
    12.00000     0.600000      1396979         2.50
    12.00000     0.650000      1396979         2.86
    12.00000     0.700000      1396979         3.33
    24.00000     0.750000      1907988         4.00
    24.00000     0.775000      1907988         4.44
    24.00000     0.800000      1907988         5.00
    24.00000     0.825000      1907988         5.71
    24.00000     0.850000      1907988         6.67
    24.00000     0.875000      1907988         8.00
    24.00000     0.887500      1907988         8.89
    24.00000     0.900000      1907988        10.00
    24.00000     0.912500      1907988        11.43
    24.00000     0.925000      1907988        13.33
    24.00000     0.937500      1907988        16.00
    24.00000     0.943750      1907988        17.78
    24.00000     0.950000      1907988        20.00
    24.00000     0.956250      1907988        22.86
    24.00000     0.962500      1907988        26.67
    24.00000     0.968750      1907988        32.00
    24.00000     0.971875      1907988        35.56
    24.00000     0.975000      1907988        40.00
    24.00000     0.978125      1907988        45.71
    24.00000     0.981250      1907988        53.33
    24.00000     0.984375      1907988        64.00
    24.00000     0.985938      1907988        71.11
    24.00000     0.987500      1907988        80.00
    24.00000     0.989062      1907988        91.43
    24.00000     0.990625      1907988       106.67
    24.00000     0.992188      1907988       128.00
    24.00000     0.992969      1907988       142.22
    37.00000     0.993750      1917392       160.00
    37.00000     0.994531      1917392       182.86
    37.00000     0.995313      1917392       213.33
    37.00000     0.996094      1917392       256.00
    37.00000     0.996484      1917392       284.44
    37.00000     0.996875      1917392       320.00
    37.00000     0.997266      1917392       365.71
    37.00000     0.997656      1917392       426.67
    37.00000     0.998047      1917392       512.00
    37.00000     0.998242      1917392       568.89
    49.00000     0.998437      1919612       640.00
    49.00000     0.998633      1919612       731.43
    49.00000     0.998828      1919612       853.33
    49.00000     0.999023      1919612      1024.00
    49.00000     0.999121      1919612      1137.78
    49.00000     0.999219      1919612      1280.00
    49.00000     0.999316      1919612      1462.86
    49.00000     0.999414      1919612      1706.67
    49.00000     0.999512      1919612      2048.00
    61.00000     0.999561      1920211      2275.56
    61.00000     0.999609      1920211      2560.00
    61.00000     0.999658      1920211      2925.71
    61.00000     0.999707      1920211      3413.33
    61.00000     0.999756      1920211      4096.00
    61.00000     0.999780      1920211      4551.11
    61.00000     0.999805      1920211      5120.00
    61.00000     0.999829      1920211      5851.43
    74.00000     0.999854      1920300      6826.67
    74.00000     0.999878      1920300      8192.00
    74.00000     0.999890      1920300      9102.22
    86.00000     0.999902      1920334     10240.00
    98.00000     0.999915      1920358     11702.86
   111.00000     0.999927      1920372     13653.33
   123.00000     0.999939      1920387     16384.00
   148.00000     0.999945      1920411     18204.44
   148.00000     0.999951      1920411     20480.00
   185.00000     0.999957      1920425     23405.71
   209.00000     0.999963      1920434     27306.67
   246.00000     0.999969      1920446     32768.00
   308.00000     0.999973      1920455     36408.89
   320.00000     0.999976      1920461     40960.00
   333.00000     0.999979      1920464     46811.43
   370.00000     0.999982      1920468     54613.33
   542.00000     0.999985      1920474     65536.00
   641.00000     0.999986      1920477     72817.78
   777.00000     0.999988      1920480     81920.00
   851.00000     0.999989      1920483     93622.86
  1073.00000     0.999991      1920486    109226.67
  1369.00000     0.999992      1920489    131072.00
  1529.00000     0.999993      1920490    145635.56
  1628.00000     0.999994      1920492    163840.00
  1751.00000     0.999995      1920493    187245.71
  3305.00000     0.999995      1920495    218453.33
  3564.00000     0.999996      1920496    262144.00
  3589.00000     0.999997      1920497    291271.11
  3959.00000     0.999997      1920498    327680.00
  3959.00000     0.999997      1920498    374491.43
  4045.00000     0.999998      1920499    436906.67
  4193.00000     0.999998      1920500    524288.00
  4193.00000     0.999998      1920500    582542.22
  4760.00000     0.999998      1920501    655360.00
  4760.00000     0.999999      1920501    748982.86
  4760.00000     0.999999      1920501    873813.33
  4933.00000     0.999999      1920502   1048576.00
  4933.00000     0.999999      1920502   1165084.44
  4933.00000     0.999999      1920502   1310720.00
  4933.00000     0.999999      1920502   1497965.71
  4933.00000     0.999999      1920502   1747626.67
  5821.00000     1.000000      1920503   2097152.00
  5821.00000     1.000000      1920503          inf
#[Mean    =       14.811, StdDeviation   =       12.142]
#[Max     =     5821.000, Total count    =      1920503]
#[Buckets =           13, SubBuckets     =       262144]
       Value   Percentile   TotalCount 1/(1-Percentile)

    49.00000     0.000000            1         1.00
    98.00000     0.100000      1009490         1.11
    98.00000     0.200000      1009490         1.25
    98.00000     0.300000      1009490         1.43
    98.00000     0.400000      1009490         1.67
    98.00000     0.500000      1009490         2.00
   111.00000     0.550000      1302627         2.22
   111.00000     0.600000      1302627         2.50
   111.00000     0.650000      1302627         2.86
   123.00000     0.700000      1669560         3.33
   123.00000     0.750000      1669560         4.00
   123.00000     0.775000      1669560         4.44
   123.00000     0.800000      1669560         5.00
   123.00000     0.825000      1669560         5.71
   123.00000     0.850000      1669560         6.67
   135.00000     0.875000      1879521         8.00
   135.00000     0.887500      1879521         8.89
   135.00000     0.900000      1879521        10.00
   135.00000     0.912500      1879521        11.43
   135.00000     0.925000      1879521        13.33
   135.00000     0.937500      1879521        16.00
   135.00000     0.943750      1879521        17.78
   135.00000     0.950000      1879521        20.00
   135.00000     0.956250      1879521        22.86
   135.00000     0.962500      1879521        26.67
   135.00000     0.968750      1879521        32.00
   135.00000     0.971875      1879521        35.56
   135.00000     0.975000      1879521        40.00
   135.00000     0.978125      1879521        45.71
   148.00000     0.981250      1898463        53.33
   148.00000     0.984375      1898463        64.00
   148.00000     0.985938      1898463        71.11
   148.00000     0.987500      1898463        80.00
   160.00000     0.989062      1902590        91.43
   160.00000     0.990625      1902590       106.67
   185.00000     0.992188      1905529       128.00
   222.00000     0.992969      1907417       142.22
   259.00000     0.993750      1908585       160.00
   345.00000     0.994531      1910166       182.86
   456.00000     0.995313      1911558       213.33
   604.00000     0.996094      1913053       256.00
   690.00000     0.996484      1913859       284.44
   777.00000     0.996875      1914550       320.00
   875.00000     0.997266      1915312       365.71
   999.00000     0.997656      1916021       426.67
  1184.00000     0.998047      1916791       512.00
  1282.00000     0.998242      1917156       568.89
  1393.00000     0.998437      1917540       640.00
  1529.00000     0.998633      1917894       731.43
  1714.00000     0.998828      1918270       853.33
  2010.00000     0.999023      1918637      1024.00
  2281.00000     0.999121      1918823      1137.78
  2701.00000     0.999219      1919007      1280.00
  3601.00000     0.999316      1919192      1462.86
  4958.00000     0.999414      1919379      1706.67
  7190.00000     0.999512      1919566      2048.00
  9102.00000     0.999561      1919660      2275.56
 10890.00000     0.999609      1919753      2560.00
 13801.00000     0.999658      1919847      2925.71
 18019.00000     0.999707      1919941      3413.33
 25443.00000     0.999756      1920035      4096.00
 30019.00000     0.999780      1920082      4551.11
 36827.00000     0.999805      1920128      5120.00
 45830.00000     0.999829      1920175      5851.43
 58657.00000     0.999854      1920222      6826.67
 73987.00000     0.999878      1920269      8192.00
 82214.00000     0.999890      1920293      9102.22
 95077.00000     0.999902      1920316     10240.00
111333.00000     0.999915      1920339     11702.86
138047.00000     0.999927      1920363     13653.33
170187.00000     0.999939      1920386     16384.00
182274.00000     0.999945      1920398     18204.44
192486.00000     0.999951      1920410     20480.00
204252.00000     0.999957      1920421     23405.71
224220.00000     0.999963      1920433     27306.67
253585.00000     0.999969      1920445     32768.00
268571.00000     0.999973      1920451     36408.89
321161.00000     0.999976      1920457     40960.00
361095.00000     0.999979      1920462     46811.43
425105.00000     0.999982      1920468     54613.33
447195.00000     0.999985      1920474     65536.00
456075.00000     0.999986      1920477     72817.78
474735.00000     0.999988      1920480     81920.00
509391.00000     0.999989      1920483     93622.86
1033583.00000     0.999991      1920486    109226.67
1053519.00000     0.999992      1920489    131072.00
1058903.00000     0.999993      1920490    145635.56
1078871.00000     0.999994      1920492    163840.00
1084991.00000     0.999995      1920493    187245.71
1098647.00000     0.999995      1920495    218453.33
1108039.00000     0.999996      1920496    262144.00
1127207.00000     0.999997      1920497    291271.11
1135943.00000     0.999997      1920498    327680.00
1135943.00000     0.999997      1920498    374491.43
1147543.00000     0.999998      1920499    436906.67
1156759.00000     0.999998      1920500    524288.00
1156759.00000     0.999998      1920500    582542.22
1162951.00000     0.999998      1920501    655360.00
1162951.00000     0.999999      1920501    748982.86
1162951.00000     0.999999      1920501    873813.33
1170831.00000     0.999999      1920502   1048576.00
1170831.00000     0.999999      1920502   1165084.44
1170831.00000     0.999999      1920502   1310720.00
1170831.00000     0.999999      1920502   1497965.71
1170831.00000     0.999999      1920502   1747626.67
1189303.00000     1.000000      1920503   2097152.00
1189303.00000     1.000000      1920503          inf
#[Mean    =      153.777, StdDeviation   =     4126.282]
#[Max     =  1189303.000, Total count    =      1920503]
#[Buckets =           13, SubBuckets     =       262144]
       Value   Percentile   TotalCount 1/(1-Percentile)

     0.00000     0.000000        12441         1.00
    37.00000     0.100000       398986         1.11
    37.00000     0.200000       398986         1.25
    49.00000     0.300000       739783         1.43
    61.00000     0.400000       807304         1.67
   111.00000     0.500000      1004313         2.00
   123.00000     0.550000      1066306         2.22
   148.00000     0.600000      1187428         2.50
   172.00000     0.650000      1302351         2.86
   185.00000     0.700000      1350895         3.33
   222.00000     0.750000      1473236         4.00
   234.00000     0.775000      1508677         4.44
   246.00000     0.800000      1542048         5.00
   271.00000     0.825000      1599888         5.71
   296.00000     0.850000      1644649         6.67
   320.00000     0.875000      1680612         8.00
   345.00000     0.887500      1709529         8.89
   370.00000     0.900000      1733504        10.00
   394.00000     0.912500      1754727        11.43
   431.00000     0.925000      1781865        13.33
   468.00000     0.937500      1803600        16.00
   493.00000     0.943750      1815548        17.78
   518.00000     0.950000      1825775        20.00
   555.00000     0.956250      1838581        22.86
   592.00000     0.962500      1849236        26.67
   653.00000     0.968750      1862342        32.00
   690.00000     0.971875      1868457        35.56
   727.00000     0.975000      1873668        40.00
   777.00000     0.978125      1879280        45.71
   838.00000     0.981250      1884692        53.33
   937.00000     0.984375      1890863        64.00
  1011.00000     0.985938      1893895        71.11
  1110.00000     0.987500      1896758        80.00
  1258.00000     0.989062      1899498        91.43
  1541.00000     0.990625      1902601       106.67
  1887.00000     0.992188      1905556       128.00
  2170.00000     0.992969      1907053       142.22
  2738.00000     0.993750      1908512       160.00
  3157.00000     0.994531      1910099       182.86
  3280.00000     0.995313      1911619       213.33
  3404.00000     0.996094      1913085       256.00
  3502.00000     0.996484      1913817       284.44
  3638.00000     0.996875      1914510       320.00
  3860.00000     0.997266      1915270       365.71
  4230.00000     0.997656      1916004       426.67
  4686.00000     0.998047      1916768       512.00
  4896.00000     0.998242      1917129       568.89
  5155.00000     0.998437      1917509       640.00
  5463.00000     0.998633      1917887       731.43
  5796.00000     0.998828      1918271       853.33
  6203.00000     0.999023      1918629      1024.00
  6438.00000     0.999121      1918816      1137.78
  6660.00000     0.999219      1919003      1280.00
  6906.00000     0.999316      1919192      1462.86
  7215.00000     0.999414      1919380      1706.67
  7634.00000     0.999512      1919567      2048.00
  7881.00000     0.999561      1919660      2275.56
  8140.00000     0.999609      1919753      2560.00
  8473.00000     0.999658      1919850      2925.71
  8806.00000     0.999707      1919944      3413.33
  9324.00000     0.999756      1920035      4096.00
  9694.00000     0.999780      1920083      4551.11
 10076.00000     0.999805      1920130      5120.00
 10643.00000     0.999829      1920175      5851.43
 11285.00000     0.999854      1920222      6826.67
 12395.00000     0.999878      1920269      8192.00
 12962.00000     0.999890      1920293      9102.22
 13628.00000     0.999902      1920317     10240.00
 14664.00000     0.999915      1920339     11702.86
 16107.00000     0.999927      1920363     13653.33
 18389.00000     0.999939      1920386     16384.00
 20313.00000     0.999945      1920399     18204.44
 21583.00000     0.999951      1920410     20480.00
 23556.00000     0.999957      1920421     23405.71
 25197.00000     0.999963      1920433     27306.67
 28983.00000     0.999969      1920445     32768.00
 31215.00000     0.999973      1920451     36408.89
 35594.00000     0.999976      1920457     40960.00
 37493.00000     0.999979      1920462     46811.43
 40576.00000     0.999982      1920468     54613.33
 45140.00000     0.999985      1920474     65536.00
 49234.00000     0.999986      1920477     72817.78
 51689.00000     0.999988      1920480     81920.00
 58250.00000     0.999989      1920483     93622.86
 60532.00000     0.999991      1920486    109226.67
 72100.00000     0.999992      1920489    131072.00
 72828.00000     0.999993      1920490    145635.56
 77416.00000     0.999994      1920492    163840.00
 80968.00000     0.999995      1920493    187245.71
 87924.00000     0.999995      1920495    218453.33
 89207.00000     0.999996      1920496    262144.00
 96027.00000     0.999997      1920497    291271.11
101244.00000     0.999997      1920498    327680.00
101244.00000     0.999997      1920498    374491.43
112924.00000     0.999998      1920499    436906.67
177242.00000     0.999998      1920500    524288.00
177242.00000     0.999998      1920500    582542.22
204881.00000     0.999998      1920501    655360.00
204881.00000     0.999999      1920501    748982.86
204881.00000     0.999999      1920501    873813.33
273579.00000     0.999999      1920502   1048576.00
273579.00000     0.999999      1920502   1165084.44
273579.00000     0.999999      1920502   1310720.00
273579.00000     0.999999      1920502   1497965.71
273579.00000     0.999999      1920502   1747626.67
276143.00000     1.000000      1920503   2097152.00
276143.00000     1.000000      1920503          inf
#[Mean    =      193.483, StdDeviation   =      628.958]
#[Max     =   276143.000, Total count    =      1920503]
#[Buckets =           13, SubBuckets     =       262144]
       Value   Percentile   TotalCount 1/(1-Percentile)

    86.00000     0.000000            8         1.00
   185.00000     0.100000       270548         1.11
   209.00000     0.200000       450770         1.25
   234.00000     0.300000       642810         1.43
   259.00000     0.400000       841910         1.67
   283.00000     0.500000      1043953         2.00
   296.00000     0.550000      1146258         2.22
   308.00000     0.600000      1248107         2.50
   320.00000     0.650000      1349730         2.86
   320.00000     0.700000      1349730         3.33
   333.00000     0.750000      1446677         4.00
   345.00000     0.775000      1543070         4.44
   345.00000     0.800000      1543070         5.00
   357.00000     0.825000      1620581         5.71
   370.00000     0.850000      1665015         6.67
   382.00000     0.875000      1718605         8.00
   382.00000     0.887500      1718605         8.89
   394.00000     0.900000      1768441        10.00
   394.00000     0.912500      1768441        11.43
   407.00000     0.925000      1795354        13.33
   419.00000     0.937500      1812249        16.00
   431.00000     0.943750      1825955        17.78
   431.00000     0.950000      1825955        20.00
   444.00000     0.956250      1837502        22.86
   468.00000     0.962500      1854791        26.67
   481.00000     0.968750      1860762        32.00
   505.00000     0.971875      1868786        35.56
   530.00000     0.975000      1873539        40.00
   579.00000     0.978125      1878957        45.71
   715.00000     0.981250      1884801        53.33
   962.00000     0.984375      1890677        64.00
  1060.00000     0.985938      1893767        71.11
  1233.00000     0.987500      1896559        80.00
  1455.00000     0.989062      1899590        91.43
  1751.00000     0.990625      1902611       106.67
  2207.00000     0.992188      1905541       128.00
  2516.00000     0.992969      1907003       142.22
  2997.00000     0.993750      1908507       160.00
  3724.00000     0.994531      1910014       182.86
  4896.00000     0.995313      1911512       213.33
  5920.00000     0.996094      1913004       256.00
  6980.00000     0.996484      1913762       284.44
  9348.00000     0.996875      1914503       320.00
 13665.00000     0.997266      1915253       365.71
 22681.00000     0.997656      1916003       426.67
 33435.00000     0.998047      1916756       512.00
 38961.00000     0.998242      1917128       568.89
 44782.00000     0.998437      1917507       640.00
 50936.00000     0.998633      1917878       731.43
 57683.00000     0.998828      1918253       853.33
 66057.00000     0.999023      1918629      1024.00
 70657.00000     0.999121      1918816      1137.78
 75961.00000     0.999219      1919003      1280.00
 79389.00000     0.999316      1919191      1462.86
 86333.00000     0.999414      1919378      1706.67
 91994.00000     0.999512      1919566      2048.00
 93092.00000     0.999561      1919660      2275.56
 96693.00000     0.999609      1919753      2560.00
100109.00000     0.999658      1919847      2925.71
109779.00000     0.999707      1919941      3413.33
128254.00000     0.999756      1920035      4096.00
137541.00000     0.999780      1920082      4551.11
149751.00000     0.999805      1920128      5120.00
164687.00000     0.999829      1920175      5851.43
178562.00000     0.999854      1920222      6826.67
194842.00000     0.999878      1920269      8192.00
204770.00000     0.999890      1920293      9102.22
212454.00000     0.999902      1920316     10240.00
229313.00000     0.999915      1920339     11702.86
250046.00000     0.999927      1920363     13653.33
277401.00000     0.999939      1920386     16384.00
292227.00000     0.999945      1920398     18204.44
304215.00000     0.999951      1920410     20480.00
315141.00000     0.999957      1920421     23405.71
342669.00000     0.999963      1920433     27306.67
371061.00000     0.999969      1920445     32768.00
386207.00000     0.999973      1920451     36408.89
399897.00000     0.999976      1920457     40960.00
442655.00000     0.999979      1920462     46811.43
560219.00000     0.999982      1920468     54613.33
767443.00000     0.999985      1920474     65536.00
827147.00000     0.999986      1920477     72817.78
843871.00000     0.999988      1920480     81920.00
887667.00000     0.999989      1920483     93622.86
931551.00000     0.999991      1920486    109226.67
4198303.00000     0.999992      1920489    131072.00
4206239.00000     0.999993      1920490    145635.56
4218175.00000     0.999994      1920492    163840.00
4218207.00000     0.999995      1920493    187245.71
4224031.00000     0.999995      1920495    218453.33
4225279.00000     0.999996      1920496    262144.00
4225343.00000     0.999997      1920497    291271.11
4235839.00000     0.999997      1920498    327680.00
4235839.00000     0.999997      1920498    374491.43
4242079.00000     0.999998      1920499    436906.67
4242431.00000     0.999998      1920500    524288.00
4242431.00000     0.999998      1920500    582542.22
4242687.00000     0.999998      1920501    655360.00
4242687.00000     0.999999      1920501    748982.86
4242687.00000     0.999999      1920501    873813.33
4243455.00000     0.999999      1920502   1048576.00
4243455.00000     0.999999      1920502   1165084.44
4243455.00000     0.999999      1920502   1310720.00
4243455.00000     0.999999      1920502   1497965.71
4243455.00000     0.999999      1920502   1747626.67
4255487.00000     1.000000      1920503   2097152.00
4255487.00000     1.000000      1920503          inf
#[Mean    =      533.506, StdDeviation   =    13549.727]
#[Max     =  4255487.000, Total count    =      1920503]
#[Buckets =           13, SubBuckets     =       262144]
       Value   Percentile   TotalCount 1/(1-Percentile)

     0.00000     0.000000       255972         1.00
     0.00000     0.100000       255972         1.11
    12.00000     0.200000      1832006         1.25
    12.00000     0.300000      1832006         1.43
    12.00000     0.400000      1832006         1.67
    12.00000     0.500000      1832006         2.00
    12.00000     0.550000      1832006         2.22
    12.00000     0.600000      1832006         2.50
    12.00000     0.650000      1832006         2.86
    12.00000     0.700000      1832006         3.33
    12.00000     0.750000      1832006         4.00
    12.00000     0.775000      1832006         4.44
    12.00000     0.800000      1832006         5.00
    12.00000     0.825000      1832006         5.71
    12.00000     0.850000      1832006         6.67
    12.00000     0.875000      1832006         8.00
    12.00000     0.887500      1832006         8.89
    12.00000     0.900000      1832006        10.00
    12.00000     0.912500      1832006        11.43
    12.00000     0.925000      1832006        13.33
    12.00000     0.937500      1832006        16.00
    12.00000     0.943750      1832006        17.78
    12.00000     0.950000      1832006        20.00
    24.00000     0.956250      1903186        22.86
    24.00000     0.962500      1903186        26.67
    24.00000     0.968750      1903186        32.00
    24.00000     0.971875      1903186        35.56
    24.00000     0.975000      1903186        40.00
    24.00000     0.978125      1903186        45.71
    24.00000     0.981250      1903186        53.33
    24.00000     0.984375      1903186        64.00
    24.00000     0.985938      1903186        71.11
    24.00000     0.987500      1903186        80.00
    24.00000     0.989062      1903186        91.43
    24.00000     0.990625      1903186       106.67
    37.00000     0.992188      1910336       128.00
    37.00000     0.992969      1910336       142.22
    37.00000     0.993750      1910336       160.00
    37.00000     0.994531      1910336       182.86
    49.00000     0.995313      1913437       213.33
    49.00000     0.996094      1913437       256.00
    61.00000     0.996484      1914535       284.44
    61.00000     0.996875      1914535       320.00
    86.00000     0.997266      1915334       365.71
   111.00000     0.997656      1917132       426.67
   111.00000     0.998047      1917132       512.00
   111.00000     0.998242      1917132       568.89
   123.00000     0.998437      1917794       640.00
   135.00000     0.998633      1918136       731.43
   148.00000     0.998828      1918369       853.33
   172.00000     0.999023      1918780      1024.00
   185.00000     0.999121      1918935      1137.78
   197.00000     0.999219      1919055      1280.00
   222.00000     0.999316      1919238      1462.86
   259.00000     0.999414      1919431      1706.67
   308.00000     0.999512      1919586      2048.00
   333.00000     0.999561      1919676      2275.56
   370.00000     0.999609      1919775      2560.00
   407.00000     0.999658      1919855      2925.71
   456.00000     0.999707      1919942      3413.33
   518.00000     0.999756      1920053      4096.00
   542.00000     0.999780      1920095      4551.11
   567.00000     0.999805      1920131      5120.00
   604.00000     0.999829      1920180      5851.43
   653.00000     0.999854      1920228      6826.67
   715.00000     0.999878      1920274      8192.00
   740.00000     0.999890      1920294      9102.22
   789.00000     0.999902      1920322     10240.00
   851.00000     0.999915      1920341     11702.86
   937.00000     0.999927      1920363     13653.33
  1011.00000     0.999939      1920386     16384.00
  1110.00000     0.999945      1920398     18204.44
  1295.00000     0.999951      1920410     20480.00
  3700.00000     0.999957      1920421     23405.71
  5155.00000     0.999963      1920433     27306.67
  5229.00000     0.999969      1920446     32768.00
  5254.00000     0.999973      1920451     36408.89
  5291.00000     0.999976      1920457     40960.00
  5340.00000     0.999979      1920464     46811.43
  5402.00000     0.999982      1920468     54613.33
  5537.00000     0.999985      1920474     65536.00
  5636.00000     0.999986      1920478     72817.78
  5661.00000     0.999988      1920480     81920.00
  5858.00000     0.999989      1920483     93622.86
  5944.00000     0.999991      1920486    109226.67
  6117.00000     0.999992      1920489    131072.00
  6314.00000     0.999993      1920490    145635.56
  6487.00000     0.999994      1920492    163840.00
  6536.00000     0.999995      1920493    187245.71
  6734.00000     0.999995      1920495    218453.33
  6746.00000     0.999996      1920496    262144.00
  6956.00000     0.999997      1920497    291271.11
  7067.00000     0.999997      1920499    327680.00
  7067.00000     0.999997      1920499    374491.43
  7067.00000     0.999998      1920499    436906.67
  7535.00000     0.999998      1920500    524288.00
  7535.00000     0.999998      1920500    582542.22
  7597.00000     0.999998      1920501    655360.00
  7597.00000     0.999999      1920501    748982.86
  7597.00000     0.999999      1920501    873813.33
 10594.00000     0.999999      1920502   1048576.00
 10594.00000     0.999999      1920502   1165084.44
 10594.00000     0.999999      1920502   1310720.00
 10594.00000     0.999999      1920502   1497965.71
 10594.00000     0.999999      1920502   1747626.67
 25308.00000     1.000000      1920503   2097152.00
 25308.00000     1.000000      1920503          inf
#[Mean    =       11.830, StdDeviation   =       43.925]
#[Max     =    25308.000, Total count    =      1920503]
#[Buckets =           13, SubBuckets     =       262144]
       Value   Percentile   TotalCount 1/(1-Percentile)

   628.00000     0.000000            1         1.00
   924.00000     0.100000       207332         1.11
   925.00000     0.200000       522716         1.25
   937.00000     0.300000      1008026         1.43
   937.00000     0.400000      1008026         1.67
   937.00000     0.500000      1008026         2.00
   949.00000     0.550000      1286770         2.22
   949.00000     0.600000      1286770         2.50
   949.00000     0.650000      1286770         2.86
   962.00000     0.700000      1392409         3.33
   974.00000     0.750000      1469848         4.00
   986.00000     0.775000      1540026         4.44
   986.00000     0.800000      1540026         5.00
   999.00000     0.825000      1590375         5.71
  1036.00000     0.850000      1637865         6.67
  1122.00000     0.875000      1684541         8.00
  1159.00000     0.887500      1713481         8.89
  1184.00000     0.900000      1733498        10.00
  1221.00000     0.912500      1759388        11.43
  1258.00000     0.925000      1778547        13.33
  1332.00000     0.937500      1803726        16.00
  1369.00000     0.943750      1814636        17.78
  1418.00000     0.950000      1827403        20.00
  1467.00000     0.956250      1837872        22.86
  1541.00000     0.962500      1849060        26.67
  1702.00000     0.968750      1860663        32.00
  2380.00000     0.971875      1866513        35.56
  4834.00000     0.975000      1872498        40.00
  5759.00000     0.978125      1878618        45.71
  5870.00000     0.981250      1884793        53.33
  5932.00000     0.984375      1891209        64.00
  5957.00000     0.985938      1894125        71.11
  5981.00000     0.987500      1896977        80.00
  6006.00000     0.989062      1899522        91.43
  6043.00000     0.990625      1902963       106.67
  6080.00000     0.992188      1905850       128.00
  6105.00000     0.992969      1907386       142.22
  6129.00000     0.993750      1908665       160.00
  6166.00000     0.994531      1910116       182.86
  6228.00000     0.995313      1911645       213.33
  6327.00000     0.996094      1913034       256.00
  6413.00000     0.996484      1913808       284.44
  6548.00000     0.996875      1914505       320.00
  6820.00000     0.997266      1915281       365.71
  7190.00000     0.997656      1916011       426.67
  7449.00000     0.998047      1916753       512.00
  7572.00000     0.998242      1917132       568.89
  7708.00000     0.998437      1917529       640.00
  7844.00000     0.998633      1917880       731.43
  7992.00000     0.998828      1918267       853.33
  8152.00000     0.999023      1918628      1024.00
  8263.00000     0.999121      1918822      1137.78
  8374.00000     0.999219      1919025      1280.00
  8510.00000     0.999316      1919193      1462.86
  8682.00000     0.999414      1919385      1706.67
  8892.00000     0.999512      1919569      2048.00
  9028.00000     0.999561      1919664      2275.56
  9200.00000     0.999609      1919753      2560.00
  9484.00000     0.999658      1919848      2925.71
 10076.00000     0.999707      1919945      3413.33
 11001.00000     0.999756      1920037      4096.00
 11790.00000     0.999780      1920083      4551.11
 12777.00000     0.999805      1920129      5120.00
 14454.00000     0.999829      1920175      5851.43
 16835.00000     0.999854      1920223      6826.67
 18931.00000     0.999878      1920269      8192.00
 20855.00000     0.999890      1920293      9102.22
 22841.00000     0.999902      1920317     10240.00
 24654.00000     0.999915      1920341     11702.86
 25801.00000     0.999927      1920363     13653.33
 27318.00000     0.999939      1920386     16384.00
 28539.00000     0.999945      1920399     18204.44
 29254.00000     0.999951      1920410     20480.00
 29550.00000     0.999957      1920421     23405.71
 30155.00000     0.999963      1920433     27306.67
 31203.00000     0.999969      1920445     32768.00
 32005.00000     0.999973      1920454     36408.89
 32991.00000     0.999976      1920457     40960.00
 34385.00000     0.999979      1920463     46811.43
 36839.00000     0.999982      1920470     54613.33
 38665.00000     0.999985      1920474     65536.00
 40280.00000     0.999986      1920477     72817.78
 40860.00000     0.999988      1920480     81920.00
 41908.00000     0.999989      1920483     93622.86
 43746.00000     0.999991      1920486    109226.67
 48026.00000     0.999992      1920489    131072.00
 48852.00000     0.999993      1920490    145635.56
 57091.00000     0.999994      1920492    163840.00
 61703.00000     0.999995      1920493    187245.71
 64577.00000     0.999995      1920495    218453.33
 73605.00000     0.999996      1920496    262144.00
 84594.00000     0.999997      1920497    291271.11
 90983.00000     0.999997      1920498    327680.00
 90983.00000     0.999997      1920498    374491.43
107065.00000     0.999998      1920499    436906.67
172136.00000     0.999998      1920500    524288.00
172136.00000     0.999998      1920500    582542.22
178599.00000     0.999998      1920501    655360.00
178599.00000     0.999999      1920501    748982.86
178599.00000     0.999999      1920501    873813.33
179203.00000     0.999999      1920502   1048576.00
179203.00000     0.999999      1920502   1165084.44
179203.00000     0.999999      1920502   1310720.00
179203.00000     0.999999      1920502   1497965.71
179203.00000     0.999999      1920502   1747626.67
183815.00000     1.000000      1920503   2097152.00
183815.00000     1.000000      1920503          inf
#[Mean    =     1122.306, StdDeviation   =      939.574]
#[Max     =   183815.000, Total count    =      1920503]
#[Buckets =           13, SubBuckets     =       262144]

=== EXCHANGE STDERR ===
matching tid: 51254
