=== CLIENT STDERR ===
=== Exchange load generator ===
  clients  : 10
  seed     : 1875384707
  target   : 127.0.0.1:4000
  thread id: 51060
Ctrl-C to stop.


=== Stats ===
  elapsed         : 14.999 s
  requests sent   : 2459273
  ACK responses   : 2459263
  MATCH responses : 1409253
  ERR responses   : 0
  orders in flight: -10
  --- throughput ---
  requests/s      : 163965
  ACK/s           : 163965
  MATCH/s         : 93958
  ERR/s           : 0
  total resp/s    : 163965

=== EXCHANGE STDOUT ===
exchange tid: 51059
inbound thread: 51061
outbound thread: 51062
       Value   Percentile   TotalCount 1/(1-Percentile)

  2096.00000     0.000000            2         1.00
  2355.00000     0.100000       188867         1.11
  2417.00000     0.200000       407442         1.25
  2466.00000     0.300000       613589         1.43
  2503.00000     0.400000       759449         1.67
  2565.00000     0.500000       964595         2.00
  2602.00000     0.550000      1064566         2.22
  2639.00000     0.600000      1149837         2.50
  2688.00000     0.650000      1242376         2.86
  2750.00000     0.700000      1328545         3.33
  2849.00000     0.750000      1424096         4.00
  2910.00000     0.775000      1471274         4.44
  2972.00000     0.800000      1513702         5.00
  3046.00000     0.825000      1559815         5.71
  3132.00000     0.850000      1606452         6.67
  3243.00000     0.875000      1655917         8.00
  3305.00000     0.887500      1678873         8.89
  3379.00000     0.900000      1701929        10.00
  3465.00000     0.912500      1723997        11.43
  3576.00000     0.925000      1746200        13.33
  3749.00000     0.937500      1769625        16.00
  3897.00000     0.943750      1782163        17.78
  4094.00000     0.950000      1793243        20.00
  4588.00000     0.956250      1805003        22.86
  5747.00000     0.962500      1816855        26.67
  7289.00000     0.968750      1828514        32.00
  7424.00000     0.971875      1834991        35.56
  7511.00000     0.975000      1841017        40.00
  7585.00000     0.978125      1846405        45.71
  7683.00000     0.981250      1852419        53.33
  7819.00000     0.984375      1858261        64.00
  7918.00000     0.985938      1861011        71.11
  8078.00000     0.987500      1863988        80.00
  8349.00000     0.989062      1866890        91.43
  8830.00000     0.990625      1869823       106.67
  9509.00000     0.992188      1872764       128.00
  9792.00000     0.992969      1874263       142.22
 10088.00000     0.993750      1875685       160.00
 10532.00000     0.994531      1877176       182.86
 11285.00000     0.995313      1878643       213.33
 12950.00000     0.996094      1880099       256.00
 14652.00000     0.996484      1880838       284.44
 18043.00000     0.996875      1881574       320.00
 22656.00000     0.997266      1882312       365.71
 30364.00000     0.997656      1883048       426.67
 41119.00000     0.998047      1883785       512.00
 47483.00000     0.998242      1884154       568.89
 54044.00000     0.998437      1884522       640.00
 61432.00000     0.998633      1884893       731.43
 69140.00000     0.998828      1885262       853.33
 78181.00000     0.999023      1885628      1024.00
 83188.00000     0.999121      1885813      1137.78
 88454.00000     0.999219      1885997      1280.00
 95250.00000     0.999316      1886181      1462.86
100233.00000     0.999414      1886366      1706.67
109544.00000     0.999512      1886550      2048.00
123962.00000     0.999561      1886642      2275.56
147038.00000     0.999609      1886734      2560.00
172716.00000     0.999658      1886826      2925.71
204622.00000     0.999707      1886919      3413.33
242473.00000     0.999756      1887011      4096.00
263527.00000     0.999780      1887057      4551.11
282717.00000     0.999805      1887103      5120.00
307297.00000     0.999829      1887149      5851.43
342917.00000     0.999854      1887195      6826.67
388525.00000     0.999878      1887241      8192.00
414795.00000     0.999890      1887264      9102.22
474267.00000     0.999902      1887287     10240.00
540499.00000     0.999915      1887310     11702.86
620071.00000     0.999927      1887333     13653.33
713399.00000     0.999939      1887356     16384.00
835399.00000     0.999945      1887368     18204.44
980675.00000     0.999951      1887379     20480.00
1046151.00000     0.999957      1887391     23405.71
2634319.00000     0.999963      1887402     27306.67
2779983.00000     0.999969      1887414     32768.00
4808383.00000     0.999973      1887420     36408.89
4844959.00000     0.999976      1887425     40960.00
4868991.00000     0.999979      1887431     46811.43
4881727.00000     0.999982      1887437     54613.33
4895487.00000     0.999985      1887443     65536.00
4905791.00000     0.999986      1887446     72817.78
4912863.00000     0.999988      1887448     81920.00
4921567.00000     0.999989      1887451     93622.86
4929119.00000     0.999991      1887454    109226.67
4937471.00000     0.999992      1887457    131072.00
4947711.00000     0.999993      1887459    145635.56
4952895.00000     0.999994      1887460    163840.00
4957535.00000     0.999995      1887461    187245.71
4967583.00000     0.999995      1887463    218453.33
4968287.00000     0.999996      1887464    262144.00
4969279.00000     0.999997      1887465    291271.11
4973247.00000     0.999997      1887466    327680.00
4973247.00000     0.999997      1887466    374491.43
4983135.00000     0.999998      1887467    436906.67
4983871.00000     0.999998      1887468    524288.00
4983871.00000     0.999998      1887468    582542.22
4992447.00000     0.999998      1887469    655360.00
4992447.00000     0.999999      1887469    748982.86
4992447.00000     0.999999      1887469    873813.33
4998751.00000     0.999999      1887470   1048576.00
4998751.00000     0.999999      1887470   1165084.44
4998751.00000     0.999999      1887470   1310720.00
4998751.00000     0.999999      1887470   1497965.71
4998751.00000     0.999999      1887470   1747626.67
5025343.00000     1.000000      1887471   2097152.00
5025343.00000     1.000000      1887471          inf
#[Mean    =     3292.305, StdDeviation   =    28603.702]
#[Max     =  5025343.000, Total count    =      1887471]
#[Buckets =           13, SubBuckets     =       262144]
       Value   Percentile   TotalCount 1/(1-Percentile)

   974.00000     0.000000            2         1.00
  1036.00000     0.100000       592863         1.11
  1036.00000     0.200000       592863         1.25
  1036.00000     0.300000       592863         1.43
  1048.00000     0.400000      1144016         1.67
  1048.00000     0.500000      1144016         2.00
  1048.00000     0.550000      1144016         2.22
  1048.00000     0.600000      1144016         2.50
  1060.00000     0.650000      1426944         2.86
  1060.00000     0.700000      1426944         3.33
  1060.00000     0.750000      1426944         4.00
  1073.00000     0.775000      1525845         4.44
  1073.00000     0.800000      1525845         5.00
  1097.00000     0.825000      1559868         5.71
  1184.00000     0.850000      1606725         6.67
  1258.00000     0.875000      1653995         8.00
  1282.00000     0.887500      1681354         8.89
  1307.00000     0.900000      1709492        10.00
  1319.00000     0.912500      1723546        11.43
  1344.00000     0.925000      1750597        13.33
  1369.00000     0.937500      1771922        16.00
  1393.00000     0.943750      1787010        17.78
  1406.00000     0.950000      1793139        20.00
  1443.00000     0.956250      1808494        22.86
  1467.00000     0.962500      1817730        26.67
  1504.00000     0.968750      1831412        32.00
  1517.00000     0.971875      1835914        35.56
  1529.00000     0.975000      1840399        40.00
  1554.00000     0.978125      1848464        45.71
  1578.00000     0.981250      1855160        53.33
  1591.00000     0.984375      1858073        64.00
  1615.00000     0.985938      1862850        71.11
  1628.00000     0.987500      1864861        80.00
  1652.00000     0.989062      1868072        91.43
  1677.00000     0.990625      1870492       106.67
  1714.00000     0.992188      1873388       128.00
  1726.00000     0.992969      1874218       142.22
  1763.00000     0.993750      1876147       160.00
  1800.00000     0.994531      1877384       182.86
  1874.00000     0.995313      1878701       213.33
  2195.00000     0.996094      1880113       256.00
  2491.00000     0.996484      1880841       284.44
  2812.00000     0.996875      1881579       320.00
  3428.00000     0.997266      1882311       365.71
  5439.00000     0.997656      1883049       426.67
  5981.00000     0.998047      1883816       512.00
  6129.00000     0.998242      1884161       568.89
  6290.00000     0.998437      1884541       640.00
  6438.00000     0.998633      1884907       731.43
  6586.00000     0.998828      1885275       853.33
  6734.00000     0.999023      1885628      1024.00
  6845.00000     0.999121      1885835      1137.78
  6968.00000     0.999219      1886010      1280.00
  7116.00000     0.999316      1886183      1462.86
  7338.00000     0.999414      1886367      1706.67
  7683.00000     0.999512      1886552      2048.00
  7955.00000     0.999561      1886643      2275.56
  8325.00000     0.999609      1886738      2560.00
  8732.00000     0.999658      1886828      2925.71
  9089.00000     0.999707      1886920      3413.33
  9509.00000     0.999756      1887013      4096.00
  9854.00000     0.999780      1887057      4551.11
 10113.00000     0.999805      1887103      5120.00
 10483.00000     0.999829      1887150      5851.43
 10865.00000     0.999854      1887195      6826.67
 11593.00000     0.999878      1887241      8192.00
 12123.00000     0.999890      1887264      9102.22
 12555.00000     0.999902      1887287     10240.00
 13073.00000     0.999915      1887310     11702.86
 13801.00000     0.999927      1887333     13653.33
 15170.00000     0.999939      1887356     16384.00
 16095.00000     0.999945      1887368     18204.44
 16687.00000     0.999951      1887379     20480.00
 17649.00000     0.999957      1887391     23405.71
 19079.00000     0.999963      1887402     27306.67
 20818.00000     0.999969      1887414     32768.00
 22409.00000     0.999973      1887420     36408.89
 25345.00000     0.999976      1887425     40960.00
 26714.00000     0.999979      1887431     46811.43
 27762.00000     0.999982      1887437     54613.33
 32066.00000     0.999985      1887443     65536.00
 33744.00000     0.999986      1887446     72817.78
 37283.00000     0.999988      1887448     81920.00
 40132.00000     0.999989      1887451     93622.86
 43364.00000     0.999991      1887454    109226.67
 53317.00000     0.999992      1887457    131072.00
 60754.00000     0.999993      1887459    145635.56
 66106.00000     0.999994      1887460    163840.00
 68832.00000     0.999995      1887461    187245.71
 86296.00000     0.999995      1887463    218453.33
102576.00000     0.999996      1887464    262144.00
104685.00000     0.999997      1887465    291271.11
162652.00000     0.999997      1887466    327680.00
162652.00000     0.999997      1887466    374491.43
162750.00000     0.999998      1887467    436906.67
177859.00000     0.999998      1887468    524288.00
177859.00000     0.999998      1887468    582542.22
219681.00000     0.999998      1887469    655360.00
219681.00000     0.999999      1887469    748982.86
219681.00000     0.999999      1887469    873813.33
219891.00000     0.999999      1887470   1048576.00
219891.00000     0.999999      1887470   1165084.44
219891.00000     0.999999      1887470   1310720.00
219891.00000     0.999999      1887470   1497965.71
219891.00000     0.999999      1887470   1747626.67
222579.00000     1.000000      1887471   2097152.00
222579.00000     1.000000      1887471          inf
#[Mean    =     1117.075, StdDeviation   =      535.699]
#[Max     =   222579.000, Total count    =      1887471]
#[Buckets =           13, SubBuckets     =       262144]
       Value   Percentile   TotalCount 1/(1-Percentile)

     0.00000     0.000000        91889         1.00
    12.00000     0.100000      1369447         1.11
    12.00000     0.200000      1369447         1.25
    12.00000     0.300000      1369447         1.43
    12.00000     0.400000      1369447         1.67
    12.00000     0.500000      1369447         2.00
    12.00000     0.550000      1369447         2.22
    12.00000     0.600000      1369447         2.50
    12.00000     0.650000      1369447         2.86
    12.00000     0.700000      1369447         3.33
    24.00000     0.750000      1870292         4.00
    24.00000     0.775000      1870292         4.44
    24.00000     0.800000      1870292         5.00
    24.00000     0.825000      1870292         5.71
    24.00000     0.850000      1870292         6.67
    24.00000     0.875000      1870292         8.00
    24.00000     0.887500      1870292         8.89
    24.00000     0.900000      1870292        10.00
    24.00000     0.912500      1870292        11.43
    24.00000     0.925000      1870292        13.33
    24.00000     0.937500      1870292        16.00
    24.00000     0.943750      1870292        17.78
    24.00000     0.950000      1870292        20.00
    24.00000     0.956250      1870292        22.86
    24.00000     0.962500      1870292        26.67
    24.00000     0.968750      1870292        32.00
    24.00000     0.971875      1870292        35.56
    24.00000     0.975000      1870292        40.00
    24.00000     0.978125      1870292        45.71
    24.00000     0.981250      1870292        53.33
    24.00000     0.984375      1870292        64.00
    24.00000     0.985938      1870292        71.11
    24.00000     0.987500      1870292        80.00
    24.00000     0.989062      1870292        91.43
    24.00000     0.990625      1870292       106.67
    37.00000     0.992188      1883317       128.00
    37.00000     0.992969      1883317       142.22
    37.00000     0.993750      1883317       160.00
    37.00000     0.994531      1883317       182.86
    37.00000     0.995313      1883317       213.33
    37.00000     0.996094      1883317       256.00
    37.00000     0.996484      1883317       284.44
    37.00000     0.996875      1883317       320.00
    37.00000     0.997266      1883317       365.71
    37.00000     0.997656      1883317       426.67
    49.00000     0.998047      1886292       512.00
    49.00000     0.998242      1886292       568.89
    49.00000     0.998437      1886292       640.00
    49.00000     0.998633      1886292       731.43
    49.00000     0.998828      1886292       853.33
    49.00000     0.999023      1886292      1024.00
    49.00000     0.999121      1886292      1137.78
    49.00000     0.999219      1886292      1280.00
    49.00000     0.999316      1886292      1462.86
    61.00000     0.999414      1887077      1706.67
    61.00000     0.999512      1887077      2048.00
    61.00000     0.999561      1887077      2275.56
    61.00000     0.999609      1887077      2560.00
    61.00000     0.999658      1887077      2925.71
    61.00000     0.999707      1887077      3413.33
    61.00000     0.999756      1887077      4096.00
    61.00000     0.999780      1887077      4551.11
    74.00000     0.999805      1887250      5120.00
    74.00000     0.999829      1887250      5851.43
    74.00000     0.999854      1887250      6826.67
    74.00000     0.999878      1887250      8192.00
    86.00000     0.999890      1887300      9102.22
    86.00000     0.999902      1887300     10240.00
    98.00000     0.999915      1887320     11702.86
   111.00000     0.999927      1887346     13653.33
   123.00000     0.999939      1887364     16384.00
   135.00000     0.999945      1887381     18204.44
   135.00000     0.999951      1887381     20480.00
   148.00000     0.999957      1887392     23405.71
   172.00000     0.999963      1887403     27306.67
   209.00000     0.999969      1887414     32768.00
   234.00000     0.999973      1887423     36408.89
   246.00000     0.999976      1887428     40960.00
   271.00000     0.999979      1887432     46811.43
   320.00000     0.999982      1887441     54613.33
   333.00000     0.999985      1887443     65536.00
   407.00000     0.999986      1887446     72817.78
   431.00000     0.999988      1887448     81920.00
   530.00000     0.999989      1887451     93622.86
   616.00000     0.999991      1887454    109226.67
   666.00000     0.999992      1887458    131072.00
   703.00000     0.999993      1887459    145635.56
  1036.00000     0.999994      1887460    163840.00
  1393.00000     0.999995      1887461    187245.71
  3724.00000     0.999995      1887463    218453.33
  4168.00000     0.999996      1887464    262144.00
  5007.00000     0.999997      1887465    291271.11
  5130.00000     0.999997      1887466    327680.00
  5130.00000     0.999997      1887466    374491.43
  5611.00000     0.999998      1887467    436906.67
  6327.00000     0.999998      1887468    524288.00
  6327.00000     0.999998      1887468    582542.22
  7079.00000     0.999998      1887469    655360.00
  7079.00000     0.999999      1887469    748982.86
  7079.00000     0.999999      1887469    873813.33
 10902.00000     0.999999      1887470   1048576.00
 10902.00000     0.999999      1887470   1165084.44
 10902.00000     0.999999      1887470   1310720.00
 10902.00000     0.999999      1887470   1497965.71
 10902.00000     0.999999      1887470   1747626.67
 11371.00000     1.000000      1887471   2097152.00
 11371.00000     1.000000      1887471          inf
#[Mean    =       14.908, StdDeviation   =       17.062]
#[Max     =    11371.000, Total count    =      1887471]
#[Buckets =           13, SubBuckets     =       262144]
       Value   Percentile   TotalCount 1/(1-Percentile)

    61.00000     0.000000           14         1.00
    98.00000     0.100000       699646         1.11
    98.00000     0.200000       699646         1.25
    98.00000     0.300000       699646         1.43
   110.00000     0.400000       756765         1.67
   111.00000     0.500000      1421510         2.00
   111.00000     0.550000      1421510         2.22
   111.00000     0.600000      1421510         2.50
   111.00000     0.650000      1421510         2.86
   111.00000     0.700000      1421510         3.33
   111.00000     0.750000      1421510         4.00
   123.00000     0.775000      1639183         4.44
   123.00000     0.800000      1639183         5.00
   123.00000     0.825000      1639183         5.71
   123.00000     0.850000      1639183         6.67
   135.00000     0.875000      1836727         8.00
   135.00000     0.887500      1836727         8.89
   135.00000     0.900000      1836727        10.00
   135.00000     0.912500      1836727        11.43
   135.00000     0.925000      1836727        13.33
   135.00000     0.937500      1836727        16.00
   135.00000     0.943750      1836727        17.78
   135.00000     0.950000      1836727        20.00
   135.00000     0.956250      1836727        22.86
   135.00000     0.962500      1836727        26.67
   135.00000     0.968750      1836727        32.00
   135.00000     0.971875      1836727        35.56
   148.00000     0.975000      1866691        40.00
   148.00000     0.978125      1866691        45.71
   148.00000     0.981250      1866691        53.33
   148.00000     0.984375      1866691        64.00
   148.00000     0.985938      1866691        71.11
   148.00000     0.987500      1866691        80.00
   160.00000     0.989062      1871915        91.43
   160.00000     0.990625      1871915       106.67
   172.00000     0.992188      1873989       128.00
   185.00000     0.992969      1875140       142.22
   197.00000     0.993750      1876008       160.00
   222.00000     0.994531      1877323       182.86
   259.00000     0.995313      1878644       213.33
   333.00000     0.996094      1880115       256.00
   382.00000     0.996484      1880851       284.44
   444.00000     0.996875      1881613       320.00
   530.00000     0.997266      1882363       365.71
   629.00000     0.997656      1883052       426.67
   764.00000     0.998047      1883844       512.00
   838.00000     0.998242      1884174       568.89
   937.00000     0.998437      1884549       640.00
  1060.00000     0.998633      1884892       731.43
  1295.00000     0.998828      1885277       853.33
  1652.00000     0.999023      1885628      1024.00
  2034.00000     0.999121      1885813      1137.78
  2763.00000     0.999219      1885997      1280.00
  4094.00000     0.999316      1886182      1462.86
  6216.00000     0.999414      1886367      1706.67
  9928.00000     0.999512      1886550      2048.00
 12974.00000     0.999561      1886642      2275.56
 16785.00000     0.999609      1886734      2560.00
 23088.00000     0.999658      1886826      2925.71
 37851.00000     0.999707      1886919      3413.33
 61259.00000     0.999756      1887011      4096.00
 80302.00000     0.999780      1887057      4551.11
100923.00000     0.999805      1887103      5120.00
132558.00000     0.999829      1887149      5851.43
168313.00000     0.999854      1887195      6826.67
194669.00000     0.999878      1887241      8192.00
207570.00000     0.999890      1887264      9102.22
222604.00000     0.999902      1887287     10240.00
243225.00000     0.999915      1887310     11702.86
269163.00000     0.999927      1887333     13653.33
290463.00000     0.999939      1887356     16384.00
308223.00000     0.999945      1887368     18204.44
326353.00000     0.999951      1887379     20480.00
377831.00000     0.999957      1887391     23405.71
483443.00000     0.999963      1887402     27306.67
532159.00000     0.999969      1887414     32768.00
558319.00000     0.999973      1887420     36408.89
573919.00000     0.999976      1887425     40960.00
592875.00000     0.999979      1887431     46811.43
627755.00000     0.999982      1887437     54613.33
763003.00000     0.999985      1887443     65536.00
788643.00000     0.999986      1887446     72817.78
805047.00000     0.999988      1887448     81920.00
829231.00000     0.999989      1887451     93622.86
862927.00000     0.999991      1887454    109226.67
4808575.00000     0.999992      1887457    131072.00
4820543.00000     0.999993      1887459    145635.56
4826143.00000     0.999994      1887460    163840.00
4832095.00000     0.999995      1887461    187245.71
4841727.00000     0.999995      1887463    218453.33
4851295.00000     0.999996      1887464    262144.00
4859743.00000     0.999997      1887465    291271.11
4868639.00000     0.999997      1887466    327680.00
4868639.00000     0.999997      1887466    374491.43
4879775.00000     0.999998      1887467    436906.67
4889279.00000     0.999998      1887468    524288.00
4889279.00000     0.999998      1887468    582542.22
4904799.00000     0.999998      1887469    655360.00
4904799.00000     0.999999      1887469    748982.86
4904799.00000     0.999999      1887469    873813.33
4913759.00000     0.999999      1887470   1048576.00
4913759.00000     0.999999      1887470   1165084.44
4913759.00000     0.999999      1887470   1310720.00
4913759.00000     0.999999      1887470   1497965.71
4913759.00000     0.999999      1887470   1747626.67
4925183.00000     1.000000      1887471   2097152.00
4925183.00000     1.000000      1887471          inf
#[Mean    =      219.702, StdDeviation   =    15228.632]
#[Max     =  4925183.000, Total count    =      1887471]
#[Buckets =           13, SubBuckets     =       262144]
       Value   Percentile   TotalCount 1/(1-Percentile)

     0.00000     0.000000        13566         1.00
    37.00000     0.100000       384359         1.11
    37.00000     0.200000       384359         1.25
    49.00000     0.300000       724837         1.43
    61.00000     0.400000       795475         1.67
   123.00000     0.500000       974237         2.00
   148.00000     0.550000      1077349         2.22
   160.00000     0.600000      1136056         2.50
   185.00000     0.650000      1238490         2.86
   209.00000     0.700000      1324102         3.33
   246.00000     0.750000      1439094         4.00
   259.00000     0.775000      1474641         4.44
   283.00000     0.800000      1536844         5.00
   296.00000     0.825000      1562973         5.71
   320.00000     0.850000      1606614         6.67
   357.00000     0.875000      1658840         8.00
   382.00000     0.887500      1687473         8.89
   394.00000     0.900000      1700468        10.00
   419.00000     0.912500      1723370        11.43
   456.00000     0.925000      1752536        13.33
   493.00000     0.937500      1775791        16.00
   505.00000     0.943750      1782310        17.78
   530.00000     0.950000      1793722        20.00
   567.00000     0.956250      1807746        22.86
   604.00000     0.962500      1819052        26.67
   653.00000     0.968750      1830305        32.00
   678.00000     0.971875      1834828        35.56
   715.00000     0.975000      1840642        40.00
   764.00000     0.978125      1846858        45.71
   826.00000     0.981250      1852716        53.33
   912.00000     0.984375      1858544        64.00
   974.00000     0.985938      1861388        71.11
  1048.00000     0.987500      1863928        80.00
  1184.00000     0.989062      1866886        91.43
  1430.00000     0.990625      1869780       106.67
  1911.00000     0.992188      1872736       128.00
  2503.00000     0.992969      1874209       142.22
  3120.00000     0.993750      1875773       160.00
  3231.00000     0.994531      1877167       182.86
  3342.00000     0.995313      1878649       213.33
  3502.00000     0.996094      1880135       256.00
  3638.00000     0.996484      1880872       284.44
  3848.00000     0.996875      1881582       320.00
  4156.00000     0.997266      1882312       365.71
  4538.00000     0.997656      1883056       426.67
  4970.00000     0.998047      1883798       512.00
  5192.00000     0.998242      1884156       568.89
  5463.00000     0.998437      1884552       640.00
  5698.00000     0.998633      1884897       731.43
  5994.00000     0.998828      1885264       853.33
  6364.00000     0.999023      1885638      1024.00
  6561.00000     0.999121      1885825      1137.78
  6758.00000     0.999219      1886000      1280.00
  7017.00000     0.999316      1886181      1462.86
  7313.00000     0.999414      1886367      1706.67
  7659.00000     0.999512      1886559      2048.00
  7868.00000     0.999561      1886644      2275.56
  8103.00000     0.999609      1886734      2560.00
  8399.00000     0.999658      1886829      2925.71
  8769.00000     0.999707      1886921      3413.33
  9287.00000     0.999756      1887011      4096.00
  9570.00000     0.999780      1887059      4551.11
  9940.00000     0.999805      1887105      5120.00
 10434.00000     0.999829      1887149      5851.43
 11100.00000     0.999854      1887195      6826.67
 11926.00000     0.999878      1887241      8192.00
 12259.00000     0.999890      1887264      9102.22
 12962.00000     0.999902      1887287     10240.00
 13677.00000     0.999915      1887311     11702.86
 14824.00000     0.999927      1887333     13653.33
 16169.00000     0.999939      1887356     16384.00
 17451.00000     0.999945      1887368     18204.44
 18611.00000     0.999951      1887379     20480.00
 19560.00000     0.999957      1887391     23405.71
 21361.00000     0.999963      1887402     27306.67
 22964.00000     0.999969      1887414     32768.00
 25480.00000     0.999973      1887420     36408.89
 26208.00000     0.999976      1887425     40960.00
 29711.00000     0.999979      1887431     46811.43
 33041.00000     0.999982      1887437     54613.33
 35063.00000     0.999985      1887443     65536.00
 40293.00000     0.999986      1887446     72817.78
 40798.00000     0.999988      1887448     81920.00
 44252.00000     0.999989      1887451     93622.86
 57115.00000     0.999991      1887454    109226.67
 62826.00000     0.999992      1887457    131072.00
 67364.00000     0.999993      1887459    145635.56
 68659.00000     0.999994      1887460    163840.00
 73593.00000     0.999995      1887461    187245.71
 80154.00000     0.999995      1887463    218453.33
 82325.00000     0.999996      1887464    262144.00
 91069.00000     0.999997      1887465    291271.11
100245.00000     0.999997      1887466    327680.00
100245.00000     0.999997      1887466    374491.43
102724.00000     0.999998      1887467    436906.67
126762.00000     0.999998      1887468    524288.00
126762.00000     0.999998      1887468    582542.22
130486.00000     0.999998      1887469    655360.00
130486.00000     0.999999      1887469    748982.86
130486.00000     0.999999      1887469    873813.33
137035.00000     0.999999      1887470   1048576.00
137035.00000     0.999999      1887470   1165084.44
137035.00000     0.999999      1887470   1310720.00
137035.00000     0.999999      1887470   1497965.71
137035.00000     0.999999      1887470   1747626.67
252549.00000     1.000000      1887471   2097152.00
252549.00000     1.000000      1887471          inf
#[Mean    =      205.312, StdDeviation   =      568.427]
#[Max     =   252549.000, Total count    =      1887471]
#[Buckets =           13, SubBuckets     =       262144]
       Value   Percentile   TotalCount 1/(1-Percentile)

    86.00000     0.000000           18         1.00
   172.00000     0.100000       217455         1.11
   197.00000     0.200000       399678         1.25
   222.00000     0.300000       583825         1.43
   246.00000     0.400000       778493         1.67
   271.00000     0.500000       978053         2.00
   283.00000     0.550000      1078556         2.22
   296.00000     0.600000      1179632         2.50
   308.00000     0.650000      1281135         2.86
   320.00000     0.700000      1380439         3.33
   333.00000     0.750000      1473863         4.00
   333.00000     0.775000      1473863         4.44
   345.00000     0.800000      1561096         5.00
   345.00000     0.825000      1561096         5.71
   357.00000     0.850000      1624129         6.67
   370.00000     0.875000      1661270         8.00
   382.00000     0.887500      1711240         8.89
   382.00000     0.900000      1711240        10.00
   394.00000     0.912500      1742802        11.43
   407.00000     0.925000      1762628        13.33
   419.00000     0.937500      1779251        16.00
   431.00000     0.943750      1793922        17.78
   431.00000     0.950000      1793922        20.00
   444.00000     0.956250      1806405        22.86
   468.00000     0.962500      1824111        26.67
   481.00000     0.968750      1829778        32.00
   505.00000     0.971875      1837282        35.56
   530.00000     0.975000      1841794        40.00
   579.00000     0.978125      1846454        45.71
   740.00000     0.981250      1852294        53.33
   974.00000     0.984375      1858009        64.00
  1073.00000     0.985938      1861126        71.11
  1245.00000     0.987500      1863930        80.00
  1467.00000     0.989062      1866895        91.43
  1739.00000     0.990625      1869892       106.67
  2220.00000     0.992188      1872784       128.00
  2528.00000     0.992969      1874221       142.22
  2997.00000     0.993750      1875695       160.00
  3601.00000     0.994531      1877155       182.86
  4736.00000     0.995313      1878628       213.33
  5907.00000     0.996094      1880108       256.00
  6783.00000     0.996484      1880838       284.44
  8769.00000     0.996875      1881576       320.00
 12247.00000     0.997266      1882310       365.71
 19005.00000     0.997656      1883048       426.67
 28786.00000     0.998047      1883785       512.00
 33694.00000     0.998242      1884155       568.89
 39553.00000     0.998437      1884522       640.00
 44905.00000     0.998633      1884891       731.43
 52046.00000     0.998828      1885260       853.33
 58768.00000     0.999023      1885628      1024.00
 62961.00000     0.999121      1885813      1137.78
 67340.00000     0.999219      1885998      1280.00
 71545.00000     0.999316      1886181      1462.86
 76960.00000     0.999414      1886366      1706.67
 82177.00000     0.999512      1886551      2048.00
 86543.00000     0.999561      1886642      2275.56
 89577.00000     0.999609      1886734      2560.00
 92574.00000     0.999658      1886827      2925.71
 94670.00000     0.999707      1886919      3413.33
100294.00000     0.999756      1887011      4096.00
107830.00000     0.999780      1887057      4551.11
125171.00000     0.999805      1887103      5120.00
146643.00000     0.999829      1887149      5851.43
180486.00000     0.999854      1887195      6826.67
217806.00000     0.999878      1887241      8192.00
246802.00000     0.999890      1887264      9102.22
277427.00000     0.999902      1887287     10240.00
308851.00000     0.999915      1887310     11702.86
347541.00000     0.999927      1887333     13653.33
395653.00000     0.999939      1887356     16384.00
442729.00000     0.999945      1887368     18204.44
617459.00000     0.999951      1887379     20480.00
730999.00000     0.999957      1887391     23405.71
993587.00000     0.999963      1887402     27306.67
1072543.00000     0.999969      1887414     32768.00
2626511.00000     0.999973      1887420     36408.89
2687743.00000     0.999976      1887425     40960.00
2756415.00000     0.999979      1887431     46811.43
4779551.00000     0.999982      1887437     54613.33
4839679.00000     0.999985      1887443     65536.00
4860479.00000     0.999986      1887446     72817.78
4869887.00000     0.999988      1887448     81920.00
4875391.00000     0.999989      1887451     93622.86
4887231.00000     0.999991      1887454    109226.67
4898655.00000     0.999992      1887457    131072.00
4908831.00000     0.999993      1887459    145635.56
4914527.00000     0.999994      1887460    163840.00
4920671.00000     0.999995      1887461    187245.71
4940991.00000     0.999995      1887463    218453.33
4948959.00000     0.999996      1887464    262144.00
4959583.00000     0.999997      1887465    291271.11
4961119.00000     0.999997      1887466    327680.00
4961119.00000     0.999997      1887466    374491.43
4965535.00000     0.999998      1887467    436906.67
4975807.00000     0.999998      1887468    524288.00
4975807.00000     0.999998      1887468    582542.22
4983263.00000     0.999998      1887469    655360.00
4983263.00000     0.999999      1887469    748982.86
4983263.00000     0.999999      1887469    873813.33
4991551.00000     0.999999      1887470   1048576.00
4991551.00000     0.999999      1887470   1165084.44
4991551.00000     0.999999      1887470   1310720.00
4991551.00000     0.999999      1887470   1497965.71
4991551.00000     0.999999      1887470   1747626.67
5010591.00000     1.000000      1887471   2097152.00
5010591.00000     1.000000      1887471          inf
#[Mean    =      597.573, StdDeviation   =    23609.426]
#[Max     =  5010591.000, Total count    =      1887471]
#[Buckets =           13, SubBuckets     =       262144]
       Value   Percentile   TotalCount 1/(1-Percentile)

     0.00000     0.000000       252251         1.00
     0.00000     0.100000       252251         1.11
    12.00000     0.200000      1806209         1.25
    12.00000     0.300000      1806209         1.43
    12.00000     0.400000      1806209         1.67
    12.00000     0.500000      1806209         2.00
    12.00000     0.550000      1806209         2.22
    12.00000     0.600000      1806209         2.50
    12.00000     0.650000      1806209         2.86
    12.00000     0.700000      1806209         3.33
    12.00000     0.750000      1806209         4.00
    12.00000     0.775000      1806209         4.44
    12.00000     0.800000      1806209         5.00
    12.00000     0.825000      1806209         5.71
    12.00000     0.850000      1806209         6.67
    12.00000     0.875000      1806209         8.00
    12.00000     0.887500      1806209         8.89
    12.00000     0.900000      1806209        10.00
    12.00000     0.912500      1806209        11.43
    12.00000     0.925000      1806209        13.33
    12.00000     0.937500      1806209        16.00
    12.00000     0.943750      1806209        17.78
    12.00000     0.950000      1806209        20.00
    12.00000     0.956250      1806209        22.86
    24.00000     0.962500      1868551        26.67
    24.00000     0.968750      1868551        32.00
    24.00000     0.971875      1868551        35.56
    24.00000     0.975000      1868551        40.00
    24.00000     0.978125      1868551        45.71
    24.00000     0.981250      1868551        53.33
    24.00000     0.984375      1868551        64.00
    24.00000     0.985938      1868551        71.11
    24.00000     0.987500      1868551        80.00
    24.00000     0.989062      1868551        91.43
    37.00000     0.990625      1876582       106.67
    37.00000     0.992188      1876582       128.00
    37.00000     0.992969      1876582       142.22
    37.00000     0.993750      1876582       160.00
    49.00000     0.994531      1881528       182.86
    49.00000     0.995313      1881528       213.33
    49.00000     0.996094      1881528       256.00
    49.00000     0.996484      1881528       284.44
    61.00000     0.996875      1882790       320.00
    61.00000     0.997266      1882790       365.71
    74.00000     0.997656      1883287       426.67
    98.00000     0.998047      1883961       512.00
   111.00000     0.998242      1884827       568.89
   111.00000     0.998437      1884827       640.00
   123.00000     0.998633      1885273       731.43
   123.00000     0.998828      1885273       853.33
   148.00000     0.999023      1885726      1024.00
   160.00000     0.999121      1885915      1137.78
   172.00000     0.999219      1886064      1280.00
   185.00000     0.999316      1886191      1462.86
   222.00000     0.999414      1886402      1706.67
   271.00000     0.999512      1886576      2048.00
   296.00000     0.999561      1886653      2275.56
   333.00000     0.999609      1886782      2560.00
   345.00000     0.999658      1886828      2925.71
   394.00000     0.999707      1886945      3413.33
   444.00000     0.999756      1887026      4096.00
   468.00000     0.999780      1887063      4551.11
   505.00000     0.999805      1887110      5120.00
   542.00000     0.999829      1887163      5851.43
   579.00000     0.999854      1887198      6826.67
   629.00000     0.999878      1887247      8192.00
   666.00000     0.999890      1887268      9102.22
   703.00000     0.999902      1887289     10240.00
   740.00000     0.999915      1887310     11702.86
   814.00000     0.999927      1887333     13653.33
   900.00000     0.999939      1887358     16384.00
  1073.00000     0.999945      1887369     18204.44
  1295.00000     0.999951      1887379     20480.00
  5056.00000     0.999957      1887391     23405.71
  5217.00000     0.999963      1887402     27306.67
  5254.00000     0.999969      1887415     32768.00
  5291.00000     0.999973      1887421     36408.89
  5352.00000     0.999976      1887427     40960.00
  5389.00000     0.999979      1887431     46811.43
  5636.00000     0.999982      1887437     54613.33
  6203.00000     0.999985      1887443     65536.00
  6253.00000     0.999986      1887446     72817.78
  6277.00000     0.999988      1887448     81920.00
  6413.00000     0.999989      1887451     93622.86
  6549.00000     0.999991      1887454    109226.67
  6684.00000     0.999992      1887457    131072.00
  6845.00000     0.999993      1887459    145635.56
  6857.00000     0.999994      1887460    163840.00
  6894.00000     0.999995      1887461    187245.71
  7030.00000     0.999995      1887463    218453.33
  7276.00000     0.999996      1887464    262144.00
  7535.00000     0.999997      1887465    291271.11
  7548.00000     0.999997      1887466    327680.00
  7548.00000     0.999997      1887466    374491.43
  7683.00000     0.999998      1887467    436906.67
  8497.00000     0.999998      1887468    524288.00
  8497.00000     0.999998      1887468    582542.22
  8670.00000     0.999998      1887469    655360.00
  8670.00000     0.999999      1887469    748982.86
  8670.00000     0.999999      1887469    873813.33
 10421.00000     0.999999      1887470   1048576.00
 10421.00000     0.999999      1887470   1165084.44
 10421.00000     0.999999      1887470   1310720.00
 10421.00000     0.999999      1887470   1497965.71
 10421.00000     0.999999      1887470   1747626.67
 19807.00000     1.000000      1887471   2097152.00
 19807.00000     1.000000      1887471          inf
#[Mean    =       11.735, StdDeviation   =       44.219]
#[Max     =    19807.000, Total count    =      1887471]
#[Buckets =           13, SubBuckets     =       262144]
       Value   Percentile   TotalCount 1/(1-Percentile)

   629.00000     0.000000           19         1.00
   912.00000     0.100000       488838         1.11
   912.00000     0.200000       488838         1.25
   925.00000     0.300000       868448         1.43
   925.00000     0.400000       868448         1.67
   937.00000     0.500000      1147385         2.00
   937.00000     0.550000      1147385         2.22
   937.00000     0.600000      1147385         2.50
   949.00000     0.650000      1307926         2.86
   961.00000     0.700000      1323083         3.33
   974.00000     0.750000      1445838         4.00
   986.00000     0.775000      1490024         4.44
   999.00000     0.800000      1516785         5.00
  1060.00000     0.825000      1558319         5.71
  1134.00000     0.850000      1610103         6.67
  1171.00000     0.875000      1653196         8.00
  1196.00000     0.887500      1681053         8.89
  1221.00000     0.900000      1703410        10.00
  1258.00000     0.912500      1727614        11.43
  1307.00000     0.925000      1751059        13.33
  1356.00000     0.937500      1771515        16.00
  1393.00000     0.943750      1785434        17.78
  1418.00000     0.950000      1793764        20.00
  1467.00000     0.956250      1807447        22.86
  1517.00000     0.962500      1817426        26.67
  1628.00000     0.968750      1828560        32.00
  1973.00000     0.971875      1834423        35.56
  4255.00000     0.975000      1840293        40.00
  5722.00000     0.978125      1846226        45.71
  5870.00000     0.981250      1852810        53.33
  5932.00000     0.984375      1858756        64.00
  5957.00000     0.985938      1861457        71.11
  5981.00000     0.987500      1864099        80.00
  6018.00000     0.989062      1867599        91.43
  6055.00000     0.990625      1870598       106.67
  6092.00000     0.992188      1873027       128.00
  6117.00000     0.992969      1874344       142.22
  6154.00000     0.993750      1875883       160.00
  6203.00000     0.994531      1877255       182.86
  6290.00000     0.995313      1878639       213.33
  6462.00000     0.996094      1880111       256.00
  6647.00000     0.996484      1880852       284.44
  7017.00000     0.996875      1881580       320.00
  7301.00000     0.997266      1882315       365.71
  7474.00000     0.997656      1883050       426.67
  7634.00000     0.998047      1883793       512.00
  7720.00000     0.998242      1884161       568.89
  7807.00000     0.998437      1884527       640.00
  7905.00000     0.998633      1884921       731.43
  8016.00000     0.998828      1885276       853.33
  8140.00000     0.999023      1885634      1024.00
  8226.00000     0.999121      1885831      1137.78
  8325.00000     0.999219      1886013      1280.00
  8448.00000     0.999316      1886182      1462.86
  8596.00000     0.999414      1886366      1706.67
  8793.00000     0.999512      1886550      2048.00
  8904.00000     0.999561      1886646      2275.56
  9052.00000     0.999609      1886739      2560.00
  9262.00000     0.999658      1886828      2925.71
  9706.00000     0.999707      1886919      3413.33
 10890.00000     0.999756      1887011      4096.00
 11988.00000     0.999780      1887057      4551.11
 13899.00000     0.999805      1887104      5120.00
 15786.00000     0.999829      1887149      5851.43
 18685.00000     0.999854      1887195      6826.67
 21916.00000     0.999878      1887242      8192.00
 22816.00000     0.999890      1887264      9102.22
 23692.00000     0.999902      1887287     10240.00
 24420.00000     0.999915      1887311     11702.86
 25308.00000     0.999927      1887333     13653.33
 26011.00000     0.999939      1887359     16384.00
 26492.00000     0.999945      1887368     18204.44
 26837.00000     0.999951      1887379     20480.00
 27429.00000     0.999957      1887391     23405.71
 28181.00000     0.999963      1887403     27306.67
 29279.00000     0.999969      1887414     32768.00
 30167.00000     0.999973      1887420     36408.89
 31277.00000     0.999976      1887425     40960.00
 32498.00000     0.999979      1887431     46811.43
 32880.00000     0.999982      1887437     54613.33
 34619.00000     0.999985      1887443     65536.00
 35446.00000     0.999986      1887446     72817.78
 37333.00000     0.999988      1887449     81920.00
 37567.00000     0.999989      1887452     93622.86
 37764.00000     0.999991      1887455    109226.67
 38270.00000     0.999992      1887457    131072.00
 40071.00000     0.999993      1887459    145635.56
 41526.00000     0.999994      1887460    163840.00
 44535.00000     0.999995      1887461    187245.71
 55352.00000     0.999995      1887463    218453.33
 75628.00000     0.999996      1887464    262144.00
 76047.00000     0.999997      1887465    291271.11
 84458.00000     0.999997      1887466    327680.00
 84458.00000     0.999997      1887466    374491.43
100085.00000     0.999998      1887467    436906.67
104771.00000     0.999998      1887468    524288.00
104771.00000     0.999998      1887468    582542.22
132299.00000     0.999998      1887469    655360.00
132299.00000     0.999999      1887469    748982.86
132299.00000     0.999999      1887469    873813.33
138121.00000     0.999999      1887470   1048576.00
138121.00000     0.999999      1887470   1165084.44
138121.00000     0.999999      1887470   1310720.00
138121.00000     0.999999      1887470   1497965.71
138121.00000     0.999999      1887470   1747626.67
4942719.00000     1.000000      1887471   2097152.00
4942719.00000     1.000000      1887471          inf
#[Mean    =     1123.935, StdDeviation   =     3711.199]
#[Max     =  4942719.000, Total count    =      1887471]
#[Buckets =           13, SubBuckets     =       262144]

=== EXCHANGE STDERR ===
matching tid: 51063
