=== CLIENT STDERR ===
=== Exchange load generator ===
  clients  : 10
  seed     : 4123278753
  target   : 127.0.0.1:4000
  thread id: 50296
Ctrl-C to stop.


=== Stats ===
  elapsed         : 14.999 s
  requests sent   : 2602431
  ACK responses   : 2602421
  MATCH responses : 1497329
  ERR responses   : 0
  orders in flight: -10
  --- throughput ---
  requests/s      : 173509
  ACK/s           : 173509
  MATCH/s         : 99830
  ERR/s           : 0
  total resp/s    : 173509

=== EXCHANGE STDOUT ===
exchange tid: 50294
inbound thread: 50297
outbound thread: 50298
       Value   Percentile   TotalCount 1/(1-Percentile)

  2084.00000     0.000000            1         1.00
  2368.00000     0.100000       211052         1.11
  2417.00000     0.200000       406932         1.25
  2466.00000     0.300000       637194         1.43
  2503.00000     0.400000       812989         1.67
  2553.00000     0.500000      1017703         2.00
  2577.00000     0.550000      1105092         2.22
  2614.00000     0.600000      1223802         2.50
  2651.00000     0.650000      1332036         2.86
  2688.00000     0.700000      1427511         3.33
  2725.00000     0.750000      1508601         4.00
  2750.00000     0.775000      1554585         4.44
  2787.00000     0.800000      1612022         5.00
  2824.00000     0.825000      1657064         5.71
  2873.00000     0.850000      1703008         6.67
  2947.00000     0.875000      1752150         8.00
  2997.00000     0.887500      1776684         8.89
  3058.00000     0.900000      1801202        10.00
  3145.00000     0.912500      1826686        11.43
  3256.00000     0.925000      1851425        13.33
  3428.00000     0.937500      1875697        16.00
  3576.00000     0.943750      1887796        17.78
  3835.00000     0.950000      1900002        20.00
  4427.00000     0.956250      1912182        22.86
  5969.00000     0.962500      1924710        26.67
  7350.00000     0.968750      1937485        32.00
  7437.00000     0.971875      1943756        35.56
  7511.00000     0.975000      1950646        40.00
  7572.00000     0.978125      1956804        45.71
  7634.00000     0.981250      1962739        53.33
  7708.00000     0.984375      1968694        64.00
  7757.00000     0.985938      1972173        71.11
  7807.00000     0.987500      1975124        80.00
  7868.00000     0.989062      1978185        91.43
  7942.00000     0.990625      1981099       106.67
  8053.00000     0.992188      1984092       128.00
  8140.00000     0.992969      1985794       142.22
  8238.00000     0.993750      1987196       160.00
  8386.00000     0.994531      1988711       182.86
  8608.00000     0.995313      1990345       213.33
  8954.00000     0.996094      1991853       256.00
  9361.00000     0.996484      1992627       284.44
  9792.00000     0.996875      1993408       320.00
 10150.00000     0.997266      1994183       365.71
 10557.00000     0.997656      1994966       426.67
 11112.00000     0.998047      1995747       512.00
 11470.00000     0.998242      1996140       568.89
 11852.00000     0.998437      1996524       640.00
 12333.00000     0.998633      1996914       731.43
 12937.00000     0.998828      1997309       853.33
 13887.00000     0.999023      1997690      1024.00
 14652.00000     0.999121      1997887      1137.78
 15725.00000     0.999219      1998081      1280.00
 16884.00000     0.999316      1998277      1462.86
 19067.00000     0.999414      1998472      1706.67
 22656.00000     0.999512      1998666      2048.00
 24962.00000     0.999561      1998764      2275.56
 28144.00000     0.999609      1998861      2560.00
 32560.00000     0.999658      1998959      2925.71
 39910.00000     0.999707      1999057      3413.33
 47865.00000     0.999756      1999154      4096.00
 53773.00000     0.999780      1999203      4551.11
 60051.00000     0.999805      1999252      5120.00
 67266.00000     0.999829      1999301      5851.43
 75258.00000     0.999854      1999350      6826.67
 84027.00000     0.999878      1999399      8192.00
 89429.00000     0.999890      1999423      9102.22
 93869.00000     0.999902      1999447     10240.00
101848.00000     0.999915      1999472     11702.86
115871.00000     0.999927      1999496     13653.33
143276.00000     0.999939      1999520     16384.00
163157.00000     0.999945      1999533     18204.44
173838.00000     0.999951      1999545     20480.00
188650.00000     0.999957      1999557     23405.71
201884.00000     0.999963      1999569     27306.67
215093.00000     0.999969      1999581     32768.00
222320.00000     0.999973      1999588     36408.89
228302.00000     0.999976      1999595     40960.00
231669.00000     0.999979      1999600     46811.43
241782.00000     0.999982      1999606     54613.33
257039.00000     0.999985      1999612     65536.00
264685.00000     0.999986      1999615     72817.78
265561.00000     0.999988      1999618     81920.00
269533.00000     0.999989      1999621     93622.86
273899.00000     0.999991      1999624    109226.67
282841.00000     0.999992      1999627    131072.00
286479.00000     0.999993      1999629    145635.56
287675.00000     0.999994      1999630    163840.00
294717.00000     0.999995      1999632    187245.71
296901.00000     0.999995      1999633    218453.33
298553.00000     0.999996      1999635    262144.00
298615.00000     0.999997      1999636    291271.11
298615.00000     0.999997      1999636    327680.00
300761.00000     0.999997      1999637    374491.43
309481.00000     0.999998      1999638    436906.67
313945.00000     0.999998      1999639    524288.00
313945.00000     0.999998      1999639    582542.22
313945.00000     0.999998      1999639    655360.00
322085.00000     0.999999      1999640    748982.86
322085.00000     0.999999      1999640    873813.33
328967.00000     0.999999      1999641   1048576.00
328967.00000     0.999999      1999641   1165084.44
328967.00000     0.999999      1999641   1310720.00
328967.00000     0.999999      1999641   1497965.71
328967.00000     0.999999      1999641   1747626.67
340401.00000     1.000000      1999642   2097152.00
340401.00000     1.000000      1999642          inf
#[Mean    =     2858.038, StdDeviation   =     2356.905]
#[Max     =   340401.000, Total count    =      1999642]
#[Buckets =           13, SubBuckets     =       262144]
       Value   Percentile   TotalCount 1/(1-Percentile)

   986.00000     0.000000            1         1.00
  1048.00000     0.100000       797660         1.11
  1048.00000     0.200000       797660         1.25
  1048.00000     0.300000       797660         1.43
  1060.00000     0.400000      1514546         1.67
  1060.00000     0.500000      1514546         2.00
  1060.00000     0.550000      1514546         2.22
  1060.00000     0.600000      1514546         2.50
  1060.00000     0.650000      1514546         2.86
  1060.00000     0.700000      1514546         3.33
  1060.00000     0.750000      1514546         4.00
  1073.00000     0.775000      1823372         4.44
  1073.00000     0.800000      1823372         5.00
  1073.00000     0.825000      1823372         5.71
  1073.00000     0.850000      1823372         6.67
  1073.00000     0.875000      1823372         8.00
  1073.00000     0.887500      1823372         8.89
  1073.00000     0.900000      1823372        10.00
  1085.00000     0.912500      1881851        11.43
  1085.00000     0.925000      1881851        13.33
  1085.00000     0.937500      1881851        16.00
  1097.00000     0.943750      1893478        17.78
  1110.00000     0.950000      1901400        20.00
  1147.00000     0.956250      1913259        22.86
  1270.00000     0.962500      1924789        26.67
  1344.00000     0.968750      1939224        32.00
  1369.00000     0.971875      1945628        35.56
  1393.00000     0.975000      1951296        40.00
  1430.00000     0.978125      1957693        45.71
  1467.00000     0.981250      1962992        53.33
  1517.00000     0.984375      1970288        64.00
  1529.00000     0.985938      1972163        71.11
  1554.00000     0.987500      1975709        80.00
  1578.00000     0.989062      1978530        91.43
  1603.00000     0.990625      1981048       106.67
  1640.00000     0.992188      1984147       128.00
  1665.00000     0.992969      1985704       142.22
  1702.00000     0.993750      1987729       160.00
  1726.00000     0.994531      1988883       182.86
  1763.00000     0.995313      1990515       213.33
  1800.00000     0.996094      1992033       256.00
  1825.00000     0.996484      1992745       284.44
  1887.00000     0.996875      1993434       320.00
  2331.00000     0.997266      1994180       365.71
  3996.00000     0.997656      1994958       426.67
  5796.00000     0.998047      1995773       512.00
  5932.00000     0.998242      1996145       568.89
  6043.00000     0.998437      1996575       640.00
  6166.00000     0.998633      1996933       731.43
  6314.00000     0.998828      1997322       853.33
  6462.00000     0.999023      1997692      1024.00
  6536.00000     0.999121      1997890      1137.78
  6598.00000     0.999219      1998081      1280.00
  6672.00000     0.999316      1998279      1462.86
  6746.00000     0.999414      1998483      1706.67
  6832.00000     0.999512      1998673      2048.00
  6894.00000     0.999561      1998773      2275.56
  6956.00000     0.999609      1998878      2560.00
  7030.00000     0.999658      1998975      2925.71
  7104.00000     0.999707      1999059      3413.33
  7215.00000     0.999756      1999162      4096.00
  7276.00000     0.999780      1999207      4551.11
  7375.00000     0.999805      1999254      5120.00
  7474.00000     0.999829      1999305      5851.43
  7634.00000     0.999854      1999350      6826.67
  7807.00000     0.999878      1999398      8192.00
  7930.00000     0.999890      1999423      9102.22
  8201.00000     0.999902      1999447     10240.00
  8497.00000     0.999915      1999472     11702.86
  8769.00000     0.999927      1999496     13653.33
  9237.00000     0.999939      1999520     16384.00
  9546.00000     0.999945      1999533     18204.44
  9792.00000     0.999951      1999546     20480.00
 10027.00000     0.999957      1999557     23405.71
 10335.00000     0.999963      1999571     27306.67
 11137.00000     0.999969      1999581     32768.00
 11346.00000     0.999973      1999588     36408.89
 11667.00000     0.999976      1999594     40960.00
 12111.00000     0.999979      1999601     46811.43
 12456.00000     0.999982      1999606     54613.33
 12900.00000     0.999985      1999612     65536.00
 13258.00000     0.999986      1999615     72817.78
 13936.00000     0.999988      1999618     81920.00
 14146.00000     0.999989      1999621     93622.86
 15120.00000     0.999991      1999624    109226.67
 16292.00000     0.999992      1999627    131072.00
 17858.00000     0.999993      1999629    145635.56
 19597.00000     0.999994      1999630    163840.00
 22693.00000     0.999995      1999632    187245.71
 23569.00000     0.999995      1999633    218453.33
 25073.00000     0.999996      1999635    262144.00
 26196.00000     0.999997      1999636    291271.11
 26196.00000     0.999997      1999636    327680.00
 28428.00000     0.999997      1999637    374491.43
 36876.00000     0.999998      1999638    436906.67
 45127.00000     0.999998      1999639    524288.00
 45127.00000     0.999998      1999639    582542.22
 45127.00000     0.999998      1999639    655360.00
 51985.00000     0.999999      1999640    748982.86
 51985.00000     0.999999      1999640    873813.33
 60112.00000     0.999999      1999641   1048576.00
 60112.00000     0.999999      1999641   1165084.44
 60112.00000     0.999999      1999641   1310720.00
 60112.00000     0.999999      1999641   1497965.71
 60112.00000     0.999999      1999641   1747626.67
 80684.00000     1.000000      1999642   2097152.00
 80684.00000     1.000000      1999642          inf
#[Mean    =     1086.524, StdDeviation   =      295.821]
#[Max     =    80684.000, Total count    =      1999642]
#[Buckets =           13, SubBuckets     =       262144]
       Value   Percentile   TotalCount 1/(1-Percentile)

     0.00000     0.000000       111415         1.00
    12.00000     0.100000      1524613         1.11
    12.00000     0.200000      1524613         1.25
    12.00000     0.300000      1524613         1.43
    12.00000     0.400000      1524613         1.67
    12.00000     0.500000      1524613         2.00
    12.00000     0.550000      1524613         2.22
    12.00000     0.600000      1524613         2.50
    12.00000     0.650000      1524613         2.86
    12.00000     0.700000      1524613         3.33
    12.00000     0.750000      1524613         4.00
    24.00000     0.775000      1994338         4.44
    24.00000     0.800000      1994338         5.00
    24.00000     0.825000      1994338         5.71
    24.00000     0.850000      1994338         6.67
    24.00000     0.875000      1994338         8.00
    24.00000     0.887500      1994338         8.89
    24.00000     0.900000      1994338        10.00
    24.00000     0.912500      1994338        11.43
    24.00000     0.925000      1994338        13.33
    24.00000     0.937500      1994338        16.00
    24.00000     0.943750      1994338        17.78
    24.00000     0.950000      1994338        20.00
    24.00000     0.956250      1994338        22.86
    24.00000     0.962500      1994338        26.67
    24.00000     0.968750      1994338        32.00
    24.00000     0.971875      1994338        35.56
    24.00000     0.975000      1994338        40.00
    24.00000     0.978125      1994338        45.71
    24.00000     0.981250      1994338        53.33
    24.00000     0.984375      1994338        64.00
    24.00000     0.985938      1994338        71.11
    24.00000     0.987500      1994338        80.00
    24.00000     0.989062      1994338        91.43
    24.00000     0.990625      1994338       106.67
    24.00000     0.992188      1994338       128.00
    24.00000     0.992969      1994338       142.22
    24.00000     0.993750      1994338       160.00
    24.00000     0.994531      1994338       182.86
    24.00000     0.995313      1994338       213.33
    24.00000     0.996094      1994338       256.00
    24.00000     0.996484      1994338       284.44
    24.00000     0.996875      1994338       320.00
    24.00000     0.997266      1994338       365.71
    37.00000     0.997656      1998187       426.67
    37.00000     0.998047      1998187       512.00
    37.00000     0.998242      1998187       568.89
    37.00000     0.998437      1998187       640.00
    37.00000     0.998633      1998187       731.43
    37.00000     0.998828      1998187       853.33
    37.00000     0.999023      1998187      1024.00
    37.00000     0.999121      1998187      1137.78
    37.00000     0.999219      1998187      1280.00
    49.00000     0.999316      1999223      1462.86
    49.00000     0.999414      1999223      1706.67
    49.00000     0.999512      1999223      2048.00
    49.00000     0.999561      1999223      2275.56
    49.00000     0.999609      1999223      2560.00
    49.00000     0.999658      1999223      2925.71
    49.00000     0.999707      1999223      3413.33
    49.00000     0.999756      1999223      4096.00
    49.00000     0.999780      1999223      4551.11
    61.00000     0.999805      1999511      5120.00
    61.00000     0.999829      1999511      5851.43
    61.00000     0.999854      1999511      6826.67
    61.00000     0.999878      1999511      8192.00
    61.00000     0.999890      1999511      9102.22
    61.00000     0.999902      1999511     10240.00
    61.00000     0.999915      1999511     11702.86
    61.00000     0.999927      1999511     13653.33
    74.00000     0.999939      1999575     16384.00
    74.00000     0.999945      1999575     18204.44
    74.00000     0.999951      1999575     20480.00
    74.00000     0.999957      1999575     23405.71
    74.00000     0.999963      1999575     27306.67
    86.00000     0.999969      1999589     32768.00
    86.00000     0.999973      1999589     36408.89
    98.00000     0.999976      1999597     40960.00
   111.00000     0.999979      1999600     46811.43
   148.00000     0.999982      1999611     54613.33
   160.00000     0.999985      1999613     65536.00
   172.00000     0.999986      1999615     72817.78
   185.00000     0.999988      1999618     81920.00
   222.00000     0.999989      1999621     93622.86
   320.00000     0.999991      1999627    109226.67
   320.00000     0.999992      1999627    131072.00
   370.00000     0.999993      1999629    145635.56
   394.00000     0.999994      1999630    163840.00
  1480.00000     0.999995      1999632    187245.71
  3404.00000     0.999995      1999633    218453.33
  4020.00000     0.999996      1999635    262144.00
  4329.00000     0.999997      1999636    291271.11
  4329.00000     0.999997      1999636    327680.00
  4353.00000     0.999997      1999638    374491.43
  4353.00000     0.999998      1999638    436906.67
  4403.00000     0.999998      1999639    524288.00
  4403.00000     0.999998      1999639    582542.22
  4403.00000     0.999998      1999639    655360.00
  4847.00000     0.999999      1999640    748982.86
  4847.00000     0.999999      1999640    873813.33
  5599.00000     0.999999      1999641   1048576.00
  5599.00000     0.999999      1999641   1165084.44
  5599.00000     0.999999      1999641   1310720.00
  5599.00000     0.999999      1999641   1497965.71
  5599.00000     0.999999      1999641   1747626.67
  7227.00000     1.000000      1999642   2097152.00
  7227.00000     1.000000      1999642          inf
#[Mean    =       14.255, StdDeviation   =       12.348]
#[Max     =     7227.000, Total count    =      1999642]
#[Buckets =           13, SubBuckets     =       262144]
       Value   Percentile   TotalCount 1/(1-Percentile)

    61.00000     0.000000            1         1.00
    98.00000     0.100000       614035         1.11
    98.00000     0.200000       614035         1.25
    98.00000     0.300000       614035         1.43
   111.00000     0.400000      1502788         1.67
   111.00000     0.500000      1502788         2.00
   111.00000     0.550000      1502788         2.22
   111.00000     0.600000      1502788         2.50
   111.00000     0.650000      1502788         2.86
   111.00000     0.700000      1502788         3.33
   111.00000     0.750000      1502788         4.00
   123.00000     0.775000      1717550         4.44
   123.00000     0.800000      1717550         5.00
   123.00000     0.825000      1717550         5.71
   123.00000     0.850000      1717550         6.67
   135.00000     0.875000      1962068         8.00
   135.00000     0.887500      1962068         8.89
   135.00000     0.900000      1962068        10.00
   135.00000     0.912500      1962068        11.43
   135.00000     0.925000      1962068        13.33
   135.00000     0.937500      1962068        16.00
   135.00000     0.943750      1962068        17.78
   135.00000     0.950000      1962068        20.00
   135.00000     0.956250      1962068        22.86
   135.00000     0.962500      1962068        26.67
   135.00000     0.968750      1962068        32.00
   135.00000     0.971875      1962068        35.56
   135.00000     0.975000      1962068        40.00
   135.00000     0.978125      1962068        45.71
   147.00000     0.981250      1964292        53.33
   148.00000     0.984375      1989519        64.00
   148.00000     0.985938      1989519        71.11
   148.00000     0.987500      1989519        80.00
   148.00000     0.989062      1989519        91.43
   148.00000     0.990625      1989519       106.67
   148.00000     0.992188      1989519       128.00
   148.00000     0.992969      1989519       142.22
   148.00000     0.993750      1989519       160.00
   148.00000     0.994531      1989519       182.86
   160.00000     0.995313      1992027       213.33
   160.00000     0.996094      1992027       256.00
   172.00000     0.996484      1992879       284.44
   197.00000     0.996875      1993643       320.00
   234.00000     0.997266      1994215       365.71
   333.00000     0.997656      1995027       426.67
   493.00000     0.998047      1995766       512.00
   653.00000     0.998242      1996135       568.89
   851.00000     0.998437      1996535       640.00
  1109.00000     0.998633      1996910       731.43
  1467.00000     0.998828      1997299       853.33
  1936.00000     0.999023      1997690      1024.00
  2306.00000     0.999121      1997885      1137.78
  2848.00000     0.999219      1998080      1280.00
  3589.00000     0.999316      1998278      1462.86
  4489.00000     0.999414      1998471      1706.67
  6203.00000     0.999512      1998666      2048.00
  7461.00000     0.999561      1998764      2275.56
  8830.00000     0.999609      1998861      2560.00
 10520.00000     0.999658      1998959      2925.71
 13554.00000     0.999707      1999058      3413.33
 16613.00000     0.999756      1999154      4096.00
 18882.00000     0.999780      1999203      4551.11
 21287.00000     0.999805      1999252      5120.00
 23988.00000     0.999829      1999301      5851.43
 28354.00000     0.999854      1999350      6826.67
 34878.00000     0.999878      1999398      8192.00
 40626.00000     0.999890      1999423      9102.22
 46706.00000     0.999902      1999447     10240.00
 57584.00000     0.999915      1999472     11702.86
 70065.00000     0.999927      1999496     13653.33
 97791.00000     0.999939      1999520     16384.00
113146.00000     0.999945      1999533     18204.44
123481.00000     0.999951      1999545     20480.00
155264.00000     0.999957      1999557     23405.71
164514.00000     0.999963      1999569     27306.67
173764.00000     0.999969      1999581     32768.00
180264.00000     0.999973      1999588     36408.89
185259.00000     0.999976      1999594     40960.00
194324.00000     0.999979      1999600     46811.43
199738.00000     0.999982      1999606     54613.33
207804.00000     0.999985      1999612     65536.00
210529.00000     0.999986      1999615     72817.78
220840.00000     0.999988      1999618     81920.00
227587.00000     0.999989      1999621     93622.86
230806.00000     0.999991      1999624    109226.67
234802.00000     0.999992      1999627    131072.00
236664.00000     0.999993      1999629    145635.56
238354.00000     0.999994      1999630    163840.00
242769.00000     0.999995      1999632    187245.71
242917.00000     0.999995      1999633    218453.33
248788.00000     0.999996      1999635    262144.00
248861.00000     0.999997      1999636    291271.11
248861.00000     0.999997      1999636    327680.00
249096.00000     0.999997      1999637    374491.43
254165.00000     0.999998      1999638    436906.67
260677.00000     0.999998      1999639    524288.00
260677.00000     0.999998      1999639    582542.22
260677.00000     0.999998      1999639    655360.00
266523.00000     0.999999      1999640    748982.86
266523.00000     0.999999      1999640    873813.33
285973.00000     0.999999      1999641   1048576.00
285973.00000     0.999999      1999641   1165084.44
285973.00000     0.999999      1999641   1310720.00
285973.00000     0.999999      1999641   1497965.71
285973.00000     0.999999      1999641   1747626.67
295273.00000     1.000000      1999642   2097152.00
295273.00000     1.000000      1999642          inf
#[Mean    =      134.052, StdDeviation   =     1529.047]
#[Max     =   295273.000, Total count    =      1999642]
#[Buckets =           13, SubBuckets     =       262144]
       Value   Percentile   TotalCount 1/(1-Percentile)

     0.00000     0.000000        13885         1.00
    37.00000     0.100000       435756         1.11
    37.00000     0.200000       435756         1.25
    49.00000     0.300000       794446         1.43
    61.00000     0.400000       859777         1.67
   148.00000     0.500000      1038880         2.00
   172.00000     0.550000      1161973         2.22
   185.00000     0.600000      1220536         2.50
   209.00000     0.650000      1327014         2.86
   234.00000     0.700000      1425244         3.33
   259.00000     0.750000      1518587         4.00
   271.00000     0.775000      1560939         4.44
   296.00000     0.800000      1633768         5.00
   308.00000     0.825000      1663651         5.71
   333.00000     0.850000      1712621         6.67
   357.00000     0.875000      1752449         8.00
   382.00000     0.887500      1786326         8.89
   394.00000     0.900000      1801249        10.00
   419.00000     0.912500      1826770        11.43
   456.00000     0.925000      1856798        13.33
   493.00000     0.937500      1881540        16.00
   505.00000     0.943750      1888706        17.78
   530.00000     0.950000      1901240        20.00
   567.00000     0.956250      1915806        22.86
   604.00000     0.962500      1927451        26.67
   653.00000     0.968750      1939350        32.00
   678.00000     0.971875      1943784        35.56
   727.00000     0.975000      1950922        40.00
   777.00000     0.978125      1956446        45.71
   863.00000     0.981250      1962858        53.33
   999.00000     0.984375      1968678        64.00
  1134.00000     0.985938      1971595        71.11
  1652.00000     0.987500      1974654        80.00
  3182.00000     0.989062      1977863        91.43
  3391.00000     0.990625      1980898       106.67
  4575.00000     0.992188      1984062       128.00
  4760.00000     0.992969      1985692       142.22
  4871.00000     0.993750      1987263       160.00
  4970.00000     0.994531      1988771       182.86
  5081.00000     0.995313      1990287       213.33
  5217.00000     0.996094      1991904       256.00
  5291.00000     0.996484      1992651       284.44
  5389.00000     0.996875      1993467       320.00
  5500.00000     0.997266      1994209       365.71
  5648.00000     0.997656      1994956       426.67
  5858.00000     0.998047      1995759       512.00
  5994.00000     0.998242      1996130       568.89
  6228.00000     0.998437      1996518       640.00
  6487.00000     0.998633      1996915       731.43
  6857.00000     0.998828      1997308       853.33
  7301.00000     0.999023      1997691      1024.00
  7572.00000     0.999121      1997887      1137.78
  7844.00000     0.999219      1998082      1280.00
  8090.00000     0.999316      1998277      1462.86
  8300.00000     0.999414      1998471      1706.67
  8522.00000     0.999512      1998675      2048.00
  8695.00000     0.999561      1998770      2275.56
  8867.00000     0.999609      1998863      2560.00
  9065.00000     0.999658      1998964      2925.71
  9299.00000     0.999707      1999059      3413.33
  9546.00000     0.999756      1999154      4096.00
  9718.00000     0.999780      1999204      4551.11
  9928.00000     0.999805      1999255      5120.00
 10113.00000     0.999829      1999304      5851.43
 10360.00000     0.999854      1999350      6826.67
 10791.00000     0.999878      1999401      8192.00
 10989.00000     0.999890      1999423      9102.22
 11198.00000     0.999902      1999448     10240.00
 11494.00000     0.999915      1999473     11702.86
 11729.00000     0.999927      1999496     13653.33
 12247.00000     0.999939      1999520     16384.00
 12518.00000     0.999945      1999533     18204.44
 12777.00000     0.999951      1999547     20480.00
 13147.00000     0.999957      1999557     23405.71
 14208.00000     0.999963      1999569     27306.67
 14911.00000     0.999969      1999581     32768.00
 16058.00000     0.999973      1999588     36408.89
 17562.00000     0.999976      1999594     40960.00
 20017.00000     0.999979      1999600     46811.43
 23532.00000     0.999982      1999606     54613.33
 29612.00000     0.999985      1999612     65536.00
 34989.00000     0.999986      1999615     72817.78
 36654.00000     0.999988      1999618     81920.00
 40724.00000     0.999989      1999621     93622.86
 66094.00000     0.999991      1999624    109226.67
 67081.00000     0.999992      1999627    131072.00
 72224.00000     0.999993      1999629    145635.56
 75948.00000     0.999994      1999630    163840.00
129598.00000     0.999995      1999632    187245.71
130129.00000     0.999995      1999633    218453.33
132645.00000     0.999996      1999635    262144.00
138170.00000     0.999997      1999636    291271.11
138170.00000     0.999997      1999636    327680.00
250884.00000     0.999997      1999637    374491.43
251094.00000     0.999998      1999638    436906.67
255411.00000     0.999998      1999639    524288.00
255411.00000     0.999998      1999639    582542.22
255411.00000     0.999998      1999639    655360.00
255608.00000     0.999999      1999640    748982.86
255608.00000     0.999999      1999640    873813.33
255682.00000     0.999999      1999641   1048576.00
255682.00000     0.999999      1999641   1165084.44
255682.00000     0.999999      1999641   1310720.00
255682.00000     0.999999      1999641   1497965.71
255682.00000     0.999999      1999641   1747626.67
304633.00000     1.000000      1999642   2097152.00
304633.00000     1.000000      1999642          inf
#[Mean    =      233.249, StdDeviation   =      785.130]
#[Max     =   304633.000, Total count    =      1999642]
#[Buckets =           13, SubBuckets     =       262144]
       Value   Percentile   TotalCount 1/(1-Percentile)

    86.00000     0.000000            8         1.00
   172.00000     0.100000       249847         1.11
   197.00000     0.200000       463816         1.25
   222.00000     0.300000       668695         1.43
   246.00000     0.400000       882756         1.67
   271.00000     0.500000      1102286         2.00
   271.00000     0.550000      1102286         2.22
   283.00000     0.600000      1212013         2.50
   296.00000     0.650000      1321583         2.86
   308.00000     0.700000      1430740         3.33
   320.00000     0.750000      1538227         4.00
   333.00000     0.775000      1639651         4.44
   333.00000     0.800000      1639651         5.00
   345.00000     0.825000      1727538         5.71
   345.00000     0.850000      1727538         6.67
   357.00000     0.875000      1794270         8.00
   357.00000     0.887500      1794270         8.89
   370.00000     0.900000      1836240        10.00
   370.00000     0.912500      1836240        11.43
   382.00000     0.925000      1883339        13.33
   382.00000     0.937500      1883339        16.00
   394.00000     0.943750      1907757        17.78
   394.00000     0.950000      1907757        20.00
   407.00000     0.956250      1921633        22.86
   419.00000     0.962500      1932455        26.67
   431.00000     0.968750      1941534        32.00
   444.00000     0.971875      1948602        35.56
   456.00000     0.975000      1953471        40.00
   468.00000     0.978125      1956692        45.71
   518.00000     0.981250      1963053        53.33
   653.00000     0.984375      1968714        64.00
   764.00000     0.985938      1971701        71.11
   925.00000     0.987500      1974782        80.00
   999.00000     0.989062      1977925        91.43
  1085.00000     0.990625      1980950       106.67
  1307.00000     0.992188      1984143       128.00
  1406.00000     0.992969      1985597       142.22
  1566.00000     0.993750      1987149       160.00
  1714.00000     0.994531      1988902       182.86
  1936.00000     0.995313      1990298       213.33
  2294.00000     0.996094      1991832       256.00
  2454.00000     0.996484      1992684       284.44
  2750.00000     0.996875      1993423       320.00
  3046.00000     0.997266      1994185       365.71
  3465.00000     0.997656      1994970       426.67
  4033.00000     0.998047      1995748       512.00
  4390.00000     0.998242      1996133       568.89
  4921.00000     0.998437      1996519       640.00
  5352.00000     0.998633      1996922       731.43
  5587.00000     0.998828      1997306       853.33
  5981.00000     0.999023      1997702      1024.00
  6216.00000     0.999121      1997888      1137.78
  6586.00000     0.999219      1998082      1280.00
  7215.00000     0.999316      1998277      1462.86
  8177.00000     0.999414      1998471      1706.67
  9731.00000     0.999512      1998668      2048.00
 10804.00000     0.999561      1998764      2275.56
 12370.00000     0.999609      1998861      2560.00
 14430.00000     0.999658      1998959      2925.71
 17982.00000     0.999707      1999057      3413.33
 23100.00000     0.999756      1999154      4096.00
 25863.00000     0.999780      1999203      4551.11
 29526.00000     0.999805      1999252      5120.00
 32868.00000     0.999829      1999301      5851.43
 36420.00000     0.999854      1999350      6826.67
 40613.00000     0.999878      1999398      8192.00
 43795.00000     0.999890      1999423      9102.22
 46287.00000     0.999902      1999447     10240.00
 50381.00000     0.999915      1999472     11702.86
 54550.00000     0.999927      1999496     13653.33
 60014.00000     0.999939      1999520     16384.00
 62246.00000     0.999945      1999533     18204.44
 65823.00000     0.999951      1999545     20480.00
 67118.00000     0.999957      1999557     23405.71
 70966.00000     0.999963      1999569     27306.67
 73667.00000     0.999969      1999581     32768.00
 77083.00000     0.999973      1999588     36408.89
 77885.00000     0.999976      1999594     40960.00
 80857.00000     0.999979      1999600     46811.43
 81437.00000     0.999982      1999606     54613.33
 83903.00000     0.999985      1999612     65536.00
 84619.00000     0.999986      1999615     72817.78
 86173.00000     0.999988      1999618     81920.00
 89046.00000     0.999989      1999621     93622.86
 89836.00000     0.999991      1999624    109226.67
 90243.00000     0.999992      1999627    131072.00
 91007.00000     0.999993      1999629    145635.56
 92327.00000     0.999994      1999630    163840.00
 94066.00000     0.999995      1999632    187245.71
 94757.00000     0.999995      1999633    218453.33
 95151.00000     0.999996      1999635    262144.00
 95558.00000     0.999997      1999636    291271.11
 95558.00000     0.999997      1999636    327680.00
 96927.00000     0.999997      1999637    374491.43
 98481.00000     0.999998      1999638    436906.67
 99258.00000     0.999998      1999639    524288.00
 99258.00000     0.999998      1999639    582542.22
 99258.00000     0.999998      1999639    655360.00
101713.00000     0.999999      1999640    748982.86
101713.00000     0.999999      1999640    873813.33
103328.00000     0.999999      1999641   1048576.00
103328.00000     0.999999      1999641   1165084.44
103328.00000     0.999999      1999641   1310720.00
103328.00000     0.999999      1999641   1497965.71
103328.00000     0.999999      1999641   1747626.67
106732.00000     1.000000      1999642   2097152.00
106732.00000     1.000000      1999642          inf
#[Mean    =      304.811, StdDeviation   =      867.944]
#[Max     =   106732.000, Total count    =      1999642]
#[Buckets =           13, SubBuckets     =       262144]
       Value   Percentile   TotalCount 1/(1-Percentile)

     0.00000     0.000000       272694         1.00
     0.00000     0.100000       272694         1.11
    12.00000     0.200000      1940198         1.25
    12.00000     0.300000      1940198         1.43
    12.00000     0.400000      1940198         1.67
    12.00000     0.500000      1940198         2.00
    12.00000     0.550000      1940198         2.22
    12.00000     0.600000      1940198         2.50
    12.00000     0.650000      1940198         2.86
    12.00000     0.700000      1940198         3.33
    12.00000     0.750000      1940198         4.00
    12.00000     0.775000      1940198         4.44
    12.00000     0.800000      1940198         5.00
    12.00000     0.825000      1940198         5.71
    12.00000     0.850000      1940198         6.67
    12.00000     0.875000      1940198         8.00
    12.00000     0.887500      1940198         8.89
    12.00000     0.900000      1940198        10.00
    12.00000     0.912500      1940198        11.43
    12.00000     0.925000      1940198        13.33
    12.00000     0.937500      1940198        16.00
    12.00000     0.943750      1940198        17.78
    12.00000     0.950000      1940198        20.00
    12.00000     0.956250      1940198        22.86
    12.00000     0.962500      1940198        26.67
    12.00000     0.968750      1940198        32.00
    24.00000     0.971875      1994389        35.56
    24.00000     0.975000      1994389        40.00
    24.00000     0.978125      1994389        45.71
    24.00000     0.981250      1994389        53.33
    24.00000     0.984375      1994389        64.00
    24.00000     0.985938      1994389        71.11
    24.00000     0.987500      1994389        80.00
    24.00000     0.989062      1994389        91.43
    24.00000     0.990625      1994389       106.67
    24.00000     0.992188      1994389       128.00
    24.00000     0.992969      1994389       142.22
    24.00000     0.993750      1994389       160.00
    24.00000     0.994531      1994389       182.86
    24.00000     0.995313      1994389       213.33
    24.00000     0.996094      1994389       256.00
    24.00000     0.996484      1994389       284.44
    24.00000     0.996875      1994389       320.00
    24.00000     0.997266      1994389       365.71
    37.00000     0.997656      1997141       426.67
    37.00000     0.998047      1997141       512.00
    37.00000     0.998242      1997141       568.89
    37.00000     0.998437      1997141       640.00
    37.00000     0.998633      1997141       731.43
    49.00000     0.998828      1998507       853.33
    49.00000     0.999023      1998507      1024.00
    49.00000     0.999121      1998507      1137.78
    49.00000     0.999219      1998507      1280.00
    49.00000     0.999316      1998507      1462.86
    49.00000     0.999414      1998507      1706.67
    61.00000     0.999512      1998933      2048.00
    61.00000     0.999561      1998933      2275.56
    61.00000     0.999609      1998933      2560.00
    74.00000     0.999658      1999140      2925.71
    74.00000     0.999707      1999140      3413.33
    86.00000     0.999756      1999251      4096.00
    86.00000     0.999780      1999251      4551.11
    98.00000     0.999805      1999309      5120.00
    98.00000     0.999829      1999309      5851.43
   111.00000     0.999854      1999353      6826.67
   135.00000     0.999878      1999414      8192.00
   148.00000     0.999890      1999426      9102.22
   172.00000     0.999902      1999462     10240.00
   185.00000     0.999915      1999473     11702.86
   259.00000     0.999927      1999497     13653.33
   333.00000     0.999939      1999523     16384.00
   407.00000     0.999945      1999533     18204.44
   530.00000     0.999951      1999545     20480.00
   616.00000     0.999957      1999560     23405.71
   678.00000     0.999963      1999569     27306.67
  3367.00000     0.999969      1999581     32768.00
  5032.00000     0.999973      1999588     36408.89
  5081.00000     0.999976      1999594     40960.00
  5180.00000     0.999979      1999600     46811.43
  5217.00000     0.999982      1999607     54613.33
  5266.00000     0.999985      1999613     65536.00
  5278.00000     0.999986      1999617     72817.78
  5291.00000     0.999988      1999618     81920.00
  5315.00000     0.999989      1999626     93622.86
  5315.00000     0.999991      1999626    109226.67
  5328.00000     0.999992      1999628    131072.00
  5340.00000     0.999993      1999629    145635.56
  5365.00000     0.999994      1999631    163840.00
  5402.00000     0.999995      1999632    187245.71
  5463.00000     0.999995      1999633    218453.33
  5574.00000     0.999996      1999635    262144.00
  5636.00000     0.999997      1999636    291271.11
  5636.00000     0.999997      1999636    327680.00
  6290.00000     0.999997      1999637    374491.43
  6499.00000     0.999998      1999638    436906.67
  6561.00000     0.999998      1999639    524288.00
  6561.00000     0.999998      1999639    582542.22
  6561.00000     0.999998      1999639    655360.00
  6598.00000     0.999999      1999640    748982.86
  6598.00000     0.999999      1999640    873813.33
  6845.00000     0.999999      1999641   1048576.00
  6845.00000     0.999999      1999641   1165084.44
  6845.00000     0.999999      1999641   1310720.00
  6845.00000     0.999999      1999641   1497965.71
  6845.00000     0.999999      1999641   1747626.67
 10508.00000     1.000000      1999642   2097152.00
 10508.00000     1.000000      1999642          inf
#[Mean    =       10.971, StdDeviation   =       30.723]
#[Max     =    10508.000, Total count    =      1999642]
#[Buckets =           13, SubBuckets     =       262144]
       Value   Percentile   TotalCount 1/(1-Percentile)

   629.00000     0.000000           11         1.00
   912.00000     0.100000       380659         1.11
   924.00000     0.200000       441673         1.25
   925.00000     0.300000       879986         1.43
   925.00000     0.400000       879986         1.67
   937.00000     0.500000      1355704         2.00
   937.00000     0.550000      1355704         2.22
   937.00000     0.600000      1355704         2.50
   937.00000     0.650000      1355704         2.86
   949.00000     0.700000      1585588         3.33
   949.00000     0.750000      1585588         4.00
   949.00000     0.775000      1585588         4.44
   961.00000     0.800000      1602309         5.00
   962.00000     0.825000      1682019         5.71
   974.00000     0.850000      1763601         6.67
   974.00000     0.875000      1763601         8.00
   986.00000     0.887500      1824837         8.89
   986.00000     0.900000      1824837        10.00
   986.00000     0.912500      1824837        11.43
   999.00000     0.925000      1854949        13.33
  1036.00000     0.937500      1875572        16.00
  1147.00000     0.943750      1888462        17.78
  1208.00000     0.950000      1901821        20.00
  1258.00000     0.956250      1912393        22.86
  1356.00000     0.962500      1925877        26.67
  1467.00000     0.968750      1937795        32.00
  1554.00000     0.971875      1943550        35.56
  1899.00000     0.975000      1949684        40.00
  5809.00000     0.978125      1956443        45.71
  5883.00000     0.981250      1962494        53.33
  5932.00000     0.984375      1968626        64.00
  5957.00000     0.985938      1972090        71.11
  5981.00000     0.987500      1975531        80.00
  6006.00000     0.989062      1978927        91.43
  6031.00000     0.990625      1981883       106.67
  6055.00000     0.992188      1984636       128.00
  6068.00000     0.992969      1985827       142.22
  6092.00000     0.993750      1988034       160.00
  6105.00000     0.994531      1988980       182.86
  6129.00000     0.995313      1990542       213.33
  6166.00000     0.996094      1992391       256.00
  6179.00000     0.996484      1992852       284.44
  6203.00000     0.996875      1993665       320.00
  6228.00000     0.997266      1994282       365.71
  6265.00000     0.997656      1995009       426.67
  6327.00000     0.998047      1995854       512.00
  6364.00000     0.998242      1996236       568.89
  6401.00000     0.998437      1996525       640.00
  6462.00000     0.998633      1996966       731.43
  6536.00000     0.998828      1997308       853.33
  6697.00000     0.999023      1997693      1024.00
  6919.00000     0.999121      1997887      1137.78
  7289.00000     0.999219      1998084      1280.00
  7572.00000     0.999316      1998282      1462.86
  7745.00000     0.999414      1998471      1706.67
  7905.00000     0.999512      1998675      2048.00
  7992.00000     0.999561      1998779      2275.56
  8066.00000     0.999609      1998871      2560.00
  8152.00000     0.999658      1998963      2925.71
  8238.00000     0.999707      1999061      3413.33
  8325.00000     0.999756      1999161      4096.00
  8386.00000     0.999780      1999213      4551.11
  8448.00000     0.999805      1999253      5120.00
  8522.00000     0.999829      1999302      5851.43
  8621.00000     0.999854      1999352      6826.67
  8769.00000     0.999878      1999398      8192.00
  8855.00000     0.999890      1999427      9102.22
  8941.00000     0.999902      1999450     10240.00
  9028.00000     0.999915      1999473     11702.86
  9151.00000     0.999927      1999497     13653.33
  9336.00000     0.999939      1999520     16384.00
  9471.00000     0.999945      1999534     18204.44
  9669.00000     0.999951      1999545     20480.00
 10051.00000     0.999957      1999557     23405.71
 10384.00000     0.999963      1999569     27306.67
 10865.00000     0.999969      1999582     32768.00
 11309.00000     0.999973      1999588     36408.89
 11926.00000     0.999976      1999594     40960.00
 13061.00000     0.999979      1999600     46811.43
 14615.00000     0.999982      1999606     54613.33
 15688.00000     0.999985      1999612     65536.00
 16181.00000     0.999986      1999615     72817.78
 16366.00000     0.999988      1999618     81920.00
 17020.00000     0.999989      1999621     93622.86
 17390.00000     0.999991      1999625    109226.67
 17538.00000     0.999992      1999628    131072.00
 17587.00000     0.999993      1999629    145635.56
 17599.00000     0.999994      1999630    163840.00
 17957.00000     0.999995      1999632    187245.71
 18315.00000     0.999995      1999633    218453.33
 18426.00000     0.999996      1999635    262144.00
 18796.00000     0.999997      1999636    291271.11
 18796.00000     0.999997      1999636    327680.00
 19708.00000     0.999997      1999637    374491.43
 19906.00000     0.999998      1999638    436906.67
 19980.00000     0.999998      1999639    524288.00
 19980.00000     0.999998      1999639    582542.22
 19980.00000     0.999998      1999639    655360.00
 25826.00000     0.999999      1999640    748982.86
 25826.00000     0.999999      1999640    873813.33
 35125.00000     0.999999      1999641   1048576.00
 35125.00000     0.999999      1999641   1165084.44
 35125.00000     0.999999      1999641   1310720.00
 35125.00000     0.999999      1999641   1497965.71
 35125.00000     0.999999      1999641   1747626.67
 38270.00000     1.000000      1999642   2097152.00
 38270.00000     1.000000      1999642          inf
#[Mean    =     1072.096, StdDeviation   =      790.350]
#[Max     =    38270.000, Total count    =      1999642]
#[Buckets =           13, SubBuckets     =       262144]

=== EXCHANGE STDERR ===
matching tid: 50299
