=== CLIENT STDERR ===
=== Exchange load generator ===
  clients  : 10
  seed     : 3148194270
  target   : 127.0.0.1:4000
  thread id: 49103
Ctrl-C to stop.


=== Stats ===
  elapsed         : 14.996 s
  requests sent   : 2464798
  ACK responses   : 2464788
  MATCH responses : 1413025
  ERR responses   : 0
  orders in flight: -10
  --- throughput ---
  requests/s      : 164369
  ACK/s           : 164368
  MATCH/s         : 94230
  ERR/s           : 0
  total resp/s    : 164368

=== EXCHANGE STDOUT ===
exchange tid: 49100
inbound thread: 49107
outbound thread: 49108
       Value   Percentile   TotalCount 1/(1-Percentile)

  2072.00000     0.000000            1         1.00
  2380.00000     0.100000       217681         1.11
  2429.00000     0.200000       390281         1.25
  2479.00000     0.300000       581368         1.43
  2528.00000     0.400000       761903         1.67
  2590.00000     0.500000       946277         2.00
  2639.00000     0.550000      1059091         2.22
  2688.00000     0.600000      1150322         2.50
  2750.00000     0.650000      1241372         2.86
  2824.00000     0.700000      1328782         3.33
  2923.00000     0.750000      1428581         4.00
  2972.00000     0.775000      1473770         4.44
  3021.00000     0.800000      1515437         5.00
  3083.00000     0.825000      1562482         5.71
  3157.00000     0.850000      1610698         6.67
  3243.00000     0.875000      1656359         8.00
  3305.00000     0.887500      1682893         8.89
  3367.00000     0.900000      1705063        10.00
  3441.00000     0.912500      1726440        11.43
  3552.00000     0.925000      1750254        13.33
  3712.00000     0.937500      1773041        16.00
  3835.00000     0.943750      1784874        17.78
  4020.00000     0.950000      1796990        20.00
  4292.00000     0.956250      1808300        22.86
  5118.00000     0.962500      1820081        26.67
  6388.00000     0.968750      1831885        32.00
  7289.00000     0.971875      1837929        35.56
  7449.00000     0.975000      1844274        40.00
  7535.00000     0.978125      1849587        45.71
  7634.00000     0.981250      1855767        53.33
  7745.00000     0.984375      1861412        64.00
  7831.00000     0.985938      1864772        71.11
  7918.00000     0.987500      1867354        80.00
  8053.00000     0.989062      1870321        91.43
  8263.00000     0.990625      1873283       106.67
  8596.00000     0.992188      1876247       128.00
  8843.00000     0.992969      1877705       142.22
  9139.00000     0.993750      1879175       160.00
  9410.00000     0.994531      1880621       182.86
  9694.00000     0.995313      1882118       213.33
 10014.00000     0.996094      1883571       256.00
 10224.00000     0.996484      1884323       284.44
 10483.00000     0.996875      1885072       320.00
 10754.00000     0.997266      1885786       365.71
 11174.00000     0.997656      1886531       426.67
 11827.00000     0.998047      1887263       512.00
 12284.00000     0.998242      1887626       568.89
 12851.00000     0.998437      1887997       640.00
 13579.00000     0.998633      1888367       731.43
 14689.00000     0.998828      1888734       853.33
 16514.00000     0.999023      1889103      1024.00
 17908.00000     0.999121      1889289      1137.78
 19659.00000     0.999219      1889473      1280.00
 21595.00000     0.999316      1889657      1462.86
 24432.00000     0.999414      1889842      1706.67
 30130.00000     0.999512      1890026      2048.00
 35458.00000     0.999561      1890119      2275.56
 42180.00000     0.999609      1890212      2560.00
 51812.00000     0.999658      1890303      2925.71
 66032.00000     0.999707      1890396      3413.33
 86814.00000     0.999756      1890488      4096.00
 99517.00000     0.999780      1890534      4551.11
114576.00000     0.999805      1890580      5120.00
127711.00000     0.999829      1890626      5851.43
139638.00000     0.999854      1890673      6826.67
155350.00000     0.999878      1890719      8192.00
163379.00000     0.999890      1890742      9102.22
172173.00000     0.999902      1890765     10240.00
179943.00000     0.999915      1890789     11702.86
188872.00000     0.999927      1890811     13653.33
198653.00000     0.999939      1890834     16384.00
204659.00000     0.999945      1890846     18204.44
209666.00000     0.999951      1890857     20480.00
213564.00000     0.999957      1890869     23405.71
224355.00000     0.999963      1890880     27306.67
232532.00000     0.999969      1890892     32768.00
238761.00000     0.999973      1890898     36408.89
243386.00000     0.999976      1890903     40960.00
248960.00000     0.999979      1890909     46811.43
256175.00000     0.999982      1890915     54613.33
265525.00000     0.999985      1890921     65536.00
271235.00000     0.999986      1890924     72817.78
273035.00000     0.999988      1890926     81920.00
280535.00000     0.999989      1890929     93622.86
287577.00000     0.999991      1890932    109226.67
292153.00000     0.999992      1890935    131072.00
300761.00000     0.999993      1890937    145635.56
301611.00000     0.999994      1890938    163840.00
302709.00000     0.999995      1890939    187245.71
309973.00000     0.999995      1890941    218453.33
316363.00000     0.999996      1890942    262144.00
317435.00000     0.999997      1890943    291271.11
318447.00000     0.999997      1890944    327680.00
318447.00000     0.999997      1890944    374491.43
658935.00000     0.999998      1890946    436906.67
658935.00000     0.999998      1890946    524288.00
658935.00000     0.999998      1890946    582542.22
1144399.00000     0.999998      1890949    655360.00
1144399.00000     1.000000      1890949          inf
#[Mean    =     2958.002, StdDeviation   =     3363.042]
#[Max     =  1144399.000, Total count    =      1890949]
#[Buckets =           13, SubBuckets     =       262144]
       Value   Percentile   TotalCount 1/(1-Percentile)

   974.00000     0.000000            2         1.00
  1036.00000     0.100000       396678         1.11
  1036.00000     0.200000       396678         1.25
  1048.00000     0.300000       937888         1.43
  1048.00000     0.400000       937888         1.67
  1060.00000     0.500000      1332901         2.00
  1060.00000     0.550000      1332901         2.22
  1060.00000     0.600000      1332901         2.50
  1060.00000     0.650000      1332901         2.86
  1060.00000     0.700000      1332901         3.33
  1073.00000     0.750000      1462552         4.00
  1085.00000     0.775000      1489106         4.44
  1134.00000     0.800000      1516436         5.00
  1245.00000     0.825000      1562579         5.71
  1282.00000     0.850000      1609119         6.67
  1319.00000     0.875000      1666803         8.00
  1332.00000     0.887500      1684370         8.89
  1356.00000     0.900000      1714347        10.00
  1369.00000     0.912500      1726326        11.43
  1406.00000     0.925000      1754094        13.33
  1443.00000     0.937500      1776484        16.00
  1467.00000     0.943750      1789599        17.78
  1492.00000     0.950000      1802006        20.00
  1517.00000     0.956250      1814185        22.86
  1541.00000     0.962500      1825173        26.67
  1566.00000     0.968750      1835493        32.00
  1578.00000     0.971875      1840213        35.56
  1591.00000     0.975000      1844544        40.00
  1615.00000     0.978125      1852465        45.71
  1628.00000     0.981250      1855882        53.33
  1652.00000     0.984375      1861444        64.00
  1677.00000     0.985938      1865899        71.11
  1689.00000     0.987500      1867675        80.00
  1714.00000     0.989062      1870698        91.43
  1751.00000     0.990625      1874233       106.67
  1788.00000     0.992188      1876671       128.00
  1813.00000     0.992969      1877855       142.22
  1862.00000     0.993750      1879251       160.00
  1973.00000     0.994531      1880712       182.86
  2195.00000     0.995313      1882119       213.33
  2429.00000     0.996094      1883631       256.00
  2565.00000     0.996484      1884332       284.44
  2836.00000     0.996875      1885054       320.00
  3539.00000     0.997266      1885784       365.71
  5426.00000     0.997656      1886518       426.67
  6018.00000     0.998047      1887271       512.00
  6191.00000     0.998242      1887644       568.89
  6351.00000     0.998437      1888007       640.00
  6536.00000     0.998633      1888385       731.43
  6721.00000     0.998828      1888750       853.33
  6919.00000     0.999023      1889122      1024.00
  7042.00000     0.999121      1889302      1137.78
  7190.00000     0.999219      1889476      1280.00
  7350.00000     0.999316      1889670      1462.86
  7560.00000     0.999414      1889848      1706.67
  7844.00000     0.999512      1890033      2048.00
  8029.00000     0.999561      1890119      2275.56
  8263.00000     0.999609      1890213      2560.00
  8534.00000     0.999658      1890303      2925.71
  8880.00000     0.999707      1890396      3413.33
  9262.00000     0.999756      1890488      4096.00
  9459.00000     0.999780      1890537      4551.11
  9681.00000     0.999805      1890580      5120.00
  9940.00000     0.999829      1890627      5851.43
 10384.00000     0.999854      1890674      6826.67
 10804.00000     0.999878      1890719      8192.00
 11137.00000     0.999890      1890742      9102.22
 11630.00000     0.999902      1890765     10240.00
 12210.00000     0.999915      1890788     11702.86
 12839.00000     0.999927      1890811     13653.33
 13591.00000     0.999939      1890834     16384.00
 13875.00000     0.999945      1890847     18204.44
 14146.00000     0.999951      1890857     20480.00
 15022.00000     0.999957      1890869     23405.71
 16403.00000     0.999963      1890880     27306.67
 17439.00000     0.999969      1890892     32768.00
 18228.00000     0.999973      1890898     36408.89
 18820.00000     0.999976      1890903     40960.00
 21176.00000     0.999979      1890909     46811.43
 23125.00000     0.999982      1890915     54613.33
 25764.00000     0.999985      1890921     65536.00
 26504.00000     0.999986      1890924     72817.78
 26738.00000     0.999988      1890926     81920.00
 28527.00000     0.999989      1890929     93622.86
 30451.00000     0.999991      1890932    109226.67
 33102.00000     0.999992      1890935    131072.00
 33633.00000     0.999993      1890937    145635.56
 33879.00000     0.999994      1890938    163840.00
 34286.00000     0.999995      1890939    187245.71
 37888.00000     0.999995      1890941    218453.33
 37962.00000     0.999996      1890942    262144.00
 40305.00000     0.999997      1890943    291271.11
 40897.00000     0.999997      1890944    327680.00
 40897.00000     0.999997      1890944    374491.43
643011.00000     0.999998      1890945    436906.67
643295.00000     0.999998      1890946    524288.00
643295.00000     0.999998      1890946    582542.22
1130847.00000     0.999998      1890947    655360.00
1130847.00000     0.999999      1890947    748982.86
1130847.00000     0.999999      1890947    873813.33
1131255.00000     0.999999      1890948   1048576.00
1131255.00000     0.999999      1890948   1165084.44
1131255.00000     0.999999      1890948   1310720.00
1131255.00000     0.999999      1890948   1497965.71
1131255.00000     0.999999      1890948   1747626.67
1131447.00000     1.000000      1890949   2097152.00
1131447.00000     1.000000      1890949          inf
#[Mean    =     1138.305, StdDeviation   =     1612.851]
#[Max     =  1131447.000, Total count    =      1890949]
#[Buckets =           13, SubBuckets     =       262144]
       Value   Percentile   TotalCount 1/(1-Percentile)

     0.00000     0.000000       101740         1.00
    12.00000     0.100000      1404181         1.11
    12.00000     0.200000      1404181         1.25
    12.00000     0.300000      1404181         1.43
    12.00000     0.400000      1404181         1.67
    12.00000     0.500000      1404181         2.00
    12.00000     0.550000      1404181         2.22
    12.00000     0.600000      1404181         2.50
    12.00000     0.650000      1404181         2.86
    12.00000     0.700000      1404181         3.33
    24.00000     0.750000      1868990         4.00
    24.00000     0.775000      1868990         4.44
    24.00000     0.800000      1868990         5.00
    24.00000     0.825000      1868990         5.71
    24.00000     0.850000      1868990         6.67
    24.00000     0.875000      1868990         8.00
    24.00000     0.887500      1868990         8.89
    24.00000     0.900000      1868990        10.00
    24.00000     0.912500      1868990        11.43
    24.00000     0.925000      1868990        13.33
    24.00000     0.937500      1868990        16.00
    24.00000     0.943750      1868990        17.78
    24.00000     0.950000      1868990        20.00
    24.00000     0.956250      1868990        22.86
    24.00000     0.962500      1868990        26.67
    24.00000     0.968750      1868990        32.00
    24.00000     0.971875      1868990        35.56
    24.00000     0.975000      1868990        40.00
    24.00000     0.978125      1868990        45.71
    24.00000     0.981250      1868990        53.33
    24.00000     0.984375      1868990        64.00
    24.00000     0.985938      1868990        71.11
    24.00000     0.987500      1868990        80.00
    37.00000     0.989062      1884372        91.43
    37.00000     0.990625      1884372       106.67
    37.00000     0.992188      1884372       128.00
    37.00000     0.992969      1884372       142.22
    37.00000     0.993750      1884372       160.00
    37.00000     0.994531      1884372       182.86
    37.00000     0.995313      1884372       213.33
    37.00000     0.996094      1884372       256.00
    37.00000     0.996484      1884372       284.44
    49.00000     0.996875      1889292       320.00
    49.00000     0.997266      1889292       365.71
    49.00000     0.997656      1889292       426.67
    49.00000     0.998047      1889292       512.00
    49.00000     0.998242      1889292       568.89
    49.00000     0.998437      1889292       640.00
    49.00000     0.998633      1889292       731.43
    49.00000     0.998828      1889292       853.33
    49.00000     0.999023      1889292      1024.00
    49.00000     0.999121      1889292      1137.78
    61.00000     0.999219      1890483      1280.00
    61.00000     0.999316      1890483      1462.86
    61.00000     0.999414      1890483      1706.67
    61.00000     0.999512      1890483      2048.00
    61.00000     0.999561      1890483      2275.56
    61.00000     0.999609      1890483      2560.00
    61.00000     0.999658      1890483      2925.71
    61.00000     0.999707      1890483      3413.33
    74.00000     0.999756      1890671      4096.00
    74.00000     0.999780      1890671      4551.11
    74.00000     0.999805      1890671      5120.00
    74.00000     0.999829      1890671      5851.43
    86.00000     0.999854      1890726      6826.67
    86.00000     0.999878      1890726      8192.00
    98.00000     0.999890      1890765      9102.22
    98.00000     0.999902      1890765     10240.00
   111.00000     0.999915      1890795     11702.86
   123.00000     0.999927      1890825     13653.33
   135.00000     0.999939      1890840     16384.00
   148.00000     0.999945      1890867     18204.44
   148.00000     0.999951      1890867     20480.00
   160.00000     0.999957      1890878     23405.71
   172.00000     0.999963      1890883     27306.67
   197.00000     0.999969      1890894     32768.00
   209.00000     0.999973      1890900     36408.89
   222.00000     0.999976      1890906     40960.00
   234.00000     0.999979      1890911     46811.43
   259.00000     0.999982      1890915     54613.33
   308.00000     0.999985      1890922     65536.00
   320.00000     0.999986      1890928     72817.78
   320.00000     0.999988      1890928     81920.00
   333.00000     0.999989      1890930     93622.86
   357.00000     0.999991      1890933    109226.67
   382.00000     0.999992      1890935    131072.00
   431.00000     0.999993      1890937    145635.56
   468.00000     0.999994      1890938    163840.00
   481.00000     0.999995      1890939    187245.71
   505.00000     0.999995      1890941    218453.33
   641.00000     0.999996      1890942    262144.00
  1467.00000     0.999997      1890943    291271.11
  4452.00000     0.999997      1890944    327680.00
  4452.00000     0.999997      1890944    374491.43
  4773.00000     0.999998      1890945    436906.67
  5069.00000     0.999998      1890946    524288.00
  5069.00000     0.999998      1890946    582542.22
  5254.00000     0.999998      1890947    655360.00
  5254.00000     0.999999      1890947    748982.86
  5254.00000     0.999999      1890947    873813.33
  5722.00000     0.999999      1890948   1048576.00
  5722.00000     0.999999      1890948   1165084.44
  5722.00000     0.999999      1890948   1310720.00
  5722.00000     0.999999      1890948   1497965.71
  5722.00000     0.999999      1890948   1747626.67
  5759.00000     1.000000      1890949   2097152.00
  5759.00000     1.000000      1890949          inf
#[Mean    =       14.678, StdDeviation   =       11.689]
#[Max     =     5759.000, Total count    =      1890949]
#[Buckets =           13, SubBuckets     =       262144]
       Value   Percentile   TotalCount 1/(1-Percentile)

    49.00000     0.000000            1         1.00
    98.00000     0.100000       916250         1.11
    98.00000     0.200000       916250         1.25
    98.00000     0.300000       916250         1.43
    98.00000     0.400000       916250         1.67
   110.00000     0.500000       956461         2.00
   111.00000     0.550000      1453699         2.22
   111.00000     0.600000      1453699         2.50
   111.00000     0.650000      1453699         2.86
   111.00000     0.700000      1453699         3.33
   111.00000     0.750000      1453699         4.00
   123.00000     0.775000      1689827         4.44
   123.00000     0.800000      1689827         5.00
   123.00000     0.825000      1689827         5.71
   123.00000     0.850000      1689827         6.67
   123.00000     0.875000      1689827         8.00
   123.00000     0.887500      1689827         8.89
   135.00000     0.900000      1848314        10.00
   135.00000     0.912500      1848314        11.43
   135.00000     0.925000      1848314        13.33
   135.00000     0.937500      1848314        16.00
   135.00000     0.943750      1848314        17.78
   135.00000     0.950000      1848314        20.00
   135.00000     0.956250      1848314        22.86
   135.00000     0.962500      1848314        26.67
   135.00000     0.968750      1848314        32.00
   135.00000     0.971875      1848314        35.56
   135.00000     0.975000      1848314        40.00
   147.00000     0.978125      1849938        45.71
   148.00000     0.981250      1869596        53.33
   148.00000     0.984375      1869596        64.00
   148.00000     0.985938      1869596        71.11
   148.00000     0.987500      1869596        80.00
   160.00000     0.989062      1876071        91.43
   160.00000     0.990625      1876071       106.67
   172.00000     0.992188      1878850       128.00
   172.00000     0.992969      1878850       142.22
   185.00000     0.993750      1880512       160.00
   197.00000     0.994531      1881573       182.86
   209.00000     0.995313      1882251       213.33
   246.00000     0.996094      1883704       256.00
   283.00000     0.996484      1884434       284.44
   333.00000     0.996875      1885050       320.00
   407.00000     0.997266      1885790       365.71
   518.00000     0.997656      1886588       426.67
   666.00000     0.998047      1887290       512.00
   752.00000     0.998242      1887651       568.89
   863.00000     0.998437      1888025       640.00
   999.00000     0.998633      1888371       731.43
  1221.00000     0.998828      1888752       853.33
  1541.00000     0.999023      1889109      1024.00
  1739.00000     0.999121      1889288      1137.78
  2072.00000     0.999219      1889477      1280.00
  2553.00000     0.999316      1889661      1462.86
  3317.00000     0.999414      1889842      1706.67
  4797.00000     0.999512      1890027      2048.00
  5994.00000     0.999561      1890119      2275.56
  7400.00000     0.999609      1890211      2560.00
 10520.00000     0.999658      1890303      2925.71
 16304.00000     0.999707      1890396      3413.33
 35865.00000     0.999756      1890488      4096.00
 52873.00000     0.999780      1890534      4551.11
 64331.00000     0.999805      1890580      5120.00
 76207.00000     0.999829      1890626      5851.43
 87603.00000     0.999854      1890673      6826.67
102946.00000     0.999878      1890719      8192.00
112911.00000     0.999890      1890742      9102.22
120250.00000     0.999902      1890765     10240.00
127156.00000     0.999915      1890788     11702.86
137097.00000     0.999927      1890811     13653.33
147198.00000     0.999939      1890834     16384.00
151465.00000     0.999945      1890846     18204.44
155930.00000     0.999951      1890857     20480.00
161443.00000     0.999957      1890869     23405.71
165871.00000     0.999963      1890880     27306.67
174356.00000     0.999969      1890892     32768.00
179672.00000     0.999973      1890898     36408.89
185172.00000     0.999976      1890903     40960.00
192523.00000     0.999979      1890909     46811.43
196137.00000     0.999982      1890915     54613.33
209173.00000     0.999985      1890921     65536.00
212256.00000     0.999986      1890924     72817.78
216252.00000     0.999988      1890926     81920.00
221556.00000     0.999989      1890929     93622.86
227414.00000     0.999991      1890932    109226.67
233716.00000     0.999992      1890935    131072.00
236849.00000     0.999993      1890937    145635.56
240500.00000     0.999994      1890938    163840.00
242448.00000     0.999995      1890939    187245.71
244977.00000     0.999995      1890941    218453.33
246136.00000     0.999996      1890942    262144.00
249910.00000     0.999997      1890943    291271.11
253561.00000     0.999997      1890944    327680.00
253561.00000     0.999997      1890944    374491.43
256138.00000     0.999998      1890945    436906.67
258926.00000     0.999998      1890946    524288.00
258926.00000     0.999998      1890946    582542.22
258975.00000     0.999998      1890947    655360.00
258975.00000     0.999999      1890947    748982.86
258975.00000     0.999999      1890947    873813.33
267781.00000     0.999999      1890948   1048576.00
267781.00000     0.999999      1890948   1165084.44
267781.00000     0.999999      1890948   1310720.00
267781.00000     0.999999      1890948   1497965.71
267781.00000     0.999999      1890948   1747626.67
275687.00000     1.000000      1890949   2097152.00
275687.00000     1.000000      1890949          inf
#[Mean    =      141.090, StdDeviation   =     1948.254]
#[Max     =   275687.000, Total count    =      1890949]
#[Buckets =           13, SubBuckets     =       262144]
       Value   Percentile   TotalCount 1/(1-Percentile)

     0.00000     0.000000        11153         1.00
    37.00000     0.100000       369651         1.11
    49.00000     0.200000       705805         1.25
    49.00000     0.300000       705805         1.43
    61.00000     0.400000       782792         1.67
   123.00000     0.500000       994575         2.00
   135.00000     0.550000      1046195         2.22
   160.00000     0.600000      1160381         2.50
   185.00000     0.650000      1259561         2.86
   209.00000     0.700000      1342995         3.33
   234.00000     0.750000      1419826         4.00
   259.00000     0.775000      1490995         4.44
   271.00000     0.800000      1522430         5.00
   296.00000     0.825000      1575425         5.71
   320.00000     0.850000      1618220         6.67
   357.00000     0.875000      1670275         8.00
   370.00000     0.887500      1685562         8.89
   394.00000     0.900000      1712770        10.00
   419.00000     0.912500      1736456        11.43
   444.00000     0.925000      1757183        13.33
   468.00000     0.937500      1774582        16.00
   493.00000     0.943750      1789382        17.78
   518.00000     0.950000      1801673        20.00
   542.00000     0.956250      1811854        22.86
   567.00000     0.962500      1820442        26.67
   616.00000     0.968750      1834091        32.00
   641.00000     0.971875      1839163        35.56
   678.00000     0.975000      1845454        40.00
   715.00000     0.978125      1850614        45.71
   764.00000     0.981250      1856035        53.33
   838.00000     0.984375      1861540        64.00
   900.00000     0.985938      1864729        71.11
   974.00000     0.987500      1867432        80.00
  1110.00000     0.989062      1870295        91.43
  1430.00000     0.990625      1873253       106.67
  1825.00000     0.992188      1876203       128.00
  2072.00000     0.992969      1877677       142.22
  2651.00000     0.993750      1879131       160.00
  3194.00000     0.994531      1880666       182.86
  3317.00000     0.995313      1882101       213.33
  3478.00000     0.996094      1883590       256.00
  3626.00000     0.996484      1884312       284.44
  3885.00000     0.996875      1885057       320.00
  4279.00000     0.997266      1885785       365.71
  4674.00000     0.997656      1886525       426.67
  5032.00000     0.998047      1887259       512.00
  5266.00000     0.998242      1887633       568.89
  5525.00000     0.998437      1888001       640.00
  5784.00000     0.998633      1888375       731.43
  6080.00000     0.998828      1888738       853.33
  6462.00000     0.999023      1889104      1024.00
  6672.00000     0.999121      1889296      1137.78
  6906.00000     0.999219      1889477      1280.00
  7178.00000     0.999316      1889665      1462.86
  7474.00000     0.999414      1889842      1706.67
  7856.00000     0.999512      1890029      2048.00
  8078.00000     0.999561      1890124      2275.56
  8325.00000     0.999609      1890219      2560.00
  8633.00000     0.999658      1890306      2925.71
  8991.00000     0.999707      1890399      3413.33
  9373.00000     0.999756      1890492      4096.00
  9681.00000     0.999780      1890537      4551.11
 10014.00000     0.999805      1890582      5120.00
 10335.00000     0.999829      1890627      5851.43
 10890.00000     0.999854      1890673      6826.67
 11556.00000     0.999878      1890720      8192.00
 12000.00000     0.999890      1890742      9102.22
 12407.00000     0.999902      1890765     10240.00
 12814.00000     0.999915      1890788     11702.86
 13677.00000     0.999927      1890811     13653.33
 14331.00000     0.999939      1890834     16384.00
 14824.00000     0.999945      1890846     18204.44
 15688.00000     0.999951      1890857     20480.00
 16366.00000     0.999957      1890869     23405.71
 17143.00000     0.999963      1890881     27306.67
 18278.00000     0.999969      1890893     32768.00
 19129.00000     0.999973      1890898     36408.89
 20066.00000     0.999976      1890903     40960.00
 23149.00000     0.999979      1890909     46811.43
 24716.00000     0.999982      1890915     54613.33
 26874.00000     0.999985      1890921     65536.00
 30389.00000     0.999986      1890924     72817.78
 30549.00000     0.999988      1890926     81920.00
 34854.00000     0.999989      1890929     93622.86
 36087.00000     0.999991      1890932    109226.67
 37456.00000     0.999992      1890935    131072.00
 65440.00000     0.999993      1890937    145635.56
 65638.00000     0.999994      1890938    163840.00
 65687.00000     0.999995      1890939    187245.71
 73519.00000     0.999995      1890941    218453.33
 75208.00000     0.999996      1890942    262144.00
 93301.00000     0.999997      1890943    291271.11
126342.00000     0.999997      1890944    327680.00
126342.00000     0.999997      1890944    374491.43
126762.00000     0.999998      1890945    436906.67
128661.00000     0.999998      1890946    524288.00
128661.00000     0.999998      1890946    582542.22
140057.00000     0.999998      1890947    655360.00
140057.00000     0.999999      1890947    748982.86
140057.00000     0.999999      1890947    873813.33
172148.00000     0.999999      1890948   1048576.00
172148.00000     0.999999      1890948   1165084.44
172148.00000     0.999999      1890948   1310720.00
172148.00000     0.999999      1890948   1497965.71
172148.00000     0.999999      1890948   1747626.67
257211.00000     1.000000      1890949   2097152.00
257211.00000     1.000000      1890949          inf
#[Mean    =      200.327, StdDeviation   =      557.751]
#[Max     =   257211.000, Total count    =      1890949]
#[Buckets =           13, SubBuckets     =       262144]
       Value   Percentile   TotalCount 1/(1-Percentile)

    86.00000     0.000000           15         1.00
   185.00000     0.100000       252687         1.11
   209.00000     0.200000       425581         1.25
   234.00000     0.300000       616140         1.43
   259.00000     0.400000       815009         1.67
   283.00000     0.500000      1015174         2.00
   296.00000     0.550000      1116446         2.22
   308.00000     0.600000      1217043         2.50
   320.00000     0.650000      1316566         2.86
   333.00000     0.700000      1411572         3.33
   345.00000     0.750000      1505616         4.00
   345.00000     0.775000      1505616         4.44
   357.00000     0.800000      1579988         5.00
   357.00000     0.825000      1579988         5.71
   370.00000     0.850000      1622593         6.67
   382.00000     0.875000      1676846         8.00
   394.00000     0.887500      1728604         8.89
   394.00000     0.900000      1728604        10.00
   394.00000     0.912500      1728604        11.43
   407.00000     0.925000      1758103        13.33
   419.00000     0.937500      1778036        16.00
   431.00000     0.943750      1794843        17.78
   444.00000     0.950000      1808679        20.00
   444.00000     0.956250      1808679        22.86
   468.00000     0.962500      1829024        26.67
   481.00000     0.968750      1836050        32.00
   493.00000     0.971875      1841139        35.56
   505.00000     0.975000      1844825        40.00
   530.00000     0.978125      1849702        45.71
   604.00000     0.981250      1855602        53.33
   814.00000     0.984375      1861572        64.00
   949.00000     0.985938      1864454        71.11
  1048.00000     0.987500      1867548        80.00
  1208.00000     0.989062      1870332        91.43
  1418.00000     0.990625      1873365       106.67
  1689.00000     0.992188      1876304       128.00
  1813.00000     0.992969      1877687       142.22
  2047.00000     0.993750      1879133       160.00
  2318.00000     0.994531      1880630       182.86
  2664.00000     0.995313      1882114       213.33
  3132.00000     0.996094      1883575       256.00
  3465.00000     0.996484      1884326       284.44
  3885.00000     0.996875      1885056       320.00
  4452.00000     0.997266      1885787       365.71
  5155.00000     0.997656      1886532       426.67
  5537.00000     0.998047      1887281       512.00
  5735.00000     0.998242      1887641       568.89
  6080.00000     0.998437      1887997       640.00
  6561.00000     0.998633      1888364       731.43
  7252.00000     0.998828      1888739       853.33
  8436.00000     0.999023      1889103      1024.00
  9114.00000     0.999121      1889290      1137.78
 10002.00000     0.999219      1889473      1280.00
 11198.00000     0.999316      1889658      1462.86
 13085.00000     0.999414      1889842      1706.67
 16058.00000     0.999512      1890026      2048.00
 17969.00000     0.999561      1890119      2275.56
 21410.00000     0.999609      1890211      2560.00
 24765.00000     0.999658      1890303      2925.71
 28921.00000     0.999707      1890396      3413.33
 34126.00000     0.999756      1890488      4096.00
 37629.00000     0.999780      1890535      4551.11
 40132.00000     0.999805      1890580      5120.00
 42599.00000     0.999829      1890626      5851.43
 46731.00000     0.999854      1890673      6826.67
 51084.00000     0.999878      1890719      8192.00
 53267.00000     0.999890      1890742      9102.22
 55796.00000     0.999902      1890765     10240.00
 58287.00000     0.999915      1890788     11702.86
 61407.00000     0.999927      1890811     13653.33
 64651.00000     0.999939      1890834     16384.00
 67500.00000     0.999945      1890846     18204.44
 69276.00000     0.999951      1890857     20480.00
 73519.00000     0.999957      1890869     23405.71
 77453.00000     0.999963      1890880     27306.67
 82596.00000     0.999969      1890892     32768.00
 86308.00000     0.999973      1890898     36408.89
 89071.00000     0.999976      1890903     40960.00
 93893.00000     0.999979      1890909     46811.43
 98962.00000     0.999982      1890915     54613.33
106005.00000     0.999985      1890921     65536.00
110149.00000     0.999986      1890924     72817.78
111555.00000     0.999988      1890926     81920.00
118067.00000     0.999989      1890929     93622.86
124640.00000     0.999991      1890932    109226.67
134137.00000     0.999992      1890935    131072.00
136308.00000     0.999993      1890937    145635.56
144670.00000     0.999994      1890938    163840.00
151823.00000     0.999995      1890939    187245.71
159704.00000     0.999995      1890941    218453.33
175121.00000     0.999996      1890942    262144.00
175811.00000     0.999997      1890943    291271.11
180831.00000     0.999997      1890944    327680.00
180831.00000     0.999997      1890944    374491.43
185851.00000     0.999998      1890945    436906.67
189033.00000     0.999998      1890946    524288.00
189033.00000     0.999998      1890946    582542.22
197666.00000     0.999998      1890947    655360.00
197666.00000     0.999999      1890947    748982.86
197666.00000     0.999999      1890947    873813.33
199602.00000     0.999999      1890948   1048576.00
199602.00000     0.999999      1890948   1165084.44
199602.00000     0.999999      1890948   1310720.00
199602.00000     0.999999      1890948   1497965.71
199602.00000     0.999999      1890948   1747626.67
213613.00000     1.000000      1890949   2097152.00
213613.00000     1.000000      1890949          inf
#[Mean    =      337.031, StdDeviation   =     1153.230]
#[Max     =   213613.000, Total count    =      1890949]
#[Buckets =           13, SubBuckets     =       262144]
       Value   Percentile   TotalCount 1/(1-Percentile)

     0.00000     0.000000       249794         1.00
     0.00000     0.100000       249794         1.11
    12.00000     0.200000      1816830         1.25
    12.00000     0.300000      1816830         1.43
    12.00000     0.400000      1816830         1.67
    12.00000     0.500000      1816830         2.00
    12.00000     0.550000      1816830         2.22
    12.00000     0.600000      1816830         2.50
    12.00000     0.650000      1816830         2.86
    12.00000     0.700000      1816830         3.33
    12.00000     0.750000      1816830         4.00
    12.00000     0.775000      1816830         4.44
    12.00000     0.800000      1816830         5.00
    12.00000     0.825000      1816830         5.71
    12.00000     0.850000      1816830         6.67
    12.00000     0.875000      1816830         8.00
    12.00000     0.887500      1816830         8.89
    12.00000     0.900000      1816830        10.00
    12.00000     0.912500      1816830        11.43
    12.00000     0.925000      1816830        13.33
    12.00000     0.937500      1816830        16.00
    12.00000     0.943750      1816830        17.78
    12.00000     0.950000      1816830        20.00
    12.00000     0.956250      1816830        22.86
    24.00000     0.962500      1875059        26.67
    24.00000     0.968750      1875059        32.00
    24.00000     0.971875      1875059        35.56
    24.00000     0.975000      1875059        40.00
    24.00000     0.978125      1875059        45.71
    24.00000     0.981250      1875059        53.33
    24.00000     0.984375      1875059        64.00
    24.00000     0.985938      1875059        71.11
    24.00000     0.987500      1875059        80.00
    24.00000     0.989062      1875059        91.43
    24.00000     0.990625      1875059       106.67
    37.00000     0.992188      1883889       128.00
    37.00000     0.992969      1883889       142.22
    37.00000     0.993750      1883889       160.00
    37.00000     0.994531      1883889       182.86
    37.00000     0.995313      1883889       213.33
    37.00000     0.996094      1883889       256.00
    49.00000     0.996484      1888446       284.44
    49.00000     0.996875      1888446       320.00
    49.00000     0.997266      1888446       365.71
    49.00000     0.997656      1888446       426.67
    49.00000     0.998047      1888446       512.00
    49.00000     0.998242      1888446       568.89
    49.00000     0.998437      1888446       640.00
    49.00000     0.998633      1888446       731.43
    61.00000     0.998828      1889630       853.33
    61.00000     0.999023      1889630      1024.00
    61.00000     0.999121      1889630      1137.78
    61.00000     0.999219      1889630      1280.00
    74.00000     0.999316      1890011      1462.86
    74.00000     0.999414      1890011      1706.67
    86.00000     0.999512      1890179      2048.00
    86.00000     0.999561      1890179      2275.56
    98.00000     0.999609      1890275      2560.00
   111.00000     0.999658      1890431      2925.71
   111.00000     0.999707      1890431      3413.33
   135.00000     0.999756      1890516      4096.00
   148.00000     0.999780      1890545      4551.11
   160.00000     0.999805      1890602      5120.00
   172.00000     0.999829      1890646      5851.43
   197.00000     0.999854      1890673      6826.67
   259.00000     0.999878      1890719      8192.00
   320.00000     0.999890      1890748      9102.22
   357.00000     0.999902      1890768     10240.00
   444.00000     0.999915      1890790     11702.86
   542.00000     0.999927      1890812     13653.33
   789.00000     0.999939      1890835     16384.00
  1813.00000     0.999945      1890846     18204.44
  5081.00000     0.999951      1890859     20480.00
  5180.00000     0.999957      1890869     23405.71
  5229.00000     0.999963      1890881     27306.67
  5291.00000     0.999969      1890894     32768.00
  5352.00000     0.999973      1890899     36408.89
  5365.00000     0.999976      1890904     40960.00
  5402.00000     0.999979      1890910     46811.43
  5439.00000     0.999982      1890915     54613.33
  5611.00000     0.999985      1890921     65536.00
  5636.00000     0.999986      1890924     72817.78
  5661.00000     0.999988      1890926     81920.00
  5932.00000     0.999989      1890929     93622.86
  6265.00000     0.999991      1890932    109226.67
  6573.00000     0.999992      1890935    131072.00
  6746.00000     0.999993      1890937    145635.56
  6869.00000     0.999994      1890938    163840.00
  7042.00000     0.999995      1890939    187245.71
  7215.00000     0.999995      1890941    218453.33
  7227.00000     0.999996      1890942    262144.00
  7387.00000     0.999997      1890943    291271.11
  7437.00000     0.999997      1890944    327680.00
  7437.00000     0.999997      1890944    374491.43
  7486.00000     0.999998      1890945    436906.67
  7511.00000     0.999998      1890946    524288.00
  7511.00000     0.999998      1890946    582542.22
  7683.00000     0.999998      1890947    655360.00
  7683.00000     0.999999      1890947    748982.86
  7683.00000     0.999999      1890947    873813.33
  8275.00000     0.999999      1890948   1048576.00
  8275.00000     0.999999      1890948   1165084.44
  8275.00000     0.999999      1890948   1310720.00
  8275.00000     0.999999      1890948   1497965.71
  8275.00000     0.999999      1890948   1747626.67
 13122.00000     1.000000      1890949   2097152.00
 13122.00000     1.000000      1890949          inf
#[Mean    =       11.415, StdDeviation   =       42.999]
#[Max     =    13122.000, Total count    =      1890949]
#[Buckets =           13, SubBuckets     =       262144]
       Value   Percentile   TotalCount 1/(1-Percentile)

   629.00000     0.000000           11         1.00
   912.00000     0.100000       411278         1.11
   912.00000     0.200000       411278         1.25
   925.00000     0.300000       803835         1.43
   925.00000     0.400000       803835         1.67
   937.00000     0.500000      1135468         2.00
   937.00000     0.550000      1135468         2.22
   937.00000     0.600000      1135468         2.50
   949.00000     0.650000      1298405         2.86
   962.00000     0.700000      1369085         3.33
   974.00000     0.750000      1425183         4.00
   986.00000     0.775000      1472854         4.44
  1011.00000     0.800000      1516911         5.00
  1110.00000     0.825000      1563532         5.71
  1159.00000     0.850000      1616964         6.67
  1208.00000     0.875000      1662402         8.00
  1245.00000     0.887500      1685139         8.89
  1282.00000     0.900000      1705342        10.00
  1319.00000     0.912500      1725857        11.43
  1369.00000     0.925000      1754610        13.33
  1406.00000     0.937500      1774976        16.00
  1430.00000     0.943750      1787206        17.78
  1455.00000     0.950000      1798064        20.00
  1492.00000     0.956250      1811262        22.86
  1529.00000     0.962500      1821348        26.67
  1591.00000     0.968750      1832024        32.00
  1652.00000     0.971875      1837781        35.56
  1973.00000     0.975000      1843703        40.00
  3737.00000     0.978125      1849615        45.71
  5833.00000     0.981250      1855841        53.33
  5920.00000     0.984375      1861694        64.00
  5957.00000     0.985938      1864954        71.11
  5993.00000     0.987500      1867476        80.00
  6018.00000     0.989062      1870544        91.43
  6055.00000     0.990625      1873465       106.67
  6104.00000     0.992188      1876188       128.00
  6129.00000     0.992969      1878118       142.22
  6154.00000     0.993750      1879204       160.00
  6203.00000     0.994531      1880820       182.86
  6265.00000     0.995313      1882153       213.33
  6388.00000     0.996094      1883589       256.00
  6511.00000     0.996484      1884303       284.44
  6709.00000     0.996875      1885052       320.00
  7116.00000     0.997266      1885786       365.71
  7375.00000     0.997656      1886548       426.67
  7548.00000     0.998047      1887305       512.00
  7634.00000     0.998242      1887670       568.89
  7720.00000     0.998437      1888045       640.00
  7819.00000     0.998633      1888395       731.43
  7918.00000     0.998828      1888736       853.33
  8053.00000     0.999023      1889103      1024.00
  8127.00000     0.999121      1889297      1137.78
  8226.00000     0.999219      1889479      1280.00
  8337.00000     0.999316      1889666      1462.86
  8460.00000     0.999414      1889852      1706.67
  8596.00000     0.999512      1890038      2048.00
  8682.00000     0.999561      1890126      2275.56
  8781.00000     0.999609      1890222      2560.00
  8867.00000     0.999658      1890312      2925.71
  8978.00000     0.999707      1890403      3413.33
  9126.00000     0.999756      1890491      4096.00
  9237.00000     0.999780      1890534      4551.11
  9435.00000     0.999805      1890581      5120.00
  9731.00000     0.999829      1890626      5851.43
 10249.00000     0.999854      1890673      6826.67
 10582.00000     0.999878      1890720      8192.00
 10964.00000     0.999890      1890742      9102.22
 11396.00000     0.999902      1890766     10240.00
 11901.00000     0.999915      1890789     11702.86
 12691.00000     0.999927      1890811     13653.33
 13295.00000     0.999939      1890834     16384.00
 14010.00000     0.999945      1890846     18204.44
 15022.00000     0.999951      1890857     20480.00
 15934.00000     0.999957      1890869     23405.71
 17094.00000     0.999963      1890880     27306.67
 17932.00000     0.999969      1890892     32768.00
 18524.00000     0.999973      1890898     36408.89
 18808.00000     0.999976      1890903     40960.00
 19684.00000     0.999979      1890909     46811.43
 19967.00000     0.999982      1890915     54613.33
 20806.00000     0.999985      1890921     65536.00
 21719.00000     0.999986      1890925     72817.78
 21965.00000     0.999988      1890926     81920.00
 22742.00000     0.999989      1890929     93622.86
 24469.00000     0.999991      1890932    109226.67
 25752.00000     0.999992      1890935    131072.00
 25900.00000     0.999993      1890937    145635.56
 26085.00000     0.999994      1890938    163840.00
 26122.00000     0.999995      1890939    187245.71
 26590.00000     0.999995      1890941    218453.33
 26726.00000     0.999996      1890942    262144.00
 26788.00000     0.999997      1890943    291271.11
 27084.00000     0.999997      1890944    327680.00
 27084.00000     0.999997      1890944    374491.43
 27145.00000     0.999998      1890945    436906.67
 28477.00000     0.999998      1890946    524288.00
 28477.00000     0.999998      1890946    582542.22
 30833.00000     0.999998      1890947    655360.00
 30833.00000     0.999999      1890947    748982.86
 30833.00000     0.999999      1890947    873813.33
 33744.00000     0.999999      1890948   1048576.00
 33744.00000     0.999999      1890948   1165084.44
 33744.00000     0.999999      1890948   1310720.00
 33744.00000     0.999999      1890948   1497965.71
 33744.00000     0.999999      1890948   1747626.67
 38566.00000     1.000000      1890949   2097152.00
 38566.00000     1.000000      1890949          inf
#[Mean    =     1113.032, StdDeviation   =      805.182]
#[Max     =    38566.000, Total count    =      1890949]
#[Buckets =           13, SubBuckets     =       262144]

=== EXCHANGE STDERR ===
matching tid: 49109
