=== CLIENT STDERR ===
=== Exchange load generator ===
  clients  : 10
  seed     : 1792372315
  target   : 127.0.0.1:4000
  thread id: 48080
Ctrl-C to stop.


=== Stats ===
  elapsed         : 14.999 s
  requests sent   : 2529420
  ACK responses   : 2529410
  MATCH responses : 1450659
  ERR responses   : 0
  orders in flight: -10
  --- throughput ---
  requests/s      : 168641
  ACK/s           : 168640
  MATCH/s         : 96718
  ERR/s           : 0
  total resp/s    : 168640

=== EXCHANGE STDOUT ===
exchange tid: 48074
inbound thread: 48082
outbound thread: 48083
       Value   Percentile   TotalCount 1/(1-Percentile)

  2084.00000     0.000000            2         1.00
  2380.00000     0.100000       210502         1.11
  2429.00000     0.200000       405006         1.25
  2479.00000     0.300000       637788         1.43
  2516.00000     0.400000       812629         1.67
  2553.00000     0.500000       973402         2.00
  2590.00000     0.550000      1109548         2.22
  2614.00000     0.600000      1186745         2.50
  2651.00000     0.650000      1286560         2.86
  2688.00000     0.700000      1370177         3.33
  2750.00000     0.750000      1475196         4.00
  2775.00000     0.775000      1507563         4.44
  2824.00000     0.800000      1559604         5.00
  2886.00000     0.825000      1608530         5.71
  2960.00000     0.850000      1654186         6.67
  3058.00000     0.875000      1702721         8.00
  3120.00000     0.887500      1727013         8.89
  3194.00000     0.900000      1751368        10.00
  3280.00000     0.912500      1775262        11.43
  3391.00000     0.925000      1798483        13.33
  3564.00000     0.937500      1822448        16.00
  3700.00000     0.943750      1834820        17.78
  3897.00000     0.950000      1846724        20.00
  4205.00000     0.956250      1858777        22.86
  5204.00000     0.962500      1870905        26.67
  6364.00000     0.968750      1883061        32.00
  7313.00000     0.971875      1889110        35.56
  7461.00000     0.975000      1895879        40.00
  7535.00000     0.978125      1901415        45.71
  7609.00000     0.981250      1907665        53.33
  7683.00000     0.984375      1913421        64.00
  7733.00000     0.985938      1916619        71.11
  7794.00000     0.987500      1920003        80.00
  7856.00000     0.989062      1922806        91.43
  7942.00000     0.990625      1925650       106.67
  8078.00000     0.992188      1928654       128.00
  8189.00000     0.992969      1930153       142.22
  8362.00000     0.993750      1931678       160.00
  8608.00000     0.994531      1933132       182.86
  9003.00000     0.995313      1934661       213.33
  9533.00000     0.996094      1936188       256.00
  9780.00000     0.996484      1936948       284.44
 10039.00000     0.996875      1937712       320.00
 10360.00000     0.997266      1938460       365.71
 10841.00000     0.997656      1939215       426.67
 11470.00000     0.998047      1939964       512.00
 11938.00000     0.998242      1940343       568.89
 12580.00000     0.998437      1940722       640.00
 13492.00000     0.998633      1941102       731.43
 14923.00000     0.998828      1941487       853.33
 17340.00000     0.999023      1941863      1024.00
 19190.00000     0.999121      1942051      1137.78
 21632.00000     0.999219      1942241      1280.00
 25308.00000     0.999316      1942431      1462.86
 31968.00000     0.999414      1942621      1706.67
 41181.00000     0.999512      1942810      2048.00
 47483.00000     0.999561      1942905      2275.56
 55586.00000     0.999609      1943000      2560.00
 67192.00000     0.999658      1943095      2925.71
 83940.00000     0.999707      1943191      3413.33
112085.00000     0.999756      1943285      4096.00
126157.00000     0.999780      1943332      4551.11
143819.00000     0.999805      1943380      5120.00
160345.00000     0.999829      1943427      5851.43
185481.00000     0.999854      1943475      6826.67
208125.00000     0.999878      1943522      8192.00
221679.00000     0.999890      1943546      9102.22
231669.00000     0.999902      1943570     10240.00
252364.00000     0.999915      1943593     11702.86
272333.00000     0.999927      1943617     13653.33
297185.00000     0.999939      1943641     16384.00
318213.00000     0.999945      1943653     18204.44
334357.00000     0.999951      1943665     20480.00
356581.00000     0.999957      1943676     23405.71
382013.00000     0.999963      1943688     27306.67
413673.00000     0.999969      1943700     32768.00
422725.00000     0.999973      1943706     36408.89
452189.00000     0.999976      1943712     40960.00
479705.00000     0.999979      1943718     46811.43
513191.00000     0.999982      1943724     54613.33
1476455.00000     0.999985      1943730     65536.00
1516623.00000     0.999986      1943733     72817.78
1534711.00000     0.999988      1943736     81920.00
1573895.00000     0.999989      1943739     93622.86
1615655.00000     0.999991      1943742    109226.67
1659439.00000     0.999992      1943745    131072.00
1678087.00000     0.999993      1943746    145635.56
1696479.00000     0.999994      1943748    163840.00
1708503.00000     0.999995      1943749    187245.71
1724103.00000     0.999995      1943751    218453.33
1731847.00000     0.999996      1943752    262144.00
1745551.00000     0.999997      1943753    291271.11
1748983.00000     0.999997      1943754    327680.00
1748983.00000     0.999997      1943754    374491.43
1757503.00000     0.999998      1943755    436906.67
1815335.00000     0.999998      1943756    524288.00
1815335.00000     0.999998      1943756    582542.22
1835439.00000     0.999998      1943757    655360.00
1835439.00000     0.999999      1943757    748982.86
1835439.00000     0.999999      1943757    873813.33
1849415.00000     0.999999      1943758   1048576.00
1849415.00000     0.999999      1943758   1165084.44
1849415.00000     0.999999      1943758   1310720.00
1849415.00000     0.999999      1943758   1497965.71
1849415.00000     0.999999      1943758   1747626.67
1863199.00000     1.000000      1943759   2097152.00
1863199.00000     1.000000      1943759          inf
#[Mean    =     2930.932, StdDeviation   =     7686.399]
#[Max     =  1863199.000, Total count    =      1943759]
#[Buckets =           13, SubBuckets     =       262144]
       Value   Percentile   TotalCount 1/(1-Percentile)

   986.00000     0.000000            3         1.00
  1036.00000     0.100000       232388         1.11
  1048.00000     0.200000       836619         1.25
  1048.00000     0.300000       836619         1.43
  1048.00000     0.400000       836619         1.67
  1060.00000     0.500000      1443877         2.00
  1060.00000     0.550000      1443877         2.22
  1060.00000     0.600000      1443877         2.50
  1060.00000     0.650000      1443877         2.86
  1060.00000     0.700000      1443877         3.33
  1073.00000     0.750000      1680459         4.00
  1073.00000     0.775000      1680459         4.44
  1073.00000     0.800000      1680459         5.00
  1073.00000     0.825000      1680459         5.71
  1073.00000     0.850000      1680459         6.67
  1085.00000     0.875000      1725052         8.00
  1097.00000     0.887500      1738399         8.89
  1122.00000     0.900000      1754017        10.00
  1196.00000     0.912500      1776165        11.43
  1282.00000     0.925000      1803833        13.33
  1319.00000     0.937500      1827580        16.00
  1332.00000     0.943750      1836171        17.78
  1356.00000     0.950000      1852443        20.00
  1369.00000     0.956250      1859698        22.86
  1393.00000     0.962500      1870971        26.67
  1443.00000     0.968750      1884295        32.00
  1467.00000     0.971875      1889300        35.56
  1504.00000     0.975000      1897310        40.00
  1529.00000     0.978125      1902966        45.71
  1554.00000     0.981250      1908338        53.33
  1591.00000     0.984375      1915366        64.00
  1603.00000     0.985938      1917502        71.11
  1628.00000     0.987500      1921068        80.00
  1640.00000     0.989062      1922625        91.43
  1677.00000     0.990625      1926272       106.67
  1714.00000     0.992188      1929246       128.00
  1739.00000     0.992969      1930810       142.22
  1763.00000     0.993750      1932194       160.00
  1788.00000     0.994531      1933321       182.86
  1825.00000     0.995313      1934700       213.33
  2010.00000     0.996094      1936189       256.00
  2269.00000     0.996484      1936945       284.44
  2565.00000     0.996875      1937701       320.00
  3182.00000     0.997266      1938450       365.71
  5278.00000     0.997656      1939208       426.67
  5907.00000     0.998047      1939963       512.00
  6018.00000     0.998242      1940348       568.89
  6142.00000     0.998437      1940732       640.00
  6290.00000     0.998633      1941120       731.43
  6425.00000     0.998828      1941483       853.33
  6561.00000     0.999023      1941879      1024.00
  6635.00000     0.999121      1942083      1137.78
  6709.00000     0.999219      1942248      1280.00
  6820.00000     0.999316      1942436      1462.86
  6943.00000     0.999414      1942628      1706.67
  7116.00000     0.999512      1942814      2048.00
  7239.00000     0.999561      1942908      2275.56
  7412.00000     0.999609      1943000      2560.00
  7622.00000     0.999658      1943098      2925.71
  7905.00000     0.999707      1943195      3413.33
  8300.00000     0.999756      1943285      4096.00
  8559.00000     0.999780      1943332      4551.11
  8954.00000     0.999805      1943380      5120.00
  9336.00000     0.999829      1943428      5851.43
  9644.00000     0.999854      1943476      6826.67
 10138.00000     0.999878      1943522      8192.00
 10446.00000     0.999890      1943546      9102.22
 10927.00000     0.999902      1943570     10240.00
 11371.00000     0.999915      1943593     11702.86
 11840.00000     0.999927      1943617     13653.33
 12469.00000     0.999939      1943641     16384.00
 12888.00000     0.999945      1943654     18204.44
 13283.00000     0.999951      1943665     20480.00
 13640.00000     0.999957      1943676     23405.71
 14072.00000     0.999963      1943688     27306.67
 15663.00000     0.999969      1943700     32768.00
 16724.00000     0.999973      1943707     36408.89
 17710.00000     0.999976      1943713     40960.00
 18524.00000     0.999979      1943718     46811.43
 19967.00000     0.999982      1943724     54613.33
 21386.00000     0.999985      1943730     65536.00
 23556.00000     0.999986      1943733     72817.78
 25345.00000     0.999988      1943736     81920.00
 26788.00000     0.999989      1943739     93622.86
 31265.00000     0.999991      1943742    109226.67
 36371.00000     0.999992      1943745    131072.00
 36383.00000     0.999993      1943746    145635.56
 42883.00000     0.999994      1943748    163840.00
 43758.00000     0.999995      1943749    187245.71
 47532.00000     0.999995      1943751    218453.33
 47952.00000     0.999996      1943752    262144.00
 49148.00000     0.999997      1943753    291271.11
 58731.00000     0.999997      1943754    327680.00
 58731.00000     0.999997      1943754    374491.43
 59015.00000     0.999998      1943755    436906.67
 65194.00000     0.999998      1943756    524288.00
 65194.00000     0.999998      1943756    582542.22
 68228.00000     0.999998      1943757    655360.00
 68228.00000     0.999999      1943757    748982.86
 68228.00000     0.999999      1943757    873813.33
 69091.00000     0.999999      1943758   1048576.00
 69091.00000     0.999999      1943758   1165084.44
 69091.00000     0.999999      1943758   1310720.00
 69091.00000     0.999999      1943758   1497965.71
 69091.00000     0.999999      1943758   1747626.67
 74407.00000     1.000000      1943759   2097152.00
 74407.00000     1.000000      1943759          inf
#[Mean    =     1103.313, StdDeviation   =      356.939]
#[Max     =    74407.000, Total count    =      1943759]
#[Buckets =           13, SubBuckets     =       262144]
       Value   Percentile   TotalCount 1/(1-Percentile)

     0.00000     0.000000       105510         1.00
    12.00000     0.100000      1449946         1.11
    12.00000     0.200000      1449946         1.25
    12.00000     0.300000      1449946         1.43
    12.00000     0.400000      1449946         1.67
    12.00000     0.500000      1449946         2.00
    12.00000     0.550000      1449946         2.22
    12.00000     0.600000      1449946         2.50
    12.00000     0.650000      1449946         2.86
    12.00000     0.700000      1449946         3.33
    24.00000     0.750000      1933450         4.00
    24.00000     0.775000      1933450         4.44
    24.00000     0.800000      1933450         5.00
    24.00000     0.825000      1933450         5.71
    24.00000     0.850000      1933450         6.67
    24.00000     0.875000      1933450         8.00
    24.00000     0.887500      1933450         8.89
    24.00000     0.900000      1933450        10.00
    24.00000     0.912500      1933450        11.43
    24.00000     0.925000      1933450        13.33
    24.00000     0.937500      1933450        16.00
    24.00000     0.943750      1933450        17.78
    24.00000     0.950000      1933450        20.00
    24.00000     0.956250      1933450        22.86
    24.00000     0.962500      1933450        26.67
    24.00000     0.968750      1933450        32.00
    24.00000     0.971875      1933450        35.56
    24.00000     0.975000      1933450        40.00
    24.00000     0.978125      1933450        45.71
    24.00000     0.981250      1933450        53.33
    24.00000     0.984375      1933450        64.00
    24.00000     0.985938      1933450        71.11
    24.00000     0.987500      1933450        80.00
    24.00000     0.989062      1933450        91.43
    24.00000     0.990625      1933450       106.67
    24.00000     0.992188      1933450       128.00
    24.00000     0.992969      1933450       142.22
    24.00000     0.993750      1933450       160.00
    24.00000     0.994531      1933450       182.86
    37.00000     0.995313      1940608       213.33
    37.00000     0.996094      1940608       256.00
    37.00000     0.996484      1940608       284.44
    37.00000     0.996875      1940608       320.00
    37.00000     0.997266      1940608       365.71
    37.00000     0.997656      1940608       426.67
    37.00000     0.998047      1940608       512.00
    37.00000     0.998242      1940608       568.89
    49.00000     0.998437      1942880       640.00
    49.00000     0.998633      1942880       731.43
    49.00000     0.998828      1942880       853.33
    49.00000     0.999023      1942880      1024.00
    49.00000     0.999121      1942880      1137.78
    49.00000     0.999219      1942880      1280.00
    49.00000     0.999316      1942880      1462.86
    49.00000     0.999414      1942880      1706.67
    49.00000     0.999512      1942880      2048.00
    61.00000     0.999561      1943528      2275.56
    61.00000     0.999609      1943528      2560.00
    61.00000     0.999658      1943528      2925.71
    61.00000     0.999707      1943528      3413.33
    61.00000     0.999756      1943528      4096.00
    61.00000     0.999780      1943528      4551.11
    61.00000     0.999805      1943528      5120.00
    61.00000     0.999829      1943528      5851.43
    61.00000     0.999854      1943528      6826.67
    61.00000     0.999878      1943528      8192.00
    74.00000     0.999890      1943631      9102.22
    74.00000     0.999902      1943631     10240.00
    74.00000     0.999915      1943631     11702.86
    74.00000     0.999927      1943631     13653.33
    86.00000     0.999939      1943655     16384.00
    86.00000     0.999945      1943655     18204.44
   111.00000     0.999951      1943678     20480.00
   111.00000     0.999957      1943678     23405.71
   135.00000     0.999963      1943691     27306.67
   148.00000     0.999969      1943700     32768.00
   172.00000     0.999973      1943706     36408.89
   222.00000     0.999976      1943713     40960.00
   246.00000     0.999979      1943718     46811.43
   308.00000     0.999982      1943729     54613.33
   320.00000     0.999985      1943730     65536.00
   345.00000     0.999986      1943735     72817.78
   357.00000     0.999988      1943737     81920.00
   370.00000     0.999989      1943739     93622.86
   444.00000     0.999991      1943743    109226.67
   468.00000     0.999992      1943745    131072.00
   616.00000     0.999993      1943746    145635.56
  3712.00000     0.999994      1943748    163840.00
  3737.00000     0.999995      1943749    187245.71
  3811.00000     0.999995      1943751    218453.33
  3860.00000     0.999996      1943752    262144.00
  4156.00000     0.999997      1943753    291271.11
  4378.00000     0.999997      1943754    327680.00
  4378.00000     0.999997      1943754    374491.43
  4477.00000     0.999998      1943755    436906.67
  4736.00000     0.999998      1943756    524288.00
  4736.00000     0.999998      1943756    582542.22
  5056.00000     0.999998      1943757    655360.00
  5056.00000     0.999999      1943757    748982.86
  5056.00000     0.999999      1943757    873813.33
  5266.00000     0.999999      1943758   1048576.00
  5266.00000     0.999999      1943758   1165084.44
  5266.00000     0.999999      1943758   1310720.00
  5266.00000     0.999999      1943758   1497965.71
  5266.00000     0.999999      1943758   1747626.67
  5414.00000     1.000000      1943759   2097152.00
  5414.00000     1.000000      1943759          inf
#[Mean    =       14.526, StdDeviation   =       12.809]
#[Max     =     5414.000, Total count    =      1943759]
#[Buckets =           13, SubBuckets     =       262144]
       Value   Percentile   TotalCount 1/(1-Percentile)

    61.00000     0.000000            3         1.00
    98.00000     0.100000      1217370         1.11
    98.00000     0.200000      1217370         1.25
    98.00000     0.300000      1217370         1.43
    98.00000     0.400000      1217370         1.67
    98.00000     0.500000      1217370         2.00
    98.00000     0.550000      1217370         2.22
    98.00000     0.600000      1217370         2.50
   111.00000     0.650000      1551858         2.86
   111.00000     0.700000      1551858         3.33
   111.00000     0.750000      1551858         4.00
   111.00000     0.775000      1551858         4.44
   123.00000     0.800000      1773705         5.00
   123.00000     0.825000      1773705         5.71
   123.00000     0.850000      1773705         6.67
   123.00000     0.875000      1773705         8.00
   123.00000     0.887500      1773705         8.89
   123.00000     0.900000      1773705        10.00
   123.00000     0.912500      1773705        11.43
   135.00000     0.925000      1913938        13.33
   135.00000     0.937500      1913938        16.00
   135.00000     0.943750      1913938        17.78
   135.00000     0.950000      1913938        20.00
   135.00000     0.956250      1913938        22.86
   135.00000     0.962500      1913938        26.67
   135.00000     0.968750      1913938        32.00
   135.00000     0.971875      1913938        35.56
   135.00000     0.975000      1913938        40.00
   135.00000     0.978125      1913938        45.71
   135.00000     0.981250      1913938        53.33
   135.00000     0.984375      1913938        64.00
   148.00000     0.985938      1928608        71.11
   148.00000     0.987500      1928608        80.00
   148.00000     0.989062      1928608        91.43
   148.00000     0.990625      1928608       106.67
   148.00000     0.992188      1928608       128.00
   160.00000     0.992969      1931574       142.22
   172.00000     0.993750      1933059       160.00
   184.00000     0.994531      1933133       182.86
   197.00000     0.995313      1934726       213.33
   234.00000     0.996094      1936199       256.00
   271.00000     0.996484      1937084       284.44
   308.00000     0.996875      1937733       320.00
   357.00000     0.997266      1938484       365.71
   431.00000     0.997656      1939273       426.67
   530.00000     0.998047      1940024       512.00
   592.00000     0.998242      1940381       568.89
   666.00000     0.998437      1940781       640.00
   740.00000     0.998633      1941136       731.43
   826.00000     0.998828      1941490       853.33
   949.00000     0.999023      1941872      1024.00
  1048.00000     0.999121      1942065      1137.78
  1159.00000     0.999219      1942262      1280.00
  1295.00000     0.999316      1942442      1462.86
  1517.00000     0.999414      1942632      1706.67
  1973.00000     0.999512      1942811      2048.00
  2454.00000     0.999561      1942910      2275.56
  3194.00000     0.999609      1943000      2560.00
  4378.00000     0.999658      1943095      2925.71
  5648.00000     0.999707      1943191      3413.33
  7239.00000     0.999756      1943285      4096.00
  8460.00000     0.999780      1943332      4551.11
 10138.00000     0.999805      1943380      5120.00
 12000.00000     0.999829      1943427      5851.43
 14824.00000     0.999854      1943475      6826.67
 19745.00000     0.999878      1943522      8192.00
 22582.00000     0.999890      1943546      9102.22
 28021.00000     0.999902      1943570     10240.00
 34237.00000     0.999915      1943593     11702.86
 42180.00000     0.999927      1943617     13653.33
 55080.00000     0.999939      1943641     16384.00
 63689.00000     0.999945      1943653     18204.44
 74518.00000     0.999951      1943665     20480.00
 87554.00000     0.999957      1943676     23405.71
 99887.00000     0.999963      1943688     27306.67
109557.00000     0.999969      1943700     32768.00
116278.00000     0.999973      1943706     36408.89
122963.00000     0.999976      1943712     40960.00
130412.00000     0.999979      1943718     46811.43
138565.00000     0.999982      1943724     54613.33
149208.00000     0.999985      1943730     65536.00
156189.00000     0.999986      1943733     72817.78
159692.00000     0.999988      1943736     81920.00
165291.00000     0.999989      1943739     93622.86
172790.00000     0.999991      1943742    109226.67
177661.00000     0.999992      1943745    131072.00
183273.00000     0.999993      1943746    145635.56
186911.00000     0.999994      1943748    163840.00
187244.00000     0.999995      1943749    187245.71
191894.00000     0.999995      1943751    218453.33
193645.00000     0.999996      1943752    262144.00
195557.00000     0.999997      1943753    291271.11
204462.00000     0.999997      1943754    327680.00
204462.00000     0.999997      1943754    374491.43
213761.00000     0.999998      1943755    436906.67
222653.00000     0.999998      1943756    524288.00
222653.00000     0.999998      1943756    582542.22
231829.00000     0.999998      1943757    655360.00
231829.00000     0.999999      1943757    748982.86
231829.00000     0.999999      1943757    873813.33
259481.00000     0.999999      1943758   1048576.00
259481.00000     0.999999      1943758   1165084.44
259481.00000     0.999999      1943758   1310720.00
259481.00000     0.999999      1943758   1497965.71
259481.00000     0.999999      1943758   1747626.67
266979.00000     1.000000      1943759   2097152.00
266979.00000     1.000000      1943759          inf
#[Mean    =      118.964, StdDeviation   =     1044.113]
#[Max     =   266979.000, Total count    =      1943759]
#[Buckets =           13, SubBuckets     =       262144]
       Value   Percentile   TotalCount 1/(1-Percentile)

     0.00000     0.000000        14518         1.00
    37.00000     0.100000       411506         1.11
    37.00000     0.200000       411506         1.25
    49.00000     0.300000       761771         1.43
    61.00000     0.400000       829219         1.67
   123.00000     0.500000      1015692         2.00
   135.00000     0.550000      1072008         2.22
   160.00000     0.600000      1206449         2.50
   172.00000     0.650000      1266438         2.86
   197.00000     0.700000      1366201         3.33
   234.00000     0.750000      1491212         4.00
   246.00000     0.775000      1529720         4.44
   259.00000     0.800000      1566160         5.00
   283.00000     0.825000      1627564         5.71
   296.00000     0.850000      1652855         6.67
   333.00000     0.875000      1710290         8.00
   345.00000     0.887500      1725594         8.89
   370.00000     0.900000      1753873        10.00
   394.00000     0.912500      1778652        11.43
   419.00000     0.925000      1799627        13.33
   456.00000     0.937500      1825283        16.00
   481.00000     0.943750      1839216        17.78
   505.00000     0.950000      1851293        20.00
   530.00000     0.956250      1861132        22.86
   567.00000     0.962500      1872878        26.67
   616.00000     0.968750      1885381        32.00
   641.00000     0.971875      1890065        35.56
   678.00000     0.975000      1895922        40.00
   727.00000     0.978125      1902270        45.71
   789.00000     0.981250      1908314        53.33
   863.00000     0.984375      1913506        64.00
   925.00000     0.985938      1916545        71.11
  1011.00000     0.987500      1919581        80.00
  1147.00000     0.989062      1922515        91.43
  1443.00000     0.990625      1925601       106.67
  1837.00000     0.992188      1928655       128.00
  2121.00000     0.992969      1930103       142.22
  2960.00000     0.993750      1931613       160.00
  3145.00000     0.994531      1933158       182.86
  3243.00000     0.995313      1934778       213.33
  3330.00000     0.996094      1936225       256.00
  3404.00000     0.996484      1937054       284.44
  3490.00000     0.996875      1937750       320.00
  3626.00000     0.997266      1938480       365.71
  3860.00000     0.997656      1939217       426.67
  4267.00000     0.998047      1939984       512.00
  4489.00000     0.998242      1940369       568.89
  4711.00000     0.998437      1940736       640.00
  4921.00000     0.998633      1941108       731.43
  5229.00000     0.998828      1941495       853.33
  5624.00000     0.999023      1941869      1024.00
  5858.00000     0.999121      1942053      1137.78
  6117.00000     0.999219      1942244      1280.00
  6364.00000     0.999316      1942433      1462.86
  6623.00000     0.999414      1942621      1706.67
  6956.00000     0.999512      1942810      2048.00
  7153.00000     0.999561      1942911      2275.56
  7363.00000     0.999609      1943006      2560.00
  7622.00000     0.999658      1943095      2925.71
  7930.00000     0.999707      1943195      3413.33
  8251.00000     0.999756      1943285      4096.00
  8448.00000     0.999780      1943332      4551.11
  8682.00000     0.999805      1943381      5120.00
  8978.00000     0.999829      1943427      5851.43
  9447.00000     0.999854      1943476      6826.67
  9977.00000     0.999878      1943522      8192.00
 10360.00000     0.999890      1943546      9102.22
 10828.00000     0.999902      1943570     10240.00
 11309.00000     0.999915      1943593     11702.86
 11889.00000     0.999927      1943617     13653.33
 12888.00000     0.999939      1943641     16384.00
 13332.00000     0.999945      1943653     18204.44
 14097.00000     0.999951      1943665     20480.00
 14849.00000     0.999957      1943676     23405.71
 15885.00000     0.999963      1943688     27306.67
 18426.00000     0.999969      1943700     32768.00
 19486.00000     0.999973      1943706     36408.89
 20091.00000     0.999976      1943712     40960.00
 22261.00000     0.999979      1943718     46811.43
 25061.00000     0.999982      1943724     54613.33
 29550.00000     0.999985      1943730     65536.00
 31092.00000     0.999986      1943733     72817.78
 35581.00000     0.999988      1943736     81920.00
 37542.00000     0.999989      1943739     93622.86
 43092.00000     0.999991      1943742    109226.67
 48630.00000     0.999992      1943745    131072.00
 48877.00000     0.999993      1943746    145635.56
 52540.00000     0.999994      1943748    163840.00
 56314.00000     0.999995      1943749    187245.71
 60951.00000     0.999995      1943751    218453.33
 61531.00000     0.999996      1943752    262144.00
 63874.00000     0.999997      1943753    291271.11
 67290.00000     0.999997      1943754    327680.00
 67290.00000     0.999997      1943754    374491.43
 73395.00000     0.999998      1943755    436906.67
109902.00000     0.999998      1943756    524288.00
109902.00000     0.999998      1943756    582542.22
125726.00000     0.999998      1943757    655360.00
125726.00000     0.999999      1943757    748982.86
125726.00000     0.999999      1943757    873813.33
136764.00000     0.999999      1943758   1048576.00
136764.00000     0.999999      1943758   1165084.44
136764.00000     0.999999      1943758   1310720.00
136764.00000     0.999999      1943758   1497965.71
136764.00000     0.999999      1943758   1747626.67
200379.00000     1.000000      1943759   2097152.00
200379.00000     1.000000      1943759          inf
#[Mean    =      192.898, StdDeviation   =      488.406]
#[Max     =   200379.000, Total count    =      1943759]
#[Buckets =           13, SubBuckets     =       262144]
       Value   Percentile   TotalCount 1/(1-Percentile)

    86.00000     0.000000           10         1.00
   172.00000     0.100000       224868         1.11
   197.00000     0.200000       411243         1.25
   222.00000     0.300000       604490         1.43
   246.00000     0.400000       808487         1.67
   271.00000     0.500000      1017248         2.00
   283.00000     0.550000      1122124         2.22
   296.00000     0.600000      1227895         2.50
   308.00000     0.650000      1332075         2.86
   320.00000     0.700000      1435308         3.33
   333.00000     0.750000      1534296         4.00
   333.00000     0.775000      1534296         4.44
   345.00000     0.800000      1628560         5.00
   345.00000     0.825000      1628560         5.71
   357.00000     0.850000      1692127         6.67
   370.00000     0.875000      1736336         8.00
   370.00000     0.887500      1736336         8.89
   382.00000     0.900000      1793334        10.00
   382.00000     0.912500      1793334        11.43
   394.00000     0.925000      1825767        13.33
   394.00000     0.937500      1825767        16.00
   407.00000     0.943750      1844023        17.78
   419.00000     0.950000      1858337        20.00
   431.00000     0.956250      1870242        22.86
   444.00000     0.962500      1880302        26.67
   456.00000     0.968750      1887880        32.00
   468.00000     0.971875      1893358        35.56
   481.00000     0.975000      1897378        40.00
   505.00000     0.978125      1902591        45.71
   555.00000     0.981250      1907611        53.33
   715.00000     0.984375      1913676        64.00
   838.00000     0.985938      1916525        71.11
   974.00000     0.987500      1919711        80.00
  1060.00000     0.989062      1922739        91.43
  1233.00000     0.990625      1925618       106.67
  1467.00000     0.992188      1928661       128.00
  1628.00000     0.992969      1930110       142.22
  1751.00000     0.993750      1931682       160.00
  1961.00000     0.994531      1933132       182.86
  2306.00000     0.995313      1934679       213.33
  2713.00000     0.996094      1936187       256.00
  2972.00000     0.996484      1936943       284.44
  3330.00000     0.996875      1937708       320.00
  3687.00000     0.997266      1938454       365.71
  4366.00000     0.997656      1939210       426.67
  5155.00000     0.998047      1939966       512.00
  5513.00000     0.998242      1940348       568.89
  5846.00000     0.998437      1940725       640.00
  6388.00000     0.998633      1941109       731.43
  7289.00000     0.998828      1941483       853.33
  8744.00000     0.999023      1941862      1024.00
  9879.00000     0.999121      1942051      1137.78
 11482.00000     0.999219      1942241      1280.00
 14245.00000     0.999316      1942433      1462.86
 18512.00000     0.999414      1942621      1706.67
 25493.00000     0.999512      1942810      2048.00
 30500.00000     0.999561      1942905      2275.56
 36161.00000     0.999609      1943000      2560.00
 43413.00000     0.999658      1943096      2925.71
 52170.00000     0.999707      1943190      3413.33
 68215.00000     0.999756      1943285      4096.00
 80031.00000     0.999780      1943332      4551.11
 93227.00000     0.999805      1943380      5120.00
112998.00000     0.999829      1943427      5851.43
138047.00000     0.999854      1943475      6826.67
164218.00000     0.999878      1943522      8192.00
185246.00000     0.999890      1943546      9102.22
202661.00000     0.999902      1943570     10240.00
216536.00000     0.999915      1943593     11702.86
244187.00000     0.999927      1943617     13653.33
270409.00000     0.999939      1943641     16384.00
281941.00000     0.999945      1943653     18204.44
300983.00000     0.999951      1943665     20480.00
321901.00000     0.999957      1943676     23405.71
343471.00000     0.999963      1943688     27306.67
382937.00000     0.999969      1943700     32768.00
395443.00000     0.999973      1943706     36408.89
419433.00000     0.999976      1943712     40960.00
447639.00000     0.999979      1943718     46811.43
482529.00000     0.999982      1943724     54613.33
1459743.00000     0.999985      1943730     65536.00
1500887.00000     0.999986      1943733     72817.78
1521959.00000     0.999988      1943736     81920.00
1554831.00000     0.999989      1943739     93622.86
1609823.00000     0.999991      1943742    109226.67
1642511.00000     0.999992      1943745    131072.00
1670567.00000     0.999993      1943746    145635.56
1689055.00000     0.999994      1943748    163840.00
1701303.00000     0.999995      1943749    187245.71
1712607.00000     0.999995      1943751    218453.33
1725127.00000     0.999996      1943752    262144.00
1738127.00000     0.999997      1943753    291271.11
1740583.00000     0.999997      1943754    327680.00
1740583.00000     0.999997      1943754    374491.43
1749823.00000     0.999998      1943755    436906.67
1808567.00000     0.999998      1943756    524288.00
1808567.00000     0.999998      1943756    582542.22
1828335.00000     0.999998      1943757    655360.00
1828335.00000     0.999999      1943757    748982.86
1828335.00000     0.999999      1943757    873813.33
1842199.00000     0.999999      1943758   1048576.00
1842199.00000     0.999999      1943758   1165084.44
1842199.00000     0.999999      1943758   1310720.00
1842199.00000     0.999999      1943758   1497965.71
1842199.00000     0.999999      1943758   1747626.67
1856303.00000     1.000000      1943759   2097152.00
1856303.00000     1.000000      1943759          inf
#[Mean    =      382.266, StdDeviation   =     7254.215]
#[Max     =  1856303.000, Total count    =      1943759]
#[Buckets =           13, SubBuckets     =       262144]
       Value   Percentile   TotalCount 1/(1-Percentile)

     0.00000     0.000000       268909         1.00
     0.00000     0.100000       268909         1.11
    12.00000     0.200000      1884481         1.25
    12.00000     0.300000      1884481         1.43
    12.00000     0.400000      1884481         1.67
    12.00000     0.500000      1884481         2.00
    12.00000     0.550000      1884481         2.22
    12.00000     0.600000      1884481         2.50
    12.00000     0.650000      1884481         2.86
    12.00000     0.700000      1884481         3.33
    12.00000     0.750000      1884481         4.00
    12.00000     0.775000      1884481         4.44
    12.00000     0.800000      1884481         5.00
    12.00000     0.825000      1884481         5.71
    12.00000     0.850000      1884481         6.67
    12.00000     0.875000      1884481         8.00
    12.00000     0.887500      1884481         8.89
    12.00000     0.900000      1884481        10.00
    12.00000     0.912500      1884481        11.43
    12.00000     0.925000      1884481        13.33
    12.00000     0.937500      1884481        16.00
    12.00000     0.943750      1884481        17.78
    12.00000     0.950000      1884481        20.00
    12.00000     0.956250      1884481        22.86
    12.00000     0.962500      1884481        26.67
    12.00000     0.968750      1884481        32.00
    24.00000     0.971875      1933340        35.56
    24.00000     0.975000      1933340        40.00
    24.00000     0.978125      1933340        45.71
    24.00000     0.981250      1933340        53.33
    24.00000     0.984375      1933340        64.00
    24.00000     0.985938      1933340        71.11
    24.00000     0.987500      1933340        80.00
    24.00000     0.989062      1933340        91.43
    24.00000     0.990625      1933340       106.67
    24.00000     0.992188      1933340       128.00
    24.00000     0.992969      1933340       142.22
    24.00000     0.993750      1933340       160.00
    24.00000     0.994531      1933340       182.86
    37.00000     0.995313      1938124       213.33
    37.00000     0.996094      1938124       256.00
    37.00000     0.996484      1938124       284.44
    37.00000     0.996875      1938124       320.00
    49.00000     0.997266      1940239       365.71
    49.00000     0.997656      1940239       426.67
    49.00000     0.998047      1940239       512.00
    61.00000     0.998242      1940968       568.89
    61.00000     0.998437      1940968       640.00
    74.00000     0.998633      1941279       731.43
    86.00000     0.998828      1941495       853.33
   111.00000     0.999023      1941972      1024.00
   123.00000     0.999121      1942177      1137.78
   135.00000     0.999219      1942306      1280.00
   148.00000     0.999316      1942434      1462.86
   172.00000     0.999414      1942651      1706.67
   197.00000     0.999512      1942810      2048.00
   222.00000     0.999561      1942912      2275.56
   259.00000     0.999609      1943004      2560.00
   296.00000     0.999658      1943102      2925.71
   333.00000     0.999707      1943208      3413.33
   370.00000     0.999756      1943289      4096.00
   394.00000     0.999780      1943340      4551.11
   444.00000     0.999805      1943386      5120.00
   493.00000     0.999829      1943428      5851.43
   555.00000     0.999854      1943484      6826.67
   604.00000     0.999878      1943537      8192.00
   629.00000     0.999890      1943557      9102.22
   641.00000     0.999902      1943570     10240.00
   703.00000     0.999915      1943593     11702.86
   777.00000     0.999927      1943617     13653.33
   838.00000     0.999939      1943642     16384.00
   888.00000     0.999945      1943653     18204.44
   937.00000     0.999951      1943668     20480.00
   999.00000     0.999957      1943677     23405.71
  1159.00000     0.999963      1943689     27306.67
  1443.00000     0.999969      1943700     32768.00
  5081.00000     0.999973      1943707     36408.89
  5254.00000     0.999976      1943715     40960.00
  5291.00000     0.999979      1943719     46811.43
  5328.00000     0.999982      1943724     54613.33
  5402.00000     0.999985      1943730     65536.00
  5439.00000     0.999986      1943733     72817.78
  5476.00000     0.999988      1943736     81920.00
  5513.00000     0.999989      1943740     93622.86
  5537.00000     0.999991      1943742    109226.67
  5722.00000     0.999992      1943745    131072.00
  5735.00000     0.999993      1943747    145635.56
  5809.00000     0.999994      1943748    163840.00
  5883.00000     0.999995      1943749    187245.71
  5932.00000     0.999995      1943751    218453.33
  6425.00000     0.999996      1943752    262144.00
  6462.00000     0.999997      1943753    291271.11
  6475.00000     0.999997      1943754    327680.00
  6475.00000     0.999997      1943754    374491.43
  6795.00000     0.999998      1943755    436906.67
  7153.00000     0.999998      1943756    524288.00
  7153.00000     0.999998      1943756    582542.22
  7289.00000     0.999998      1943757    655360.00
  7289.00000     0.999999      1943757    748982.86
  7289.00000     0.999999      1943757    873813.33
  7301.00000     0.999999      1943758   1048576.00
  7301.00000     0.999999      1943758   1165084.44
  7301.00000     0.999999      1943758   1310720.00
  7301.00000     0.999999      1943758   1497965.71
  7301.00000     0.999999      1943758   1747626.67
  7461.00000     1.000000      1943759   2097152.00
  7461.00000     1.000000      1943759          inf
#[Mean    =       11.225, StdDeviation   =       32.993]
#[Max     =     7461.000, Total count    =      1943759]
#[Buckets =           13, SubBuckets     =       262144]
       Value   Percentile   TotalCount 1/(1-Percentile)

   641.00000     0.000000           10         1.00
   925.00000     0.100000       268141         1.11
   937.00000     0.200000       686474         1.25
   937.00000     0.300000       686474         1.43
   949.00000     0.400000      1178780         1.67
   949.00000     0.500000      1178780         2.00
   949.00000     0.550000      1178780         2.22
   949.00000     0.600000      1178780         2.50
   962.00000     0.650000      1438639         2.86
   962.00000     0.700000      1438639         3.33
   974.00000     0.750000      1535512         4.00
   974.00000     0.775000      1535512         4.44
   986.00000     0.800000      1615126         5.00
   986.00000     0.825000      1615126         5.71
   999.00000     0.850000      1679116         6.67
  1011.00000     0.875000      1713955         8.00
  1023.00000     0.887500      1729250         8.89
  1085.00000     0.900000      1749491        10.00
  1159.00000     0.912500      1778923        11.43
  1196.00000     0.925000      1802249        13.33
  1245.00000     0.937500      1826069        16.00
  1282.00000     0.943750      1836686        17.78
  1332.00000     0.950000      1848859        20.00
  1381.00000     0.956250      1859773        22.86
  1443.00000     0.962500      1871212        26.67
  1541.00000     0.968750      1883084        32.00
  1652.00000     0.971875      1889216        35.56
  2442.00000     0.975000      1895208        40.00
  5796.00000     0.978125      1901516        45.71
  5920.00000     0.981250      1908024        53.33
  5981.00000     0.984375      1914708        64.00
  6006.00000     0.985938      1917635        71.11
  6031.00000     0.987500      1920614        80.00
  6055.00000     0.989062      1923464        91.43
  6080.00000     0.990625      1926118       106.67
  6117.00000     0.992188      1929514       128.00
  6129.00000     0.992969      1930459       142.22
  6154.00000     0.993750      1932144       160.00
  6179.00000     0.994531      1933528       182.86
  6215.00000     0.995313      1934703       213.33
  6253.00000     0.996094      1936250       256.00
  6290.00000     0.996484      1937151       284.44
  6327.00000     0.996875      1937757       320.00
  6388.00000     0.997266      1938512       365.71
  6475.00000     0.997656      1939226       426.67
  6647.00000     0.998047      1939982       512.00
  6857.00000     0.998242      1940349       568.89
  7178.00000     0.998437      1940731       640.00
  7412.00000     0.998633      1941123       731.43
  7585.00000     0.998828      1941498       853.33
  7733.00000     0.999023      1941870      1024.00
  7819.00000     0.999121      1942072      1137.78
  7905.00000     0.999219      1942248      1280.00
  8004.00000     0.999316      1942433      1462.86
  8164.00000     0.999414      1942624      1706.67
  8374.00000     0.999512      1942812      2048.00
  8510.00000     0.999561      1942913      2275.56
  8658.00000     0.999609      1943001      2560.00
  8818.00000     0.999658      1943095      2925.71
  9015.00000     0.999707      1943194      3413.33
  9336.00000     0.999756      1943286      4096.00
  9829.00000     0.999780      1943332      4551.11
 10569.00000     0.999805      1943380      5120.00
 11445.00000     0.999829      1943427      5851.43
 13221.00000     0.999854      1943476      6826.67
 16674.00000     0.999878      1943522      8192.00
 18093.00000     0.999890      1943546      9102.22
 21521.00000     0.999902      1943571     10240.00
 23532.00000     0.999915      1943593     11702.86
 25283.00000     0.999927      1943617     13653.33
 26183.00000     0.999939      1943642     16384.00
 26627.00000     0.999945      1943653     18204.44
 27293.00000     0.999951      1943665     20480.00
 27676.00000     0.999957      1943676     23405.71
 28539.00000     0.999963      1943688     27306.67
 28958.00000     0.999969      1943700     32768.00
 29180.00000     0.999973      1943706     36408.89
 29587.00000     0.999976      1943712     40960.00
 29994.00000     0.999979      1943718     46811.43
 30303.00000     0.999982      1943724     54613.33
 30919.00000     0.999985      1943731     65536.00
 31030.00000     0.999986      1943733     72817.78
 31635.00000     0.999988      1943736     81920.00
 32695.00000     0.999989      1943739     93622.86
 33497.00000     0.999991      1943744    109226.67
 34360.00000     0.999992      1943745    131072.00
 35643.00000     0.999993      1943746    145635.56
 40071.00000     0.999994      1943748    163840.00
 40428.00000     0.999995      1943749    187245.71
 47693.00000     0.999995      1943752    218453.33
 47693.00000     0.999996      1943752    262144.00
 63368.00000     0.999997      1943753    291271.11
 86419.00000     0.999997      1943754    327680.00
 86419.00000     0.999997      1943754    374491.43
 88134.00000     0.999998      1943755    436906.67
 93869.00000     0.999998      1943756    524288.00
 93869.00000     0.999998      1943756    582542.22
106880.00000     0.999998      1943757    655360.00
106880.00000     0.999999      1943757    748982.86
106880.00000     0.999999      1943757    873813.33
136345.00000     0.999999      1943758   1048576.00
136345.00000     0.999999      1943758   1165084.44
136345.00000     0.999999      1943758   1310720.00
136345.00000     0.999999      1943758   1497965.71
136345.00000     0.999999      1943758   1747626.67
1607639.00000     1.000000      1943759   2097152.00
1607639.00000     1.000000      1943759          inf
#[Mean    =     1105.488, StdDeviation   =     1438.875]
#[Max     =  1607639.000, Total count    =      1943759]
#[Buckets =           13, SubBuckets     =       262144]

=== EXCHANGE STDERR ===
matching tid: 48084
