=== CLIENT STDERR ===
=== Exchange load generator ===
  clients  : 10
  seed     : 2055067038
  target   : 127.0.0.1:4000
  thread id: 47468
Ctrl-C to stop.


=== Stats ===
  elapsed         : 14.999 s
  requests sent   : 2078461
  ACK responses   : 2078451
  MATCH responses : 1191217
  ERR responses   : 0
  orders in flight: -10
  --- throughput ---
  requests/s      : 138576
  ACK/s           : 138575
  MATCH/s         : 79421
  ERR/s           : 0
  total resp/s    : 138575

=== EXCHANGE STDOUT ===
exchange tid: 47462
inbound thread: 47469
outbound thread: 47470
       Value   Percentile   TotalCount 1/(1-Percentile)

  2084.00000     0.000000            2         1.00
  2380.00000     0.100000       171461         1.11
  2442.00000     0.200000       321204         1.25
  2516.00000     0.300000       501169         1.43
  2590.00000     0.400000       635925         1.67
  2738.00000     0.500000       798908         2.00
  2824.00000     0.550000       870624         2.22
  2923.00000     0.600000       956550         2.50
  3009.00000     0.650000      1036763         2.86
  3095.00000     0.700000      1113584         3.33
  3194.00000     0.750000      1190449         4.00
  3256.00000     0.775000      1232394         4.44
  3317.00000     0.800000      1269264         5.00
  3391.00000     0.825000      1307871         5.71
  3478.00000     0.850000      1345255         6.67
  3589.00000     0.875000      1383687         8.00
  3663.00000     0.887500      1404016         8.89
  3749.00000     0.900000      1423310        10.00
  3860.00000     0.912500      1442449        11.43
  4020.00000     0.925000      1461853        13.33
  4304.00000     0.937500      1481861        16.00
  4575.00000     0.943750      1491657        17.78
  5106.00000     0.950000      1501370        20.00
  6253.00000     0.956250      1511209        22.86
  7338.00000     0.962500      1521291        26.67
  7597.00000     0.968750      1531042        32.00
  7757.00000     0.971875      1536019        35.56
  8004.00000     0.975000      1540764        40.00
  8473.00000     0.978125      1545718        45.71
  9274.00000     0.981250      1550650        53.33
  9977.00000     0.984375      1555612        64.00
 10372.00000     0.985938      1558025        71.11
 10915.00000     0.987500      1560515        80.00
 11704.00000     0.989062      1562993        91.43
 12814.00000     0.990625      1565442       106.67
 14590.00000     0.992188      1567903       128.00
 16008.00000     0.992969      1569139       142.22
 18167.00000     0.993750      1570369       160.00
 21336.00000     0.994531      1571603       182.86
 26812.00000     0.995313      1572839       213.33
 36025.00000     0.996094      1574074       256.00
 42007.00000     0.996484      1574689       284.44
 50048.00000     0.996875      1575308       320.00
 60359.00000     0.997266      1575925       365.71
 76318.00000     0.997656      1576541       426.67
101972.00000     0.998047      1577158       512.00
121569.00000     0.998242      1577468       568.89
145989.00000     0.998437      1577775       640.00
179450.00000     0.998633      1578084       731.43
233642.00000     0.998828      1578393       853.33
350439.00000     0.999023      1578701      1024.00
555483.00000     0.999121      1578856      1137.78
907007.00000     0.999219      1579010      1280.00
1803639.00000     0.999316      1579164      1462.86
3113231.00000     0.999414      1579319      1706.67
4203391.00000     0.999512      1579473      2048.00
4567423.00000     0.999561      1579550      2275.56
4807199.00000     0.999609      1579627      2560.00
4871935.00000     0.999658      1579704      2925.71
4927007.00000     0.999707      1579782      3413.33
4981471.00000     0.999756      1579859      4096.00
5008127.00000     0.999780      1579897      4551.11
5063007.00000     0.999805      1579936      5120.00
5661599.00000     0.999829      1579974      5851.43
5951519.00000     0.999854      1580013      6826.67
6641919.00000     0.999878      1580052      8192.00
7041023.00000     0.999890      1580071      9102.22
8063295.00000     0.999902      1580090     10240.00
8257791.00000     0.999915      1580109     11702.86
8737983.00000     0.999927      1580129     13653.33
9256127.00000     0.999939      1580148     16384.00
9748927.00000     0.999945      1580158     18204.44
9851583.00000     0.999951      1580167     20480.00
9908287.00000     0.999957      1580178     23405.71
9950271.00000     0.999963      1580188     27306.67
10396095.00000     0.999969      1580196     32768.00
10472831.00000     0.999973      1580201     36408.89
10513407.00000     0.999976      1580206     40960.00
11090367.00000     0.999979      1580211     46811.43
11132799.00000     0.999982      1580217     54613.33
11145535.00000     0.999985      1580221     65536.00
11170623.00000     0.999986      1580223     72817.78
12525439.00000     0.999988      1580225     81920.00
12546559.00000     0.999989      1580228     93622.86
12560255.00000     0.999991      1580230    109226.67
12575295.00000     0.999992      1580232    131072.00
12595327.00000     0.999993      1580234    145635.56
12605375.00000     0.999994      1580235    163840.00
12613439.00000     0.999995      1580236    187245.71
12624831.00000     0.999995      1580237    218453.33
12632959.00000     0.999996      1580238    262144.00
14884351.00000     0.999997      1580239    291271.11
14896447.00000     0.999997      1580240    327680.00
14896447.00000     0.999997      1580240    374491.43
14919935.00000     0.999998      1580241    436906.67
14919935.00000     0.999998      1580241    524288.00
14954815.00000     0.999998      1580243    582542.22
14954815.00000     0.999998      1580243    655360.00
14954815.00000     0.999999      1580243    748982.86
14954815.00000     0.999999      1580243    873813.33
14954815.00000     0.999999      1580243   1048576.00
14954815.00000     0.999999      1580243   1165084.44
14954815.00000     0.999999      1580243   1310720.00
14954815.00000     0.999999      1580243   1497965.71
14968639.00000     0.999999      1580244   1747626.67
14968639.00000     1.000000      1580244          inf
#[Mean    =     7233.758, StdDeviation   =   150237.483]
#[Max     = 14968639.000, Total count    =      1580244]
#[Buckets =           13, SubBuckets     =       262144]
       Value   Percentile   TotalCount 1/(1-Percentile)

   974.00000     0.000000            3         1.00
  1036.00000     0.100000       175520         1.11
  1048.00000     0.200000       523276         1.25
  1048.00000     0.300000       523276         1.43
  1060.00000     0.400000       823921         1.67
  1060.00000     0.500000       823921         2.00
  1073.00000     0.550000       918027         2.22
  1110.00000     0.600000       953969         2.50
  1221.00000     0.650000      1030120         2.86
  1282.00000     0.700000      1119746         3.33
  1319.00000     0.750000      1200700         4.00
  1332.00000     0.775000      1227696         4.44
  1356.00000     0.800000      1277079         5.00
  1381.00000     0.825000      1312092         5.71
  1418.00000     0.850000      1345022         6.67
  1480.00000     0.875000      1387084         8.00
  1504.00000     0.887500      1407236         8.89
  1529.00000     0.900000      1429643        10.00
  1554.00000     0.912500      1452888        11.43
  1566.00000     0.925000      1464125        13.33
  1591.00000     0.937500      1484544        16.00
  1603.00000     0.943750      1493692        17.78
  1615.00000     0.950000      1501912        20.00
  1640.00000     0.956250      1515794        22.86
  1652.00000     0.962500      1521703        26.67
  1677.00000     0.968750      1531329        32.00
  1702.00000     0.971875      1539039        35.56
  1714.00000     0.975000      1542217        40.00
  1739.00000     0.978125      1547520        45.71
  1763.00000     0.981250      1551493        53.33
  1800.00000     0.984375      1555907        64.00
  1837.00000     0.985938      1558637        71.11
  1874.00000     0.987500      1560597        80.00
  1973.00000     0.989062      1563193        91.43
  2146.00000     0.990625      1565430       106.67
  2392.00000     0.992188      1568012       128.00
  2503.00000     0.992969      1569236       142.22
  2627.00000     0.993750      1570476       160.00
  2762.00000     0.994531      1571624       182.86
  2972.00000     0.995313      1572886       213.33
  3293.00000     0.996094      1574077       256.00
  3552.00000     0.996484      1574704       284.44
  3971.00000     0.996875      1575312       320.00
  5180.00000     0.997266      1575928       365.71
  6043.00000     0.997656      1576545       426.67
  6512.00000     0.998047      1577169       512.00
  6734.00000     0.998242      1577476       568.89
  7017.00000     0.998437      1577785       640.00
  7461.00000     0.998633      1578087       731.43
  8127.00000     0.998828      1578393       853.33
  9015.00000     0.999023      1578706      1024.00
  9385.00000     0.999121      1578859      1137.78
  9817.00000     0.999219      1579014      1280.00
 10323.00000     0.999316      1579166      1462.86
 11038.00000     0.999414      1579319      1706.67
 12062.00000     0.999512      1579475      2048.00
 12629.00000     0.999561      1579552      2275.56
 13258.00000     0.999609      1579628      2560.00
 13764.00000     0.999658      1579705      2925.71
 14787.00000     0.999707      1579782      3413.33
 16341.00000     0.999756      1579859      4096.00
 17316.00000     0.999780      1579897      4551.11
 18845.00000     0.999805      1579937      5120.00
 21571.00000     0.999829      1579974      5851.43
 24666.00000     0.999854      1580014      6826.67
 27565.00000     0.999878      1580052      8192.00
 31487.00000     0.999890      1580071      9102.22
 38208.00000     0.999902      1580090     10240.00
 45695.00000     0.999915      1580109     11702.86
 59718.00000     0.999927      1580129     13653.33
 76688.00000     0.999939      1580148     16384.00
 93943.00000     0.999945      1580158     18204.44
107892.00000     0.999951      1580167     20480.00
196655.00000     0.999957      1580177     23405.71
645171.00000     0.999963      1580187     27306.67
2272623.00000     0.999969      1580196     32768.00
2481071.00000     0.999973      1580201     36408.89
2811951.00000     0.999976      1580206     40960.00
3776927.00000     0.999979      1580211     46811.43
4416639.00000     0.999982      1580216     54613.33
4781055.00000     0.999985      1580220     65536.00
5045183.00000     0.999986      1580223     72817.78
5046175.00000     0.999988      1580225     81920.00
5513503.00000     0.999989      1580228     93622.86
5612159.00000     0.999991      1580230    109226.67
5996415.00000     0.999992      1580232    131072.00
6153631.00000     0.999993      1580234    145635.56
6153919.00000     0.999994      1580235    163840.00
6705375.00000     0.999995      1580236    187245.71
6706015.00000     0.999995      1580237    218453.33
7003135.00000     0.999996      1580238    262144.00
7003839.00000     0.999997      1580239    291271.11
7718623.00000     0.999997      1580240    327680.00
7718623.00000     0.999997      1580240    374491.43
7719199.00000     0.999998      1580241    436906.67
7719199.00000     0.999998      1580241    524288.00
8016031.00000     0.999998      1580242    582542.22
8016031.00000     0.999998      1580242    655360.00
8016031.00000     0.999999      1580242    748982.86
8017279.00000     0.999999      1580243    873813.33
8017279.00000     0.999999      1580243   1048576.00
8017279.00000     0.999999      1580243   1165084.44
8017279.00000     0.999999      1580243   1310720.00
8017279.00000     0.999999      1580243   1497965.71
8017375.00000     0.999999      1580244   1747626.67
8017375.00000     1.000000      1580244          inf
#[Mean    =     1381.648, StdDeviation   =    28584.781]
#[Max     =  8017375.000, Total count    =      1580244]
#[Buckets =           13, SubBuckets     =       262144]
       Value   Percentile   TotalCount 1/(1-Percentile)

     0.00000     0.000000        78776         1.00
    12.00000     0.100000      1069203         1.11
    12.00000     0.200000      1069203         1.25
    12.00000     0.300000      1069203         1.43
    12.00000     0.400000      1069203         1.67
    12.00000     0.500000      1069203         2.00
    12.00000     0.550000      1069203         2.22
    12.00000     0.600000      1069203         2.50
    12.00000     0.650000      1069203         2.86
    24.00000     0.700000      1541700         3.33
    24.00000     0.750000      1541700         4.00
    24.00000     0.775000      1541700         4.44
    24.00000     0.800000      1541700         5.00
    24.00000     0.825000      1541700         5.71
    24.00000     0.850000      1541700         6.67
    24.00000     0.875000      1541700         8.00
    24.00000     0.887500      1541700         8.89
    24.00000     0.900000      1541700        10.00
    24.00000     0.912500      1541700        11.43
    24.00000     0.925000      1541700        13.33
    24.00000     0.937500      1541700        16.00
    24.00000     0.943750      1541700        17.78
    24.00000     0.950000      1541700        20.00
    24.00000     0.956250      1541700        22.86
    24.00000     0.962500      1541700        26.67
    24.00000     0.968750      1541700        32.00
    24.00000     0.971875      1541700        35.56
    24.00000     0.975000      1541700        40.00
    37.00000     0.978125      1567840        45.71
    37.00000     0.981250      1567840        53.33
    37.00000     0.984375      1567840        64.00
    37.00000     0.985938      1567840        71.11
    37.00000     0.987500      1567840        80.00
    37.00000     0.989062      1567840        91.43
    37.00000     0.990625      1567840       106.67
    49.00000     0.992188      1576649       128.00
    49.00000     0.992969      1576649       142.22
    49.00000     0.993750      1576649       160.00
    49.00000     0.994531      1576649       182.86
    49.00000     0.995313      1576649       213.33
    49.00000     0.996094      1576649       256.00
    49.00000     0.996484      1576649       284.44
    49.00000     0.996875      1576649       320.00
    49.00000     0.997266      1576649       365.71
    49.00000     0.997656      1576649       426.67
    61.00000     0.998047      1579173       512.00
    61.00000     0.998242      1579173       568.89
    61.00000     0.998437      1579173       640.00
    61.00000     0.998633      1579173       731.43
    61.00000     0.998828      1579173       853.33
    61.00000     0.999023      1579173      1024.00
    61.00000     0.999121      1579173      1137.78
    61.00000     0.999219      1579173      1280.00
    61.00000     0.999316      1579173      1462.86
    74.00000     0.999414      1579564      1706.67
    74.00000     0.999512      1579564      2048.00
    74.00000     0.999561      1579564      2275.56
    86.00000     0.999609      1579667      2560.00
    98.00000     0.999658      1579733      2925.71
   111.00000     0.999707      1579792      3413.33
   135.00000     0.999756      1579879      4096.00
   148.00000     0.999780      1579928      4551.11
   160.00000     0.999805      1579960      5120.00
   172.00000     0.999829      1579994      5851.43
   185.00000     0.999854      1580013      6826.67
   222.00000     0.999878      1580071      8192.00
   222.00000     0.999890      1580071      9102.22
   246.00000     0.999902      1580103     10240.00
   259.00000     0.999915      1580112     11702.86
   308.00000     0.999927      1580134     13653.33
   345.00000     0.999939      1580153     16384.00
   357.00000     0.999945      1580159     18204.44
   382.00000     0.999951      1580169     20480.00
   419.00000     0.999957      1580181     23405.71
   431.00000     0.999963      1580187     27306.67
   542.00000     0.999969      1580199     32768.00
   555.00000     0.999973      1580202     36408.89
   604.00000     0.999976      1580206     40960.00
   666.00000     0.999979      1580211     46811.43
   740.00000     0.999982      1580216     54613.33
   826.00000     0.999985      1580220     65536.00
   937.00000     0.999986      1580223     72817.78
   962.00000     0.999988      1580226     81920.00
  1036.00000     0.999989      1580230     93622.86
  1036.00000     0.999991      1580230    109226.67
  1134.00000     0.999992      1580232    131072.00
  1307.00000     0.999993      1580234    145635.56
  1406.00000     0.999994      1580235    163840.00
  1492.00000     0.999995      1580236    187245.71
  1652.00000     0.999995      1580237    218453.33
  2787.00000     0.999996      1580238    262144.00
  3996.00000     0.999997      1580239    291271.11
  5217.00000     0.999997      1580240    327680.00
  5217.00000     0.999997      1580240    374491.43
  5513.00000     0.999998      1580241    436906.67
  5513.00000     0.999998      1580241    524288.00
  6808.00000     0.999998      1580242    582542.22
  6808.00000     0.999998      1580242    655360.00
  6808.00000     0.999999      1580242    748982.86
  7190.00000     0.999999      1580243    873813.33
  7190.00000     0.999999      1580243   1048576.00
  7190.00000     0.999999      1580243   1165084.44
  7190.00000     0.999999      1580243   1310720.00
  7190.00000     0.999999      1580243   1497965.71
  7498.00000     0.999999      1580244   1747626.67
  7498.00000     1.000000      1580244          inf
#[Mean    =       15.813, StdDeviation   =       15.500]
#[Max     =     7498.000, Total count    =      1580244]
#[Buckets =           13, SubBuckets     =       262144]
       Value   Percentile   TotalCount 1/(1-Percentile)

    49.00000     0.000000            1         1.00
    98.00000     0.100000       768752         1.11
    98.00000     0.200000       768752         1.25
    98.00000     0.300000       768752         1.43
    98.00000     0.400000       768752         1.67
   110.00000     0.500000       794637         2.00
   111.00000     0.550000      1207200         2.22
   111.00000     0.600000      1207200         2.50
   111.00000     0.650000      1207200         2.86
   111.00000     0.700000      1207200         3.33
   111.00000     0.750000      1207200         4.00
   123.00000     0.775000      1423147         4.44
   123.00000     0.800000      1423147         5.00
   123.00000     0.825000      1423147         5.71
   123.00000     0.850000      1423147         6.67
   123.00000     0.875000      1423147         8.00
   123.00000     0.887500      1423147         8.89
   123.00000     0.900000      1423147        10.00
   135.00000     0.912500      1515786        11.43
   135.00000     0.925000      1515786        13.33
   135.00000     0.937500      1515786        16.00
   135.00000     0.943750      1515786        17.78
   135.00000     0.950000      1515786        20.00
   135.00000     0.956250      1515786        22.86
   148.00000     0.962500      1538061        26.67
   148.00000     0.968750      1538061        32.00
   148.00000     0.971875      1538061        35.56
   160.00000     0.975000      1545591        40.00
   172.00000     0.978125      1549164        45.71
   185.00000     0.981250      1551569        53.33
   221.00000     0.984375      1555613        64.00
   234.00000     0.985938      1558351        71.11
   271.00000     0.987500      1560540        80.00
   333.00000     0.989062      1563042        91.43
   419.00000     0.990625      1565578       106.67
   542.00000     0.992188      1568015       128.00
   628.00000     0.992969      1569133       142.22
   715.00000     0.993750      1570456       160.00
   838.00000     0.994531      1571668       182.86
  1023.00000     0.995313      1572855       213.33
  1369.00000     0.996094      1574099       256.00
  1689.00000     0.996484      1574693       284.44
  2269.00000     0.996875      1575310       320.00
  3120.00000     0.997266      1575929       365.71
  4193.00000     0.997656      1576542       426.67
  5920.00000     0.998047      1577160       512.00
  7252.00000     0.998242      1577470       568.89
  9163.00000     0.998437      1577776       640.00
 12370.00000     0.998633      1578085       731.43
 17587.00000     0.998828      1578394       853.33
 31228.00000     0.999023      1578701      1024.00
 45732.00000     0.999121      1578856      1137.78
 67130.00000     0.999219      1579010      1280.00
101676.00000     0.999316      1579164      1462.86
151613.00000     0.999414      1579319      1706.67
450303.00000     0.999512      1579473      2048.00
613747.00000     0.999561      1579550      2275.56
862559.00000     0.999609      1579627      2560.00
2101823.00000     0.999658      1579704      2925.71
3062095.00000     0.999707      1579782      3413.33
4336959.00000     0.999756      1579859      4096.00
4616799.00000     0.999780      1579897      4551.11
4799327.00000     0.999805      1579936      5120.00
4836863.00000     0.999829      1579974      5851.43
4887807.00000     0.999854      1580013      6826.67
5038143.00000     0.999878      1580052      8192.00
5617663.00000     0.999890      1580071      9102.22
5798111.00000     0.999902      1580090     10240.00
6336351.00000     0.999915      1580109     11702.86
6801375.00000     0.999927      1580129     13653.33
7149183.00000     0.999939      1580148     16384.00
8091199.00000     0.999945      1580158     18204.44
8169439.00000     0.999951      1580167     20480.00
8454911.00000     0.999957      1580177     23405.71
8675775.00000     0.999963      1580187     27306.67
8745855.00000     0.999969      1580196     32768.00
8797183.00000     0.999973      1580201     36408.89
9771647.00000     0.999976      1580206     40960.00
9968127.00000     0.999979      1580211     46811.43
9972479.00000     0.999982      1580216     54613.33
9976447.00000     0.999985      1580220     65536.00
9978495.00000     0.999986      1580223     72817.78
12437183.00000     0.999988      1580225     81920.00
12446271.00000     0.999989      1580228     93622.86
12452543.00000     0.999991      1580230    109226.67
12461247.00000     0.999992      1580232    131072.00
12473471.00000     0.999993      1580234    145635.56
12483199.00000     0.999994      1580235    163840.00
12491839.00000     0.999995      1580236    187245.71
12510399.00000     0.999995      1580237    218453.33
12510783.00000     0.999996      1580238    262144.00
14814911.00000     0.999997      1580239    291271.11
14815935.00000     0.999997      1580240    327680.00
14815935.00000     0.999997      1580240    374491.43
14816959.00000     0.999998      1580241    436906.67
14816959.00000     0.999998      1580241    524288.00
14817407.00000     0.999998      1580242    582542.22
14817407.00000     0.999998      1580242    655360.00
14817407.00000     0.999999      1580242    748982.86
14818687.00000     0.999999      1580243    873813.33
14818687.00000     0.999999      1580243   1048576.00
14818687.00000     0.999999      1580243   1165084.44
14818687.00000     0.999999      1580243   1310720.00
14818687.00000     0.999999      1580243   1497965.71
14820095.00000     0.999999      1580244   1747626.67
14820095.00000     1.000000      1580244          inf
#[Mean    =     2163.378, StdDeviation   =   110778.778]
#[Max     = 14820095.000, Total count    =      1580244]
#[Buckets =           13, SubBuckets     =       262144]
       Value   Percentile   TotalCount 1/(1-Percentile)

     0.00000     0.000000         8688         1.00
    37.00000     0.100000       286870         1.11
    49.00000     0.200000       562953         1.25
    49.00000     0.300000       562953         1.43
    61.00000     0.400000       634905         1.67
   111.00000     0.500000       792050         2.00
   135.00000     0.550000       875332         2.22
   160.00000     0.600000       959587         2.50
   185.00000     0.650000      1034543         2.86
   222.00000     0.700000      1126381         3.33
   259.00000     0.750000      1206086         4.00
   271.00000     0.775000      1229462         4.44
   296.00000     0.800000      1271070         5.00
   320.00000     0.825000      1306262         5.71
   357.00000     0.850000      1350324         6.67
   394.00000     0.875000      1387200         8.00
   419.00000     0.887500      1408408         8.89
   444.00000     0.900000      1427111        10.00
   468.00000     0.912500      1443192        11.43
   505.00000     0.925000      1463716        13.33
   555.00000     0.937500      1485304        16.00
   579.00000     0.943750      1493918        17.78
   604.00000     0.950000      1501490        20.00
   641.00000     0.956250      1511311        22.86
   690.00000     0.962500      1521827        26.67
   752.00000     0.968750      1532013        32.00
   789.00000     0.971875      1536899        35.56
   826.00000     0.975000      1540970        40.00
   888.00000     0.978125      1546574        45.71
   949.00000     0.981250      1550750        53.33
  1060.00000     0.984375      1555941        64.00
  1134.00000     0.985938      1558321        71.11
  1233.00000     0.987500      1560687        80.00
  1381.00000     0.989062      1563054        91.43
  1640.00000     0.990625      1565453       106.67
  2146.00000     0.992188      1567915       128.00
  2688.00000     0.992969      1569138       142.22
  4094.00000     0.993750      1570373       160.00
  4921.00000     0.994531      1571643       182.86
  5328.00000     0.995313      1572850       213.33
  5994.00000     0.996094      1574081       256.00
  6536.00000     0.996484      1574691       284.44
  7202.00000     0.996875      1575311       320.00
  7831.00000     0.997266      1575925       365.71
  8473.00000     0.997656      1576543       426.67
  9102.00000     0.998047      1577158       512.00
  9459.00000     0.998242      1577474       568.89
  9866.00000     0.998437      1577780       640.00
 10273.00000     0.998633      1578085       731.43
 10742.00000     0.998828      1578398       853.33
 11445.00000     0.999023      1578705      1024.00
 11803.00000     0.999121      1578862      1137.78
 12296.00000     0.999219      1579015      1280.00
 12814.00000     0.999316      1579164      1462.86
 13443.00000     0.999414      1579319      1706.67
 14257.00000     0.999512      1579473      2048.00
 14676.00000     0.999561      1579551      2275.56
 15157.00000     0.999609      1579627      2560.00
 15811.00000     0.999658      1579705      2925.71
 16835.00000     0.999707      1579782      3413.33
 17982.00000     0.999756      1579859      4096.00
 18648.00000     0.999780      1579897      4551.11
 19536.00000     0.999805      1579936      5120.00
 21065.00000     0.999829      1579974      5851.43
 23199.00000     0.999854      1580013      6826.67
 25283.00000     0.999878      1580052      8192.00
 27355.00000     0.999890      1580072      9102.22
 28453.00000     0.999902      1580090     10240.00
 30648.00000     0.999915      1580109     11702.86
 32436.00000     0.999927      1580129     13653.33
 34422.00000     0.999939      1580148     16384.00
 36371.00000     0.999945      1580158     18204.44
 37567.00000     0.999951      1580167     20480.00
 40108.00000     0.999957      1580177     23405.71
 46151.00000     0.999963      1580188     27306.67
 49678.00000     0.999969      1580196     32768.00
 52688.00000     0.999973      1580201     36408.89
 57152.00000     0.999976      1580206     40960.00
 59163.00000     0.999979      1580211     46811.43
 63997.00000     0.999982      1580216     54613.33
 68598.00000     0.999985      1580220     65536.00
 75541.00000     0.999986      1580223     72817.78
 83657.00000     0.999988      1580225     81920.00
 88467.00000     0.999989      1580228     93622.86
 91081.00000     0.999991      1580230    109226.67
 95349.00000     0.999992      1580232    131072.00
 97075.00000     0.999993      1580234    145635.56
 99702.00000     0.999994      1580235    163840.00
101466.00000     0.999995      1580236    187245.71
110371.00000     0.999995      1580237    218453.33
112073.00000     0.999996      1580238    262144.00
123419.00000     0.999997      1580239    291271.11
140501.00000     0.999997      1580240    327680.00
140501.00000     0.999997      1580240    374491.43
146816.00000     0.999998      1580241    436906.67
146816.00000     0.999998      1580241    524288.00
152218.00000     0.999998      1580242    582542.22
152218.00000     0.999998      1580242    655360.00
152218.00000     0.999999      1580242    748982.86
156929.00000     0.999999      1580243    873813.33
156929.00000     0.999999      1580243   1048576.00
156929.00000     0.999999      1580243   1165084.44
156929.00000     0.999999      1580243   1310720.00
156929.00000     0.999999      1580243   1497965.71
260887.00000     0.999999      1580244   1747626.67
260887.00000     1.000000      1580244          inf
#[Mean    =      242.445, StdDeviation   =      926.826]
#[Max     =   260887.000, Total count    =      1580244]
#[Buckets =           13, SubBuckets     =       262144]
       Value   Percentile   TotalCount 1/(1-Percentile)

    86.00000     0.000000            7         1.00
   185.00000     0.100000       177942         1.11
   222.00000     0.200000       389484         1.25
   246.00000     0.300000       542274         1.43
   271.00000     0.400000       696605         1.67
   296.00000     0.500000       852782         2.00
   308.00000     0.550000       932396         2.22
   320.00000     0.600000      1010704         2.50
   333.00000     0.650000      1087579         2.86
   345.00000     0.700000      1161986         3.33
   357.00000     0.750000      1220865         4.00
   370.00000     0.775000      1265813         4.44
   370.00000     0.800000      1265813         5.00
   382.00000     0.825000      1318725         5.71
   394.00000     0.850000      1358684         6.67
   407.00000     0.875000      1386577         8.00
   419.00000     0.887500      1410473         8.89
   431.00000     0.900000      1431274        10.00
   444.00000     0.912500      1449390        11.43
   456.00000     0.925000      1465289        13.33
   481.00000     0.937500      1489118        16.00
   493.00000     0.943750      1497212        17.78
   505.00000     0.950000      1503486        20.00
   530.00000     0.956250      1512605        22.86
   579.00000     0.962500      1522371        26.67
   715.00000     0.968750      1531251        32.00
   875.00000     0.971875      1536070        35.56
  1036.00000     0.975000      1541013        40.00
  1258.00000     0.978125      1545685        45.71
  1504.00000     0.981250      1550660        53.33
  1886.00000     0.984375      1555553        64.00
  2146.00000     0.985938      1558044        71.11
  2479.00000     0.987500      1560531        80.00
  2972.00000     0.989062      1562961        91.43
  3761.00000     0.990625      1565456       106.67
  5229.00000     0.992188      1567903       128.00
  5784.00000     0.992969      1569134       142.22
  7054.00000     0.993750      1570376       160.00
  9311.00000     0.994531      1571608       182.86
 13369.00000     0.995313      1572837       213.33
 20609.00000     0.996094      1574072       256.00
 25061.00000     0.996484      1574692       284.44
 31351.00000     0.996875      1575310       320.00
 37863.00000     0.997266      1575924       365.71
 45411.00000     0.997656      1576543       426.67
 54279.00000     0.998047      1577158       512.00
 59903.00000     0.998242      1577467       568.89
 66674.00000     0.998437      1577775       640.00
 76109.00000     0.998633      1578084       731.43
 89466.00000     0.998828      1578393       853.33
110408.00000     0.999023      1578701      1024.00
125639.00000     0.999121      1578856      1137.78
148000.00000     0.999219      1579010      1280.00
179894.00000     0.999316      1579164      1462.86
225342.00000     0.999414      1579319      1706.67
303387.00000     0.999512      1579473      2048.00
361565.00000     0.999561      1579550      2275.56
605371.00000     0.999609      1579627      2560.00
1363799.00000     0.999658      1579704      2925.71
2680095.00000     0.999707      1579782      3413.33
3779503.00000     0.999756      1579859      4096.00
4218591.00000     0.999780      1579897      4551.11
4576671.00000     0.999805      1579936      5120.00
4730591.00000     0.999829      1579974      5851.43
4830239.00000     0.999854      1580013      6826.67
4888543.00000     0.999878      1580054      8192.00
4902591.00000     0.999890      1580071      9102.22
4927775.00000     0.999902      1580090     10240.00
4952799.00000     0.999915      1580109     11702.86
4969855.00000     0.999927      1580129     13653.33
4987199.00000     0.999939      1580148     16384.00
4994271.00000     0.999945      1580158     18204.44
5003039.00000     0.999951      1580167     20480.00
5014047.00000     0.999957      1580177     23405.71
5035391.00000     0.999963      1580187     27306.67
6371071.00000     0.999969      1580196     32768.00
6489279.00000     0.999973      1580201     36408.89
6525343.00000     0.999976      1580206     40960.00
9164607.00000     0.999979      1580211     46811.43
9239615.00000     0.999982      1580216     54613.33
9272703.00000     0.999985      1580220     65536.00
9304767.00000     0.999986      1580223     72817.78
9405759.00000     0.999988      1580225     81920.00
9914111.00000     0.999989      1580228     93622.86
9927359.00000     0.999991      1580230    109226.67
10383935.00000     0.999992      1580232    131072.00
10401983.00000     0.999993      1580234    145635.56
10435647.00000     0.999994      1580235    163840.00
10457535.00000     0.999995      1580236    187245.71
10460415.00000     0.999995      1580237    218453.33
10468799.00000     0.999996      1580238    262144.00
10472255.00000     0.999997      1580239    291271.11
10480447.00000     0.999997      1580240    327680.00
10480447.00000     0.999997      1580240    374491.43
10502463.00000     0.999998      1580241    436906.67
10502463.00000     0.999998      1580241    524288.00
10505599.00000     0.999998      1580242    582542.22
10505599.00000     0.999998      1580242    655360.00
10505599.00000     0.999999      1580242    748982.86
10544383.00000     0.999999      1580243    873813.33
10544383.00000     0.999999      1580243   1048576.00
10544383.00000     0.999999      1580243   1165084.44
10544383.00000     0.999999      1580243   1310720.00
10544383.00000     0.999999      1580243   1497965.71
10562431.00000     0.999999      1580244   1747626.67
10562431.00000     1.000000      1580244          inf
#[Mean    =     2215.771, StdDeviation   =    89956.949]
#[Max     = 10562431.000, Total count    =      1580244]
#[Buckets =           13, SubBuckets     =       262144]
       Value   Percentile   TotalCount 1/(1-Percentile)

     0.00000     0.000000       180376         1.00
     0.00000     0.100000       180376         1.11
    12.00000     0.200000      1435388         1.25
    12.00000     0.300000      1435388         1.43
    12.00000     0.400000      1435388         1.67
    12.00000     0.500000      1435388         2.00
    12.00000     0.550000      1435388         2.22
    12.00000     0.600000      1435388         2.50
    12.00000     0.650000      1435388         2.86
    12.00000     0.700000      1435388         3.33
    12.00000     0.750000      1435388         4.00
    12.00000     0.775000      1435388         4.44
    12.00000     0.800000      1435388         5.00
    12.00000     0.825000      1435388         5.71
    12.00000     0.850000      1435388         6.67
    12.00000     0.875000      1435388         8.00
    12.00000     0.887500      1435388         8.89
    12.00000     0.900000      1435388        10.00
    24.00000     0.912500      1544702        11.43
    24.00000     0.925000      1544702        13.33
    24.00000     0.937500      1544702        16.00
    24.00000     0.943750      1544702        17.78
    24.00000     0.950000      1544702        20.00
    24.00000     0.956250      1544702        22.86
    24.00000     0.962500      1544702        26.67
    24.00000     0.968750      1544702        32.00
    24.00000     0.971875      1544702        35.56
    24.00000     0.975000      1544702        40.00
    37.00000     0.978125      1557700        45.71
    37.00000     0.981250      1557700        53.33
    37.00000     0.984375      1557700        64.00
    49.00000     0.985938      1565165        71.11
    49.00000     0.987500      1565165        80.00
    49.00000     0.989062      1565165        91.43
    61.00000     0.990625      1567551       106.67
    74.00000     0.992188      1568669       128.00
    86.00000     0.992969      1569377       142.22
    98.00000     0.993750      1571019       160.00
   111.00000     0.994531      1574240       182.86
   111.00000     0.995313      1574240       213.33
   111.00000     0.996094      1574240       256.00
   123.00000     0.996484      1575413       284.44
   123.00000     0.996875      1575413       320.00
   135.00000     0.997266      1576106       365.71
   148.00000     0.997656      1576583       426.67
   172.00000     0.998047      1577324       512.00
   185.00000     0.998242      1577565       568.89
   197.00000     0.998437      1577782       640.00
   234.00000     0.998633      1578178       731.43
   271.00000     0.998828      1578482       853.33
   308.00000     0.999023      1578703      1024.00
   345.00000     0.999121      1578906      1137.78
   370.00000     0.999219      1579014      1280.00
   407.00000     0.999316      1579183      1462.86
   456.00000     0.999414      1579343      1706.67
   505.00000     0.999512      1579493      2048.00
   530.00000     0.999561      1579567      2275.56
   555.00000     0.999609      1579643      2560.00
   592.00000     0.999658      1579725      2925.71
   629.00000     0.999707      1579786      3413.33
   678.00000     0.999756      1579864      4096.00
   715.00000     0.999780      1579905      4551.11
   752.00000     0.999805      1579936      5120.00
   801.00000     0.999829      1579978      5851.43
   875.00000     0.999854      1580014      6826.67
  1023.00000     0.999878      1580052      8192.00
  1159.00000     0.999890      1580072      9102.22
  1319.00000     0.999902      1580090     10240.00
  1640.00000     0.999915      1580109     11702.86
  5093.00000     0.999927      1580129     13653.33
  5254.00000     0.999939      1580148     16384.00
  5328.00000     0.999945      1580158     18204.44
  5389.00000     0.999951      1580167     20480.00
  5513.00000     0.999957      1580177     23405.71
  5944.00000     0.999963      1580187     27306.67
  6499.00000     0.999969      1580196     32768.00
  6610.00000     0.999973      1580201     36408.89
  6783.00000     0.999976      1580206     40960.00
  7067.00000     0.999979      1580211     46811.43
  7301.00000     0.999982      1580216     54613.33
  7585.00000     0.999985      1580222     65536.00
  7622.00000     0.999986      1580223     72817.78
  7782.00000     0.999988      1580225     81920.00
  8004.00000     0.999989      1580228     93622.86
 10557.00000     0.999991      1580230    109226.67
 11926.00000     0.999992      1580232    131072.00
 12826.00000     0.999993      1580234    145635.56
 12863.00000     0.999994      1580235    163840.00
 12962.00000     0.999995      1580236    187245.71
 13024.00000     0.999995      1580237    218453.33
 13147.00000     0.999996      1580238    262144.00
 13246.00000     0.999997      1580239    291271.11
 13332.00000     0.999997      1580240    327680.00
 13332.00000     0.999997      1580240    374491.43
 13492.00000     0.999998      1580241    436906.67
 13492.00000     0.999998      1580241    524288.00
 13653.00000     0.999998      1580242    582542.22
 13653.00000     0.999998      1580242    655360.00
 13653.00000     0.999999      1580242    748982.86
 14467.00000     0.999999      1580243    873813.33
 14467.00000     0.999999      1580243   1048576.00
 14467.00000     0.999999      1580243   1165084.44
 14467.00000     0.999999      1580243   1310720.00
 14467.00000     0.999999      1580243   1497965.71
 47236.00000     0.999999      1580244   1747626.67
 47236.00000     1.000000      1580244          inf
#[Mean    =       13.769, StdDeviation   =       76.904]
#[Max     =    47236.000, Total count    =      1580244]
#[Buckets =           13, SubBuckets     =       262144]
       Value   Percentile   TotalCount 1/(1-Percentile)

   628.00000     0.000000            2         1.00
   900.00000     0.100000       326104         1.11
   900.00000     0.200000       326104         1.25
   912.00000     0.300000       555946         1.43
   925.00000     0.400000       734807         1.67
   937.00000     0.500000       842321         2.00
   949.00000     0.550000       903724         2.22
   974.00000     0.600000       977881         2.50
  1011.00000     0.650000      1031414         2.86
  1110.00000     0.700000      1109866         3.33
  1159.00000     0.750000      1196877         4.00
  1184.00000     0.775000      1240870         4.44
  1208.00000     0.800000      1277657         5.00
  1233.00000     0.825000      1306002         5.71
  1282.00000     0.850000      1349684         6.67
  1332.00000     0.875000      1388621         8.00
  1356.00000     0.887500      1406457         8.89
  1381.00000     0.900000      1423164        10.00
  1418.00000     0.912500      1445711        11.43
  1455.00000     0.925000      1464560        13.33
  1504.00000     0.937500      1484412        16.00
  1529.00000     0.943750      1492274        17.78
  1566.00000     0.950000      1501854        20.00
  1615.00000     0.956250      1511728        22.86
  1702.00000     0.962500      1521909        26.67
  2010.00000     0.968750      1530944        32.00
  2947.00000     0.971875      1535830        35.56
  4033.00000     0.975000      1540770        40.00
  5278.00000     0.978125      1545708        45.71
  5747.00000     0.981250      1550702        53.33
  5895.00000     0.984375      1555685        64.00
  5944.00000     0.985938      1558022        71.11
  6006.00000     0.987500      1561028        80.00
  6055.00000     0.989062      1563048        91.43
  6142.00000     0.990625      1565645       106.67
  6314.00000     0.992188      1567967       128.00
  6512.00000     0.992969      1569154       142.22
  6882.00000     0.993750      1570382       160.00
  7239.00000     0.994531      1571611       182.86
  7474.00000     0.995313      1572852       213.33
  7696.00000     0.996094      1574114       256.00
  7807.00000     0.996484      1574703       284.44
  7955.00000     0.996875      1575343       320.00
  8127.00000     0.997266      1575947       365.71
  8362.00000     0.997656      1576570       426.67
  8621.00000     0.998047      1577168       512.00
  8769.00000     0.998242      1577468       568.89
  8941.00000     0.998437      1577786       640.00
  9126.00000     0.998633      1578089       731.43
  9472.00000     0.998828      1578401       853.33
 10162.00000     0.999023      1578703      1024.00
 10717.00000     0.999121      1578856      1137.78
 11519.00000     0.999219      1579010      1280.00
 12543.00000     0.999316      1579165      1462.86
 13912.00000     0.999414      1579320      1706.67
 16896.00000     0.999512      1579474      2048.00
 19178.00000     0.999561      1579550      2275.56
 21077.00000     0.999609      1579627      2560.00
 22952.00000     0.999658      1579704      2925.71
 24839.00000     0.999707      1579783      3413.33
 26529.00000     0.999756      1579860      4096.00
 27232.00000     0.999780      1579897      4551.11
 28058.00000     0.999805      1579938      5120.00
 28884.00000     0.999829      1579974      5851.43
 30599.00000     0.999854      1580014      6826.67
 31672.00000     0.999878      1580053      8192.00
 32819.00000     0.999890      1580071      9102.22
 34138.00000     0.999902      1580090     10240.00
 35211.00000     0.999915      1580109     11702.86
 37061.00000     0.999927      1580130     13653.33
 39923.00000     0.999939      1580148     16384.00
 41699.00000     0.999945      1580158     18204.44
 44067.00000     0.999951      1580167     20480.00
 46336.00000     0.999957      1580178     23405.71
 50468.00000     0.999963      1580187     27306.67
 61827.00000     0.999969      1580196     32768.00
 62332.00000     0.999973      1580201     36408.89
 63442.00000     0.999976      1580206     40960.00
 74259.00000     0.999979      1580211     46811.43
 82522.00000     0.999982      1580216     54613.33
 85408.00000     0.999985      1580220     65536.00
 89256.00000     0.999986      1580223     72817.78
 90008.00000     0.999988      1580225     81920.00
 93314.00000     0.999989      1580228     93622.86
103427.00000     0.999991      1580230    109226.67
110543.00000     0.999992      1580232    131072.00
112640.00000     0.999993      1580234    145635.56
136197.00000     0.999994      1580235    163840.00
136887.00000     0.999995      1580236    187245.71
156238.00000     0.999995      1580237    218453.33
157027.00000     0.999996      1580238    262144.00
180091.00000     0.999997      1580239    291271.11
213490.00000     0.999997      1580240    327680.00
213490.00000     0.999997      1580240    374491.43
1662551.00000     0.999998      1580241    436906.67
1662551.00000     0.999998      1580241    524288.00
3537199.00000     0.999998      1580242    582542.22
3537199.00000     0.999998      1580242    655360.00
3537199.00000     0.999999      1580242    748982.86
3543759.00000     0.999999      1580243    873813.33
3543759.00000     0.999999      1580243   1048576.00
3543759.00000     0.999999      1580243   1165084.44
3543759.00000     0.999999      1580243   1310720.00
3543759.00000     0.999999      1580243   1497965.71
4953759.00000     0.999999      1580244   1747626.67
4953759.00000     1.000000      1580244          inf
#[Mean    =     1198.757, StdDeviation   =     5873.866]
#[Max     =  4953759.000, Total count    =      1580244]
#[Buckets =           13, SubBuckets     =       262144]

=== EXCHANGE STDERR ===
matching tid: 47471
