=== CLIENT STDERR ===
=== Exchange load generator ===
  clients  : 10
  seed     : 743507761
  target   : 127.0.0.1:4000
  thread id: 47305
Ctrl-C to stop.


=== Stats ===
  elapsed         : 15.003 s
  requests sent   : 2628054
  ACK responses   : 2628044
  MATCH responses : 1504780
  ERR responses   : 0
  orders in flight: -10
  --- throughput ---
  requests/s      : 175170
  ACK/s           : 175169
  MATCH/s         : 100299
  ERR/s           : 0
  total resp/s    : 175169

=== EXCHANGE STDOUT ===
exchange tid: 47296
inbound thread: 47322
outbound thread: 47323
       Value   Percentile   TotalCount 1/(1-Percentile)

  2059.00000     0.000000            1         1.00
  2355.00000     0.100000       218625         1.11
  2405.00000     0.200000       435221         1.25
  2442.00000     0.300000       629944         1.43
  2479.00000     0.400000       825654         1.67
  2528.00000     0.500000      1056946         2.00
  2553.00000     0.550000      1156728         2.22
  2577.00000     0.600000      1243775         2.50
  2602.00000     0.650000      1319062         2.86
  2651.00000     0.700000      1440127         3.33
  2701.00000     0.750000      1527348         4.00
  2738.00000     0.775000      1575654         4.44
  2787.00000     0.800000      1626276         5.00
  2849.00000     0.825000      1675603         5.71
  2923.00000     0.850000      1722692         6.67
  3021.00000     0.875000      1774614         8.00
  3083.00000     0.887500      1801229         8.89
  3145.00000     0.900000      1823794        10.00
  3231.00000     0.912500      1850645        11.43
  3330.00000     0.925000      1873688        13.33
  3502.00000     0.937500      1898931        16.00
  3638.00000     0.943750      1910985        17.78
  3860.00000     0.950000      1923702        20.00
  4218.00000     0.956250      1936097        22.86
  5451.00000     0.962500      1948642        26.67
  6869.00000     0.968750      1961241        32.00
  7264.00000     0.971875      1967549        35.56
  7375.00000     0.975000      1974311        40.00
  7449.00000     0.978125      1980673        45.71
  7523.00000     0.981250      1987176        53.33
  7597.00000     0.984375      1993191        64.00
  7646.00000     0.985938      1996540        71.11
  7696.00000     0.987500      1999372        80.00
  7770.00000     0.989062      2002774        91.43
  7868.00000     0.990625      2005739       106.67
  8029.00000     0.992188      2008729       128.00
  8164.00000     0.992969      2010239       142.22
  8362.00000     0.993750      2011869       160.00
  8682.00000     0.994531      2013426       182.86
  9188.00000     0.995313      2014986       213.33
  9657.00000     0.996094      2016568       256.00
  9879.00000     0.996484      2017353       284.44
 10162.00000     0.996875      2018161       320.00
 10532.00000     0.997266      2018940       365.71
 11063.00000     0.997656      2019725       426.67
 11889.00000     0.998047      2020515       512.00
 12456.00000     0.998242      2020913       568.89
 13332.00000     0.998437      2021303       640.00
 14664.00000     0.998633      2021701       731.43
 16625.00000     0.998828      2022095       853.33
 19671.00000     0.999023      2022490      1024.00
 21830.00000     0.999121      2022687      1137.78
 24765.00000     0.999219      2022885      1280.00
 28761.00000     0.999316      2023083      1462.86
 34508.00000     0.999414      2023280      1706.67
 42019.00000     0.999512      2023478      2048.00
 46620.00000     0.999561      2023577      2275.56
 52577.00000     0.999609      2023676      2560.00
 59927.00000     0.999658      2023775      2925.71
 69609.00000     0.999707      2023873      3413.33
 86580.00000     0.999756      2023972      4096.00
 95830.00000     0.999780      2024022      4551.11
106535.00000     0.999805      2024071      5120.00
126355.00000     0.999829      2024121      5851.43
148579.00000     0.999854      2024170      6826.67
169916.00000     0.999878      2024219      8192.00
181435.00000     0.999890      2024244      9102.22
195927.00000     0.999902      2024269     10240.00
209247.00000     0.999915      2024294     11702.86
223628.00000     0.999927      2024318     13653.33
250428.00000     0.999939      2024343     16384.00
259431.00000     0.999945      2024355     18204.44
279573.00000     0.999951      2024368     20480.00
293879.00000     0.999957      2024380     23405.71
309259.00000     0.999963      2024392     27306.67
326031.00000     0.999969      2024405     32768.00
334899.00000     0.999973      2024411     36408.89
342743.00000     0.999976      2024417     40960.00
360307.00000     0.999979      2024423     46811.43
380829.00000     0.999982      2024429     54613.33
423873.00000     0.999985      2024436     65536.00
440535.00000     0.999986      2024439     72817.78
445789.00000     0.999988      2024442     81920.00
460429.00000     0.999989      2024445     93622.86
497231.00000     0.999991      2024448    109226.67
518185.00000     0.999992      2024451    131072.00
525699.00000     0.999993      2024453    145635.56
537079.00000     0.999994      2024454    163840.00
548711.00000     0.999995      2024456    187245.71
553819.00000     0.999995      2024457    218453.33
556235.00000     0.999996      2024459    262144.00
561959.00000     0.999997      2024460    291271.11
561959.00000     0.999997      2024460    327680.00
570023.00000     0.999997      2024461    374491.43
583603.00000     0.999998      2024462    436906.67
589103.00000     0.999998      2024463    524288.00
589103.00000     0.999998      2024463    582542.22
589103.00000     0.999998      2024463    655360.00
631935.00000     0.999999      2024464    748982.86
631935.00000     0.999999      2024464    873813.33
716087.00000     0.999999      2024465   1048576.00
716087.00000     0.999999      2024465   1165084.44
716087.00000     0.999999      2024465   1310720.00
716087.00000     0.999999      2024465   1497965.71
716087.00000     0.999999      2024465   1747626.67
773203.00000     1.000000      2024466   2097152.00
773203.00000     1.000000      2024466          inf
#[Mean    =     2872.106, StdDeviation   =     3892.670]
#[Max     =   773203.000, Total count    =      2024466]
#[Buckets =           13, SubBuckets     =       262144]
       Value   Percentile   TotalCount 1/(1-Percentile)

   974.00000     0.000000            1         1.00
  1036.00000     0.100000       370872         1.11
  1048.00000     0.200000      1043943         1.25
  1048.00000     0.300000      1043943         1.43
  1048.00000     0.400000      1043943         1.67
  1048.00000     0.500000      1043943         2.00
  1060.00000     0.550000      1594582         2.22
  1060.00000     0.600000      1594582         2.50
  1060.00000     0.650000      1594582         2.86
  1060.00000     0.700000      1594582         3.33
  1060.00000     0.750000      1594582         4.00
  1060.00000     0.775000      1594582         4.44
  1073.00000     0.800000      1763590         5.00
  1073.00000     0.825000      1763590         5.71
  1073.00000     0.850000      1763590         6.67
  1085.00000     0.875000      1789517         8.00
  1097.00000     0.887500      1801686         8.89
  1147.00000     0.900000      1823347        10.00
  1258.00000     0.912500      1849876        11.43
  1307.00000     0.925000      1876409        13.33
  1344.00000     0.937500      1899104        16.00
  1369.00000     0.943750      1914211        17.78
  1393.00000     0.950000      1927244        20.00
  1418.00000     0.956250      1938259        22.86
  1455.00000     0.962500      1952450        26.67
  1480.00000     0.968750      1961821        32.00
  1504.00000     0.971875      1970882        35.56
  1517.00000     0.975000      1975066        40.00
  1541.00000     0.978125      1982619        45.71
  1566.00000     0.981250      1988886        53.33
  1591.00000     0.984375      1994354        64.00
  1603.00000     0.985938      1996901        71.11
  1628.00000     0.987500      2001174        80.00
  1640.00000     0.989062      2002965        91.43
  1665.00000     0.990625      2006167       106.67
  1689.00000     0.992188      2008759       128.00
  1714.00000     0.992969      2010779       142.22
  1739.00000     0.993750      2012366       160.00
  1763.00000     0.994531      2013701       182.86
  1800.00000     0.995313      2015085       213.33
  1924.00000     0.996094      2016587       256.00
  2170.00000     0.996484      2017353       284.44
  2491.00000     0.996875      2018153       320.00
  3058.00000     0.997266      2018932       365.71
  4477.00000     0.997656      2019725       426.67
  5772.00000     0.998047      2020537       512.00
  5920.00000     0.998242      2020934       568.89
  6031.00000     0.998437      2021305       640.00
  6166.00000     0.998633      2021724       731.43
  6290.00000     0.998828      2022106       853.33
  6425.00000     0.999023      2022495      1024.00
  6512.00000     0.999121      2022703      1137.78
  6610.00000     0.999219      2022915      1280.00
  6709.00000     0.999316      2023100      1462.86
  6820.00000     0.999414      2023291      1706.67
  7005.00000     0.999512      2023483      2048.00
  7128.00000     0.999561      2023578      2275.56
  7301.00000     0.999609      2023681      2560.00
  7535.00000     0.999658      2023777      2925.71
  7868.00000     0.999707      2023874      3413.33
  8312.00000     0.999756      2023972      4096.00
  8645.00000     0.999780      2024024      4551.11
  8917.00000     0.999805      2024071      5120.00
  9225.00000     0.999829      2024121      5851.43
  9644.00000     0.999854      2024170      6826.67
 10125.00000     0.999878      2024219      8192.00
 10421.00000     0.999890      2024244      9102.22
 10804.00000     0.999902      2024269     10240.00
 11161.00000     0.999915      2024295     11702.86
 11741.00000     0.999927      2024318     13653.33
 12456.00000     0.999939      2024343     16384.00
 12876.00000     0.999945      2024355     18204.44
 13184.00000     0.999951      2024368     20480.00
 13727.00000     0.999957      2024380     23405.71
 14750.00000     0.999963      2024392     27306.67
 15922.00000     0.999969      2024405     32768.00
 16576.00000     0.999973      2024411     36408.89
 17451.00000     0.999976      2024417     40960.00
 18734.00000     0.999979      2024423     46811.43
 19671.00000     0.999982      2024429     54613.33
 23556.00000     0.999985      2024436     65536.00
 23939.00000     0.999986      2024439     72817.78
 24642.00000     0.999988      2024442     81920.00
 25258.00000     0.999989      2024445     93622.86
 25690.00000     0.999991      2024448    109226.67
 26640.00000     0.999992      2024451    131072.00
 27158.00000     0.999993      2024453    145635.56
 27737.00000     0.999994      2024454    163840.00
 28773.00000     0.999995      2024456    187245.71
 29563.00000     0.999995      2024457    218453.33
 30525.00000     0.999996      2024459    262144.00
 32917.00000     0.999997      2024460    291271.11
 32917.00000     0.999997      2024460    327680.00
 33472.00000     0.999997      2024461    374491.43
 68647.00000     0.999998      2024462    436906.67
 69967.00000     0.999998      2024463    524288.00
 69967.00000     0.999998      2024463    582542.22
 69967.00000     0.999998      2024463    655360.00
390485.00000     0.999999      2024464    748982.86
390485.00000     0.999999      2024464    873813.33
702755.00000     0.999999      2024465   1048576.00
702755.00000     0.999999      2024465   1165084.44
702755.00000     0.999999      2024465   1310720.00
702755.00000     0.999999      2024465   1497965.71
702755.00000     0.999999      2024465   1747626.67
702987.00000     1.000000      2024466   2097152.00
702987.00000     1.000000      2024466          inf
#[Mean    =     1104.019, StdDeviation   =      820.204]
#[Max     =   702987.000, Total count    =      2024466]
#[Buckets =           13, SubBuckets     =       262144]
       Value   Percentile   TotalCount 1/(1-Percentile)

     0.00000     0.000000       106968         1.00
    12.00000     0.100000      1510154         1.11
    12.00000     0.200000      1510154         1.25
    12.00000     0.300000      1510154         1.43
    12.00000     0.400000      1510154         1.67
    12.00000     0.500000      1510154         2.00
    12.00000     0.550000      1510154         2.22
    12.00000     0.600000      1510154         2.50
    12.00000     0.650000      1510154         2.86
    12.00000     0.700000      1510154         3.33
    24.00000     0.750000      2013300         4.00
    24.00000     0.775000      2013300         4.44
    24.00000     0.800000      2013300         5.00
    24.00000     0.825000      2013300         5.71
    24.00000     0.850000      2013300         6.67
    24.00000     0.875000      2013300         8.00
    24.00000     0.887500      2013300         8.89
    24.00000     0.900000      2013300        10.00
    24.00000     0.912500      2013300        11.43
    24.00000     0.925000      2013300        13.33
    24.00000     0.937500      2013300        16.00
    24.00000     0.943750      2013300        17.78
    24.00000     0.950000      2013300        20.00
    24.00000     0.956250      2013300        22.86
    24.00000     0.962500      2013300        26.67
    24.00000     0.968750      2013300        32.00
    24.00000     0.971875      2013300        35.56
    24.00000     0.975000      2013300        40.00
    24.00000     0.978125      2013300        45.71
    24.00000     0.981250      2013300        53.33
    24.00000     0.984375      2013300        64.00
    24.00000     0.985938      2013300        71.11
    24.00000     0.987500      2013300        80.00
    24.00000     0.989062      2013300        91.43
    24.00000     0.990625      2013300       106.67
    24.00000     0.992188      2013300       128.00
    24.00000     0.992969      2013300       142.22
    24.00000     0.993750      2013300       160.00
    37.00000     0.994531      2021339       182.86
    37.00000     0.995313      2021339       213.33
    37.00000     0.996094      2021339       256.00
    37.00000     0.996484      2021339       284.44
    37.00000     0.996875      2021339       320.00
    37.00000     0.997266      2021339       365.71
    37.00000     0.997656      2021339       426.67
    37.00000     0.998047      2021339       512.00
    37.00000     0.998242      2021339       568.89
    37.00000     0.998437      2021339       640.00
    49.00000     0.998633      2023605       731.43
    49.00000     0.998828      2023605       853.33
    49.00000     0.999023      2023605      1024.00
    49.00000     0.999121      2023605      1137.78
    49.00000     0.999219      2023605      1280.00
    49.00000     0.999316      2023605      1462.86
    49.00000     0.999414      2023605      1706.67
    49.00000     0.999512      2023605      2048.00
    49.00000     0.999561      2023605      2275.56
    61.00000     0.999609      2024230      2560.00
    61.00000     0.999658      2024230      2925.71
    61.00000     0.999707      2024230      3413.33
    61.00000     0.999756      2024230      4096.00
    61.00000     0.999780      2024230      4551.11
    61.00000     0.999805      2024230      5120.00
    61.00000     0.999829      2024230      5851.43
    61.00000     0.999854      2024230      6826.67
    61.00000     0.999878      2024230      8192.00
    74.00000     0.999890      2024343      9102.22
    74.00000     0.999902      2024343     10240.00
    74.00000     0.999915      2024343     11702.86
    74.00000     0.999927      2024343     13653.33
    74.00000     0.999939      2024343     16384.00
    86.00000     0.999945      2024367     18204.44
    98.00000     0.999951      2024384     20480.00
    98.00000     0.999957      2024384     23405.71
   111.00000     0.999963      2024394     27306.67
   135.00000     0.999969      2024407     32768.00
   148.00000     0.999973      2024423     36408.89
   148.00000     0.999976      2024423     40960.00
   148.00000     0.999979      2024423     46811.43
   172.00000     0.999982      2024431     54613.33
   222.00000     0.999985      2024436     65536.00
   259.00000     0.999986      2024439     72817.78
   308.00000     0.999988      2024442     81920.00
   394.00000     0.999989      2024447     93622.86
   419.00000     0.999991      2024448    109226.67
   468.00000     0.999992      2024451    131072.00
   542.00000     0.999993      2024453    145635.56
   604.00000     0.999994      2024454    163840.00
   653.00000     0.999995      2024456    187245.71
   814.00000     0.999995      2024457    218453.33
  3712.00000     0.999996      2024459    262144.00
  3811.00000     0.999997      2024460    291271.11
  3811.00000     0.999997      2024460    327680.00
  3823.00000     0.999997      2024461    374491.43
  4452.00000     0.999998      2024462    436906.67
  4982.00000     0.999998      2024463    524288.00
  4982.00000     0.999998      2024463    582542.22
  4982.00000     0.999998      2024463    655360.00
  5192.00000     0.999999      2024464    748982.86
  5192.00000     0.999999      2024464    873813.33
  6191.00000     0.999999      2024465   1048576.00
  6191.00000     0.999999      2024465   1165084.44
  6191.00000     0.999999      2024465   1310720.00
  6191.00000     0.999999      2024465   1497965.71
  6191.00000     0.999999      2024465   1747626.67
 10545.00000     1.000000      2024466   2097152.00
 10545.00000     1.000000      2024466          inf
#[Mean    =       14.540, StdDeviation   =       13.385]
#[Max     =    10545.000, Total count    =      2024466]
#[Buckets =           13, SubBuckets     =       262144]
       Value   Percentile   TotalCount 1/(1-Percentile)

    61.00000     0.000000            4         1.00
    98.00000     0.100000       732704         1.11
    98.00000     0.200000       732704         1.25
    98.00000     0.300000       732704         1.43
   111.00000     0.400000      1526029         1.67
   111.00000     0.500000      1526029         2.00
   111.00000     0.550000      1526029         2.22
   111.00000     0.600000      1526029         2.50
   111.00000     0.650000      1526029         2.86
   111.00000     0.700000      1526029         3.33
   111.00000     0.750000      1526029         4.00
   123.00000     0.775000      1750079         4.44
   123.00000     0.800000      1750079         5.00
   123.00000     0.825000      1750079         5.71
   123.00000     0.850000      1750079         6.67
   135.00000     0.875000      1982801         8.00
   135.00000     0.887500      1982801         8.89
   135.00000     0.900000      1982801        10.00
   135.00000     0.912500      1982801        11.43
   135.00000     0.925000      1982801        13.33
   135.00000     0.937500      1982801        16.00
   135.00000     0.943750      1982801        17.78
   135.00000     0.950000      1982801        20.00
   135.00000     0.956250      1982801        22.86
   135.00000     0.962500      1982801        26.67
   135.00000     0.968750      1982801        32.00
   135.00000     0.971875      1982801        35.56
   135.00000     0.975000      1982801        40.00
   135.00000     0.978125      1982801        45.71
   148.00000     0.981250      2009630        53.33
   148.00000     0.984375      2009630        64.00
   148.00000     0.985938      2009630        71.11
   148.00000     0.987500      2009630        80.00
   148.00000     0.989062      2009630        91.43
   148.00000     0.990625      2009630       106.67
   148.00000     0.992188      2009630       128.00
   160.00000     0.992969      2013152       142.22
   160.00000     0.993750      2013152       160.00
   172.00000     0.994531      2014610       182.86
   185.00000     0.995313      2015440       213.33
   209.00000     0.996094      2016561       256.00
   246.00000     0.996484      2017589       284.44
   295.00000     0.996875      2018147       320.00
   357.00000     0.997266      2019043       365.71
   431.00000     0.997656      2019738       426.67
   555.00000     0.998047      2020525       512.00
   641.00000     0.998242      2020980       568.89
   715.00000     0.998437      2021309       640.00
   814.00000     0.998633      2021708       731.43
   900.00000     0.998828      2022104       853.33
  1023.00000     0.999023      2022500      1024.00
  1097.00000     0.999121      2022692      1137.78
  1208.00000     0.999219      2022890      1280.00
  1369.00000     0.999316      2023096      1462.86
  1578.00000     0.999414      2023281      1706.67
  1837.00000     0.999512      2023484      2048.00
  2034.00000     0.999561      2023577      2275.56
  2417.00000     0.999609      2023676      2560.00
  3305.00000     0.999658      2023776      2925.71
  4650.00000     0.999707      2023873      3413.33
  6240.00000     0.999756      2023972      4096.00
  7523.00000     0.999780      2024022      4551.11
  9287.00000     0.999805      2024071      5120.00
 11322.00000     0.999829      2024121      5851.43
 14282.00000     0.999854      2024170      6826.67
 20004.00000     0.999878      2024219      8192.00
 23112.00000     0.999890      2024244      9102.22
 29291.00000     0.999902      2024269     10240.00
 41748.00000     0.999915      2024294     11702.86
 58460.00000     0.999927      2024318     13653.33
 96089.00000     0.999939      2024343     16384.00
110593.00000     0.999945      2024355     18204.44
127378.00000     0.999951      2024368     20480.00
145262.00000     0.999957      2024380     23405.71
160654.00000     0.999963      2024392     27306.67
178253.00000     0.999969      2024405     32768.00
182817.00000     0.999973      2024411     36408.89
195520.00000     0.999976      2024417     40960.00
209740.00000     0.999979      2024423     46811.43
228228.00000     0.999982      2024429     54613.33
242337.00000     0.999985      2024436     65536.00
250687.00000     0.999986      2024439     72817.78
259259.00000     0.999988      2024442     81920.00
282829.00000     0.999989      2024445     93622.86
298171.00000     0.999991      2024448    109226.67
441411.00000     0.999992      2024451    131072.00
465251.00000     0.999993      2024453    145635.56
470775.00000     0.999994      2024454    163840.00
481703.00000     0.999995      2024456    187245.71
487537.00000     0.999995      2024457    218453.33
500339.00000     0.999996      2024459    262144.00
511229.00000     0.999997      2024460    291271.11
511229.00000     0.999997      2024460    327680.00
518223.00000     0.999997      2024461    374491.43
526571.00000     0.999998      2024462    436906.67
534971.00000     0.999998      2024463    524288.00
534971.00000     0.999998      2024463    582542.22
534971.00000     0.999998      2024463    655360.00
543175.00000     0.999999      2024464    748982.86
543175.00000     0.999999      2024464    873813.33
566879.00000     0.999999      2024465   1048576.00
566879.00000     0.999999      2024465   1165084.44
566879.00000     0.999999      2024465   1310720.00
566879.00000     0.999999      2024465   1497965.71
566879.00000     0.999999      2024465   1747626.67
574155.00000     1.000000      2024466   2097152.00
574155.00000     1.000000      2024466          inf
#[Mean    =      130.578, StdDeviation   =     1984.899]
#[Max     =   574155.000, Total count    =      2024466]
#[Buckets =           13, SubBuckets     =       262144]
       Value   Percentile   TotalCount 1/(1-Percentile)

     0.00000     0.000000        15236         1.00
    37.00000     0.100000       422381         1.11
    37.00000     0.200000       422381         1.25
    49.00000     0.300000       791605         1.43
    61.00000     0.400000       862062         1.67
   111.00000     0.500000      1069630         2.00
   123.00000     0.550000      1136808         2.22
   148.00000     0.600000      1271076         2.50
   160.00000     0.650000      1341070         2.86
   185.00000     0.700000      1459749         3.33
   209.00000     0.750000      1556321         4.00
   222.00000     0.775000      1598077         4.44
   234.00000     0.800000      1636825         5.00
   246.00000     0.825000      1672534         5.71
   271.00000     0.850000      1734224         6.67
   296.00000     0.875000      1783516         8.00
   308.00000     0.887500      1803739         8.89
   333.00000     0.900000      1838109        10.00
   345.00000     0.912500      1852149        11.43
   370.00000     0.925000      1875968        13.33
   407.00000     0.937500      1905716        16.00
   419.00000     0.943750      1914579        17.78
   444.00000     0.950000      1930252        20.00
   456.00000     0.956250      1936862        22.86
   493.00000     0.962500      1953437        26.67
   518.00000     0.968750      1961973        32.00
   542.00000     0.971875      1969059        35.56
   567.00000     0.975000      1974882        40.00
   604.00000     0.978125      1982047        45.71
   641.00000     0.981250      1987330        53.33
   703.00000     0.984375      1993649        64.00
   740.00000     0.985938      1996604        71.11
   789.00000     0.987500      1999394        80.00
   863.00000     0.989062      2002575        91.43
   986.00000     0.990625      2005573       106.67
  1356.00000     0.992188      2008698       128.00
  1677.00000     0.992969      2010241       142.22
  2306.00000     0.993750      2011818       160.00
  3071.00000     0.994531      2013448       182.86
  3182.00000     0.995313      2014983       213.33
  3280.00000     0.996094      2016667       256.00
  3342.00000     0.996484      2017447       284.44
  3416.00000     0.996875      2018188       320.00
  3527.00000     0.997266      2018946       365.71
  3712.00000     0.997656      2019750       426.67
  3996.00000     0.998047      2020524       512.00
  4181.00000     0.998242      2020909       568.89
  4427.00000     0.998437      2021314       640.00
  4699.00000     0.998633      2021713       731.43
  5044.00000     0.998828      2022096       853.33
  5451.00000     0.999023      2022493      1024.00
  5710.00000     0.999121      2022691      1137.78
  5969.00000     0.999219      2022888      1280.00
  6203.00000     0.999316      2023083      1462.86
  6388.00000     0.999414      2023284      1706.67
  6586.00000     0.999512      2023479      2048.00
  6734.00000     0.999561      2023587      2275.56
  6857.00000     0.999609      2023679      2560.00
  7067.00000     0.999658      2023780      2925.71
  7338.00000     0.999707      2023876      3413.33
  7622.00000     0.999756      2023974      4096.00
  7782.00000     0.999780      2024023      4551.11
  7942.00000     0.999805      2024071      5120.00
  8177.00000     0.999829      2024121      5851.43
  8460.00000     0.999854      2024170      6826.67
  8855.00000     0.999878      2024221      8192.00
  9114.00000     0.999890      2024245      9102.22
  9410.00000     0.999902      2024269     10240.00
  9854.00000     0.999915      2024294     11702.86
 10261.00000     0.999927      2024318     13653.33
 10791.00000     0.999939      2024343     16384.00
 11124.00000     0.999945      2024355     18204.44
 11753.00000     0.999951      2024368     20480.00
 12444.00000     0.999957      2024380     23405.71
 13061.00000     0.999963      2024392     27306.67
 14467.00000     0.999969      2024405     32768.00
 15318.00000     0.999973      2024411     36408.89
 16600.00000     0.999976      2024417     40960.00
 18191.00000     0.999979      2024423     46811.43
 20325.00000     0.999982      2024429     54613.33
 22101.00000     0.999985      2024436     65536.00
 24136.00000     0.999986      2024439     72817.78
 33460.00000     0.999988      2024442     81920.00
 34965.00000     0.999989      2024445     93622.86
 40934.00000     0.999991      2024448    109226.67
 48248.00000     0.999992      2024451    131072.00
 51874.00000     0.999993      2024453    145635.56
 53378.00000     0.999994      2024454    163840.00
 60828.00000     0.999995      2024456    187245.71
 61506.00000     0.999995      2024457    218453.33
 64441.00000     0.999996      2024459    262144.00
 65527.00000     0.999997      2024460    291271.11
 65527.00000     0.999997      2024460    327680.00
 69708.00000     0.999997      2024461    374491.43
 77638.00000     0.999998      2024462    436906.67
 82571.00000     0.999998      2024463    524288.00
 82571.00000     0.999998      2024463    582542.22
 82571.00000     0.999998      2024463    655360.00
130758.00000     0.999999      2024464    748982.86
130758.00000     0.999999      2024464    873813.33
141697.00000     0.999999      2024465   1048576.00
141697.00000     0.999999      2024465   1165084.44
141697.00000     0.999999      2024465   1310720.00
141697.00000     0.999999      2024465   1497965.71
141697.00000     0.999999      2024465   1747626.67
269077.00000     1.000000      2024466   2097152.00
269077.00000     1.000000      2024466          inf
#[Mean    =      173.382, StdDeviation   =      472.802]
#[Max     =   269077.000, Total count    =      2024466]
#[Buckets =           13, SubBuckets     =       262144]
       Value   Percentile   TotalCount 1/(1-Percentile)

    86.00000     0.000000           12         1.00
   172.00000     0.100000       237432         1.11
   197.00000     0.200000       450300         1.25
   222.00000     0.300000       657422         1.43
   246.00000     0.400000       870004         1.67
   271.00000     0.500000      1085656         2.00
   283.00000     0.550000      1194568         2.22
   296.00000     0.600000      1303824         2.50
   308.00000     0.650000      1412374         2.86
   320.00000     0.700000      1519137         3.33
   320.00000     0.750000      1519137         4.00
   333.00000     0.775000      1621457         4.44
   333.00000     0.800000      1621457         5.00
   345.00000     0.825000      1717553         5.71
   357.00000     0.850000      1787730         6.67
   357.00000     0.875000      1787730         8.00
   370.00000     0.887500      1825362         8.89
   370.00000     0.900000      1825362        10.00
   382.00000     0.912500      1874555        11.43
   382.00000     0.925000      1874555        13.33
   394.00000     0.937500      1911371        16.00
   394.00000     0.943750      1911371        17.78
   407.00000     0.950000      1927919        20.00
   419.00000     0.956250      1939121        22.86
   444.00000     0.962500      1955962        26.67
   456.00000     0.968750      1962211        32.00
   481.00000     0.971875      1970894        35.56
   505.00000     0.975000      1976045        40.00
   542.00000     0.978125      1980301        45.71
   690.00000     0.981250      1986833        53.33
   925.00000     0.984375      1992964        64.00
   999.00000     0.985938      1996188        71.11
  1097.00000     0.987500      1999335        80.00
  1295.00000     0.989062      2002465        91.43
  1566.00000     0.990625      2005569       106.67
  1800.00000     0.992188      2008691       128.00
  2035.00000     0.992969      2010279       142.22
  2306.00000     0.993750      2011830       160.00
  2627.00000     0.994531      2013415       182.86
  3034.00000     0.995313      2014984       213.33
  3601.00000     0.996094      2016564       256.00
  4119.00000     0.996484      2017357       284.44
  4723.00000     0.996875      2018143       320.00
  5241.00000     0.997266      2018950       365.71
  5525.00000     0.997656      2019748       426.67
  6006.00000     0.998047      2020514       512.00
  6512.00000     0.998242      2020914       568.89
  7363.00000     0.998437      2021303       640.00
  8448.00000     0.998633      2021699       731.43
  9768.00000     0.998828      2022095       853.33
 11975.00000     0.999023      2022489      1024.00
 14010.00000     0.999121      2022687      1137.78
 16477.00000     0.999219      2022885      1280.00
 19573.00000     0.999316      2023084      1462.86
 24235.00000     0.999414      2023280      1706.67
 30500.00000     0.999512      2023478      2048.00
 33818.00000     0.999561      2023577      2275.56
 38110.00000     0.999609      2023676      2560.00
 43290.00000     0.999658      2023775      2925.71
 48531.00000     0.999707      2023873      3413.33
 55660.00000     0.999756      2023972      4096.00
 59718.00000     0.999780      2024022      4551.11
 65107.00000     0.999805      2024071      5120.00
 73543.00000     0.999829      2024121      5851.43
 83336.00000     0.999854      2024170      6826.67
 94596.00000     0.999878      2024219      8192.00
102070.00000     0.999890      2024244      9102.22
115168.00000     0.999902      2024269     10240.00
129882.00000     0.999915      2024294     11702.86
147815.00000     0.999927      2024318     13653.33
174344.00000     0.999939      2024343     16384.00
182780.00000     0.999945      2024355     18204.44
197950.00000     0.999951      2024368     20480.00
208704.00000     0.999957      2024380     23405.71
225564.00000     0.999963      2024392     27306.67
246235.00000     0.999969      2024405     32768.00
250453.00000     0.999973      2024411     36408.89
265513.00000     0.999976      2024417     40960.00
279055.00000     0.999979      2024423     46811.43
292287.00000     0.999982      2024429     54613.33
305879.00000     0.999985      2024436     65536.00
315277.00000     0.999986      2024439     72817.78
334739.00000     0.999988      2024442     81920.00
347763.00000     0.999989      2024445     93622.86
352375.00000     0.999991      2024448    109226.67
364401.00000     0.999992      2024451    131072.00
392853.00000     0.999993      2024453    145635.56
401635.00000     0.999994      2024454    163840.00
407457.00000     0.999995      2024456    187245.71
410515.00000     0.999995      2024457    218453.33
413451.00000     0.999996      2024459    262144.00
425081.00000     0.999997      2024460    291271.11
425081.00000     0.999997      2024460    327680.00
449193.00000     0.999997      2024461    374491.43
451179.00000     0.999998      2024462    436906.67
452511.00000     0.999998      2024463    524288.00
452511.00000     0.999998      2024463    582542.22
452511.00000     0.999998      2024463    655360.00
486181.00000     0.999999      2024464    748982.86
486181.00000     0.999999      2024464    873813.33
523033.00000     0.999999      2024465   1048576.00
523033.00000     0.999999      2024465   1165084.44
523033.00000     0.999999      2024465   1310720.00
523033.00000     0.999999      2024465   1497965.71
523033.00000     0.999999      2024465   1747626.67
528927.00000     1.000000      2024466   2097152.00
528927.00000     1.000000      2024466          inf
#[Mean    =      356.089, StdDeviation   =     2666.959]
#[Max     =   528927.000, Total count    =      2024466]
#[Buckets =           13, SubBuckets     =       262144]
       Value   Percentile   TotalCount 1/(1-Percentile)

     0.00000     0.000000       285768         1.00
     0.00000     0.100000       285768         1.11
    12.00000     0.200000      1972003         1.25
    12.00000     0.300000      1972003         1.43
    12.00000     0.400000      1972003         1.67
    12.00000     0.500000      1972003         2.00
    12.00000     0.550000      1972003         2.22
    12.00000     0.600000      1972003         2.50
    12.00000     0.650000      1972003         2.86
    12.00000     0.700000      1972003         3.33
    12.00000     0.750000      1972003         4.00
    12.00000     0.775000      1972003         4.44
    12.00000     0.800000      1972003         5.00
    12.00000     0.825000      1972003         5.71
    12.00000     0.850000      1972003         6.67
    12.00000     0.875000      1972003         8.00
    12.00000     0.887500      1972003         8.89
    12.00000     0.900000      1972003        10.00
    12.00000     0.912500      1972003        11.43
    12.00000     0.925000      1972003        13.33
    12.00000     0.937500      1972003        16.00
    12.00000     0.943750      1972003        17.78
    12.00000     0.950000      1972003        20.00
    12.00000     0.956250      1972003        22.86
    12.00000     0.962500      1972003        26.67
    12.00000     0.968750      1972003        32.00
    12.00000     0.971875      1972003        35.56
    24.00000     0.975000      2016368        40.00
    24.00000     0.978125      2016368        45.71
    24.00000     0.981250      2016368        53.33
    24.00000     0.984375      2016368        64.00
    24.00000     0.985938      2016368        71.11
    24.00000     0.987500      2016368        80.00
    24.00000     0.989062      2016368        91.43
    24.00000     0.990625      2016368       106.67
    24.00000     0.992188      2016368       128.00
    24.00000     0.992969      2016368       142.22
    24.00000     0.993750      2016368       160.00
    24.00000     0.994531      2016368       182.86
    24.00000     0.995313      2016368       213.33
    37.00000     0.996094      2020054       256.00
    37.00000     0.996484      2020054       284.44
    37.00000     0.996875      2020054       320.00
    37.00000     0.997266      2020054       365.71
    37.00000     0.997656      2020054       426.67
    49.00000     0.998047      2021724       512.00
    49.00000     0.998242      2021724       568.89
    49.00000     0.998437      2021724       640.00
    49.00000     0.998633      2021724       731.43
    61.00000     0.998828      2022350       853.33
    74.00000     0.999023      2022632      1024.00
    86.00000     0.999121      2022809      1137.78
    98.00000     0.999219      2022971      1280.00
   111.00000     0.999316      2023152      1462.86
   135.00000     0.999414      2023329      1706.67
   160.00000     0.999512      2023499      2048.00
   172.00000     0.999561      2023583      2275.56
   197.00000     0.999609      2023691      2560.00
   234.00000     0.999658      2023785      2925.71
   283.00000     0.999707      2023885      3413.33
   333.00000     0.999756      2023976      4096.00
   370.00000     0.999780      2024031      4551.11
   407.00000     0.999805      2024073      5120.00
   468.00000     0.999829      2024123      5851.43
   542.00000     0.999854      2024174      6826.67
   616.00000     0.999878      2024220      8192.00
   653.00000     0.999890      2024246      9102.22
   715.00000     0.999902      2024272     10240.00
   789.00000     0.999915      2024294     11702.86
   937.00000     0.999927      2024320     13653.33
  4785.00000     0.999939      2024343     16384.00
  5044.00000     0.999945      2024357     18204.44
  5106.00000     0.999951      2024368     20480.00
  5180.00000     0.999957      2024381     23405.71
  5229.00000     0.999963      2024392     27306.67
  5278.00000     0.999969      2024406     32768.00
  5315.00000     0.999973      2024412     36408.89
  5340.00000     0.999976      2024418     40960.00
  5414.00000     0.999979      2024425     46811.43
  5451.00000     0.999982      2024430     54613.33
  5513.00000     0.999985      2024436     65536.00
  5587.00000     0.999986      2024439     72817.78
  5796.00000     0.999988      2024442     81920.00
  6006.00000     0.999989      2024445     93622.86
  6191.00000     0.999991      2024448    109226.67
  6351.00000     0.999992      2024451    131072.00
  6425.00000     0.999993      2024453    145635.56
  6487.00000     0.999994      2024454    163840.00
  6573.00000     0.999995      2024456    187245.71
  6623.00000     0.999995      2024457    218453.33
  6635.00000     0.999996      2024459    262144.00
  6919.00000     0.999997      2024460    291271.11
  6919.00000     0.999997      2024460    327680.00
  7091.00000     0.999997      2024461    374491.43
  7165.00000     0.999998      2024462    436906.67
  7239.00000     0.999998      2024463    524288.00
  7239.00000     0.999998      2024463    582542.22
  7239.00000     0.999998      2024463    655360.00
  7535.00000     0.999999      2024465    748982.86
  7535.00000     0.999999      2024465    873813.33
  7535.00000     0.999999      2024465   1048576.00
  7535.00000     0.999999      2024465   1165084.44
  7535.00000     0.999999      2024465   1310720.00
  7535.00000     0.999999      2024465   1497965.71
  7535.00000     0.999999      2024465   1747626.67
  9459.00000     1.000000      2024466   2097152.00
  9459.00000     1.000000      2024466          inf
#[Mean    =       11.216, StdDeviation   =       45.320]
#[Max     =     9459.000, Total count    =      2024466]
#[Buckets =           13, SubBuckets     =       262144]
       Value   Percentile   TotalCount 1/(1-Percentile)

   628.00000     0.000000            1         1.00
   900.00000     0.100000       339626         1.11
   912.00000     0.200000       857927         1.25
   912.00000     0.300000       857927         1.43
   912.00000     0.400000       857927         1.67
   925.00000     0.500000      1303881         2.00
   925.00000     0.550000      1303881         2.22
   925.00000     0.600000      1303881         2.50
   937.00000     0.650000      1517691         2.86
   937.00000     0.700000      1517691         3.33
   949.00000     0.750000      1627446         4.00
   949.00000     0.775000      1627446         4.44
   949.00000     0.800000      1627446         5.00
   962.00000     0.825000      1701530         5.71
   974.00000     0.850000      1751754         6.67
   986.00000     0.875000      1782040         8.00
   999.00000     0.887500      1797828         8.89
  1073.00000     0.900000      1823758        10.00
  1147.00000     0.912500      1853156        11.43
  1184.00000     0.925000      1875423        13.33
  1233.00000     0.937500      1898680        16.00
  1282.00000     0.943750      1913715        17.78
  1319.00000     0.950000      1924155        20.00
  1369.00000     0.956250      1936413        22.86
  1443.00000     0.962500      1950255        26.67
  1541.00000     0.968750      1962005        32.00
  1640.00000     0.971875      1967528        35.56
  2812.00000     0.975000      1973857        40.00
  5722.00000     0.978125      1980400        45.71
  5833.00000     0.981250      1986909        53.33
  5895.00000     0.984375      1994054        64.00
  5920.00000     0.985938      1997236        71.11
  5944.00000     0.987500      2000511        80.00
  5969.00000     0.989062      2003539        91.43
  5994.00000     0.990625      2006304       106.67
  6018.00000     0.992188      2008868       128.00
  6043.00000     0.992969      2010964       142.22
  6055.00000     0.993750      2011867       160.00
  6080.00000     0.994531      2013438       182.86
  6117.00000     0.995313      2015275       213.33
  6154.00000     0.996094      2016576       256.00
  6191.00000     0.996484      2017437       284.44
  6240.00000     0.996875      2018216       320.00
  6302.00000     0.997266      2018972       365.71
  6401.00000     0.997656      2019754       426.67
  6623.00000     0.998047      2020529       512.00
  6919.00000     0.998242      2020924       568.89
  7190.00000     0.998437      2021312       640.00
  7387.00000     0.998633      2021722       731.43
  7560.00000     0.998828      2022110       853.33
  7733.00000     0.999023      2022499      1024.00
  7831.00000     0.999121      2022701      1137.78
  7942.00000     0.999219      2022901      1280.00
  8053.00000     0.999316      2023111      1462.86
  8164.00000     0.999414      2023290      1706.67
  8300.00000     0.999512      2023482      2048.00
  8399.00000     0.999561      2023580      2275.56
  8522.00000     0.999609      2023676      2560.00
  8645.00000     0.999658      2023780      2925.71
  8793.00000     0.999707      2023876      3413.33
  9003.00000     0.999756      2023979      4096.00
  9126.00000     0.999780      2024023      4551.11
  9410.00000     0.999805      2024073      5120.00
 10002.00000     0.999829      2024121      5851.43
 10841.00000     0.999854      2024170      6826.67
 12654.00000     0.999878      2024219      8192.00
 13702.00000     0.999890      2024244      9102.22
 15540.00000     0.999902      2024270     10240.00
 17155.00000     0.999915      2024294     11702.86
 19030.00000     0.999927      2024318     13653.33
 21904.00000     0.999939      2024343     16384.00
 23211.00000     0.999945      2024355     18204.44
 25123.00000     0.999951      2024368     20480.00
 26233.00000     0.999957      2024380     23405.71
 27195.00000     0.999963      2024392     27306.67
 28206.00000     0.999969      2024406     32768.00
 28428.00000     0.999973      2024411     36408.89
 28699.00000     0.999976      2024417     40960.00
 29057.00000     0.999979      2024423     46811.43
 29476.00000     0.999982      2024429     54613.33
 30956.00000     0.999985      2024436     65536.00
 31561.00000     0.999986      2024439     72817.78
 31857.00000     0.999988      2024442     81920.00
 33670.00000     0.999989      2024445     93622.86
 36038.00000     0.999991      2024448    109226.67
 38726.00000     0.999992      2024451    131072.00
 41267.00000     0.999993      2024453    145635.56
 45016.00000     0.999994      2024454    163840.00
 47927.00000     0.999995      2024456    187245.71
 48519.00000     0.999995      2024457    218453.33
 55870.00000     0.999996      2024459    262144.00
 64010.00000     0.999997      2024461    291271.11
 64010.00000     0.999997      2024461    327680.00
 64010.00000     0.999997      2024461    374491.43
 66920.00000     0.999998      2024462    436906.67
 68881.00000     0.999998      2024463    524288.00
 68881.00000     0.999998      2024463    582542.22
 68881.00000     0.999998      2024463    655360.00
 72828.00000     0.999999      2024464    748982.86
 72828.00000     0.999999      2024464    873813.33
 83324.00000     0.999999      2024465   1048576.00
 83324.00000     0.999999      2024465   1165084.44
 83324.00000     0.999999      2024465   1310720.00
 83324.00000     0.999999      2024465   1497965.71
 83324.00000     0.999999      2024465   1747626.67
103045.00000     1.000000      2024466   2097152.00
103045.00000     1.000000      2024466          inf
#[Mean    =     1080.158, StdDeviation   =      849.315]
#[Max     =   103045.000, Total count    =      2024466]
#[Buckets =           13, SubBuckets     =       262144]

=== EXCHANGE STDERR ===
matching tid: 47325
