=== CLIENT STDERR ===
=== Exchange load generator ===
  clients  : 10
  seed     : 271033587
  target   : 127.0.0.1:4000
  thread id: 48864
Ctrl-C to stop.


=== Stats ===
  elapsed         : 14.999 s
  requests sent   : 2208096
  ACK responses   : 2208086
  MATCH responses : 1270816
  ERR responses   : 0
  orders in flight: -10
  --- throughput ---
  requests/s      : 147221
  ACK/s           : 147220
  MATCH/s         : 84729
  ERR/s           : 0
  total resp/s    : 147220

=== EXCHANGE STDOUT ===
exchange tid: 48863
inbound thread: 48867
outbound thread: 48868
       Value   Percentile   TotalCount 1/(1-Percentile)

  2072.00000     0.000000            1         1.00
  2417.00000     0.100000       177065         1.11
  2503.00000     0.200000       354673         1.25
  2602.00000     0.300000       519333         1.43
  2725.00000     0.400000       681878         1.67
  2873.00000     0.500000       852592         2.00
  2947.00000     0.550000       940014         2.22
  3009.00000     0.600000      1013356         2.50
  3083.00000     0.650000      1097330         2.86
  3169.00000     0.700000      1184975         3.33
  3268.00000     0.750000      1272125         4.00
  3317.00000     0.775000      1310755         4.44
  3379.00000     0.800000      1354102         5.00
  3441.00000     0.825000      1391864         5.71
  3515.00000     0.850000      1430642         6.67
  3626.00000     0.875000      1475164         8.00
  3687.00000     0.887500      1494424         8.89
  3774.00000     0.900000      1515938        10.00
  3885.00000     0.912500      1536642        11.43
  4045.00000     0.925000      1557444        13.33
  4316.00000     0.937500      1577962        16.00
  4588.00000     0.943750      1588515        17.78
  5130.00000     0.950000      1598777        20.00
  5772.00000     0.956250      1609219        22.86
  6832.00000     0.962500      1619831        26.67
  7523.00000     0.968750      1630660        32.00
  7646.00000     0.971875      1635531        35.56
  7819.00000     0.975000      1640868        40.00
  8053.00000     0.978125      1646056        45.71
  8473.00000     0.981250      1651356        53.33
  9077.00000     0.984375      1656656        64.00
  9348.00000     0.985938      1659224        71.11
  9595.00000     0.987500      1661869        80.00
  9854.00000     0.989062      1664459        91.43
 10199.00000     0.990625      1667067       106.67
 10717.00000     0.992188      1669709       128.00
 11100.00000     0.992969      1671012       142.22
 11655.00000     0.993750      1672337       160.00
 12456.00000     0.994531      1673648       182.86
 13727.00000     0.995313      1674956       213.33
 15984.00000     0.996094      1676267       256.00
 17957.00000     0.996484      1676925       284.44
 20596.00000     0.996875      1677582       320.00
 24777.00000     0.997266      1678241       365.71
 31610.00000     0.997656      1678896       426.67
 42217.00000     0.998047      1679555       512.00
 49728.00000     0.998242      1679882       568.89
 60162.00000     0.998437      1680211       640.00
 75566.00000     0.998633      1680540       731.43
100344.00000     0.998828      1680868       853.33
146754.00000     0.999023      1681198      1024.00
176046.00000     0.999121      1681361      1137.78
213416.00000     0.999219      1681526      1280.00
257125.00000     0.999316      1681690      1462.86
321703.00000     0.999414      1681855      1706.67
423503.00000     0.999512      1682019      2048.00
536143.00000     0.999561      1682101      2275.56
763199.00000     0.999609      1682183      2560.00
1272079.00000     0.999658      1682265      2925.71
1653791.00000     0.999707      1682347      3413.33
1955031.00000     0.999756      1682430      4096.00
2188895.00000     0.999780      1682471      4551.11
2343311.00000     0.999805      1682512      5120.00
3049839.00000     0.999829      1682553      5851.43
3654127.00000     0.999854      1682594      6826.67
4020079.00000     0.999878      1682635      8192.00
4409375.00000     0.999890      1682656      9102.22
4535999.00000     0.999902      1682676     10240.00
4658559.00000     0.999915      1682697     11702.86
4856447.00000     0.999927      1682717     13653.33
4888607.00000     0.999939      1682738     16384.00
4897567.00000     0.999945      1682748     18204.44
4907551.00000     0.999951      1682758     20480.00
4923295.00000     0.999957      1682770     23405.71
4944607.00000     0.999963      1682779     27306.67
4974687.00000     0.999969      1682789     32768.00
4992255.00000     0.999973      1682794     36408.89
5202847.00000     0.999976      1682799     40960.00
5261855.00000     0.999979      1682805     46811.43
5322495.00000     0.999982      1682810     54613.33
5538815.00000     0.999985      1682815     65536.00
5560319.00000     0.999986      1682817     72817.78
5575359.00000     0.999988      1682820     81920.00
5587039.00000     0.999989      1682823     93622.86
5591839.00000     0.999991      1682825    109226.67
5599647.00000     0.999992      1682828    131072.00
5608671.00000     0.999993      1682829    145635.56
5620991.00000     0.999994      1682830    163840.00
5628479.00000     0.999995      1682832    187245.71
5631295.00000     0.999995      1682833    218453.33
5640799.00000     0.999996      1682834    262144.00
5642015.00000     0.999997      1682835    291271.11
5642015.00000     0.999997      1682835    327680.00
5656831.00000     0.999997      1682836    374491.43
5672895.00000     0.999998      1682837    436906.67
5672895.00000     0.999998      1682837    524288.00
5673151.00000     0.999998      1682838    582542.22
5673151.00000     0.999998      1682838    655360.00
5673151.00000     0.999999      1682838    748982.86
5695263.00000     0.999999      1682839    873813.33
5695263.00000     0.999999      1682839   1048576.00
5695263.00000     0.999999      1682839   1165084.44
5695263.00000     0.999999      1682839   1310720.00
5695263.00000     0.999999      1682839   1497965.71
5724639.00000     0.999999      1682840   1747626.67
5724639.00000     1.000000      1682840          inf
#[Mean    =     4594.022, StdDeviation   =    65932.212]
#[Max     =  5724639.000, Total count    =      1682840]
#[Buckets =           13, SubBuckets     =       262144]
       Value   Percentile   TotalCount 1/(1-Percentile)

   962.00000     0.000000            2         1.00
  1036.00000     0.100000       197674         1.11
  1048.00000     0.200000       616455         1.25
  1048.00000     0.300000       616455         1.43
  1060.00000     0.400000       903624         1.67
  1060.00000     0.500000       903624         2.00
  1073.00000     0.550000       981217         2.22
  1122.00000     0.600000      1015225         2.50
  1245.00000     0.650000      1106634         2.86
  1282.00000     0.700000      1198551         3.33
  1307.00000     0.750000      1288288         4.00
  1319.00000     0.775000      1333524         4.44
  1332.00000     0.800000      1373219         5.00
  1344.00000     0.825000      1405564         5.71
  1356.00000     0.850000      1431721         6.67
  1393.00000     0.875000      1487107         8.00
  1406.00000     0.887500      1501324         8.89
  1430.00000     0.900000      1526084        10.00
  1443.00000     0.912500      1537200        11.43
  1467.00000     0.925000      1557020        13.33
  1504.00000     0.937500      1582569        16.00
  1517.00000     0.943750      1590173        17.78
  1541.00000     0.950000      1604075        20.00
  1554.00000     0.956250      1610224        22.86
  1578.00000     0.962500      1621404        26.67
  1603.00000     0.968750      1631025        32.00
  1628.00000     0.971875      1638812        35.56
  1640.00000     0.975000      1642085        40.00
  1665.00000     0.978125      1647510        45.71
  1689.00000     0.981250      1651688        53.33
  1739.00000     0.984375      1657848        64.00
  1763.00000     0.985938      1660160        71.11
  1788.00000     0.987500      1661944        80.00
  1850.00000     0.989062      1664798        91.43
  1961.00000     0.990625      1667251       106.67
  2158.00000     0.992188      1669694       128.00
  2269.00000     0.992969      1671050       142.22
  2368.00000     0.993750      1672413       160.00
  2466.00000     0.994531      1673753       182.86
  2602.00000     0.995313      1675027       213.33
  2849.00000     0.996094      1676268       256.00
  3120.00000     0.996484      1676944       284.44
  3589.00000     0.996875      1677589       320.00
  4748.00000     0.997266      1678240       365.71
  6018.00000     0.997656      1678898       426.67
  6462.00000     0.998047      1679566       512.00
  6709.00000     0.998242      1679898       568.89
  6980.00000     0.998437      1680215       640.00
  7375.00000     0.998633      1680548       731.43
  7844.00000     0.998828      1680873       853.33
  8436.00000     0.999023      1681198      1024.00
  8793.00000     0.999121      1681364      1137.78
  9213.00000     0.999219      1681530      1280.00
  9509.00000     0.999316      1681692      1462.86
  9916.00000     0.999414      1681855      1706.67
 10483.00000     0.999512      1682022      2048.00
 10841.00000     0.999561      1682103      2275.56
 11174.00000     0.999609      1682183      2560.00
 11568.00000     0.999658      1682266      2925.71
 12160.00000     0.999707      1682349      3413.33
 12765.00000     0.999756      1682432      4096.00
 13085.00000     0.999780      1682471      4551.11
 13431.00000     0.999805      1682513      5120.00
 13801.00000     0.999829      1682553      5851.43
 14319.00000     0.999854      1682596      6826.67
 15034.00000     0.999878      1682635      8192.00
 15947.00000     0.999890      1682656      9102.22
 16600.00000     0.999902      1682676     10240.00
 17698.00000     0.999915      1682697     11702.86
 18907.00000     0.999927      1682717     13653.33
 20646.00000     0.999939      1682738     16384.00
 22607.00000     0.999945      1682748     18204.44
 23976.00000     0.999951      1682758     20480.00
 25628.00000     0.999957      1682769     23405.71
 26849.00000     0.999963      1682779     27306.67
 30463.00000     0.999969      1682789     32768.00
 31943.00000     0.999973      1682794     36408.89
 34903.00000     0.999976      1682799     40960.00
 37925.00000     0.999979      1682805     46811.43
 40256.00000     0.999982      1682810     54613.33
 43203.00000     0.999985      1682815     65536.00
 63307.00000     0.999986      1682817     72817.78
 76380.00000     0.999988      1682820     81920.00
 96878.00000     0.999989      1682823     93622.86
114502.00000     0.999991      1682825    109226.67
157854.00000     0.999992      1682828    131072.00
958103.00000     0.999993      1682829    145635.56
1710887.00000     0.999994      1682830    163840.00
1711623.00000     0.999995      1682832    187245.71
2784191.00000     0.999995      1682833    218453.33
2784607.00000     0.999996      1682834    262144.00
3564911.00000     0.999997      1682835    291271.11
3564911.00000     0.999997      1682835    327680.00
3565487.00000     0.999997      1682836    374491.43
4027359.00000     0.999998      1682837    436906.67
4027359.00000     0.999998      1682837    524288.00
4359871.00000     0.999998      1682838    582542.22
4359871.00000     0.999998      1682838    655360.00
4359871.00000     0.999999      1682838    748982.86
4945311.00000     0.999999      1682839    873813.33
4945311.00000     0.999999      1682839   1048576.00
4945311.00000     0.999999      1682839   1165084.44
4945311.00000     0.999999      1682839   1310720.00
4945311.00000     0.999999      1682839   1497965.71
4946335.00000     0.999999      1682840   1747626.67
4946335.00000     1.000000      1682840          inf
#[Mean    =     1224.600, StdDeviation   =     8963.204]
#[Max     =  4946335.000, Total count    =      1682840]
#[Buckets =           13, SubBuckets     =       262144]
       Value   Percentile   TotalCount 1/(1-Percentile)

     0.00000     0.000000        82113         1.00
    12.00000     0.100000      1140600         1.11
    12.00000     0.200000      1140600         1.25
    12.00000     0.300000      1140600         1.43
    12.00000     0.400000      1140600         1.67
    12.00000     0.500000      1140600         2.00
    12.00000     0.550000      1140600         2.22
    12.00000     0.600000      1140600         2.50
    12.00000     0.650000      1140600         2.86
    24.00000     0.700000      1657129         3.33
    24.00000     0.750000      1657129         4.00
    24.00000     0.775000      1657129         4.44
    24.00000     0.800000      1657129         5.00
    24.00000     0.825000      1657129         5.71
    24.00000     0.850000      1657129         6.67
    24.00000     0.875000      1657129         8.00
    24.00000     0.887500      1657129         8.89
    24.00000     0.900000      1657129        10.00
    24.00000     0.912500      1657129        11.43
    24.00000     0.925000      1657129        13.33
    24.00000     0.937500      1657129        16.00
    24.00000     0.943750      1657129        17.78
    24.00000     0.950000      1657129        20.00
    24.00000     0.956250      1657129        22.86
    24.00000     0.962500      1657129        26.67
    24.00000     0.968750      1657129        32.00
    24.00000     0.971875      1657129        35.56
    24.00000     0.975000      1657129        40.00
    24.00000     0.978125      1657129        45.71
    24.00000     0.981250      1657129        53.33
    24.00000     0.984375      1657129        64.00
    37.00000     0.985938      1675950        71.11
    37.00000     0.987500      1675950        80.00
    37.00000     0.989062      1675950        91.43
    37.00000     0.990625      1675950       106.67
    37.00000     0.992188      1675950       128.00
    37.00000     0.992969      1675950       142.22
    37.00000     0.993750      1675950       160.00
    37.00000     0.994531      1675950       182.86
    37.00000     0.995313      1675950       213.33
    49.00000     0.996094      1680909       256.00
    49.00000     0.996484      1680909       284.44
    49.00000     0.996875      1680909       320.00
    49.00000     0.997266      1680909       365.71
    49.00000     0.997656      1680909       426.67
    49.00000     0.998047      1680909       512.00
    49.00000     0.998242      1680909       568.89
    49.00000     0.998437      1680909       640.00
    49.00000     0.998633      1680909       731.43
    49.00000     0.998828      1680909       853.33
    61.00000     0.999023      1682091      1024.00
    61.00000     0.999121      1682091      1137.78
    61.00000     0.999219      1682091      1280.00
    61.00000     0.999316      1682091      1462.86
    61.00000     0.999414      1682091      1706.67
    61.00000     0.999512      1682091      2048.00
    74.00000     0.999561      1682319      2275.56
    74.00000     0.999609      1682319      2560.00
    74.00000     0.999658      1682319      2925.71
    86.00000     0.999707      1682426      3413.33
    98.00000     0.999756      1682503      4096.00
    98.00000     0.999780      1682503      4551.11
   111.00000     0.999805      1682552      5120.00
   123.00000     0.999829      1682587      5851.43
   135.00000     0.999854      1682612      6826.67
   148.00000     0.999878      1682641      8192.00
   160.00000     0.999890      1682660      9102.22
   172.00000     0.999902      1682684     10240.00
   185.00000     0.999915      1682703     11702.86
   197.00000     0.999927      1682720     13653.33
   222.00000     0.999939      1682744     16384.00
   234.00000     0.999945      1682757     18204.44
   246.00000     0.999951      1682767     20480.00
   259.00000     0.999957      1682771     23405.71
   283.00000     0.999963      1682780     27306.67
   308.00000     0.999969      1682789     32768.00
   333.00000     0.999973      1682795     36408.89
   345.00000     0.999976      1682799     40960.00
   382.00000     0.999979      1682805     46811.43
   419.00000     0.999982      1682811     54613.33
   444.00000     0.999985      1682815     65536.00
   468.00000     0.999986      1682818     72817.78
   481.00000     0.999988      1682821     81920.00
   518.00000     0.999989      1682823     93622.86
   542.00000     0.999991      1682825    109226.67
   579.00000     0.999992      1682828    131072.00
   604.00000     0.999993      1682829    145635.56
   690.00000     0.999994      1682830    163840.00
   814.00000     0.999995      1682832    187245.71
   912.00000     0.999995      1682833    218453.33
  1011.00000     0.999996      1682834    262144.00
  1517.00000     0.999997      1682835    291271.11
  1517.00000     0.999997      1682835    327680.00
  1554.00000     0.999997      1682836    374491.43
  2355.00000     0.999998      1682837    436906.67
  2355.00000     0.999998      1682837    524288.00
  6154.00000     0.999998      1682838    582542.22
  6154.00000     0.999998      1682838    655360.00
  6154.00000     0.999999      1682838    748982.86
  6536.00000     0.999999      1682839    873813.33
  6536.00000     0.999999      1682839   1048576.00
  6536.00000     0.999999      1682839   1165084.44
  6536.00000     0.999999      1682839   1310720.00
  6536.00000     0.999999      1682839   1497965.71
 10705.00000     0.999999      1682840   1747626.67
 10705.00000     1.000000      1682840          inf
#[Mean    =       15.594, StdDeviation   =       13.594]
#[Max     =    10705.000, Total count    =      1682840]
#[Buckets =           13, SubBuckets     =       262144]
       Value   Percentile   TotalCount 1/(1-Percentile)

    61.00000     0.000000            2         1.00
    98.00000     0.100000       352783         1.11
    98.00000     0.200000       352783         1.25
   111.00000     0.300000      1073763         1.43
   111.00000     0.400000      1073763         1.67
   111.00000     0.500000      1073763         2.00
   111.00000     0.550000      1073763         2.22
   111.00000     0.600000      1073763         2.50
   123.00000     0.650000      1374454         2.86
   123.00000     0.700000      1374454         3.33
   123.00000     0.750000      1374454         4.00
   123.00000     0.775000      1374454         4.44
   123.00000     0.800000      1374454         5.00
   135.00000     0.825000      1587112         5.71
   135.00000     0.850000      1587112         6.67
   135.00000     0.875000      1587112         8.00
   135.00000     0.887500      1587112         8.89
   135.00000     0.900000      1587112        10.00
   135.00000     0.912500      1587112        11.43
   135.00000     0.925000      1587112        13.33
   135.00000     0.937500      1587112        16.00
   147.00000     0.943750      1590712        17.78
   148.00000     0.950000      1638824        20.00
   148.00000     0.956250      1638824        22.86
   148.00000     0.962500      1638824        26.67
   148.00000     0.968750      1638824        32.00
   148.00000     0.971875      1638824        35.56
   160.00000     0.975000      1649118        40.00
   160.00000     0.978125      1649118        45.71
   172.00000     0.981250      1653763        53.33
   185.00000     0.984375      1656678        64.00
   209.00000     0.985938      1660955        71.11
   222.00000     0.987500      1662386        80.00
   246.00000     0.989062      1664629        91.43
   308.00000     0.990625      1667425       106.67
   394.00000     0.992188      1669846       128.00
   456.00000     0.992969      1671098       142.22
   542.00000     0.993750      1672463       160.00
   641.00000     0.994531      1673666       182.86
   777.00000     0.995313      1674991       213.33
   962.00000     0.996094      1676276       256.00
  1097.00000     0.996484      1676962       284.44
  1245.00000     0.996875      1677589       320.00
  1443.00000     0.997266      1678243       365.71
  1763.00000     0.997656      1678918       426.67
  2294.00000     0.998047      1679557       512.00
  2799.00000     0.998242      1679882       568.89
  4008.00000     0.998437      1680212       640.00
  6203.00000     0.998633      1680540       731.43
 10187.00000     0.998828      1680868       853.33
 19461.00000     0.999023      1681197      1024.00
 27367.00000     0.999121      1681361      1137.78
 42032.00000     0.999219      1681526      1280.00
 63109.00000     0.999316      1681690      1462.86
 94177.00000     0.999414      1681854      1706.67
142141.00000     0.999512      1682019      2048.00
169312.00000     0.999561      1682101      2275.56
200355.00000     0.999609      1682183      2560.00
257557.00000     0.999658      1682265      2925.71
303153.00000     0.999707      1682347      3413.33
377313.00000     0.999756      1682430      4096.00
416485.00000     0.999780      1682471      4551.11
500709.00000     0.999805      1682512      5120.00
646959.00000     0.999829      1682553      5851.43
812595.00000     0.999854      1682594      6826.67
1764271.00000     0.999878      1682635      8192.00
1853039.00000     0.999890      1682656      9102.22
1972511.00000     0.999902      1682676     10240.00
2325167.00000     0.999915      1682697     11702.86
3883167.00000     0.999927      1682717     13653.33
3984815.00000     0.999939      1682738     16384.00
4334463.00000     0.999945      1682748     18204.44
4424479.00000     0.999951      1682758     20480.00
4534687.00000     0.999957      1682769     23405.71
4808159.00000     0.999963      1682779     27306.67
4831615.00000     0.999969      1682789     32768.00
4837087.00000     0.999973      1682794     36408.89
4846207.00000     0.999976      1682799     40960.00
4863455.00000     0.999979      1682805     46811.43
4880415.00000     0.999982      1682810     54613.33
4892223.00000     0.999985      1682815     65536.00
4902111.00000     0.999986      1682817     72817.78
4911967.00000     0.999988      1682820     81920.00
4926431.00000     0.999989      1682823     93622.86
5178143.00000     0.999991      1682825    109226.67
5195007.00000     0.999992      1682828    131072.00
5198047.00000     0.999993      1682829    145635.56
5211647.00000     0.999994      1682830    163840.00
5236895.00000     0.999995      1682832    187245.71
5246911.00000     0.999995      1682833    218453.33
5256607.00000     0.999996      1682834    262144.00
5266399.00000     0.999997      1682835    291271.11
5266399.00000     0.999997      1682835    327680.00
5276191.00000     0.999997      1682836    374491.43
5284735.00000     0.999998      1682837    436906.67
5284735.00000     0.999998      1682837    524288.00
5290815.00000     0.999998      1682838    582542.22
5290815.00000     0.999998      1682838    655360.00
5290815.00000     0.999999      1682838    748982.86
5300447.00000     0.999999      1682839    873813.33
5300447.00000     0.999999      1682839   1048576.00
5300447.00000     0.999999      1682839   1165084.44
5300447.00000     0.999999      1682839   1310720.00
5300447.00000     0.999999      1682839   1497965.71
5328799.00000     0.999999      1682840   1747626.67
5328799.00000     1.000000      1682840          inf
#[Mean    =      746.469, StdDeviation   =    43907.398]
#[Max     =  5328799.000, Total count    =      1682840]
#[Buckets =           13, SubBuckets     =       262144]
       Value   Percentile   TotalCount 1/(1-Percentile)

     0.00000     0.000000         7495         1.00
    37.00000     0.100000       300997         1.11
    49.00000     0.200000       599450         1.25
    49.00000     0.300000       599450         1.43
    61.00000     0.400000       680052         1.67
   148.00000     0.500000       847203         2.00
   185.00000     0.550000       945581         2.22
   222.00000     0.600000      1032496         2.50
   259.00000     0.650000      1119112         2.86
   296.00000     0.700000      1203353         3.33
   333.00000     0.750000      1273469         4.00
   357.00000     0.775000      1314697         4.44
   382.00000     0.800000      1352590         5.00
   419.00000     0.825000      1403058         5.71
   444.00000     0.850000      1431639         6.67
   493.00000     0.875000      1479412         8.00
   518.00000     0.887500      1499377         8.89
   542.00000     0.900000      1516515        10.00
   579.00000     0.912500      1538599        11.43
   616.00000     0.925000      1556732        13.33
   678.00000     0.937500      1580757        16.00
   703.00000     0.943750      1588563        17.78
   740.00000     0.950000      1598836        20.00
   789.00000     0.956250      1609963        22.86
   851.00000     0.962500      1620683        26.67
   925.00000     0.968750      1630548        32.00
   974.00000     0.971875      1635676        35.56
  1036.00000     0.975000      1640799        40.00
  1122.00000     0.978125      1646226        45.71
  1245.00000     0.981250      1651324        53.33
  1467.00000     0.984375      1656649        64.00
  1665.00000     0.985938      1659252        71.11
  2035.00000     0.987500      1661824        80.00
  3058.00000     0.989062      1664435        91.43
  3231.00000     0.990625      1667131       106.67
  3404.00000     0.992188      1669772       128.00
  3564.00000     0.992969      1671046       142.22
  3897.00000     0.993750      1672348       160.00
  4403.00000     0.994531      1673669       182.86
  4736.00000     0.995313      1674968       213.33
  5118.00000     0.996094      1676290       256.00
  5340.00000     0.996484      1676937       284.44
  5599.00000     0.996875      1677616       320.00
  5846.00000     0.997266      1678268       365.71
  6142.00000     0.997656      1678912       426.67
  6524.00000     0.998047      1679556       512.00
  6734.00000     0.998242      1679892       568.89
  6968.00000     0.998437      1680225       640.00
  7239.00000     0.998633      1680546       731.43
  7548.00000     0.998828      1680874       853.33
  7942.00000     0.999023      1681198      1024.00
  8189.00000     0.999121      1681370      1137.78
  8497.00000     0.999219      1681531      1280.00
  8880.00000     0.999316      1681690      1462.86
  9348.00000     0.999414      1681855      1706.67
  9842.00000     0.999512      1682019      2048.00
 10286.00000     0.999561      1682104      2275.56
 10828.00000     0.999609      1682183      2560.00
 11371.00000     0.999658      1682267      2925.71
 12222.00000     0.999707      1682347      3413.33
 13061.00000     0.999756      1682430      4096.00
 13517.00000     0.999780      1682471      4551.11
 14060.00000     0.999805      1682514      5120.00
 14750.00000     0.999829      1682553      5851.43
 15799.00000     0.999854      1682594      6826.67
 17205.00000     0.999878      1682635      8192.00
 18327.00000     0.999890      1682656      9102.22
 19560.00000     0.999902      1682676     10240.00
 21250.00000     0.999915      1682697     11702.86
 22237.00000     0.999927      1682717     13653.33
 24395.00000     0.999939      1682738     16384.00
 25641.00000     0.999945      1682748     18204.44
 26529.00000     0.999951      1682758     20480.00
 28255.00000     0.999957      1682769     23405.71
 31659.00000     0.999963      1682779     27306.67
 34410.00000     0.999969      1682789     32768.00
 36482.00000     0.999973      1682794     36408.89
 40404.00000     0.999976      1682799     40960.00
 42019.00000     0.999979      1682805     46811.43
 46435.00000     0.999982      1682810     54613.33
 52873.00000     0.999985      1682815     65536.00
 57325.00000     0.999986      1682817     72817.78
 65120.00000     0.999988      1682820     81920.00
 66624.00000     0.999989      1682823     93622.86
 67895.00000     0.999991      1682825    109226.67
 69646.00000     0.999992      1682828    131072.00
 74567.00000     0.999993      1682829    145635.56
 77034.00000     0.999994      1682830    163840.00
127687.00000     0.999995      1682832    187245.71
128007.00000     0.999995      1682833    218453.33
128427.00000     0.999996      1682834    262144.00
131337.00000     0.999997      1682835    291271.11
131337.00000     0.999997      1682835    327680.00
149517.00000     0.999997      1682836    374491.43
176872.00000     0.999998      1682837    436906.67
176872.00000     0.999998      1682837    524288.00
182669.00000     0.999998      1682838    582542.22
182669.00000     0.999998      1682838    655360.00
182669.00000     0.999999      1682838    748982.86
224886.00000     0.999999      1682839    873813.33
224886.00000     0.999999      1682839   1048576.00
224886.00000     0.999999      1682839   1165084.44
224886.00000     0.999999      1682839   1310720.00
224886.00000     0.999999      1682839   1497965.71
337625.00000     0.999999      1682840   1747626.67
337625.00000     1.000000      1682840          inf
#[Mean    =      281.243, StdDeviation   =      811.655]
#[Max     =   337625.000, Total count    =      1682840]
#[Buckets =           13, SubBuckets     =       262144]
       Value   Percentile   TotalCount 1/(1-Percentile)

    86.00000     0.000000           12         1.00
   185.00000     0.100000       181379         1.11
   222.00000     0.200000       399563         1.25
   246.00000     0.300000       570476         1.43
   271.00000     0.400000       738429         1.67
   296.00000     0.500000       907073         2.00
   308.00000     0.550000       990903         2.22
   320.00000     0.600000      1074021         2.50
   333.00000     0.650000      1155106         2.86
   345.00000     0.700000      1229873         3.33
   357.00000     0.750000      1295667         4.00
   370.00000     0.775000      1347786         4.44
   370.00000     0.800000      1347786         5.00
   382.00000     0.825000      1399594         5.71
   394.00000     0.850000      1440884         6.67
   407.00000     0.875000      1474649         8.00
   419.00000     0.887500      1504692         8.89
   431.00000     0.900000      1531878        10.00
   444.00000     0.912500      1554849        11.43
   456.00000     0.925000      1573613        13.33
   468.00000     0.937500      1588420        16.00
   468.00000     0.943750      1588420        17.78
   481.00000     0.950000      1599616        20.00
   505.00000     0.956250      1613228        22.86
   530.00000     0.962500      1620747        26.67
   604.00000     0.968750      1630436        32.00
   703.00000     0.971875      1635894        35.56
   838.00000     0.975000      1640801        40.00
   999.00000     0.978125      1646121        45.71
  1196.00000     0.981250      1651354        53.33
  1480.00000     0.984375      1656718        64.00
  1665.00000     0.985938      1659214        71.11
  1874.00000     0.987500      1661892        80.00
  2170.00000     0.989062      1664451        91.43
  2602.00000     0.990625      1667113       106.67
  3256.00000     0.992188      1669709       128.00
  3712.00000     0.992969      1671016       142.22
  4440.00000     0.993750      1672333       160.00
  5328.00000     0.994531      1673638       182.86
  5969.00000     0.995313      1674963       213.33
  7301.00000     0.996094      1676271       256.00
  8436.00000     0.996484      1676926       284.44
  9743.00000     0.996875      1677585       320.00
 12259.00000     0.997266      1678239       365.71
 16193.00000     0.997656      1678896       426.67
 22496.00000     0.998047      1679554       512.00
 26603.00000     0.998242      1679884       568.89
 31585.00000     0.998437      1680212       640.00
 37061.00000     0.998633      1680540       731.43
 43240.00000     0.998828      1680868       853.33
 49654.00000     0.999023      1681197      1024.00
 54192.00000     0.999121      1681361      1137.78
 58645.00000     0.999219      1681526      1280.00
 64614.00000     0.999316      1681690      1462.86
 74357.00000     0.999414      1681854      1706.67
 90465.00000     0.999512      1682019      2048.00
105943.00000     0.999561      1682101      2275.56
139921.00000     0.999609      1682183      2560.00
193004.00000     0.999658      1682265      2925.71
259851.00000     0.999707      1682347      3413.33
412673.00000     0.999756      1682430      4096.00
934719.00000     0.999780      1682471      4551.11
1236927.00000     0.999805      1682512      5120.00
1478575.00000     0.999829      1682553      5851.43
1688687.00000     0.999854      1682594      6826.67
2126175.00000     0.999878      1682635      8192.00
2261583.00000     0.999890      1682656      9102.22
2436159.00000     0.999902      1682676     10240.00
3144767.00000     0.999915      1682697     11702.86
3268895.00000     0.999927      1682717     13653.33
3679471.00000     0.999939      1682738     16384.00
4476895.00000     0.999945      1682748     18204.44
4550943.00000     0.999951      1682758     20480.00
4824543.00000     0.999957      1682769     23405.71
4849311.00000     0.999963      1682779     27306.67
4885311.00000     0.999969      1682789     32768.00
4898175.00000     0.999973      1682794     36408.89
4905503.00000     0.999976      1682799     40960.00
4928607.00000     0.999979      1682805     46811.43
4966655.00000     0.999982      1682810     54613.33
5532095.00000     0.999985      1682815     65536.00
5553247.00000     0.999986      1682817     72817.78
5568671.00000     0.999988      1682820     81920.00
5579391.00000     0.999989      1682823     93622.86
5585695.00000     0.999991      1682825    109226.67
5592863.00000     0.999992      1682828    131072.00
5603135.00000     0.999993      1682829    145635.56
5615455.00000     0.999994      1682830    163840.00
5623007.00000     0.999995      1682832    187245.71
5624255.00000     0.999995      1682833    218453.33
5633311.00000     0.999996      1682834    262144.00
5636063.00000     0.999997      1682835    291271.11
5636063.00000     0.999997      1682835    327680.00
5648991.00000     0.999997      1682836    374491.43
5665503.00000     0.999998      1682837    436906.67
5665503.00000     0.999998      1682837    524288.00
5667455.00000     0.999998      1682838    582542.22
5667455.00000     0.999998      1682838    655360.00
5667455.00000     0.999999      1682838    748982.86
5689247.00000     0.999999      1682839    873813.33
5689247.00000     0.999999      1682839   1048576.00
5689247.00000     0.999999      1682839   1165084.44
5689247.00000     0.999999      1682839   1310720.00
5689247.00000     0.999999      1682839   1497965.71
5718879.00000     0.999999      1682840   1747626.67
5718879.00000     1.000000      1682840          inf
#[Mean    =     1107.362, StdDeviation   =    47432.285]
#[Max     =  5718879.000, Total count    =      1682840]
#[Buckets =           13, SubBuckets     =       262144]
       Value   Percentile   TotalCount 1/(1-Percentile)

     0.00000     0.000000       161542         1.00
    12.00000     0.100000      1420593         1.11
    12.00000     0.200000      1420593         1.25
    12.00000     0.300000      1420593         1.43
    12.00000     0.400000      1420593         1.67
    12.00000     0.500000      1420593         2.00
    12.00000     0.550000      1420593         2.22
    12.00000     0.600000      1420593         2.50
    12.00000     0.650000      1420593         2.86
    12.00000     0.700000      1420593         3.33
    12.00000     0.750000      1420593         4.00
    12.00000     0.775000      1420593         4.44
    12.00000     0.800000      1420593         5.00
    12.00000     0.825000      1420593         5.71
    24.00000     0.850000      1555806         6.67
    24.00000     0.875000      1555806         8.00
    24.00000     0.887500      1555806         8.89
    24.00000     0.900000      1555806        10.00
    24.00000     0.912500      1555806        11.43
    37.00000     0.925000      1663690        13.33
    37.00000     0.937500      1663690        16.00
    37.00000     0.943750      1663690        17.78
    37.00000     0.950000      1663690        20.00
    37.00000     0.956250      1663690        22.86
    37.00000     0.962500      1663690        26.67
    37.00000     0.968750      1663690        32.00
    37.00000     0.971875      1663690        35.56
    37.00000     0.975000      1663690        40.00
    37.00000     0.978125      1663690        45.71
    37.00000     0.981250      1663690        53.33
    37.00000     0.984375      1663690        64.00
    37.00000     0.985938      1663690        71.11
    37.00000     0.987500      1663690        80.00
    49.00000     0.989062      1674095        91.43
    49.00000     0.990625      1674095       106.67
    49.00000     0.992188      1674095       128.00
    49.00000     0.992969      1674095       142.22
    49.00000     0.993750      1674095       160.00
    49.00000     0.994531      1674095       182.86
    61.00000     0.995313      1676585       213.33
    61.00000     0.996094      1676585       256.00
    74.00000     0.996484      1677444       284.44
    86.00000     0.996875      1677873       320.00
    98.00000     0.997266      1678625       365.71
   111.00000     0.997656      1680012       426.67
   111.00000     0.998047      1680012       512.00
   111.00000     0.998242      1680012       568.89
   123.00000     0.998437      1680544       640.00
   123.00000     0.998633      1680544       731.43
   135.00000     0.998828      1680882       853.33
   160.00000     0.999023      1681339      1024.00
   172.00000     0.999121      1681506      1137.78
   185.00000     0.999219      1681616      1280.00
   197.00000     0.999316      1681726      1462.86
   222.00000     0.999414      1681859      1706.67
   259.00000     0.999512      1682028      2048.00
   283.00000     0.999561      1682103      2275.56
   333.00000     0.999609      1682217      2560.00
   357.00000     0.999658      1682272      2925.71
   407.00000     0.999707      1682362      3413.33
   456.00000     0.999756      1682430      4096.00
   493.00000     0.999780      1682476      4551.11
   530.00000     0.999805      1682524      5120.00
   579.00000     0.999829      1682554      5851.43
   653.00000     0.999854      1682600      6826.67
   752.00000     0.999878      1682635      8192.00
   900.00000     0.999890      1682656      9102.22
  1036.00000     0.999902      1682676     10240.00
  1381.00000     0.999915      1682697     11702.86
  5130.00000     0.999927      1682717     13653.33
  5328.00000     0.999939      1682740     16384.00
  5402.00000     0.999945      1682749     18204.44
  5439.00000     0.999951      1682758     20480.00
  5895.00000     0.999957      1682769     23405.71
  6154.00000     0.999963      1682779     27306.67
  6388.00000     0.999969      1682789     32768.00
  6487.00000     0.999973      1682794     36408.89
  6561.00000     0.999976      1682799     40960.00
  6635.00000     0.999979      1682805     46811.43
  6758.00000     0.999982      1682810     54613.33
  6820.00000     0.999985      1682815     65536.00
  6869.00000     0.999986      1682818     72817.78
  6894.00000     0.999988      1682820     81920.00
  6943.00000     0.999989      1682823     93622.86
  6993.00000     0.999991      1682825    109226.67
  7079.00000     0.999992      1682828    131072.00
  7091.00000     0.999993      1682829    145635.56
  7289.00000     0.999994      1682830    163840.00
  7363.00000     0.999995      1682832    187245.71
  7511.00000     0.999995      1682833    218453.33
  7646.00000     0.999996      1682834    262144.00
  8152.00000     0.999997      1682835    291271.11
  8152.00000     0.999997      1682835    327680.00
  8411.00000     0.999997      1682836    374491.43
  8510.00000     0.999998      1682838    436906.67
  8510.00000     0.999998      1682838    524288.00
  8510.00000     0.999998      1682838    582542.22
  8510.00000     0.999998      1682838    655360.00
  8510.00000     0.999999      1682838    748982.86
 13036.00000     0.999999      1682839    873813.33
 13036.00000     0.999999      1682839   1048576.00
 13036.00000     0.999999      1682839   1165084.44
 13036.00000     0.999999      1682839   1310720.00
 13036.00000     0.999999      1682839   1497965.71
 19301.00000     0.999999      1682840   1747626.67
 19301.00000     1.000000      1682840          inf
#[Mean    =       14.749, StdDeviation   =       58.773]
#[Max     =    19301.000, Total count    =      1682840]
#[Buckets =           13, SubBuckets     =       262144]
       Value   Percentile   TotalCount 1/(1-Percentile)

   629.00000     0.000000            8         1.00
   912.00000     0.100000       171995         1.11
   925.00000     0.200000       414030         1.25
   937.00000     0.300000       666022         1.43
   949.00000     0.400000       798395         1.67
   962.00000     0.500000       856308         2.00
   986.00000     0.550000       937749         2.22
  1073.00000     0.600000      1011377         2.50
  1134.00000     0.650000      1114693         2.86
  1159.00000     0.700000      1187850         3.33
  1196.00000     0.750000      1284304         4.00
  1208.00000     0.775000      1308665         4.44
  1233.00000     0.800000      1350776         5.00
  1270.00000     0.825000      1403049         5.71
  1295.00000     0.850000      1433262         6.67
  1332.00000     0.875000      1474082         8.00
  1356.00000     0.887500      1498125         8.89
  1381.00000     0.900000      1519974        10.00
  1406.00000     0.912500      1539621        11.43
  1430.00000     0.925000      1556674        13.33
  1467.00000     0.937500      1578071        16.00
  1492.00000     0.943750      1589397        17.78
  1529.00000     0.950000      1602556        20.00
  1554.00000     0.956250      1609326        22.86
  1615.00000     0.962500      1620746        26.67
  1739.00000     0.968750      1630487        32.00
  2022.00000     0.971875      1635645        35.56
  2898.00000     0.975000      1640769        40.00
  4501.00000     0.978125      1646031        45.71
  5735.00000     0.981250      1651335        53.33
  5932.00000     0.984375      1656966        64.00
  5981.00000     0.985938      1659631        71.11
  6031.00000     0.987500      1662317        80.00
  6080.00000     0.989062      1664549        91.43
  6154.00000     0.990625      1667076       106.67
  6327.00000     0.992188      1669779       128.00
  6561.00000     0.992969      1671042       142.22
  7017.00000     0.993750      1672341       160.00
  7252.00000     0.994531      1673714       182.86
  7412.00000     0.995313      1675046       213.33
  7548.00000     0.996094      1676279       256.00
  7622.00000     0.996484      1676951       284.44
  7708.00000     0.996875      1677639       320.00
  7794.00000     0.997266      1678263       365.71
  7893.00000     0.997656      1678897       426.67
  8029.00000     0.998047      1679585       512.00
  8103.00000     0.998242      1679900       568.89
  8189.00000     0.998437      1680211       640.00
  8300.00000     0.998633      1680568       731.43
  8436.00000     0.998828      1680884       853.33
  8596.00000     0.999023      1681216      1024.00
  8695.00000     0.999121      1681362      1137.78
  8806.00000     0.999219      1681542      1280.00
  8954.00000     0.999316      1681698      1462.86
  9151.00000     0.999414      1681861      1706.67
  9533.00000     0.999512      1682021      2048.00
  9879.00000     0.999561      1682102      2275.56
 10372.00000     0.999609      1682183      2560.00
 11013.00000     0.999658      1682266      2925.71
 11815.00000     0.999707      1682347      3413.33
 12925.00000     0.999756      1682432      4096.00
 13455.00000     0.999780      1682471      4551.11
 14220.00000     0.999805      1682513      5120.00
 15355.00000     0.999829      1682553      5851.43
 16366.00000     0.999854      1682594      6826.67
 17982.00000     0.999878      1682635      8192.00
 19055.00000     0.999890      1682656      9102.22
 19881.00000     0.999902      1682676     10240.00
 21842.00000     0.999915      1682698     11702.86
 22792.00000     0.999927      1682717     13653.33
 23902.00000     0.999939      1682738     16384.00
 24296.00000     0.999945      1682749     18204.44
 25271.00000     0.999951      1682758     20480.00
 26270.00000     0.999957      1682769     23405.71
 27491.00000     0.999963      1682781     27306.67
 28058.00000     0.999969      1682790     32768.00
 28625.00000     0.999973      1682794     36408.89
 28983.00000     0.999976      1682799     40960.00
 31129.00000     0.999979      1682805     46811.43
 31783.00000     0.999982      1682810     54613.33
 33571.00000     0.999985      1682815     65536.00
 35150.00000     0.999986      1682818     72817.78
 35618.00000     0.999988      1682821     81920.00
 39503.00000     0.999989      1682823     93622.86
 42488.00000     0.999991      1682826    109226.67
 44202.00000     0.999992      1682828    131072.00
 45423.00000     0.999993      1682829    145635.56
 46089.00000     0.999994      1682830    163840.00
 49937.00000     0.999995      1682832    187245.71
 72594.00000     0.999995      1682833    218453.33
 75788.00000     0.999996      1682834    262144.00
 91118.00000     0.999997      1682835    291271.11
 91118.00000     0.999997      1682835    327680.00
100319.00000     0.999997      1682836    374491.43
128636.00000     0.999998      1682837    436906.67
128636.00000     0.999998      1682837    524288.00
198295.00000     0.999998      1682838    582542.22
198295.00000     0.999998      1682838    655360.00
198295.00000     0.999999      1682838    748982.86
2246911.00000     0.999999      1682839    873813.33
2246911.00000     0.999999      1682839   1048576.00
2246911.00000     0.999999      1682839   1165084.44
2246911.00000     0.999999      1682839   1310720.00
2246911.00000     0.999999      1682839   1497965.71
3235071.00000     0.999999      1682840   1747626.67
3235071.00000     1.000000      1682840          inf
#[Mean    =     1201.966, StdDeviation   =     3170.974]
#[Max     =  3235071.000, Total count    =      1682840]
#[Buckets =           13, SubBuckets     =       262144]

=== EXCHANGE STDERR ===
matching tid: 48869
