=== CLIENT STDERR ===
=== Exchange load generator ===
  clients  : 10
  seed     : 340146144
  target   : 127.0.0.1:4000
  thread id: 47397
Ctrl-C to stop.


=== Stats ===
  elapsed         : 14.999 s
  requests sent   : 2433714
  ACK responses   : 2433704
  MATCH responses : 1392633
  ERR responses   : 0
  orders in flight: -10
  --- throughput ---
  requests/s      : 162261
  ACK/s           : 162261
  MATCH/s         : 92850
  ERR/s           : 0
  total resp/s    : 162261

=== EXCHANGE STDOUT ===
exchange tid: 47396
inbound thread: 47398
outbound thread: 47399
       Value   Percentile   TotalCount 1/(1-Percentile)

  2084.00000     0.000000            3         1.00
  2368.00000     0.100000       190148         1.11
  2429.00000     0.200000       409220         1.25
  2479.00000     0.300000       601216         1.43
  2528.00000     0.400000       781446         1.67
  2590.00000     0.500000       956854         2.00
  2627.00000     0.550000      1034829         2.22
  2688.00000     0.600000      1136263         2.50
  2750.00000     0.650000      1216916         2.86
  2836.00000     0.700000      1310263         3.33
  2935.00000     0.750000      1402941         4.00
  2997.00000     0.775000      1455611         4.44
  3046.00000     0.800000      1494231         5.00
  3120.00000     0.825000      1544815         5.71
  3194.00000     0.850000      1586790         6.67
  3305.00000     0.875000      1637759         8.00
  3367.00000     0.887500      1659965         8.89
  3441.00000     0.900000      1681957        10.00
  3539.00000     0.912500      1705481        11.43
  3663.00000     0.925000      1727096        13.33
  3860.00000     0.937500      1750139        16.00
  4020.00000     0.943750      1762051        17.78
  4242.00000     0.950000      1773175        20.00
  4785.00000     0.956250      1784749        22.86
  5784.00000     0.962500      1796394        26.67
  7239.00000     0.968750      1808197        32.00
  7412.00000     0.971875      1814121        35.56
  7511.00000     0.975000      1819831        40.00
  7609.00000     0.978125      1825720        45.71
  7733.00000     0.981250      1831629        53.33
  7918.00000     0.984375      1837384        64.00
  8053.00000     0.985938      1840173        71.11
  8263.00000     0.987500      1843061        80.00
  8584.00000     0.989062      1845960        91.43
  9077.00000     0.990625      1848875       106.67
  9595.00000     0.992188      1851802       128.00
  9879.00000     0.992969      1853260       142.22
 10224.00000     0.993750      1854744       160.00
 10606.00000     0.994531      1856160       182.86
 11137.00000     0.995313      1857638       213.33
 12025.00000     0.996094      1859082       256.00
 12765.00000     0.996484      1859805       284.44
 13739.00000     0.996875      1860537       320.00
 15330.00000     0.997266      1861264       365.71
 18006.00000     0.997656      1861996       426.67
 22755.00000     0.998047      1862722       512.00
 26615.00000     0.998242      1863088       568.89
 31758.00000     0.998437      1863453       640.00
 37703.00000     0.998633      1863817       731.43
 46595.00000     0.998828      1864179       853.33
 59113.00000     0.999023      1864544      1024.00
 67722.00000     0.999121      1864726      1137.78
 78501.00000     0.999219      1864909      1280.00
 92438.00000     0.999316      1865091      1462.86
109322.00000     0.999414      1865273      1706.67
131054.00000     0.999512      1865455      2048.00
146174.00000     0.999561      1865546      2275.56
160259.00000     0.999609      1865637      2560.00
176058.00000     0.999658      1865729      2925.71
192387.00000     0.999707      1865820      3413.33
211270.00000     0.999756      1865911      4096.00
224984.00000     0.999780      1865956      4551.11
237749.00000     0.999805      1866002      5120.00
252796.00000     0.999829      1866048      5851.43
273061.00000     0.999854      1866093      6826.67
296025.00000     0.999878      1866139      8192.00
312441.00000     0.999890      1866161      9102.22
330237.00000     0.999902      1866184     10240.00
352733.00000     0.999915      1866207     11702.86
379769.00000     0.999927      1866230     13653.33
404275.00000     0.999939      1866253     16384.00
428029.00000     0.999945      1866264     18204.44
467311.00000     0.999951      1866275     20480.00
492187.00000     0.999957      1866287     23405.71
536551.00000     0.999963      1866298     27306.67
594147.00000     0.999969      1866310     32768.00
1621839.00000     0.999973      1866315     36408.89
2883455.00000     0.999976      1866321     40960.00
3817071.00000     0.999979      1866327     46811.43
3839967.00000     0.999982      1866332     54613.33
3996015.00000     0.999985      1866338     65536.00
4036591.00000     0.999986      1866341     72817.78
4055215.00000     0.999988      1866344     81920.00
4077487.00000     0.999989      1866347     93622.86
4106511.00000     0.999991      1866349    109226.67
4129295.00000     0.999992      1866352    131072.00
4152367.00000     0.999993      1866354    145635.56
5468767.00000     0.999994      1866355    163840.00
5535551.00000     0.999995      1866357    187245.71
6266335.00000     0.999995      1866360    218453.33
6266335.00000     0.999996      1866360    262144.00
6266335.00000     0.999997      1866360    291271.11
7587679.00000     0.999997      1866362    327680.00
7587679.00000     0.999997      1866362    374491.43
7587679.00000     0.999998      1866362    436906.67
7661919.00000     0.999998      1866363    524288.00
7661919.00000     0.999998      1866363    582542.22
11521087.00000     0.999998      1866366    655360.00
11521087.00000     1.000000      1866366          inf
#[Mean    =     3236.939, StdDeviation   =    27371.233]
#[Max     = 11521087.000, Total count    =      1866366]
#[Buckets =           13, SubBuckets     =       262144]
       Value   Percentile   TotalCount 1/(1-Percentile)

   986.00000     0.000000            8         1.00
  1036.00000     0.100000       365797         1.11
  1048.00000     0.200000       960095         1.25
  1048.00000     0.300000       960095         1.43
  1048.00000     0.400000       960095         1.67
  1048.00000     0.500000       960095         2.00
  1060.00000     0.550000      1341500         2.22
  1060.00000     0.600000      1341500         2.50
  1060.00000     0.650000      1341500         2.86
  1060.00000     0.700000      1341500         3.33
  1073.00000     0.750000      1453124         4.00
  1073.00000     0.775000      1453124         4.44
  1097.00000     0.800000      1499133         5.00
  1171.00000     0.825000      1545573         5.71
  1258.00000     0.850000      1593441         6.67
  1295.00000     0.875000      1635626         8.00
  1319.00000     0.887500      1665453         8.89
  1344.00000     0.900000      1692635        10.00
  1356.00000     0.912500      1704222        11.43
  1393.00000     0.925000      1729070        13.33
  1443.00000     0.937500      1750920        16.00
  1467.00000     0.943750      1762660        17.78
  1492.00000     0.950000      1776552        20.00
  1517.00000     0.956250      1790425        22.86
  1529.00000     0.962500      1796597        26.67
  1566.00000     0.968750      1811487        32.00
  1578.00000     0.971875      1815628        35.56
  1603.00000     0.975000      1822623        40.00
  1615.00000     0.978125      1825652        45.71
  1652.00000     0.981250      1832969        53.33
  1689.00000     0.984375      1838387        64.00
  1714.00000     0.985938      1841297        71.11
  1739.00000     0.987500      1843658        80.00
  1776.00000     0.989062      1846759        91.43
  1813.00000     0.990625      1848886       106.67
  1961.00000     0.992188      1851838       128.00
  2121.00000     0.992969      1853332       142.22
  2269.00000     0.993750      1854755       160.00
  2429.00000     0.994531      1856234       182.86
  2639.00000     0.995313      1857669       213.33
  3009.00000     0.996094      1859076       256.00
  3330.00000     0.996484      1859817       284.44
  3897.00000     0.996875      1860538       320.00
  5648.00000     0.997266      1861277       365.71
  5932.00000     0.997656      1862020       426.67
  6179.00000     0.998047      1862737       512.00
  6314.00000     0.998242      1863126       568.89
  6438.00000     0.998437      1863459       640.00
  6610.00000     0.998633      1863840       731.43
  6783.00000     0.998828      1864182       853.33
  7042.00000     0.999023      1864558      1024.00
  7190.00000     0.999121      1864731      1137.78
  7387.00000     0.999219      1864909      1280.00
  7659.00000     0.999316      1865091      1462.86
  8029.00000     0.999414      1865274      1706.67
  8596.00000     0.999512      1865455      2048.00
  9052.00000     0.999561      1865547      2275.56
  9484.00000     0.999609      1865642      2560.00
  9965.00000     0.999658      1865731      2925.71
 10643.00000     0.999707      1865821      3413.33
 11593.00000     0.999756      1865911      4096.00
 12136.00000     0.999780      1865957      4551.11
 12839.00000     0.999805      1866002      5120.00
 13628.00000     0.999829      1866051      5851.43
 14158.00000     0.999854      1866093      6826.67
 15490.00000     0.999878      1866139      8192.00
 17118.00000     0.999890      1866161      9102.22
 19055.00000     0.999902      1866184     10240.00
 22126.00000     0.999915      1866207     11702.86
 24111.00000     0.999927      1866230     13653.33
 25764.00000     0.999939      1866253     16384.00
 27330.00000     0.999945      1866264     18204.44
 30192.00000     0.999951      1866275     20480.00
 32017.00000     0.999957      1866287     23405.71
 34952.00000     0.999963      1866298     27306.67
 38295.00000     0.999969      1866310     32768.00
 41514.00000     0.999973      1866315     36408.89
 47816.00000     0.999976      1866321     40960.00
 60840.00000     0.999979      1866327     46811.43
 73506.00000     0.999982      1866332     54613.33
 89355.00000     0.999985      1866338     65536.00
 96150.00000     0.999986      1866341     72817.78
123259.00000     0.999988      1866344     81920.00
186270.00000     0.999989      1866347     93622.86
1609183.00000     0.999991      1866349    109226.67
2122815.00000     0.999992      1866352    131072.00
2849759.00000     0.999993      1866354    145635.56
5443327.00000     0.999994      1866355    163840.00
5444799.00000     0.999995      1866357    187245.71
6219199.00000     0.999995      1866358    218453.33
6220223.00000     0.999996      1866359    262144.00
6220319.00000     0.999997      1866360    291271.11
7527903.00000     0.999997      1866361    327680.00
7529055.00000     0.999997      1866362    374491.43
7529055.00000     0.999998      1866362    436906.67
7529119.00000     0.999998      1866363    524288.00
7529119.00000     0.999998      1866363    582542.22
7644479.00000     0.999998      1866364    655360.00
7644479.00000     0.999999      1866364    748982.86
7644479.00000     0.999999      1866364    873813.33
7645631.00000     0.999999      1866365   1048576.00
7645631.00000     0.999999      1866365   1165084.44
7645631.00000     0.999999      1866365   1310720.00
7645631.00000     0.999999      1866365   1497965.71
7645631.00000     0.999999      1866365   1747626.67
7645759.00000     1.000000      1866366   2097152.00
7645759.00000     1.000000      1866366          inf
#[Mean    =     1189.081, StdDeviation   =    17685.767]
#[Max     =  7645759.000, Total count    =      1866366]
#[Buckets =           13, SubBuckets     =       262144]
       Value   Percentile   TotalCount 1/(1-Percentile)

     0.00000     0.000000        93807         1.00
    12.00000     0.100000      1368143         1.11
    12.00000     0.200000      1368143         1.25
    12.00000     0.300000      1368143         1.43
    12.00000     0.400000      1368143         1.67
    12.00000     0.500000      1368143         2.00
    12.00000     0.550000      1368143         2.22
    12.00000     0.600000      1368143         2.50
    12.00000     0.650000      1368143         2.86
    12.00000     0.700000      1368143         3.33
    24.00000     0.750000      1848761         4.00
    24.00000     0.775000      1848761         4.44
    24.00000     0.800000      1848761         5.00
    24.00000     0.825000      1848761         5.71
    24.00000     0.850000      1848761         6.67
    24.00000     0.875000      1848761         8.00
    24.00000     0.887500      1848761         8.89
    24.00000     0.900000      1848761        10.00
    24.00000     0.912500      1848761        11.43
    24.00000     0.925000      1848761        13.33
    24.00000     0.937500      1848761        16.00
    24.00000     0.943750      1848761        17.78
    24.00000     0.950000      1848761        20.00
    24.00000     0.956250      1848761        22.86
    24.00000     0.962500      1848761        26.67
    24.00000     0.968750      1848761        32.00
    24.00000     0.971875      1848761        35.56
    24.00000     0.975000      1848761        40.00
    24.00000     0.978125      1848761        45.71
    24.00000     0.981250      1848761        53.33
    24.00000     0.984375      1848761        64.00
    24.00000     0.985938      1848761        71.11
    24.00000     0.987500      1848761        80.00
    24.00000     0.989062      1848761        91.43
    37.00000     0.990625      1861335       106.67
    37.00000     0.992188      1861335       128.00
    37.00000     0.992969      1861335       142.22
    37.00000     0.993750      1861335       160.00
    37.00000     0.994531      1861335       182.86
    37.00000     0.995313      1861335       213.33
    37.00000     0.996094      1861335       256.00
    37.00000     0.996484      1861335       284.44
    37.00000     0.996875      1861335       320.00
    37.00000     0.997266      1861335       365.71
    49.00000     0.997656      1864959       426.67
    49.00000     0.998047      1864959       512.00
    49.00000     0.998242      1864959       568.89
    49.00000     0.998437      1864959       640.00
    49.00000     0.998633      1864959       731.43
    49.00000     0.998828      1864959       853.33
    49.00000     0.999023      1864959      1024.00
    49.00000     0.999121      1864959      1137.78
    49.00000     0.999219      1864959      1280.00
    61.00000     0.999316      1866025      1462.86
    61.00000     0.999414      1866025      1706.67
    61.00000     0.999512      1866025      2048.00
    61.00000     0.999561      1866025      2275.56
    61.00000     0.999609      1866025      2560.00
    61.00000     0.999658      1866025      2925.71
    61.00000     0.999707      1866025      3413.33
    61.00000     0.999756      1866025      4096.00
    61.00000     0.999780      1866025      4551.11
    61.00000     0.999805      1866025      5120.00
    74.00000     0.999829      1866174      5851.43
    74.00000     0.999854      1866174      6826.67
    74.00000     0.999878      1866174      8192.00
    74.00000     0.999890      1866174      9102.22
    86.00000     0.999902      1866204     10240.00
    98.00000     0.999915      1866218     11702.86
   123.00000     0.999927      1866234     13653.33
   148.00000     0.999939      1866274     16384.00
   148.00000     0.999945      1866274     18204.44
   160.00000     0.999951      1866290     20480.00
   160.00000     0.999957      1866290     23405.71
   185.00000     0.999963      1866298     27306.67
   222.00000     0.999969      1866310     32768.00
   283.00000     0.999973      1866317     36408.89
   308.00000     0.999976      1866323     40960.00
   320.00000     0.999979      1866330     46811.43
   345.00000     0.999982      1866332     54613.33
   419.00000     0.999985      1866339     65536.00
   456.00000     0.999986      1866342     72817.78
   505.00000     0.999988      1866344     81920.00
   678.00000     0.999989      1866347     93622.86
   690.00000     0.999991      1866349    109226.67
  1097.00000     0.999992      1866352    131072.00
  1455.00000     0.999993      1866354    145635.56
  1541.00000     0.999994      1866355    163840.00
  1911.00000     0.999995      1866357    187245.71
  2380.00000     0.999995      1866358    218453.33
  3379.00000     0.999996      1866359    262144.00
  3786.00000     0.999997      1866360    291271.11
  3983.00000     0.999997      1866361    327680.00
  5180.00000     0.999997      1866362    374491.43
  5180.00000     0.999998      1866362    436906.67
  5599.00000     0.999998      1866363    524288.00
  5599.00000     0.999998      1866363    582542.22
  5673.00000     0.999998      1866364    655360.00
  5673.00000     0.999999      1866364    748982.86
  5673.00000     0.999999      1866364    873813.33
  6499.00000     0.999999      1866365   1048576.00
  6499.00000     0.999999      1866365   1165084.44
  6499.00000     0.999999      1866365   1310720.00
  6499.00000     0.999999      1866365   1497965.71
  6499.00000     0.999999      1866365   1747626.67
 13455.00000     1.000000      1866366   2097152.00
 13455.00000     1.000000      1866366          inf
#[Mean    =       14.809, StdDeviation   =       15.826]
#[Max     =    13455.000, Total count    =      1866366]
#[Buckets =           13, SubBuckets     =       262144]
       Value   Percentile   TotalCount 1/(1-Percentile)

    61.00000     0.000000            1         1.00
    98.00000     0.100000       416989         1.11
    98.00000     0.200000       416989         1.25
   111.00000     0.300000      1236442         1.43
   111.00000     0.400000      1236442         1.67
   111.00000     0.500000      1236442         2.00
   111.00000     0.550000      1236442         2.22
   111.00000     0.600000      1236442         2.50
   111.00000     0.650000      1236442         2.86
   123.00000     0.700000      1556380         3.33
   123.00000     0.750000      1556380         4.00
   123.00000     0.775000      1556380         4.44
   123.00000     0.800000      1556380         5.00
   123.00000     0.825000      1556380         5.71
   135.00000     0.850000      1775709         6.67
   135.00000     0.875000      1775709         8.00
   135.00000     0.887500      1775709         8.89
   135.00000     0.900000      1775709        10.00
   135.00000     0.912500      1775709        11.43
   135.00000     0.925000      1775709        13.33
   135.00000     0.937500      1775709        16.00
   135.00000     0.943750      1775709        17.78
   135.00000     0.950000      1775709        20.00
   148.00000     0.956250      1827577        22.86
   148.00000     0.962500      1827577        26.67
   148.00000     0.968750      1827577        32.00
   148.00000     0.971875      1827577        35.56
   148.00000     0.975000      1827577        40.00
   148.00000     0.978125      1827577        45.71
   160.00000     0.981250      1838355        53.33
   160.00000     0.984375      1838355        64.00
   172.00000     0.985938      1842501        71.11
   185.00000     0.987500      1844835        80.00
   197.00000     0.989062      1846484        91.43
   234.00000     0.990625      1849604       106.67
   283.00000     0.992188      1851909       128.00
   333.00000     0.992969      1853562       142.22
   382.00000     0.993750      1854879       160.00
   444.00000     0.994531      1856253       182.86
   530.00000     0.995313      1857740       213.33
   629.00000     0.996094      1859095       256.00
   690.00000     0.996484      1859843       284.44
   764.00000     0.996875      1860631       320.00
   838.00000     0.997266      1861301       365.71
   937.00000     0.997656      1862014       426.67
  1097.00000     0.998047      1862767       512.00
  1184.00000     0.998242      1863116       568.89
  1295.00000     0.998437      1863460       640.00
  1467.00000     0.998633      1863823       731.43
  1726.00000     0.998828      1864180       853.33
  2244.00000     0.999023      1864549      1024.00
  2664.00000     0.999121      1864726      1137.78
  3379.00000     0.999219      1864912      1280.00
  4649.00000     0.999316      1865091      1462.86
  6314.00000     0.999414      1865273      1706.67
 10014.00000     0.999512      1865456      2048.00
 12543.00000     0.999561      1865546      2275.56
 16958.00000     0.999609      1865637      2560.00
 23075.00000     0.999658      1865729      2925.71
 32153.00000     0.999707      1865820      3413.33
 45732.00000     0.999756      1865911      4096.00
 58164.00000     0.999780      1865956      4551.11
 72976.00000     0.999805      1866002      5120.00
 91155.00000     0.999829      1866048      5851.43
115662.00000     0.999854      1866093      6826.67
141808.00000     0.999878      1866139      8192.00
156695.00000     0.999890      1866161      9102.22
173542.00000     0.999902      1866184     10240.00
189699.00000     0.999915      1866207     11702.86
210184.00000     0.999927      1866230     13653.33
227056.00000     0.999939      1866253     16384.00
239809.00000     0.999945      1866264     18204.44
254029.00000     0.999951      1866275     20480.00
272999.00000     0.999957      1866287     23405.71
291757.00000     0.999963      1866298     27306.67
317435.00000     0.999969      1866310     32768.00
330583.00000     0.999973      1866315     36408.89
356149.00000     0.999976      1866321     40960.00
440547.00000     0.999979      1866327     46811.43
474809.00000     0.999982      1866332     54613.33
513461.00000     0.999985      1866338     65536.00
532899.00000     0.999986      1866341     72817.78
553175.00000     0.999988      1866344     81920.00
580987.00000     0.999989      1866347     93622.86
600695.00000     0.999991      1866349    109226.67
3996783.00000     0.999992      1866352    131072.00
4007679.00000     0.999993      1866354    145635.56
4012671.00000     0.999994      1866355    163840.00
4025551.00000     0.999995      1866357    187245.71
4034079.00000     0.999995      1866358    218453.33
4042191.00000     0.999996      1866359    262144.00
4051375.00000     0.999997      1866360    291271.11
4060543.00000     0.999997      1866361    327680.00
4071183.00000     0.999997      1866362    374491.43
4071183.00000     0.999998      1866362    436906.67
4079023.00000     0.999998      1866363    524288.00
4079023.00000     0.999998      1866363    582542.22
4087727.00000     0.999998      1866364    655360.00
4087727.00000     0.999999      1866364    748982.86
4087727.00000     0.999999      1866364    873813.33
4097119.00000     0.999999      1866365   1048576.00
4097119.00000     0.999999      1866365   1165084.44
4097119.00000     0.999999      1866365   1310720.00
4097119.00000     0.999999      1866365   1497965.71
4097119.00000     0.999999      1866365   1747626.67
4109167.00000     1.000000      1866366   2097152.00
4109167.00000     1.000000      1866366          inf
#[Mean    =      202.518, StdDeviation   =    12588.384]
#[Max     =  4109167.000, Total count    =      1866366]
#[Buckets =           13, SubBuckets     =       262144]
       Value   Percentile   TotalCount 1/(1-Percentile)

     0.00000     0.000000         9366         1.00
    37.00000     0.100000       326814         1.11
    49.00000     0.200000       638356         1.25
    49.00000     0.300000       638356         1.43
    74.00000     0.400000       787135         1.67
   111.00000     0.500000       946540         2.00
   135.00000     0.550000      1046197         2.22
   160.00000     0.600000      1142673         2.50
   185.00000     0.650000      1226585         2.86
   222.00000     0.700000      1333382         3.33
   259.00000     0.750000      1424999         4.00
   271.00000     0.775000      1451523         4.44
   296.00000     0.800000      1499003         5.00
   320.00000     0.825000      1539998         5.71
   357.00000     0.850000      1591665         6.67
   394.00000     0.875000      1634506         8.00
   419.00000     0.887500      1659975         8.89
   444.00000     0.900000      1682879        10.00
   481.00000     0.912500      1711648        11.43
   505.00000     0.925000      1728317        13.33
   555.00000     0.937500      1755818        16.00
   567.00000     0.943750      1761585        17.78
   604.00000     0.950000      1776801        20.00
   629.00000     0.956250      1785090        22.86
   678.00000     0.962500      1798944        26.67
   727.00000     0.968750      1809696        32.00
   752.00000     0.971875      1814097        35.56
   789.00000     0.975000      1819728        40.00
   838.00000     0.978125      1825813        45.71
   900.00000     0.981250      1831612        53.33
   999.00000     0.984375      1837785        64.00
  1060.00000     0.985938      1840365        71.11
  1159.00000     0.987500      1843279        80.00
  1307.00000     0.989062      1846010        91.43
  1578.00000     0.990625      1848978       106.67
  1948.00000     0.992188      1851817       128.00
  2257.00000     0.992969      1853282       142.22
  2898.00000     0.993750      1854722       160.00
  3169.00000     0.994531      1856230       182.86
  3330.00000     0.995313      1857631       213.33
  3687.00000     0.996094      1859095       256.00
  4045.00000     0.996484      1859820       284.44
  4489.00000     0.996875      1860534       320.00
  4995.00000     0.997266      1861284       365.71
  5525.00000     0.997656      1862002       426.67
  5969.00000     0.998047      1862721       512.00
  6228.00000     0.998242      1863096       568.89
  6462.00000     0.998437      1863451       640.00
  6746.00000     0.998633      1863824       731.43
  7054.00000     0.998828      1864183       853.33
  7412.00000     0.999023      1864545      1024.00
  7622.00000     0.999121      1864732      1137.78
  7856.00000     0.999219      1864912      1280.00
  8090.00000     0.999316      1865091      1462.86
  8362.00000     0.999414      1865278      1706.67
  8695.00000     0.999512      1865463      2048.00
  8855.00000     0.999561      1865550      2275.56
  9052.00000     0.999609      1865638      2560.00
  9373.00000     0.999658      1865729      2925.71
  9743.00000     0.999707      1865821      3413.33
 10187.00000     0.999756      1865912      4096.00
 10582.00000     0.999780      1865956      4551.11
 11087.00000     0.999805      1866003      5120.00
 11778.00000     0.999829      1866050      5851.43
 12444.00000     0.999854      1866093      6826.67
 13295.00000     0.999878      1866139      8192.00
 14035.00000     0.999890      1866161      9102.22
 14763.00000     0.999902      1866184     10240.00
 15601.00000     0.999915      1866208     11702.86
 17020.00000     0.999927      1866230     13653.33
 19412.00000     0.999939      1866253     16384.00
 20350.00000     0.999945      1866264     18204.44
 23544.00000     0.999951      1866275     20480.00
 27047.00000     0.999957      1866287     23405.71
 30660.00000     0.999963      1866298     27306.67
 36260.00000     0.999969      1866310     32768.00
 39590.00000     0.999973      1866315     36408.89
 42291.00000     0.999976      1866321     40960.00
 45867.00000     0.999979      1866327     46811.43
 49888.00000     0.999982      1866332     54613.33
 57029.00000     0.999985      1866338     65536.00
 58090.00000     0.999986      1866341     72817.78
 62887.00000     0.999988      1866344     81920.00
 67919.00000     0.999989      1866347     93622.86
 69634.00000     0.999991      1866349    109226.67
 71434.00000     0.999992      1866352    131072.00
 78267.00000     0.999993      1866354    145635.56
 78773.00000     0.999994      1866355    163840.00
 81227.00000     0.999995      1866357    187245.71
 85667.00000     0.999995      1866358    218453.33
 97322.00000     0.999996      1866359    262144.00
100849.00000     0.999997      1866360    291271.11
105191.00000     0.999997      1866361    327680.00
113935.00000     0.999997      1866362    374491.43
113935.00000     0.999998      1866362    436906.67
120262.00000     0.999998      1866363    524288.00
120262.00000     0.999998      1866363    582542.22
133989.00000     0.999998      1866364    655360.00
133989.00000     0.999999      1866364    748982.86
133989.00000     0.999999      1866364    873813.33
143288.00000     0.999999      1866365   1048576.00
143288.00000     0.999999      1866365   1165084.44
143288.00000     0.999999      1866365   1310720.00
143288.00000     0.999999      1866365   1497965.71
143288.00000     0.999999      1866365   1747626.67
196260.00000     1.000000      1866366   2097152.00
196260.00000     1.000000      1866366          inf
#[Mean    =      220.205, StdDeviation   =      638.872]
#[Max     =   196260.000, Total count    =      1866366]
#[Buckets =           13, SubBuckets     =       262144]
       Value   Percentile   TotalCount 1/(1-Percentile)

    86.00000     0.000000            5         1.00
   185.00000     0.100000       235519         1.11
   209.00000     0.200000       406016         1.25
   234.00000     0.300000       592481         1.43
   259.00000     0.400000       786668         1.67
   283.00000     0.500000       981397         2.00
   296.00000     0.550000      1080214         2.22
   308.00000     0.600000      1179009         2.50
   320.00000     0.650000      1277017         2.86
   333.00000     0.700000      1371318         3.33
   345.00000     0.750000      1464006         4.00
   345.00000     0.775000      1464006         4.44
   357.00000     0.800000      1537599         5.00
   370.00000     0.825000      1580612         5.71
   382.00000     0.850000      1635929         6.67
   382.00000     0.875000      1635929         8.00
   394.00000     0.887500      1689290         8.89
   394.00000     0.900000      1689290        10.00
   407.00000     0.912500      1718177        11.43
   419.00000     0.925000      1737196        13.33
   431.00000     0.937500      1752901        16.00
   444.00000     0.943750      1766236        17.78
   456.00000     0.950000      1777586        20.00
   468.00000     0.956250      1787221        22.86
   493.00000     0.962500      1801546        26.67
   518.00000     0.968750      1810616        32.00
   542.00000     0.971875      1816233        35.56
   567.00000     0.975000      1819752        40.00
   666.00000     0.978125      1825808        45.71
   863.00000     0.981250      1831601        53.33
  1048.00000     0.984375      1837431        64.00
  1196.00000     0.985938      1840319        71.11
  1356.00000     0.987500      1843079        80.00
  1554.00000     0.989062      1845972        91.43
  1800.00000     0.990625      1848932       106.67
  2195.00000     0.992188      1851853       128.00
  2454.00000     0.992969      1853281       142.22
  2799.00000     0.993750      1854742       160.00
  3268.00000     0.994531      1856160       182.86
  3996.00000     0.995313      1857635       213.33
  5093.00000     0.996094      1859082       256.00
  5488.00000     0.996484      1859821       284.44
  5883.00000     0.996875      1860537       320.00
  6709.00000     0.997266      1861266       365.71
  8275.00000     0.997656      1861998       426.67
 10976.00000     0.998047      1862722       512.00
 13369.00000     0.998242      1863087       568.89
 17094.00000     0.998437      1863451       640.00
 22064.00000     0.998633      1863815       731.43
 28181.00000     0.998828      1864179       853.33
 36482.00000     0.999023      1864544      1024.00
 41033.00000     0.999121      1864726      1137.78
 46903.00000     0.999219      1864908      1280.00
 53452.00000     0.999316      1865092      1462.86
 61198.00000     0.999414      1865273      1706.67
 73704.00000     0.999512      1865455      2048.00
 81350.00000     0.999561      1865546      2275.56
 89873.00000     0.999609      1865637      2560.00
101935.00000     0.999658      1865729      2925.71
115378.00000     0.999707      1865820      3413.33
131954.00000     0.999756      1865911      4096.00
142598.00000     0.999780      1865956      4551.11
155461.00000     0.999805      1866002      5120.00
169423.00000     0.999829      1866048      5851.43
181398.00000     0.999854      1866093      6826.67
199035.00000     0.999878      1866139      8192.00
209074.00000     0.999890      1866161      9102.22
220705.00000     0.999902      1866184     10240.00
235566.00000     0.999915      1866207     11702.86
255337.00000     0.999927      1866230     13653.33
277709.00000     0.999939      1866253     16384.00
292745.00000     0.999945      1866264     18204.44
307753.00000     0.999951      1866275     20480.00
323047.00000     0.999957      1866287     23405.71
354953.00000     0.999963      1866298     27306.67
371925.00000     0.999969      1866310     32768.00
382581.00000     0.999973      1866315     36408.89
392163.00000     0.999976      1866321     40960.00
404459.00000     0.999979      1866327     46811.43
429349.00000     0.999982      1866332     54613.33
457259.00000     0.999985      1866338     65536.00
473601.00000     0.999986      1866341     72817.78
478767.00000     0.999988      1866344     81920.00
548219.00000     0.999989      1866347     93622.86
3743903.00000     0.999991      1866349    109226.67
3808319.00000     0.999992      1866352    131072.00
3816767.00000     0.999993      1866354    145635.56
3816831.00000     0.999994      1866355    163840.00
3831807.00000     0.999995      1866357    187245.71
3832447.00000     0.999995      1866358    218453.33
3838639.00000     0.999996      1866359    262144.00
3839135.00000     0.999997      1866360    291271.11
3847231.00000     0.999997      1866361    327680.00
3847519.00000     0.999997      1866362    374491.43
3847519.00000     0.999998      1866362    436906.67
3855775.00000     0.999998      1866363    524288.00
3855775.00000     0.999998      1866363    582542.22
3863759.00000     0.999998      1866364    655360.00
3863759.00000     0.999999      1866364    748982.86
3863759.00000     0.999999      1866364    873813.33
3864735.00000     0.999999      1866365   1048576.00
3864735.00000     0.999999      1866365   1165084.44
3864735.00000     0.999999      1866365   1310720.00
3864735.00000     0.999999      1866365   1497965.71
3864735.00000     0.999999      1866365   1747626.67
3865503.00000     1.000000      1866366   2097152.00
3865503.00000     1.000000      1866366          inf
#[Mean    =      482.143, StdDeviation   =    12901.204]
#[Max     =  3865503.000, Total count    =      1866366]
#[Buckets =           13, SubBuckets     =       262144]
       Value   Percentile   TotalCount 1/(1-Percentile)

     0.00000     0.000000       245940         1.00
     0.00000     0.100000       245940         1.11
    12.00000     0.200000      1773656         1.25
    12.00000     0.300000      1773656         1.43
    12.00000     0.400000      1773656         1.67
    12.00000     0.500000      1773656         2.00
    12.00000     0.550000      1773656         2.22
    12.00000     0.600000      1773656         2.50
    12.00000     0.650000      1773656         2.86
    12.00000     0.700000      1773656         3.33
    12.00000     0.750000      1773656         4.00
    12.00000     0.775000      1773656         4.44
    12.00000     0.800000      1773656         5.00
    12.00000     0.825000      1773656         5.71
    12.00000     0.850000      1773656         6.67
    12.00000     0.875000      1773656         8.00
    12.00000     0.887500      1773656         8.89
    12.00000     0.900000      1773656        10.00
    12.00000     0.912500      1773656        11.43
    12.00000     0.925000      1773656        13.33
    12.00000     0.937500      1773656        16.00
    12.00000     0.943750      1773656        17.78
    12.00000     0.950000      1773656        20.00
    24.00000     0.956250      1846280        22.86
    24.00000     0.962500      1846280        26.67
    24.00000     0.968750      1846280        32.00
    24.00000     0.971875      1846280        35.56
    24.00000     0.975000      1846280        40.00
    24.00000     0.978125      1846280        45.71
    24.00000     0.981250      1846280        53.33
    24.00000     0.984375      1846280        64.00
    24.00000     0.985938      1846280        71.11
    24.00000     0.987500      1846280        80.00
    24.00000     0.989062      1846280        91.43
    37.00000     0.990625      1855879       106.67
    37.00000     0.992188      1855879       128.00
    37.00000     0.992969      1855879       142.22
    37.00000     0.993750      1855879       160.00
    49.00000     0.994531      1860661       182.86
    49.00000     0.995313      1860661       213.33
    49.00000     0.996094      1860661       256.00
    49.00000     0.996484      1860661       284.44
    49.00000     0.996875      1860661       320.00
    61.00000     0.997266      1862101       365.71
    61.00000     0.997656      1862101       426.67
    86.00000     0.998047      1862930       512.00
    98.00000     0.998242      1863290       568.89
   111.00000     0.998437      1863891       640.00
   111.00000     0.998633      1863891       731.43
   135.00000     0.998828      1864342       853.33
   160.00000     0.999023      1864653      1024.00
   172.00000     0.999121      1864784      1137.78
   197.00000     0.999219      1864973      1280.00
   234.00000     0.999316      1865116      1462.86
   308.00000     0.999414      1865294      1706.67
   394.00000     0.999512      1865467      2048.00
   444.00000     0.999561      1865549      2275.56
   493.00000     0.999609      1865639      2560.00
   555.00000     0.999658      1865743      2925.71
   604.00000     0.999707      1865840      3413.33
   653.00000     0.999756      1865926      4096.00
   678.00000     0.999780      1865966      4551.11
   715.00000     0.999805      1866010      5120.00
   764.00000     0.999829      1866062      5851.43
   801.00000     0.999854      1866097      6826.67
   863.00000     0.999878      1866144      8192.00
   900.00000     0.999890      1866165      9102.22
   999.00000     0.999902      1866184     10240.00
  1097.00000     0.999915      1866207     11702.86
  1233.00000     0.999927      1866230     13653.33
  1603.00000     0.999939      1866253     16384.00
  4958.00000     0.999945      1866264     18204.44
  5143.00000     0.999951      1866277     20480.00
  5229.00000     0.999957      1866288     23405.71
  5266.00000     0.999963      1866301     27306.67
  5328.00000     0.999969      1866311     32768.00
  5352.00000     0.999973      1866318     36408.89
  5389.00000     0.999976      1866322     40960.00
  5500.00000     0.999979      1866327     46811.43
  5661.00000     0.999982      1866332     54613.33
  6265.00000     0.999985      1866338     65536.00
  6388.00000     0.999986      1866341     72817.78
  6413.00000     0.999988      1866344     81920.00
  6462.00000     0.999989      1866347     93622.86
  6721.00000     0.999991      1866349    109226.67
  6869.00000     0.999992      1866352    131072.00
  6968.00000     0.999993      1866355    145635.56
  6968.00000     0.999994      1866355    163840.00
  7067.00000     0.999995      1866357    187245.71
  7079.00000     0.999995      1866358    218453.33
  7178.00000     0.999996      1866359    262144.00
  7276.00000     0.999997      1866360    291271.11
  7609.00000     0.999997      1866361    327680.00
  7622.00000     0.999997      1866362    374491.43
  7622.00000     0.999998      1866362    436906.67
  7893.00000     0.999998      1866363    524288.00
  7893.00000     0.999998      1866363    582542.22
  8066.00000     0.999998      1866364    655360.00
  8066.00000     0.999999      1866364    748982.86
  8066.00000     0.999999      1866364    873813.33
 18956.00000     0.999999      1866365   1048576.00
 18956.00000     0.999999      1866365   1165084.44
 18956.00000     0.999999      1866365   1310720.00
 18956.00000     0.999999      1866365   1497965.71
 18956.00000     0.999999      1866365   1747626.67
 19462.00000     1.000000      1866366   2097152.00
 19462.00000     1.000000      1866366          inf
#[Mean    =       12.004, StdDeviation   =       50.402]
#[Max     =    19462.000, Total count    =      1866366]
#[Buckets =           13, SubBuckets     =       262144]
       Value   Percentile   TotalCount 1/(1-Percentile)

   616.00000     0.000000            1         1.00
   900.00000     0.100000       451174         1.11
   900.00000     0.200000       451174         1.25
   912.00000     0.300000       862145         1.43
   912.00000     0.400000       862145         1.67
   925.00000     0.500000      1141196         2.00
   925.00000     0.550000      1141196         2.22
   925.00000     0.600000      1141196         2.50
   937.00000     0.650000      1268979         2.86
   949.00000     0.700000      1343844         3.33
   962.00000     0.750000      1400445         4.00
   986.00000     0.775000      1467053         4.44
  1011.00000     0.800000      1497173         5.00
  1097.00000     0.825000      1540604         5.71
  1159.00000     0.850000      1592211         6.67
  1208.00000     0.875000      1636412         8.00
  1245.00000     0.887500      1659490         8.89
  1295.00000     0.900000      1685477        10.00
  1332.00000     0.912500      1706672        11.43
  1369.00000     0.925000      1727919        13.33
  1418.00000     0.937500      1752546        16.00
  1443.00000     0.943750      1762882        17.78
  1480.00000     0.950000      1776075        20.00
  1517.00000     0.956250      1786072        22.86
  1578.00000     0.962500      1797686        26.67
  1689.00000     0.968750      1808584        32.00
  1924.00000     0.971875      1813931        35.56
  2836.00000     0.975000      1819733        40.00
  4637.00000     0.978125      1825551        45.71
  5747.00000     0.981250      1831391        53.33
  5883.00000     0.984375      1837779        64.00
  5920.00000     0.985938      1840672        71.11
  5957.00000     0.987500      1843719        80.00
  5994.00000     0.989062      1846653        91.43
  6031.00000     0.990625      1849348       106.67
  6080.00000     0.992188      1852378       128.00
  6105.00000     0.992969      1853574       142.22
  6142.00000     0.993750      1855001       160.00
  6191.00000     0.994531      1856317       182.86
  6277.00000     0.995313      1857663       213.33
  6475.00000     0.996094      1859122       256.00
  6684.00000     0.996484      1859811       284.44
  7054.00000     0.996875      1860539       320.00
  7326.00000     0.997266      1861286       365.71
  7535.00000     0.997656      1862037       426.67
  7720.00000     0.998047      1862724       512.00
  7831.00000     0.998242      1863101       568.89
  7942.00000     0.998437      1863462       640.00
  8103.00000     0.998633      1863843       731.43
  8300.00000     0.998828      1864189       853.33
  8534.00000     0.999023      1864557      1024.00
  8670.00000     0.999121      1864726      1137.78
  8830.00000     0.999219      1864911      1280.00
  9028.00000     0.999316      1865108      1462.86
  9237.00000     0.999414      1865278      1706.67
 10039.00000     0.999512      1865457      2048.00
 10730.00000     0.999561      1865547      2275.56
 11457.00000     0.999609      1865638      2560.00
 12370.00000     0.999658      1865729      2925.71
 13591.00000     0.999707      1865820      3413.33
 15244.00000     0.999756      1865912      4096.00
 16292.00000     0.999780      1865956      4551.11
 18364.00000     0.999805      1866002      5120.00
 20868.00000     0.999829      1866048      5851.43
 23001.00000     0.999854      1866093      6826.67
 24444.00000     0.999878      1866139      8192.00
 24938.00000     0.999890      1866161      9102.22
 25628.00000     0.999902      1866185     10240.00
 26516.00000     0.999915      1866207     11702.86
 27219.00000     0.999927      1866230     13653.33
 28453.00000     0.999939      1866253     16384.00
 28847.00000     0.999945      1866264     18204.44
 29476.00000     0.999951      1866275     20480.00
 30229.00000     0.999957      1866287     23405.71
 31881.00000     0.999963      1866298     27306.67
 33411.00000     0.999969      1866310     32768.00
 34989.00000     0.999973      1866315     36408.89
 38184.00000     0.999976      1866321     40960.00
 41637.00000     0.999979      1866327     46811.43
 45177.00000     0.999982      1866332     54613.33
 49185.00000     0.999985      1866338     65536.00
 50246.00000     0.999986      1866342     72817.78
 51072.00000     0.999988      1866346     81920.00
 51849.00000     0.999989      1866347     93622.86
 53785.00000     0.999991      1866349    109226.67
 61309.00000     0.999992      1866352    131072.00
 69054.00000     0.999993      1866354    145635.56
 69079.00000     0.999994      1866355    163840.00
 70078.00000     0.999995      1866357    187245.71
 73469.00000     0.999995      1866358    218453.33
 77811.00000     0.999996      1866359    262144.00
 84027.00000     0.999997      1866360    291271.11
 85531.00000     0.999997      1866361    327680.00
 86284.00000     0.999997      1866362    374491.43
 86284.00000     0.999998      1866362    436906.67
 88183.00000     0.999998      1866363    524288.00
 88183.00000     0.999998      1866363    582542.22
 92746.00000     0.999998      1866364    655360.00
 92746.00000     0.999999      1866364    748982.86
 92746.00000     0.999999      1866364    873813.33
104303.00000     0.999999      1866365   1048576.00
104303.00000     0.999999      1866365   1165084.44
104303.00000     0.999999      1866365   1310720.00
104303.00000     0.999999      1866365   1497965.71
104303.00000     0.999999      1866365   1747626.67
131128.00000     1.000000      1866366   2097152.00
131128.00000     1.000000      1866366          inf
#[Mean    =     1114.121, StdDeviation   =      928.585]
#[Max     =   131128.000, Total count    =      1866366]
#[Buckets =           13, SubBuckets     =       262144]

=== EXCHANGE STDERR ===
matching tid: 47400
