=== CLIENT STDERR ===
=== Exchange load generator ===
  clients  : 10
  seed     : 3654907603
  target   : 127.0.0.1:4000
  thread id: 48559
Ctrl-C to stop.


=== Stats ===
  elapsed         : 14.999 s
  requests sent   : 2087094
  ACK responses   : 2087084
  MATCH responses : 1195949
  ERR responses   : 0
  orders in flight: -10
  --- throughput ---
  requests/s      : 139150
  ACK/s           : 139149
  MATCH/s         : 79736
  ERR/s           : 0
  total resp/s    : 139149

=== EXCHANGE STDOUT ===
exchange tid: 48558
inbound thread: 48560
outbound thread: 48561
       Value   Percentile   TotalCount 1/(1-Percentile)

  2084.00000     0.000000            2         1.00
  2429.00000     0.100000       162550         1.11
  2528.00000     0.200000       324849         1.25
  2664.00000     0.300000       485798         1.43
  2836.00000     0.400000       643049         1.67
  2984.00000     0.500000       806202         2.00
  3046.00000     0.550000       884123         2.22
  3108.00000     0.600000       963721         2.50
  3169.00000     0.650000      1040226         2.86
  3243.00000     0.700000      1123086         3.33
  3317.00000     0.750000      1195240         4.00
  3367.00000     0.775000      1237474         4.44
  3416.00000     0.800000      1274685         5.00
  3478.00000     0.825000      1314637         5.71
  3552.00000     0.850000      1354378         6.67
  3638.00000     0.875000      1389738         8.00
  3700.00000     0.887500      1409656         8.89
  3774.00000     0.900000      1428656        10.00
  3885.00000     0.912500      1449529        11.43
  4033.00000     0.925000      1467759        13.33
  4341.00000     0.937500      1487685        16.00
  4686.00000     0.943750      1497430        17.78
  5278.00000     0.950000      1507234        20.00
  5994.00000     0.956250      1517163        22.86
  7264.00000     0.962500      1527188        26.67
  7659.00000     0.968750      1537256        32.00
  7881.00000     0.971875      1541918        35.56
  8300.00000     0.975000      1546935        40.00
  8941.00000     0.978125      1551910        45.71
  9447.00000     0.981250      1556915        53.33
  9866.00000     0.984375      1561744        64.00
 10150.00000     0.985938      1564262        71.11
 10545.00000     0.987500      1566705        80.00
 11186.00000     0.989062      1569184        91.43
 12148.00000     0.990625      1571679       106.67
 14121.00000     0.992188      1574143       128.00
 15897.00000     0.992969      1575383       142.22
 18635.00000     0.993750      1576618       160.00
 22533.00000     0.994531      1577857       182.86
 29180.00000     0.995313      1579096       213.33
 38344.00000     0.996094      1580334       256.00
 44918.00000     0.996484      1580954       284.44
 52848.00000     0.996875      1581575       320.00
 63948.00000     0.997266      1582193       365.71
 80031.00000     0.997656      1582813       426.67
120089.00000     0.998047      1583433       512.00
150984.00000     0.998242      1583743       568.89
187627.00000     0.998437      1584053       640.00
229227.00000     0.998633      1584362       731.43
297493.00000     0.998828      1584672       853.33
435551.00000     0.999023      1584982      1024.00
555111.00000     0.999121      1585137      1137.78
807539.00000     0.999219      1585292      1280.00
1247775.00000     0.999316      1585447      1462.86
1732303.00000     0.999414      1585602      1706.67
2356767.00000     0.999512      1585757      2048.00
2494399.00000     0.999561      1585834      2275.56
2706111.00000     0.999609      1585912      2560.00
3118559.00000     0.999658      1585989      2925.71
3429487.00000     0.999707      1586067      3413.33
3765183.00000     0.999756      1586145      4096.00
4079487.00000     0.999780      1586183      4551.11
4466751.00000     0.999805      1586222      5120.00
4705119.00000     0.999829      1586260      5851.43
4810143.00000     0.999854      1586299      6826.67
4867327.00000     0.999878      1586338      8192.00
4878847.00000     0.999890      1586357      9102.22
4903487.00000     0.999902      1586377     10240.00
4929855.00000     0.999915      1586397     11702.86
4953535.00000     0.999927      1586415     13653.33
4969439.00000     0.999939      1586435     16384.00
4984159.00000     0.999945      1586444     18204.44
5001023.00000     0.999951      1586454     20480.00
5012991.00000     0.999957      1586464     23405.71
6093407.00000     0.999963      1586473     27306.67
6165279.00000     0.999969      1586483     32768.00
6223967.00000     0.999973      1586488     36408.89
6248735.00000     0.999976      1586493     40960.00
6292127.00000     0.999979      1586498     46811.43
6329503.00000     0.999982      1586502     54613.33
6423327.00000     0.999985      1586507     65536.00
8474879.00000     0.999986      1586510     72817.78
9682431.00000     0.999988      1586512     81920.00
9711615.00000     0.999989      1586515     93622.86
9726783.00000     0.999991      1586517    109226.67
9747967.00000     0.999992      1586519    131072.00
9822271.00000     0.999993      1586521    145635.56
9830591.00000     0.999994      1586522    163840.00
9850495.00000     0.999995      1586523    187245.71
9854079.00000     0.999995      1586524    218453.33
9870719.00000     0.999996      1586525    262144.00
9883391.00000     0.999997      1586526    291271.11
9902783.00000     0.999997      1586527    327680.00
9902783.00000     0.999997      1586527    374491.43
9903231.00000     0.999998      1586528    436906.67
9903231.00000     0.999998      1586528    524288.00
9919743.00000     0.999998      1586529    582542.22
9919743.00000     0.999998      1586529    655360.00
9919743.00000     0.999999      1586529    748982.86
9934911.00000     0.999999      1586530    873813.33
9934911.00000     0.999999      1586530   1048576.00
9934911.00000     0.999999      1586530   1165084.44
9934911.00000     0.999999      1586530   1310720.00
9934911.00000     0.999999      1586530   1497965.71
9970879.00000     0.999999      1586531   1747626.67
9970879.00000     1.000000      1586531          inf
#[Mean    =     6120.352, StdDeviation   =    98756.481]
#[Max     =  9970879.000, Total count    =      1586531]
#[Buckets =           13, SubBuckets     =       262144]
       Value   Percentile   TotalCount 1/(1-Percentile)

   962.00000     0.000000            2         1.00
  1048.00000     0.100000       366487         1.11
  1048.00000     0.200000       366487         1.25
  1060.00000     0.300000       617960         1.43
  1073.00000     0.400000       718435         1.67
  1196.00000     0.500000       798057         2.00
  1270.00000     0.550000       900636         2.22
  1295.00000     0.600000       989522         2.50
  1307.00000     0.650000      1051179         2.86
  1319.00000     0.700000      1117853         3.33
  1344.00000     0.750000      1232498         4.00
  1344.00000     0.775000      1232498         4.44
  1356.00000     0.800000      1272929         5.00
  1381.00000     0.825000      1331746         5.71
  1393.00000     0.850000      1354495         6.67
  1418.00000     0.875000      1389958         8.00
  1443.00000     0.887500      1416918         8.89
  1455.00000     0.900000      1428472        10.00
  1480.00000     0.912500      1449592        11.43
  1504.00000     0.925000      1468938        13.33
  1541.00000     0.937500      1494859        16.00
  1554.00000     0.943750      1502547        17.78
  1566.00000     0.950000      1509742        20.00
  1591.00000     0.956250      1522642        22.86
  1603.00000     0.962500      1528119        26.67
  1628.00000     0.968750      1537644        32.00
  1652.00000     0.971875      1545243        35.56
  1665.00000     0.975000      1548445        40.00
  1689.00000     0.978125      1553747        45.71
  1714.00000     0.981250      1557956        53.33
  1751.00000     0.984375      1562552        64.00
  1776.00000     0.985938      1564852        71.11
  1813.00000     0.987500      1567266        80.00
  1862.00000     0.989062      1569352        91.43
  1973.00000     0.990625      1571795       106.67
  2158.00000     0.992188      1574169       128.00
  2281.00000     0.992969      1575392       142.22
  2429.00000     0.993750      1576621       160.00
  2639.00000     0.994531      1577887       182.86
  2898.00000     0.995313      1579100       213.33
  3305.00000     0.996094      1580348       256.00
  3613.00000     0.996484      1580969       284.44
  4156.00000     0.996875      1581575       320.00
  5747.00000     0.997266      1582194       365.71
  6339.00000     0.997656      1582817       426.67
  7017.00000     0.998047      1583443       512.00
  7474.00000     0.998242      1583753       568.89
  7942.00000     0.998437      1584053       640.00
  8448.00000     0.998633      1584362       731.43
  9003.00000     0.998828      1584673       853.33
  9533.00000     0.999023      1584982      1024.00
  9854.00000     0.999121      1585138      1137.78
 10175.00000     0.999219      1585292      1280.00
 10569.00000     0.999316      1585451      1462.86
 11026.00000     0.999414      1585603      1706.67
 11655.00000     0.999512      1585759      2048.00
 12012.00000     0.999561      1585835      2275.56
 12481.00000     0.999609      1585914      2560.00
 12999.00000     0.999658      1585995      2925.71
 13443.00000     0.999707      1586067      3413.33
 14245.00000     0.999756      1586144      4096.00
 14985.00000     0.999780      1586183      4551.11
 15663.00000     0.999805      1586222      5120.00
 16798.00000     0.999829      1586260      5851.43
 18512.00000     0.999854      1586300      6826.67
 21077.00000     0.999878      1586338      8192.00
 23507.00000     0.999890      1586357      9102.22
 25480.00000     0.999902      1586377     10240.00
 28292.00000     0.999915      1586396     11702.86
 31968.00000     0.999927      1586415     13653.33
 40700.00000     0.999939      1586435     16384.00
 44807.00000     0.999945      1586444     18204.44
 56486.00000     0.999951      1586454     20480.00
 85852.00000     0.999957      1586464     23405.71
107781.00000     0.999963      1586473     27306.67
278845.00000     0.999969      1586483     32768.00
782699.00000     0.999973      1586488     36408.89
836719.00000     0.999976      1586493     40960.00
1999023.00000     0.999979      1586498     46811.43
2344143.00000     0.999982      1586502     54613.33
2889951.00000     0.999985      1586507     65536.00
3308639.00000     0.999986      1586510     72817.78
3747135.00000     0.999988      1586512     81920.00
4663519.00000     0.999989      1586515     93622.86
4881823.00000     0.999991      1586517    109226.67
4882495.00000     0.999992      1586519    131072.00
4907647.00000     0.999993      1586521    145635.56
4943871.00000     0.999994      1586522    163840.00
4944767.00000     0.999995      1586523    187245.71
4953759.00000     0.999995      1586524    218453.33
5311839.00000     0.999996      1586525    262144.00
5312383.00000     0.999997      1586526    291271.11
5312607.00000     0.999997      1586527    327680.00
5312607.00000     0.999997      1586527    374491.43
6332575.00000     0.999998      1586528    436906.67
6332575.00000     0.999998      1586528    524288.00
6332703.00000     0.999998      1586529    582542.22
6332703.00000     0.999998      1586529    655360.00
6332703.00000     0.999999      1586529    748982.86
7453183.00000     0.999999      1586530    873813.33
7453183.00000     0.999999      1586530   1048576.00
7453183.00000     0.999999      1586530   1165084.44
7453183.00000     0.999999      1586530   1310720.00
7453183.00000     0.999999      1586530   1497965.71
7454335.00000     0.999999      1586531   1747626.67
7454335.00000     1.000000      1586531          inf
#[Mean    =     1345.932, StdDeviation   =    20561.165]
#[Max     =  7454335.000, Total count    =      1586531]
#[Buckets =           13, SubBuckets     =       262144]
       Value   Percentile   TotalCount 1/(1-Percentile)

     0.00000     0.000000        76602         1.00
    12.00000     0.100000      1049565         1.11
    12.00000     0.200000      1049565         1.25
    12.00000     0.300000      1049565         1.43
    12.00000     0.400000      1049565         1.67
    12.00000     0.500000      1049565         2.00
    12.00000     0.550000      1049565         2.22
    12.00000     0.600000      1049565         2.50
    12.00000     0.650000      1049565         2.86
    24.00000     0.700000      1551052         3.33
    24.00000     0.750000      1551052         4.00
    24.00000     0.775000      1551052         4.44
    24.00000     0.800000      1551052         5.00
    24.00000     0.825000      1551052         5.71
    24.00000     0.850000      1551052         6.67
    24.00000     0.875000      1551052         8.00
    24.00000     0.887500      1551052         8.89
    24.00000     0.900000      1551052        10.00
    24.00000     0.912500      1551052        11.43
    24.00000     0.925000      1551052        13.33
    24.00000     0.937500      1551052        16.00
    24.00000     0.943750      1551052        17.78
    24.00000     0.950000      1551052        20.00
    24.00000     0.956250      1551052        22.86
    24.00000     0.962500      1551052        26.67
    24.00000     0.968750      1551052        32.00
    24.00000     0.971875      1551052        35.56
    24.00000     0.975000      1551052        40.00
    37.00000     0.978125      1576396        45.71
    37.00000     0.981250      1576396        53.33
    37.00000     0.984375      1576396        64.00
    37.00000     0.985938      1576396        71.11
    37.00000     0.987500      1576396        80.00
    37.00000     0.989062      1576396        91.43
    37.00000     0.990625      1576396       106.67
    37.00000     0.992188      1576396       128.00
    37.00000     0.992969      1576396       142.22
    49.00000     0.993750      1583621       160.00
    49.00000     0.994531      1583621       182.86
    49.00000     0.995313      1583621       213.33
    49.00000     0.996094      1583621       256.00
    49.00000     0.996484      1583621       284.44
    49.00000     0.996875      1583621       320.00
    49.00000     0.997266      1583621       365.71
    49.00000     0.997656      1583621       426.67
    49.00000     0.998047      1583621       512.00
    61.00000     0.998242      1585562       568.89
    61.00000     0.998437      1585562       640.00
    61.00000     0.998633      1585562       731.43
    61.00000     0.998828      1585562       853.33
    61.00000     0.999023      1585562      1024.00
    61.00000     0.999121      1585562      1137.78
    61.00000     0.999219      1585562      1280.00
    61.00000     0.999316      1585562      1462.86
    74.00000     0.999414      1585947      1706.67
    74.00000     0.999512      1585947      2048.00
    74.00000     0.999561      1585947      2275.56
    74.00000     0.999609      1585947      2560.00
    86.00000     0.999658      1586042      2925.71
    98.00000     0.999707      1586101      3413.33
   111.00000     0.999756      1586177      4096.00
   123.00000     0.999780      1586234      4551.11
   123.00000     0.999805      1586234      5120.00
   135.00000     0.999829      1586261      5851.43
   148.00000     0.999854      1586300      6826.67
   172.00000     0.999878      1586341      8192.00
   185.00000     0.999890      1586357      9102.22
   209.00000     0.999902      1586385     10240.00
   234.00000     0.999915      1586408     11702.86
   246.00000     0.999927      1586415     13653.33
   283.00000     0.999939      1586435     16384.00
   296.00000     0.999945      1586444     18204.44
   320.00000     0.999951      1586457     20480.00
   345.00000     0.999957      1586467     23405.71
   370.00000     0.999963      1586473     27306.67
   419.00000     0.999969      1586483     32768.00
   468.00000     0.999973      1586490     36408.89
   493.00000     0.999976      1586495     40960.00
   530.00000     0.999979      1586498     46811.43
   567.00000     0.999982      1586502     54613.33
   629.00000     0.999985      1586507     65536.00
   690.00000     0.999986      1586510     72817.78
   727.00000     0.999988      1586512     81920.00
   900.00000     0.999989      1586515     93622.86
  1023.00000     0.999991      1586517    109226.67
  1171.00000     0.999992      1586519    131072.00
  1480.00000     0.999993      1586521    145635.56
  3687.00000     0.999994      1586522    163840.00
  4723.00000     0.999995      1586523    187245.71
  5747.00000     0.999995      1586524    218453.33
  6006.00000     0.999996      1586525    262144.00
  6105.00000     0.999997      1586526    291271.11
  7338.00000     0.999997      1586527    327680.00
  7338.00000     0.999997      1586527    374491.43
  7868.00000     0.999998      1586528    436906.67
  7868.00000     0.999998      1586528    524288.00
  8941.00000     0.999998      1586529    582542.22
  8941.00000     0.999998      1586529    655360.00
  8941.00000     0.999999      1586529    748982.86
  9163.00000     0.999999      1586530    873813.33
  9163.00000     0.999999      1586530   1048576.00
  9163.00000     0.999999      1586530   1165084.44
  9163.00000     0.999999      1586530   1310720.00
  9163.00000     0.999999      1586530   1497965.71
  9262.00000     0.999999      1586531   1747626.67
  9262.00000     1.000000      1586531          inf
#[Mean    =       15.964, StdDeviation   =       19.916]
#[Max     =     9262.000, Total count    =      1586531]
#[Buckets =           13, SubBuckets     =       262144]
       Value   Percentile   TotalCount 1/(1-Percentile)

    49.00000     0.000000            1         1.00
    98.00000     0.100000       620914         1.11
    98.00000     0.200000       620914         1.25
    98.00000     0.300000       620914         1.43
   110.00000     0.400000       652928         1.67
   111.00000     0.500000      1168392         2.00
   111.00000     0.550000      1168392         2.22
   111.00000     0.600000      1168392         2.50
   111.00000     0.650000      1168392         2.86
   111.00000     0.700000      1168392         3.33
   123.00000     0.750000      1403732         4.00
   123.00000     0.775000      1403732         4.44
   123.00000     0.800000      1403732         5.00
   123.00000     0.825000      1403732         5.71
   123.00000     0.850000      1403732         6.67
   123.00000     0.875000      1403732         8.00
   135.00000     0.887500      1511977         8.89
   135.00000     0.900000      1511977        10.00
   135.00000     0.912500      1511977        11.43
   135.00000     0.925000      1511977        13.33
   135.00000     0.937500      1511977        16.00
   135.00000     0.943750      1511977        17.78
   135.00000     0.950000      1511977        20.00
   148.00000     0.956250      1539944        22.86
   148.00000     0.962500      1539944        26.67
   148.00000     0.968750      1539944        32.00
   160.00000     0.971875      1549162        35.56
   160.00000     0.975000      1549162        40.00
   172.00000     0.978125      1553416        45.71
   197.00000     0.981250      1558127        53.33
   234.00000     0.984375      1562616        64.00
   259.00000     0.985938      1564255        71.11
   320.00000     0.987500      1567156        80.00
   382.00000     0.989062      1569329        91.43
   481.00000     0.990625      1571704       106.67
   629.00000     0.992188      1574220       128.00
   727.00000     0.992969      1575438       142.22
   838.00000     0.993750      1576645       160.00
   999.00000     0.994531      1577905       182.86
  1233.00000     0.995313      1579130       213.33
  1566.00000     0.996094      1580352       256.00
  1825.00000     0.996484      1580976       284.44
  2244.00000     0.996875      1581585       320.00
  3231.00000     0.997266      1582199       365.71
  5944.00000     0.997656      1582813       426.67
 12555.00000     0.998047      1583434       512.00
 19684.00000     0.998242      1583743       568.89
 34878.00000     0.998437      1584053       640.00
 60914.00000     0.998633      1584362       731.43
 97902.00000     0.998828      1584672       853.33
147062.00000     0.999023      1584982      1024.00
177587.00000     0.999121      1585137      1137.78
214304.00000     0.999219      1585292      1280.00
268497.00000     0.999316      1585447      1462.86
383887.00000     0.999414      1585602      1706.67
523933.00000     0.999512      1585757      2048.00
631087.00000     0.999561      1585834      2275.56
883611.00000     0.999609      1585912      2560.00
1011839.00000     0.999658      1585989      2925.71
1395407.00000     0.999707      1586067      3413.33
2277951.00000     0.999756      1586144      4096.00
2325999.00000     0.999780      1586183      4551.11
2394575.00000     0.999805      1586222      5120.00
2453663.00000     0.999829      1586260      5851.43
2609135.00000     0.999854      1586299      6826.67
3032783.00000     0.999878      1586338      8192.00
3150319.00000     0.999890      1586357      9102.22
3384383.00000     0.999902      1586377     10240.00
3457503.00000     0.999915      1586396     11702.86
3591023.00000     0.999927      1586415     13653.33
4604703.00000     0.999939      1586435     16384.00
4658239.00000     0.999945      1586444     18204.44
4791903.00000     0.999951      1586454     20480.00
4812543.00000     0.999957      1586465     23405.71
4830111.00000     0.999963      1586473     27306.67
4858783.00000     0.999969      1586483     32768.00
4877727.00000     0.999973      1586488     36408.89
4893279.00000     0.999976      1586493     40960.00
4914495.00000     0.999979      1586498     46811.43
4915551.00000     0.999982      1586502     54613.33
4918143.00000     0.999985      1586507     65536.00
4919231.00000     0.999986      1586510     72817.78
4919583.00000     0.999988      1586512     81920.00
6158111.00000     0.999989      1586515     93622.86
6170335.00000     0.999991      1586517    109226.67
6187391.00000     0.999992      1586519    131072.00
6199487.00000     0.999993      1586521    145635.56
6205695.00000     0.999994      1586522    163840.00
6215359.00000     0.999995      1586523    187245.71
6231103.00000     0.999995      1586524    218453.33
6249183.00000     0.999996      1586525    262144.00
6256703.00000     0.999997      1586526    291271.11
6267423.00000     0.999997      1586527    327680.00
6267423.00000     0.999997      1586527    374491.43
6277663.00000     0.999998      1586528    436906.67
6277663.00000     0.999998      1586528    524288.00
6287903.00000     0.999998      1586529    582542.22
6287903.00000     0.999998      1586529    655360.00
6287903.00000     0.999999      1586529    748982.86
6297535.00000     0.999999      1586530    873813.33
6297535.00000     0.999999      1586530   1048576.00
6297535.00000     0.999999      1586530   1165084.44
6297535.00000     0.999999      1586530   1310720.00
6297535.00000     0.999999      1586530   1497965.71
6305727.00000     0.999999      1586531   1747626.67
6305727.00000     1.000000      1586531          inf
#[Mean    =     1387.273, StdDeviation   =    58414.007]
#[Max     =  6305727.000, Total count    =      1586531]
#[Buckets =           13, SubBuckets     =       262144]
       Value   Percentile   TotalCount 1/(1-Percentile)

     0.00000     0.000000         5297         1.00
    37.00000     0.100000       258504         1.11
    49.00000     0.200000       542732         1.25
    49.00000     0.300000       542732         1.43
    74.00000     0.400000       670720         1.67
   123.00000     0.500000       814081         2.00
   148.00000     0.550000       885204         2.22
   172.00000     0.600000       956666         2.50
   209.00000     0.650000      1048081         2.86
   246.00000     0.700000      1130268         3.33
   283.00000     0.750000      1203733         4.00
   308.00000     0.775000      1245870         4.44
   333.00000     0.800000      1282811         5.00
   357.00000     0.825000      1316328         5.71
   394.00000     0.850000      1360346         6.67
   431.00000     0.875000      1396717         8.00
   456.00000     0.887500      1417149         8.89
   481.00000     0.900000      1434865        10.00
   505.00000     0.912500      1450550        11.43
   542.00000     0.925000      1470331        13.33
   592.00000     0.937500      1491038        16.00
   616.00000     0.943750      1499800        17.78
   641.00000     0.950000      1507517        20.00
   678.00000     0.956250      1517476        22.86
   727.00000     0.962500      1528002        26.67
   789.00000     0.968750      1538250        32.00
   826.00000     0.971875      1543015        35.56
   863.00000     0.975000      1547020        40.00
   925.00000     0.978125      1552322        45.71
   999.00000     0.981250      1556982        53.33
  1110.00000     0.984375      1561892        64.00
  1196.00000     0.985938      1564408        71.11
  1319.00000     0.987500      1566805        80.00
  1529.00000     0.989062      1569308        91.43
  1874.00000     0.990625      1571710       106.67
  2380.00000     0.992188      1574185       128.00
  2725.00000     0.992969      1575376       142.22
  3108.00000     0.993750      1576660       160.00
  3342.00000     0.994531      1577888       182.86
  3811.00000     0.995313      1579109       213.33
  4711.00000     0.996094      1580345       256.00
  5093.00000     0.996484      1580973       284.44
  5488.00000     0.996875      1581579       320.00
  5870.00000     0.997266      1582200       365.71
  6277.00000     0.997656      1582820       426.67
  6734.00000     0.998047      1583444       512.00
  6993.00000     0.998242      1583748       568.89
  7289.00000     0.998437      1584056       640.00
  7659.00000     0.998633      1584378       731.43
  8016.00000     0.998828      1584677       853.33
  8497.00000     0.999023      1584985      1024.00
  8769.00000     0.999121      1585144      1137.78
  9102.00000     0.999219      1585292      1280.00
  9521.00000     0.999316      1585449      1462.86
 10076.00000     0.999414      1585602      1706.67
 10915.00000     0.999512      1585758      2048.00
 11371.00000     0.999561      1585834      2275.56
 11988.00000     0.999609      1585912      2560.00
 12592.00000     0.999658      1585989      2925.71
 13468.00000     0.999707      1586067      3413.33
 14257.00000     0.999756      1586144      4096.00
 14812.00000     0.999780      1586183      4551.11
 15577.00000     0.999805      1586222      5120.00
 16243.00000     0.999829      1586260      5851.43
 16995.00000     0.999854      1586299      6826.67
 18253.00000     0.999878      1586338      8192.00
 19190.00000     0.999890      1586357      9102.22
 20288.00000     0.999902      1586377     10240.00
 21620.00000     0.999915      1586396     11702.86
 23260.00000     0.999927      1586415     13653.33
 24753.00000     0.999939      1586435     16384.00
 25616.00000     0.999945      1586444     18204.44
 26886.00000     0.999951      1586454     20480.00
 28366.00000     0.999957      1586464     23405.71
 31154.00000     0.999963      1586473     27306.67
 34311.00000     0.999969      1586483     32768.00
 37037.00000     0.999973      1586488     36408.89
 38085.00000     0.999976      1586493     40960.00
 42155.00000     0.999979      1586498     46811.43
 47680.00000     0.999982      1586502     54613.33
 54390.00000     0.999985      1586507     65536.00
 63208.00000     0.999986      1586510     72817.78
 63689.00000     0.999988      1586512     81920.00
 68622.00000     0.999989      1586515     93622.86
 69967.00000     0.999991      1586517    109226.67
 72581.00000     0.999992      1586519    131072.00
 74160.00000     0.999993      1586521    145635.56
 89638.00000     0.999994      1586522    163840.00
109285.00000     0.999995      1586523    187245.71
110519.00000     0.999995      1586524    218453.33
117709.00000     0.999996      1586525    262144.00
136579.00000     0.999997      1586526    291271.11
202118.00000     0.999997      1586527    327680.00
202118.00000     0.999997      1586527    374491.43
345271.00000     0.999998      1586528    436906.67
345271.00000     0.999998      1586528    524288.00
398417.00000     0.999998      1586529    582542.22
398417.00000     0.999998      1586529    655360.00
398417.00000     0.999999      1586529    748982.86
1454695.00000     0.999999      1586530    873813.33
1454695.00000     0.999999      1586530   1048576.00
1454695.00000     0.999999      1586530   1165084.44
1454695.00000     0.999999      1586530   1310720.00
1454695.00000     0.999999      1586530   1497965.71
3173935.00000     0.999999      1586531   1747626.67
3173935.00000     1.000000      1586531          inf
#[Mean    =      245.728, StdDeviation   =     2889.619]
#[Max     =  3173935.000, Total count    =      1586531]
#[Buckets =           13, SubBuckets     =       262144]
       Value   Percentile   TotalCount 1/(1-Percentile)

    86.00000     0.000000            3         1.00
   197.00000     0.100000       171770         1.11
   234.00000     0.200000       375106         1.25
   259.00000     0.300000       528834         1.43
   283.00000     0.400000       680334         1.67
   308.00000     0.500000       833182         2.00
   320.00000     0.550000       908908         2.22
   333.00000     0.600000       982791         2.50
   345.00000     0.650000      1056799         2.86
   357.00000     0.700000      1122951         3.33
   382.00000     0.750000      1228562         4.00
   394.00000     0.775000      1282984         4.44
   394.00000     0.800000      1282984         5.00
   407.00000     0.825000      1326459         5.71
   419.00000     0.850000      1363128         6.67
   431.00000     0.875000      1395592         8.00
   444.00000     0.887500      1422568         8.89
   456.00000     0.900000      1446325        10.00
   468.00000     0.912500      1467289        11.43
   481.00000     0.925000      1484335        13.33
   493.00000     0.937500      1496770        16.00
   505.00000     0.943750      1505501        17.78
   518.00000     0.950000      1511465        20.00
   542.00000     0.956250      1519506        22.86
   592.00000     0.962500      1527659        26.67
   740.00000     0.968750      1537054        32.00
   888.00000     0.971875      1542165        35.56
  1036.00000     0.975000      1546882        40.00
  1270.00000     0.978125      1552053        45.71
  1554.00000     0.981250      1556865        53.33
  1985.00000     0.984375      1561834        64.00
  2281.00000     0.985938      1564264        71.11
  2725.00000     0.987500      1566705        80.00
  3367.00000     0.989062      1569196        91.43
  4390.00000     0.990625      1571660       106.67
  5772.00000     0.992188      1574144       128.00
  6808.00000     0.992969      1575377       142.22
  8534.00000     0.993750      1576625       160.00
 10939.00000     0.994531      1577857       182.86
 15318.00000     0.995313      1579097       213.33
 21645.00000     0.996094      1580334       256.00
 25542.00000     0.996484      1580954       284.44
 29538.00000     0.996875      1581574       320.00
 34434.00000     0.997266      1582193       365.71
 40058.00000     0.997656      1582815       426.67
 46003.00000     0.998047      1583433       512.00
 49851.00000     0.998242      1583743       568.89
 53650.00000     0.998437      1584053       640.00
 58139.00000     0.998633      1584363       731.43
 63849.00000     0.998828      1584673       853.33
 71866.00000     0.999023      1584982      1024.00
 78181.00000     0.999121      1585137      1137.78
 87616.00000     0.999219      1585292      1280.00
105487.00000     0.999316      1585447      1462.86
145385.00000     0.999414      1585602      1706.67
216721.00000     0.999512      1585757      2048.00
282311.00000     0.999561      1585834      2275.56
394185.00000     0.999609      1585912      2560.00
1046695.00000     0.999658      1585989      2925.71
1625527.00000     0.999707      1586067      3413.33
1995015.00000     0.999756      1586144      4096.00
2720303.00000     0.999780      1586183      4551.11
3234175.00000     0.999805      1586222      5120.00
3606047.00000     0.999829      1586260      5851.43
3910751.00000     0.999854      1586299      6826.67
4431263.00000     0.999878      1586338      8192.00
4632159.00000     0.999890      1586357      9102.22
4755583.00000     0.999902      1586377     10240.00
4809631.00000     0.999915      1586396     11702.86
4848607.00000     0.999927      1586415     13653.33
4882815.00000     0.999939      1586435     16384.00
4896255.00000     0.999945      1586444     18204.44
4911743.00000     0.999951      1586454     20480.00
4941407.00000     0.999957      1586464     23405.71
4961119.00000     0.999963      1586473     27306.67
4991039.00000     0.999969      1586483     32768.00
5000511.00000     0.999973      1586488     36408.89
5035743.00000     0.999976      1586493     40960.00
6113119.00000     0.999979      1586498     46811.43
6146783.00000     0.999982      1586502     54613.33
6202495.00000     0.999985      1586507     65536.00
8439999.00000     0.999986      1586510     72817.78
9633727.00000     0.999988      1586512     81920.00
9700543.00000     0.999989      1586515     93622.86
9712703.00000     0.999991      1586517    109226.67
9736639.00000     0.999992      1586519    131072.00
9813375.00000     0.999993      1586521    145635.56
9820927.00000     0.999994      1586522    163840.00
9841983.00000     0.999995      1586523    187245.71
9846783.00000     0.999995      1586524    218453.33
9861887.00000     0.999996      1586525    262144.00
9875519.00000     0.999997      1586526    291271.11
9894911.00000     0.999997      1586527    327680.00
9894911.00000     0.999997      1586527    374491.43
9895039.00000     0.999998      1586528    436906.67
9895039.00000     0.999998      1586528    524288.00
9911679.00000     0.999998      1586529    582542.22
9911679.00000     0.999998      1586529    655360.00
9911679.00000     0.999999      1586529    748982.86
9927423.00000     0.999999      1586530    873813.33
9927423.00000     0.999999      1586530   1048576.00
9927423.00000     0.999999      1586530   1165084.44
9927423.00000     0.999999      1586530   1310720.00
9927423.00000     0.999999      1586530   1497965.71
9962047.00000     0.999999      1586531   1747626.67
9962047.00000     1.000000      1586531          inf
#[Mean    =     1852.347, StdDeviation   =    75298.485]
#[Max     =  9962047.000, Total count    =      1586531]
#[Buckets =           13, SubBuckets     =       262144]
       Value   Percentile   TotalCount 1/(1-Percentile)

     0.00000     0.000000       153848         1.00
    12.00000     0.100000      1441509         1.11
    12.00000     0.200000      1441509         1.25
    12.00000     0.300000      1441509         1.43
    12.00000     0.400000      1441509         1.67
    12.00000     0.500000      1441509         2.00
    12.00000     0.550000      1441509         2.22
    12.00000     0.600000      1441509         2.50
    12.00000     0.650000      1441509         2.86
    12.00000     0.700000      1441509         3.33
    12.00000     0.750000      1441509         4.00
    12.00000     0.775000      1441509         4.44
    12.00000     0.800000      1441509         5.00
    12.00000     0.825000      1441509         5.71
    12.00000     0.850000      1441509         6.67
    12.00000     0.875000      1441509         8.00
    12.00000     0.887500      1441509         8.89
    12.00000     0.900000      1441509        10.00
    24.00000     0.912500      1555282        11.43
    24.00000     0.925000      1555282        13.33
    24.00000     0.937500      1555282        16.00
    24.00000     0.943750      1555282        17.78
    24.00000     0.950000      1555282        20.00
    24.00000     0.956250      1555282        22.86
    24.00000     0.962500      1555282        26.67
    24.00000     0.968750      1555282        32.00
    24.00000     0.971875      1555282        35.56
    24.00000     0.975000      1555282        40.00
    24.00000     0.978125      1555282        45.71
    37.00000     0.981250      1569675        53.33
    37.00000     0.984375      1569675        64.00
    37.00000     0.985938      1569675        71.11
    37.00000     0.987500      1569675        80.00
    37.00000     0.989062      1569675        91.43
    49.00000     0.990625      1575635       106.67
    49.00000     0.992188      1575635       128.00
    49.00000     0.992969      1575635       142.22
    61.00000     0.993750      1577471       160.00
    74.00000     0.994531      1578191       182.86
    98.00000     0.995313      1579864       213.33
   111.00000     0.996094      1582323       256.00
   111.00000     0.996484      1582323       284.44
   111.00000     0.996875      1582323       320.00
   111.00000     0.997266      1582323       365.71
   123.00000     0.997656      1583197       426.67
   135.00000     0.998047      1583665       512.00
   148.00000     0.998242      1583977       568.89
   160.00000     0.998437      1584257       640.00
   172.00000     0.998633      1584461       731.43
   197.00000     0.998828      1584776       853.33
   222.00000     0.999023      1584986      1024.00
   246.00000     0.999121      1585147      1137.78
   271.00000     0.999219      1585307      1280.00
   296.00000     0.999316      1585450      1462.86
   345.00000     0.999414      1585641      1706.67
   394.00000     0.999512      1585788      2048.00
   419.00000     0.999561      1585860      2275.56
   444.00000     0.999609      1585921      2560.00
   481.00000     0.999658      1586000      2925.71
   518.00000     0.999707      1586079      3413.33
   567.00000     0.999756      1586146      4096.00
   604.00000     0.999780      1586194      4551.11
   641.00000     0.999805      1586232      5120.00
   678.00000     0.999829      1586261      5851.43
   752.00000     0.999854      1586305      6826.67
   888.00000     0.999878      1586341      8192.00
  1048.00000     0.999890      1586357      9102.22
  1208.00000     0.999902      1586378     10240.00
  4674.00000     0.999915      1586396     11702.86
  5204.00000     0.999927      1586415     13653.33
  5402.00000     0.999939      1586435     16384.00
  5525.00000     0.999945      1586444     18204.44
  5870.00000     0.999951      1586455     20480.00
  6129.00000     0.999957      1586464     23405.71
  6290.00000     0.999963      1586473     27306.67
  6450.00000     0.999969      1586483     32768.00
  6487.00000     0.999973      1586489     36408.89
  6561.00000     0.999976      1586493     40960.00
  6623.00000     0.999979      1586498     46811.43
  6758.00000     0.999982      1586503     54613.33
  6869.00000     0.999985      1586507     65536.00
  7054.00000     0.999986      1586511     72817.78
  7091.00000     0.999988      1586513     81920.00
  7153.00000     0.999989      1586515     93622.86
  7289.00000     0.999991      1586517    109226.67
  7326.00000     0.999992      1586519    131072.00
  7424.00000     0.999993      1586521    145635.56
  7745.00000     0.999994      1586522    163840.00
  8090.00000     0.999995      1586523    187245.71
  8337.00000     0.999995      1586524    218453.33
  8460.00000     0.999996      1586526    262144.00
  8460.00000     0.999997      1586526    291271.11
  8584.00000     0.999997      1586527    327680.00
  8584.00000     0.999997      1586527    374491.43
  8695.00000     0.999998      1586528    436906.67
  8695.00000     0.999998      1586528    524288.00
  9003.00000     0.999998      1586529    582542.22
  9003.00000     0.999998      1586529    655360.00
  9003.00000     0.999999      1586529    748982.86
 11420.00000     0.999999      1586530    873813.33
 11420.00000     0.999999      1586530   1048576.00
 11420.00000     0.999999      1586530   1165084.44
 11420.00000     0.999999      1586530   1310720.00
 11420.00000     0.999999      1586530   1497965.71
 24025.00000     0.999999      1586531   1747626.67
 24025.00000     1.000000      1586531          inf
#[Mean    =       13.533, StdDeviation   =       63.011]
#[Max     =    24025.000, Total count    =      1586531]
#[Buckets =           13, SubBuckets     =       262144]
       Value   Percentile   TotalCount 1/(1-Percentile)

   629.00000     0.000000           13         1.00
   912.00000     0.100000       238199         1.11
   925.00000     0.200000       405787         1.25
   937.00000     0.300000       526996         1.43
   962.00000     0.400000       664211         1.67
  1097.00000     0.500000       795686         2.00
  1134.00000     0.550000       877415         2.22
  1159.00000     0.600000       974095         2.50
  1184.00000     0.650000      1070460         2.86
  1196.00000     0.700000      1111433         3.33
  1233.00000     0.750000      1208174         4.00
  1245.00000     0.775000      1234153         4.44
  1270.00000     0.800000      1279180         5.00
  1295.00000     0.825000      1318177         5.71
  1319.00000     0.850000      1351586         6.67
  1356.00000     0.875000      1392319         8.00
  1381.00000     0.887500      1414631         8.89
  1406.00000     0.900000      1433917        10.00
  1430.00000     0.912500      1450714        11.43
  1467.00000     0.925000      1471190        13.33
  1504.00000     0.937500      1487657        16.00
  1541.00000     0.943750      1500324        17.78
  1578.00000     0.950000      1509838        20.00
  1628.00000     0.956250      1518576        22.86
  1726.00000     0.962500      1527325        26.67
  2232.00000     0.968750      1537026        32.00
  2972.00000     0.971875      1541923        35.56
  3749.00000     0.975000      1546923        40.00
  5081.00000     0.978125      1551892        45.71
  5525.00000     0.981250      1556807        53.33
  5883.00000     0.984375      1561743        64.00
  5957.00000     0.985938      1564468        71.11
  6018.00000     0.987500      1566740        80.00
  6105.00000     0.989062      1569289        91.43
  6277.00000     0.990625      1571708       106.67
  6931.00000     0.992188      1574142       128.00
  7202.00000     0.992969      1575459       142.22
  7338.00000     0.993750      1576701       160.00
  7449.00000     0.994531      1577926       182.86
  7560.00000     0.995313      1579152       213.33
  7696.00000     0.996094      1580420       256.00
  7770.00000     0.996484      1580998       284.44
  7856.00000     0.996875      1581602       320.00
  7955.00000     0.997266      1582223       365.71
  8090.00000     0.997656      1582869       426.67
  8251.00000     0.998047      1583483       512.00
  8337.00000     0.998242      1583758       568.89
  8448.00000     0.998437      1584077       640.00
  8584.00000     0.998633      1584371       731.43
  8769.00000     0.998828      1584694       853.33
  9003.00000     0.999023      1584985      1024.00
  9225.00000     0.999121      1585140      1137.78
  9521.00000     0.999219      1585295      1280.00
  9928.00000     0.999316      1585451      1462.86
 10532.00000     0.999414      1585603      1706.67
 11630.00000     0.999512      1585758      2048.00
 12210.00000     0.999561      1585834      2275.56
 12937.00000     0.999609      1585913      2560.00
 13961.00000     0.999658      1585989      2925.71
 14676.00000     0.999707      1586067      3413.33
 15873.00000     0.999756      1586145      4096.00
 16946.00000     0.999780      1586183      4551.11
 17797.00000     0.999805      1586222      5120.00
 18352.00000     0.999829      1586261      5851.43
 19412.00000     0.999854      1586299      6826.67
 21114.00000     0.999878      1586338      8192.00
 22113.00000     0.999890      1586357      9102.22
 22853.00000     0.999902      1586378     10240.00
 23655.00000     0.999915      1586397     11702.86
 24716.00000     0.999927      1586415     13653.33
 26159.00000     0.999939      1586435     16384.00
 27306.00000     0.999945      1586445     18204.44
 28292.00000     0.999951      1586454     20480.00
 30697.00000     0.999957      1586464     23405.71
 32510.00000     0.999963      1586473     27306.67
 34595.00000     0.999969      1586483     32768.00
 35125.00000     0.999973      1586488     36408.89
 37382.00000     0.999976      1586493     40960.00
 41193.00000     0.999979      1586499     46811.43
 42389.00000     0.999982      1586502     54613.33
 47828.00000     0.999985      1586507     65536.00
 55956.00000     0.999986      1586511     72817.78
 64935.00000     0.999988      1586512     81920.00
 67549.00000     0.999989      1586515     93622.86
 74172.00000     0.999991      1586517    109226.67
 75418.00000     0.999992      1586519    131072.00
 77909.00000     0.999993      1586521    145635.56
 87554.00000     0.999994      1586522    163840.00
107879.00000     0.999995      1586523    187245.71
230584.00000     0.999995      1586524    218453.33
353671.00000     0.999996      1586525    262144.00
370297.00000     0.999997      1586526    291271.11
2181103.00000     0.999997      1586527    327680.00
2181103.00000     0.999997      1586527    374491.43
2993295.00000     0.999998      1586528    436906.67
2993295.00000     0.999998      1586528    524288.00
3925103.00000     0.999998      1586529    582542.22
3925103.00000     0.999998      1586529    655360.00
3925103.00000     0.999999      1586529    748982.86
3941583.00000     0.999999      1586530    873813.33
3941583.00000     0.999999      1586530   1048576.00
3941583.00000     0.999999      1586530   1165084.44
3941583.00000     0.999999      1586530   1310720.00
3941583.00000     0.999999      1586530   1497965.71
4957631.00000     0.999999      1586531   1747626.67
4957631.00000     1.000000      1586531          inf
#[Mean    =     1257.434, StdDeviation   =     6689.202]
#[Max     =  4957631.000, Total count    =      1586531]
#[Buckets =           13, SubBuckets     =       262144]

=== EXCHANGE STDERR ===
matching tid: 48562
