=== CLIENT STDERR ===
=== Exchange load generator ===
  clients  : 10
  seed     : 3030541021
  target   : 127.0.0.1:4000
  thread id: 48716
Ctrl-C to stop.


=== Stats ===
  elapsed         : 15.000 s
  requests sent   : 1984110
  ACK responses   : 1984100
  MATCH responses : 1138498
  ERR responses   : 0
  orders in flight: -10
  --- throughput ---
  requests/s      : 132274
  ACK/s           : 132274
  MATCH/s         : 75900
  ERR/s           : 0
  total resp/s    : 132274

=== EXCHANGE STDOUT ===
exchange tid: 48715
inbound thread: 48717
outbound thread: 48718
       Value   Percentile   TotalCount 1/(1-Percentile)

  2146.00000     0.000000            2         1.00
  2516.00000     0.100000       154037         1.11
  2725.00000     0.200000       309050         1.25
  2873.00000     0.300000       452419         1.43
  2984.00000     0.400000       603805         1.67
  3083.00000     0.500000       757195         2.00
  3132.00000     0.550000       833234         2.22
  3182.00000     0.600000       905169         2.50
  3243.00000     0.650000       987322         2.86
  3305.00000     0.700000      1060197         3.33
  3379.00000     0.750000      1135134         4.00
  3416.00000     0.775000      1167563         4.44
  3465.00000     0.800000      1205589         5.00
  3527.00000     0.825000      1245392         5.71
  3589.00000     0.850000      1278142         6.67
  3687.00000     0.875000      1317077         8.00
  3749.00000     0.887500      1335451         8.89
  3835.00000     0.900000      1354832        10.00
  3946.00000     0.912500      1372815        11.43
  4119.00000     0.925000      1391396        13.33
  4440.00000     0.937500      1409491        16.00
  4760.00000     0.943750      1418874        17.78
  5278.00000     0.950000      1428314        20.00
  5981.00000     0.956250      1437646        22.86
  7091.00000     0.962500      1447046        26.67
  7807.00000     0.968750      1456410        32.00
  8201.00000     0.971875      1461147        35.56
  8732.00000     0.975000      1465756        40.00
  9262.00000     0.978125      1470587        45.71
  9595.00000     0.981250      1475315        53.33
  9990.00000     0.984375      1479938        64.00
 10249.00000     0.985938      1482200        71.11
 10631.00000     0.987500      1484550        80.00
 11248.00000     0.989062      1486901        91.43
 12185.00000     0.990625      1489241       106.67
 14023.00000     0.992188      1491598       128.00
 15651.00000     0.992969      1492764       142.22
 17871.00000     0.993750      1493951       160.00
 20966.00000     0.994531      1495113       182.86
 25850.00000     0.995313      1496291       213.33
 33337.00000     0.996094      1497462       256.00
 38085.00000     0.996484      1498049       284.44
 44683.00000     0.996875      1498637       320.00
 52367.00000     0.997266      1499224       365.71
 63023.00000     0.997656      1499811       426.67
 79562.00000     0.998047      1500398       512.00
 93659.00000     0.998242      1500692       568.89
122482.00000     0.998437      1500986       640.00
162134.00000     0.998633      1501279       731.43
214242.00000     0.998828      1501573       853.33
288723.00000     0.999023      1501866      1024.00
365807.00000     0.999121      1502013      1137.78
645847.00000     0.999219      1502160      1280.00
954291.00000     0.999316      1502307      1462.86
1239551.00000     0.999414      1502454      1706.67
1537711.00000     0.999512      1502600      2048.00
1883783.00000     0.999561      1502674      2275.56
2038663.00000     0.999609      1502747      2560.00
2326463.00000     0.999658      1502821      2925.71
2627087.00000     0.999707      1502894      3413.33
2885839.00000     0.999756      1502967      4096.00
3140143.00000     0.999780      1503004      4551.11
3306063.00000     0.999805      1503041      5120.00
3564767.00000     0.999829      1503078      5851.43
3752431.00000     0.999854      1503114      6826.67
4258815.00000     0.999878      1503151      8192.00
4422911.00000     0.999890      1503169      9102.22
4802591.00000     0.999902      1503188     10240.00
4849855.00000     0.999915      1503206     11702.86
4889599.00000     0.999927      1503224     13653.33
4923391.00000     0.999939      1503243     16384.00
4964927.00000     0.999945      1503252     18204.44
4978879.00000     0.999951      1503261     20480.00
4998527.00000     0.999957      1503270     23405.71
5095615.00000     0.999963      1503279     27306.67
5876031.00000     0.999969      1503289     32768.00
5904767.00000     0.999973      1503293     36408.89
5946079.00000     0.999976      1503298     40960.00
6039135.00000     0.999979      1503302     46811.43
6069631.00000     0.999982      1503307     54613.33
6126591.00000     0.999985      1503312     65536.00
6145791.00000     0.999986      1503314     72817.78
6199871.00000     0.999988      1503316     81920.00
6234783.00000     0.999989      1503318     93622.86
7250463.00000     0.999991      1503321    109226.67
7280863.00000     0.999992      1503323    131072.00
7289247.00000     0.999993      1503324    145635.56
7297151.00000     0.999994      1503325    163840.00
7301471.00000     0.999995      1503326    187245.71
7316159.00000     0.999995      1503328    218453.33
7329183.00000     0.999996      1503329    262144.00
7329183.00000     0.999997      1503329    291271.11
7345311.00000     0.999997      1503330    327680.00
7345311.00000     0.999997      1503330    374491.43
7349823.00000     0.999998      1503331    436906.67
7361183.00000     0.999998      1503332    524288.00
7361183.00000     0.999998      1503332    582542.22
7361183.00000     0.999998      1503332    655360.00
7361183.00000     0.999999      1503332    748982.86
7377375.00000     0.999999      1503333    873813.33
7377375.00000     0.999999      1503333   1048576.00
7377375.00000     0.999999      1503333   1165084.44
7377375.00000     0.999999      1503333   1310720.00
7377375.00000     0.999999      1503333   1497965.71
7396671.00000     0.999999      1503334   1747626.67
7396671.00000     1.000000      1503334          inf
#[Mean    =     5613.022, StdDeviation   =    81124.296]
#[Max     =  7396671.000, Total count    =      1503334]
#[Buckets =           13, SubBuckets     =       262144]
       Value   Percentile   TotalCount 1/(1-Percentile)

   962.00000     0.000000            1         1.00
  1036.00000     0.100000       187429         1.11
  1048.00000     0.200000       368000         1.25
  1060.00000     0.300000       451496         1.43
  1258.00000     0.400000       630522         1.67
  1295.00000     0.500000       804895         2.00
  1307.00000     0.550000       894303         2.22
  1319.00000     0.600000       985077         2.50
  1319.00000     0.650000       985077         2.86
  1332.00000     0.700000      1063854         3.33
  1356.00000     0.750000      1172539         4.00
  1356.00000     0.775000      1172539         4.44
  1369.00000     0.800000      1209298         5.00
  1393.00000     0.825000      1261914         5.71
  1406.00000     0.850000      1281359         6.67
  1443.00000     0.875000      1325573         8.00
  1455.00000     0.887500      1337648         8.89
  1480.00000     0.900000      1359938        10.00
  1504.00000     0.912500      1379651        11.43
  1529.00000     0.925000      1397709        13.33
  1554.00000     0.937500      1413778        16.00
  1566.00000     0.943750      1420897        17.78
  1591.00000     0.950000      1433394        20.00
  1603.00000     0.956250      1438701        22.86
  1628.00000     0.962500      1447775        26.67
  1665.00000     0.968750      1457801        32.00
  1689.00000     0.971875      1462823        35.56
  1714.00000     0.975000      1466810        40.00
  1751.00000     0.978125      1471204        45.71
  1800.00000     0.981250      1475238        53.33
  1911.00000     0.984375      1480012        64.00
  2010.00000     0.985938      1482396        71.11
  2133.00000     0.987500      1484597        80.00
  2257.00000     0.989062      1486964        91.43
  2368.00000     0.990625      1489330       106.67
  2491.00000     0.992188      1491774       128.00
  2553.00000     0.992969      1492804       142.22
  2639.00000     0.993750      1493940       160.00
  2787.00000     0.994531      1495136       182.86
  3009.00000     0.995313      1496288       213.33
  3416.00000     0.996094      1497467       256.00
  3737.00000     0.996484      1498052       284.44
  4304.00000     0.996875      1498644       320.00
  5858.00000     0.997266      1499225       365.71
  6820.00000     0.997656      1499814       426.67
  7720.00000     0.998047      1500399       512.00
  8164.00000     0.998242      1500698       568.89
  8645.00000     0.998437      1500990       640.00
  9102.00000     0.998633      1501289       731.43
  9595.00000     0.998828      1501577       853.33
 10138.00000     0.999023      1501868      1024.00
 10434.00000     0.999121      1502021      1137.78
 10754.00000     0.999219      1502160      1280.00
 11174.00000     0.999316      1502310      1462.86
 11704.00000     0.999414      1502458      1706.67
 12419.00000     0.999512      1502600      2048.00
 12900.00000     0.999561      1502675      2275.56
 13357.00000     0.999609      1502747      2560.00
 13850.00000     0.999658      1502823      2925.71
 14356.00000     0.999707      1502895      3413.33
 15466.00000     0.999756      1502967      4096.00
 16181.00000     0.999780      1503004      4551.11
 17291.00000     0.999805      1503041      5120.00
 18327.00000     0.999829      1503078      5851.43
 20744.00000     0.999854      1503114      6826.67
 24370.00000     0.999878      1503151      8192.00
 26208.00000     0.999890      1503169      9102.22
 27935.00000     0.999902      1503188     10240.00
 32251.00000     0.999915      1503206     11702.86
 39059.00000     0.999927      1503224     13653.33
 52873.00000     0.999939      1503243     16384.00
 69893.00000     0.999945      1503252     18204.44
110975.00000     0.999951      1503261     20480.00
195508.00000     0.999957      1503270     23405.71
387057.00000     0.999963      1503279     27306.67
754063.00000     0.999969      1503289     32768.00
982487.00000     0.999973      1503293     36408.89
1303319.00000     0.999976      1503298     40960.00
1404807.00000     0.999979      1503302     46811.43
1909207.00000     0.999982      1503307     54613.33
2192991.00000     0.999985      1503312     65536.00
2457935.00000     0.999986      1503314     72817.78
2458703.00000     0.999988      1503316     81920.00
2482271.00000     0.999989      1503318     93622.86
2665599.00000     0.999991      1503321    109226.67
2666047.00000     0.999992      1503323    131072.00
3294751.00000     0.999993      1503324    145635.56
3296111.00000     0.999994      1503325    163840.00
3461663.00000     0.999995      1503326    187245.71
3510031.00000     0.999995      1503328    218453.33
4082911.00000     0.999996      1503329    262144.00
4082911.00000     0.999997      1503329    291271.11
4083567.00000     0.999997      1503330    327680.00
4083567.00000     0.999997      1503330    374491.43
4939743.00000     0.999998      1503331    436906.67
4945087.00000     0.999998      1503332    524288.00
4945087.00000     0.999998      1503332    582542.22
4945087.00000     0.999998      1503332    655360.00
4945087.00000     0.999999      1503332    748982.86
4945759.00000     0.999999      1503333    873813.33
4945759.00000     0.999999      1503333   1048576.00
4945759.00000     0.999999      1503333   1165084.44
4945759.00000     0.999999      1503333   1310720.00
4945759.00000     0.999999      1503333   1497965.71
5081247.00000     0.999999      1503334   1747626.67
5081247.00000     1.000000      1503334          inf
#[Mean    =     1369.712, StdDeviation   =    14580.894]
#[Max     =  5081247.000, Total count    =      1503334]
#[Buckets =           13, SubBuckets     =       262144]
       Value   Percentile   TotalCount 1/(1-Percentile)

     0.00000     0.000000        68840         1.00
    12.00000     0.100000       949515         1.11
    12.00000     0.200000       949515         1.25
    12.00000     0.300000       949515         1.43
    12.00000     0.400000       949515         1.67
    12.00000     0.500000       949515         2.00
    12.00000     0.550000       949515         2.22
    12.00000     0.600000       949515         2.50
    24.00000     0.650000      1468278         2.86
    24.00000     0.700000      1468278         3.33
    24.00000     0.750000      1468278         4.00
    24.00000     0.775000      1468278         4.44
    24.00000     0.800000      1468278         5.00
    24.00000     0.825000      1468278         5.71
    24.00000     0.850000      1468278         6.67
    24.00000     0.875000      1468278         8.00
    24.00000     0.887500      1468278         8.89
    24.00000     0.900000      1468278        10.00
    24.00000     0.912500      1468278        11.43
    24.00000     0.925000      1468278        13.33
    24.00000     0.937500      1468278        16.00
    24.00000     0.943750      1468278        17.78
    24.00000     0.950000      1468278        20.00
    24.00000     0.956250      1468278        22.86
    24.00000     0.962500      1468278        26.67
    24.00000     0.968750      1468278        32.00
    24.00000     0.971875      1468278        35.56
    24.00000     0.975000      1468278        40.00
    37.00000     0.978125      1494167        45.71
    37.00000     0.981250      1494167        53.33
    37.00000     0.984375      1494167        64.00
    37.00000     0.985938      1494167        71.11
    37.00000     0.987500      1494167        80.00
    37.00000     0.989062      1494167        91.43
    37.00000     0.990625      1494167       106.67
    37.00000     0.992188      1494167       128.00
    37.00000     0.992969      1494167       142.22
    37.00000     0.993750      1494167       160.00
    49.00000     0.994531      1500722       182.86
    49.00000     0.995313      1500722       213.33
    49.00000     0.996094      1500722       256.00
    49.00000     0.996484      1500722       284.44
    49.00000     0.996875      1500722       320.00
    49.00000     0.997266      1500722       365.71
    49.00000     0.997656      1500722       426.67
    49.00000     0.998047      1500722       512.00
    49.00000     0.998242      1500722       568.89
    61.00000     0.998437      1502348       640.00
    61.00000     0.998633      1502348       731.43
    61.00000     0.998828      1502348       853.33
    61.00000     0.999023      1502348      1024.00
    61.00000     0.999121      1502348      1137.78
    61.00000     0.999219      1502348      1280.00
    61.00000     0.999316      1502348      1462.86
    74.00000     0.999414      1502669      1706.67
    74.00000     0.999512      1502669      2048.00
    86.00000     0.999561      1502780      2275.56
    86.00000     0.999609      1502780      2560.00
    98.00000     0.999658      1502865      2925.71
   111.00000     0.999707      1502937      3413.33
   123.00000     0.999756      1502989      4096.00
   135.00000     0.999780      1503028      4551.11
   148.00000     0.999805      1503083      5120.00
   148.00000     0.999829      1503083      5851.43
   172.00000     0.999854      1503129      6826.67
   197.00000     0.999878      1503158      8192.00
   209.00000     0.999890      1503179      9102.22
   222.00000     0.999902      1503201     10240.00
   234.00000     0.999915      1503218     11702.86
   246.00000     0.999927      1503233     13653.33
   271.00000     0.999939      1503249     16384.00
   283.00000     0.999945      1503253     18204.44
   308.00000     0.999951      1503261     20480.00
   345.00000     0.999957      1503271     23405.71
   370.00000     0.999963      1503279     27306.67
   419.00000     0.999969      1503289     32768.00
   456.00000     0.999973      1503293     36408.89
   505.00000     0.999976      1503298     40960.00
   518.00000     0.999979      1503302     46811.43
   567.00000     0.999982      1503307     54613.33
   629.00000     0.999985      1503313     65536.00
   678.00000     0.999986      1503314     72817.78
   727.00000     0.999988      1503317     81920.00
   740.00000     0.999989      1503318     93622.86
   764.00000     0.999991      1503321    109226.67
   888.00000     0.999992      1503323    131072.00
   900.00000     0.999993      1503324    145635.56
   912.00000     0.999994      1503325    163840.00
   937.00000     0.999995      1503327    187245.71
  1184.00000     0.999995      1503328    218453.33
  1258.00000     0.999996      1503329    262144.00
  1258.00000     0.999997      1503329    291271.11
  3909.00000     0.999997      1503330    327680.00
  3909.00000     0.999997      1503330    374491.43
  6018.00000     0.999998      1503331    436906.67
  6808.00000     0.999998      1503332    524288.00
  6808.00000     0.999998      1503332    582542.22
  6808.00000     0.999998      1503332    655360.00
  6808.00000     0.999999      1503332    748982.86
  8337.00000     0.999999      1503333    873813.33
  8337.00000     0.999999      1503333   1048576.00
  8337.00000     0.999999      1503333   1165084.44
  8337.00000     0.999999      1503333   1310720.00
  8337.00000     0.999999      1503333   1497965.71
 15700.00000     0.999999      1503334   1747626.67
 15700.00000     1.000000      1503334          inf
#[Mean    =       16.351, StdDeviation   =       18.826]
#[Max     =    15700.000, Total count    =      1503334]
#[Buckets =           13, SubBuckets     =       262144]
       Value   Percentile   TotalCount 1/(1-Percentile)

    61.00000     0.000000           10         1.00
    98.00000     0.100000       575632         1.11
    98.00000     0.200000       575632         1.25
    98.00000     0.300000       575632         1.43
   110.00000     0.400000       604538         1.67
   111.00000     0.500000      1109136         2.00
   111.00000     0.550000      1109136         2.22
   111.00000     0.600000      1109136         2.50
   111.00000     0.650000      1109136         2.86
   111.00000     0.700000      1109136         3.33
   123.00000     0.750000      1316077         4.00
   123.00000     0.775000      1316077         4.44
   123.00000     0.800000      1316077         5.00
   123.00000     0.825000      1316077         5.71
   123.00000     0.850000      1316077         6.67
   123.00000     0.875000      1316077         8.00
   135.00000     0.887500      1419605         8.89
   135.00000     0.900000      1419605        10.00
   135.00000     0.912500      1419605        11.43
   135.00000     0.925000      1419605        13.33
   135.00000     0.937500      1419605        16.00
   135.00000     0.943750      1419605        17.78
   148.00000     0.950000      1451575        20.00
   148.00000     0.956250      1451575        22.86
   148.00000     0.962500      1451575        26.67
   160.00000     0.968750      1463675        32.00
   160.00000     0.971875      1463675        35.56
   172.00000     0.975000      1469464        40.00
   185.00000     0.978125      1473134        45.71
   197.00000     0.981250      1475318        53.33
   234.00000     0.984375      1480311        64.00
   271.00000     0.985938      1482821        71.11
   308.00000     0.987500      1484610        80.00
   370.00000     0.989062      1486902        91.43
   456.00000     0.990625      1489266       106.67
   579.00000     0.992188      1491658       128.00
   653.00000     0.992969      1492812       142.22
   752.00000     0.993750      1494046       160.00
   863.00000     0.994531      1495141       182.86
  1023.00000     0.995313      1496297       213.33
  1258.00000     0.996094      1497479       256.00
  1443.00000     0.996484      1498063       284.44
  1702.00000     0.996875      1498657       320.00
  2183.00000     0.997266      1499229       365.71
  3354.00000     0.997656      1499812       426.67
  6524.00000     0.998047      1500399       512.00
  9521.00000     0.998242      1500692       568.89
 14281.00000     0.998437      1500986       640.00
 25147.00000     0.998633      1501279       731.43
 44930.00000     0.998828      1501573       853.33
 78674.00000     0.999023      1501866      1024.00
101392.00000     0.999121      1502013      1137.78
132632.00000     0.999219      1502160      1280.00
166487.00000     0.999316      1502307      1462.86
203611.00000     0.999414      1502454      1706.67
250033.00000     0.999512      1502600      2048.00
282643.00000     0.999561      1502674      2275.56
359159.00000     0.999609      1502747      2560.00
553495.00000     0.999658      1502821      2925.71
739839.00000     0.999707      1502894      3413.33
938655.00000     0.999756      1502967      4096.00
1050263.00000     0.999780      1503004      4551.11
1217639.00000     0.999805      1503041      5120.00
1459111.00000     0.999829      1503078      5851.43
1631911.00000     0.999854      1503114      6826.67
2168415.00000     0.999878      1503151      8192.00
2297071.00000     0.999890      1503169      9102.22
2444559.00000     0.999902      1503188     10240.00
2559391.00000     0.999915      1503206     11702.86
2608367.00000     0.999927      1503224     13653.33
2868063.00000     0.999939      1503243     16384.00
3095359.00000     0.999945      1503252     18204.44
3191535.00000     0.999951      1503261     20480.00
3938047.00000     0.999957      1503270     23405.71
4235903.00000     0.999963      1503279     27306.67
4822303.00000     0.999969      1503289     32768.00
4834623.00000     0.999973      1503293     36408.89
4856095.00000     0.999976      1503298     40960.00
4869983.00000     0.999979      1503302     46811.43
4892127.00000     0.999982      1503307     54613.33
4918079.00000     0.999985      1503312     65536.00
4924831.00000     0.999986      1503314     72817.78
4932767.00000     0.999988      1503316     81920.00
4942943.00000     0.999989      1503318     93622.86
7218431.00000     0.999991      1503321    109226.67
7235967.00000     0.999992      1503323    131072.00
7242111.00000     0.999993      1503324    145635.56
7249727.00000     0.999994      1503325    163840.00
7257279.00000     0.999995      1503326    187245.71
7276063.00000     0.999995      1503328    218453.33
7282527.00000     0.999996      1503329    262144.00
7282527.00000     0.999997      1503329    291271.11
7291071.00000     0.999997      1503330    327680.00
7291071.00000     0.999997      1503330    374491.43
7300927.00000     0.999998      1503331    436906.67
7310047.00000     0.999998      1503332    524288.00
7310047.00000     0.999998      1503332    582542.22
7310047.00000     0.999998      1503332    655360.00
7310047.00000     0.999999      1503332    748982.86
7321343.00000     0.999999      1503333    873813.33
7321343.00000     0.999999      1503333   1048576.00
7321343.00000     0.999999      1503333   1165084.44
7321343.00000     0.999999      1503333   1310720.00
7321343.00000     0.999999      1503333   1497965.71
7321535.00000     0.999999      1503334   1747626.67
7321535.00000     1.000000      1503334          inf
#[Mean    =      952.572, StdDeviation   =    46767.259]
#[Max     =  7321535.000, Total count    =      1503334]
#[Buckets =           13, SubBuckets     =       262144]
       Value   Percentile   TotalCount 1/(1-Percentile)

     0.00000     0.000000         3621         1.00
    37.00000     0.100000       228513         1.11
    49.00000     0.200000       501741         1.25
    49.00000     0.300000       501741         1.43
    74.00000     0.400000       626908         1.67
   135.00000     0.500000       765206         2.00
   172.00000     0.550000       855185         2.22
   197.00000     0.600000       912289         2.50
   234.00000     0.650000       991034         2.86
   271.00000     0.700000      1066626         3.33
   308.00000     0.750000      1135027         4.00
   333.00000     0.775000      1175313         4.44
   357.00000     0.800000      1212222         5.00
   382.00000     0.825000      1245699         5.71
   419.00000     0.850000      1289691         6.67
   456.00000     0.875000      1324740         8.00
   468.00000     0.887500      1334811         8.89
   505.00000     0.900000      1361026        10.00
   530.00000     0.912500      1375590        11.43
   567.00000     0.925000      1393978        13.33
   616.00000     0.937500      1413025        16.00
   641.00000     0.943750      1420855        17.78
   678.00000     0.950000      1431076        20.00
   715.00000     0.956250      1439663        22.86
   764.00000     0.962500      1448948        26.67
   814.00000     0.968750      1456369        32.00
   863.00000     0.971875      1462216        35.56
   900.00000     0.975000      1465789        40.00
   962.00000     0.978125      1470494        45.71
  1048.00000     0.981250      1475287        53.33
  1171.00000     0.984375      1479915        64.00
  1270.00000     0.985938      1482273        71.11
  1406.00000     0.987500      1484550        80.00
  1628.00000     0.989062      1486901        91.43
  1961.00000     0.990625      1489287       106.67
  2392.00000     0.992188      1491607       128.00
  2787.00000     0.992969      1492781       142.22
  3342.00000     0.993750      1493972       160.00
  3909.00000     0.994531      1495118       182.86
  4699.00000     0.995313      1496310       213.33
  5315.00000     0.996094      1497485       256.00
  5611.00000     0.996484      1498060       284.44
  5907.00000     0.996875      1498671       320.00
  6216.00000     0.997266      1499227       365.71
  6586.00000     0.997656      1499817       426.67
  7042.00000     0.998047      1500405       512.00
  7301.00000     0.998242      1500698       568.89
  7560.00000     0.998437      1500996       640.00
  7856.00000     0.998633      1501281       731.43
  8238.00000     0.998828      1501575       853.33
  8732.00000     0.999023      1501870      1024.00
  9052.00000     0.999121      1502022      1137.78
  9373.00000     0.999219      1502163      1280.00
  9866.00000     0.999316      1502307      1462.86
 10532.00000     0.999414      1502455      1706.67
 11408.00000     0.999512      1502600      2048.00
 12025.00000     0.999561      1502674      2275.56
 12678.00000     0.999609      1502747      2560.00
 13406.00000     0.999658      1502822      2925.71
 14047.00000     0.999707      1502894      3413.33
 14775.00000     0.999756      1502967      4096.00
 15342.00000     0.999780      1503005      4551.11
 15910.00000     0.999805      1503041      5120.00
 16514.00000     0.999829      1503081      5851.43
 17242.00000     0.999854      1503114      6826.67
 18290.00000     0.999878      1503151      8192.00
 19153.00000     0.999890      1503169      9102.22
 19992.00000     0.999902      1503188     10240.00
 21188.00000     0.999915      1503206     11702.86
 22249.00000     0.999927      1503224     13653.33
 23889.00000     0.999939      1503243     16384.00
 25036.00000     0.999945      1503252     18204.44
 25887.00000     0.999951      1503262     20480.00
 27725.00000     0.999957      1503270     23405.71
 28551.00000     0.999963      1503279     27306.67
 32079.00000     0.999969      1503289     32768.00
 33250.00000     0.999973      1503293     36408.89
 34188.00000     0.999976      1503298     40960.00
 36025.00000     0.999979      1503302     46811.43
 36963.00000     0.999982      1503307     54613.33
 38948.00000     0.999985      1503312     65536.00
 39701.00000     0.999986      1503314     72817.78
 40330.00000     0.999988      1503316     81920.00
 45670.00000     0.999989      1503318     93622.86
 48593.00000     0.999991      1503321    109226.67
 54834.00000     0.999992      1503323    131072.00
 54945.00000     0.999993      1503324    145635.56
 55648.00000     0.999994      1503325    163840.00
 59311.00000     0.999995      1503326    187245.71
 68869.00000     0.999995      1503328    218453.33
 79772.00000     0.999996      1503329    262144.00
 79772.00000     0.999997      1503329    291271.11
 94091.00000     0.999997      1503330    327680.00
 94091.00000     0.999997      1503330    374491.43
 94115.00000     0.999998      1503331    436906.67
135161.00000     0.999998      1503332    524288.00
135161.00000     0.999998      1503332    582542.22
135161.00000     0.999998      1503332    655360.00
135161.00000     0.999999      1503332    748982.86
282027.00000     0.999999      1503333    873813.33
282027.00000     0.999999      1503333   1048576.00
282027.00000     0.999999      1503333   1165084.44
282027.00000     0.999999      1503333   1310720.00
282027.00000     0.999999      1503333   1497965.71
2518191.00000     0.999999      1503334   1747626.67
2518191.00000     1.000000      1503334          inf
#[Mean    =      260.443, StdDeviation   =     2176.627]
#[Max     =  2518191.000, Total count    =      1503334]
#[Buckets =           13, SubBuckets     =       262144]
       Value   Percentile   TotalCount 1/(1-Percentile)

    86.00000     0.000000            4         1.00
   209.00000     0.100000       194124         1.11
   234.00000     0.200000       342039         1.25
   259.00000     0.300000       488540         1.43
   283.00000     0.400000       629644         1.67
   308.00000     0.500000       769982         2.00
   320.00000     0.550000       839959         2.22
   333.00000     0.600000       908908         2.50
   357.00000     0.650000      1038522         2.86
   370.00000     0.700000      1093954         3.33
   382.00000     0.750000      1147820         4.00
   394.00000     0.775000      1197627         4.44
   407.00000     0.800000      1241670         5.00
   407.00000     0.825000      1241670         5.71
   419.00000     0.850000      1281849         6.67
   431.00000     0.875000      1318139         8.00
   444.00000     0.887500      1349089         8.89
   456.00000     0.900000      1374911        10.00
   456.00000     0.912500      1374911        11.43
   468.00000     0.925000      1395576        13.33
   481.00000     0.937500      1410473        16.00
   493.00000     0.943750      1420410        17.78
   518.00000     0.950000      1432201        20.00
   542.00000     0.956250      1438910        22.86
   604.00000     0.962500      1447117        26.67
   777.00000     0.968750      1456742        32.00
   912.00000     0.971875      1461173        35.56
  1097.00000     0.975000      1465991        40.00
  1307.00000     0.978125      1470674        45.71
  1591.00000     0.981250      1475181        53.33
  1985.00000     0.984375      1479853        64.00
  2269.00000     0.985938      1482275        71.11
  2688.00000     0.987500      1484594        80.00
  3293.00000     0.989062      1486900        91.43
  4230.00000     0.990625      1489261       106.67
  5624.00000     0.992188      1491606       128.00
  6536.00000     0.992969      1492765       142.22
  8066.00000     0.993750      1493939       160.00
  9866.00000     0.994531      1495114       182.86
 13209.00000     0.995313      1496291       213.33
 18574.00000     0.996094      1497465       256.00
 22335.00000     0.996484      1498049       284.44
 26381.00000     0.996875      1498638       320.00
 31080.00000     0.997266      1499224       365.71
 36457.00000     0.997656      1499813       426.67
 42772.00000     0.998047      1500398       512.00
 45941.00000     0.998242      1500692       568.89
 49481.00000     0.998437      1500986       640.00
 53551.00000     0.998633      1501279       731.43
 58102.00000     0.998828      1501573       853.33
 64417.00000     0.999023      1501866      1024.00
 68746.00000     0.999121      1502013      1137.78
 74789.00000     0.999219      1502160      1280.00
 85050.00000     0.999316      1502307      1462.86
115255.00000     0.999414      1502454      1706.67
179302.00000     0.999512      1502600      2048.00
313563.00000     0.999561      1502674      2275.56
998051.00000     0.999609      1502747      2560.00
1272863.00000     0.999658      1502821      2925.71
1542511.00000     0.999707      1502894      3413.33
1968759.00000     0.999756      1502967      4096.00
2061679.00000     0.999780      1503004      4551.11
2610511.00000     0.999805      1503041      5120.00
2901903.00000     0.999829      1503078      5851.43
3196767.00000     0.999854      1503114      6826.67
3433551.00000     0.999878      1503151      8192.00
3637087.00000     0.999890      1503169      9102.22
3724063.00000     0.999902      1503188     10240.00
3791919.00000     0.999915      1503206     11702.86
4411775.00000     0.999927      1503224     13653.33
4791359.00000     0.999939      1503243     16384.00
4818783.00000     0.999945      1503252     18204.44
4838975.00000     0.999951      1503261     20480.00
4872767.00000     0.999957      1503270     23405.71
4895263.00000     0.999963      1503279     27306.67
4940031.00000     0.999969      1503289     32768.00
4971391.00000     0.999973      1503293     36408.89
5797407.00000     0.999976      1503298     40960.00
5830079.00000     0.999979      1503302     46811.43
5877887.00000     0.999982      1503307     54613.33
5926943.00000     0.999985      1503312     65536.00
5937919.00000     0.999986      1503314     72817.78
5954175.00000     0.999988      1503316     81920.00
6031167.00000     0.999989      1503318     93622.86
6053887.00000     0.999991      1503321    109226.67
6057759.00000     0.999992      1503323    131072.00
6067007.00000     0.999993      1503324    145635.56
6070303.00000     0.999994      1503325    163840.00
6089759.00000     0.999995      1503326    187245.71
6118943.00000     0.999995      1503328    218453.33
6129823.00000     0.999996      1503329    262144.00
6129823.00000     0.999997      1503329    291271.11
6138175.00000     0.999997      1503330    327680.00
6138175.00000     0.999997      1503330    374491.43
6153759.00000     0.999998      1503331    436906.67
6191743.00000     0.999998      1503332    524288.00
6191743.00000     0.999998      1503332    582542.22
6191743.00000     0.999998      1503332    655360.00
6191743.00000     0.999999      1503332    748982.86
6210367.00000     0.999999      1503333    873813.33
6210367.00000     0.999999      1503333   1048576.00
6210367.00000     0.999999      1503333   1165084.44
6210367.00000     0.999999      1503333   1310720.00
6210367.00000     0.999999      1503333   1497965.71
6226399.00000     0.999999      1503334   1747626.67
6226399.00000     1.000000      1503334          inf
#[Mean    =     1689.280, StdDeviation   =    63029.609]
#[Max     =  6226399.000, Total count    =      1503334]
#[Buckets =           13, SubBuckets     =       262144]
       Value   Percentile   TotalCount 1/(1-Percentile)

     0.00000     0.000000       126505         1.00
    12.00000     0.100000      1342693         1.11
    12.00000     0.200000      1342693         1.25
    12.00000     0.300000      1342693         1.43
    12.00000     0.400000      1342693         1.67
    12.00000     0.500000      1342693         2.00
    12.00000     0.550000      1342693         2.22
    12.00000     0.600000      1342693         2.50
    12.00000     0.650000      1342693         2.86
    12.00000     0.700000      1342693         3.33
    12.00000     0.750000      1342693         4.00
    12.00000     0.775000      1342693         4.44
    12.00000     0.800000      1342693         5.00
    12.00000     0.825000      1342693         5.71
    12.00000     0.850000      1342693         6.67
    12.00000     0.875000      1342693         8.00
    12.00000     0.887500      1342693         8.89
    24.00000     0.900000      1471143        10.00
    24.00000     0.912500      1471143        11.43
    24.00000     0.925000      1471143        13.33
    24.00000     0.937500      1471143        16.00
    24.00000     0.943750      1471143        17.78
    24.00000     0.950000      1471143        20.00
    24.00000     0.956250      1471143        22.86
    24.00000     0.962500      1471143        26.67
    24.00000     0.968750      1471143        32.00
    24.00000     0.971875      1471143        35.56
    24.00000     0.975000      1471143        40.00
    24.00000     0.978125      1471143        45.71
    37.00000     0.981250      1486154        53.33
    37.00000     0.984375      1486154        64.00
    37.00000     0.985938      1486154        71.11
    37.00000     0.987500      1486154        80.00
    49.00000     0.989062      1492569        91.43
    49.00000     0.990625      1492569       106.67
    49.00000     0.992188      1492569       128.00
    61.00000     0.992969      1494481       142.22
    61.00000     0.993750      1494481       160.00
    74.00000     0.994531      1495247       182.86
    98.00000     0.995313      1496840       213.33
   111.00000     0.996094      1499014       256.00
   111.00000     0.996484      1499014       284.44
   111.00000     0.996875      1499014       320.00
   123.00000     0.997266      1499875       365.71
   123.00000     0.997656      1499875       426.67
   148.00000     0.998047      1500668       512.00
   160.00000     0.998242      1500995       568.89
   160.00000     0.998437      1500995       640.00
   185.00000     0.998633      1501419       731.43
   197.00000     0.998828      1501579       853.33
   234.00000     0.999023      1501940      1024.00
   246.00000     0.999121      1502016      1137.78
   271.00000     0.999219      1502168      1280.00
   308.00000     0.999316      1502353      1462.86
   345.00000     0.999414      1502476      1706.67
   382.00000     0.999512      1502619      2048.00
   419.00000     0.999561      1502704      2275.56
   444.00000     0.999609      1502767      2560.00
   468.00000     0.999658      1502827      2925.71
   518.00000     0.999707      1502922      3413.33
   542.00000     0.999756      1502967      4096.00
   567.00000     0.999780      1503004      4551.11
   616.00000     0.999805      1503047      5120.00
   690.00000     0.999829      1503085      5851.43
   764.00000     0.999854      1503115      6826.67
   851.00000     0.999878      1503152      8192.00
   912.00000     0.999890      1503171      9102.22
  1023.00000     0.999902      1503189     10240.00
  1147.00000     0.999915      1503206     11702.86
  1739.00000     0.999927      1503224     13653.33
  5254.00000     0.999939      1503244     16384.00
  5402.00000     0.999945      1503252     18204.44
  5537.00000     0.999951      1503261     20480.00
  6105.00000     0.999957      1503270     23405.71
  6351.00000     0.999963      1503282     27306.67
  6475.00000     0.999969      1503289     32768.00
  6536.00000     0.999973      1503293     36408.89
  6598.00000     0.999976      1503301     40960.00
  6623.00000     0.999979      1503302     46811.43
  6758.00000     0.999982      1503307     54613.33
  6857.00000     0.999985      1503312     65536.00
  6882.00000     0.999986      1503314     72817.78
  6906.00000     0.999988      1503316     81920.00
  6956.00000     0.999989      1503318     93622.86
  7128.00000     0.999991      1503321    109226.67
  7165.00000     0.999992      1503323    131072.00
  7375.00000     0.999993      1503324    145635.56
  7548.00000     0.999994      1503325    163840.00
  7659.00000     0.999995      1503326    187245.71
  8288.00000     0.999995      1503328    218453.33
  8325.00000     0.999996      1503329    262144.00
  8325.00000     0.999997      1503329    291271.11
  8374.00000     0.999997      1503330    327680.00
  8374.00000     0.999997      1503330    374491.43
  8769.00000     0.999998      1503331    436906.67
  9052.00000     0.999998      1503332    524288.00
  9052.00000     0.999998      1503332    582542.22
  9052.00000     0.999998      1503332    655360.00
  9052.00000     0.999999      1503332    748982.86
  9102.00000     0.999999      1503333    873813.33
  9102.00000     0.999999      1503333   1048576.00
  9102.00000     0.999999      1503333   1165084.44
  9102.00000     0.999999      1503333   1310720.00
  9102.00000     0.999999      1503333   1497965.71
 11618.00000     0.999999      1503334   1747626.67
 11618.00000     1.000000      1503334          inf
#[Mean    =       13.849, StdDeviation   =       56.720]
#[Max     =    11618.000, Total count    =      1503334]
#[Buckets =           13, SubBuckets     =       262144]
       Value   Percentile   TotalCount 1/(1-Percentile)

   629.00000     0.000000            6         1.00
   925.00000     0.100000       173715         1.11
   949.00000     0.200000       377482         1.25
   986.00000     0.300000       464038         1.43
  1122.00000     0.400000       602138         1.67
  1159.00000     0.500000       767705         2.00
  1171.00000     0.550000       833273         2.22
  1196.00000     0.600000       943370         2.50
  1208.00000     0.650000       988327         2.86
  1233.00000     0.700000      1063111         3.33
  1270.00000     0.750000      1148415         4.00
  1282.00000     0.775000      1172869         4.44
  1307.00000     0.800000      1217782         5.00
  1332.00000     0.825000      1256680         5.71
  1356.00000     0.850000      1290481         6.67
  1381.00000     0.875000      1318485         8.00
  1406.00000     0.887500      1342101         8.89
  1430.00000     0.900000      1361858        10.00
  1455.00000     0.912500      1378721        11.43
  1480.00000     0.925000      1392704        13.33
  1517.00000     0.937500      1409424        16.00
  1554.00000     0.943750      1421776        17.78
  1590.00000     0.950000      1428250        20.00
  1640.00000     0.956250      1438732        22.86
  1751.00000     0.962500      1447514        26.67
  2096.00000     0.968750      1456450        32.00
  2540.00000     0.971875      1461090        35.56
  3391.00000     0.975000      1465778        40.00
  3983.00000     0.978125      1470495        45.71
  5254.00000     0.981250      1475269        53.33
  5710.00000     0.984375      1479875        64.00
  5932.00000     0.985938      1482315        71.11
  6068.00000     0.987500      1484700        80.00
  6265.00000     0.989062      1486981        91.43
  6906.00000     0.990625      1489280       106.67
  7289.00000     0.992188      1491668       128.00
  7387.00000     0.992969      1492874       142.22
  7474.00000     0.993750      1493989       160.00
  7572.00000     0.994531      1495246       182.86
  7671.00000     0.995313      1496357       213.33
  7794.00000     0.996094      1497517       256.00
  7868.00000     0.996484      1498100       284.44
  7955.00000     0.996875      1498684       320.00
  8053.00000     0.997266      1499236       365.71
  8189.00000     0.997656      1499835       426.67
  8362.00000     0.998047      1500430       512.00
  8460.00000     0.998242      1500700       568.89
  8571.00000     0.998437      1500994       640.00
  8744.00000     0.998633      1501289       731.43
  8954.00000     0.998828      1501582       853.33
  9287.00000     0.999023      1501873      1024.00
  9558.00000     0.999121      1502016      1137.78
  9940.00000     0.999219      1502161      1280.00
 10397.00000     0.999316      1502308      1462.86
 11075.00000     0.999414      1502457      1706.67
 11815.00000     0.999512      1502600      2048.00
 12432.00000     0.999561      1502674      2275.56
 13024.00000     0.999609      1502749      2560.00
 13788.00000     0.999658      1502821      2925.71
 14676.00000     0.999707      1502894      3413.33
 15774.00000     0.999756      1502967      4096.00
 16292.00000     0.999780      1503004      4551.11
 17143.00000     0.999805      1503041      5120.00
 18376.00000     0.999829      1503078      5851.43
 19363.00000     0.999854      1503115      6826.67
 20744.00000     0.999878      1503151      8192.00
 21731.00000     0.999890      1503170      9102.22
 22533.00000     0.999902      1503188     10240.00
 23680.00000     0.999915      1503206     11702.86
 24975.00000     0.999927      1503224     13653.33
 26208.00000     0.999939      1503243     16384.00
 27096.00000     0.999945      1503252     18204.44
 28033.00000     0.999951      1503261     20480.00
 28921.00000     0.999957      1503270     23405.71
 30044.00000     0.999963      1503279     27306.67
 32251.00000     0.999969      1503289     32768.00
 32708.00000     0.999973      1503293     36408.89
 34323.00000     0.999976      1503298     40960.00
 37468.00000     0.999979      1503303     46811.43
 40737.00000     0.999982      1503307     54613.33
 56042.00000     0.999985      1503312     65536.00
 60100.00000     0.999986      1503314     72817.78
 98703.00000     0.999988      1503316     81920.00
100664.00000     0.999989      1503318     93622.86
191302.00000     0.999991      1503321    109226.67
980675.00000     0.999992      1503323    131072.00
1378695.00000     0.999993      1503324    145635.56
1596703.00000     0.999994      1503325    163840.00
1620527.00000     0.999995      1503326    187245.71
2370159.00000     0.999995      1503328    218453.33
2656063.00000     0.999996      1503329    262144.00
2656063.00000     0.999997      1503329    291271.11
2710735.00000     0.999997      1503330    327680.00
2710735.00000     0.999997      1503330    374491.43
2920783.00000     0.999998      1503331    436906.67
3561471.00000     0.999998      1503332    524288.00
3561471.00000     0.999998      1503332    582542.22
3561471.00000     0.999998      1503332    655360.00
3561471.00000     0.999999      1503332    748982.86
4449023.00000     0.999999      1503333    873813.33
4449023.00000     0.999999      1503333   1048576.00
4449023.00000     0.999999      1503333   1165084.44
4449023.00000     0.999999      1503333   1310720.00
4449023.00000     0.999999      1503333   1497965.71
5803071.00000     0.999999      1503334   1747626.67
5803071.00000     1.000000      1503334          inf
#[Mean    =     1308.699, StdDeviation   =     8529.597]
#[Max     =  5803071.000, Total count    =      1503334]
#[Buckets =           13, SubBuckets     =       262144]

=== EXCHANGE STDERR ===
matching tid: 48719
