=== CLIENT STDERR ===
=== Exchange load generator ===
  clients  : 10
  seed     : 2289292773
  target   : 127.0.0.1:4000
  thread id: 47085
Ctrl-C to stop.


=== Stats ===
  elapsed         : 15.000 s
  requests sent   : 2252864
  ACK responses   : 2252854
  MATCH responses : 1292218
  ERR responses   : 0
  orders in flight: -10
  --- throughput ---
  requests/s      : 150190
  ACK/s           : 150189
  MATCH/s         : 86147
  ERR/s           : 0
  total resp/s    : 150189

=== EXCHANGE STDOUT ===
exchange tid: 47080
inbound thread: 47090
outbound thread: 47091
       Value   Percentile   TotalCount 1/(1-Percentile)

  2096.00000     0.000000            1         1.00
  2380.00000     0.100000       184247         1.11
  2429.00000     0.200000       349885         1.25
  2479.00000     0.300000       541354         1.43
  2528.00000     0.400000       725658         1.67
  2577.00000     0.500000       881132         2.00
  2614.00000     0.550000       968369         2.22
  2651.00000     0.600000      1037184         2.50
  2713.00000     0.650000      1120907         2.86
  2812.00000     0.700000      1206194         3.33
  2960.00000     0.750000      1295684         4.00
  3034.00000     0.775000      1335589         4.44
  3120.00000     0.800000      1378719         5.00
  3219.00000     0.825000      1422570         5.71
  3317.00000     0.850000      1462264         6.67
  3453.00000     0.875000      1507006         8.00
  3527.00000     0.887500      1527710         8.89
  3613.00000     0.900000      1548601        10.00
  3724.00000     0.912500      1570832        11.43
  3860.00000     0.925000      1592116        13.33
  4045.00000     0.937500      1612166        16.00
  4193.00000     0.943750      1623189        17.78
  4440.00000     0.950000      1633973        20.00
  5044.00000     0.956250      1644426        22.86
  6709.00000     0.962500      1655125        26.67
  7424.00000     0.968750      1666444        32.00
  7498.00000     0.971875      1671259        35.56
  7585.00000     0.975000      1677353        40.00
  7671.00000     0.978125      1682455        45.71
  7794.00000     0.981250      1687636        53.33
  8029.00000     0.984375      1692823        64.00
  8263.00000     0.985938      1695417        71.11
  8645.00000     0.987500      1698132        80.00
  9274.00000     0.989062      1700774        91.43
  9965.00000     0.990625      1703491       106.67
 10643.00000     0.992188      1706151       128.00
 11013.00000     0.992969      1707514       142.22
 11433.00000     0.993750      1708832       160.00
 12136.00000     0.994531      1710182       182.86
 13221.00000     0.995313      1711517       213.33
 14812.00000     0.996094      1712851       256.00
 15885.00000     0.996484      1713522       284.44
 17291.00000     0.996875      1714198       320.00
 19326.00000     0.997266      1714868       365.71
 22027.00000     0.997656      1715538       426.67
 27404.00000     0.998047      1716209       512.00
 31462.00000     0.998242      1716545       568.89
 36383.00000     0.998437      1716881       640.00
 42451.00000     0.998633      1717218       731.43
 52022.00000     0.998828      1717553       853.33
 67253.00000     0.999023      1717888      1024.00
 76812.00000     0.999121      1718056      1137.78
 89688.00000     0.999219      1718225      1280.00
106140.00000     0.999316      1718392      1462.86
128636.00000     0.999414      1718560      1706.67
159679.00000     0.999512      1718728      2048.00
176650.00000     0.999561      1718812      2275.56
195668.00000     0.999609      1718896      2560.00
218386.00000     0.999658      1718980      2925.71
243743.00000     0.999707      1719064      3413.33
281163.00000     0.999756      1719148      4096.00
301329.00000     0.999780      1719190      4551.11
334209.00000     0.999805      1719232      5120.00
361873.00000     0.999829      1719274      5851.43
398823.00000     0.999854      1719316      6826.67
462439.00000     0.999878      1719358      8192.00
500043.00000     0.999890      1719379      9102.22
543311.00000     0.999902      1719400     10240.00
588375.00000     0.999915      1719421     11702.86
1869847.00000     0.999927      1719442     13653.33
2475023.00000     0.999939      1719463     16384.00
2527135.00000     0.999945      1719473     18204.44
2972271.00000     0.999951      1719484     20480.00
3076703.00000     0.999957      1719494     23405.71
4428927.00000     0.999963      1719505     27306.67
4520479.00000     0.999969      1719515     32768.00
4574367.00000     0.999973      1719520     36408.89
4616831.00000     0.999976      1719526     40960.00
4696223.00000     0.999979      1719531     46811.43
4834591.00000     0.999982      1719536     54613.33
4870783.00000     0.999985      1719541     65536.00
4881151.00000     0.999986      1719544     72817.78
4892095.00000     0.999988      1719547     81920.00
4896543.00000     0.999989      1719549     93622.86
4912415.00000     0.999991      1719552    109226.67
4918527.00000     0.999992      1719554    131072.00
4929311.00000     0.999993      1719556    145635.56
4934591.00000     0.999994      1719557    163840.00
4938431.00000     0.999995      1719558    187245.71
4951391.00000     0.999995      1719560    218453.33
4954655.00000     0.999996      1719561    262144.00
4963999.00000     0.999997      1719562    291271.11
4963999.00000     0.999997      1719562    327680.00
4966879.00000     0.999997      1719563    374491.43
4983487.00000     0.999998      1719564    436906.67
4983487.00000     0.999998      1719564    524288.00
4986367.00000     0.999998      1719565    582542.22
4986367.00000     0.999998      1719565    655360.00
4986367.00000     0.999999      1719565    748982.86
5019519.00000     0.999999      1719566    873813.33
5019519.00000     0.999999      1719566   1048576.00
5019519.00000     0.999999      1719566   1165084.44
5019519.00000     0.999999      1719566   1310720.00
5019519.00000     0.999999      1719566   1497965.71
5037087.00000     0.999999      1719567   1747626.67
5037087.00000     1.000000      1719567          inf
#[Mean    =     3454.464, StdDeviation   =    33911.698]
#[Max     =  5037087.000, Total count    =      1719567]
#[Buckets =           13, SubBuckets     =       262144]
       Value   Percentile   TotalCount 1/(1-Percentile)

   962.00000     0.000000            1         1.00
  1036.00000     0.100000       286843         1.11
  1048.00000     0.200000       808147         1.25
  1048.00000     0.300000       808147         1.43
  1048.00000     0.400000       808147         1.67
  1060.00000     0.500000      1225120         2.00
  1060.00000     0.550000      1225120         2.22
  1060.00000     0.600000      1225120         2.50
  1060.00000     0.650000      1225120         2.86
  1060.00000     0.700000      1225120         3.33
  1073.00000     0.750000      1380713         4.00
  1073.00000     0.775000      1380713         4.44
  1073.00000     0.800000      1380713         5.00
  1097.00000     0.825000      1425414         5.71
  1159.00000     0.850000      1464904         6.67
  1245.00000     0.875000      1504625         8.00
  1282.00000     0.887500      1534670         8.89
  1307.00000     0.900000      1558204        10.00
  1319.00000     0.912500      1569428        11.43
  1356.00000     0.925000      1598297        13.33
  1381.00000     0.937500      1612306        16.00
  1406.00000     0.943750      1623069        17.78
  1443.00000     0.950000      1636850        20.00
  1467.00000     0.956250      1645431        22.86
  1504.00000     0.962500      1658546        26.67
  1529.00000     0.968750      1667572        32.00
  1541.00000     0.971875      1671914        35.56
  1566.00000     0.975000      1679589        40.00
  1578.00000     0.978125      1683129        45.71
  1603.00000     0.981250      1688907        53.33
  1628.00000     0.984375      1693494        64.00
  1640.00000     0.985938      1695390        71.11
  1665.00000     0.987500      1698398        80.00
  1702.00000     0.989062      1701668        91.43
  1739.00000     0.990625      1704104       106.67
  1788.00000     0.992188      1706374       128.00
  1825.00000     0.992969      1707606       142.22
  1887.00000     0.993750      1708867       160.00
  1998.00000     0.994531      1710183       182.86
  2220.00000     0.995313      1711533       213.33
  2651.00000     0.996094      1712877       256.00
  2984.00000     0.996484      1713531       284.44
  3811.00000     0.996875      1714194       320.00
  5710.00000     0.997266      1714888       365.71
  5981.00000     0.997656      1715540       426.67
  6228.00000     0.998047      1716239       512.00
  6339.00000     0.998242      1716549       568.89
  6462.00000     0.998437      1716909       640.00
  6586.00000     0.998633      1717239       731.43
  6721.00000     0.998828      1717553       853.33
  6968.00000     0.999023      1717888      1024.00
  7153.00000     0.999121      1718064      1137.78
  7412.00000     0.999219      1718226      1280.00
  7807.00000     0.999316      1718399      1462.86
  8288.00000     0.999414      1718563      1706.67
  8991.00000     0.999512      1718735      2048.00
  9348.00000     0.999561      1718814      2275.56
  9694.00000     0.999609      1718896      2560.00
 10162.00000     0.999658      1718980      2925.71
 10754.00000     0.999707      1719065      3413.33
 11778.00000     0.999756      1719148      4096.00
 12481.00000     0.999780      1719190      4551.11
 13147.00000     0.999805      1719233      5120.00
 13455.00000     0.999829      1719276      5851.43
 13702.00000     0.999854      1719318      6826.67
 14072.00000     0.999878      1719360      8192.00
 14368.00000     0.999890      1719379      9102.22
 14972.00000     0.999902      1719400     10240.00
 15885.00000     0.999915      1719422     11702.86
 17402.00000     0.999927      1719442     13653.33
 19178.00000     0.999939      1719463     16384.00
 20535.00000     0.999945      1719473     18204.44
 22619.00000     0.999951      1719484     20480.00
 24691.00000     0.999957      1719494     23405.71
 26134.00000     0.999963      1719505     27306.67
 26590.00000     0.999969      1719515     32768.00
 27034.00000     0.999973      1719520     36408.89
 27552.00000     0.999976      1719526     40960.00
 31474.00000     0.999979      1719531     46811.43
 36839.00000     0.999982      1719536     54613.33
 45115.00000     0.999985      1719541     65536.00
 50529.00000     0.999986      1719544     72817.78
 60569.00000     0.999988      1719547     81920.00
 63097.00000     0.999989      1719549     93622.86
 80487.00000     0.999991      1719552    109226.67
 89984.00000     0.999992      1719554    131072.00
105314.00000     0.999993      1719556    145635.56
117573.00000     0.999994      1719557    163840.00
122285.00000     0.999995      1719558    187245.71
123259.00000     0.999995      1719560    218453.33
127452.00000     0.999996      1719561    262144.00
134643.00000     0.999997      1719562    291271.11
134643.00000     0.999997      1719562    327680.00
136665.00000     0.999997      1719563    374491.43
242313.00000     0.999998      1719564    436906.67
242313.00000     0.999998      1719564    524288.00
248307.00000     0.999998      1719565    582542.22
248307.00000     0.999998      1719565    655360.00
248307.00000     0.999999      1719565    748982.86
548095.00000     0.999999      1719566    873813.33
548095.00000     0.999999      1719566   1048576.00
548095.00000     0.999999      1719566   1165084.44
548095.00000     0.999999      1719566   1310720.00
548095.00000     0.999999      1719566   1497965.71
548907.00000     0.999999      1719567   1747626.67
548907.00000     1.000000      1719567          inf
#[Mean    =     1127.287, StdDeviation   =      838.933]
#[Max     =   548907.000, Total count    =      1719567]
#[Buckets =           13, SubBuckets     =       262144]
       Value   Percentile   TotalCount 1/(1-Percentile)

     0.00000     0.000000        94385         1.00
    12.00000     0.100000      1254732         1.11
    12.00000     0.200000      1254732         1.25
    12.00000     0.300000      1254732         1.43
    12.00000     0.400000      1254732         1.67
    12.00000     0.500000      1254732         2.00
    12.00000     0.550000      1254732         2.22
    12.00000     0.600000      1254732         2.50
    12.00000     0.650000      1254732         2.86
    12.00000     0.700000      1254732         3.33
    24.00000     0.750000      1705334         4.00
    24.00000     0.775000      1705334         4.44
    24.00000     0.800000      1705334         5.00
    24.00000     0.825000      1705334         5.71
    24.00000     0.850000      1705334         6.67
    24.00000     0.875000      1705334         8.00
    24.00000     0.887500      1705334         8.89
    24.00000     0.900000      1705334        10.00
    24.00000     0.912500      1705334        11.43
    24.00000     0.925000      1705334        13.33
    24.00000     0.937500      1705334        16.00
    24.00000     0.943750      1705334        17.78
    24.00000     0.950000      1705334        20.00
    24.00000     0.956250      1705334        22.86
    24.00000     0.962500      1705334        26.67
    24.00000     0.968750      1705334        32.00
    24.00000     0.971875      1705334        35.56
    24.00000     0.975000      1705334        40.00
    24.00000     0.978125      1705334        45.71
    24.00000     0.981250      1705334        53.33
    24.00000     0.984375      1705334        64.00
    24.00000     0.985938      1705334        71.11
    24.00000     0.987500      1705334        80.00
    24.00000     0.989062      1705334        91.43
    24.00000     0.990625      1705334       106.67
    37.00000     0.992188      1715465       128.00
    37.00000     0.992969      1715465       142.22
    37.00000     0.993750      1715465       160.00
    37.00000     0.994531      1715465       182.86
    37.00000     0.995313      1715465       213.33
    37.00000     0.996094      1715465       256.00
    37.00000     0.996484      1715465       284.44
    37.00000     0.996875      1715465       320.00
    37.00000     0.997266      1715465       365.71
    49.00000     0.997656      1718430       426.67
    49.00000     0.998047      1718430       512.00
    49.00000     0.998242      1718430       568.89
    49.00000     0.998437      1718430       640.00
    49.00000     0.998633      1718430       731.43
    49.00000     0.998828      1718430       853.33
    49.00000     0.999023      1718430      1024.00
    49.00000     0.999121      1718430      1137.78
    49.00000     0.999219      1718430      1280.00
    49.00000     0.999316      1718430      1462.86
    61.00000     0.999414      1719237      1706.67
    61.00000     0.999512      1719237      2048.00
    61.00000     0.999561      1719237      2275.56
    61.00000     0.999609      1719237      2560.00
    61.00000     0.999658      1719237      2925.71
    61.00000     0.999707      1719237      3413.33
    61.00000     0.999756      1719237      4096.00
    61.00000     0.999780      1719237      4551.11
    61.00000     0.999805      1719237      5120.00
    74.00000     0.999829      1719388      5851.43
    74.00000     0.999854      1719388      6826.67
    74.00000     0.999878      1719388      8192.00
    74.00000     0.999890      1719388      9102.22
    86.00000     0.999902      1719414     10240.00
    98.00000     0.999915      1719430     11702.86
   111.00000     0.999927      1719442     13653.33
   148.00000     0.999939      1719485     16384.00
   148.00000     0.999945      1719485     18204.44
   148.00000     0.999951      1719485     20480.00
   160.00000     0.999957      1719497     23405.71
   185.00000     0.999963      1719507     27306.67
   234.00000     0.999969      1719515     32768.00
   283.00000     0.999973      1719523     36408.89
   308.00000     0.999976      1719526     40960.00
   320.00000     0.999979      1719532     46811.43
   382.00000     0.999982      1719536     54613.33
   518.00000     0.999985      1719542     65536.00
   567.00000     0.999986      1719544     72817.78
   629.00000     0.999988      1719547     81920.00
   715.00000     0.999989      1719549     93622.86
   764.00000     0.999991      1719552    109226.67
   801.00000     0.999992      1719554    131072.00
   900.00000     0.999993      1719556    145635.56
   999.00000     0.999994      1719557    163840.00
  1184.00000     0.999995      1719558    187245.71
  1899.00000     0.999995      1719560    218453.33
  2072.00000     0.999996      1719561    262144.00
  2306.00000     0.999997      1719562    291271.11
  2306.00000     0.999997      1719562    327680.00
  4033.00000     0.999997      1719563    374491.43
  4760.00000     0.999998      1719564    436906.67
  4760.00000     0.999998      1719564    524288.00
  4785.00000     0.999998      1719565    582542.22
  4785.00000     0.999998      1719565    655360.00
  4785.00000     0.999999      1719565    748982.86
  6388.00000     0.999999      1719566    873813.33
  6388.00000     0.999999      1719566   1048576.00
  6388.00000     0.999999      1719566   1165084.44
  6388.00000     0.999999      1719566   1310720.00
  6388.00000     0.999999      1719566   1497965.71
 11889.00000     0.999999      1719567   1747626.67
 11889.00000     1.000000      1719567          inf
#[Mean    =       14.769, StdDeviation   =       14.300]
#[Max     =    11889.000, Total count    =      1719567]
#[Buckets =           13, SubBuckets     =       262144]
       Value   Percentile   TotalCount 1/(1-Percentile)

    61.00000     0.000000            3         1.00
    98.00000     0.100000       391128         1.11
    98.00000     0.200000       391128         1.25
   111.00000     0.300000      1233307         1.43
   111.00000     0.400000      1233307         1.67
   111.00000     0.500000      1233307         2.00
   111.00000     0.550000      1233307         2.22
   111.00000     0.600000      1233307         2.50
   111.00000     0.650000      1233307         2.86
   111.00000     0.700000      1233307         3.33
   123.00000     0.750000      1475173         4.00
   123.00000     0.775000      1475173         4.44
   123.00000     0.800000      1475173         5.00
   123.00000     0.825000      1475173         5.71
   123.00000     0.850000      1475173         6.67
   135.00000     0.875000      1654487         8.00
   135.00000     0.887500      1654487         8.89
   135.00000     0.900000      1654487        10.00
   135.00000     0.912500      1654487        11.43
   135.00000     0.925000      1654487        13.33
   135.00000     0.937500      1654487        16.00
   135.00000     0.943750      1654487        17.78
   135.00000     0.950000      1654487        20.00
   135.00000     0.956250      1654487        22.86
   147.00000     0.962500      1656866        26.67
   148.00000     0.968750      1690970        32.00
   148.00000     0.971875      1690970        35.56
   148.00000     0.975000      1690970        40.00
   148.00000     0.978125      1690970        45.71
   148.00000     0.981250      1690970        53.33
   160.00000     0.984375      1699403        64.00
   160.00000     0.985938      1699403        71.11
   160.00000     0.987500      1699403        80.00
   172.00000     0.989062      1702482        91.43
   185.00000     0.990625      1704039       106.67
   221.00000     0.992188      1706151       128.00
   234.00000     0.992969      1707493       142.22
   271.00000     0.993750      1708832       160.00
   333.00000     0.994531      1710209       182.86
   431.00000     0.995313      1711525       213.33
   604.00000     0.996094      1712876       256.00
   727.00000     0.996484      1713552       284.44
   900.00000     0.996875      1714217       320.00
  1208.00000     0.997266      1714880       365.71
  1739.00000     0.997656      1715538       426.67
  2602.00000     0.998047      1716214       512.00
  3157.00000     0.998242      1716551       568.89
  3885.00000     0.998437      1716890       640.00
  4773.00000     0.998633      1717218       731.43
  5920.00000     0.998828      1717556       853.33
  7474.00000     0.999023      1717890      1024.00
  8571.00000     0.999121      1718056      1137.78
 10064.00000     0.999219      1718225      1280.00
 12592.00000     0.999316      1718392      1462.86
 16218.00000     0.999414      1718560      1706.67
 20572.00000     0.999512      1718728      2048.00
 24025.00000     0.999561      1718812      2275.56
 28625.00000     0.999609      1718896      2560.00
 34595.00000     0.999658      1718980      2925.71
 43845.00000     0.999707      1719064      3413.33
 56363.00000     0.999756      1719148      4096.00
 63800.00000     0.999780      1719190      4551.11
 72643.00000     0.999805      1719232      5120.00
 83114.00000     0.999829      1719274      5851.43
 97667.00000     0.999854      1719316      6826.67
111246.00000     0.999878      1719358      8192.00
122568.00000     0.999890      1719379      9102.22
139921.00000     0.999902      1719400     10240.00
172938.00000     0.999915      1719421     11702.86
206706.00000     0.999927      1719442     13653.33
246703.00000     0.999939      1719463     16384.00
281237.00000     0.999945      1719473     18204.44
310491.00000     0.999951      1719484     20480.00
341153.00000     0.999957      1719494     23405.71
454583.00000     0.999963      1719505     27306.67
513547.00000     0.999969      1719515     32768.00
537835.00000     0.999973      1719520     36408.89
560895.00000     0.999976      1719526     40960.00
608947.00000     0.999979      1719531     46811.43
2332511.00000     0.999982      1719536     54613.33
2377855.00000     0.999985      1719541     65536.00
2397679.00000     0.999986      1719544     72817.78
2430383.00000     0.999988      1719547     81920.00
2436591.00000     0.999989      1719549     93622.86
2448287.00000     0.999991      1719552    109226.67
2456687.00000     0.999992      1719554    131072.00
2468623.00000     0.999993      1719556    145635.56
2471263.00000     0.999994      1719557    163840.00
2473615.00000     0.999995      1719558    187245.71
2484111.00000     0.999995      1719560    218453.33
2493919.00000     0.999996      1719561    262144.00
2503231.00000     0.999997      1719562    291271.11
2503231.00000     0.999997      1719562    327680.00
2522191.00000     0.999997      1719563    374491.43
2533775.00000     0.999998      1719564    436906.67
2533775.00000     0.999998      1719564    524288.00
2553359.00000     0.999998      1719565    582542.22
2553359.00000     0.999998      1719565    655360.00
2553359.00000     0.999999      1719565    748982.86
2560383.00000     0.999999      1719566    873813.33
2560383.00000     0.999999      1719566   1048576.00
2560383.00000     0.999999      1719566   1165084.44
2560383.00000     0.999999      1719566   1310720.00
2560383.00000     0.999999      1719566   1497965.71
2567999.00000     0.999999      1719567   1747626.67
2567999.00000     1.000000      1719567          inf
#[Mean    =      217.609, StdDeviation   =    11049.472]
#[Max     =  2567999.000, Total count    =      1719567]
#[Buckets =           13, SubBuckets     =       262144]
       Value   Percentile   TotalCount 1/(1-Percentile)

     0.00000     0.000000         9799         1.00
    37.00000     0.100000       339634         1.11
    49.00000     0.200000       636545         1.25
    49.00000     0.300000       636545         1.43
    61.00000     0.400000       705541         1.67
   111.00000     0.500000       897660         2.00
   123.00000     0.550000       950745         2.22
   148.00000     0.600000      1050282         2.50
   172.00000     0.650000      1145015         2.86
   197.00000     0.700000      1222088         3.33
   234.00000     0.750000      1316667         4.00
   246.00000     0.775000      1344236         4.44
   271.00000     0.800000      1391394         5.00
   296.00000     0.825000      1429936         5.71
   320.00000     0.850000      1461870         6.67
   370.00000     0.875000      1511362         8.00
   394.00000     0.887500      1532088         8.89
   419.00000     0.900000      1551277        10.00
   456.00000     0.912500      1576170        11.43
   493.00000     0.925000      1596587        13.33
   530.00000     0.937500      1613409        16.00
   555.00000     0.943750      1622858        17.78
   592.00000     0.950000      1635174        20.00
   629.00000     0.956250      1645253        22.86
   678.00000     0.962500      1656206        26.67
   740.00000     0.968750      1666745        32.00
   777.00000     0.971875      1671852        35.56
   826.00000     0.975000      1677445        40.00
   875.00000     0.978125      1682071        45.71
   949.00000     0.981250      1687373        53.33
  1060.00000     0.984375      1692861        64.00
  1134.00000     0.985938      1695533        71.11
  1233.00000     0.987500      1698188        80.00
  1369.00000     0.989062      1700777        91.43
  1603.00000     0.990625      1703548       106.67
  1985.00000     0.992188      1706197       128.00
  2380.00000     0.992969      1707483       142.22
  3280.00000     0.993750      1708828       160.00
  4748.00000     0.994531      1710217       182.86
  5044.00000     0.995313      1711558       213.33
  5365.00000     0.996094      1712877       256.00
  5587.00000     0.996484      1713539       284.44
  5895.00000     0.996875      1714201       320.00
  6314.00000     0.997266      1714878       365.71
  6919.00000     0.997656      1715538       426.67
  7696.00000     0.998047      1716217       512.00
  8152.00000     0.998242      1716548       568.89
  8645.00000     0.998437      1716884       640.00
  9139.00000     0.998633      1717221       731.43
  9706.00000     0.998828      1717554       853.33
 10360.00000     0.999023      1717889      1024.00
 10742.00000     0.999121      1718056      1137.78
 11272.00000     0.999219      1718227      1280.00
 11753.00000     0.999316      1718392      1462.86
 12284.00000     0.999414      1718560      1706.67
 12974.00000     0.999512      1718728      2048.00
 13394.00000     0.999561      1718813      2275.56
 13899.00000     0.999609      1718896      2560.00
 14430.00000     0.999658      1718983      2925.71
 15083.00000     0.999707      1719064      3413.33
 16169.00000     0.999756      1719148      4096.00
 16822.00000     0.999780      1719191      4551.11
 17501.00000     0.999805      1719232      5120.00
 18537.00000     0.999829      1719274      5851.43
 19560.00000     0.999854      1719316      6826.67
 22076.00000     0.999878      1719358      8192.00
 23334.00000     0.999890      1719379      9102.22
 24716.00000     0.999902      1719400     10240.00
 25937.00000     0.999915      1719421     11702.86
 28416.00000     0.999927      1719442     13653.33
 31302.00000     0.999939      1719463     16384.00
 33238.00000     0.999945      1719473     18204.44
 35076.00000     0.999951      1719484     20480.00
 37419.00000     0.999957      1719494     23405.71
 39775.00000     0.999963      1719505     27306.67
 44437.00000     0.999969      1719515     32768.00
 45547.00000     0.999973      1719520     36408.89
 49814.00000     0.999976      1719526     40960.00
 53095.00000     0.999979      1719531     46811.43
 57646.00000     0.999982      1719536     54613.33
 61814.00000     0.999985      1719541     65536.00
 64330.00000     0.999986      1719544     72817.78
 72754.00000     0.999988      1719547     81920.00
 79574.00000     0.999989      1719549     93622.86
 89700.00000     0.999991      1719552    109226.67
 90354.00000     0.999992      1719554    131072.00
 99542.00000     0.999993      1719556    145635.56
100220.00000     0.999994      1719557    163840.00
102625.00000     0.999995      1719558    187245.71
118313.00000     0.999995      1719560    218453.33
123271.00000     0.999996      1719561    262144.00
126256.00000     0.999997      1719562    291271.11
126256.00000     0.999997      1719562    327680.00
130215.00000     0.999997      1719563    374491.43
132065.00000     0.999998      1719564    436906.67
132065.00000     0.999998      1719564    524288.00
145447.00000     0.999998      1719565    582542.22
145447.00000     0.999998      1719565    655360.00
145447.00000     0.999999      1719565    748982.86
151811.00000     0.999999      1719566    873813.33
151811.00000     0.999999      1719566   1048576.00
151811.00000     0.999999      1719566   1165084.44
151811.00000     0.999999      1719566   1310720.00
151811.00000     0.999999      1719566   1497965.71
649523.00000     0.999999      1719567   1747626.67
649523.00000     1.000000      1719567          inf
#[Mean    =      224.877, StdDeviation   =      955.118]
#[Max     =   649523.000, Total count    =      1719567]
#[Buckets =           13, SubBuckets     =       262144]
       Value   Percentile   TotalCount 1/(1-Percentile)

    86.00000     0.000000            6         1.00
   185.00000     0.100000       227351         1.11
   209.00000     0.200000       379131         1.25
   234.00000     0.300000       543376         1.43
   259.00000     0.400000       715563         1.67
   283.00000     0.500000       890046         2.00
   296.00000     0.550000       979371         2.22
   308.00000     0.600000      1068696         2.50
   320.00000     0.650000      1157654         2.86
   333.00000     0.700000      1242850         3.33
   345.00000     0.750000      1326480         4.00
   357.00000     0.775000      1392904         4.44
   357.00000     0.800000      1392904         5.00
   370.00000     0.825000      1433765         5.71
   382.00000     0.850000      1484087         6.67
   394.00000     0.875000      1529804         8.00
   394.00000     0.887500      1529804         8.89
   407.00000     0.900000      1555164        10.00
   419.00000     0.912500      1573746        11.43
   444.00000     0.925000      1604164        13.33
   456.00000     0.937500      1616620        16.00
   468.00000     0.943750      1627275        17.78
   481.00000     0.950000      1636438        20.00
   505.00000     0.956250      1650779        22.86
   518.00000     0.962500      1656315        26.67
   555.00000     0.968750      1667546        32.00
   579.00000     0.971875      1672073        35.56
   629.00000     0.975000      1676658        40.00
   777.00000     0.978125      1682189        45.71
   999.00000     0.981250      1687673        53.33
  1258.00000     0.984375      1692734        64.00
  1418.00000     0.985938      1695530        71.11
  1640.00000     0.987500      1698237        80.00
  1862.00000     0.989062      1700777        91.43
  2232.00000     0.990625      1703492       106.67
  2701.00000     0.992188      1706144       128.00
  2997.00000     0.992969      1707478       142.22
  3404.00000     0.993750      1708862       160.00
  3848.00000     0.994531      1710177       182.86
  4551.00000     0.995313      1711523       213.33
  5439.00000     0.996094      1712853       256.00
  5833.00000     0.996484      1713524       284.44
  6549.00000     0.996875      1714198       320.00
  7794.00000     0.997266      1714870       365.71
  9718.00000     0.997656      1715538       426.67
 12715.00000     0.998047      1716210       512.00
 15009.00000     0.998242      1716545       568.89
 18463.00000     0.998437      1716882       640.00
 24506.00000     0.998633      1717217       731.43
 31659.00000     0.998828      1717552       853.33
 40687.00000     0.999023      1717888      1024.00
 46558.00000     0.999121      1718056      1137.78
 52885.00000     0.999219      1718224      1280.00
 62221.00000     0.999316      1718392      1462.86
 74653.00000     0.999414      1718560      1706.67
 89700.00000     0.999512      1718728      2048.00
103020.00000     0.999561      1718812      2275.56
116772.00000     0.999609      1718896      2560.00
136197.00000     0.999658      1718980      2925.71
158791.00000     0.999707      1719064      3413.33
184901.00000     0.999756      1719148      4096.00
203993.00000     0.999780      1719190      4551.11
222259.00000     0.999805      1719232      5120.00
248319.00000     0.999829      1719274      5851.43
276391.00000     0.999854      1719316      6826.67
319989.00000     0.999878      1719358      8192.00
345297.00000     0.999890      1719379      9102.22
376549.00000     0.999902      1719400     10240.00
420813.00000     0.999915      1719421     11702.86
466299.00000     0.999927      1719442     13653.33
518999.00000     0.999939      1719463     16384.00
1828471.00000     0.999945      1719473     18204.44
1936247.00000     0.999951      1719484     20480.00
3055807.00000     0.999957      1719494     23405.71
4395103.00000     0.999963      1719505     27306.67
4504319.00000     0.999969      1719515     32768.00
4546079.00000     0.999973      1719520     36408.89
4589983.00000     0.999976      1719526     40960.00
4681183.00000     0.999979      1719531     46811.43
4822335.00000     0.999982      1719536     54613.33
4848575.00000     0.999985      1719541     65536.00
4870623.00000     0.999986      1719544     72817.78
4875263.00000     0.999988      1719547     81920.00
4888159.00000     0.999989      1719549     93622.86
4902719.00000     0.999991      1719552    109226.67
4904959.00000     0.999992      1719554    131072.00
4915615.00000     0.999993      1719556    145635.56
4921407.00000     0.999994      1719557    163840.00
4926719.00000     0.999995      1719558    187245.71
4941791.00000     0.999995      1719560    218453.33
4947167.00000     0.999996      1719561    262144.00
4956159.00000     0.999997      1719562    291271.11
4956159.00000     0.999997      1719562    327680.00
4959519.00000     0.999997      1719563    374491.43
4974847.00000     0.999998      1719564    436906.67
4974847.00000     0.999998      1719564    524288.00
4978623.00000     0.999998      1719565    582542.22
4978623.00000     0.999998      1719565    655360.00
4978623.00000     0.999999      1719565    748982.86
5011071.00000     0.999999      1719566    873813.33
5011071.00000     0.999999      1719566   1048576.00
5011071.00000     0.999999      1719566   1165084.44
5011071.00000     0.999999      1719566   1310720.00
5011071.00000     0.999999      1719566   1497965.71
5027615.00000     0.999999      1719567   1747626.67
5027615.00000     1.000000      1719567          inf
#[Mean    =      695.305, StdDeviation   =    31314.056]
#[Max     =  5027615.000, Total count    =      1719567]
#[Buckets =           13, SubBuckets     =       262144]
       Value   Percentile   TotalCount 1/(1-Percentile)

     0.00000     0.000000       224884         1.00
     0.00000     0.100000       224884         1.11
    12.00000     0.200000      1572871         1.25
    12.00000     0.300000      1572871         1.43
    12.00000     0.400000      1572871         1.67
    12.00000     0.500000      1572871         2.00
    12.00000     0.550000      1572871         2.22
    12.00000     0.600000      1572871         2.50
    12.00000     0.650000      1572871         2.86
    12.00000     0.700000      1572871         3.33
    12.00000     0.750000      1572871         4.00
    12.00000     0.775000      1572871         4.44
    12.00000     0.800000      1572871         5.00
    12.00000     0.825000      1572871         5.71
    12.00000     0.850000      1572871         6.67
    12.00000     0.875000      1572871         8.00
    12.00000     0.887500      1572871         8.89
    12.00000     0.900000      1572871        10.00
    12.00000     0.912500      1572871        11.43
    24.00000     0.925000      1673352        13.33
    24.00000     0.937500      1673352        16.00
    24.00000     0.943750      1673352        17.78
    24.00000     0.950000      1673352        20.00
    24.00000     0.956250      1673352        22.86
    24.00000     0.962500      1673352        26.67
    24.00000     0.968750      1673352        32.00
    24.00000     0.971875      1673352        35.56
    37.00000     0.975000      1690029        40.00
    37.00000     0.978125      1690029        45.71
    37.00000     0.981250      1690029        53.33
    49.00000     0.984375      1702313        64.00
    49.00000     0.985938      1702313        71.11
    49.00000     0.987500      1702313        80.00
    49.00000     0.989062      1702313        91.43
    61.00000     0.990625      1706901       106.67
    61.00000     0.992188      1706901       128.00
    74.00000     0.992969      1708904       142.22
    74.00000     0.993750      1708904       160.00
    98.00000     0.994531      1711235       182.86
   111.00000     0.995313      1713894       213.33
   111.00000     0.996094      1713894       256.00
   111.00000     0.996484      1713894       284.44
   123.00000     0.996875      1715185       320.00
   123.00000     0.997266      1715185       365.71
   135.00000     0.997656      1715899       426.67
   148.00000     0.998047      1716381       512.00
   160.00000     0.998242      1716793       568.89
   172.00000     0.998437      1717135       640.00
   185.00000     0.998633      1717413       731.43
   197.00000     0.998828      1717647       853.33
   222.00000     0.999023      1717986      1024.00
   234.00000     0.999121      1718095      1137.78
   259.00000     0.999219      1718286      1280.00
   283.00000     0.999316      1718417      1462.86
   320.00000     0.999414      1718594      1706.67
   357.00000     0.999512      1718737      2048.00
   382.00000     0.999561      1718817      2275.56
   419.00000     0.999609      1718915      2560.00
   456.00000     0.999658      1718998      2925.71
   493.00000     0.999707      1719077      3413.33
   542.00000     0.999756      1719162      4096.00
   567.00000     0.999780      1719193      4551.11
   604.00000     0.999805      1719232      5120.00
   653.00000     0.999829      1719281      5851.43
   703.00000     0.999854      1719317      6826.67
   764.00000     0.999878      1719359      8192.00
   826.00000     0.999890      1719379      9102.22
   900.00000     0.999902      1719406     10240.00
   949.00000     0.999915      1719422     11702.86
  1073.00000     0.999927      1719444     13653.33
  1208.00000     0.999939      1719463     16384.00
  1480.00000     0.999945      1719473     18204.44
  3897.00000     0.999951      1719484     20480.00
  5118.00000     0.999957      1719495     23405.71
  5229.00000     0.999963      1719505     27306.67
  5328.00000     0.999969      1719515     32768.00
  5352.00000     0.999973      1719520     36408.89
  5402.00000     0.999976      1719527     40960.00
  5500.00000     0.999979      1719531     46811.43
  6413.00000     0.999982      1719536     54613.33
  6894.00000     0.999985      1719541     65536.00
  7252.00000     0.999986      1719544     72817.78
  7437.00000     0.999988      1719547     81920.00
  7511.00000     0.999989      1719549     93622.86
  7634.00000     0.999991      1719552    109226.67
  7720.00000     0.999992      1719554    131072.00
  7868.00000     0.999993      1719556    145635.56
  7930.00000     0.999994      1719558    163840.00
  7930.00000     0.999995      1719558    187245.71
  7955.00000     0.999995      1719560    218453.33
  8066.00000     0.999996      1719561    262144.00
  8078.00000     0.999997      1719562    291271.11
  8078.00000     0.999997      1719562    327680.00
  8090.00000     0.999997      1719563    374491.43
  8337.00000     0.999998      1719564    436906.67
  8337.00000     0.999998      1719564    524288.00
  8448.00000     0.999998      1719565    582542.22
  8448.00000     0.999998      1719565    655360.00
  8448.00000     0.999999      1719565    748982.86
 10668.00000     0.999999      1719566    873813.33
 10668.00000     0.999999      1719566   1048576.00
 10668.00000     0.999999      1719566   1165084.44
 10668.00000     0.999999      1719566   1310720.00
 10668.00000     0.999999      1719566   1497965.71
 13431.00000     0.999999      1719567   1747626.67
 13431.00000     1.000000      1719567          inf
#[Mean    =       13.116, StdDeviation   =       48.282]
#[Max     =    13431.000, Total count    =      1719567]
#[Buckets =           13, SubBuckets     =       262144]
       Value   Percentile   TotalCount 1/(1-Percentile)

   629.00000     0.000000            9         1.00
   912.00000     0.100000       320501         1.11
   924.00000     0.200000       356608         1.25
   925.00000     0.300000       607415         1.43
   937.00000     0.400000       928893         1.67
   937.00000     0.500000       928893         2.00
   949.00000     0.550000      1118903         2.22
   949.00000     0.600000      1118903         2.50
   949.00000     0.650000      1118903         2.86
   974.00000     0.700000      1254642         3.33
   986.00000     0.750000      1299157         4.00
  1011.00000     0.775000      1341034         4.44
  1085.00000     0.800000      1378142         5.00
  1147.00000     0.825000      1419415         5.71
  1208.00000     0.850000      1464397         6.67
  1307.00000     0.875000      1508046         8.00
  1356.00000     0.887500      1530134         8.89
  1406.00000     0.900000      1550357        10.00
  1455.00000     0.912500      1569603        11.43
  1517.00000     0.925000      1591312        13.33
  1591.00000     0.937500      1615194        16.00
  1628.00000     0.943750      1626109        17.78
  1665.00000     0.950000      1636189        20.00
  1702.00000     0.956250      1645341        22.86
  1751.00000     0.962500      1655308        26.67
  1837.00000     0.968750      1666720        32.00
  1911.00000     0.971875      1671403        35.56
  2602.00000     0.975000      1676606        40.00
  5562.00000     0.978125      1682017        45.71
  5858.00000     0.981250      1687613        53.33
  5932.00000     0.984375      1693256        64.00
  5957.00000     0.985938      1695478        71.11
  5994.00000     0.987500      1698784        80.00
  6018.00000     0.989062      1700831        91.43
  6055.00000     0.990625      1703526       106.67
  6105.00000     0.992188      1706300       128.00
  6142.00000     0.992969      1707767       142.22
  6179.00000     0.993750      1708866       160.00
  6253.00000     0.994531      1710216       182.86
  6401.00000     0.995313      1711570       213.33
  6894.00000     0.996094      1712853       256.00
  7264.00000     0.996484      1713531       284.44
  7548.00000     0.996875      1714200       320.00
  7856.00000     0.997266      1714878       365.71
  8201.00000     0.997656      1715553       426.67
  8522.00000     0.998047      1716226       512.00
  8658.00000     0.998242      1716562       568.89
  8806.00000     0.998437      1716905       640.00
  8941.00000     0.998633      1717228       731.43
  9077.00000     0.998828      1717566       853.33
  9225.00000     0.999023      1717915      1024.00
  9299.00000     0.999121      1718066      1137.78
  9385.00000     0.999219      1718232      1280.00
  9533.00000     0.999316      1718403      1462.86
  9731.00000     0.999414      1718563      1706.67
 10335.00000     0.999512      1718729      2048.00
 11050.00000     0.999561      1718814      2275.56
 12395.00000     0.999609      1718896      2560.00
 13554.00000     0.999658      1718980      2925.71
 15182.00000     0.999707      1719064      3413.33
 17612.00000     0.999756      1719148      4096.00
 20078.00000     0.999780      1719191      4551.11
 23273.00000     0.999805      1719232      5120.00
 25640.00000     0.999829      1719274      5851.43
 27478.00000     0.999854      1719316      6826.67
 28810.00000     0.999878      1719359      8192.00
 29291.00000     0.999890      1719379      9102.22
 30019.00000     0.999902      1719400     10240.00
 30549.00000     0.999915      1719421     11702.86
 30919.00000     0.999927      1719443     13653.33
 31635.00000     0.999939      1719463     16384.00
 32239.00000     0.999945      1719473     18204.44
 32880.00000     0.999951      1719484     20480.00
 33497.00000     0.999957      1719494     23405.71
 34188.00000     0.999963      1719506     27306.67
 34866.00000     0.999969      1719516     32768.00
 35298.00000     0.999973      1719520     36408.89
 37320.00000     0.999976      1719526     40960.00
 38714.00000     0.999979      1719531     46811.43
 44856.00000     0.999982      1719536     54613.33
 47668.00000     0.999985      1719541     65536.00
 50936.00000     0.999986      1719544     72817.78
 55833.00000     0.999988      1719548     81920.00
 56153.00000     0.999989      1719549     93622.86
 58805.00000     0.999991      1719552    109226.67
 64170.00000     0.999992      1719554    131072.00
 72532.00000     0.999993      1719557    145635.56
 72532.00000     0.999994      1719557    163840.00
 82386.00000     0.999995      1719558    187245.71
 87270.00000     0.999995      1719560    218453.33
 89577.00000     0.999996      1719561    262144.00
105080.00000     0.999997      1719562    291271.11
105080.00000     0.999997      1719562    327680.00
113479.00000     0.999997      1719563    374491.43
120644.00000     0.999998      1719564    436906.67
120644.00000     0.999998      1719564    524288.00
203290.00000     0.999998      1719565    582542.22
203290.00000     0.999998      1719565    655360.00
203290.00000     0.999999      1719565    748982.86
4660863.00000     0.999999      1719566    873813.33
4660863.00000     0.999999      1719566   1048576.00
4660863.00000     0.999999      1719566   1165084.44
4660863.00000     0.999999      1719566   1310720.00
4660863.00000     0.999999      1719566   1497965.71
4943423.00000     0.999999      1719567   1747626.67
4943423.00000     1.000000      1719567          inf
#[Mean    =     1159.464, StdDeviation   =     5274.773]
#[Max     =  4943423.000, Total count    =      1719567]
#[Buckets =           13, SubBuckets     =       262144]

=== EXCHANGE STDERR ===
matching tid: 47092
