=== CLIENT STDERR ===
=== Exchange load generator ===
  clients  : 10
  seed     : 2284400328
  target   : 127.0.0.1:4000
  thread id: 47192
Ctrl-C to stop.


=== Stats ===
  elapsed         : 14.999 s
  requests sent   : 2583714
  ACK responses   : 2583704
  MATCH responses : 1480097
  ERR responses   : 0
  orders in flight: -10
  --- throughput ---
  requests/s      : 172262
  ACK/s           : 172261
  MATCH/s         : 98681
  ERR/s           : 0
  total resp/s    : 172261

=== EXCHANGE STDOUT ===
exchange tid: 47186
inbound thread: 47193
outbound thread: 47194
       Value   Percentile   TotalCount 1/(1-Percentile)

  2096.00000     0.000000            1         1.00
  2368.00000     0.100000       239329         1.11
  2405.00000     0.200000       404475         1.25
  2442.00000     0.300000       599099         1.43
  2479.00000     0.400000       809534         1.67
  2516.00000     0.500000      1003584         2.00
  2540.00000     0.550000      1119372         2.22
  2565.00000     0.600000      1221458         2.50
  2590.00000     0.650000      1310010         2.86
  2627.00000     0.700000      1420586         3.33
  2664.00000     0.750000      1507944         4.00
  2688.00000     0.775000      1554526         4.44
  2713.00000     0.800000      1593010         5.00
  2762.00000     0.825000      1652485         5.71
  2812.00000     0.850000      1696029         6.67
  2886.00000     0.875000      1743249         8.00
  2935.00000     0.887500      1767517         8.89
  2997.00000     0.900000      1792434        10.00
  3071.00000     0.912500      1816561        11.43
  3169.00000     0.925000      1840589        13.33
  3305.00000     0.937500      1865082        16.00
  3416.00000     0.943750      1877219        17.78
  3589.00000     0.950000      1888949        20.00
  3922.00000     0.956250      1901410        22.86
  4612.00000     0.962500      1913626        26.67
  5932.00000     0.968750      1926086        32.00
  7128.00000     0.971875      1932214        35.56
  7387.00000     0.975000      1939188        40.00
  7461.00000     0.978125      1945012        45.71
  7535.00000     0.981250      1951901        53.33
  7597.00000     0.984375      1957582        64.00
  7634.00000     0.985938      1960728        71.11
  7671.00000     0.987500      1963474        80.00
  7720.00000     0.989062      1966655        91.43
  7782.00000     0.990625      1969915       106.67
  7856.00000     0.992188      1972771       128.00
  7905.00000     0.992969      1974237       142.22
  7967.00000     0.993750      1975729       160.00
  8053.00000     0.994531      1977271       182.86
  8189.00000     0.995313      1978865       213.33
  8411.00000     0.996094      1980428       256.00
  8547.00000     0.996484      1981141       284.44
  8744.00000     0.996875      1981943       320.00
  9065.00000     0.997266      1982716       365.71
  9459.00000     0.997656      1983480       426.67
  9916.00000     0.998047      1984248       512.00
 10187.00000     0.998242      1984653       568.89
 10471.00000     0.998437      1985037       640.00
 10804.00000     0.998633      1985421       731.43
 11309.00000     0.998828      1985806       853.33
 11988.00000     0.999023      1986191      1024.00
 12481.00000     0.999121      1986382      1137.78
 13209.00000     0.999219      1986577      1280.00
 14146.00000     0.999316      1986771      1462.86
 15922.00000     0.999414      1986965      1706.67
 18672.00000     0.999512      1987159      2048.00
 20559.00000     0.999561      1987257      2275.56
 22964.00000     0.999609      1987353      2560.00
 27429.00000     0.999658      1987450      2925.71
 34249.00000     0.999707      1987547      3413.33
 42698.00000     0.999756      1987644      4096.00
 47693.00000     0.999780      1987693      4551.11
 53366.00000     0.999805      1987741      5120.00
 60162.00000     0.999829      1987790      5851.43
 71422.00000     0.999854      1987838      6826.67
 91797.00000     0.999878      1987887      8192.00
101145.00000     0.999890      1987911      9102.22
114515.00000     0.999902      1987935     10240.00
126836.00000     0.999915      1987960     11702.86
137479.00000     0.999927      1987984     13653.33
158212.00000     0.999939      1988008     16384.00
161591.00000     0.999945      1988020     18204.44
170656.00000     0.999951      1988032     20480.00
192548.00000     0.999957      1988045     23405.71
208495.00000     0.999963      1988057     27306.67
229387.00000     0.999969      1988069     32768.00
236750.00000     0.999973      1988075     36408.89
250588.00000     0.999976      1988081     40960.00
262503.00000     0.999979      1988087     46811.43
278031.00000     0.999982      1988093     54613.33
295927.00000     0.999985      1988099     65536.00
311121.00000     0.999986      1988102     72817.78
320569.00000     0.999988      1988105     81920.00
327179.00000     0.999989      1988108     93622.86
336121.00000     0.999991      1988111    109226.67
352685.00000     0.999992      1988114    131072.00
360825.00000     0.999993      1988116    145635.56
364475.00000     0.999994      1988117    163840.00
381545.00000     0.999995      1988119    187245.71
383751.00000     0.999995      1988120    218453.33
391275.00000     0.999996      1988122    262144.00
394185.00000     0.999997      1988123    291271.11
394185.00000     0.999997      1988123    327680.00
410527.00000     0.999997      1988124    374491.43
417225.00000     0.999998      1988125    436906.67
440313.00000     0.999998      1988126    524288.00
440313.00000     0.999998      1988126    582542.22
440313.00000     0.999998      1988126    655360.00
444271.00000     0.999999      1988127    748982.86
444271.00000     0.999999      1988127    873813.33
479729.00000     0.999999      1988128   1048576.00
479729.00000     0.999999      1988128   1165084.44
479729.00000     0.999999      1988128   1310720.00
479729.00000     0.999999      1988128   1497965.71
479729.00000     0.999999      1988128   1747626.67
519419.00000     1.000000      1988129   2097152.00
519419.00000     1.000000      1988129          inf
#[Mean    =     2792.828, StdDeviation   =     2544.032]
#[Max     =   519419.000, Total count    =      1988129]
#[Buckets =           13, SubBuckets     =       262144]
       Value   Percentile   TotalCount 1/(1-Percentile)

   986.00000     0.000000            6         1.00
  1036.00000     0.100000       329528         1.11
  1048.00000     0.200000      1052703         1.25
  1048.00000     0.300000      1052703         1.43
  1048.00000     0.400000      1052703         1.67
  1048.00000     0.500000      1052703         2.00
  1060.00000     0.550000      1619856         2.22
  1060.00000     0.600000      1619856         2.50
  1060.00000     0.650000      1619856         2.86
  1060.00000     0.700000      1619856         3.33
  1060.00000     0.750000      1619856         4.00
  1060.00000     0.775000      1619856         4.44
  1060.00000     0.800000      1619856         5.00
  1073.00000     0.825000      1804186         5.71
  1073.00000     0.850000      1804186         6.67
  1073.00000     0.875000      1804186         8.00
  1073.00000     0.887500      1804186         8.89
  1073.00000     0.900000      1804186        10.00
  1085.00000     0.912500      1841363        11.43
  1085.00000     0.925000      1841363        13.33
  1122.00000     0.937500      1866892        16.00
  1171.00000     0.943750      1877086        17.78
  1282.00000     0.950000      1890935        20.00
  1332.00000     0.956250      1902175        22.86
  1381.00000     0.962500      1913729        26.67
  1455.00000     0.968750      1928194        32.00
  1480.00000     0.971875      1935024        35.56
  1492.00000     0.975000      1939022        40.00
  1517.00000     0.978125      1946566        45.71
  1541.00000     0.981250      1952577        53.33
  1566.00000     0.984375      1957171        64.00
  1591.00000     0.985938      1961024        71.11
  1615.00000     0.987500      1964699        80.00
  1640.00000     0.989062      1967550        91.43
  1665.00000     0.990625      1969838       106.67
  1702.00000     0.992188      1972895       128.00
  1726.00000     0.992969      1974604       142.22
  1751.00000     0.993750      1976235       160.00
  1776.00000     0.994531      1977744       182.86
  1800.00000     0.995313      1978870       213.33
  1911.00000     0.996094      1980378       256.00
  2109.00000     0.996484      1981155       284.44
  2380.00000     0.996875      1981943       320.00
  2725.00000     0.997266      1982713       365.71
  3515.00000     0.997656      1983479       426.67
  5525.00000     0.998047      1984246       512.00
  5833.00000     0.998242      1984638       568.89
  6006.00000     0.998437      1985023       640.00
  6154.00000     0.998633      1985416       731.43
  6314.00000     0.998828      1985833       853.33
  6450.00000     0.999023      1986210      1024.00
  6524.00000     0.999121      1986427      1137.78
  6586.00000     0.999219      1986609      1280.00
  6647.00000     0.999316      1986784      1462.86
  6734.00000     0.999414      1986978      1706.67
  6832.00000     0.999512      1987161      2048.00
  6894.00000     0.999561      1987258      2275.56
  6980.00000     0.999609      1987362      2560.00
  7067.00000     0.999658      1987451      2925.71
  7190.00000     0.999707      1987549      3413.33
  7338.00000     0.999756      1987645      4096.00
  7424.00000     0.999780      1987694      4551.11
  7597.00000     0.999805      1987743      5120.00
  7720.00000     0.999829      1987790      5851.43
  7967.00000     0.999854      1987839      6826.67
  8238.00000     0.999878      1987887      8192.00
  8522.00000     0.999890      1987911      9102.22
  8855.00000     0.999902      1987936     10240.00
  9139.00000     0.999915      1987960     11702.86
  9546.00000     0.999927      1987985     13653.33
 10150.00000     0.999939      1988009     16384.00
 10372.00000     0.999945      1988020     18204.44
 10693.00000     0.999951      1988032     20480.00
 11260.00000     0.999957      1988045     23405.71
 11494.00000     0.999963      1988057     27306.67
 12666.00000     0.999969      1988069     32768.00
 12925.00000     0.999973      1988075     36408.89
 13443.00000     0.999976      1988081     40960.00
 14035.00000     0.999979      1988087     46811.43
 15392.00000     0.999982      1988093     54613.33
 17131.00000     0.999985      1988100     65536.00
 18315.00000     0.999986      1988102     72817.78
 19104.00000     0.999988      1988105     81920.00
 19967.00000     0.999989      1988108     93622.86
 20485.00000     0.999991      1988111    109226.67
 21053.00000     0.999992      1988114    131072.00
 21632.00000     0.999993      1988116    145635.56
 21731.00000     0.999994      1988117    163840.00
 29267.00000     0.999995      1988119    187245.71
 30525.00000     0.999995      1988120    218453.33
 36987.00000     0.999996      1988122    262144.00
 38985.00000     0.999997      1988123    291271.11
 38985.00000     0.999997      1988123    327680.00
 41131.00000     0.999997      1988124    374491.43
 42143.00000     0.999998      1988125    436906.67
 42562.00000     0.999998      1988126    524288.00
 42562.00000     0.999998      1988126    582542.22
 42562.00000     0.999998      1988126    655360.00
 74074.00000     0.999999      1988127    748982.86
 74074.00000     0.999999      1988127    873813.33
121816.00000     0.999999      1988128   1048576.00
121816.00000     0.999999      1988128   1165084.44
121816.00000     0.999999      1988128   1310720.00
121816.00000     0.999999      1988128   1497965.71
121816.00000     0.999999      1988128   1747626.67
122988.00000     1.000000      1988129   2097152.00
122988.00000     1.000000      1988129          inf
#[Mean    =     1089.835, StdDeviation   =      326.166]
#[Max     =   122988.000, Total count    =      1988129]
#[Buckets =           13, SubBuckets     =       262144]
       Value   Percentile   TotalCount 1/(1-Percentile)

     0.00000     0.000000       100078         1.00
    12.00000     0.100000      1512922         1.11
    12.00000     0.200000      1512922         1.25
    12.00000     0.300000      1512922         1.43
    12.00000     0.400000      1512922         1.67
    12.00000     0.500000      1512922         2.00
    12.00000     0.550000      1512922         2.22
    12.00000     0.600000      1512922         2.50
    12.00000     0.650000      1512922         2.86
    12.00000     0.700000      1512922         3.33
    12.00000     0.750000      1512922         4.00
    24.00000     0.775000      1980648         4.44
    24.00000     0.800000      1980648         5.00
    24.00000     0.825000      1980648         5.71
    24.00000     0.850000      1980648         6.67
    24.00000     0.875000      1980648         8.00
    24.00000     0.887500      1980648         8.89
    24.00000     0.900000      1980648        10.00
    24.00000     0.912500      1980648        11.43
    24.00000     0.925000      1980648        13.33
    24.00000     0.937500      1980648        16.00
    24.00000     0.943750      1980648        17.78
    24.00000     0.950000      1980648        20.00
    24.00000     0.956250      1980648        22.86
    24.00000     0.962500      1980648        26.67
    24.00000     0.968750      1980648        32.00
    24.00000     0.971875      1980648        35.56
    24.00000     0.975000      1980648        40.00
    24.00000     0.978125      1980648        45.71
    24.00000     0.981250      1980648        53.33
    24.00000     0.984375      1980648        64.00
    24.00000     0.985938      1980648        71.11
    24.00000     0.987500      1980648        80.00
    24.00000     0.989062      1980648        91.43
    24.00000     0.990625      1980648       106.67
    24.00000     0.992188      1980648       128.00
    24.00000     0.992969      1980648       142.22
    24.00000     0.993750      1980648       160.00
    24.00000     0.994531      1980648       182.86
    24.00000     0.995313      1980648       213.33
    24.00000     0.996094      1980648       256.00
    37.00000     0.996484      1986179       284.44
    37.00000     0.996875      1986179       320.00
    37.00000     0.997266      1986179       365.71
    37.00000     0.997656      1986179       426.67
    37.00000     0.998047      1986179       512.00
    37.00000     0.998242      1986179       568.89
    37.00000     0.998437      1986179       640.00
    37.00000     0.998633      1986179       731.43
    37.00000     0.998828      1986179       853.33
    49.00000     0.999023      1987626      1024.00
    49.00000     0.999121      1987626      1137.78
    49.00000     0.999219      1987626      1280.00
    49.00000     0.999316      1987626      1462.86
    49.00000     0.999414      1987626      1706.67
    49.00000     0.999512      1987626      2048.00
    49.00000     0.999561      1987626      2275.56
    49.00000     0.999609      1987626      2560.00
    49.00000     0.999658      1987626      2925.71
    49.00000     0.999707      1987626      3413.33
    61.00000     0.999756      1987980      4096.00
    61.00000     0.999780      1987980      4551.11
    61.00000     0.999805      1987980      5120.00
    61.00000     0.999829      1987980      5851.43
    61.00000     0.999854      1987980      6826.67
    61.00000     0.999878      1987980      8192.00
    61.00000     0.999890      1987980      9102.22
    61.00000     0.999902      1987980     10240.00
    61.00000     0.999915      1987980     11702.86
    74.00000     0.999927      1988038     13653.33
    74.00000     0.999939      1988038     16384.00
    74.00000     0.999945      1988038     18204.44
    74.00000     0.999951      1988038     20480.00
    86.00000     0.999957      1988064     23405.71
    86.00000     0.999963      1988064     27306.67
    98.00000     0.999969      1988070     32768.00
   111.00000     0.999973      1988076     36408.89
   135.00000     0.999976      1988085     40960.00
   148.00000     0.999979      1988090     46811.43
   160.00000     0.999982      1988095     54613.33
   185.00000     0.999985      1988099     65536.00
   222.00000     0.999986      1988102     72817.78
   308.00000     0.999988      1988108     81920.00
   308.00000     0.999989      1988108     93622.86
   320.00000     0.999991      1988111    109226.67
   394.00000     0.999992      1988114    131072.00
   592.00000     0.999993      1988116    145635.56
   604.00000     0.999994      1988117    163840.00
   826.00000     0.999995      1988119    187245.71
   949.00000     0.999995      1988121    218453.33
  1122.00000     0.999996      1988122    262144.00
  3206.00000     0.999997      1988123    291271.11
  3206.00000     0.999997      1988123    327680.00
  3786.00000     0.999997      1988124    374491.43
  4193.00000     0.999998      1988125    436906.67
  4316.00000     0.999998      1988126    524288.00
  4316.00000     0.999998      1988126    582542.22
  4316.00000     0.999998      1988126    655360.00
  5217.00000     0.999999      1988127    748982.86
  5217.00000     0.999999      1988127    873813.33
  6080.00000     0.999999      1988128   1048576.00
  6080.00000     0.999999      1988128   1165084.44
  6080.00000     0.999999      1988128   1310720.00
  6080.00000     0.999999      1988128   1497965.71
  6080.00000     0.999999      1988128   1747626.67
  6869.00000     1.000000      1988129   2097152.00
  6869.00000     1.000000      1988129          inf
#[Mean    =       14.351, StdDeviation   =       11.340]
#[Max     =     6869.000, Total count    =      1988129]
#[Buckets =           13, SubBuckets     =       262144]
       Value   Percentile   TotalCount 1/(1-Percentile)

    74.00000     0.000000          122         1.00
    98.00000     0.100000       635092         1.11
    98.00000     0.200000       635092         1.25
    98.00000     0.300000       635092         1.43
   111.00000     0.400000      1519296         1.67
   111.00000     0.500000      1519296         2.00
   111.00000     0.550000      1519296         2.22
   111.00000     0.600000      1519296         2.50
   111.00000     0.650000      1519296         2.86
   111.00000     0.700000      1519296         3.33
   111.00000     0.750000      1519296         4.00
   123.00000     0.775000      1721645         4.44
   123.00000     0.800000      1721645         5.00
   123.00000     0.825000      1721645         5.71
   123.00000     0.850000      1721645         6.67
   135.00000     0.875000      1953254         8.00
   135.00000     0.887500      1953254         8.89
   135.00000     0.900000      1953254        10.00
   135.00000     0.912500      1953254        11.43
   135.00000     0.925000      1953254        13.33
   135.00000     0.937500      1953254        16.00
   135.00000     0.943750      1953254        17.78
   135.00000     0.950000      1953254        20.00
   135.00000     0.956250      1953254        22.86
   135.00000     0.962500      1953254        26.67
   135.00000     0.968750      1953254        32.00
   135.00000     0.971875      1953254        35.56
   135.00000     0.975000      1953254        40.00
   135.00000     0.978125      1953254        45.71
   135.00000     0.981250      1953254        53.33
   148.00000     0.984375      1975957        64.00
   148.00000     0.985938      1975957        71.11
   148.00000     0.987500      1975957        80.00
   148.00000     0.989062      1975957        91.43
   148.00000     0.990625      1975957       106.67
   148.00000     0.992188      1975957       128.00
   148.00000     0.992969      1975957       142.22
   148.00000     0.993750      1975957       160.00
   160.00000     0.994531      1978389       182.86
   172.00000     0.995313      1979329       213.33
   209.00000     0.996094      1980600       256.00
   246.00000     0.996484      1981321       284.44
   296.00000     0.996875      1981939       320.00
   370.00000     0.997266      1982756       365.71
   444.00000     0.997656      1983520       426.67
   530.00000     0.998047      1984299       512.00
   579.00000     0.998242      1984645       568.89
   641.00000     0.998437      1985069       640.00
   703.00000     0.998633      1985426       731.43
   777.00000     0.998828      1985821       853.33
   875.00000     0.999023      1986221      1024.00
   925.00000     0.999121      1986384      1137.78
   999.00000     0.999219      1986578      1280.00
  1085.00000     0.999316      1986783      1462.86
  1196.00000     0.999414      1986970      1706.67
  1319.00000     0.999512      1987159      2048.00
  1418.00000     0.999561      1987272      2275.56
  1529.00000     0.999609      1987357      2560.00
  1751.00000     0.999658      1987450      2925.71
  2318.00000     0.999707      1987547      3413.33
  3613.00000     0.999756      1987644      4096.00
  4181.00000     0.999780      1987695      4551.11
  4958.00000     0.999805      1987741      5120.00
  6240.00000     0.999829      1987790      5851.43
  8201.00000     0.999854      1987838      6826.67
 10310.00000     0.999878      1987887      8192.00
 11877.00000     0.999890      1987911      9102.22
 13147.00000     0.999902      1987935     10240.00
 15811.00000     0.999915      1987960     11702.86
 20177.00000     0.999927      1987984     13653.33
 25838.00000     0.999939      1988008     16384.00
 29328.00000     0.999945      1988020     18204.44
 32991.00000     0.999951      1988032     20480.00
 37308.00000     0.999957      1988045     23405.71
 41440.00000     0.999963      1988057     27306.67
 46015.00000     0.999969      1988069     32768.00
 50480.00000     0.999973      1988075     36408.89
 53391.00000     0.999976      1988081     40960.00
 56659.00000     0.999979      1988087     46811.43
 63060.00000     0.999982      1988093     54613.33
 69745.00000     0.999985      1988099     65536.00
 73963.00000     0.999986      1988102     72817.78
 76540.00000     0.999988      1988105     81920.00
 82275.00000     0.999989      1988108     93622.86
 86789.00000     0.999991      1988111    109226.67
 92734.00000     0.999992      1988114    131072.00
 95423.00000     0.999993      1988116    145635.56
 99949.00000     0.999994      1988117    163840.00
107953.00000     0.999995      1988119    187245.71
108681.00000     0.999995      1988120    218453.33
113935.00000     0.999996      1988122    262144.00
114490.00000     0.999997      1988123    291271.11
114490.00000     0.999997      1988123    327680.00
119115.00000     0.999997      1988124    374491.43
121162.00000     0.999998      1988125    436906.67
123234.00000     0.999998      1988126    524288.00
123234.00000     0.999998      1988126    582542.22
123234.00000     0.999998      1988126    655360.00
127909.00000     0.999999      1988127    748982.86
127909.00000     0.999999      1988127    873813.33
129746.00000     0.999999      1988128   1048576.00
129746.00000     0.999999      1988128   1165084.44
129746.00000     0.999999      1988128   1310720.00
129746.00000     0.999999      1988128   1497965.71
129746.00000     0.999999      1988128   1747626.67
142635.00000     1.000000      1988129   2097152.00
142635.00000     1.000000      1988129          inf
#[Mean    =      118.366, StdDeviation   =      510.960]
#[Max     =   142635.000, Total count    =      1988129]
#[Buckets =           13, SubBuckets     =       262144]
       Value   Percentile   TotalCount 1/(1-Percentile)

     0.00000     0.000000        16023         1.00
    37.00000     0.100000       441900         1.11
    37.00000     0.200000       441900         1.25
    49.00000     0.300000       793787         1.43
    61.00000     0.400000       856293         1.67
   111.00000     0.500000      1047751         2.00
   123.00000     0.550000      1113272         2.22
   148.00000     0.600000      1252073         2.50
   160.00000     0.650000      1325428         2.86
   185.00000     0.700000      1447041         3.33
   197.00000     0.750000      1497715         4.00
   209.00000     0.775000      1543578         4.44
   234.00000     0.800000      1623467         5.00
   246.00000     0.825000      1658546         5.71
   271.00000     0.850000      1717449         6.67
   283.00000     0.875000      1741626         8.00
   308.00000     0.887500      1782013         8.89
   320.00000     0.900000      1798534        10.00
   345.00000     0.912500      1825991        11.43
   370.00000     0.925000      1848143        13.33
   394.00000     0.937500      1866505        16.00
   419.00000     0.943750      1883063        17.78
   431.00000     0.950000      1890810        20.00
   456.00000     0.956250      1904257        22.86
   481.00000     0.962500      1915125        26.67
   518.00000     0.968750      1927720        32.00
   542.00000     0.971875      1934460        35.56
   567.00000     0.975000      1940055        40.00
   592.00000     0.978125      1944743        45.71
   641.00000     0.981250      1951686        53.33
   703.00000     0.984375      1957497        64.00
   740.00000     0.985938      1960261        71.11
   801.00000     0.987500      1963441        80.00
   888.00000     0.989062      1966677        91.43
  1036.00000     0.990625      1969540       106.67
  1480.00000     0.992188      1972618       128.00
  1763.00000     0.992969      1974193       142.22
  2244.00000     0.993750      1975722       160.00
  3071.00000     0.994531      1977298       182.86
  3182.00000     0.995313      1978885       213.33
  3268.00000     0.996094      1980451       256.00
  3317.00000     0.996484      1981267       284.44
  3379.00000     0.996875      1981997       320.00
  3465.00000     0.997266      1982745       365.71
  3589.00000     0.997656      1983500       426.67
  3811.00000     0.998047      1984274       512.00
  3971.00000     0.998242      1984654       568.89
  4181.00000     0.998437      1985024       640.00
  4415.00000     0.998633      1985415       731.43
  4686.00000     0.998828      1985800       853.33
  5044.00000     0.999023      1986197      1024.00
  5254.00000     0.999121      1986382      1137.78
  5513.00000     0.999219      1986582      1280.00
  5772.00000     0.999316      1986772      1462.86
  6092.00000     0.999414      1986971      1706.67
  6425.00000     0.999512      1987160      2048.00
  6610.00000     0.999561      1987258      2275.56
  6771.00000     0.999609      1987354      2560.00
  6906.00000     0.999658      1987454      2925.71
  7091.00000     0.999707      1987553      3413.33
  7350.00000     0.999756      1987645      4096.00
  7486.00000     0.999780      1987693      4551.11
  7659.00000     0.999805      1987743      5120.00
  7819.00000     0.999829      1987792      5851.43
  7992.00000     0.999854      1987840      6826.67
  8337.00000     0.999878      1987890      8192.00
  8497.00000     0.999890      1987913      9102.22
  8781.00000     0.999902      1987935     10240.00
  9040.00000     0.999915      1987960     11702.86
  9422.00000     0.999927      1987984     13653.33
  9953.00000     0.999939      1988008     16384.00
 10273.00000     0.999945      1988020     18204.44
 10705.00000     0.999951      1988032     20480.00
 11186.00000     0.999957      1988045     23405.71
 12062.00000     0.999963      1988057     27306.67
 15059.00000     0.999969      1988069     32768.00
 16662.00000     0.999973      1988075     36408.89
 17291.00000     0.999976      1988081     40960.00
 19819.00000     0.999979      1988087     46811.43
 24161.00000     0.999982      1988093     54613.33
 31610.00000     0.999985      1988099     65536.00
 38258.00000     0.999986      1988102     72817.78
 40194.00000     0.999988      1988105     81920.00
 42562.00000     0.999989      1988108     93622.86
 45880.00000     0.999991      1988111    109226.67
 48174.00000     0.999992      1988114    131072.00
 51738.00000     0.999993      1988116    145635.56
 52108.00000     0.999994      1988117    163840.00
 59175.00000     0.999995      1988119    187245.71
 62394.00000     0.999995      1988120    218453.33
 66156.00000     0.999996      1988122    262144.00
 71817.00000     0.999997      1988123    291271.11
 71817.00000     0.999997      1988123    327680.00
 81622.00000     0.999997      1988124    374491.43
113886.00000     0.999998      1988125    436906.67
120595.00000     0.999998      1988126    524288.00
120595.00000     0.999998      1988126    582542.22
120595.00000     0.999998      1988126    655360.00
125861.00000     0.999999      1988127    748982.86
125861.00000     0.999999      1988127    873813.33
141722.00000     0.999999      1988128   1048576.00
141722.00000     0.999999      1988128   1165084.44
141722.00000     0.999999      1988128   1310720.00
141722.00000     0.999999      1988128   1497965.71
141722.00000     0.999999      1988128   1747626.67
149060.00000     1.000000      1988129   2097152.00
149060.00000     1.000000      1988129          inf
#[Mean    =      171.064, StdDeviation   =      453.655]
#[Max     =   149060.000, Total count    =      1988129]
#[Buckets =           13, SubBuckets     =       262144]
       Value   Percentile   TotalCount 1/(1-Percentile)

    86.00000     0.000000           13         1.00
   172.00000     0.100000       260583         1.11
   197.00000     0.200000       478505         1.25
   222.00000     0.300000       686245         1.43
   246.00000     0.400000       898224         1.67
   259.00000     0.500000      1006291         2.00
   271.00000     0.550000      1114870         2.22
   283.00000     0.600000      1223404         2.50
   296.00000     0.650000      1332533         2.86
   308.00000     0.700000      1441942         3.33
   320.00000     0.750000      1549506         4.00
   320.00000     0.775000      1549506         4.44
   333.00000     0.800000      1651498         5.00
   333.00000     0.825000      1651498         5.71
   345.00000     0.850000      1738445         6.67
   357.00000     0.875000      1804340         8.00
   357.00000     0.887500      1804340         8.89
   357.00000     0.900000      1804340        10.00
   370.00000     0.912500      1845152        11.43
   370.00000     0.925000      1845152        13.33
   382.00000     0.937500      1887865        16.00
   382.00000     0.943750      1887865        17.78
   394.00000     0.950000      1912096        20.00
   394.00000     0.956250      1912096        22.86
   407.00000     0.962500      1923054        26.67
   419.00000     0.968750      1930684        32.00
   431.00000     0.971875      1937101        35.56
   444.00000     0.975000      1942409        40.00
   456.00000     0.978125      1946483        45.71
   481.00000     0.981250      1951567        53.33
   542.00000     0.984375      1957200        64.00
   629.00000     0.985938      1960258        71.11
   764.00000     0.987500      1963378        80.00
   937.00000     0.989062      1966434        91.43
  1023.00000     0.990625      1969522       106.67
  1208.00000     0.992188      1972687       128.00
  1344.00000     0.992969      1974220       142.22
  1492.00000     0.993750      1975713       160.00
  1677.00000     0.994531      1977364       182.86
  1800.00000     0.995313      1978836       213.33
  2183.00000     0.996094      1980393       256.00
  2392.00000     0.996484      1981155       284.44
  2627.00000     0.996875      1981928       320.00
  2960.00000     0.997266      1982702       365.71
  3391.00000     0.997656      1983478       426.67
  3983.00000     0.998047      1984253       512.00
  4366.00000     0.998242      1984641       568.89
  4847.00000     0.998437      1985023       640.00
  5278.00000     0.998633      1985411       731.43
  5550.00000     0.998828      1985816       853.33
  5907.00000     0.999023      1986190      1024.00
  6228.00000     0.999121      1986387      1137.78
  6623.00000     0.999219      1986577      1280.00
  7116.00000     0.999316      1986770      1462.86
  8152.00000     0.999414      1986965      1706.67
  9632.00000     0.999512      1987159      2048.00
 10668.00000     0.999561      1987256      2275.56
 12025.00000     0.999609      1987354      2560.00
 14183.00000     0.999658      1987450      2925.71
 17451.00000     0.999707      1987547      3413.33
 23791.00000     0.999756      1987644      4096.00
 28860.00000     0.999780      1987693      4551.11
 33411.00000     0.999805      1987741      5120.00
 39343.00000     0.999829      1987790      5851.43
 45818.00000     0.999854      1987838      6826.67
 56400.00000     0.999878      1987887      8192.00
 63640.00000     0.999890      1987911      9102.22
 73149.00000     0.999902      1987935     10240.00
 89330.00000     0.999915      1987960     11702.86
106584.00000     0.999927      1987984     13653.33
125282.00000     0.999939      1988008     16384.00
139132.00000     0.999945      1988020     18204.44
144608.00000     0.999951      1988032     20480.00
159642.00000     0.999957      1988045     23405.71
178747.00000     0.999963      1988057     27306.67
203796.00000     0.999969      1988069     32768.00
211911.00000     0.999973      1988075     36408.89
229005.00000     0.999976      1988081     40960.00
237897.00000     0.999979      1988087     46811.43
255435.00000     0.999982      1988093     54613.33
276451.00000     0.999985      1988099     65536.00
280743.00000     0.999986      1988102     72817.78
295803.00000     0.999988      1988105     81920.00
300219.00000     0.999989      1988108     93622.86
306015.00000     0.999991      1988111    109226.67
325809.00000     0.999992      1988114    131072.00
333321.00000     0.999993      1988116    145635.56
334727.00000     0.999994      1988117    163840.00
352265.00000     0.999995      1988119    187245.71
355027.00000     0.999995      1988120    218453.33
365769.00000     0.999996      1988122    262144.00
368063.00000     0.999997      1988123    291271.11
368063.00000     0.999997      1988123    327680.00
378807.00000     0.999997      1988124    374491.43
393445.00000     0.999998      1988125    436906.67
416595.00000     0.999998      1988126    524288.00
416595.00000     0.999998      1988126    582542.22
416595.00000     0.999998      1988126    655360.00
419715.00000     0.999999      1988127    748982.86
419715.00000     0.999999      1988127    873813.33
449131.00000     0.999999      1988128   1048576.00
449131.00000     0.999999      1988128   1165084.44
449131.00000     0.999999      1988128   1310720.00
449131.00000     0.999999      1988128   1497965.71
449131.00000     0.999999      1988128   1747626.67
488993.00000     1.000000      1988129   2097152.00
488993.00000     1.000000      1988129          inf
#[Mean    =      312.309, StdDeviation   =     2035.134]
#[Max     =   488993.000, Total count    =      1988129]
#[Buckets =           13, SubBuckets     =       262144]
       Value   Percentile   TotalCount 1/(1-Percentile)

     0.00000     0.000000       289134         1.00
     0.00000     0.100000       289134         1.11
    12.00000     0.200000      1947495         1.25
    12.00000     0.300000      1947495         1.43
    12.00000     0.400000      1947495         1.67
    12.00000     0.500000      1947495         2.00
    12.00000     0.550000      1947495         2.22
    12.00000     0.600000      1947495         2.50
    12.00000     0.650000      1947495         2.86
    12.00000     0.700000      1947495         3.33
    12.00000     0.750000      1947495         4.00
    12.00000     0.775000      1947495         4.44
    12.00000     0.800000      1947495         5.00
    12.00000     0.825000      1947495         5.71
    12.00000     0.850000      1947495         6.67
    12.00000     0.875000      1947495         8.00
    12.00000     0.887500      1947495         8.89
    12.00000     0.900000      1947495        10.00
    12.00000     0.912500      1947495        11.43
    12.00000     0.925000      1947495        13.33
    12.00000     0.937500      1947495        16.00
    12.00000     0.943750      1947495        17.78
    12.00000     0.950000      1947495        20.00
    12.00000     0.956250      1947495        22.86
    12.00000     0.962500      1947495        26.67
    12.00000     0.968750      1947495        32.00
    12.00000     0.971875      1947495        35.56
    12.00000     0.975000      1947495        40.00
    12.00000     0.978125      1947495        45.71
    24.00000     0.981250      1981937        53.33
    24.00000     0.984375      1981937        64.00
    24.00000     0.985938      1981937        71.11
    24.00000     0.987500      1981937        80.00
    24.00000     0.989062      1981937        91.43
    24.00000     0.990625      1981937       106.67
    24.00000     0.992188      1981937       128.00
    24.00000     0.992969      1981937       142.22
    24.00000     0.993750      1981937       160.00
    24.00000     0.994531      1981937       182.86
    24.00000     0.995313      1981937       213.33
    24.00000     0.996094      1981937       256.00
    24.00000     0.996484      1981937       284.44
    24.00000     0.996875      1981937       320.00
    37.00000     0.997266      1985047       365.71
    37.00000     0.997656      1985047       426.67
    37.00000     0.998047      1985047       512.00
    37.00000     0.998242      1985047       568.89
    37.00000     0.998437      1985047       640.00
    49.00000     0.998633      1986497       731.43
    49.00000     0.998828      1986497       853.33
    49.00000     0.999023      1986497      1024.00
    49.00000     0.999121      1986497      1137.78
    61.00000     0.999219      1986904      1280.00
    61.00000     0.999316      1986904      1462.86
    74.00000     0.999414      1987094      1706.67
    86.00000     0.999512      1987181      2048.00
   111.00000     0.999561      1987351      2275.56
   123.00000     0.999609      1987410      2560.00
   135.00000     0.999658      1987457      2925.71
   160.00000     0.999707      1987561      3413.33
   197.00000     0.999756      1987665      4096.00
   209.00000     0.999780      1987693      4551.11
   271.00000     0.999805      1987747      5120.00
   333.00000     0.999829      1987802      5851.43
   394.00000     0.999854      1987840      6826.67
   481.00000     0.999878      1987887      8192.00
   542.00000     0.999890      1987924      9102.22
   567.00000     0.999902      1987939     10240.00
   616.00000     0.999915      1987968     11702.86
   641.00000     0.999927      1987984     13653.33
   715.00000     0.999939      1988008     16384.00
   752.00000     0.999945      1988020     18204.44
   789.00000     0.999951      1988034     20480.00
   875.00000     0.999957      1988046     23405.71
   999.00000     0.999963      1988057     27306.67
  4427.00000     0.999969      1988069     32768.00
  5032.00000     0.999973      1988075     36408.89
  5130.00000     0.999976      1988082     40960.00
  5180.00000     0.999979      1988087     46811.43
  5241.00000     0.999982      1988093     54613.33
  5303.00000     0.999985      1988099     65536.00
  5340.00000     0.999986      1988102     72817.78
  5389.00000     0.999988      1988105     81920.00
  5426.00000     0.999989      1988108     93622.86
  5512.00000     0.999991      1988111    109226.67
  5673.00000     0.999992      1988114    131072.00
  5722.00000     0.999993      1988116    145635.56
  5809.00000     0.999994      1988117    163840.00
  5858.00000     0.999995      1988119    187245.71
  6018.00000     0.999995      1988120    218453.33
  6413.00000     0.999996      1988122    262144.00
  6573.00000     0.999997      1988123    291271.11
  6573.00000     0.999997      1988123    327680.00
  6586.00000     0.999997      1988124    374491.43
  6660.00000     0.999998      1988125    436906.67
  6845.00000     0.999998      1988126    524288.00
  6845.00000     0.999998      1988126    582542.22
  6845.00000     0.999998      1988126    655360.00
  6857.00000     0.999999      1988127    748982.86
  6857.00000     0.999999      1988127    873813.33
  6943.00000     0.999999      1988128   1048576.00
  6943.00000     0.999999      1988128   1165084.44
  6943.00000     0.999999      1988128   1310720.00
  6943.00000     0.999999      1988128   1497965.71
  6943.00000     0.999999      1988128   1747626.67
  7979.00000     1.000000      1988129   2097152.00
  7979.00000     1.000000      1988129          inf
#[Mean    =       10.843, StdDeviation   =       32.005]
#[Max     =     7979.000, Total count    =      1988129]
#[Buckets =           13, SubBuckets     =       262144]
       Value   Percentile   TotalCount 1/(1-Percentile)

   629.00000     0.000000            3         1.00
   912.00000     0.100000       352809         1.11
   924.00000     0.200000       429802         1.25
   925.00000     0.300000       974891         1.43
   925.00000     0.400000       974891         1.67
   937.00000     0.500000      1416925         2.00
   937.00000     0.550000      1416925         2.22
   937.00000     0.600000      1416925         2.50
   937.00000     0.650000      1416925         2.86
   937.00000     0.700000      1416925         3.33
   949.00000     0.750000      1582222         4.00
   949.00000     0.775000      1582222         4.44
   961.00000     0.800000      1595248         5.00
   962.00000     0.825000      1664133         5.71
   974.00000     0.850000      1746413         6.67
   974.00000     0.875000      1746413         8.00
   986.00000     0.887500      1803305         8.89
   986.00000     0.900000      1803305        10.00
   999.00000     0.912500      1834376        11.43
  1011.00000     0.925000      1848085        13.33
  1072.00000     0.937500      1863913        16.00
  1159.00000     0.943750      1877106        17.78
  1233.00000     0.950000      1890368        20.00
  1319.00000     0.956250      1903050        22.86
  1393.00000     0.962500      1915198        26.67
  1480.00000     0.968750      1926106        32.00
  1578.00000     0.971875      1932634        35.56
  2355.00000     0.975000      1938455        40.00
  5784.00000     0.978125      1944853        45.71
  5883.00000     0.981250      1951457        53.33
  5932.00000     0.984375      1957225        64.00
  5957.00000     0.985938      1960482        71.11
  5981.00000     0.987500      1963846        80.00
  6006.00000     0.989062      1966977        91.43
  6031.00000     0.990625      1969968       106.67
  6055.00000     0.992188      1972709       128.00
  6080.00000     0.992969      1975145       142.22
  6092.00000     0.993750      1976157       160.00
  6117.00000     0.994531      1977873       182.86
  6142.00000     0.995313      1979293       213.33
  6166.00000     0.996094      1980411       256.00
  6191.00000     0.996484      1981393       284.44
  6216.00000     0.996875      1982137       320.00
  6240.00000     0.997266      1982706       365.71
  6290.00000     0.997656      1983558       426.67
  6351.00000     0.998047      1984334       512.00
  6388.00000     0.998242      1984753       568.89
  6425.00000     0.998437      1985055       640.00
  6487.00000     0.998633      1985457       731.43
  6586.00000     0.998828      1985814       853.33
  6857.00000     0.999023      1986196      1024.00
  7103.00000     0.999121      1986382      1137.78
  7350.00000     0.999219      1986576      1280.00
  7560.00000     0.999316      1986779      1462.86
  7733.00000     0.999414      1986971      1706.67
  7868.00000     0.999512      1987159      2048.00
  7967.00000     0.999561      1987258      2275.56
  8066.00000     0.999609      1987360      2560.00
  8189.00000     0.999658      1987450      2925.71
  8325.00000     0.999707      1987547      3413.33
  8571.00000     0.999756      1987647      4096.00
  8707.00000     0.999780      1987695      4551.11
  8892.00000     0.999805      1987743      5120.00
  9077.00000     0.999829      1987794      5851.43
  9324.00000     0.999854      1987838      6826.67
  9916.00000     0.999878      1987887      8192.00
 10458.00000     0.999890      1987912      9102.22
 11013.00000     0.999902      1987935     10240.00
 11852.00000     0.999915      1987960     11702.86
 13073.00000     0.999927      1987984     13653.33
 15897.00000     0.999939      1988008     16384.00
 17414.00000     0.999945      1988021     18204.44
 18500.00000     0.999951      1988033     20480.00
 20128.00000     0.999957      1988046     23405.71
 23014.00000     0.999963      1988057     27306.67
 24013.00000     0.999969      1988069     32768.00
 24568.00000     0.999973      1988075     36408.89
 25123.00000     0.999976      1988081     40960.00
 25517.00000     0.999979      1988088     46811.43
 25986.00000     0.999982      1988093     54613.33
 26541.00000     0.999985      1988099     65536.00
 27219.00000     0.999986      1988103     72817.78
 27244.00000     0.999988      1988106     81920.00
 27528.00000     0.999989      1988108     93622.86
 28268.00000     0.999991      1988111    109226.67
 30007.00000     0.999992      1988114    131072.00
 30833.00000     0.999993      1988116    145635.56
 30870.00000     0.999994      1988117    163840.00
 33386.00000     0.999995      1988120    187245.71
 33386.00000     0.999995      1988120    218453.33
 34040.00000     0.999996      1988122    262144.00
 34274.00000     0.999997      1988123    291271.11
 34274.00000     0.999997      1988123    327680.00
 35409.00000     0.999997      1988124    374491.43
 38689.00000     0.999998      1988125    436906.67
 44770.00000     0.999998      1988126    524288.00
 44770.00000     0.999998      1988126    582542.22
 44770.00000     0.999998      1988126    655360.00
 45152.00000     0.999999      1988127    748982.86
 45152.00000     0.999999      1988127    873813.33
 69708.00000     0.999999      1988128   1048576.00
 69708.00000     0.999999      1988128   1165084.44
 69708.00000     0.999999      1988128   1310720.00
 69708.00000     0.999999      1988128   1497965.71
 69708.00000     0.999999      1988128   1747626.67
 81856.00000     1.000000      1988129   2097152.00
 81856.00000     1.000000      1988129          inf
#[Mean    =     1074.033, StdDeviation   =      811.102]
#[Max     =    81856.000, Total count    =      1988129]
#[Buckets =           13, SubBuckets     =       262144]

=== EXCHANGE STDERR ===
matching tid: 47195
