=== CLIENT STDERR ===
=== Exchange load generator ===
  clients  : 10
  seed     : 3527114567
  target   : 127.0.0.1:4000
  thread id: 48028
Ctrl-C to stop.


=== Stats ===
  elapsed         : 14.998 s
  requests sent   : 2551388
  ACK responses   : 2551378
  MATCH responses : 1461051
  ERR responses   : 0
  orders in flight: -10
  --- throughput ---
  requests/s      : 170118
  ACK/s           : 170118
  MATCH/s         : 97418
  ERR/s           : 0
  total resp/s    : 170118

=== EXCHANGE STDOUT ===
exchange tid: 48027
inbound thread: 48029
outbound thread: 48030
       Value   Percentile   TotalCount 1/(1-Percentile)

  2084.00000     0.000000            1         1.00
  2380.00000     0.100000       238430         1.11
  2417.00000     0.200000       397149         1.25
  2466.00000     0.300000       646632         1.43
  2503.00000     0.400000       840175         1.67
  2540.00000     0.500000      1014965         2.00
  2565.00000     0.550000      1117508         2.22
  2590.00000     0.600000      1205721         2.50
  2614.00000     0.650000      1282360         2.86
  2651.00000     0.700000      1378869         3.33
  2701.00000     0.750000      1477424         4.00
  2738.00000     0.775000      1532880         4.44
  2775.00000     0.800000      1576041         5.00
  2824.00000     0.825000      1620949         5.71
  2898.00000     0.850000      1672055         6.67
  2984.00000     0.875000      1717567         8.00
  3046.00000     0.887500      1744802         8.89
  3108.00000     0.900000      1767463        10.00
  3194.00000     0.912500      1794187        11.43
  3280.00000     0.925000      1815547        13.33
  3441.00000     0.937500      1841469        16.00
  3552.00000     0.943750      1852644        17.78
  3737.00000     0.950000      1864566        20.00
  4070.00000     0.956250      1877056        22.86
  4921.00000     0.962500      1889086        26.67
  6080.00000     0.968750      1901357        32.00
  7190.00000     0.971875      1907556        35.56
  7387.00000     0.975000      1914353        40.00
  7461.00000     0.978125      1919963        45.71
  7535.00000     0.981250      1926397        53.33
  7609.00000     0.984375      1932784        64.00
  7646.00000     0.985938      1935665        71.11
  7696.00000     0.987500      1938883        80.00
  7745.00000     0.989062      1941478        91.43
  7819.00000     0.990625      1944704       106.67
  7918.00000     0.992188      1947538       128.00
  7992.00000     0.992969      1949049       142.22
  8103.00000     0.993750      1950551       160.00
  8251.00000     0.994531      1951966       182.86
  8522.00000     0.995313      1953543       213.33
  8941.00000     0.996094      1955021       256.00
  9237.00000     0.996484      1955783       284.44
  9546.00000     0.996875      1956578       320.00
  9805.00000     0.997266      1957312       365.71
 10125.00000     0.997656      1958085       426.67
 10594.00000     0.998047      1958854       512.00
 10902.00000     0.998242      1959237       568.89
 11309.00000     0.998437      1959615       640.00
 11889.00000     0.998633      1959997       731.43
 12765.00000     0.998828      1960384       853.33
 14171.00000     0.999023      1960761      1024.00
 15453.00000     0.999121      1960953      1137.78
 17414.00000     0.999219      1961144      1280.00
 20609.00000     0.999316      1961337      1462.86
 24802.00000     0.999414      1961527      1706.67
 31622.00000     0.999512      1961719      2048.00
 36210.00000     0.999561      1961815      2275.56
 40737.00000     0.999609      1961911      2560.00
 45769.00000     0.999658      1962007      2925.71
 53465.00000     0.999707      1962102      3413.33
 65416.00000     0.999756      1962198      4096.00
 75800.00000     0.999780      1962246      4551.11
 88047.00000     0.999805      1962294      5120.00
107670.00000     0.999829      1962342      5851.43
132447.00000     0.999854      1962390      6826.67
157151.00000     0.999878      1962438      8192.00
165698.00000     0.999890      1962462      9102.22
183335.00000     0.999902      1962486     10240.00
196963.00000     0.999915      1962510     11702.86
215303.00000     0.999927      1962534     13653.33
235431.00000     0.999939      1962558     16384.00
247443.00000     0.999945      1962570     18204.44
259468.00000     0.999951      1962582     20480.00
276303.00000     0.999957      1962594     23405.71
294299.00000     0.999963      1962606     27306.67
316313.00000     0.999969      1962618     32768.00
325427.00000     0.999973      1962624     36408.89
337045.00000     0.999976      1962630     40960.00
351241.00000     0.999979      1962636     46811.43
366337.00000     0.999982      1962642     54613.33
381593.00000     0.999985      1962648     65536.00
392719.00000     0.999986      1962651     72817.78
404349.00000     0.999988      1962654     81920.00
411811.00000     0.999989      1962657     93622.86
420173.00000     0.999991      1962660    109226.67
441139.00000     0.999992      1962663    131072.00
441855.00000     0.999993      1962664    145635.56
446343.00000     0.999994      1962666    163840.00
449205.00000     0.999995      1962667    187245.71
482209.00000     0.999995      1962669    218453.33
483109.00000     0.999996      1962670    262144.00
485317.00000     0.999997      1962671    291271.11
486045.00000     0.999997      1962672    327680.00
486045.00000     0.999997      1962672    374491.43
495467.00000     0.999998      1962673    436906.67
513177.00000     0.999998      1962674    524288.00
513177.00000     0.999998      1962674    582542.22
519777.00000     0.999998      1962675    655360.00
519777.00000     0.999999      1962675    748982.86
519777.00000     0.999999      1962675    873813.33
549155.00000     0.999999      1962676   1048576.00
549155.00000     0.999999      1962676   1165084.44
549155.00000     0.999999      1962676   1310720.00
549155.00000     0.999999      1962676   1497965.71
549155.00000     0.999999      1962676   1747626.67
571415.00000     1.000000      1962677   2097152.00
571415.00000     1.000000      1962677          inf
#[Mean    =     2853.040, StdDeviation   =     3474.681]
#[Max     =   571415.000, Total count    =      1962677]
#[Buckets =           13, SubBuckets     =       262144]
       Value   Percentile   TotalCount 1/(1-Percentile)

   986.00000     0.000000            1         1.00
  1048.00000     0.100000       647590         1.11
  1048.00000     0.200000       647590         1.25
  1048.00000     0.300000       647590         1.43
  1060.00000     0.400000      1301644         1.67
  1060.00000     0.500000      1301644         2.00
  1060.00000     0.550000      1301644         2.22
  1060.00000     0.600000      1301644         2.50
  1060.00000     0.650000      1301644         2.86
  1073.00000     0.700000      1668929         3.33
  1073.00000     0.750000      1668929         4.00
  1073.00000     0.775000      1668929         4.44
  1073.00000     0.800000      1668929         5.00
  1073.00000     0.825000      1668929         5.71
  1073.00000     0.850000      1668929         6.67
  1085.00000     0.875000      1758740         8.00
  1085.00000     0.887500      1758740         8.89
  1097.00000     0.900000      1775832        10.00
  1122.00000     0.912500      1793798        11.43
  1208.00000     0.925000      1815718        13.33
  1295.00000     0.937500      1841810        16.00
  1319.00000     0.943750      1855877        17.78
  1344.00000     0.950000      1870845        20.00
  1356.00000     0.956250      1877577        22.86
  1393.00000     0.962500      1891521        26.67
  1455.00000     0.968750      1903660        32.00
  1480.00000     0.971875      1909350        35.56
  1504.00000     0.975000      1916438        40.00
  1517.00000     0.978125      1920178        45.71
  1541.00000     0.981250      1926927        53.33
  1566.00000     0.984375      1932203        64.00
  1591.00000     0.985938      1936141        71.11
  1615.00000     0.987500      1939378        80.00
  1640.00000     0.989062      1942129        91.43
  1665.00000     0.990625      1944342       106.67
  1714.00000     0.992188      1947891       128.00
  1739.00000     0.992969      1949312       142.22
  1763.00000     0.993750      1950635       160.00
  1800.00000     0.994531      1952439       182.86
  1837.00000     0.995313      1953522       213.33
  2133.00000     0.996094      1955020       256.00
  2380.00000     0.996484      1955780       284.44
  2639.00000     0.996875      1956568       320.00
  2997.00000     0.997266      1957324       365.71
  3786.00000     0.997656      1958081       426.67
  5735.00000     0.998047      1958851       512.00
  5907.00000     0.998242      1959233       568.89
  6055.00000     0.998437      1959641       640.00
  6203.00000     0.998633      1960016       731.43
  6351.00000     0.998828      1960400       853.33
  6475.00000     0.999023      1960768      1024.00
  6549.00000     0.999121      1960965      1137.78
  6610.00000     0.999219      1961152      1280.00
  6697.00000     0.999316      1961337      1462.86
  6795.00000     0.999414      1961548      1706.67
  6906.00000     0.999512      1961731      2048.00
  6980.00000     0.999561      1961820      2275.56
  7067.00000     0.999609      1961919      2560.00
  7190.00000     0.999658      1962009      2925.71
  7363.00000     0.999707      1962104      3413.33
  7659.00000     0.999756      1962201      4096.00
  7807.00000     0.999780      1962248      4551.11
  7992.00000     0.999805      1962296      5120.00
  8349.00000     0.999829      1962344      5851.43
  8880.00000     0.999854      1962390      6826.67
  9361.00000     0.999878      1962438      8192.00
  9607.00000     0.999890      1962462      9102.22
  9755.00000     0.999902      1962486     10240.00
 10125.00000     0.999915      1962511     11702.86
 10384.00000     0.999927      1962535     13653.33
 10730.00000     0.999939      1962558     16384.00
 11124.00000     0.999945      1962570     18204.44
 11408.00000     0.999951      1962582     20480.00
 11692.00000     0.999957      1962594     23405.71
 12074.00000     0.999963      1962606     27306.67
 12580.00000     0.999969      1962618     32768.00
 13468.00000     0.999973      1962624     36408.89
 13961.00000     0.999976      1962630     40960.00
 14578.00000     0.999979      1962636     46811.43
 16896.00000     0.999982      1962642     54613.33
 18302.00000     0.999985      1962648     65536.00
 18808.00000     0.999986      1962651     72817.78
 19153.00000     0.999988      1962654     81920.00
 20868.00000     0.999989      1962657     93622.86
 21805.00000     0.999991      1962660    109226.67
 23951.00000     0.999992      1962663    131072.00
 24481.00000     0.999993      1962664    145635.56
 25604.00000     0.999994      1962666    163840.00
 27466.00000     0.999995      1962667    187245.71
 58743.00000     0.999995      1962669    218453.33
 58793.00000     0.999996      1962670    262144.00
 62887.00000     0.999997      1962671    291271.11
 67031.00000     0.999997      1962672    327680.00
 67031.00000     0.999997      1962672    374491.43
 70176.00000     0.999998      1962673    436906.67
 83287.00000     0.999998      1962674    524288.00
 83287.00000     0.999998      1962674    582542.22
110691.00000     0.999998      1962675    655360.00
110691.00000     0.999999      1962675    748982.86
110691.00000     0.999999      1962675    873813.33
175688.00000     0.999999      1962676   1048576.00
175688.00000     0.999999      1962676   1165084.44
175688.00000     0.999999      1962676   1310720.00
175688.00000     0.999999      1962676   1497965.71
175688.00000     0.999999      1962676   1747626.67
176194.00000     1.000000      1962677   2097152.00
176194.00000     1.000000      1962677          inf
#[Mean    =     1102.571, StdDeviation   =      377.968]
#[Max     =   176194.000, Total count    =      1962677]
#[Buckets =           13, SubBuckets     =       262144]
       Value   Percentile   TotalCount 1/(1-Percentile)

     0.00000     0.000000       105860         1.00
    12.00000     0.100000      1474450         1.11
    12.00000     0.200000      1474450         1.25
    12.00000     0.300000      1474450         1.43
    12.00000     0.400000      1474450         1.67
    12.00000     0.500000      1474450         2.00
    12.00000     0.550000      1474450         2.22
    12.00000     0.600000      1474450         2.50
    12.00000     0.650000      1474450         2.86
    12.00000     0.700000      1474450         3.33
    12.00000     0.750000      1474450         4.00
    24.00000     0.775000      1954940         4.44
    24.00000     0.800000      1954940         5.00
    24.00000     0.825000      1954940         5.71
    24.00000     0.850000      1954940         6.67
    24.00000     0.875000      1954940         8.00
    24.00000     0.887500      1954940         8.89
    24.00000     0.900000      1954940        10.00
    24.00000     0.912500      1954940        11.43
    24.00000     0.925000      1954940        13.33
    24.00000     0.937500      1954940        16.00
    24.00000     0.943750      1954940        17.78
    24.00000     0.950000      1954940        20.00
    24.00000     0.956250      1954940        22.86
    24.00000     0.962500      1954940        26.67
    24.00000     0.968750      1954940        32.00
    24.00000     0.971875      1954940        35.56
    24.00000     0.975000      1954940        40.00
    24.00000     0.978125      1954940        45.71
    24.00000     0.981250      1954940        53.33
    24.00000     0.984375      1954940        64.00
    24.00000     0.985938      1954940        71.11
    24.00000     0.987500      1954940        80.00
    24.00000     0.989062      1954940        91.43
    24.00000     0.990625      1954940       106.67
    24.00000     0.992188      1954940       128.00
    24.00000     0.992969      1954940       142.22
    24.00000     0.993750      1954940       160.00
    24.00000     0.994531      1954940       182.86
    24.00000     0.995313      1954940       213.33
    37.00000     0.996094      1960710       256.00
    37.00000     0.996484      1960710       284.44
    37.00000     0.996875      1960710       320.00
    37.00000     0.997266      1960710       365.71
    37.00000     0.997656      1960710       426.67
    37.00000     0.998047      1960710       512.00
    37.00000     0.998242      1960710       568.89
    37.00000     0.998437      1960710       640.00
    37.00000     0.998633      1960710       731.43
    37.00000     0.998828      1960710       853.33
    49.00000     0.999023      1962096      1024.00
    49.00000     0.999121      1962096      1137.78
    49.00000     0.999219      1962096      1280.00
    49.00000     0.999316      1962096      1462.86
    49.00000     0.999414      1962096      1706.67
    49.00000     0.999512      1962096      2048.00
    49.00000     0.999561      1962096      2275.56
    49.00000     0.999609      1962096      2560.00
    49.00000     0.999658      1962096      2925.71
    61.00000     0.999707      1962503      3413.33
    61.00000     0.999756      1962503      4096.00
    61.00000     0.999780      1962503      4551.11
    61.00000     0.999805      1962503      5120.00
    61.00000     0.999829      1962503      5851.43
    61.00000     0.999854      1962503      6826.67
    61.00000     0.999878      1962503      8192.00
    61.00000     0.999890      1962503      9102.22
    61.00000     0.999902      1962503     10240.00
    74.00000     0.999915      1962580     11702.86
    74.00000     0.999927      1962580     13653.33
    74.00000     0.999939      1962580     16384.00
    74.00000     0.999945      1962580     18204.44
    86.00000     0.999951      1962599     20480.00
    86.00000     0.999957      1962599     23405.71
    98.00000     0.999963      1962614     27306.67
   111.00000     0.999969      1962623     32768.00
   123.00000     0.999973      1962627     36408.89
   148.00000     0.999976      1962638     40960.00
   148.00000     0.999979      1962638     46811.43
   160.00000     0.999982      1962645     54613.33
   209.00000     0.999985      1962651     65536.00
   209.00000     0.999986      1962651     72817.78
   246.00000     0.999988      1962654     81920.00
   296.00000     0.999989      1962657     93622.86
   308.00000     0.999991      1962661    109226.67
   320.00000     0.999992      1962665    131072.00
   320.00000     0.999993      1962665    145635.56
   333.00000     0.999994      1962667    163840.00
   333.00000     0.999995      1962667    187245.71
   493.00000     0.999995      1962669    218453.33
   925.00000     0.999996      1962670    262144.00
  1171.00000     0.999997      1962671    291271.11
  1517.00000     0.999997      1962672    327680.00
  1517.00000     0.999997      1962672    374491.43
  3527.00000     0.999998      1962673    436906.67
  4057.00000     0.999998      1962674    524288.00
  4057.00000     0.999998      1962674    582542.22
  4538.00000     0.999998      1962675    655360.00
  4538.00000     0.999999      1962675    748982.86
  4538.00000     0.999999      1962675    873813.33
  5500.00000     0.999999      1962676   1048576.00
  5500.00000     0.999999      1962676   1165084.44
  5500.00000     0.999999      1962676   1310720.00
  5500.00000     0.999999      1962676   1497965.71
  5500.00000     0.999999      1962676   1747626.67
  5537.00000     1.000000      1962677   2097152.00
  5537.00000     1.000000      1962677          inf
#[Mean    =       14.423, StdDeviation   =       10.008]
#[Max     =     5537.000, Total count    =      1962677]
#[Buckets =           13, SubBuckets     =       262144]
       Value   Percentile   TotalCount 1/(1-Percentile)

    61.00000     0.000000            1         1.00
    98.00000     0.100000       705511         1.11
    98.00000     0.200000       705511         1.25
    98.00000     0.300000       705511         1.43
   111.00000     0.400000      1564188         1.67
   111.00000     0.500000      1564188         2.00
   111.00000     0.550000      1564188         2.22
   111.00000     0.600000      1564188         2.50
   111.00000     0.650000      1564188         2.86
   111.00000     0.700000      1564188         3.33
   111.00000     0.750000      1564188         4.00
   111.00000     0.775000      1564188         4.44
   123.00000     0.800000      1743841         5.00
   123.00000     0.825000      1743841         5.71
   123.00000     0.850000      1743841         6.67
   123.00000     0.875000      1743841         8.00
   123.00000     0.887500      1743841         8.89
   135.00000     0.900000      1927157        10.00
   135.00000     0.912500      1927157        11.43
   135.00000     0.925000      1927157        13.33
   135.00000     0.937500      1927157        16.00
   135.00000     0.943750      1927157        17.78
   135.00000     0.950000      1927157        20.00
   135.00000     0.956250      1927157        22.86
   135.00000     0.962500      1927157        26.67
   135.00000     0.968750      1927157        32.00
   135.00000     0.971875      1927157        35.56
   135.00000     0.975000      1927157        40.00
   135.00000     0.978125      1927157        45.71
   135.00000     0.981250      1927157        53.33
   148.00000     0.984375      1949207        64.00
   148.00000     0.985938      1949207        71.11
   148.00000     0.987500      1949207        80.00
   148.00000     0.989062      1949207        91.43
   148.00000     0.990625      1949207       106.67
   148.00000     0.992188      1949207       128.00
   148.00000     0.992969      1949207       142.22
   160.00000     0.993750      1952358       160.00
   160.00000     0.994531      1952358       182.86
   185.00000     0.995313      1954047       213.33
   222.00000     0.996094      1955328       256.00
   246.00000     0.996484      1955947       284.44
   283.00000     0.996875      1956568       320.00
   345.00000     0.997266      1957342       365.71
   419.00000     0.997656      1958107       426.67
   518.00000     0.998047      1958855       512.00
   592.00000     0.998242      1959269       568.89
   653.00000     0.998437      1959664       640.00
   727.00000     0.998633      1960046       731.43
   814.00000     0.998828      1960399       853.33
   912.00000     0.999023      1960770      1024.00
  1011.00000     0.999121      1960960      1137.78
  1097.00000     0.999219      1961168      1280.00
  1208.00000     0.999316      1961348      1462.86
  1332.00000     0.999414      1961536      1706.67
  1504.00000     0.999512      1961727      2048.00
  1665.00000     0.999561      1961817      2275.56
  1973.00000     0.999609      1961912      2560.00
  2775.00000     0.999658      1962007      2925.71
  3823.00000     0.999707      1962102      3413.33
  5389.00000     0.999756      1962198      4096.00
  6820.00000     0.999780      1962246      4551.11
  8250.00000     0.999805      1962294      5120.00
 10409.00000     0.999829      1962342      5851.43
 13517.00000     0.999854      1962390      6826.67
 18031.00000     0.999878      1962438      8192.00
 22150.00000     0.999890      1962462      9102.22
 29488.00000     0.999902      1962486     10240.00
 39886.00000     0.999915      1962510     11702.86
 51615.00000     0.999927      1962534     13653.33
 70793.00000     0.999939      1962558     16384.00
 80413.00000     0.999945      1962570     18204.44
 91143.00000     0.999951      1962582     20480.00
101306.00000     0.999957      1962594     23405.71
118079.00000     0.999963      1962606     27306.67
128772.00000     0.999969      1962618     32768.00
135790.00000     0.999973      1962624     36408.89
144855.00000     0.999976      1962630     40960.00
151835.00000     0.999979      1962636     46811.43
161788.00000     0.999982      1962642     54613.33
178821.00000     0.999985      1962648     65536.00
183286.00000     0.999986      1962651     72817.78
188515.00000     0.999988      1962654     81920.00
193756.00000     0.999989      1962657     93622.86
202464.00000     0.999991      1962660    109226.67
209383.00000     0.999992      1962663    131072.00
215019.00000     0.999993      1962664    145635.56
225453.00000     0.999994      1962666    163840.00
230325.00000     0.999995      1962667    187245.71
245223.00000     0.999995      1962669    218453.33
245680.00000     0.999996      1962670    262144.00
253980.00000     0.999997      1962671    291271.11
254251.00000     0.999997      1962672    327680.00
254251.00000     0.999997      1962672    374491.43
272443.00000     0.999998      1962673    436906.67
280411.00000     0.999998      1962674    524288.00
280411.00000     0.999998      1962674    582542.22
298665.00000     0.999998      1962675    655360.00
298665.00000     0.999999      1962675    748982.86
298665.00000     0.999999      1962675    873813.33
305991.00000     0.999999      1962676   1048576.00
305991.00000     0.999999      1962676   1165084.44
305991.00000     0.999999      1962676   1310720.00
305991.00000     0.999999      1962676   1497965.71
305991.00000     0.999999      1962676   1747626.67
315129.00000     1.000000      1962677   2097152.00
315129.00000     1.000000      1962677          inf
#[Mean    =      124.506, StdDeviation   =     1239.811]
#[Max     =   315129.000, Total count    =      1962677]
#[Buckets =           13, SubBuckets     =       262144]
       Value   Percentile   TotalCount 1/(1-Percentile)

     0.00000     0.000000        12982         1.00
    37.00000     0.100000       422164         1.11
    37.00000     0.200000       422164         1.25
    49.00000     0.300000       773681         1.43
    61.00000     0.400000       840547         1.67
   111.00000     0.500000      1028887         2.00
   123.00000     0.550000      1094706         2.22
   148.00000     0.600000      1228237         2.50
   160.00000     0.650000      1295782         2.86
   185.00000     0.700000      1408233         3.33
   209.00000     0.750000      1498119         4.00
   222.00000     0.775000      1538714         4.44
   234.00000     0.800000      1576961         5.00
   259.00000     0.825000      1645838         5.71
   271.00000     0.850000      1674929         6.67
   296.00000     0.875000      1722348         8.00
   320.00000     0.887500      1758919         8.89
   333.00000     0.900000      1774138        10.00
   357.00000     0.912500      1799983        11.43
   382.00000     0.925000      1821711        13.33
   407.00000     0.937500      1840979        16.00
   431.00000     0.943750      1857811        17.78
   444.00000     0.950000      1865136        20.00
   468.00000     0.956250      1877345        22.86
   505.00000     0.962500      1892359        26.67
   542.00000     0.968750      1903690        32.00
   567.00000     0.971875      1909562        35.56
   592.00000     0.975000      1914501        40.00
   629.00000     0.978125      1920378        45.71
   678.00000     0.981250      1926251        53.33
   752.00000     0.984375      1932642        64.00
   801.00000     0.985938      1935616        71.11
   863.00000     0.987500      1938699        80.00
   949.00000     0.989062      1941268        91.43
  1134.00000     0.990625      1944348       106.67
  1578.00000     0.992188      1947371       128.00
  1850.00000     0.992969      1948885       142.22
  2442.00000     0.993750      1950421       160.00
  3058.00000     0.994531      1951954       182.86
  3169.00000     0.995313      1953547       213.33
  3268.00000     0.996094      1955086       256.00
  3330.00000     0.996484      1955876       284.44
  3404.00000     0.996875      1956605       320.00
  3515.00000     0.997266      1957378       365.71
  3663.00000     0.997656      1958096       426.67
  3922.00000     0.998047      1958846       512.00
  4144.00000     0.998242      1959248       568.89
  4329.00000     0.998437      1959626       640.00
  4575.00000     0.998633      1960002       731.43
  4859.00000     0.998828      1960385       853.33
  5167.00000     0.999023      1960768      1024.00
  5402.00000     0.999121      1960958      1137.78
  5636.00000     0.999219      1961152      1280.00
  5895.00000     0.999316      1961342      1462.86
  6179.00000     0.999414      1961530      1706.67
  6475.00000     0.999512      1961721      2048.00
  6635.00000     0.999561      1961815      2275.56
  6832.00000     0.999609      1961918      2560.00
  7054.00000     0.999658      1962012      2925.71
  7289.00000     0.999707      1962103      3413.33
  7585.00000     0.999756      1962198      4096.00
  7757.00000     0.999780      1962246      4551.11
  7967.00000     0.999805      1962294      5120.00
  8275.00000     0.999829      1962348      5851.43
  8559.00000     0.999854      1962390      6826.67
  8830.00000     0.999878      1962439      8192.00
  9052.00000     0.999890      1962462      9102.22
  9274.00000     0.999902      1962486     10240.00
  9558.00000     0.999915      1962510     11702.86
  9977.00000     0.999927      1962534     13653.33
 10545.00000     0.999939      1962559     16384.00
 10976.00000     0.999945      1962570     18204.44
 11420.00000     0.999951      1962584     20480.00
 11975.00000     0.999957      1962594     23405.71
 12826.00000     0.999963      1962606     27306.67
 13850.00000     0.999969      1962618     32768.00
 15281.00000     0.999973      1962624     36408.89
 16539.00000     0.999976      1962630     40960.00
 19227.00000     0.999979      1962636     46811.43
 20226.00000     0.999982      1962642     54613.33
 25678.00000     0.999985      1962648     65536.00
 27984.00000     0.999986      1962651     72817.78
 31437.00000     0.999988      1962654     81920.00
 35088.00000     0.999989      1962657     93622.86
 40848.00000     0.999991      1962660    109226.67
 45941.00000     0.999992      1962663    131072.00
 52466.00000     0.999993      1962664    145635.56
 56597.00000     0.999994      1962666    163840.00
 57991.00000     0.999995      1962667    187245.71
 64577.00000     0.999995      1962669    218453.33
 64959.00000     0.999996      1962670    262144.00
 65403.00000     0.999997      1962671    291271.11
 81905.00000     0.999997      1962672    327680.00
 81905.00000     0.999997      1962672    374491.43
 82275.00000     0.999998      1962673    436906.67
101256.00000     0.999998      1962674    524288.00
101256.00000     0.999998      1962674    582542.22
114231.00000     0.999998      1962675    655360.00
114231.00000     0.999999      1962675    748982.86
114231.00000     0.999999      1962675    873813.33
127909.00000     0.999999      1962676   1048576.00
127909.00000     0.999999      1962676   1165084.44
127909.00000     0.999999      1962676   1310720.00
127909.00000     0.999999      1962676   1497965.71
127909.00000     0.999999      1962676   1747626.67
153648.00000     1.000000      1962677   2097152.00
153648.00000     1.000000      1962677          inf
#[Mean    =      175.928, StdDeviation   =      446.473]
#[Max     =   153648.000, Total count    =      1962677]
#[Buckets =           13, SubBuckets     =       262144]
       Value   Percentile   TotalCount 1/(1-Percentile)

    86.00000     0.000000           11         1.00
   172.00000     0.100000       247458         1.11
   197.00000     0.200000       455238         1.25
   222.00000     0.300000       655054         1.43
   246.00000     0.400000       862734         1.67
   271.00000     0.500000      1074979         2.00
   283.00000     0.550000      1181875         2.22
   283.00000     0.600000      1181875         2.50
   296.00000     0.650000      1288842         2.86
   308.00000     0.700000      1395654         3.33
   320.00000     0.750000      1500419         4.00
   333.00000     0.775000      1600228         4.44
   333.00000     0.800000      1600228         5.00
   345.00000     0.825000      1684550         5.71
   345.00000     0.850000      1684550         6.67
   357.00000     0.875000      1749748         8.00
   357.00000     0.887500      1749748         8.89
   370.00000     0.900000      1793012        10.00
   370.00000     0.912500      1793012        11.43
   382.00000     0.925000      1840537        13.33
   382.00000     0.937500      1840537        16.00
   394.00000     0.943750      1865758        17.78
   394.00000     0.950000      1865758        20.00
   407.00000     0.956250      1880229        22.86
   419.00000     0.962500      1891274        26.67
   444.00000     0.968750      1908627        32.00
   444.00000     0.971875      1908627        35.56
   456.00000     0.975000      1914426        40.00
   481.00000     0.978125      1921884        45.71
   505.00000     0.981250      1925898        53.33
   616.00000     0.984375      1932232        64.00
   727.00000     0.985938      1935255        71.11
   888.00000     0.987500      1938263        80.00
   999.00000     0.989062      1941543        91.43
  1097.00000     0.990625      1944393       106.67
  1344.00000     0.992188      1947437       128.00
  1480.00000     0.992969      1948943       142.22
  1665.00000     0.993750      1950581       160.00
  1776.00000     0.994531      1951973       182.86
  2096.00000     0.995313      1953478       213.33
  2442.00000     0.996094      1955034       256.00
  2738.00000     0.996484      1955796       284.44
  3034.00000     0.996875      1956553       320.00
  3428.00000     0.997266      1957321       365.71
  3996.00000     0.997656      1958091       426.67
  4748.00000     0.998047      1958852       512.00
  5118.00000     0.998242      1959231       568.89
  5476.00000     0.998437      1959613       640.00
  5821.00000     0.998633      1959996       731.43
  6413.00000     0.998828      1960378       853.33
  7424.00000     0.999023      1960764      1024.00
  8325.00000     0.999121      1960954      1137.78
  9398.00000     0.999219      1961144      1280.00
 11260.00000     0.999316      1961336      1462.86
 14146.00000     0.999414      1961527      1706.67
 18968.00000     0.999512      1961719      2048.00
 22039.00000     0.999561      1961815      2275.56
 25838.00000     0.999609      1961911      2560.00
 31055.00000     0.999658      1962007      2925.71
 35507.00000     0.999707      1962102      3413.33
 40663.00000     0.999756      1962198      4096.00
 43598.00000     0.999780      1962246      4551.11
 47409.00000     0.999805      1962294      5120.00
 51763.00000     0.999829      1962342      5851.43
 59779.00000     0.999854      1962390      6826.67
 72532.00000     0.999878      1962438      8192.00
 82941.00000     0.999890      1962462      9102.22
109964.00000     0.999902      1962486     10240.00
132682.00000     0.999915      1962510     11702.86
158138.00000     0.999927      1962534     13653.33
186122.00000     0.999939      1962558     16384.00
207607.00000     0.999945      1962570     18204.44
217535.00000     0.999951      1962582     20480.00
241782.00000     0.999957      1962594     23405.71
253770.00000     0.999963      1962606     27306.67
282631.00000     0.999969      1962618     32768.00
293385.00000     0.999973      1962624     36408.89
305411.00000     0.999976      1962630     40960.00
324033.00000     0.999979      1962636     46811.43
339179.00000     0.999982      1962642     54613.33
357889.00000     0.999985      1962648     65536.00
364895.00000     0.999986      1962651     72817.78
373157.00000     0.999988      1962654     81920.00
379311.00000     0.999989      1962657     93622.86
391077.00000     0.999991      1962660    109226.67
411033.00000     0.999992      1962663    131072.00
412661.00000     0.999993      1962664    145635.56
417717.00000     0.999994      1962666    163840.00
417965.00000     0.999995      1962667    187245.71
449637.00000     0.999995      1962669    218453.33
452029.00000     0.999996      1962670    262144.00
452473.00000     0.999997      1962671    291271.11
458257.00000     0.999997      1962672    327680.00
458257.00000     0.999997      1962672    374491.43
459479.00000     0.999998      1962673    436906.67
484663.00000     0.999998      1962674    524288.00
484663.00000     0.999998      1962674    582542.22
492471.00000     0.999998      1962675    655360.00
492471.00000     0.999999      1962675    748982.86
492471.00000     0.999999      1962675    873813.33
518999.00000     0.999999      1962676   1048576.00
518999.00000     0.999999      1962676   1165084.44
518999.00000     0.999999      1962676   1310720.00
518999.00000     0.999999      1962676   1497965.71
518999.00000     0.999999      1962676   1747626.67
529223.00000     1.000000      1962677   2097152.00
529223.00000     1.000000      1962677          inf
#[Mean    =      333.236, StdDeviation   =     2735.371]
#[Max     =   529223.000, Total count    =      1962677]
#[Buckets =           13, SubBuckets     =       262144]
       Value   Percentile   TotalCount 1/(1-Percentile)

     0.00000     0.000000       280755         1.00
     0.00000     0.100000       280755         1.11
    12.00000     0.200000      1916553         1.25
    12.00000     0.300000      1916553         1.43
    12.00000     0.400000      1916553         1.67
    12.00000     0.500000      1916553         2.00
    12.00000     0.550000      1916553         2.22
    12.00000     0.600000      1916553         2.50
    12.00000     0.650000      1916553         2.86
    12.00000     0.700000      1916553         3.33
    12.00000     0.750000      1916553         4.00
    12.00000     0.775000      1916553         4.44
    12.00000     0.800000      1916553         5.00
    12.00000     0.825000      1916553         5.71
    12.00000     0.850000      1916553         6.67
    12.00000     0.875000      1916553         8.00
    12.00000     0.887500      1916553         8.89
    12.00000     0.900000      1916553        10.00
    12.00000     0.912500      1916553        11.43
    12.00000     0.925000      1916553        13.33
    12.00000     0.937500      1916553        16.00
    12.00000     0.943750      1916553        17.78
    12.00000     0.950000      1916553        20.00
    12.00000     0.956250      1916553        22.86
    12.00000     0.962500      1916553        26.67
    12.00000     0.968750      1916553        32.00
    12.00000     0.971875      1916553        35.56
    12.00000     0.975000      1916553        40.00
    24.00000     0.978125      1956709        45.71
    24.00000     0.981250      1956709        53.33
    24.00000     0.984375      1956709        64.00
    24.00000     0.985938      1956709        71.11
    24.00000     0.987500      1956709        80.00
    24.00000     0.989062      1956709        91.43
    24.00000     0.990625      1956709       106.67
    24.00000     0.992188      1956709       128.00
    24.00000     0.992969      1956709       142.22
    24.00000     0.993750      1956709       160.00
    24.00000     0.994531      1956709       182.86
    24.00000     0.995313      1956709       213.33
    24.00000     0.996094      1956709       256.00
    24.00000     0.996484      1956709       284.44
    24.00000     0.996875      1956709       320.00
    37.00000     0.997266      1959677       365.71
    37.00000     0.997656      1959677       426.67
    37.00000     0.998047      1959677       512.00
    37.00000     0.998242      1959677       568.89
    37.00000     0.998437      1959677       640.00
    49.00000     0.998633      1960941       731.43
    49.00000     0.998828      1960941       853.33
    49.00000     0.999023      1960941      1024.00
    61.00000     0.999121      1961375      1137.78
    61.00000     0.999219      1961375      1280.00
    61.00000     0.999316      1961375      1462.86
    74.00000     0.999414      1961559      1706.67
    98.00000     0.999512      1961790      2048.00
   111.00000     0.999561      1961916      2275.56
   111.00000     0.999609      1961916      2560.00
   135.00000     0.999658      1962046      2925.71
   160.00000     0.999707      1962147      3413.33
   185.00000     0.999756      1962206      4096.00
   222.00000     0.999780      1962255      4551.11
   296.00000     0.999805      1962294      5120.00
   357.00000     0.999829      1962349      5851.43
   431.00000     0.999854      1962398      6826.67
   518.00000     0.999878      1962440      8192.00
   555.00000     0.999890      1962472      9102.22
   579.00000     0.999902      1962494     10240.00
   604.00000     0.999915      1962516     11702.86
   629.00000     0.999927      1962538     13653.33
   690.00000     0.999939      1962562     16384.00
   727.00000     0.999945      1962570     18204.44
   789.00000     0.999951      1962583     20480.00
   863.00000     0.999957      1962596     23405.71
  1085.00000     0.999963      1962606     27306.67
  4538.00000     0.999969      1962618     32768.00
  5056.00000     0.999973      1962624     36408.89
  5180.00000     0.999976      1962630     40960.00
  5217.00000     0.999979      1962639     46811.43
  5266.00000     0.999982      1962643     54613.33
  5291.00000     0.999985      1962649     65536.00
  5315.00000     0.999986      1962651     72817.78
  5340.00000     0.999988      1962657     81920.00
  5340.00000     0.999989      1962657     93622.86
  5352.00000     0.999991      1962661    109226.67
  5377.00000     0.999992      1962664    131072.00
  5377.00000     0.999993      1962664    145635.56
  5402.00000     0.999994      1962666    163840.00
  5414.00000     0.999995      1962667    187245.71
  5463.00000     0.999995      1962669    218453.33
  5537.00000     0.999996      1962670    262144.00
  5574.00000     0.999997      1962671    291271.11
  5883.00000     0.999997      1962672    327680.00
  5883.00000     0.999997      1962672    374491.43
  6388.00000     0.999998      1962673    436906.67
  6697.00000     0.999998      1962674    524288.00
  6697.00000     0.999998      1962674    582542.22
  6845.00000     0.999998      1962675    655360.00
  6845.00000     0.999999      1962675    748982.86
  6845.00000     0.999999      1962675    873813.33
  7079.00000     0.999999      1962676   1048576.00
  7079.00000     0.999999      1962676   1165084.44
  7079.00000     0.999999      1962676   1310720.00
  7079.00000     0.999999      1962676   1497965.71
  7079.00000     0.999999      1962676   1747626.67
 19067.00000     1.000000      1962677   2097152.00
 19067.00000     1.000000      1962677          inf
#[Mean    =       10.917, StdDeviation   =       33.991]
#[Max     =    19067.000, Total count    =      1962677]
#[Buckets =           13, SubBuckets     =       262144]
       Value   Percentile   TotalCount 1/(1-Percentile)

   629.00000     0.000000           10         1.00
   912.00000     0.100000       277135         1.11
   925.00000     0.200000       635416         1.25
   925.00000     0.300000       635416         1.43
   937.00000     0.400000      1112813         1.67
   937.00000     0.500000      1112813         2.00
   937.00000     0.550000      1112813         2.22
   949.00000     0.600000      1436434         2.50
   949.00000     0.650000      1436434         2.86
   949.00000     0.700000      1436434         3.33
   962.00000     0.750000      1562901         4.00
   962.00000     0.775000      1562901         4.44
   974.00000     0.800000      1640122         5.00
   974.00000     0.825000      1640122         5.71
   986.00000     0.850000      1704929         6.67
   999.00000     0.875000      1742685         8.00
   999.00000     0.887500      1742685         8.89
  1035.00000     0.900000      1767081        10.00
  1134.00000     0.912500      1794996        11.43
  1184.00000     0.925000      1821312        13.33
  1221.00000     0.937500      1843052        16.00
  1245.00000     0.943750      1852404        17.78
  1295.00000     0.950000      1865836        20.00
  1344.00000     0.956250      1877907        22.86
  1406.00000     0.962500      1889943        26.67
  1504.00000     0.968750      1902426        32.00
  1591.00000     0.971875      1907758        35.56
  2466.00000     0.975000      1913662        40.00
  5722.00000     0.978125      1919782        45.71
  5858.00000     0.981250      1926088        53.33
  5920.00000     0.984375      1932521        64.00
  5944.00000     0.985938      1935586        71.11
  5969.00000     0.987500      1938786        80.00
  5994.00000     0.989062      1941809        91.43
  6018.00000     0.990625      1944601       106.67
  6055.00000     0.992188      1948311       128.00
  6068.00000     0.992969      1949383       142.22
  6092.00000     0.993750      1951182       160.00
  6105.00000     0.994531      1952005       182.86
  6141.00000     0.995313      1953481       213.33
  6179.00000     0.996094      1955264       256.00
  6203.00000     0.996484      1955941       284.44
  6240.00000     0.996875      1956684       320.00
  6289.00000     0.997266      1957311       365.71
  6351.00000     0.997656      1958116       426.67
  6462.00000     0.998047      1958878       512.00
  6549.00000     0.998242      1959237       568.89
  6758.00000     0.998437      1959617       640.00
  7190.00000     0.998633      1959995       731.43
  7449.00000     0.998828      1960383       853.33
  7646.00000     0.999023      1960795      1024.00
  7720.00000     0.999121      1960957      1137.78
  7807.00000     0.999219      1961153      1280.00
  7905.00000     0.999316      1961359      1462.86
  8004.00000     0.999414      1961527      1706.67
  8140.00000     0.999512      1961735      2048.00
  8226.00000     0.999561      1961818      2275.56
  8337.00000     0.999609      1961926      2560.00
  8448.00000     0.999658      1962009      2925.71
  8621.00000     0.999707      1962103      3413.33
  8830.00000     0.999756      1962201      4096.00
  8929.00000     0.999780      1962248      4551.11
  9065.00000     0.999805      1962295      5120.00
  9299.00000     0.999829      1962342      5851.43
 10064.00000     0.999854      1962390      6826.67
 12049.00000     0.999878      1962438      8192.00
 13949.00000     0.999890      1962462      9102.22
 17019.00000     0.999902      1962486     10240.00
 19881.00000     0.999915      1962510     11702.86
 22940.00000     0.999927      1962534     13653.33
 24321.00000     0.999939      1962558     16384.00
 24777.00000     0.999945      1962570     18204.44
 25665.00000     0.999951      1962582     20480.00
 26529.00000     0.999957      1962594     23405.71
 26825.00000     0.999963      1962606     27306.67
 27651.00000     0.999969      1962619     32768.00
 27984.00000     0.999973      1962624     36408.89
 28231.00000     0.999976      1962630     40960.00
 28724.00000     0.999979      1962638     46811.43
 29180.00000     0.999982      1962643     54613.33
 29760.00000     0.999985      1962649     65536.00
 29871.00000     0.999986      1962651     72817.78
 30475.00000     0.999988      1962654     81920.00
 30525.00000     0.999989      1962658     93622.86
 31154.00000     0.999991      1962661    109226.67
 32227.00000     0.999992      1962663    131072.00
 32486.00000     0.999993      1962665    145635.56
 32609.00000     0.999994      1962666    163840.00
 34188.00000     0.999995      1962668    187245.71
 34274.00000     0.999995      1962669    218453.33
 37937.00000     0.999996      1962671    262144.00
 37937.00000     0.999997      1962671    291271.11
 40650.00000     0.999997      1962673    327680.00
 40650.00000     0.999997      1962673    374491.43
 40650.00000     0.999998      1962673    436906.67
 48420.00000     0.999998      1962674    524288.00
 48420.00000     0.999998      1962674    582542.22
 49629.00000     0.999998      1962675    655360.00
 49629.00000     0.999999      1962675    748982.86
 49629.00000     0.999999      1962675    873813.33
 66501.00000     0.999999      1962677   1048576.00
 66501.00000     1.000000      1962677          inf
#[Mean    =     1089.364, StdDeviation   =      830.072]
#[Max     =    66501.000, Total count    =      1962677]
#[Buckets =           13, SubBuckets     =       262144]

=== EXCHANGE STDERR ===
matching tid: 48031
