=== CLIENT STDERR ===
=== Exchange load generator ===
  clients  : 10
  seed     : 2343303807
  target   : 127.0.0.1:4000
  thread id: 49218
Ctrl-C to stop.


=== Stats ===
  elapsed         : 14.999 s
  requests sent   : 2447143
  ACK responses   : 2447133
  MATCH responses : 1401217
  ERR responses   : 0
  orders in flight: -10
  --- throughput ---
  requests/s      : 163153
  ACK/s           : 163153
  MATCH/s         : 93420
  ERR/s           : 0
  total resp/s    : 163153

=== EXCHANGE STDOUT ===
exchange tid: 49217
inbound thread: 49219
outbound thread: 49220
       Value   Percentile   TotalCount 1/(1-Percentile)

  2096.00000     0.000000            2         1.00
  2392.00000     0.100000       207138         1.11
  2442.00000     0.200000       378814         1.25
  2491.00000     0.300000       570459         1.43
  2540.00000     0.400000       752524         1.67
  2614.00000     0.500000       964171         2.00
  2651.00000     0.550000      1043314         2.22
  2701.00000     0.600000      1130589         2.50
  2775.00000     0.650000      1234824         2.86
  2849.00000     0.700000      1322760         3.33
  2935.00000     0.750000      1416166         4.00
  2984.00000     0.775000      1464782         4.44
  3034.00000     0.800000      1509565         5.00
  3083.00000     0.825000      1549990         5.71
  3157.00000     0.850000      1601023         6.67
  3243.00000     0.875000      1647871         8.00
  3293.00000     0.887500      1669968         8.89
  3354.00000     0.900000      1692325        10.00
  3428.00000     0.912500      1714145        11.43
  3539.00000     0.925000      1738130        13.33
  3687.00000     0.937500      1760035        16.00
  3811.00000     0.943750      1772152        17.78
  3983.00000     0.950000      1783863        20.00
  4267.00000     0.956250      1795409        22.86
  5143.00000     0.962500      1806923        26.67
  6438.00000     0.968750      1818633        32.00
  7301.00000     0.971875      1824665        35.56
  7461.00000     0.975000      1830968        40.00
  7560.00000     0.978125      1836983        45.71
  7646.00000     0.981250      1842095        53.33
  7770.00000     0.984375      1848054        64.00
  7856.00000     0.985938      1851131        71.11
  7955.00000     0.987500      1853908        80.00
  8103.00000     0.989062      1856825        91.43
  8337.00000     0.990625      1859766       106.67
  8695.00000     0.992188      1862606       128.00
  8966.00000     0.992969      1864108       142.22
  9213.00000     0.993750      1865568       160.00
  9422.00000     0.994531      1867043       182.86
  9644.00000     0.995313      1868513       213.33
  9953.00000     0.996094      1869966       256.00
 10150.00000     0.996484      1870684       284.44
 10409.00000     0.996875      1871414       320.00
 10767.00000     0.997266      1872153       365.71
 11186.00000     0.997656      1872872       426.67
 11852.00000     0.998047      1873603       512.00
 12284.00000     0.998242      1873966       568.89
 12888.00000     0.998437      1874333       640.00
 13677.00000     0.998633      1874702       731.43
 14985.00000     0.998828      1875066       853.33
 17020.00000     0.999023      1875433      1024.00
 18611.00000     0.999121      1875619      1137.78
 20473.00000     0.999219      1875800      1280.00
 23815.00000     0.999316      1875982      1462.86
 28835.00000     0.999414      1876166      1706.67
 38221.00000     0.999512      1876349      2048.00
 45682.00000     0.999561      1876441      2275.56
 56326.00000     0.999609      1876532      2560.00
 74542.00000     0.999658      1876624      2925.71
100923.00000     0.999707      1876716      3413.33
125356.00000     0.999756      1876807      4096.00
139157.00000     0.999780      1876853      4551.11
152329.00000     0.999805      1876899      5120.00
166734.00000     0.999829      1876945      5851.43
182237.00000     0.999854      1876991      6826.67
198110.00000     0.999878      1877036      8192.00
210431.00000     0.999890      1877059      9102.22
224639.00000     0.999902      1877082     10240.00
236886.00000     0.999915      1877105     11702.86
253203.00000     0.999927      1877128     13653.33
271617.00000     0.999939      1877151     16384.00
284531.00000     0.999945      1877162     18204.44
300057.00000     0.999951      1877174     20480.00
315449.00000     0.999957      1877185     23405.71
334073.00000     0.999963      1877197     27306.67
365573.00000     0.999969      1877208     32768.00
388945.00000     0.999973      1877214     36408.89
405877.00000     0.999976      1877220     40960.00
419531.00000     0.999979      1877225     46811.43
441953.00000     0.999982      1877231     54613.33
469099.00000     0.999985      1877237     65536.00
482653.00000     0.999986      1877240     72817.78
490053.00000     0.999988      1877243     81920.00
494913.00000     0.999989      1877245     93622.86
517223.00000     0.999991      1877248    109226.67
526351.00000     0.999992      1877251    131072.00
533047.00000     0.999993      1877253    145635.56
536539.00000     0.999994      1877254    163840.00
544975.00000     0.999995      1877255    187245.71
557751.00000     0.999995      1877257    218453.33
570763.00000     0.999996      1877258    262144.00
584107.00000     0.999997      1877259    291271.11
587427.00000     0.999997      1877260    327680.00
587427.00000     0.999997      1877260    374491.43
590631.00000     0.999998      1877261    436906.67
597119.00000     0.999998      1877262    524288.00
597119.00000     0.999998      1877262    582542.22
606975.00000     0.999998      1877263    655360.00
606975.00000     0.999999      1877263    748982.86
606975.00000     0.999999      1877263    873813.33
609983.00000     0.999999      1877264   1048576.00
609983.00000     0.999999      1877264   1165084.44
609983.00000     0.999999      1877264   1310720.00
609983.00000     0.999999      1877264   1497965.71
609983.00000     0.999999      1877264   1747626.67
623191.00000     1.000000      1877265   2097152.00
623191.00000     1.000000      1877265          inf
#[Mean    =     2992.284, StdDeviation   =     4338.862]
#[Max     =   623191.000, Total count    =      1877265]
#[Buckets =           13, SubBuckets     =       262144]
       Value   Percentile   TotalCount 1/(1-Percentile)

   962.00000     0.000000            1         1.00
  1036.00000     0.100000       218477         1.11
  1048.00000     0.200000       761213         1.25
  1048.00000     0.300000       761213         1.43
  1048.00000     0.400000       761213         1.67
  1060.00000     0.500000      1256353         2.00
  1060.00000     0.550000      1256353         2.22
  1060.00000     0.600000      1256353         2.50
  1060.00000     0.650000      1256353         2.86
  1073.00000     0.700000      1429729         3.33
  1073.00000     0.750000      1429729         4.00
  1085.00000     0.775000      1459684         4.44
  1184.00000     0.800000      1505667         5.00
  1270.00000     0.825000      1560115         5.71
  1307.00000     0.850000      1614602         6.67
  1332.00000     0.875000      1651533         8.00
  1344.00000     0.887500      1668005         8.89
  1369.00000     0.900000      1696495        10.00
  1393.00000     0.912500      1718766        11.43
  1418.00000     0.925000      1738123        13.33
  1455.00000     0.937500      1766010        16.00
  1467.00000     0.943750      1775577        17.78
  1480.00000     0.950000      1784524        20.00
  1504.00000     0.956250      1800520        22.86
  1517.00000     0.962500      1807614        26.67
  1541.00000     0.968750      1820226        32.00
  1554.00000     0.971875      1825714        35.56
  1566.00000     0.975000      1830866        40.00
  1591.00000     0.978125      1839617        45.71
  1603.00000     0.981250      1843365        53.33
  1628.00000     0.984375      1849548        64.00
  1640.00000     0.985938      1851994        71.11
  1652.00000     0.987500      1854102        80.00
  1677.00000     0.989062      1857460        91.43
  1702.00000     0.990625      1859885       106.67
  1751.00000     0.992188      1863296       128.00
  1776.00000     0.992969      1864538       142.22
  1813.00000     0.993750      1865878       160.00
  1874.00000     0.994531      1867019       182.86
  2059.00000     0.995313      1868498       213.33
  2343.00000     0.996094      1869943       256.00
  2516.00000     0.996484      1870683       284.44
  2812.00000     0.996875      1871403       320.00
  3465.00000     0.997266      1872139       365.71
  5007.00000     0.997656      1872866       426.67
  6006.00000     0.998047      1873614       512.00
  6191.00000     0.998242      1873989       568.89
  6376.00000     0.998437      1874354       640.00
  6549.00000     0.998633      1874724       731.43
  6721.00000     0.998828      1875072       853.33
  6919.00000     0.999023      1875434      1024.00
  7042.00000     0.999121      1875626      1137.78
  7165.00000     0.999219      1875803      1280.00
  7326.00000     0.999316      1875993      1462.86
  7511.00000     0.999414      1876174      1706.67
  7770.00000     0.999512      1876350      2048.00
  7979.00000     0.999561      1876443      2275.56
  8226.00000     0.999609      1876532      2560.00
  8534.00000     0.999658      1876624      2925.71
  8867.00000     0.999707      1876716      3413.33
  9176.00000     0.999756      1876808      4096.00
  9361.00000     0.999780      1876855      4551.11
  9558.00000     0.999805      1876901      5120.00
  9829.00000     0.999829      1876947      5851.43
 10138.00000     0.999854      1876991      6826.67
 10569.00000     0.999878      1877037      8192.00
 10952.00000     0.999890      1877059      9102.22
 11285.00000     0.999902      1877082     10240.00
 11938.00000     0.999915      1877105     11702.86
 12740.00000     0.999927      1877128     13653.33
 13714.00000     0.999939      1877151     16384.00
 13850.00000     0.999945      1877162     18204.44
 14109.00000     0.999951      1877174     20480.00
 14479.00000     0.999957      1877185     23405.71
 15453.00000     0.999963      1877198     27306.67
 17118.00000     0.999969      1877208     32768.00
 17932.00000     0.999973      1877214     36408.89
 19573.00000     0.999976      1877220     40960.00
 20942.00000     0.999979      1877225     46811.43
 23273.00000     0.999982      1877231     54613.33
 25394.00000     0.999985      1877237     65536.00
 26220.00000     0.999986      1877240     72817.78
 26331.00000     0.999988      1877243     81920.00
 27108.00000     0.999989      1877245     93622.86
 27355.00000     0.999991      1877248    109226.67
 30426.00000     0.999992      1877251    131072.00
 31894.00000     0.999993      1877253    145635.56
 33004.00000     0.999994      1877254    163840.00
 35495.00000     0.999995      1877255    187245.71
 36358.00000     0.999995      1877257    218453.33
 38899.00000     0.999996      1877258    262144.00
 39417.00000     0.999997      1877259    291271.11
 39627.00000     0.999997      1877260    327680.00
 39627.00000     0.999997      1877260    374491.43
 47162.00000     0.999998      1877261    436906.67
 48457.00000     0.999998      1877262    524288.00
 48457.00000     0.999998      1877262    582542.22
 49012.00000     0.999998      1877263    655360.00
 49012.00000     0.999999      1877263    748982.86
 49012.00000     0.999999      1877263    873813.33
 68351.00000     0.999999      1877264   1048576.00
 68351.00000     0.999999      1877264   1165084.44
 68351.00000     0.999999      1877264   1310720.00
 68351.00000     0.999999      1877264   1497965.71
 68351.00000     0.999999      1877264   1747626.67
105043.00000     1.000000      1877265   2097152.00
105043.00000     1.000000      1877265          inf
#[Mean    =     1141.191, StdDeviation   =      383.601]
#[Max     =   105043.000, Total count    =      1877265]
#[Buckets =           13, SubBuckets     =       262144]
       Value   Percentile   TotalCount 1/(1-Percentile)

     0.00000     0.000000        96753         1.00
    12.00000     0.100000      1357970         1.11
    12.00000     0.200000      1357970         1.25
    12.00000     0.300000      1357970         1.43
    12.00000     0.400000      1357970         1.67
    12.00000     0.500000      1357970         2.00
    12.00000     0.550000      1357970         2.22
    12.00000     0.600000      1357970         2.50
    12.00000     0.650000      1357970         2.86
    12.00000     0.700000      1357970         3.33
    24.00000     0.750000      1854670         4.00
    24.00000     0.775000      1854670         4.44
    24.00000     0.800000      1854670         5.00
    24.00000     0.825000      1854670         5.71
    24.00000     0.850000      1854670         6.67
    24.00000     0.875000      1854670         8.00
    24.00000     0.887500      1854670         8.89
    24.00000     0.900000      1854670        10.00
    24.00000     0.912500      1854670        11.43
    24.00000     0.925000      1854670        13.33
    24.00000     0.937500      1854670        16.00
    24.00000     0.943750      1854670        17.78
    24.00000     0.950000      1854670        20.00
    24.00000     0.956250      1854670        22.86
    24.00000     0.962500      1854670        26.67
    24.00000     0.968750      1854670        32.00
    24.00000     0.971875      1854670        35.56
    24.00000     0.975000      1854670        40.00
    24.00000     0.978125      1854670        45.71
    24.00000     0.981250      1854670        53.33
    24.00000     0.984375      1854670        64.00
    24.00000     0.985938      1854670        71.11
    24.00000     0.987500      1854670        80.00
    37.00000     0.989062      1870973        91.43
    37.00000     0.990625      1870973       106.67
    37.00000     0.992188      1870973       128.00
    37.00000     0.992969      1870973       142.22
    37.00000     0.993750      1870973       160.00
    37.00000     0.994531      1870973       182.86
    37.00000     0.995313      1870973       213.33
    37.00000     0.996094      1870973       256.00
    37.00000     0.996484      1870973       284.44
    49.00000     0.996875      1875749       320.00
    49.00000     0.997266      1875749       365.71
    49.00000     0.997656      1875749       426.67
    49.00000     0.998047      1875749       512.00
    49.00000     0.998242      1875749       568.89
    49.00000     0.998437      1875749       640.00
    49.00000     0.998633      1875749       731.43
    49.00000     0.998828      1875749       853.33
    49.00000     0.999023      1875749      1024.00
    49.00000     0.999121      1875749      1137.78
    61.00000     0.999219      1876853      1280.00
    61.00000     0.999316      1876853      1462.86
    61.00000     0.999414      1876853      1706.67
    61.00000     0.999512      1876853      2048.00
    61.00000     0.999561      1876853      2275.56
    61.00000     0.999609      1876853      2560.00
    61.00000     0.999658      1876853      2925.71
    61.00000     0.999707      1876853      3413.33
    61.00000     0.999756      1876853      4096.00
    61.00000     0.999780      1876853      4551.11
    74.00000     0.999805      1877046      5120.00
    74.00000     0.999829      1877046      5851.43
    74.00000     0.999854      1877046      6826.67
    74.00000     0.999878      1877046      8192.00
    86.00000     0.999890      1877083      9102.22
    86.00000     0.999902      1877083     10240.00
    98.00000     0.999915      1877105     11702.86
   123.00000     0.999927      1877136     13653.33
   148.00000     0.999939      1877177     16384.00
   148.00000     0.999945      1877177     18204.44
   148.00000     0.999951      1877177     20480.00
   160.00000     0.999957      1877196     23405.71
   172.00000     0.999963      1877207     27306.67
   185.00000     0.999969      1877213     32768.00
   197.00000     0.999973      1877214     36408.89
   234.00000     0.999976      1877220     40960.00
   259.00000     0.999979      1877226     46811.43
   283.00000     0.999982      1877232     54613.33
   308.00000     0.999985      1877240     65536.00
   308.00000     0.999986      1877240     72817.78
   333.00000     0.999988      1877243     81920.00
   345.00000     0.999989      1877248     93622.86
   345.00000     0.999991      1877248    109226.67
   370.00000     0.999992      1877251    131072.00
   394.00000     0.999993      1877255    145635.56
   394.00000     0.999994      1877255    163840.00
   394.00000     0.999995      1877255    187245.71
   419.00000     0.999995      1877257    218453.33
   444.00000     0.999996      1877258    262144.00
   456.00000     0.999997      1877259    291271.11
   937.00000     0.999997      1877260    327680.00
   937.00000     0.999997      1877260    374491.43
  1443.00000     0.999998      1877261    436906.67
  3798.00000     0.999998      1877262    524288.00
  3798.00000     0.999998      1877262    582542.22
  3860.00000     0.999998      1877263    655360.00
  3860.00000     0.999999      1877263    748982.86
  3860.00000     0.999999      1877263    873813.33
  4970.00000     0.999999      1877264   1048576.00
  4970.00000     0.999999      1877264   1165084.44
  4970.00000     0.999999      1877264   1310720.00
  4970.00000     0.999999      1877264   1497965.71
  4970.00000     0.999999      1877264   1747626.67
  5488.00000     1.000000      1877265   2097152.00
  5488.00000     1.000000      1877265          inf
#[Mean    =       14.931, StdDeviation   =        9.863]
#[Max     =     5488.000, Total count    =      1877265]
#[Buckets =           13, SubBuckets     =       262144]
       Value   Percentile   TotalCount 1/(1-Percentile)

    61.00000     0.000000            2         1.00
    98.00000     0.100000       299093         1.11
   111.00000     0.200000      1367270         1.25
   111.00000     0.300000      1367270         1.43
   111.00000     0.400000      1367270         1.67
   111.00000     0.500000      1367270         2.00
   111.00000     0.550000      1367270         2.22
   111.00000     0.600000      1367270         2.50
   111.00000     0.650000      1367270         2.86
   111.00000     0.700000      1367270         3.33
   123.00000     0.750000      1670979         4.00
   123.00000     0.775000      1670979         4.44
   123.00000     0.800000      1670979         5.00
   123.00000     0.825000      1670979         5.71
   123.00000     0.850000      1670979         6.67
   123.00000     0.875000      1670979         8.00
   123.00000     0.887500      1670979         8.89
   135.00000     0.900000      1820862        10.00
   135.00000     0.912500      1820862        11.43
   135.00000     0.925000      1820862        13.33
   135.00000     0.937500      1820862        16.00
   135.00000     0.943750      1820862        17.78
   135.00000     0.950000      1820862        20.00
   135.00000     0.956250      1820862        22.86
   135.00000     0.962500      1820862        26.67
   135.00000     0.968750      1820862        32.00
   148.00000     0.971875      1855362        35.56
   148.00000     0.975000      1855362        40.00
   148.00000     0.978125      1855362        45.71
   148.00000     0.981250      1855362        53.33
   148.00000     0.984375      1855362        64.00
   148.00000     0.985938      1855362        71.11
   148.00000     0.987500      1855362        80.00
   160.00000     0.989062      1862207        91.43
   160.00000     0.990625      1862207       106.67
   172.00000     0.992188      1864858       128.00
   172.00000     0.992969      1864858       142.22
   185.00000     0.993750      1866213       160.00
   197.00000     0.994531      1867345       182.86
   222.00000     0.995313      1868743       213.33
   259.00000     0.996094      1869984       256.00
   308.00000     0.996484      1870766       284.44
   370.00000     0.996875      1871449       320.00
   456.00000     0.997266      1872137       365.71
   579.00000     0.997656      1872926       426.67
   715.00000     0.998047      1873607       512.00
   801.00000     0.998242      1873992       568.89
   925.00000     0.998437      1874371       640.00
  1060.00000     0.998633      1874713       731.43
  1257.00000     0.998828      1875066       853.33
  1566.00000     0.999023      1875438      1024.00
  1776.00000     0.999121      1875618      1137.78
  2133.00000     0.999219      1875802      1280.00
  2738.00000     0.999316      1875985      1462.86
  3823.00000     0.999414      1876166      1706.67
  5624.00000     0.999512      1876350      2048.00
  7338.00000     0.999561      1876441      2275.56
  9903.00000     0.999609      1876533      2560.00
 14010.00000     0.999658      1876624      2925.71
 23125.00000     0.999707      1876716      3413.33
 52034.00000     0.999756      1876807      4096.00
 64466.00000     0.999780      1876853      4551.11
 77552.00000     0.999805      1876899      5120.00
 92463.00000     0.999829      1876945      5851.43
109742.00000     0.999854      1876991      6826.67
128932.00000     0.999878      1877036      8192.00
138824.00000     0.999890      1877059      9102.22
146520.00000     0.999902      1877082     10240.00
154709.00000     0.999915      1877105     11702.86
164588.00000     0.999927      1877128     13653.33
180843.00000     0.999939      1877151     16384.00
192215.00000     0.999945      1877162     18204.44
203389.00000     0.999951      1877174     20480.00
214094.00000     0.999957      1877185     23405.71
231385.00000     0.999963      1877197     27306.67
248726.00000     0.999969      1877208     32768.00
259888.00000     0.999973      1877214     36408.89
279263.00000     0.999976      1877220     40960.00
297443.00000     0.999979      1877225     46811.43
328967.00000     0.999982      1877231     54613.33
362883.00000     0.999985      1877237     65536.00
378781.00000     0.999986      1877240     72817.78
417335.00000     0.999988      1877243     81920.00
443531.00000     0.999989      1877245     93622.86
452733.00000     0.999991      1877248    109226.67
477559.00000     0.999992      1877251    131072.00
489659.00000     0.999993      1877253    145635.56
495751.00000     0.999994      1877254    163840.00
502375.00000     0.999995      1877255    187245.71
521219.00000     0.999995      1877257    218453.33
529815.00000     0.999996      1877258    262144.00
538735.00000     0.999997      1877259    291271.11
547307.00000     0.999997      1877260    327680.00
547307.00000     0.999997      1877260    374491.43
555667.00000     0.999998      1877261    436906.67
564695.00000     0.999998      1877262    524288.00
564695.00000     0.999998      1877262    582542.22
570231.00000     0.999998      1877263    655360.00
570231.00000     0.999999      1877263    748982.86
570231.00000     0.999999      1877263    873813.33
579531.00000     0.999999      1877264   1048576.00
579531.00000     0.999999      1877264   1165084.44
579531.00000     0.999999      1877264   1310720.00
579531.00000     0.999999      1877264   1497965.71
579531.00000     0.999999      1877264   1747626.67
589487.00000     1.000000      1877265   2097152.00
589487.00000     1.000000      1877265          inf
#[Mean    =      158.722, StdDeviation   =     2957.719]
#[Max     =   589487.000, Total count    =      1877265]
#[Buckets =           13, SubBuckets     =       262144]
       Value   Percentile   TotalCount 1/(1-Percentile)

     0.00000     0.000000        11331         1.00
    37.00000     0.100000       377570         1.11
    37.00000     0.200000       377570         1.25
    49.00000     0.300000       707297         1.43
    61.00000     0.400000       783856         1.67
   111.00000     0.500000       968245         2.00
   135.00000     0.550000      1077146         2.22
   148.00000     0.600000      1134057         2.50
   172.00000     0.650000      1243440         2.86
   197.00000     0.700000      1334329         3.33
   222.00000     0.750000      1413124         4.00
   246.00000     0.775000      1483295         4.44
   259.00000     0.800000      1514397         5.00
   283.00000     0.825000      1567241         5.71
   308.00000     0.850000      1609726         6.67
   333.00000     0.875000      1645403         8.00
   357.00000     0.887500      1675305         8.89
   382.00000     0.900000      1700836        10.00
   407.00000     0.912500      1722884        11.43
   431.00000     0.925000      1742875        13.33
   456.00000     0.937500      1759941        16.00
   481.00000     0.943750      1774209        17.78
   505.00000     0.950000      1786269        20.00
   530.00000     0.956250      1796334        22.86
   567.00000     0.962500      1809045        26.67
   604.00000     0.968750      1818880        32.00
   641.00000     0.971875      1826379        35.56
   666.00000     0.975000      1830372        40.00
   715.00000     0.978125      1837156        45.71
   764.00000     0.981250      1842249        53.33
   851.00000     0.984375      1848524        64.00
   900.00000     0.985938      1850997        71.11
   974.00000     0.987500      1853820        80.00
  1110.00000     0.989062      1856941        91.43
  1356.00000     0.990625      1859768       106.67
  1714.00000     0.992188      1862661       128.00
  1985.00000     0.992969      1864087       142.22
  2824.00000     0.993750      1865542       160.00
  3169.00000     0.994531      1867044       182.86
  3293.00000     0.995313      1868515       213.33
  3428.00000     0.996094      1869989       256.00
  3552.00000     0.996484      1870720       284.44
  3749.00000     0.996875      1871424       320.00
  4082.00000     0.997266      1872149       365.71
  4464.00000     0.997656      1872871       426.67
  4871.00000     0.998047      1873606       512.00
  5106.00000     0.998242      1873987       568.89
  5377.00000     0.998437      1874337       640.00
  5673.00000     0.998633      1874708       731.43
  5994.00000     0.998828      1875074       853.33
  6388.00000     0.999023      1875435      1024.00
  6586.00000     0.999121      1875624      1137.78
  6808.00000     0.999219      1875800      1280.00
  7042.00000     0.999316      1875982      1462.86
  7387.00000     0.999414      1876171      1706.67
  7683.00000     0.999512      1876350      2048.00
  7893.00000     0.999561      1876441      2275.56
  8164.00000     0.999609      1876533      2560.00
  8399.00000     0.999658      1876627      2925.71
  8695.00000     0.999707      1876717      3413.33
  9114.00000     0.999756      1876807      4096.00
  9422.00000     0.999780      1876853      4551.11
  9706.00000     0.999805      1876899      5120.00
 10138.00000     0.999829      1876945      5851.43
 10619.00000     0.999854      1876992      6826.67
 11186.00000     0.999878      1877036      8192.00
 11716.00000     0.999890      1877060      9102.22
 12296.00000     0.999902      1877082     10240.00
 13048.00000     0.999915      1877105     11702.86
 13801.00000     0.999927      1877128     13653.33
 15145.00000     0.999939      1877151     16384.00
 15737.00000     0.999945      1877162     18204.44
 16403.00000     0.999951      1877174     20480.00
 16884.00000     0.999957      1877185     23405.71
 18722.00000     0.999963      1877197     27306.67
 20152.00000     0.999969      1877208     32768.00
 21460.00000     0.999973      1877214     36408.89
 22594.00000     0.999976      1877220     40960.00
 23791.00000     0.999979      1877225     46811.43
 25961.00000     0.999982      1877231     54613.33
 34360.00000     0.999985      1877237     65536.00
 35162.00000     0.999986      1877240     72817.78
 35779.00000     0.999988      1877243     81920.00
 36556.00000     0.999989      1877245     93622.86
 42254.00000     0.999991      1877248    109226.67
 58608.00000     0.999992      1877251    131072.00
 65046.00000     0.999993      1877253    145635.56
 65440.00000     0.999994      1877254    163840.00
 68733.00000     0.999995      1877255    187245.71
 75282.00000     0.999995      1877257    218453.33
 76059.00000     0.999996      1877258    262144.00
 98173.00000     0.999997      1877259    291271.11
102798.00000     0.999997      1877260    327680.00
102798.00000     0.999997      1877260    374491.43
112455.00000     0.999998      1877261    436906.67
118116.00000     0.999998      1877262    524288.00
118116.00000     0.999998      1877262    582542.22
126749.00000     0.999998      1877263    655360.00
126749.00000     0.999999      1877263    748982.86
126749.00000     0.999999      1877263    873813.33
253437.00000     0.999999      1877264   1048576.00
253437.00000     0.999999      1877264   1165084.44
253437.00000     0.999999      1877264   1310720.00
253437.00000     0.999999      1877264   1497965.71
253437.00000     0.999999      1877264   1747626.67
469739.00000     1.000000      1877265   2097152.00
469739.00000     1.000000      1877265          inf
#[Mean    =      193.935, StdDeviation   =      637.903]
#[Max     =   469739.000, Total count    =      1877265]
#[Buckets =           13, SubBuckets     =       262144]
       Value   Percentile   TotalCount 1/(1-Percentile)

    86.00000     0.000000           12         1.00
   185.00000     0.100000       246035         1.11
   209.00000     0.200000       418380         1.25
   234.00000     0.300000       607207         1.43
   259.00000     0.400000       803262         1.67
   283.00000     0.500000      1001093         2.00
   296.00000     0.550000      1101455         2.22
   308.00000     0.600000      1200731         2.50
   320.00000     0.650000      1298706         2.86
   333.00000     0.700000      1392705         3.33
   345.00000     0.750000      1486548         4.00
   345.00000     0.775000      1486548         4.44
   357.00000     0.800000      1562331         5.00
   357.00000     0.825000      1562331         5.71
   370.00000     0.850000      1608043         6.67
   382.00000     0.875000      1662296         8.00
   394.00000     0.887500      1714983         8.89
   394.00000     0.900000      1714983        10.00
   394.00000     0.912500      1714983        11.43
   407.00000     0.925000      1744777        13.33
   419.00000     0.937500      1764527        16.00
   431.00000     0.943750      1780699        17.78
   444.00000     0.950000      1794203        20.00
   456.00000     0.956250      1805643        22.86
   468.00000     0.962500      1814971        26.67
   481.00000     0.968750      1822156        32.00
   493.00000     0.971875      1827680        35.56
   505.00000     0.975000      1831569        40.00
   530.00000     0.978125      1836657        45.71
   604.00000     0.981250      1842448        53.33
   814.00000     0.984375      1848168        64.00
   949.00000     0.985938      1850925        71.11
  1048.00000     0.987500      1853836        80.00
  1233.00000     0.989062      1856837        91.43
  1443.00000     0.990625      1859793       106.67
  1702.00000     0.992188      1862752       128.00
  1813.00000     0.992969      1864083       142.22
  2047.00000     0.993750      1865595       160.00
  2294.00000     0.994531      1867021       182.86
  2639.00000     0.995313      1868475       213.33
  3120.00000     0.996094      1869947       256.00
  3441.00000     0.996484      1870669       284.44
  3835.00000     0.996875      1871410       320.00
  4452.00000     0.997266      1872143       365.71
  5192.00000     0.997656      1872883       426.67
  5574.00000     0.998047      1873628       512.00
  5759.00000     0.998242      1873977       568.89
  6129.00000     0.998437      1874335       640.00
  6647.00000     0.998633      1874699       731.43
  7375.00000     0.998828      1875071       853.33
  8485.00000     0.999023      1875433      1024.00
  9225.00000     0.999121      1875616      1137.78
 10199.00000     0.999219      1875799      1280.00
 11827.00000     0.999316      1875983      1462.86
 13949.00000     0.999414      1876168      1706.67
 17686.00000     0.999512      1876351      2048.00
 20473.00000     0.999561      1876441      2275.56
 24222.00000     0.999609      1876533      2560.00
 28070.00000     0.999658      1876624      2925.71
 32387.00000     0.999707      1876717      3413.33
 37481.00000     0.999756      1876807      4096.00
 40330.00000     0.999780      1876853      4551.11
 42747.00000     0.999805      1876899      5120.00
 45756.00000     0.999829      1876945      5851.43
 50677.00000     0.999854      1876991      6826.67
 55216.00000     0.999878      1877036      8192.00
 59693.00000     0.999890      1877059      9102.22
 64515.00000     0.999902      1877082     10240.00
 77256.00000     0.999915      1877105     11702.86
 95114.00000     0.999927      1877128     13653.33
125750.00000     0.999939      1877151     16384.00
132324.00000     0.999945      1877162     18204.44
147124.00000     0.999951      1877174     20480.00
163688.00000     0.999957      1877185     23405.71
185974.00000     0.999963      1877197     27306.67
198579.00000     0.999969      1877208     32768.00
217325.00000     0.999973      1877214     36408.89
230892.00000     0.999976      1877220     40960.00
245211.00000     0.999979      1877225     46811.43
275947.00000     0.999982      1877231     54613.33
300329.00000     0.999985      1877237     65536.00
309469.00000     0.999986      1877240     72817.78
316387.00000     0.999988      1877243     81920.00
335899.00000     0.999989      1877245     93622.86
341757.00000     0.999991      1877248    109226.67
366139.00000     0.999992      1877251    131072.00
379645.00000     0.999993      1877253    145635.56
384763.00000     0.999994      1877254    163840.00
394383.00000     0.999995      1877255    187245.71
402191.00000     0.999995      1877257    218453.33
411785.00000     0.999996      1877258    262144.00
422811.00000     0.999997      1877259    291271.11
432813.00000     0.999997      1877260    327680.00
432813.00000     0.999997      1877260    374491.43
460317.00000     0.999998      1877261    436906.67
464621.00000     0.999998      1877262    524288.00
464621.00000     0.999998      1877262    582542.22
466237.00000     0.999998      1877263    655360.00
466237.00000     0.999999      1877263    748982.86
466237.00000     0.999999      1877263    873813.33
489301.00000     0.999999      1877264   1048576.00
489301.00000     0.999999      1877264   1165084.44
489301.00000     0.999999      1877264   1310720.00
489301.00000     0.999999      1877264   1497965.71
489301.00000     0.999999      1877264   1747626.67
559171.00000     1.000000      1877265   2097152.00
559171.00000     1.000000      1877265          inf
#[Mean    =      348.871, StdDeviation   =     2212.342]
#[Max     =   559171.000, Total count    =      1877265]
#[Buckets =           13, SubBuckets     =       262144]
       Value   Percentile   TotalCount 1/(1-Percentile)

     0.00000     0.000000       250578         1.00
     0.00000     0.100000       250578         1.11
    12.00000     0.200000      1801707         1.25
    12.00000     0.300000      1801707         1.43
    12.00000     0.400000      1801707         1.67
    12.00000     0.500000      1801707         2.00
    12.00000     0.550000      1801707         2.22
    12.00000     0.600000      1801707         2.50
    12.00000     0.650000      1801707         2.86
    12.00000     0.700000      1801707         3.33
    12.00000     0.750000      1801707         4.00
    12.00000     0.775000      1801707         4.44
    12.00000     0.800000      1801707         5.00
    12.00000     0.825000      1801707         5.71
    12.00000     0.850000      1801707         6.67
    12.00000     0.875000      1801707         8.00
    12.00000     0.887500      1801707         8.89
    12.00000     0.900000      1801707        10.00
    12.00000     0.912500      1801707        11.43
    12.00000     0.925000      1801707        13.33
    12.00000     0.937500      1801707        16.00
    12.00000     0.943750      1801707        17.78
    12.00000     0.950000      1801707        20.00
    12.00000     0.956250      1801707        22.86
    24.00000     0.962500      1857388        26.67
    24.00000     0.968750      1857388        32.00
    24.00000     0.971875      1857388        35.56
    24.00000     0.975000      1857388        40.00
    24.00000     0.978125      1857388        45.71
    24.00000     0.981250      1857388        53.33
    24.00000     0.984375      1857388        64.00
    24.00000     0.985938      1857388        71.11
    24.00000     0.987500      1857388        80.00
    24.00000     0.989062      1857388        91.43
    37.00000     0.990625      1869212       106.67
    37.00000     0.992188      1869212       128.00
    37.00000     0.992969      1869212       142.22
    37.00000     0.993750      1869212       160.00
    37.00000     0.994531      1869212       182.86
    37.00000     0.995313      1869212       213.33
    49.00000     0.996094      1874400       256.00
    49.00000     0.996484      1874400       284.44
    49.00000     0.996875      1874400       320.00
    49.00000     0.997266      1874400       365.71
    49.00000     0.997656      1874400       426.67
    49.00000     0.998047      1874400       512.00
    49.00000     0.998242      1874400       568.89
    49.00000     0.998437      1874400       640.00
    61.00000     0.998633      1875601       731.43
    61.00000     0.998828      1875601       853.33
    61.00000     0.999023      1875601      1024.00
    74.00000     0.999121      1875988      1137.78
    74.00000     0.999219      1875988      1280.00
    74.00000     0.999316      1875988      1462.86
    98.00000     0.999414      1876268      1706.67
   111.00000     0.999512      1876453      2048.00
   111.00000     0.999561      1876453      2275.56
   135.00000     0.999609      1876576      2560.00
   160.00000     0.999658      1876701      2925.71
   172.00000     0.999707      1876766      3413.33
   197.00000     0.999756      1876817      4096.00
   234.00000     0.999780      1876865      4551.11
   296.00000     0.999805      1876910      5120.00
   333.00000     0.999829      1876951      5851.43
   407.00000     0.999854      1876991      6826.67
   542.00000     0.999878      1877037      8192.00
   592.00000     0.999890      1877059      9102.22
   666.00000     0.999902      1877083     10240.00
   777.00000     0.999915      1877105     11702.86
   912.00000     0.999927      1877128     13653.33
  4810.00000     0.999939      1877151     16384.00
  5081.00000     0.999945      1877163     18204.44
  5155.00000     0.999951      1877175     20480.00
  5204.00000     0.999957      1877186     23405.71
  5241.00000     0.999963      1877197     27306.67
  5291.00000     0.999969      1877209     32768.00
  5328.00000     0.999973      1877218     36408.89
  5352.00000     0.999976      1877220     40960.00
  5389.00000     0.999979      1877225     46811.43
  5463.00000     0.999982      1877232     54613.33
  5685.00000     0.999985      1877237     65536.00
  5796.00000     0.999986      1877240     72817.78
  5907.00000     0.999988      1877243     81920.00
  5969.00000     0.999989      1877245     93622.86
  6129.00000     0.999991      1877248    109226.67
  6487.00000     0.999992      1877252    131072.00
  6549.00000     0.999993      1877253    145635.56
  6660.00000     0.999994      1877254    163840.00
  6734.00000     0.999995      1877256    187245.71
  6795.00000     0.999995      1877257    218453.33
  6882.00000     0.999996      1877258    262144.00
  6943.00000     0.999997      1877259    291271.11
  6968.00000     0.999997      1877260    327680.00
  6968.00000     0.999997      1877260    374491.43
  7116.00000     0.999998      1877261    436906.67
  7190.00000     0.999998      1877262    524288.00
  7190.00000     0.999998      1877262    582542.22
  7535.00000     0.999998      1877263    655360.00
  7535.00000     0.999999      1877263    748982.86
  7535.00000     0.999999      1877263    873813.33
  7572.00000     0.999999      1877264   1048576.00
  7572.00000     0.999999      1877264   1165084.44
  7572.00000     0.999999      1877264   1310720.00
  7572.00000     0.999999      1877264   1497965.71
  7572.00000     0.999999      1877264   1747626.67
  8559.00000     1.000000      1877265   2097152.00
  8559.00000     1.000000      1877265          inf
#[Mean    =       11.535, StdDeviation   =       45.044]
#[Max     =     8559.000, Total count    =      1877265]
#[Buckets =           13, SubBuckets     =       262144]
       Value   Percentile   TotalCount 1/(1-Percentile)

   629.00000     0.000000            6         1.00
   912.00000     0.100000       273314         1.11
   925.00000     0.200000       697894         1.25
   925.00000     0.300000       697894         1.43
   937.00000     0.400000      1106602         1.67
   937.00000     0.500000      1106602         2.00
   937.00000     0.550000      1106602         2.22
   949.00000     0.600000      1263166         2.50
   949.00000     0.650000      1263166         2.86
   962.00000     0.700000      1329521         3.33
   986.00000     0.750000      1448472         4.00
   999.00000     0.775000      1477127         4.44
  1036.00000     0.800000      1505308         5.00
  1122.00000     0.825000      1553033         5.71
  1171.00000     0.850000      1603139         6.67
  1233.00000     0.875000      1650549         8.00
  1258.00000     0.887500      1666266         8.89
  1295.00000     0.900000      1690031        10.00
  1332.00000     0.912500      1714845        11.43
  1369.00000     0.925000      1739707        13.33
  1406.00000     0.937500      1762817        16.00
  1430.00000     0.943750      1776557        17.78
  1455.00000     0.950000      1788637        20.00
  1480.00000     0.956250      1798218        22.86
  1517.00000     0.962500      1809260        26.67
  1578.00000     0.968750      1819914        32.00
  1640.00000     0.971875      1825022        35.56
  2035.00000     0.975000      1830336        40.00
  4329.00000     0.978125      1836207        45.71
  5846.00000     0.981250      1842340        53.33
  5932.00000     0.984375      1848356        64.00
  5969.00000     0.985938      1851566        71.11
  6006.00000     0.987500      1854801        80.00
  6031.00000     0.989062      1856932        91.43
  6068.00000     0.990625      1859718       106.67
  6117.00000     0.992188      1862789       128.00
  6154.00000     0.992969      1864614       142.22
  6179.00000     0.993750      1865548       160.00
  6240.00000     0.994531      1867185       182.86
  6339.00000     0.995313      1868567       213.33
  6536.00000     0.996094      1869968       256.00
  6783.00000     0.996484      1870670       284.44
  7153.00000     0.996875      1871416       320.00
  7338.00000     0.997266      1872170       365.71
  7486.00000     0.997656      1872921       426.67
  7609.00000     0.998047      1873602       512.00
  7683.00000     0.998242      1874017       568.89
  7745.00000     0.998437      1874386       640.00
  7807.00000     0.998633      1874722       731.43
  7881.00000     0.998828      1875084       853.33
  7979.00000     0.999023      1875437      1024.00
  8041.00000     0.999121      1875646      1137.78
  8103.00000     0.999219      1875807      1280.00
  8201.00000     0.999316      1875997      1462.86
  8325.00000     0.999414      1876172      1706.67
  8485.00000     0.999512      1876362      2048.00
  8584.00000     0.999561      1876451      2275.56
  8682.00000     0.999609      1876538      2560.00
  8793.00000     0.999658      1876627      2925.71
  8941.00000     0.999707      1876718      3413.33
  9176.00000     0.999756      1876807      4096.00
  9398.00000     0.999780      1876854      4551.11
  9632.00000     0.999805      1876899      5120.00
 10261.00000     0.999829      1876945      5851.43
 11174.00000     0.999854      1876991      6826.67
 12629.00000     0.999878      1877036      8192.00
 13492.00000     0.999890      1877060      9102.22
 14726.00000     0.999902      1877082     10240.00
 16946.00000     0.999915      1877105     11702.86
 18968.00000     0.999927      1877128     13653.33
 21040.00000     0.999939      1877152     16384.00
 21558.00000     0.999945      1877162     18204.44
 22311.00000     0.999951      1877174     20480.00
 23137.00000     0.999957      1877185     23405.71
 25098.00000     0.999963      1877197     27306.67
 26233.00000     0.999969      1877208     32768.00
 27059.00000     0.999973      1877214     36408.89
 27330.00000     0.999976      1877220     40960.00
 27577.00000     0.999979      1877225     46811.43
 28268.00000     0.999982      1877231     54613.33
 29587.00000     0.999985      1877237     65536.00
 29637.00000     0.999986      1877240     72817.78
 30007.00000     0.999988      1877243     81920.00
 30364.00000     0.999989      1877245     93622.86
 31240.00000     0.999991      1877249    109226.67
 31289.00000     0.999992      1877251    131072.00
 31659.00000     0.999993      1877253    145635.56
 32510.00000     0.999994      1877254    163840.00
 32634.00000     0.999995      1877256    187245.71
 33411.00000     0.999995      1877257    218453.33
 33867.00000     0.999996      1877258    262144.00
 34632.00000     0.999997      1877259    291271.11
 39960.00000     0.999997      1877260    327680.00
 39960.00000     0.999997      1877260    374491.43
 40268.00000     0.999998      1877261    436906.67
 40996.00000     0.999998      1877262    524288.00
 40996.00000     0.999998      1877262    582542.22
 41440.00000     0.999998      1877263    655360.00
 41440.00000     0.999999      1877263    748982.86
 41440.00000     0.999999      1877263    873813.33
 63627.00000     0.999999      1877264   1048576.00
 63627.00000     0.999999      1877264   1165084.44
 63627.00000     0.999999      1877264   1310720.00
 63627.00000     0.999999      1877264   1497965.71
 63627.00000     0.999999      1877264   1747626.67
100368.00000     1.000000      1877265   2097152.00
100368.00000     1.000000      1877265          inf
#[Mean    =     1121.137, StdDeviation   =      836.017]
#[Max     =   100368.000, Total count    =      1877265]
#[Buckets =           13, SubBuckets     =       262144]

=== EXCHANGE STDERR ===
matching tid: 49221
