=== CLIENT STDERR ===
=== Exchange load generator ===
  clients  : 10
  seed     : 1032723948
  target   : 127.0.0.1:4000
  thread id: 47240
Ctrl-C to stop.


=== Stats ===
  elapsed         : 14.999 s
  requests sent   : 2529654
  ACK responses   : 2529644
  MATCH responses : 1450550
  ERR responses   : 0
  orders in flight: -10
  --- throughput ---
  requests/s      : 168657
  ACK/s           : 168656
  MATCH/s         : 96711
  ERR/s           : 0
  total resp/s    : 168656

=== EXCHANGE STDOUT ===
exchange tid: 47239
inbound thread: 47241
outbound thread: 47242
       Value   Percentile   TotalCount 1/(1-Percentile)

  2096.00000     0.000000            2         1.00
  2368.00000     0.100000       217815         1.11
  2417.00000     0.200000       418759         1.25
  2454.00000     0.300000       597255         1.43
  2491.00000     0.400000       779399         1.67
  2540.00000     0.500000       994837         2.00
  2565.00000     0.550000      1087068         2.22
  2590.00000     0.600000      1168254         2.50
  2627.00000     0.650000      1272113         2.86
  2676.00000     0.700000      1379502         3.33
  2725.00000     0.750000      1458877         4.00
  2775.00000     0.775000      1516374         4.44
  2824.00000     0.800000      1560178         5.00
  2898.00000     0.825000      1611078         5.71
  2984.00000     0.850000      1658501         6.67
  3083.00000     0.875000      1703034         8.00
  3145.00000     0.887500      1726276         8.89
  3219.00000     0.900000      1750395        10.00
  3305.00000     0.912500      1774307        11.43
  3428.00000     0.925000      1800010        13.33
  3589.00000     0.937500      1823229        16.00
  3712.00000     0.943750      1835264        17.78
  3909.00000     0.950000      1847694        20.00
  4230.00000     0.956250      1859474        22.86
  5550.00000     0.962500      1871511        26.67
  7326.00000     0.968750      1883696        32.00
  7424.00000     0.971875      1889785        35.56
  7498.00000     0.975000      1896059        40.00
  7572.00000     0.978125      1902617        45.71
  7646.00000     0.981250      1908557        53.33
  7733.00000     0.984375      1914082        64.00
  7794.00000     0.985938      1917057        71.11
  7881.00000     0.987500      1920214        80.00
  7992.00000     0.989062      1923130        91.43
  8177.00000     0.990625      1926276       106.67
  8510.00000     0.992188      1929213       128.00
  8781.00000     0.992969      1930737       142.22
  9225.00000     0.993750      1932242       160.00
  9681.00000     0.994531      1933738       182.86
 10150.00000     0.995313      1935266       213.33
 10754.00000     0.996094      1936794       256.00
 11161.00000     0.996484      1937551       284.44
 11667.00000     0.996875      1938303       320.00
 12259.00000     0.997266      1939065       365.71
 12962.00000     0.997656      1939811       426.67
 13949.00000     0.998047      1940574       512.00
 14689.00000     0.998242      1940953       568.89
 15638.00000     0.998437      1941337       640.00
 16847.00000     0.998633      1941712       731.43
 18956.00000     0.998828      1942092       853.33
 20892.00000     0.999023      1942470      1024.00
 22397.00000     0.999121      1942661      1137.78
 24457.00000     0.999219      1942850      1280.00
 27984.00000     0.999316      1943039      1462.86
 32732.00000     0.999414      1943229      1706.67
 39158.00000     0.999512      1943420      2048.00
 44042.00000     0.999561      1943514      2275.56
 50270.00000     0.999609      1943609      2560.00
 57868.00000     0.999658      1943704      2925.71
 73124.00000     0.999707      1943799      3413.33
 92894.00000     0.999756      1943894      4096.00
106288.00000     0.999780      1943941      4551.11
127341.00000     0.999805      1943989      5120.00
147284.00000     0.999829      1944036      5851.43
168510.00000     0.999854      1944084      6826.67
198307.00000     0.999878      1944132      8192.00
209925.00000     0.999890      1944155      9102.22
230325.00000     0.999902      1944179     10240.00
246913.00000     0.999915      1944202     11702.86
271223.00000     0.999927      1944226     13653.33
307693.00000     0.999939      1944250     16384.00
334591.00000     0.999945      1944262     18204.44
349515.00000     0.999951      1944274     20480.00
373035.00000     0.999957      1944285     23405.71
405817.00000     0.999963      1944297     27306.67
443113.00000     0.999969      1944309     32768.00
478459.00000     0.999973      1944315     36408.89
4811135.00000     0.999976      1944321     40960.00
4828543.00000     0.999979      1944327     46811.43
4848319.00000     0.999982      1944333     54613.33
4862015.00000     0.999985      1944339     65536.00
4870815.00000     0.999986      1944342     72817.78
4874943.00000     0.999988      1944345     81920.00
4886591.00000     0.999989      1944348     93622.86
4896415.00000     0.999991      1944351    109226.67
4908799.00000     0.999992      1944354    131072.00
4912767.00000     0.999993      1944355    145635.56
4918143.00000     0.999994      1944357    163840.00
4927647.00000     0.999995      1944358    187245.71
4939263.00000     0.999995      1944360    218453.33
4942239.00000     0.999996      1944361    262144.00
4949439.00000     0.999997      1944362    291271.11
4952191.00000     0.999997      1944363    327680.00
4952191.00000     0.999997      1944363    374491.43
4964927.00000     0.999998      1944364    436906.67
4973311.00000     0.999998      1944365    524288.00
4973311.00000     0.999998      1944365    582542.22
4980511.00000     0.999998      1944366    655360.00
4980511.00000     0.999999      1944366    748982.86
4980511.00000     0.999999      1944366    873813.33
4993855.00000     0.999999      1944367   1048576.00
4993855.00000     0.999999      1944367   1165084.44
4993855.00000     0.999999      1944367   1310720.00
4993855.00000     0.999999      1944367   1497965.71
4993855.00000     0.999999      1944367   1747626.67
5008831.00000     1.000000      1944368   2097152.00
5008831.00000     1.000000      1944368          inf
#[Mean    =     3036.185, StdDeviation   =    25244.522]
#[Max     =  5008831.000, Total count    =      1944368]
#[Buckets =           13, SubBuckets     =       262144]
       Value   Percentile   TotalCount 1/(1-Percentile)

   986.00000     0.000000            3         1.00
  1036.00000     0.100000       307254         1.11
  1048.00000     0.200000       950892         1.25
  1048.00000     0.300000       950892         1.43
  1048.00000     0.400000       950892         1.67
  1060.00000     0.500000      1491545         2.00
  1060.00000     0.550000      1491545         2.22
  1060.00000     0.600000      1491545         2.50
  1060.00000     0.650000      1491545         2.86
  1060.00000     0.700000      1491545         3.33
  1060.00000     0.750000      1491545         4.00
  1073.00000     0.775000      1681589         4.44
  1073.00000     0.800000      1681589         5.00
  1073.00000     0.825000      1681589         5.71
  1073.00000     0.850000      1681589         6.67
  1085.00000     0.875000      1715554         8.00
  1110.00000     0.887500      1731057         8.89
  1171.00000     0.900000      1752548        10.00
  1258.00000     0.912500      1779138        11.43
  1295.00000     0.925000      1805287        13.33
  1319.00000     0.937500      1824783        16.00
  1344.00000     0.943750      1843375        17.78
  1356.00000     0.950000      1851448        20.00
  1381.00000     0.956250      1863997        22.86
  1406.00000     0.962500      1872813        26.67
  1455.00000     0.968750      1885629        32.00
  1480.00000     0.971875      1891075        35.56
  1504.00000     0.975000      1896625        40.00
  1529.00000     0.978125      1902425        45.71
  1554.00000     0.981250      1908041        53.33
  1591.00000     0.984375      1915319        64.00
  1603.00000     0.985938      1917444        71.11
  1628.00000     0.987500      1921119        80.00
  1652.00000     0.989062      1924140        91.43
  1677.00000     0.990625      1926562       106.67
  1714.00000     0.992188      1929521       128.00
  1739.00000     0.992969      1931140       142.22
  1763.00000     0.993750      1932578       160.00
  1788.00000     0.994531      1933892       182.86
  1837.00000     0.995313      1935471       213.33
  2035.00000     0.996094      1936781       256.00
  2294.00000     0.996484      1937554       284.44
  2676.00000     0.996875      1938316       320.00
  3700.00000     0.997266      1939053       365.71
  5796.00000     0.997656      1939819       426.67
  6117.00000     0.998047      1940579       512.00
  6290.00000     0.998242      1940957       568.89
  6450.00000     0.998437      1941332       640.00
  6598.00000     0.998633      1941726       731.43
  6758.00000     0.998828      1942118       853.33
  6931.00000     0.999023      1942472      1024.00
  7042.00000     0.999121      1942675      1137.78
  7178.00000     0.999219      1942849      1280.00
  7375.00000     0.999316      1943048      1462.86
  7708.00000     0.999414      1943229      1706.67
  8571.00000     0.999512      1943420      2048.00
  9398.00000     0.999561      1943514      2275.56
 10335.00000     0.999609      1943609      2560.00
 12074.00000     0.999658      1943704      2925.71
 13295.00000     0.999707      1943800      3413.33
 13455.00000     0.999756      1943897      4096.00
 13542.00000     0.999780      1943947      4551.11
 13591.00000     0.999805      1943990      5120.00
 13665.00000     0.999829      1944042      5851.43
 13727.00000     0.999854      1944089      6826.67
 13813.00000     0.999878      1944134      8192.00
 13862.00000     0.999890      1944159      9102.22
 13924.00000     0.999902      1944180     10240.00
 14060.00000     0.999915      1944204     11702.86
 16021.00000     0.999927      1944227     13653.33
 19227.00000     0.999939      1944250     16384.00
 23569.00000     0.999945      1944262     18204.44
 24728.00000     0.999951      1944274     20480.00
 25098.00000     0.999957      1944285     23405.71
 25616.00000     0.999963      1944297     27306.67
 26282.00000     0.999969      1944310     32768.00
 26652.00000     0.999973      1944316     36408.89
 26788.00000     0.999976      1944321     40960.00
 27811.00000     0.999979      1944327     46811.43
 31339.00000     0.999982      1944333     54613.33
 36321.00000     0.999985      1944339     65536.00
 37900.00000     0.999986      1944342     72817.78
 38344.00000     0.999988      1944345     81920.00
 39713.00000     0.999989      1944348     93622.86
 39935.00000     0.999991      1944351    109226.67
 42451.00000     0.999992      1944354    131072.00
 42500.00000     0.999993      1944355    145635.56
 42944.00000     0.999994      1944357    163840.00
 43055.00000     0.999995      1944358    187245.71
 43993.00000     0.999995      1944360    218453.33
 47125.00000     0.999996      1944361    262144.00
 57720.00000     0.999997      1944362    291271.11
 62653.00000     0.999997      1944363    327680.00
 62653.00000     0.999997      1944363    374491.43
 63812.00000     0.999998      1944364    436906.67
 74111.00000     0.999998      1944365    524288.00
 74111.00000     0.999998      1944365    582542.22
 77848.00000     0.999998      1944366    655360.00
 77848.00000     0.999999      1944366    748982.86
 77848.00000     0.999999      1944366    873813.33
 94707.00000     0.999999      1944367   1048576.00
 94707.00000     0.999999      1944367   1165084.44
 94707.00000     0.999999      1944367   1310720.00
 94707.00000     0.999999      1944367   1497965.71
 94707.00000     0.999999      1944367   1747626.67
 98222.00000     1.000000      1944368   2097152.00
 98222.00000     1.000000      1944368          inf
#[Mean    =     1107.208, StdDeviation   =      449.630]
#[Max     =    98222.000, Total count    =      1944368]
#[Buckets =           13, SubBuckets     =       262144]
       Value   Percentile   TotalCount 1/(1-Percentile)

     0.00000     0.000000       103297         1.00
    12.00000     0.100000      1472556         1.11
    12.00000     0.200000      1472556         1.25
    12.00000     0.300000      1472556         1.43
    12.00000     0.400000      1472556         1.67
    12.00000     0.500000      1472556         2.00
    12.00000     0.550000      1472556         2.22
    12.00000     0.600000      1472556         2.50
    12.00000     0.650000      1472556         2.86
    12.00000     0.700000      1472556         3.33
    12.00000     0.750000      1472556         4.00
    24.00000     0.775000      1935093         4.44
    24.00000     0.800000      1935093         5.00
    24.00000     0.825000      1935093         5.71
    24.00000     0.850000      1935093         6.67
    24.00000     0.875000      1935093         8.00
    24.00000     0.887500      1935093         8.89
    24.00000     0.900000      1935093        10.00
    24.00000     0.912500      1935093        11.43
    24.00000     0.925000      1935093        13.33
    24.00000     0.937500      1935093        16.00
    24.00000     0.943750      1935093        17.78
    24.00000     0.950000      1935093        20.00
    24.00000     0.956250      1935093        22.86
    24.00000     0.962500      1935093        26.67
    24.00000     0.968750      1935093        32.00
    24.00000     0.971875      1935093        35.56
    24.00000     0.975000      1935093        40.00
    24.00000     0.978125      1935093        45.71
    24.00000     0.981250      1935093        53.33
    24.00000     0.984375      1935093        64.00
    24.00000     0.985938      1935093        71.11
    24.00000     0.987500      1935093        80.00
    24.00000     0.989062      1935093        91.43
    24.00000     0.990625      1935093       106.67
    24.00000     0.992188      1935093       128.00
    24.00000     0.992969      1935093       142.22
    24.00000     0.993750      1935093       160.00
    24.00000     0.994531      1935093       182.86
    37.00000     0.995313      1941668       213.33
    37.00000     0.996094      1941668       256.00
    37.00000     0.996484      1941668       284.44
    37.00000     0.996875      1941668       320.00
    37.00000     0.997266      1941668       365.71
    37.00000     0.997656      1941668       426.67
    37.00000     0.998047      1941668       512.00
    37.00000     0.998242      1941668       568.89
    37.00000     0.998437      1941668       640.00
    49.00000     0.998633      1943594       731.43
    49.00000     0.998828      1943594       853.33
    49.00000     0.999023      1943594      1024.00
    49.00000     0.999121      1943594      1137.78
    49.00000     0.999219      1943594      1280.00
    49.00000     0.999316      1943594      1462.86
    49.00000     0.999414      1943594      1706.67
    49.00000     0.999512      1943594      2048.00
    49.00000     0.999561      1943594      2275.56
    61.00000     0.999609      1944131      2560.00
    61.00000     0.999658      1944131      2925.71
    61.00000     0.999707      1944131      3413.33
    61.00000     0.999756      1944131      4096.00
    61.00000     0.999780      1944131      4551.11
    61.00000     0.999805      1944131      5120.00
    61.00000     0.999829      1944131      5851.43
    61.00000     0.999854      1944131      6826.67
    61.00000     0.999878      1944131      8192.00
    74.00000     0.999890      1944219      9102.22
    74.00000     0.999902      1944219     10240.00
    74.00000     0.999915      1944219     11702.86
    86.00000     0.999927      1944246     13653.33
    98.00000     0.999939      1944260     16384.00
   111.00000     0.999945      1944274     18204.44
   111.00000     0.999951      1944274     20480.00
   135.00000     0.999957      1944289     23405.71
   148.00000     0.999963      1944306     27306.67
   160.00000     0.999969      1944316     32768.00
   160.00000     0.999973      1944316     36408.89
   197.00000     0.999976      1944321     40960.00
   246.00000     0.999979      1944329     46811.43
   259.00000     0.999982      1944334     54613.33
   308.00000     0.999985      1944340     65536.00
   320.00000     0.999986      1944344     72817.78
   345.00000     0.999988      1944347     81920.00
   382.00000     0.999989      1944349     93622.86
   431.00000     0.999991      1944351    109226.67
   814.00000     0.999992      1944354    131072.00
   900.00000     0.999993      1944355    145635.56
   949.00000     0.999994      1944358    163840.00
   949.00000     0.999995      1944358    187245.71
  2343.00000     0.999995      1944360    218453.33
  3502.00000     0.999996      1944361    262144.00
  3848.00000     0.999997      1944362    291271.11
  4181.00000     0.999997      1944363    327680.00
  4181.00000     0.999997      1944363    374491.43
  4292.00000     0.999998      1944364    436906.67
  4625.00000     0.999998      1944365    524288.00
  4625.00000     0.999998      1944365    582542.22
  4662.00000     0.999998      1944366    655360.00
  4662.00000     0.999999      1944366    748982.86
  4662.00000     0.999999      1944366    873813.33
  5883.00000     0.999999      1944367   1048576.00
  5883.00000     0.999999      1944367   1165084.44
  5883.00000     0.999999      1944367   1310720.00
  5883.00000     0.999999      1944367   1497965.71
  5883.00000     0.999999      1944367   1747626.67
 13665.00000     1.000000      1944368   2097152.00
 13665.00000     1.000000      1944368          inf
#[Mean    =       14.392, StdDeviation   =       14.693]
#[Max     =    13665.000, Total count    =      1944368]
#[Buckets =           13, SubBuckets     =       262144]
       Value   Percentile   TotalCount 1/(1-Percentile)

    61.00000     0.000000            5         1.00
    98.00000     0.100000       684385         1.11
    98.00000     0.200000       684385         1.25
    98.00000     0.300000       684385         1.43
   111.00000     0.400000      1445105         1.67
   111.00000     0.500000      1445105         2.00
   111.00000     0.550000      1445105         2.22
   111.00000     0.600000      1445105         2.50
   111.00000     0.650000      1445105         2.86
   111.00000     0.700000      1445105         3.33
   123.00000     0.750000      1665250         4.00
   123.00000     0.775000      1665250         4.44
   123.00000     0.800000      1665250         5.00
   123.00000     0.825000      1665250         5.71
   123.00000     0.850000      1665250         6.67
   135.00000     0.875000      1900452         8.00
   135.00000     0.887500      1900452         8.89
   135.00000     0.900000      1900452        10.00
   135.00000     0.912500      1900452        11.43
   135.00000     0.925000      1900452        13.33
   135.00000     0.937500      1900452        16.00
   135.00000     0.943750      1900452        17.78
   135.00000     0.950000      1900452        20.00
   135.00000     0.956250      1900452        22.86
   135.00000     0.962500      1900452        26.67
   135.00000     0.968750      1900452        32.00
   135.00000     0.971875      1900452        35.56
   135.00000     0.975000      1900452        40.00
   147.00000     0.978125      1902408        45.71
   148.00000     0.981250      1925692        53.33
   148.00000     0.984375      1925692        64.00
   148.00000     0.985938      1925692        71.11
   148.00000     0.987500      1925692        80.00
   148.00000     0.989062      1925692        91.43
   160.00000     0.990625      1929387       106.67
   160.00000     0.992188      1929387       128.00
   172.00000     0.992969      1930957       142.22
   197.00000     0.993750      1932501       160.00
   234.00000     0.994531      1933856       182.86
   320.00000     0.995313      1935364       213.33
   431.00000     0.996094      1936815       256.00
   518.00000     0.996484      1937570       284.44
   641.00000     0.996875      1938301       320.00
   814.00000     0.997266      1939077       365.71
   986.00000     0.997656      1939827       426.67
  1233.00000     0.998047      1940585       512.00
  1418.00000     0.998242      1940959       568.89
  1702.00000     0.998437      1941342       640.00
  2047.00000     0.998633      1941718       731.43
  2466.00000     0.998828      1942094       853.33
  3046.00000     0.999023      1942473      1024.00
  3441.00000     0.999121      1942661      1137.78
  3909.00000     0.999219      1942851      1280.00
  4477.00000     0.999316      1943042      1462.86
  5229.00000     0.999414      1943232      1706.67
  6203.00000     0.999512      1943419      2048.00
  6820.00000     0.999561      1943515      2275.56
  7868.00000     0.999609      1943610      2560.00
  9583.00000     0.999658      1943704      2925.71
 11741.00000     0.999707      1943799      3413.33
 14898.00000     0.999756      1943894      4096.00
 17858.00000     0.999780      1943941      4551.11
 20621.00000     0.999805      1943989      5120.00
 27084.00000     0.999829      1944036      5851.43
 34521.00000     0.999854      1944084      6826.67
 46595.00000     0.999878      1944131      8192.00
 55056.00000     0.999890      1944155      9102.22
 65700.00000     0.999902      1944179     10240.00
 78057.00000     0.999915      1944202     11702.86
 96076.00000     0.999927      1944226     13653.33
119436.00000     0.999939      1944250     16384.00
142943.00000     0.999945      1944262     18204.44
163169.00000     0.999951      1944274     20480.00
176206.00000     0.999957      1944285     23405.71
186319.00000     0.999963      1944297     27306.67
209950.00000     0.999969      1944309     32768.00
221494.00000     0.999973      1944315     36408.89
246370.00000     0.999976      1944321     40960.00
263711.00000     0.999979      1944327     46811.43
299059.00000     0.999982      1944333     54613.33
325033.00000     0.999985      1944339     65536.00
332605.00000     0.999986      1944342     72817.78
347479.00000     0.999988      1944345     81920.00
381927.00000     0.999989      1944348     93622.86
414893.00000     0.999991      1944351    109226.67
4803871.00000     0.999992      1944354    131072.00
4807679.00000     0.999993      1944355    145635.56
4815423.00000     0.999994      1944357    163840.00
4823999.00000     0.999995      1944358    187245.71
4834911.00000     0.999995      1944360    218453.33
4843423.00000     0.999996      1944361    262144.00
4856703.00000     0.999997      1944362    291271.11
4863231.00000     0.999997      1944363    327680.00
4863231.00000     0.999997      1944363    374491.43
4874335.00000     0.999998      1944364    436906.67
4881535.00000     0.999998      1944365    524288.00
4881535.00000     0.999998      1944365    582542.22
4887615.00000     0.999998      1944366    655360.00
4887615.00000     0.999999      1944366    748982.86
4887615.00000     0.999999      1944366    873813.33
4894751.00000     0.999999      1944367   1048576.00
4894751.00000     0.999999      1944367   1165084.44
4894751.00000     0.999999      1944367   1310720.00
4894751.00000     0.999999      1944367   1497965.71
4894751.00000     0.999999      1944367   1747626.67
4945599.00000     1.000000      1944368   2097152.00
4945599.00000     1.000000      1944368          inf
#[Mean    =      180.533, StdDeviation   =    14439.876]
#[Max     =  4945599.000, Total count    =      1944368]
#[Buckets =           13, SubBuckets     =       262144]
       Value   Percentile   TotalCount 1/(1-Percentile)

     0.00000     0.000000        14493         1.00
    37.00000     0.100000       405647         1.11
    37.00000     0.200000       405647         1.25
    49.00000     0.300000       752931         1.43
    61.00000     0.400000       821266         1.67
   111.00000     0.500000       989041         2.00
   135.00000     0.550000      1098743         2.22
   160.00000     0.600000      1226675         2.50
   172.00000     0.650000      1286877         2.86
   197.00000     0.700000      1388807         3.33
   222.00000     0.750000      1472914         4.00
   234.00000     0.775000      1510642         4.44
   259.00000     0.800000      1578342         5.00
   271.00000     0.825000      1607015         5.71
   296.00000     0.850000      1656791         6.67
   333.00000     0.875000      1713220         8.00
   345.00000     0.887500      1728425         8.89
   370.00000     0.900000      1755096        10.00
   394.00000     0.912500      1777869        11.43
   431.00000     0.925000      1807431        13.33
   456.00000     0.937500      1823903        16.00
   481.00000     0.943750      1837959        17.78
   505.00000     0.950000      1849774        20.00
   530.00000     0.956250      1859676        22.86
   567.00000     0.962500      1872331        26.67
   616.00000     0.968750      1885374        32.00
   641.00000     0.971875      1890496        35.56
   678.00000     0.975000      1896759        40.00
   715.00000     0.978125      1901990        45.71
   777.00000     0.981250      1908600        53.33
   851.00000     0.984375      1914456        64.00
   900.00000     0.985938      1917280        71.11
   962.00000     0.987500      1920065        80.00
  1073.00000     0.989062      1923194        91.43
  1258.00000     0.990625      1926235       106.67
  1800.00000     0.992188      1929220       128.00
  2886.00000     0.992969      1930698       142.22
  4637.00000     0.993750      1932234       160.00
  4859.00000     0.994531      1933808       182.86
  5044.00000     0.995313      1935279       213.33
  5266.00000     0.996094      1936832       256.00
  5414.00000     0.996484      1937561       284.44
  5599.00000     0.996875      1938294       320.00
  5846.00000     0.997266      1939053       365.71
  6240.00000     0.997656      1939815       426.67
  6857.00000     0.998047      1940571       512.00
  7264.00000     0.998242      1940952       568.89
  7696.00000     0.998437      1941341       640.00
  8127.00000     0.998633      1941717       731.43
  8510.00000     0.998828      1942094       853.33
  8954.00000     0.999023      1942473      1024.00
  9163.00000     0.999121      1942668      1137.78
  9385.00000     0.999219      1942854      1280.00
  9657.00000     0.999316      1943042      1462.86
  9977.00000     0.999414      1943237      1706.67
 10360.00000     0.999512      1943424      2048.00
 10582.00000     0.999561      1943515      2275.56
 10816.00000     0.999609      1943609      2560.00
 11100.00000     0.999658      1943705      2925.71
 11470.00000     0.999707      1943803      3413.33
 11901.00000     0.999756      1943895      4096.00
 12136.00000     0.999780      1943941      4551.11
 12469.00000     0.999805      1943989      5120.00
 12826.00000     0.999829      1944037      5851.43
 13394.00000     0.999854      1944084      6826.67
 13850.00000     0.999878      1944132      8192.00
 14072.00000     0.999890      1944155      9102.22
 14565.00000     0.999902      1944179     10240.00
 15194.00000     0.999915      1944202     11702.86
 15774.00000     0.999927      1944226     13653.33
 16896.00000     0.999939      1944250     16384.00
 17673.00000     0.999945      1944262     18204.44
 18413.00000     0.999951      1944274     20480.00
 19671.00000     0.999957      1944286     23405.71
 21225.00000     0.999963      1944297     27306.67
 23680.00000     0.999969      1944310     32768.00
 25209.00000     0.999973      1944315     36408.89
 28132.00000     0.999976      1944321     40960.00
 31709.00000     0.999979      1944327     46811.43
 35335.00000     0.999982      1944333     54613.33
 39861.00000     0.999985      1944339     65536.00
 43487.00000     0.999986      1944342     72817.78
 48926.00000     0.999988      1944345     81920.00
 52515.00000     0.999989      1944348     93622.86
 65934.00000     0.999991      1944351    109226.67
 71607.00000     0.999992      1944354    131072.00
 80499.00000     0.999993      1944355    145635.56
 82571.00000     0.999994      1944357    163840.00
 83015.00000     0.999995      1944358    187245.71
 84421.00000     0.999995      1944360    218453.33
 89897.00000     0.999996      1944361    262144.00
 93548.00000     0.999997      1944362    291271.11
102440.00000     0.999997      1944363    327680.00
102440.00000     0.999997      1944363    374491.43
112615.00000     0.999998      1944364    436906.67
120200.00000     0.999998      1944365    524288.00
120200.00000     0.999998      1944365    582542.22
123210.00000     0.999998      1944366    655360.00
123210.00000     0.999999      1944366    748982.86
123210.00000     0.999999      1944366    873813.33
123247.00000     0.999999      1944367   1048576.00
123247.00000     0.999999      1944367   1165084.44
123247.00000     0.999999      1944367   1310720.00
123247.00000     0.999999      1944367   1497965.71
123247.00000     0.999999      1944367   1747626.67
197099.00000     1.000000      1944368   2097152.00
197099.00000     1.000000      1944368          inf
#[Mean    =      206.973, StdDeviation   =      674.231]
#[Max     =   197099.000, Total count    =      1944368]
#[Buckets =           13, SubBuckets     =       262144]
       Value   Percentile   TotalCount 1/(1-Percentile)

    86.00000     0.000000           18         1.00
   172.00000     0.100000       239898         1.11
   197.00000     0.200000       441501         1.25
   222.00000     0.300000       637417         1.43
   246.00000     0.400000       842009         1.67
   271.00000     0.500000      1049719         2.00
   283.00000     0.550000      1154806         2.22
   296.00000     0.600000      1259983         2.50
   308.00000     0.650000      1364966         2.86
   308.00000     0.700000      1364966         3.33
   320.00000     0.750000      1466809         4.00
   333.00000     0.775000      1565242         4.44
   333.00000     0.800000      1565242         5.00
   345.00000     0.825000      1655723         5.71
   345.00000     0.850000      1655723         6.67
   357.00000     0.875000      1721787         8.00
   370.00000     0.887500      1757380         8.89
   370.00000     0.900000      1757380        10.00
   382.00000     0.912500      1804301        11.43
   382.00000     0.925000      1804301        13.33
   394.00000     0.937500      1833850        16.00
   407.00000     0.943750      1849053        17.78
   407.00000     0.950000      1849053        20.00
   419.00000     0.956250      1861081        22.86
   444.00000     0.962500      1879538        26.67
   456.00000     0.968750      1886264        32.00
   468.00000     0.971875      1891698        35.56
   481.00000     0.975000      1895770        40.00
   518.00000     0.978125      1903160        45.71
   579.00000     0.981250      1908271        53.33
   789.00000     0.984375      1914045        64.00
   937.00000     0.985938      1917178        71.11
  1011.00000     0.987500      1920194        80.00
  1122.00000     0.989062      1923143        91.43
  1319.00000     0.990625      1926199       106.67
  1517.00000     0.992188      1929224       128.00
  1677.00000     0.992969      1930858       142.22
  1788.00000     0.993750      1932264       160.00
  2072.00000     0.994531      1933767       182.86
  2355.00000     0.995313      1935278       213.33
  2787.00000     0.996094      1936792       256.00
  3058.00000     0.996484      1937538       284.44
  3441.00000     0.996875      1938316       320.00
  3897.00000     0.997266      1939056       365.71
  4575.00000     0.997656      1939815       426.67
  5340.00000     0.998047      1940576       512.00
  5574.00000     0.998242      1940958       568.89
  5907.00000     0.998437      1941340       640.00
  6376.00000     0.998633      1941712       731.43
  7091.00000     0.998828      1942091       853.33
  8399.00000     0.999023      1942473      1024.00
  9287.00000     0.999121      1942660      1137.78
 10693.00000     0.999219      1942850      1280.00
 12728.00000     0.999316      1943039      1462.86
 15823.00000     0.999414      1943230      1706.67
 20880.00000     0.999512      1943419      2048.00
 24407.00000     0.999561      1943515      2275.56
 28280.00000     0.999609      1943609      2560.00
 33361.00000     0.999658      1943705      2925.71
 38887.00000     0.999707      1943799      3413.33
 45485.00000     0.999756      1943895      4096.00
 51208.00000     0.999780      1943941      4551.11
 56881.00000     0.999805      1943989      5120.00
 65909.00000     0.999829      1944036      5851.43
 75862.00000     0.999854      1944084      6826.67
 94979.00000     0.999878      1944131      8192.00
108459.00000     0.999890      1944155      9102.22
123136.00000     0.999902      1944179     10240.00
140439.00000     0.999915      1944202     11702.86
156510.00000     0.999927      1944226     13653.33
183791.00000     0.999939      1944250     16384.00
207878.00000     0.999945      1944262     18204.44
236319.00000     0.999951      1944274     20480.00
261454.00000     0.999957      1944285     23405.71
292449.00000     0.999963      1944297     27306.67
334233.00000     0.999969      1944309     32768.00
349157.00000     0.999973      1944315     36408.89
373021.00000     0.999976      1944321     40960.00
392237.00000     0.999979      1944327     46811.43
486463.00000     0.999982      1944333     54613.33
4809855.00000     0.999985      1944339     65536.00
4821343.00000     0.999986      1944342     72817.78
4829567.00000     0.999988      1944345     81920.00
4834463.00000     0.999989      1944348     93622.86
4854783.00000     0.999991      1944351    109226.67
4868383.00000     0.999992      1944354    131072.00
4878079.00000     0.999993      1944355    145635.56
4879807.00000     0.999994      1944357    163840.00
4891007.00000     0.999995      1944358    187245.71
4906143.00000     0.999995      1944360    218453.33
4909919.00000     0.999996      1944361    262144.00
4921055.00000     0.999997      1944362    291271.11
4925791.00000     0.999997      1944363    327680.00
4925791.00000     0.999997      1944363    374491.43
4935551.00000     0.999998      1944364    436906.67
4941055.00000     0.999998      1944365    524288.00
4941055.00000     0.999998      1944365    582542.22
4972927.00000     0.999998      1944366    655360.00
4972927.00000     0.999999      1944366    748982.86
4972927.00000     0.999999      1944366    873813.33
4983295.00000     0.999999      1944367   1048576.00
4983295.00000     0.999999      1944367   1165084.44
4983295.00000     0.999999      1944367   1310720.00
4983295.00000     0.999999      1944367   1497965.71
4983295.00000     0.999999      1944367   1747626.67
4999839.00000     1.000000      1944368   2097152.00
4999839.00000     1.000000      1944368          inf
#[Mean    =      422.870, StdDeviation   =    20495.077]
#[Max     =  4999839.000, Total count    =      1944368]
#[Buckets =           13, SubBuckets     =       262144]
       Value   Percentile   TotalCount 1/(1-Percentile)

     0.00000     0.000000       263197         1.00
     0.00000     0.100000       263197         1.11
    12.00000     0.200000      1835311         1.25
    12.00000     0.300000      1835311         1.43
    12.00000     0.400000      1835311         1.67
    12.00000     0.500000      1835311         2.00
    12.00000     0.550000      1835311         2.22
    12.00000     0.600000      1835311         2.50
    12.00000     0.650000      1835311         2.86
    12.00000     0.700000      1835311         3.33
    12.00000     0.750000      1835311         4.00
    12.00000     0.775000      1835311         4.44
    12.00000     0.800000      1835311         5.00
    12.00000     0.825000      1835311         5.71
    12.00000     0.850000      1835311         6.67
    12.00000     0.875000      1835311         8.00
    12.00000     0.887500      1835311         8.89
    12.00000     0.900000      1835311        10.00
    12.00000     0.912500      1835311        11.43
    12.00000     0.925000      1835311        13.33
    12.00000     0.937500      1835311        16.00
    12.00000     0.943750      1835311        17.78
    24.00000     0.950000      1897961        20.00
    24.00000     0.956250      1897961        22.86
    24.00000     0.962500      1897961        26.67
    24.00000     0.968750      1897961        32.00
    24.00000     0.971875      1897961        35.56
    24.00000     0.975000      1897961        40.00
    37.00000     0.978125      1939154        45.71
    37.00000     0.981250      1939154        53.33
    37.00000     0.984375      1939154        64.00
    37.00000     0.985938      1939154        71.11
    37.00000     0.987500      1939154        80.00
    37.00000     0.989062      1939154        91.43
    37.00000     0.990625      1939154       106.67
    37.00000     0.992188      1939154       128.00
    37.00000     0.992969      1939154       142.22
    37.00000     0.993750      1939154       160.00
    37.00000     0.994531      1939154       182.86
    37.00000     0.995313      1939154       213.33
    37.00000     0.996094      1939154       256.00
    37.00000     0.996484      1939154       284.44
    37.00000     0.996875      1939154       320.00
    37.00000     0.997266      1939154       365.71
    49.00000     0.997656      1941293       426.67
    49.00000     0.998047      1941293       512.00
    49.00000     0.998242      1941293       568.89
    61.00000     0.998437      1941897       640.00
    61.00000     0.998633      1941897       731.43
    74.00000     0.998828      1942207       853.33
    98.00000     0.999023      1942603      1024.00
   111.00000     0.999121      1942907      1137.78
   111.00000     0.999219      1942907      1280.00
   123.00000     0.999316      1943067      1462.86
   148.00000     0.999414      1943280      1706.67
   172.00000     0.999512      1943445      2048.00
   197.00000     0.999561      1943548      2275.56
   222.00000     0.999609      1943620      2560.00
   271.00000     0.999658      1943723      2925.71
   320.00000     0.999707      1943814      3413.33
   357.00000     0.999756      1943894      4096.00
   394.00000     0.999780      1943953      4551.11
   419.00000     0.999805      1943989      5120.00
   468.00000     0.999829      1944043      5851.43
   518.00000     0.999854      1944089      6826.67
   567.00000     0.999878      1944135      8192.00
   592.00000     0.999890      1944155      9102.22
   629.00000     0.999902      1944190     10240.00
   653.00000     0.999915      1944208     11702.86
   703.00000     0.999927      1944228     13653.33
   777.00000     0.999939      1944252     16384.00
   814.00000     0.999945      1944262     18204.44
   875.00000     0.999951      1944274     20480.00
  1048.00000     0.999957      1944286     23405.71
  1171.00000     0.999963      1944297     27306.67
  4933.00000     0.999969      1944309     32768.00
  5106.00000     0.999973      1944315     36408.89
  5180.00000     0.999976      1944323     40960.00
  5204.00000     0.999979      1944327     46811.43
  5266.00000     0.999982      1944333     54613.33
  5340.00000     0.999985      1944339     65536.00
  5414.00000     0.999986      1944343     72817.78
  5488.00000     0.999988      1944345     81920.00
  5624.00000     0.999989      1944348     93622.86
  5722.00000     0.999991      1944351    109226.67
  5994.00000     0.999992      1944354    131072.00
  6105.00000     0.999993      1944355    145635.56
  6203.00000     0.999994      1944357    163840.00
  6364.00000     0.999995      1944358    187245.71
  6635.00000     0.999995      1944360    218453.33
  6647.00000     0.999996      1944361    262144.00
  6795.00000     0.999997      1944362    291271.11
  6820.00000     0.999997      1944363    327680.00
  6820.00000     0.999997      1944363    374491.43
  7017.00000     0.999998      1944364    436906.67
  7202.00000     0.999998      1944365    524288.00
  7202.00000     0.999998      1944365    582542.22
  7326.00000     0.999998      1944366    655360.00
  7326.00000     0.999999      1944366    748982.86
  7326.00000     0.999999      1944366    873813.33
  7474.00000     0.999999      1944367   1048576.00
  7474.00000     0.999999      1944367   1165084.44
  7474.00000     0.999999      1944367   1310720.00
  7474.00000     0.999999      1944367   1497965.71
  7474.00000     0.999999      1944367   1747626.67
 11593.00000     1.000000      1944368   2097152.00
 11593.00000     1.000000      1944368          inf
#[Mean    =       11.787, StdDeviation   =       34.761]
#[Max     =    11593.000, Total count    =      1944368]
#[Buckets =           13, SubBuckets     =       262144]
       Value   Percentile   TotalCount 1/(1-Percentile)

   629.00000     0.000000            4         1.00
   912.00000     0.100000       416500         1.11
   912.00000     0.200000       416500         1.25
   925.00000     0.300000       887346         1.43
   925.00000     0.400000       887346         1.67
   937.00000     0.500000      1265789         2.00
   937.00000     0.550000      1265789         2.22
   937.00000     0.600000      1265789         2.50
   937.00000     0.650000      1265789         2.86
   949.00000     0.700000      1427273         3.33
   962.00000     0.750000      1512521         4.00
   962.00000     0.775000      1512521         4.44
   974.00000     0.800000      1591363         5.00
   986.00000     0.825000      1652211         5.71
   998.00000     0.850000      1658498         6.67
  1011.00000     0.875000      1703558         8.00
  1060.00000     0.887500      1727772         8.89
  1122.00000     0.900000      1750686        10.00
  1159.00000     0.912500      1775956        11.43
  1196.00000     0.925000      1800822        13.33
  1258.00000     0.937500      1826754        16.00
  1295.00000     0.943750      1836942        17.78
  1344.00000     0.950000      1848699        20.00
  1393.00000     0.956250      1859983        22.86
  1455.00000     0.962500      1871969        26.67
  1554.00000     0.968750      1884383        32.00
  1640.00000     0.971875      1889958        35.56
  2294.00000     0.975000      1895760        40.00
  5698.00000     0.978125      1901902        45.71
  5858.00000     0.981250      1908003        53.33
  5920.00000     0.984375      1914130        64.00
  5956.00000     0.985938      1917167        71.11
  5981.00000     0.987500      1921345        80.00
  6006.00000     0.989062      1924105        91.43
  6031.00000     0.990625      1926716       106.67
  6068.00000     0.992188      1930009       128.00
  6080.00000     0.992969      1930888       142.22
  6105.00000     0.993750      1932569       160.00
  6129.00000     0.994531      1933974       182.86
  6166.00000     0.995313      1935510       213.33
  6216.00000     0.996094      1936908       256.00
  6253.00000     0.996484      1937631       284.44
  6302.00000     0.996875      1938326       320.00
  6376.00000     0.997266      1939056       365.71
  6487.00000     0.997656      1939866       426.67
  6697.00000     0.998047      1940580       512.00
  6968.00000     0.998242      1940960       568.89
  7227.00000     0.998437      1941345       640.00
  7412.00000     0.998633      1941729       731.43
  7560.00000     0.998828      1942111       853.33
  7708.00000     0.999023      1942494      1024.00
  7782.00000     0.999121      1942670      1137.78
  7881.00000     0.999219      1942864      1280.00
  7979.00000     0.999316      1943043      1462.86
  8115.00000     0.999414      1943239      1706.67
  8288.00000     0.999512      1943420      2048.00
  8399.00000     0.999561      1943515      2275.56
  8510.00000     0.999609      1943620      2560.00
  8645.00000     0.999658      1943704      2925.71
  8855.00000     0.999707      1943801      3413.33
  9040.00000     0.999756      1943895      4096.00
  9139.00000     0.999780      1943942      4551.11
  9324.00000     0.999805      1943989      5120.00
  9669.00000     0.999829      1944037      5851.43
 10236.00000     0.999854      1944086      6826.67
 10828.00000     0.999878      1944131      8192.00
 11531.00000     0.999890      1944155      9102.22
 13196.00000     0.999902      1944179     10240.00
 15293.00000     0.999915      1944203     11702.86
 17994.00000     0.999927      1944226     13653.33
 21349.00000     0.999939      1944250     16384.00
 22964.00000     0.999945      1944263     18204.44
 24284.00000     0.999951      1944274     20480.00
 24851.00000     0.999957      1944285     23405.71
 25517.00000     0.999963      1944297     27306.67
 25752.00000     0.999969      1944312     32768.00
 25850.00000     0.999973      1944317     36408.89
 26183.00000     0.999976      1944321     40960.00
 26418.00000     0.999979      1944328     46811.43
 27577.00000     0.999982      1944334     54613.33
 27750.00000     0.999985      1944339     65536.00
 27836.00000     0.999986      1944342     72817.78
 28601.00000     0.999988      1944345     81920.00
 29045.00000     0.999989      1944348     93622.86
 30377.00000     0.999991      1944351    109226.67
 31943.00000     0.999992      1944354    131072.00
 33423.00000     0.999993      1944355    145635.56
 36506.00000     0.999994      1944357    163840.00
 36950.00000     0.999995      1944358    187245.71
 41279.00000     0.999995      1944360    218453.33
 48050.00000     0.999996      1944361    262144.00
 52145.00000     0.999997      1944362    291271.11
 54982.00000     0.999997      1944363    327680.00
 54982.00000     0.999997      1944363    374491.43
 61111.00000     0.999998      1944364    436906.67
 65601.00000     0.999998      1944365    524288.00
 65601.00000     0.999998      1944365    582542.22
 73445.00000     0.999998      1944366    655360.00
 73445.00000     0.999999      1944366    748982.86
 73445.00000     0.999999      1944366    873813.33
 80919.00000     0.999999      1944367   1048576.00
 80919.00000     0.999999      1944367   1165084.44
 80919.00000     0.999999      1944367   1310720.00
 80919.00000     0.999999      1944367   1497965.71
 80919.00000     0.999999      1944367   1747626.67
 84619.00000     1.000000      1944368   2097152.00
 84619.00000     1.000000      1944368          inf
#[Mean    =     1090.344, StdDeviation   =      831.832]
#[Max     =    84619.000, Total count    =      1944368]
#[Buckets =           13, SubBuckets     =       262144]

=== EXCHANGE STDERR ===
matching tid: 47243
