=== CLIENT STDERR ===
=== Exchange load generator ===
  clients  : 10
  seed     : 2938900776
  target   : 127.0.0.1:4000
  thread id: 47928
Ctrl-C to stop.


=== Stats ===
  elapsed         : 14.997 s
  requests sent   : 2473796
  ACK responses   : 2473786
  MATCH responses : 1417813
  ERR responses   : 0
  orders in flight: -10
  --- throughput ---
  requests/s      : 164951
  ACK/s           : 164950
  MATCH/s         : 94539
  ERR/s           : 0
  total resp/s    : 164950

=== EXCHANGE STDOUT ===
exchange tid: 47926
inbound thread: 47933
outbound thread: 47934
       Value   Percentile   TotalCount 1/(1-Percentile)

  1998.00000     0.000000            1         1.00
  2355.00000     0.100000       220767         1.11
  2405.00000     0.200000       394624         1.25
  2454.00000     0.300000       589137         1.43
  2503.00000     0.400000       771240         1.67
  2565.00000     0.500000       953640         2.00
  2614.00000     0.550000      1064274         2.22
  2664.00000     0.600000      1152059         2.50
  2725.00000     0.650000      1236051         2.86
  2824.00000     0.700000      1335230         3.33
  2935.00000     0.750000      1429971         4.00
  2997.00000     0.775000      1479211         4.44
  3058.00000     0.800000      1525195         5.00
  3132.00000     0.825000      1573351         5.71
  3206.00000     0.850000      1615014         6.67
  3317.00000     0.875000      1665495         8.00
  3379.00000     0.887500      1688268         8.89
  3453.00000     0.900000      1711276        10.00
  3539.00000     0.912500      1733057        11.43
  3663.00000     0.925000      1756704        13.33
  3848.00000     0.937500      1780120        16.00
  3983.00000     0.943750      1791764        17.78
  4181.00000     0.950000      1803520        20.00
  4600.00000     0.956250      1815276        22.86
  5537.00000     0.962500      1827182        26.67
  6919.00000     0.968750      1838953        32.00
  7301.00000     0.971875      1845077        35.56
  7424.00000     0.975000      1851270        40.00
  7523.00000     0.978125      1857398        45.71
  7622.00000     0.981250      1862955        53.33
  7770.00000     0.984375      1868754        64.00
  7881.00000     0.985938      1871568        71.11
  8066.00000     0.987500      1874597        80.00
  8349.00000     0.989062      1877483        91.43
  8818.00000     0.990625      1880467       106.67
  9398.00000     0.992188      1883421       128.00
  9632.00000     0.992969      1884881       142.22
  9879.00000     0.993750      1886368       160.00
 10162.00000     0.994531      1887849       182.86
 10545.00000     0.995313      1889347       213.33
 11112.00000     0.996094      1890805       256.00
 11568.00000     0.996484      1891558       284.44
 12197.00000     0.996875      1892294       320.00
 13048.00000     0.997266      1893025       365.71
 14356.00000     0.997656      1893770       426.67
 16637.00000     0.998047      1894508       512.00
 18500.00000     0.998242      1894879       568.89
 20966.00000     0.998437      1895249       640.00
 24753.00000     0.998633      1895619       731.43
 29674.00000     0.998828      1895990       853.33
 37703.00000     0.999023      1896361      1024.00
 43216.00000     0.999121      1896546      1137.78
 49592.00000     0.999219      1896732      1280.00
 59742.00000     0.999316      1896917      1462.86
 72618.00000     0.999414      1897102      1706.67
 97680.00000     0.999512      1897288      2048.00
117006.00000     0.999561      1897380      2275.56
135568.00000     0.999609      1897473      2560.00
158187.00000     0.999658      1897566      2925.71
180634.00000     0.999707      1897658      3413.33
206694.00000     0.999756      1897751      4096.00
221593.00000     0.999780      1897797      4551.11
234629.00000     0.999805      1897844      5120.00
258753.00000     0.999829      1897890      5851.43
287071.00000     0.999854      1897936      6826.67
315611.00000     0.999878      1897983      8192.00
331359.00000     0.999890      1898006      9102.22
355867.00000     0.999902      1898029     10240.00
385109.00000     0.999915      1898052     11702.86
416681.00000     0.999927      1898075     13653.33
484971.00000     0.999939      1898099     16384.00
521059.00000     0.999945      1898110     18204.44
598847.00000     0.999951      1898122     20480.00
3926143.00000     0.999957      1898133     23405.71
4073503.00000     0.999963      1898145     27306.67
4834687.00000     0.999969      1898157     32768.00
4855871.00000     0.999973      1898162     36408.89
4871007.00000     0.999976      1898168     40960.00
4881791.00000     0.999979      1898174     46811.43
4895135.00000     0.999982      1898180     54613.33
4906111.00000     0.999985      1898186     65536.00
4908191.00000     0.999986      1898188     72817.78
4922175.00000     0.999988      1898191     81920.00
4927871.00000     0.999989      1898194     93622.86
4941279.00000     0.999991      1898197    109226.67
4955615.00000     0.999992      1898200    131072.00
4955807.00000     0.999993      1898201    145635.56
4968159.00000     0.999994      1898203    163840.00
4969215.00000     0.999995      1898204    187245.71
4982111.00000     0.999995      1898206    218453.33
4984511.00000     0.999996      1898207    262144.00
4986783.00000     0.999997      1898208    291271.11
4997087.00000     0.999997      1898209    327680.00
4997087.00000     0.999997      1898209    374491.43
5000703.00000     0.999998      1898210    436906.67
5019391.00000     0.999998      1898211    524288.00
5019391.00000     0.999998      1898211    582542.22
6499743.00000     0.999998      1898213    655360.00
6499743.00000     0.999999      1898213    748982.86
6499743.00000     0.999999      1898213    873813.33
6499743.00000     0.999999      1898213   1048576.00
6499743.00000     0.999999      1898213   1165084.44
6499743.00000     0.999999      1898213   1310720.00
6499743.00000     0.999999      1898213   1497965.71
6499743.00000     0.999999      1898213   1747626.67
6572351.00000     1.000000      1898214   2097152.00
6572351.00000     1.000000      1898214          inf
#[Mean    =     3261.442, StdDeviation   =    32790.628]
#[Max     =  6572351.000, Total count    =      1898214]
#[Buckets =           13, SubBuckets     =       262144]
       Value   Percentile   TotalCount 1/(1-Percentile)

   974.00000     0.000000            4         1.00
  1036.00000     0.100000       470372         1.11
  1036.00000     0.200000       470372         1.25
  1048.00000     0.300000       994867         1.43
  1048.00000     0.400000       994867         1.67
  1048.00000     0.500000       994867         2.00
  1060.00000     0.550000      1332741         2.22
  1060.00000     0.600000      1332741         2.50
  1060.00000     0.650000      1332741         2.86
  1060.00000     0.700000      1332741         3.33
  1073.00000     0.750000      1451993         4.00
  1085.00000     0.775000      1478270         4.44
  1134.00000     0.800000      1519700         5.00
  1221.00000     0.825000      1569671         5.71
  1282.00000     0.850000      1629954         6.67
  1307.00000     0.875000      1667720         8.00
  1319.00000     0.887500      1686263         8.89
  1344.00000     0.900000      1720345        10.00
  1356.00000     0.912500      1734994        11.43
  1381.00000     0.925000      1757582        13.33
  1430.00000     0.937500      1784815        16.00
  1455.00000     0.943750      1795378        17.78
  1480.00000     0.950000      1805783        20.00
  1504.00000     0.956250      1816999        22.86
  1529.00000     0.962500      1828629        26.67
  1554.00000     0.968750      1839964        32.00
  1566.00000     0.971875      1845013        35.56
  1591.00000     0.975000      1853942        40.00
  1603.00000     0.978125      1857807        45.71
  1628.00000     0.981250      1864092        53.33
  1652.00000     0.984375      1869202        64.00
  1677.00000     0.985938      1873259        71.11
  1689.00000     0.987500      1874909        80.00
  1714.00000     0.989062      1877881        91.43
  1751.00000     0.990625      1881087       106.67
  1788.00000     0.992188      1883476       128.00
  1825.00000     0.992969      1885141       142.22
  1887.00000     0.993750      1886499       160.00
  2059.00000     0.994531      1887897       182.86
  2294.00000     0.995313      1889318       213.33
  2565.00000     0.996094      1890848       256.00
  2775.00000     0.996484      1891544       284.44
  3095.00000     0.996875      1892289       320.00
  3786.00000     0.997266      1893027       365.71
  5735.00000     0.997656      1893785       426.67
  6043.00000     0.998047      1894520       512.00
  6216.00000     0.998242      1894890       568.89
  6376.00000     0.998437      1895273       640.00
  6536.00000     0.998633      1895627       731.43
  6734.00000     0.998828      1896017       853.33
  6993.00000     0.999023      1896361      1024.00
  7178.00000     0.999121      1896547      1137.78
  7412.00000     0.999219      1896734      1280.00
  7733.00000     0.999316      1896923      1462.86
  8140.00000     0.999414      1897103      1706.67
  8867.00000     0.999512      1897291      2048.00
  9225.00000     0.999561      1897382      2275.56
  9546.00000     0.999609      1897474      2560.00
 10014.00000     0.999658      1897568      2925.71
 10582.00000     0.999707      1897658      3413.33
 11383.00000     0.999756      1897751      4096.00
 11803.00000     0.999780      1897797      4551.11
 12308.00000     0.999805      1897844      5120.00
 13061.00000     0.999829      1897891      5851.43
 13825.00000     0.999854      1897936      6826.67
 14713.00000     0.999878      1897983      8192.00
 15552.00000     0.999890      1898006      9102.22
 16699.00000     0.999902      1898029     10240.00
 18475.00000     0.999915      1898052     11702.86
 19795.00000     0.999927      1898075     13653.33
 21904.00000     0.999939      1898099     16384.00
 23001.00000     0.999945      1898110     18204.44
 25234.00000     0.999951      1898123     20480.00
 26886.00000     0.999957      1898133     23405.71
 28354.00000     0.999963      1898145     27306.67
 30734.00000     0.999969      1898157     32768.00
 35507.00000     0.999973      1898162     36408.89
 38763.00000     0.999976      1898168     40960.00
 45127.00000     0.999979      1898174     46811.43
 52256.00000     0.999982      1898180     54613.33
 62073.00000     0.999985      1898186     65536.00
 67327.00000     0.999986      1898188     72817.78
 82349.00000     0.999988      1898191     81920.00
111629.00000     0.999989      1898194     93622.86
127563.00000     0.999991      1898197    109226.67
177920.00000     0.999992      1898200    131072.00
178167.00000     0.999993      1898201    145635.56
178463.00000     0.999994      1898203    163840.00
180399.00000     0.999995      1898204    187245.71
185937.00000     0.999995      1898206    218453.33
222493.00000     0.999996      1898207    262144.00
227500.00000     0.999997      1898208    291271.11
2938271.00000     0.999997      1898209    327680.00
2938271.00000     0.999997      1898209    374491.43
2938703.00000     0.999998      1898210    436906.67
2938911.00000     0.999998      1898211    524288.00
2938911.00000     0.999998      1898211    582542.22
6461119.00000     0.999998      1898212    655360.00
6461119.00000     0.999999      1898212    748982.86
6461119.00000     0.999999      1898212    873813.33
6462687.00000     0.999999      1898213   1048576.00
6462687.00000     0.999999      1898213   1165084.44
6462687.00000     0.999999      1898213   1310720.00
6462687.00000     0.999999      1898213   1497965.71
6462687.00000     0.999999      1898213   1747626.67
6463039.00000     1.000000      1898214   2097152.00
6463039.00000     1.000000      1898214          inf
#[Mean    =     1151.875, StdDeviation   =     8947.731]
#[Max     =  6463039.000, Total count    =      1898214]
#[Buckets =           13, SubBuckets     =       262144]
       Value   Percentile   TotalCount 1/(1-Percentile)

     0.00000     0.000000       102302         1.00
    12.00000     0.100000      1378669         1.11
    12.00000     0.200000      1378669         1.25
    12.00000     0.300000      1378669         1.43
    12.00000     0.400000      1378669         1.67
    12.00000     0.500000      1378669         2.00
    12.00000     0.550000      1378669         2.22
    12.00000     0.600000      1378669         2.50
    12.00000     0.650000      1378669         2.86
    12.00000     0.700000      1378669         3.33
    24.00000     0.750000      1879428         4.00
    24.00000     0.775000      1879428         4.44
    24.00000     0.800000      1879428         5.00
    24.00000     0.825000      1879428         5.71
    24.00000     0.850000      1879428         6.67
    24.00000     0.875000      1879428         8.00
    24.00000     0.887500      1879428         8.89
    24.00000     0.900000      1879428        10.00
    24.00000     0.912500      1879428        11.43
    24.00000     0.925000      1879428        13.33
    24.00000     0.937500      1879428        16.00
    24.00000     0.943750      1879428        17.78
    24.00000     0.950000      1879428        20.00
    24.00000     0.956250      1879428        22.86
    24.00000     0.962500      1879428        26.67
    24.00000     0.968750      1879428        32.00
    24.00000     0.971875      1879428        35.56
    24.00000     0.975000      1879428        40.00
    24.00000     0.978125      1879428        45.71
    24.00000     0.981250      1879428        53.33
    24.00000     0.984375      1879428        64.00
    24.00000     0.985938      1879428        71.11
    24.00000     0.987500      1879428        80.00
    24.00000     0.989062      1879428        91.43
    37.00000     0.990625      1892654       106.67
    37.00000     0.992188      1892654       128.00
    37.00000     0.992969      1892654       142.22
    37.00000     0.993750      1892654       160.00
    37.00000     0.994531      1892654       182.86
    37.00000     0.995313      1892654       213.33
    37.00000     0.996094      1892654       256.00
    37.00000     0.996484      1892654       284.44
    37.00000     0.996875      1892654       320.00
    49.00000     0.997266      1896569       365.71
    49.00000     0.997656      1896569       426.67
    49.00000     0.998047      1896569       512.00
    49.00000     0.998242      1896569       568.89
    49.00000     0.998437      1896569       640.00
    49.00000     0.998633      1896569       731.43
    49.00000     0.998828      1896569       853.33
    49.00000     0.999023      1896569      1024.00
    49.00000     0.999121      1896569      1137.78
    61.00000     0.999219      1897754      1280.00
    61.00000     0.999316      1897754      1462.86
    61.00000     0.999414      1897754      1706.67
    61.00000     0.999512      1897754      2048.00
    61.00000     0.999561      1897754      2275.56
    61.00000     0.999609      1897754      2560.00
    61.00000     0.999658      1897754      2925.71
    61.00000     0.999707      1897754      3413.33
    61.00000     0.999756      1897754      4096.00
    74.00000     0.999780      1897991      4551.11
    74.00000     0.999805      1897991      5120.00
    74.00000     0.999829      1897991      5851.43
    74.00000     0.999854      1897991      6826.67
    74.00000     0.999878      1897991      8192.00
    86.00000     0.999890      1898041      9102.22
    86.00000     0.999902      1898041     10240.00
    98.00000     0.999915      1898060     11702.86
   111.00000     0.999927      1898076     13653.33
   148.00000     0.999939      1898114     16384.00
   148.00000     0.999945      1898114     18204.44
   160.00000     0.999951      1898125     20480.00
   172.00000     0.999957      1898133     23405.71
   197.00000     0.999963      1898146     27306.67
   234.00000     0.999969      1898161     32768.00
   246.00000     0.999973      1898163     36408.89
   296.00000     0.999976      1898171     40960.00
   308.00000     0.999979      1898176     46811.43
   320.00000     0.999982      1898180     54613.33
   357.00000     0.999985      1898186     65536.00
   431.00000     0.999986      1898188     72817.78
   481.00000     0.999988      1898193     81920.00
   505.00000     0.999989      1898194     93622.86
   592.00000     0.999991      1898197    109226.67
   678.00000     0.999992      1898200    131072.00
   727.00000     0.999993      1898201    145635.56
  1036.00000     0.999994      1898203    163840.00
  1196.00000     0.999995      1898204    187245.71
  1887.00000     0.999995      1898206    218453.33
  2269.00000     0.999996      1898207    262144.00
  3922.00000     0.999997      1898208    291271.11
  4464.00000     0.999997      1898209    327680.00
  4464.00000     0.999997      1898209    374491.43
  4637.00000     0.999998      1898210    436906.67
  4662.00000     0.999998      1898211    524288.00
  4662.00000     0.999998      1898211    582542.22
  5167.00000     0.999998      1898212    655360.00
  5167.00000     0.999999      1898212    748982.86
  5167.00000     0.999999      1898212    873813.33
  5500.00000     0.999999      1898213   1048576.00
  5500.00000     0.999999      1898213   1165084.44
  5500.00000     0.999999      1898213   1310720.00
  5500.00000     0.999999      1898213   1497965.71
  5500.00000     0.999999      1898213   1747626.67
  7301.00000     1.000000      1898214   2097152.00
  7301.00000     1.000000      1898214          inf
#[Mean    =       14.850, StdDeviation   =       12.568]
#[Max     =     7301.000, Total count    =      1898214]
#[Buckets =           13, SubBuckets     =       262144]
       Value   Percentile   TotalCount 1/(1-Percentile)

    61.00000     0.000000           13         1.00
    98.00000     0.100000      1033404         1.11
    98.00000     0.200000      1033404         1.25
    98.00000     0.300000      1033404         1.43
    98.00000     0.400000      1033404         1.67
    98.00000     0.500000      1033404         2.00
   110.00000     0.550000      1063014         2.22
   111.00000     0.600000      1435007         2.50
   111.00000     0.650000      1435007         2.86
   111.00000     0.700000      1435007         3.33
   111.00000     0.750000      1435007         4.00
   123.00000     0.775000      1694519         4.44
   123.00000     0.800000      1694519         5.00
   123.00000     0.825000      1694519         5.71
   123.00000     0.850000      1694519         6.67
   123.00000     0.875000      1694519         8.00
   123.00000     0.887500      1694519         8.89
   135.00000     0.900000      1849724        10.00
   135.00000     0.912500      1849724        11.43
   135.00000     0.925000      1849724        13.33
   135.00000     0.937500      1849724        16.00
   135.00000     0.943750      1849724        17.78
   135.00000     0.950000      1849724        20.00
   135.00000     0.956250      1849724        22.86
   135.00000     0.962500      1849724        26.67
   135.00000     0.968750      1849724        32.00
   135.00000     0.971875      1849724        35.56
   147.00000     0.975000      1851346        40.00
   148.00000     0.978125      1871738        45.71
   148.00000     0.981250      1871738        53.33
   148.00000     0.984375      1871738        64.00
   148.00000     0.985938      1871738        71.11
   160.00000     0.987500      1876848        80.00
   172.00000     0.989062      1879218        91.43
   185.00000     0.990625      1880877       106.67
   222.00000     0.992188      1883793       128.00
   246.00000     0.992969      1885098       142.22
   283.00000     0.993750      1886530       160.00
   333.00000     0.994531      1888026       182.86
   394.00000     0.995313      1889397       213.33
   481.00000     0.996094      1890891       256.00
   530.00000     0.996484      1891562       284.44
   592.00000     0.996875      1892296       320.00
   678.00000     0.997266      1893138       365.71
   752.00000     0.997656      1893799       426.67
   851.00000     0.998047      1894511       512.00
   925.00000     0.998242      1894935       568.89
   999.00000     0.998437      1895258       640.00
  1122.00000     0.998633      1895646       731.43
  1270.00000     0.998828      1896005       853.33
  1541.00000     0.999023      1896367      1024.00
  1776.00000     0.999121      1896552      1137.78
  2146.00000     0.999219      1896736      1280.00
  2787.00000     0.999316      1896918      1462.86
  3959.00000     0.999414      1897102      1706.67
  5685.00000     0.999512      1897289      2048.00
  7116.00000     0.999561      1897380      2275.56
  8978.00000     0.999609      1897473      2560.00
 12321.00000     0.999658      1897566      2925.71
 17168.00000     0.999707      1897658      3413.33
 23532.00000     0.999756      1897752      4096.00
 28354.00000     0.999780      1897797      4551.11
 36321.00000     0.999805      1897844      5120.00
 48161.00000     0.999829      1897890      5851.43
 69103.00000     0.999854      1897936      6826.67
 96631.00000     0.999878      1897983      8192.00
115921.00000     0.999890      1898006      9102.22
139638.00000     0.999902      1898029     10240.00
168473.00000     0.999915      1898052     11702.86
192313.00000     0.999927      1898075     13653.33
231262.00000     0.999939      1898099     16384.00
249762.00000     0.999945      1898110     18204.44
271433.00000     0.999951      1898122     20480.00
318767.00000     0.999957      1898133     23405.71
549955.00000     0.999963      1898145     27306.67
3925887.00000     0.999969      1898157     32768.00
3982927.00000     0.999973      1898162     36408.89
4781055.00000     0.999976      1898168     40960.00
4795519.00000     0.999979      1898174     46811.43
4814431.00000     0.999982      1898180     54613.33
4827647.00000     0.999985      1898186     65536.00
4833375.00000     0.999986      1898188     72817.78
4842719.00000     0.999988      1898191     81920.00
4851263.00000     0.999989      1898194     93622.86
4863295.00000     0.999991      1898197    109226.67
4873727.00000     0.999992      1898200    131072.00
4881023.00000     0.999993      1898201    145635.56
4883327.00000     0.999994      1898203    163840.00
4889887.00000     0.999995      1898204    187245.71
4899071.00000     0.999995      1898206    218453.33
4901311.00000     0.999996      1898207    262144.00
4907103.00000     0.999997      1898208    291271.11
4907583.00000     0.999997      1898209    327680.00
4907583.00000     0.999997      1898209    374491.43
4908223.00000     0.999998      1898210    436906.67
4911263.00000     0.999998      1898211    524288.00
4911263.00000     0.999998      1898211    582542.22
4915327.00000     0.999998      1898212    655360.00
4915327.00000     0.999999      1898212    748982.86
4915327.00000     0.999999      1898212    873813.33
4927647.00000     0.999999      1898213   1048576.00
4927647.00000     0.999999      1898213   1165084.44
4927647.00000     0.999999      1898213   1310720.00
4927647.00000     0.999999      1898213   1497965.71
4927647.00000     0.999999      1898213   1747626.67
4929503.00000     1.000000      1898214   2097152.00
4929503.00000     1.000000      1898214          inf
#[Mean    =      297.495, StdDeviation   =    27245.166]
#[Max     =  4929503.000, Total count    =      1898214]
#[Buckets =           13, SubBuckets     =       262144]
       Value   Percentile   TotalCount 1/(1-Percentile)

     0.00000     0.000000        12175         1.00
    37.00000     0.100000       372355         1.11
    49.00000     0.200000       708525         1.25
    49.00000     0.300000       708525         1.43
    61.00000     0.400000       785263         1.67
   123.00000     0.500000       995929         2.00
   135.00000     0.550000      1046719         2.22
   160.00000     0.600000      1156327         2.50
   185.00000     0.650000      1254081         2.86
   209.00000     0.700000      1336980         3.33
   246.00000     0.750000      1445732         4.00
   259.00000     0.775000      1477486         4.44
   283.00000     0.800000      1532931         5.00
   308.00000     0.825000      1578305         5.71
   333.00000     0.850000      1616152         6.67
   370.00000     0.875000      1661403         8.00
   394.00000     0.887500      1687050         8.89
   419.00000     0.900000      1710621        10.00
   456.00000     0.912500      1741048        11.43
   481.00000     0.925000      1757755        13.33
   530.00000     0.937500      1785008        16.00
   555.00000     0.943750      1795978        17.78
   579.00000     0.950000      1805727        20.00
   616.00000     0.956250      1817952        22.86
   653.00000     0.962500      1827872        26.67
   715.00000     0.968750      1840598        32.00
   752.00000     0.971875      1846647        35.56
   789.00000     0.975000      1851482        40.00
   838.00000     0.978125      1857051        45.71
   912.00000     0.981250      1863420        53.33
   999.00000     0.984375      1868599        64.00
  1073.00000     0.985938      1871640        71.11
  1171.00000     0.987500      1874588        80.00
  1332.00000     0.989062      1877542        91.43
  1603.00000     0.990625      1880512       106.67
  1985.00000     0.992188      1883413       128.00
  2331.00000     0.992969      1884891       142.22
  2935.00000     0.993750      1886360       160.00
  3145.00000     0.994531      1887955       182.86
  3268.00000     0.995313      1889400       213.33
  3441.00000     0.996094      1890818       256.00
  3601.00000     0.996484      1891568       284.44
  3848.00000     0.996875      1892283       320.00
  4255.00000     0.997266      1893046       365.71
  4674.00000     0.997656      1893787       426.67
  5130.00000     0.998047      1894516       512.00
  5402.00000     0.998242      1894883       568.89
  5685.00000     0.998437      1895254       640.00
  6031.00000     0.998633      1895628       731.43
  6376.00000     0.998828      1895996       853.33
  6721.00000     0.999023      1896362      1024.00
  6931.00000     0.999121      1896554      1137.78
  7153.00000     0.999219      1896735      1280.00
  7424.00000     0.999316      1896917      1462.86
  7782.00000     0.999414      1897105      1706.67
  8201.00000     0.999512      1897289      2048.00
  8411.00000     0.999561      1897385      2275.56
  8695.00000     0.999609      1897475      2560.00
  9015.00000     0.999658      1897570      2925.71
  9361.00000     0.999707      1897659      3413.33
  9792.00000     0.999756      1897752      4096.00
 10125.00000     0.999780      1897797      4551.11
 10545.00000     0.999805      1897844      5120.00
 10915.00000     0.999829      1897894      5851.43
 11408.00000     0.999854      1897938      6826.67
 12234.00000     0.999878      1897983      8192.00
 12641.00000     0.999890      1898006      9102.22
 13369.00000     0.999902      1898029     10240.00
 14183.00000     0.999915      1898053     11702.86
 15318.00000     0.999927      1898075     13653.33
 17488.00000     0.999939      1898099     16384.00
 18870.00000     0.999945      1898110     18204.44
 20695.00000     0.999951      1898122     20480.00
 24136.00000     0.999957      1898133     23405.71
 27343.00000     0.999963      1898145     27306.67
 30167.00000     0.999969      1898157     32768.00
 30907.00000     0.999973      1898162     36408.89
 33398.00000     0.999976      1898168     40960.00
 35285.00000     0.999979      1898174     46811.43
 38702.00000     0.999982      1898180     54613.33
 43339.00000     0.999985      1898186     65536.00
 44289.00000     0.999986      1898188     72817.78
 47680.00000     0.999988      1898191     81920.00
 49925.00000     0.999989      1898194     93622.86
 56992.00000     0.999991      1898197    109226.67
 60125.00000     0.999992      1898200    131072.00
 60544.00000     0.999993      1898201    145635.56
 63122.00000     0.999994      1898203    163840.00
 65009.00000     0.999995      1898204    187245.71
 66846.00000     0.999995      1898206    218453.33
 70004.00000     0.999996      1898207    262144.00
 72433.00000     0.999997      1898208    291271.11
 79821.00000     0.999997      1898209    327680.00
 79821.00000     0.999997      1898209    374491.43
 86210.00000     0.999998      1898210    436906.67
 90144.00000     0.999998      1898211    524288.00
 90144.00000     0.999998      1898211    582542.22
109865.00000     0.999998      1898212    655360.00
109865.00000     0.999999      1898212    748982.86
109865.00000     0.999999      1898212    873813.33
130314.00000     0.999999      1898213   1048576.00
130314.00000     0.999999      1898213   1165084.44
130314.00000     0.999999      1898213   1310720.00
130314.00000     0.999999      1898213   1497965.71
130314.00000     0.999999      1898213   1747626.67
135592.00000     1.000000      1898214   2097152.00
135592.00000     1.000000      1898214          inf
#[Mean    =      211.555, StdDeviation   =      555.437]
#[Max     =   135592.000, Total count    =      1898214]
#[Buckets =           13, SubBuckets     =       262144]
       Value   Percentile   TotalCount 1/(1-Percentile)

    86.00000     0.000000            2         1.00
   185.00000     0.100000       260124         1.11
   209.00000     0.200000       439023         1.25
   234.00000     0.300000       627927         1.43
   259.00000     0.400000       822975         1.67
   283.00000     0.500000      1021411         2.00
   296.00000     0.550000      1121330         2.22
   308.00000     0.600000      1221145         2.50
   320.00000     0.650000      1319493         2.86
   333.00000     0.700000      1414209         3.33
   345.00000     0.750000      1506027         4.00
   345.00000     0.775000      1506027         4.44
   357.00000     0.800000      1571313         5.00
   357.00000     0.825000      1571313         5.71
   370.00000     0.850000      1619397         6.67
   382.00000     0.875000      1679590         8.00
   394.00000     0.887500      1719050         8.89
   394.00000     0.900000      1719050        10.00
   407.00000     0.912500      1744634        11.43
   419.00000     0.925000      1765828        13.33
   431.00000     0.937500      1783796        16.00
   444.00000     0.943750      1799089        17.78
   456.00000     0.950000      1811859        20.00
   468.00000     0.956250      1821743        22.86
   481.00000     0.962500      1829476        26.67
   505.00000     0.968750      1840069        32.00
   530.00000     0.971875      1846028        35.56
   567.00000     0.975000      1851168        40.00
   666.00000     0.978125      1856772        45.71
   863.00000     0.981250      1862725        53.33
  1036.00000     0.984375      1868627        64.00
  1171.00000     0.985938      1871597        71.11
  1344.00000     0.987500      1874578        80.00
  1554.00000     0.989062      1877509        91.43
  1763.00000     0.990625      1880473       106.67
  2121.00000     0.992188      1883445       128.00
  2343.00000     0.992969      1884922       142.22
  2614.00000     0.993750      1886353       160.00
  2997.00000     0.994531      1887859       182.86
  3502.00000     0.995313      1889325       213.33
  4341.00000     0.996094      1890807       256.00
  4970.00000     0.996484      1891543       284.44
  5414.00000     0.996875      1892287       320.00
  5772.00000     0.997266      1893040       365.71
  6610.00000     0.997656      1893773       426.67
  8127.00000     0.998047      1894511       512.00
  9213.00000     0.998242      1894879       568.89
 10767.00000     0.998437      1895250       640.00
 13048.00000     0.998633      1895622       731.43
 16983.00000     0.998828      1895990       853.33
 22619.00000     0.999023      1896362      1024.00
 26751.00000     0.999121      1896546      1137.78
 31154.00000     0.999219      1896733      1280.00
 36543.00000     0.999316      1896917      1462.86
 43660.00000     0.999414      1897102      1706.67
 52552.00000     0.999512      1897288      2048.00
 58694.00000     0.999561      1897380      2275.56
 67969.00000     0.999609      1897473      2560.00
 81227.00000     0.999658      1897566      2925.71
 98235.00000     0.999707      1897658      3413.33
122988.00000     0.999756      1897751      4096.00
136431.00000     0.999780      1897797      4551.11
148456.00000     0.999805      1897844      5120.00
164896.00000     0.999829      1897890      5851.43
181213.00000     0.999854      1897936      6826.67
205855.00000     0.999878      1897983      8192.00
218201.00000     0.999890      1898006      9102.22
234345.00000     0.999902      1898029     10240.00
256151.00000     0.999915      1898052     11702.86
281163.00000     0.999927      1898075     13653.33
297813.00000     0.999939      1898099     16384.00
308913.00000     0.999945      1898110     18204.44
329017.00000     0.999951      1898122     20480.00
352857.00000     0.999957      1898133     23405.71
362859.00000     0.999963      1898145     27306.67
382173.00000     0.999969      1898157     32768.00
395037.00000     0.999973      1898162     36408.89
402055.00000     0.999976      1898168     40960.00
419285.00000     0.999979      1898174     46811.43
429903.00000     0.999982      1898180     54613.33
460859.00000     0.999985      1898186     65536.00
461983.00000     0.999986      1898188     72817.78
466385.00000     0.999988      1898191     81920.00
499279.00000     0.999989      1898194     93622.86
527755.00000     0.999991      1898197    109226.67
4816447.00000     0.999992      1898200    131072.00
4847039.00000     0.999993      1898201    145635.56
4875199.00000     0.999994      1898203    163840.00
4877791.00000     0.999995      1898204    187245.71
4890463.00000     0.999995      1898206    218453.33
4900415.00000     0.999996      1898207    262144.00
4911423.00000     0.999997      1898208    291271.11
4927359.00000     0.999997      1898209    327680.00
4927359.00000     0.999997      1898209    374491.43
4943295.00000     0.999998      1898210    436906.67
4960223.00000     0.999998      1898211    524288.00
4960223.00000     0.999998      1898211    582542.22
4976095.00000     0.999998      1898212    655360.00
4976095.00000     0.999999      1898212    748982.86
4976095.00000     0.999999      1898212    873813.33
4992607.00000     0.999999      1898213   1048576.00
4992607.00000     0.999999      1898213   1165084.44
4992607.00000     0.999999      1898213   1310720.00
4992607.00000     0.999999      1898213   1497965.71
4992607.00000     0.999999      1898213   1747626.67
5011871.00000     1.000000      1898214   2097152.00
5011871.00000     1.000000      1898214          inf
#[Mean    =      462.748, StdDeviation   =    15225.881]
#[Max     =  5011871.000, Total count    =      1898214]
#[Buckets =           13, SubBuckets     =       262144]
       Value   Percentile   TotalCount 1/(1-Percentile)

     0.00000     0.000000       248107         1.00
     0.00000     0.100000       248107         1.11
    12.00000     0.200000      1797080         1.25
    12.00000     0.300000      1797080         1.43
    12.00000     0.400000      1797080         1.67
    12.00000     0.500000      1797080         2.00
    12.00000     0.550000      1797080         2.22
    12.00000     0.600000      1797080         2.50
    12.00000     0.650000      1797080         2.86
    12.00000     0.700000      1797080         3.33
    12.00000     0.750000      1797080         4.00
    12.00000     0.775000      1797080         4.44
    12.00000     0.800000      1797080         5.00
    12.00000     0.825000      1797080         5.71
    12.00000     0.850000      1797080         6.67
    12.00000     0.875000      1797080         8.00
    12.00000     0.887500      1797080         8.89
    12.00000     0.900000      1797080        10.00
    12.00000     0.912500      1797080        11.43
    12.00000     0.925000      1797080        13.33
    12.00000     0.937500      1797080        16.00
    12.00000     0.943750      1797080        17.78
    24.00000     0.950000      1880083        20.00
    24.00000     0.956250      1880083        22.86
    24.00000     0.962500      1880083        26.67
    24.00000     0.968750      1880083        32.00
    24.00000     0.971875      1880083        35.56
    24.00000     0.975000      1880083        40.00
    24.00000     0.978125      1880083        45.71
    24.00000     0.981250      1880083        53.33
    24.00000     0.984375      1880083        64.00
    24.00000     0.985938      1880083        71.11
    24.00000     0.987500      1880083        80.00
    24.00000     0.989062      1880083        91.43
    37.00000     0.990625      1888049       106.67
    37.00000     0.992188      1888049       128.00
    37.00000     0.992969      1888049       142.22
    37.00000     0.993750      1888049       160.00
    37.00000     0.994531      1888049       182.86
    49.00000     0.995313      1891872       213.33
    49.00000     0.996094      1891872       256.00
    49.00000     0.996484      1891872       284.44
    61.00000     0.996875      1893184       320.00
    61.00000     0.997266      1893184       365.71
    86.00000     0.997656      1894145       426.67
    98.00000     0.998047      1894594       512.00
   111.00000     0.998242      1895078       568.89
   123.00000     0.998437      1895363       640.00
   148.00000     0.998633      1895793       731.43
   172.00000     0.998828      1896151       853.33
   197.00000     0.999023      1896412      1024.00
   222.00000     0.999121      1896566      1137.78
   259.00000     0.999219      1896740      1280.00
   308.00000     0.999316      1896932      1462.86
   345.00000     0.999414      1897135      1706.67
   382.00000     0.999512      1897296      2048.00
   419.00000     0.999561      1897400      2275.56
   456.00000     0.999609      1897481      2560.00
   518.00000     0.999658      1897591      2925.71
   555.00000     0.999707      1897673      3413.33
   604.00000     0.999756      1897765      4096.00
   629.00000     0.999780      1897804      4551.11
   666.00000     0.999805      1897855      5120.00
   703.00000     0.999829      1897897      5851.43
   764.00000     0.999854      1897938      6826.67
   838.00000     0.999878      1897985      8192.00
   888.00000     0.999890      1898006      9102.22
   974.00000     0.999902      1898029     10240.00
  1023.00000     0.999915      1898056     11702.86
  1270.00000     0.999927      1898077     13653.33
  4859.00000     0.999939      1898099     16384.00
  5118.00000     0.999945      1898110     18204.44
  5180.00000     0.999951      1898122     20480.00
  5229.00000     0.999957      1898133     23405.71
  5291.00000     0.999963      1898145     27306.67
  5377.00000     0.999969      1898158     32768.00
  5402.00000     0.999973      1898163     36408.89
  5476.00000     0.999976      1898169     40960.00
  5624.00000     0.999979      1898174     46811.43
  6018.00000     0.999982      1898180     54613.33
  6339.00000     0.999985      1898187     65536.00
  6364.00000     0.999986      1898189     72817.78
  6487.00000     0.999988      1898192     81920.00
  6721.00000     0.999989      1898194     93622.86
  6869.00000     0.999991      1898197    109226.67
  7030.00000     0.999992      1898200    131072.00
  7079.00000     0.999993      1898201    145635.56
  7128.00000     0.999994      1898203    163840.00
  7289.00000     0.999995      1898204    187245.71
  7474.00000     0.999995      1898206    218453.33
  7486.00000     0.999996      1898208    262144.00
  7486.00000     0.999997      1898208    291271.11
  7609.00000     0.999997      1898209    327680.00
  7609.00000     0.999997      1898209    374491.43
  7634.00000     0.999998      1898210    436906.67
  7671.00000     0.999998      1898211    524288.00
  7671.00000     0.999998      1898211    582542.22
  7844.00000     0.999998      1898212    655360.00
  7844.00000     0.999999      1898212    748982.86
  7844.00000     0.999999      1898212    873813.33
 15244.00000     0.999999      1898213   1048576.00
 15244.00000     0.999999      1898213   1165084.44
 15244.00000     0.999999      1898213   1310720.00
 15244.00000     0.999999      1898213   1497965.71
 15244.00000     0.999999      1898213   1747626.67
 17143.00000     1.000000      1898214   2097152.00
 17143.00000     1.000000      1898214          inf
#[Mean    =       12.110, StdDeviation   =       51.086]
#[Max     =    17143.000, Total count    =      1898214]
#[Buckets =           13, SubBuckets     =       262144]
       Value   Percentile   TotalCount 1/(1-Percentile)

   616.00000     0.000000            5         1.00
   888.00000     0.100000       217795         1.11
   900.00000     0.200000       603680         1.25
   900.00000     0.300000       603680         1.43
   912.00000     0.400000       998132         1.67
   912.00000     0.500000       998132         2.00
   925.00000     0.550000      1203073         2.22
   925.00000     0.600000      1203073         2.50
   937.00000     0.650000      1295307         2.86
   949.00000     0.700000      1359225         3.33
   974.00000     0.750000      1433548         4.00
  1011.00000     0.775000      1479518         4.44
  1085.00000     0.800000      1523458         5.00
  1134.00000     0.825000      1573157         5.71
  1171.00000     0.850000      1623615         6.67
  1208.00000     0.875000      1667255         8.00
  1233.00000     0.887500      1689398         8.89
  1270.00000     0.900000      1715023        10.00
  1307.00000     0.912500      1737542        11.43
  1344.00000     0.925000      1758687        13.33
  1393.00000     0.937500      1782922        16.00
  1418.00000     0.943750      1793376        17.78
  1455.00000     0.950000      1806908        20.00
  1492.00000     0.956250      1817768        22.86
  1541.00000     0.962500      1828380        26.67
  1628.00000     0.968750      1839548        32.00
  1726.00000     0.971875      1845050        35.56
  2405.00000     0.975000      1850782        40.00
  4020.00000     0.978125      1856705        45.71
  5747.00000     0.981250      1862919        53.33
  5858.00000     0.984375      1868713        64.00
  5895.00000     0.985938      1871602        71.11
  5932.00000     0.987500      1874801        80.00
  5969.00000     0.989062      1877932        91.43
  6006.00000     0.990625      1880674       106.67
  6055.00000     0.992188      1883652       128.00
  6092.00000     0.992969      1885352       142.22
  6129.00000     0.993750      1886565       160.00
  6191.00000     0.994531      1887948       182.86
  6314.00000     0.995313      1889355       213.33
  6672.00000     0.996094      1890826       256.00
  7005.00000     0.996484      1891541       284.44
  7252.00000     0.996875      1892291       320.00
  7437.00000     0.997266      1893055       365.71
  7597.00000     0.997656      1893781       426.67
  7770.00000     0.998047      1894546       512.00
  7868.00000     0.998242      1894909       568.89
  7979.00000     0.998437      1895264       640.00
  8090.00000     0.998633      1895622       731.43
  8214.00000     0.998828      1895991       853.33
  8362.00000     0.999023      1896362      1024.00
  8473.00000     0.999121      1896569      1137.78
  8559.00000     0.999219      1896735      1280.00
  8682.00000     0.999316      1896926      1462.86
  8830.00000     0.999414      1897108      1706.67
  9040.00000     0.999512      1897292      2048.00
  9200.00000     0.999561      1897380      2275.56
  9496.00000     0.999609      1897474      2560.00
 10212.00000     0.999658      1897567      2925.71
 11507.00000     0.999707      1897658      3413.33
 13529.00000     0.999756      1897751      4096.00
 14935.00000     0.999780      1897797      4551.11
 16526.00000     0.999805      1897844      5120.00
 18685.00000     0.999829      1897890      5851.43
 22237.00000     0.999854      1897936      6826.67
 24284.00000     0.999878      1897983      8192.00
 25024.00000     0.999890      1898006      9102.22
 25863.00000     0.999902      1898029     10240.00
 26603.00000     0.999915      1898052     11702.86
 27158.00000     0.999927      1898077     13653.33
 27700.00000     0.999939      1898100     16384.00
 28046.00000     0.999945      1898110     18204.44
 28329.00000     0.999951      1898123     20480.00
 28897.00000     0.999957      1898133     23405.71
 29304.00000     0.999963      1898145     27306.67
 30192.00000     0.999969      1898157     32768.00
 30537.00000     0.999973      1898162     36408.89
 30586.00000     0.999976      1898168     40960.00
 31635.00000     0.999979      1898175     46811.43
 32584.00000     0.999982      1898180     54613.33
 34015.00000     0.999985      1898186     65536.00
 36963.00000     0.999986      1898188     72817.78
 38023.00000     0.999988      1898191     81920.00
 41020.00000     0.999989      1898194     93622.86
 41810.00000     0.999991      1898197    109226.67
 43228.00000     0.999992      1898200    131072.00
 43277.00000     0.999993      1898201    145635.56
 43943.00000     0.999994      1898203    163840.00
 44042.00000     0.999995      1898204    187245.71
 47964.00000     0.999995      1898206    218453.33
 48137.00000     0.999996      1898207    262144.00
 59496.00000     0.999997      1898208    291271.11
 77811.00000     0.999997      1898210    327680.00
 77811.00000     0.999997      1898210    374491.43
 77811.00000     0.999998      1898210    436906.67
 86271.00000     0.999998      1898211    524288.00
 86271.00000     0.999998      1898211    582542.22
 96570.00000     0.999998      1898212    655360.00
 96570.00000     0.999999      1898212    748982.86
 96570.00000     0.999999      1898212    873813.33
108484.00000     0.999999      1898213   1048576.00
108484.00000     0.999999      1898213   1165084.44
108484.00000     0.999999      1898213   1310720.00
108484.00000     0.999999      1898213   1497965.71
108484.00000     0.999999      1898213   1747626.67
121076.00000     1.000000      1898214   2097152.00
121076.00000     1.000000      1898214          inf
#[Mean    =     1108.630, StdDeviation   =      892.533]
#[Max     =   121076.000, Total count    =      1898214]
#[Buckets =           13, SubBuckets     =       262144]

=== EXCHANGE STDERR ===
matching tid: 47935
