=== CLIENT STDERR ===
=== Exchange load generator ===
  clients  : 10
  seed     : 511897038
  target   : 127.0.0.1:4000
  thread id: 49397
Ctrl-C to stop.


=== Stats ===
  elapsed         : 14.999 s
  requests sent   : 2360052
  ACK responses   : 2360042
  MATCH responses : 1355247
  ERR responses   : 0
  orders in flight: -10
  --- throughput ---
  requests/s      : 157351
  ACK/s           : 157350
  MATCH/s         : 90358
  ERR/s           : 0
  total resp/s    : 157350

=== EXCHANGE STDOUT ===
exchange tid: 49396
outbound thread: 49407
inbound thread: 49406
       Value   Percentile   TotalCount 1/(1-Percentile)

  2059.00000     0.000000            1         1.00
  2380.00000     0.100000       192252         1.11
  2442.00000     0.200000       377329         1.25
  2503.00000     0.300000       574233         1.43
  2565.00000     0.400000       739585         1.67
  2651.00000     0.500000       914970         2.00
  2701.00000     0.550000       994481         2.22
  2775.00000     0.600000      1092469         2.50
  2849.00000     0.650000      1175928         2.86
  2935.00000     0.700000      1266995         3.33
  3034.00000     0.750000      1362161         4.00
  3083.00000     0.775000      1404881         4.44
  3145.00000     0.800000      1451513         5.00
  3206.00000     0.825000      1491878         5.71
  3293.00000     0.850000      1540077         6.67
  3391.00000     0.875000      1584406         8.00
  3453.00000     0.887500      1606836         8.89
  3515.00000     0.900000      1626318        10.00
  3613.00000     0.912500      1651241        11.43
  3724.00000     0.925000      1672398        13.33
  3897.00000     0.937500      1694142        16.00
  4033.00000     0.943750      1705567        17.78
  4230.00000     0.950000      1716869        20.00
  4637.00000     0.956250      1727914        22.86
  5587.00000     0.962500      1739028        26.67
  6906.00000     0.968750      1750303        32.00
  7375.00000     0.971875      1756196        35.56
  7498.00000     0.975000      1761682        40.00
  7609.00000     0.978125      1767560        45.71
  7733.00000     0.981250      1773077        53.33
  7918.00000     0.984375      1778772        64.00
  8053.00000     0.985938      1781441        71.11
  8275.00000     0.987500      1784233        80.00
  8584.00000     0.989062      1787063        91.43
  9040.00000     0.990625      1789849       106.67
  9459.00000     0.992188      1792728       128.00
  9632.00000     0.992969      1794125       142.22
  9817.00000     0.993750      1795465       160.00
 10051.00000     0.994531      1796876       182.86
 10335.00000     0.995313      1798279       213.33
 10767.00000     0.996094      1799714       256.00
 11063.00000     0.996484      1800404       284.44
 11457.00000     0.996875      1801112       320.00
 11988.00000     0.997266      1801814       365.71
 12728.00000     0.997656      1802518       426.67
 13875.00000     0.998047      1803220       512.00
 14726.00000     0.998242      1803572       568.89
 15897.00000     0.998437      1803925       640.00
 17538.00000     0.998633      1804278       731.43
 20202.00000     0.998828      1804631       853.33
 24037.00000     0.999023      1804985      1024.00
 27133.00000     0.999121      1805161      1137.78
 31376.00000     0.999219      1805336      1280.00
 37567.00000     0.999316      1805512      1462.86
 45275.00000     0.999414      1805689      1706.67
 59064.00000     0.999512      1805865      2048.00
 68980.00000     0.999561      1805954      2275.56
 80697.00000     0.999609      1806042      2560.00
 99332.00000     0.999658      1806130      2925.71
118338.00000     0.999707      1806218      3413.33
137689.00000     0.999756      1806306      4096.00
150035.00000     0.999780      1806351      4551.11
165390.00000     0.999805      1806395      5120.00
179709.00000     0.999829      1806439      5851.43
193719.00000     0.999854      1806483      6826.67
216672.00000     0.999878      1806527      8192.00
233951.00000     0.999890      1806549      9102.22
248516.00000     0.999902      1806571     10240.00
271715.00000     0.999915      1806593     11702.86
309025.00000     0.999927      1806615     13653.33
357199.00000     0.999939      1806637     16384.00
371233.00000     0.999945      1806648     18204.44
411305.00000     0.999951      1806660     20480.00
451783.00000     0.999957      1806670     23405.71
487451.00000     0.999963      1806681     27306.67
523415.00000     0.999969      1806692     32768.00
535479.00000     0.999973      1806698     36408.89
545383.00000     0.999976      1806703     40960.00
569963.00000     0.999979      1806709     46811.43
590535.00000     0.999982      1806714     54613.33
608739.00000     0.999985      1806720     65536.00
616495.00000     0.999986      1806723     72817.78
621723.00000     0.999988      1806725     81920.00
638287.00000     0.999989      1806728     93622.86
650263.00000     0.999991      1806731    109226.67
667827.00000     0.999992      1806734    131072.00
675919.00000     0.999993      1806735    145635.56
676719.00000     0.999994      1806736    163840.00
682663.00000     0.999995      1806738    187245.71
697379.00000     0.999995      1806739    218453.33
728259.00000     0.999996      1806741    262144.00
728259.00000     0.999997      1806741    291271.11
730639.00000     0.999997      1806742    327680.00
748315.00000     0.999997      1806743    374491.43
748315.00000     0.999998      1806743    436906.67
750323.00000     0.999998      1806744    524288.00
750323.00000     0.999998      1806744    582542.22
1857775.00000     0.999998      1806745    655360.00
1857775.00000     0.999999      1806745    748982.86
1857775.00000     0.999999      1806745    873813.33
1907167.00000     0.999999      1806747   1048576.00
1907167.00000     1.000000      1806747          inf
#[Mean    =     3087.139, StdDeviation   =     5878.075]
#[Max     =  1907167.000, Total count    =      1806747]
#[Buckets =           13, SubBuckets     =       262144]
       Value   Percentile   TotalCount 1/(1-Percentile)

   986.00000     0.000000            7         1.00
  1036.00000     0.100000       383922         1.11
  1036.00000     0.200000       383922         1.25
  1048.00000     0.300000       959591         1.43
  1048.00000     0.400000       959591         1.67
  1048.00000     0.500000       959591         2.00
  1060.00000     0.550000      1260738         2.22
  1060.00000     0.600000      1260738         2.50
  1060.00000     0.650000      1260738         2.86
  1073.00000     0.700000      1331042         3.33
  1097.00000     0.750000      1360835         4.00
  1171.00000     0.775000      1402196         4.44
  1245.00000     0.800000      1449185         5.00
  1282.00000     0.825000      1509803         5.71
  1307.00000     0.850000      1553064         6.67
  1332.00000     0.875000      1591870         8.00
  1344.00000     0.887500      1608618         8.89
  1369.00000     0.900000      1636147        10.00
  1393.00000     0.912500      1656454        11.43
  1418.00000     0.925000      1672962        13.33
  1455.00000     0.937500      1695422        16.00
  1480.00000     0.943750      1709479        17.78
  1504.00000     0.950000      1723037        20.00
  1517.00000     0.956250      1729507        22.86
  1541.00000     0.962500      1741636        26.67
  1566.00000     0.968750      1752282        32.00
  1578.00000     0.971875      1757059        35.56
  1603.00000     0.975000      1765155        40.00
  1615.00000     0.978125      1768689        45.71
  1640.00000     0.981250      1774344        53.33
  1665.00000     0.984375      1778851        64.00
  1689.00000     0.985938      1782387        71.11
  1714.00000     0.987500      1785149        80.00
  1739.00000     0.989062      1787442        91.43
  1776.00000     0.990625      1790209       106.67
  1825.00000     0.992188      1792677       128.00
  1887.00000     0.992969      1794158       142.22
  2022.00000     0.993750      1795521       160.00
  2207.00000     0.994531      1796951       182.86
  2380.00000     0.995313      1798348       213.33
  2614.00000     0.996094      1799728       256.00
  2836.00000     0.996484      1800417       284.44
  3194.00000     0.996875      1801106       320.00
  3897.00000     0.997266      1801815       365.71
  5648.00000     0.997656      1802519       426.67
  6018.00000     0.998047      1803240       512.00
  6179.00000     0.998242      1803588       568.89
  6351.00000     0.998437      1803941       640.00
  6536.00000     0.998633      1804286       731.43
  6734.00000     0.998828      1804633       853.33
  6980.00000     0.999023      1804991      1024.00
  7128.00000     0.999121      1805177      1137.78
  7326.00000     0.999219      1805341      1280.00
  7560.00000     0.999316      1805515      1462.86
  7893.00000     0.999414      1805689      1706.67
  8362.00000     0.999512      1805868      2048.00
  8596.00000     0.999561      1805962      2275.56
  8867.00000     0.999609      1806043      2560.00
  9139.00000     0.999658      1806130      2925.71
  9472.00000     0.999707      1806218      3413.33
  9990.00000     0.999756      1806309      4096.00
 10224.00000     0.999780      1806354      4551.11
 10532.00000     0.999805      1806395      5120.00
 10989.00000     0.999829      1806439      5851.43
 11581.00000     0.999854      1806483      6826.67
 12197.00000     0.999878      1806527      8192.00
 12629.00000     0.999890      1806550      9102.22
 13184.00000     0.999902      1806571     10240.00
 13628.00000     0.999915      1806593     11702.86
 14393.00000     0.999927      1806615     13653.33
 15527.00000     0.999939      1806637     16384.00
 16095.00000     0.999945      1806648     18204.44
 17501.00000     0.999951      1806659     20480.00
 19388.00000     0.999957      1806670     23405.71
 20781.00000     0.999963      1806681     27306.67
 22483.00000     0.999969      1806692     32768.00
 23692.00000     0.999973      1806698     36408.89
 25024.00000     0.999976      1806703     40960.00
 27207.00000     0.999979      1806709     46811.43
 29439.00000     0.999982      1806714     54613.33
 32005.00000     0.999985      1806720     65536.00
 32214.00000     0.999986      1806723     72817.78
 32597.00000     0.999988      1806725     81920.00
 37863.00000     0.999989      1806728     93622.86
 41575.00000     0.999991      1806731    109226.67
 48211.00000     0.999992      1806734    131072.00
 50973.00000     0.999993      1806735    145635.56
 51331.00000     0.999994      1806736    163840.00
 57831.00000     0.999995      1806738    187245.71
 59446.00000     0.999995      1806739    218453.33
 81301.00000     0.999996      1806741    262144.00
 81301.00000     0.999997      1806741    291271.11
 88578.00000     0.999997      1806742    327680.00
458615.00000     0.999997      1806743    374491.43
458615.00000     0.999998      1806743    436906.67
458727.00000     0.999998      1806744    524288.00
458727.00000     0.999998      1806744    582542.22
1844383.00000     0.999998      1806745    655360.00
1844383.00000     0.999999      1806745    748982.86
1844383.00000     0.999999      1806745    873813.33
1844807.00000     0.999999      1806746   1048576.00
1844807.00000     0.999999      1806746   1165084.44
1844807.00000     0.999999      1806746   1310720.00
1844807.00000     0.999999      1806746   1497965.71
1844807.00000     0.999999      1806746   1747626.67
1845159.00000     1.000000      1806747   2097152.00
1845159.00000     1.000000      1806747          inf
#[Mean    =     1149.890, StdDeviation   =     2460.442]
#[Max     =  1845159.000, Total count    =      1806747]
#[Buckets =           13, SubBuckets     =       262144]
       Value   Percentile   TotalCount 1/(1-Percentile)

     0.00000     0.000000        92576         1.00
    12.00000     0.100000      1296110         1.11
    12.00000     0.200000      1296110         1.25
    12.00000     0.300000      1296110         1.43
    12.00000     0.400000      1296110         1.67
    12.00000     0.500000      1296110         2.00
    12.00000     0.550000      1296110         2.22
    12.00000     0.600000      1296110         2.50
    12.00000     0.650000      1296110         2.86
    12.00000     0.700000      1296110         3.33
    24.00000     0.750000      1785438         4.00
    24.00000     0.775000      1785438         4.44
    24.00000     0.800000      1785438         5.00
    24.00000     0.825000      1785438         5.71
    24.00000     0.850000      1785438         6.67
    24.00000     0.875000      1785438         8.00
    24.00000     0.887500      1785438         8.89
    24.00000     0.900000      1785438        10.00
    24.00000     0.912500      1785438        11.43
    24.00000     0.925000      1785438        13.33
    24.00000     0.937500      1785438        16.00
    24.00000     0.943750      1785438        17.78
    24.00000     0.950000      1785438        20.00
    24.00000     0.956250      1785438        22.86
    24.00000     0.962500      1785438        26.67
    24.00000     0.968750      1785438        32.00
    24.00000     0.971875      1785438        35.56
    24.00000     0.975000      1785438        40.00
    24.00000     0.978125      1785438        45.71
    24.00000     0.981250      1785438        53.33
    24.00000     0.984375      1785438        64.00
    24.00000     0.985938      1785438        71.11
    24.00000     0.987500      1785438        80.00
    37.00000     0.989062      1800568        91.43
    37.00000     0.990625      1800568       106.67
    37.00000     0.992188      1800568       128.00
    37.00000     0.992969      1800568       142.22
    37.00000     0.993750      1800568       160.00
    37.00000     0.994531      1800568       182.86
    37.00000     0.995313      1800568       213.33
    37.00000     0.996094      1800568       256.00
    37.00000     0.996484      1800568       284.44
    49.00000     0.996875      1805173       320.00
    49.00000     0.997266      1805173       365.71
    49.00000     0.997656      1805173       426.67
    49.00000     0.998047      1805173       512.00
    49.00000     0.998242      1805173       568.89
    49.00000     0.998437      1805173       640.00
    49.00000     0.998633      1805173       731.43
    49.00000     0.998828      1805173       853.33
    49.00000     0.999023      1805173      1024.00
    49.00000     0.999121      1805173      1137.78
    61.00000     0.999219      1806307      1280.00
    61.00000     0.999316      1806307      1462.86
    61.00000     0.999414      1806307      1706.67
    61.00000     0.999512      1806307      2048.00
    61.00000     0.999561      1806307      2275.56
    61.00000     0.999609      1806307      2560.00
    61.00000     0.999658      1806307      2925.71
    61.00000     0.999707      1806307      3413.33
    61.00000     0.999756      1806307      4096.00
    74.00000     0.999780      1806499      4551.11
    74.00000     0.999805      1806499      5120.00
    74.00000     0.999829      1806499      5851.43
    74.00000     0.999854      1806499      6826.67
    86.00000     0.999878      1806537      8192.00
    98.00000     0.999890      1806557      9102.22
   111.00000     0.999902      1806580     10240.00
   123.00000     0.999915      1806593     11702.86
   148.00000     0.999927      1806650     13653.33
   148.00000     0.999939      1806650     16384.00
   148.00000     0.999945      1806650     18204.44
   160.00000     0.999951      1806676     20480.00
   160.00000     0.999957      1806676     23405.71
   185.00000     0.999963      1806686     27306.67
   222.00000     0.999969      1806692     32768.00
   259.00000     0.999973      1806702     36408.89
   271.00000     0.999976      1806703     40960.00
   320.00000     0.999979      1806712     46811.43
   345.00000     0.999982      1806715     54613.33
   419.00000     0.999985      1806720     65536.00
   493.00000     0.999986      1806723     72817.78
   505.00000     0.999988      1806725     81920.00
   567.00000     0.999989      1806729     93622.86
   604.00000     0.999991      1806733    109226.67
   616.00000     0.999992      1806735    131072.00
   616.00000     0.999993      1806735    145635.56
   678.00000     0.999994      1806736    163840.00
   703.00000     0.999995      1806738    187245.71
  1319.00000     0.999995      1806739    218453.33
  1578.00000     0.999996      1806741    262144.00
  1578.00000     0.999997      1806741    291271.11
  1899.00000     0.999997      1806742    327680.00
  4057.00000     0.999997      1806743    374491.43
  4057.00000     0.999998      1806743    436906.67
  4082.00000     0.999998      1806744    524288.00
  4082.00000     0.999998      1806744    582542.22
  5093.00000     0.999998      1806745    655360.00
  5093.00000     0.999999      1806745    748982.86
  5093.00000     0.999999      1806745    873813.33
  5587.00000     0.999999      1806746   1048576.00
  5587.00000     0.999999      1806746   1165084.44
  5587.00000     0.999999      1806746   1310720.00
  5587.00000     0.999999      1806746   1497965.71
  5587.00000     0.999999      1806746   1747626.67
  6253.00000     1.000000      1806747   2097152.00
  6253.00000     1.000000      1806747          inf
#[Mean    =       15.016, StdDeviation   =       11.431]
#[Max     =     6253.000, Total count    =      1806747]
#[Buckets =           13, SubBuckets     =       262144]
       Value   Percentile   TotalCount 1/(1-Percentile)

    61.00000     0.000000            1         1.00
    98.00000     0.100000       529773         1.11
    98.00000     0.200000       529773         1.25
   110.00000     0.300000       553953         1.43
   111.00000     0.400000       948803         1.67
   111.00000     0.500000       948803         2.00
   123.00000     0.550000      1349985         2.22
   123.00000     0.600000      1349985         2.50
   123.00000     0.650000      1349985         2.86
   123.00000     0.700000      1349985         3.33
   135.00000     0.750000      1463318         4.00
   135.00000     0.775000      1463318         4.44
   135.00000     0.800000      1463318         5.00
   148.00000     0.825000      1643593         5.71
   148.00000     0.850000      1643593         6.67
   148.00000     0.875000      1643593         8.00
   148.00000     0.887500      1643593         8.89
   148.00000     0.900000      1643593        10.00
   160.00000     0.912500      1769199        11.43
   160.00000     0.925000      1769199        13.33
   160.00000     0.937500      1769199        16.00
   160.00000     0.943750      1769199        17.78
   160.00000     0.950000      1769199        20.00
   160.00000     0.956250      1769199        22.86
   160.00000     0.962500      1769199        26.67
   160.00000     0.968750      1769199        32.00
   160.00000     0.971875      1769199        35.56
   160.00000     0.975000      1769199        40.00
   160.00000     0.978125      1769199        45.71
   172.00000     0.981250      1784808        53.33
   172.00000     0.984375      1784808        64.00
   172.00000     0.985938      1784808        71.11
   172.00000     0.987500      1784808        80.00
   185.00000     0.989062      1788568        91.43
   197.00000     0.990625      1790543       106.67
   222.00000     0.992188      1793277       128.00
   234.00000     0.992969      1794206       142.22
   259.00000     0.993750      1795467       160.00
   308.00000     0.994531      1796871       182.86
   394.00000     0.995313      1798316       213.33
   505.00000     0.996094      1799719       256.00
   579.00000     0.996484      1800409       284.44
   666.00000     0.996875      1801176       320.00
   752.00000     0.997266      1801858       365.71
   863.00000     0.997656      1802549       426.67
  1023.00000     0.998047      1803224       512.00
  1134.00000     0.998242      1803575       568.89
  1270.00000     0.998437      1803936       640.00
  1455.00000     0.998633      1804297       731.43
  1689.00000     0.998828      1804646       853.33
  2146.00000     0.999023      1804983      1024.00
  2639.00000     0.999121      1805161      1137.78
  3428.00000     0.999219      1805336      1280.00
  4760.00000     0.999316      1805513      1462.86
  6450.00000     0.999414      1805689      1706.67
 10039.00000     0.999512      1805865      2048.00
 12715.00000     0.999561      1805954      2275.56
 16526.00000     0.999609      1806042      2560.00
 22545.00000     0.999658      1806130      2925.71
 35088.00000     0.999707      1806218      3413.33
 55339.00000     0.999756      1806306      4096.00
 66526.00000     0.999780      1806351      4551.11
 78501.00000     0.999805      1806395      5120.00
 92894.00000     0.999829      1806439      5851.43
106991.00000     0.999854      1806483      6826.67
125134.00000     0.999878      1806527      8192.00
134692.00000     0.999890      1806549      9102.22
143066.00000     0.999902      1806571     10240.00
154820.00000     0.999915      1806593     11702.86
165772.00000     0.999927      1806615     13653.33
192202.00000     0.999939      1806637     16384.00
207175.00000     0.999945      1806648     18204.44
229794.00000     0.999951      1806659     20480.00
290437.00000     0.999957      1806670     23405.71
425575.00000     0.999963      1806681     27306.67
451523.00000     0.999969      1806692     32768.00
467359.00000     0.999973      1806698     36408.89
479077.00000     0.999976      1806703     40960.00
520097.00000     0.999979      1806709     46811.43
536451.00000     0.999982      1806714     54613.33
553335.00000     0.999985      1806720     65536.00
561871.00000     0.999986      1806723     72817.78
565435.00000     0.999988      1806725     81920.00
573043.00000     0.999989      1806728     93622.86
590175.00000     0.999991      1806731    109226.67
617335.00000     0.999992      1806734    131072.00
620591.00000     0.999993      1806735    145635.56
626547.00000     0.999994      1806736    163840.00
635451.00000     0.999995      1806738    187245.71
637659.00000     0.999995      1806739    218453.33
648203.00000     0.999996      1806741    262144.00
648203.00000     0.999997      1806741    291271.11
654715.00000     0.999997      1806742    327680.00
662511.00000     0.999997      1806743    374491.43
662511.00000     0.999998      1806743    436906.67
667775.00000     0.999998      1806744    524288.00
667775.00000     0.999998      1806744    582542.22
680603.00000     0.999998      1806745    655360.00
680603.00000     0.999999      1806745    748982.86
680603.00000     0.999999      1806745    873813.33
709095.00000     0.999999      1806746   1048576.00
709095.00000     0.999999      1806746   1165084.44
709095.00000     0.999999      1806746   1310720.00
709095.00000     0.999999      1806746   1497965.71
709095.00000     0.999999      1806746   1747626.67
719415.00000     1.000000      1806747   2097152.00
719415.00000     1.000000      1806747          inf
#[Mean    =      176.184, StdDeviation   =     3898.623]
#[Max     =   719415.000, Total count    =      1806747]
#[Buckets =           13, SubBuckets     =       262144]
       Value   Percentile   TotalCount 1/(1-Percentile)

     0.00000     0.000000        11154         1.00
    37.00000     0.100000       346856         1.11
    49.00000     0.200000       660103         1.25
    49.00000     0.300000       660103         1.43
    61.00000     0.400000       734758         1.67
   135.00000     0.500000       933272         2.00
   160.00000     0.550000      1027748         2.22
   185.00000     0.600000      1116677         2.50
   209.00000     0.650000      1193171         2.86
   246.00000     0.700000      1299561         3.33
   271.00000     0.750000      1364289         4.00
   296.00000     0.775000      1418988         4.44
   320.00000     0.800000      1464084         5.00
   345.00000     0.825000      1502680         5.71
   370.00000     0.850000      1536996         6.67
   407.00000     0.875000      1582485         8.00
   431.00000     0.887500      1607397         8.89
   456.00000     0.900000      1629436        10.00
   481.00000     0.912500      1649115        11.43
   518.00000     0.925000      1674088        13.33
   567.00000     0.937500      1699346        16.00
   592.00000     0.943750      1709757        17.78
   616.00000     0.950000      1719014        20.00
   653.00000     0.956250      1730546        22.86
   690.00000     0.962500      1739846        26.67
   752.00000     0.968750      1752239        32.00
   777.00000     0.971875      1756157        35.56
   826.00000     0.975000      1762802        40.00
   875.00000     0.978125      1768039        45.71
   937.00000     0.981250      1772892        53.33
  1036.00000     0.984375      1778527        64.00
  1110.00000     0.985938      1781430        71.11
  1221.00000     0.987500      1784405        80.00
  1381.00000     0.989062      1787014        91.43
  1702.00000     0.990625      1789825       106.67
  2380.00000     0.992188      1792652       128.00
  3095.00000     0.992969      1794066       142.22
  3219.00000     0.993750      1795596       160.00
  3317.00000     0.994531      1796983       182.86
  3453.00000     0.995313      1798348       213.33
  3724.00000     0.996094      1799718       256.00
  4020.00000     0.996484      1800410       284.44
  4403.00000     0.996875      1801113       320.00
  4711.00000     0.997266      1801835       365.71
  5032.00000     0.997656      1802521       426.67
  5426.00000     0.998047      1803220       512.00
  5661.00000     0.998242      1803578       568.89
  5895.00000     0.998437      1803944       640.00
  6179.00000     0.998633      1804290       731.43
  6475.00000     0.998828      1804631       853.33
  6820.00000     0.999023      1804994      1024.00
  7005.00000     0.999121      1805164      1137.78
  7239.00000     0.999219      1805340      1280.00
  7498.00000     0.999316      1805518      1462.86
  7794.00000     0.999414      1805694      1706.67
  8177.00000     0.999512      1805869      2048.00
  8423.00000     0.999561      1805957      2275.56
  8695.00000     0.999609      1806044      2560.00
  9015.00000     0.999658      1806130      2925.71
  9410.00000     0.999707      1806218      3413.33
 10088.00000     0.999756      1806306      4096.00
 10495.00000     0.999780      1806351      4551.11
 10939.00000     0.999805      1806395      5120.00
 11642.00000     0.999829      1806439      5851.43
 12296.00000     0.999854      1806483      6826.67
 13357.00000     0.999878      1806527      8192.00
 13986.00000     0.999890      1806549      9102.22
 14750.00000     0.999902      1806571     10240.00
 15836.00000     0.999915      1806593     11702.86
 17723.00000     0.999927      1806615     13653.33
 19178.00000     0.999939      1806637     16384.00
 19844.00000     0.999945      1806649     18204.44
 21484.00000     0.999951      1806659     20480.00
 23199.00000     0.999957      1806670     23405.71
 25937.00000     0.999963      1806681     27306.67
 29427.00000     0.999969      1806692     32768.00
 31376.00000     0.999973      1806698     36408.89
 32621.00000     0.999976      1806703     40960.00
 34965.00000     0.999979      1806709     46811.43
 37222.00000     0.999982      1806714     54613.33
 40983.00000     0.999985      1806720     65536.00
 47483.00000     0.999986      1806723     72817.78
 50320.00000     0.999988      1806725     81920.00
 58410.00000     0.999989      1806728     93622.86
 63936.00000     0.999991      1806731    109226.67
 66723.00000     0.999992      1806734    131072.00
 66785.00000     0.999993      1806735    145635.56
 69683.00000     0.999994      1806736    163840.00
 70102.00000     0.999995      1806738    187245.71
 73346.00000     0.999995      1806739    218453.33
 82349.00000     0.999996      1806741    262144.00
 82349.00000     0.999997      1806741    291271.11
 82621.00000     0.999997      1806742    327680.00
 87381.00000     0.999997      1806743    374491.43
 87381.00000     0.999998      1806743    436906.67
118967.00000     0.999998      1806744    524288.00
118967.00000     0.999998      1806744    582542.22
127576.00000     0.999998      1806745    655360.00
127576.00000     0.999999      1806745    748982.86
127576.00000     0.999999      1806745    873813.33
129487.00000     0.999999      1806746   1048576.00
129487.00000     0.999999      1806746   1165084.44
129487.00000     0.999999      1806746   1310720.00
129487.00000     0.999999      1806746   1497965.71
129487.00000     0.999999      1806746   1747626.67
231176.00000     1.000000      1806747   2097152.00
231176.00000     1.000000      1806747          inf
#[Mean    =      229.475, StdDeviation   =      606.955]
#[Max     =   231176.000, Total count    =      1806747]
#[Buckets =           13, SubBuckets     =       262144]
       Value   Percentile   TotalCount 1/(1-Percentile)

    86.00000     0.000000            5         1.00
   185.00000     0.100000       232309         1.11
   209.00000     0.200000       393685         1.25
   234.00000     0.300000       582202         1.43
   259.00000     0.400000       770704         1.67
   283.00000     0.500000       960592         2.00
   296.00000     0.550000      1056353         2.22
   308.00000     0.600000      1151446         2.50
   320.00000     0.650000      1243851         2.86
   333.00000     0.700000      1333446         3.33
   345.00000     0.750000      1420412         4.00
   345.00000     0.775000      1420412         4.44
   357.00000     0.800000      1483720         5.00
   370.00000     0.825000      1523040         5.71
   382.00000     0.850000      1566434         6.67
   394.00000     0.875000      1614391         8.00
   394.00000     0.887500      1614391         8.89
   407.00000     0.900000      1645133        10.00
   419.00000     0.912500      1669173        11.43
   431.00000     0.925000      1689389        13.33
   444.00000     0.937500      1706097        16.00
   444.00000     0.943750      1706097        17.78
   456.00000     0.950000      1719727        20.00
   468.00000     0.956250      1730691        22.86
   481.00000     0.962500      1739416        26.67
   505.00000     0.968750      1751000        32.00
   530.00000     0.971875      1757536        35.56
   567.00000     0.975000      1762849        40.00
   653.00000     0.978125      1767644        45.71
   826.00000     0.981250      1772879        53.33
  1023.00000     0.984375      1778604        64.00
  1147.00000     0.985938      1781452        71.11
  1307.00000     0.987500      1784220        80.00
  1492.00000     0.989062      1787128        91.43
  1714.00000     0.990625      1789928       106.67
  2010.00000     0.992188      1792651       128.00
  2195.00000     0.992969      1794125       142.22
  2429.00000     0.993750      1795489       160.00
  2750.00000     0.994531      1796869       182.86
  3194.00000     0.995313      1798297       213.33
  3823.00000     0.996094      1799702       256.00
  4267.00000     0.996484      1800396       284.44
  4859.00000     0.996875      1801104       320.00
  5402.00000     0.997266      1801824       365.71
  5735.00000     0.997656      1802520       426.67
  6450.00000     0.998047      1803219       512.00
  6919.00000     0.998242      1803573       568.89
  7622.00000     0.998437      1803927       640.00
  8645.00000     0.998633      1804282       731.43
  9780.00000     0.998828      1804631       853.33
 12074.00000     0.999023      1804984      1024.00
 13739.00000     0.999121      1805160      1137.78
 15910.00000     0.999219      1805336      1280.00
 18709.00000     0.999316      1805513      1462.86
 22150.00000     0.999414      1805689      1706.67
 27922.00000     0.999512      1805865      2048.00
 31191.00000     0.999561      1805955      2275.56
 34385.00000     0.999609      1806042      2560.00
 37604.00000     0.999658      1806130      2925.71
 41958.00000     0.999707      1806218      3413.33
 46681.00000     0.999756      1806306      4096.00
 50172.00000     0.999780      1806351      4551.11
 54402.00000     0.999805      1806395      5120.00
 58484.00000     0.999829      1806439      5851.43
 66008.00000     0.999854      1806483      6826.67
 76294.00000     0.999878      1806527      8192.00
 86370.00000     0.999890      1806549      9102.22
 99690.00000     0.999902      1806571     10240.00
117240.00000     0.999915      1806593     11702.86
133878.00000     0.999927      1806615     13653.33
155585.00000     0.999939      1806637     16384.00
173419.00000     0.999945      1806648     18204.44
189316.00000     0.999951      1806659     20480.00
209395.00000     0.999957      1806670     23405.71
230991.00000     0.999963      1806681     27306.67
256878.00000     0.999969      1806692     32768.00
276081.00000     0.999973      1806698     36408.89
289673.00000     0.999976      1806703     40960.00
302315.00000     0.999979      1806709     46811.43
313809.00000     0.999982      1806714     54613.33
330459.00000     0.999985      1806720     65536.00
341831.00000     0.999986      1806723     72817.78
345395.00000     0.999988      1806725     81920.00
359923.00000     0.999989      1806728     93622.86
367323.00000     0.999991      1806731    109226.67
375537.00000     0.999992      1806734    131072.00
384813.00000     0.999993      1806735    145635.56
388895.00000     0.999994      1806736    163840.00
398725.00000     0.999995      1806738    187245.71
406247.00000     0.999995      1806739    218453.33
442521.00000     0.999996      1806741    262144.00
442521.00000     0.999997      1806741    291271.11
453077.00000     0.999997      1806742    327680.00
465707.00000     0.999997      1806743    374491.43
465707.00000     0.999998      1806743    436906.67
473009.00000     0.999998      1806744    524288.00
473009.00000     0.999998      1806744    582542.22
477301.00000     0.999998      1806745    655360.00
477301.00000     0.999999      1806745    748982.86
477301.00000     0.999999      1806745    873813.33
510379.00000     0.999999      1806746   1048576.00
510379.00000     0.999999      1806746   1165084.44
510379.00000     0.999999      1806746   1310720.00
510379.00000     0.999999      1806746   1497965.71
510379.00000     0.999999      1806746   1747626.67
523057.00000     1.000000      1806747   2097152.00
523057.00000     1.000000      1806747          inf
#[Mean    =      371.953, StdDeviation   =     2622.368]
#[Max     =   523057.000, Total count    =      1806747]
#[Buckets =           13, SubBuckets     =       262144]
       Value   Percentile   TotalCount 1/(1-Percentile)

     0.00000     0.000000       220976         1.00
     0.00000     0.100000       220976         1.11
    12.00000     0.200000      1708623         1.25
    12.00000     0.300000      1708623         1.43
    12.00000     0.400000      1708623         1.67
    12.00000     0.500000      1708623         2.00
    12.00000     0.550000      1708623         2.22
    12.00000     0.600000      1708623         2.50
    12.00000     0.650000      1708623         2.86
    12.00000     0.700000      1708623         3.33
    12.00000     0.750000      1708623         4.00
    12.00000     0.775000      1708623         4.44
    12.00000     0.800000      1708623         5.00
    12.00000     0.825000      1708623         5.71
    12.00000     0.850000      1708623         6.67
    12.00000     0.875000      1708623         8.00
    12.00000     0.887500      1708623         8.89
    12.00000     0.900000      1708623        10.00
    12.00000     0.912500      1708623        11.43
    12.00000     0.925000      1708623        13.33
    12.00000     0.937500      1708623        16.00
    12.00000     0.943750      1708623        17.78
    24.00000     0.950000      1781104        20.00
    24.00000     0.956250      1781104        22.86
    24.00000     0.962500      1781104        26.67
    24.00000     0.968750      1781104        32.00
    24.00000     0.971875      1781104        35.56
    24.00000     0.975000      1781104        40.00
    24.00000     0.978125      1781104        45.71
    24.00000     0.981250      1781104        53.33
    24.00000     0.984375      1781104        64.00
    37.00000     0.985938      1795571        71.11
    37.00000     0.987500      1795571        80.00
    37.00000     0.989062      1795571        91.43
    37.00000     0.990625      1795571       106.67
    37.00000     0.992188      1795571       128.00
    37.00000     0.992969      1795571       142.22
    37.00000     0.993750      1795571       160.00
    49.00000     0.994531      1802142       182.86
    49.00000     0.995313      1802142       213.33
    49.00000     0.996094      1802142       256.00
    49.00000     0.996484      1802142       284.44
    49.00000     0.996875      1802142       320.00
    49.00000     0.997266      1802142       365.71
    61.00000     0.997656      1803641       426.67
    61.00000     0.998047      1803641       512.00
    61.00000     0.998242      1803641       568.89
    74.00000     0.998437      1804178       640.00
    86.00000     0.998633      1804421       731.43
    98.00000     0.998828      1804725       853.33
   111.00000     0.999023      1805197      1024.00
   111.00000     0.999121      1805197      1137.78
   123.00000     0.999219      1805368      1280.00
   148.00000     0.999316      1805607      1462.86
   160.00000     0.999414      1805736      1706.67
   172.00000     0.999512      1805867      2048.00
   197.00000     0.999561      1805983      2275.56
   222.00000     0.999609      1806071      2560.00
   259.00000     0.999658      1806147      2925.71
   308.00000     0.999707      1806226      3413.33
   357.00000     0.999756      1806320      4096.00
   382.00000     0.999780      1806363      4551.11
   419.00000     0.999805      1806402      5120.00
   468.00000     0.999829      1806440      5851.43
   518.00000     0.999854      1806489      6826.67
   579.00000     0.999878      1806534      8192.00
   629.00000     0.999890      1806550      9102.22
   690.00000     0.999902      1806571     10240.00
   777.00000     0.999915      1806595     11702.86
   912.00000     0.999927      1806615     13653.33
  1677.00000     0.999939      1806637     16384.00
  5106.00000     0.999945      1806648     18204.44
  5229.00000     0.999951      1806664     20480.00
  5254.00000     0.999957      1806671     23405.71
  5303.00000     0.999963      1806683     27306.67
  5365.00000     0.999969      1806692     32768.00
  5389.00000     0.999973      1806698     36408.89
  5414.00000     0.999976      1806703     40960.00
  5488.00000     0.999979      1806710     46811.43
  5587.00000     0.999982      1806714     54613.33
  6006.00000     0.999985      1806720     65536.00
  6179.00000     0.999986      1806723     72817.78
  6290.00000     0.999988      1806725     81920.00
  6450.00000     0.999989      1806728     93622.86
  6512.00000     0.999991      1806731    109226.67
  6771.00000     0.999992      1806734    131072.00
  6832.00000     0.999993      1806735    145635.56
  6980.00000     0.999994      1806736    163840.00
  7301.00000     0.999995      1806738    187245.71
  7338.00000     0.999995      1806739    218453.33
  7560.00000     0.999996      1806741    262144.00
  7560.00000     0.999997      1806741    291271.11
  7708.00000     0.999997      1806742    327680.00
  7757.00000     0.999997      1806743    374491.43
  7757.00000     0.999998      1806743    436906.67
  7856.00000     0.999998      1806744    524288.00
  7856.00000     0.999998      1806744    582542.22
  7930.00000     0.999998      1806745    655360.00
  7930.00000     0.999999      1806745    748982.86
  7930.00000     0.999999      1806745    873813.33
  8004.00000     0.999999      1806746   1048576.00
  8004.00000     0.999999      1806746   1165084.44
  8004.00000     0.999999      1806746   1310720.00
  8004.00000     0.999999      1806746   1497965.71
  8004.00000     0.999999      1806746   1747626.67
 18327.00000     1.000000      1806747   2097152.00
 18327.00000     1.000000      1806747          inf
#[Mean    =       12.018, StdDeviation   =       47.780]
#[Max     =    18327.000, Total count    =      1806747]
#[Buckets =           13, SubBuckets     =       262144]
       Value   Percentile   TotalCount 1/(1-Percentile)

   616.00000     0.000000            1         1.00
   900.00000     0.100000       248034         1.11
   912.00000     0.200000       599723         1.25
   912.00000     0.300000       599723         1.43
   925.00000     0.400000       906769         1.67
   925.00000     0.500000       906769         2.00
   937.00000     0.550000      1083233         2.22
   949.00000     0.600000      1178958         2.50
   949.00000     0.650000      1178958         2.86
   974.00000     0.700000      1279080         3.33
  1060.00000     0.750000      1356677         4.00
  1134.00000     0.775000      1413046         4.44
  1159.00000     0.800000      1450777         5.00
  1196.00000     0.825000      1505781         5.71
  1233.00000     0.850000      1547513         6.67
  1282.00000     0.875000      1590303         8.00
  1307.00000     0.887500      1611101         8.89
  1332.00000     0.900000      1632086        10.00
  1356.00000     0.912500      1652285        11.43
  1381.00000     0.925000      1671472        13.33
  1418.00000     0.937500      1696400        16.00
  1443.00000     0.943750      1710109        17.78
  1467.00000     0.950000      1721220        20.00
  1492.00000     0.956250      1730493        22.86
  1529.00000     0.962500      1740279        26.67
  1603.00000     0.968750      1751174        32.00
  1677.00000     0.971875      1756026        35.56
  2121.00000     0.975000      1761584        40.00
  3478.00000     0.978125      1767238        45.71
  5784.00000     0.981250      1773143        53.33
  5907.00000     0.984375      1779096        64.00
  5944.00000     0.985938      1781873        71.11
  5981.00000     0.987500      1784732        80.00
  6018.00000     0.989062      1787434        91.43
  6055.00000     0.990625      1789814       106.67
  6117.00000     0.992188      1792880       128.00
  6154.00000     0.992969      1794141       142.22
  6216.00000     0.993750      1795563       160.00
  6327.00000     0.994531      1796925       182.86
  6586.00000     0.995313      1798278       213.33
  7227.00000     0.996094      1799728       256.00
  7375.00000     0.996484      1800436       284.44
  7486.00000     0.996875      1801129       320.00
  7597.00000     0.997266      1801856       365.71
  7696.00000     0.997656      1802513       426.67
  7794.00000     0.998047      1803232       512.00
  7856.00000     0.998242      1803614       568.89
  7918.00000     0.998437      1803949       640.00
  7992.00000     0.998633      1804329       731.43
  8066.00000     0.998828      1804635       853.33
  8189.00000     0.999023      1804991      1024.00
  8275.00000     0.999121      1805164      1137.78
  8362.00000     0.999219      1805336      1280.00
  8485.00000     0.999316      1805526      1462.86
  8608.00000     0.999414      1805698      1706.67
  8769.00000     0.999512      1805865      2048.00
  8880.00000     0.999561      1805960      2275.56
  8978.00000     0.999609      1806042      2560.00
  9139.00000     0.999658      1806136      2925.71
  9336.00000     0.999707      1806218      3413.33
  9817.00000     0.999756      1806308      4096.00
 10360.00000     0.999780      1806352      4551.11
 11161.00000     0.999805      1806396      5120.00
 12321.00000     0.999829      1806439      5851.43
 14306.00000     0.999854      1806483      6826.67
 16514.00000     0.999878      1806527      8192.00
 17846.00000     0.999890      1806549      9102.22
 19425.00000     0.999902      1806572     10240.00
 20991.00000     0.999915      1806593     11702.86
 22693.00000     0.999927      1806615     13653.33
 24802.00000     0.999939      1806637     16384.00
 25900.00000     0.999945      1806649     18204.44
 26566.00000     0.999951      1806659     20480.00
 27096.00000     0.999957      1806670     23405.71
 27737.00000     0.999963      1806681     27306.67
 28157.00000     0.999969      1806693     32768.00
 28502.00000     0.999973      1806698     36408.89
 28847.00000     0.999976      1806703     40960.00
 29439.00000     0.999979      1806710     46811.43
 29538.00000     0.999982      1806714     54613.33
 29649.00000     0.999985      1806720     65536.00
 30044.00000     0.999986      1806723     72817.78
 30241.00000     0.999988      1806726     81920.00
 31302.00000     0.999989      1806728     93622.86
 32399.00000     0.999991      1806731    109226.67
 33324.00000     0.999992      1806734    131072.00
 35150.00000     0.999993      1806735    145635.56
 36346.00000     0.999994      1806736    163840.00
 45571.00000     0.999995      1806739    187245.71
 45571.00000     0.999995      1806739    218453.33
 57066.00000     0.999996      1806741    262144.00
 57066.00000     0.999997      1806741    291271.11
 62974.00000     0.999997      1806742    327680.00
 74937.00000     0.999997      1806743    374491.43
 74937.00000     0.999998      1806743    436906.67
 81178.00000     0.999998      1806744    524288.00
 81178.00000     0.999998      1806744    582542.22
 83829.00000     0.999998      1806745    655360.00
 83829.00000     0.999999      1806745    748982.86
 83829.00000     0.999999      1806745    873813.33
102909.00000     0.999999      1806746   1048576.00
102909.00000     0.999999      1806746   1165084.44
102909.00000     0.999999      1806746   1310720.00
102909.00000     0.999999      1806746   1497965.71
102909.00000     0.999999      1806746   1747626.67
193732.00000     1.000000      1806747   2097152.00
193732.00000     1.000000      1806747          inf
#[Mean    =     1130.525, StdDeviation   =      865.993]
#[Max     =   193732.000, Total count    =      1806747]
#[Buckets =           13, SubBuckets     =       262144]

=== EXCHANGE STDERR ===
matching tid: 49408
