=== CLIENT STDERR ===
=== Exchange load generator ===
  clients  : 10
  seed     : 670602355
  target   : 127.0.0.1:4000
  thread id: 47545
Ctrl-C to stop.


=== Stats ===
  elapsed         : 14.999 s
  requests sent   : 1758119
  ACK responses   : 1758109
  MATCH responses : 1008165
  ERR responses   : 0
  orders in flight: -10
  --- throughput ---
  requests/s      : 117218
  ACK/s           : 117217
  MATCH/s         : 67217
  ERR/s           : 0
  total resp/s    : 117217

=== EXCHANGE STDOUT ===
exchange tid: 47544
outbound thread: 47552
inbound thread: 47551
       Value   Percentile   TotalCount 1/(1-Percentile)

  2022.00000     0.000000            1         1.00
  2380.00000     0.100000       146357         1.11
  2454.00000     0.200000       285909         1.25
  2528.00000     0.300000       410924         1.43
  2627.00000     0.400000       531961         1.67
  2775.00000     0.500000       661007         2.00
  2873.00000     0.550000       735056         2.22
  2960.00000     0.600000       800936         2.50
  3046.00000     0.650000       866610         2.86
  3132.00000     0.700000       927783         3.33
  3243.00000     0.750000       995885         4.00
  3305.00000     0.775000      1028035         4.44
  3379.00000     0.800000      1061372         5.00
  3453.00000     0.825000      1090136         5.71
  3552.00000     0.850000      1122327         6.67
  3687.00000     0.875000      1156466         8.00
  3774.00000     0.887500      1173236         8.89
  3872.00000     0.900000      1188645        10.00
  4020.00000     0.912500      1206036        11.43
  4218.00000     0.925000      1221721        13.33
  4600.00000     0.937500      1238127        16.00
  4970.00000     0.943750      1246131        17.78
  5550.00000     0.950000      1254488        20.00
  6327.00000     0.956250      1262615        22.86
  7375.00000     0.962500      1271005        26.67
  7659.00000     0.968750      1279283        32.00
  7844.00000     0.971875      1283273        35.56
  8164.00000     0.975000      1287385        40.00
  8707.00000     0.978125      1291465        45.71
  9533.00000     0.981250      1295556        53.33
 10150.00000     0.984375      1299749        64.00
 10434.00000     0.985938      1301774        71.11
 10828.00000     0.987500      1303846        80.00
 11630.00000     0.989062      1305891        91.43
 13221.00000     0.990625      1307941       106.67
 17513.00000     0.992188      1309996       128.00
 22249.00000     0.992969      1311027       142.22
 30488.00000     0.993750      1312059       160.00
 46891.00000     0.994531      1313091       182.86
 77268.00000     0.995313      1314122       213.33
175417.00000     0.996094      1315153       256.00
550623.00000     0.996484      1315669       284.44
4922111.00000     0.996875      1316186       320.00
4931327.00000     0.997266      1316701       365.71
4936639.00000     0.997656      1317217       426.67
4942527.00000     0.998047      1317734       512.00
4945407.00000     0.998242      1317996       568.89
4948319.00000     0.998437      1318252       640.00
4950975.00000     0.998633      1318508       731.43
4954207.00000     0.998828      1318763       853.33
4957375.00000     0.999023      1319023      1024.00
4959103.00000     0.999121      1319151      1137.78
4960767.00000     0.999219      1319280      1280.00
4962111.00000     0.999316      1319408      1462.86
4963935.00000     0.999414      1319538      1706.67
4965631.00000     0.999512      1319666      2048.00
4966623.00000     0.999561      1319733      2275.56
4967807.00000     0.999609      1319795      2560.00
4968831.00000     0.999658      1319860      2925.71
4970303.00000     0.999707      1319924      3413.33
4972479.00000     0.999756      1319988      4096.00
4973695.00000     0.999780      1320022      4551.11
4975199.00000     0.999805      1320053      5120.00
4977983.00000     0.999829      1320086      5851.43
4983295.00000     0.999854      1320119      6826.67
4993919.00000     0.999878      1320149      8192.00
5000735.00000     0.999890      1320165      9102.22
5009759.00000     0.999902      1320182     10240.00
5031519.00000     0.999915      1320198     11702.86
5104063.00000     0.999927      1320214     13653.33
5139423.00000     0.999939      1320230     16384.00
5150943.00000     0.999945      1320238     18204.44
6061343.00000     0.999951      1320246     20480.00
6098143.00000     0.999957      1320254     23405.71
6123999.00000     0.999963      1320262     27306.67
6198047.00000     0.999969      1320270     32768.00
6235455.00000     0.999973      1320274     36408.89
7837727.00000     0.999976      1320278     40960.00
14790271.00000     0.999979      1320282     46811.43
14826047.00000     0.999982      1320286     54613.33
14896895.00000     0.999985      1320290     65536.00
18343295.00000     0.999986      1320292     72817.78
18375679.00000     0.999988      1320294     81920.00
18402175.00000     0.999989      1320296     93622.86
18415359.00000     0.999991      1320298    109226.67
18432895.00000     0.999992      1320300    131072.00
18451071.00000     0.999993      1320301    145635.56
18455935.00000     0.999994      1320302    163840.00
18468223.00000     0.999995      1320303    187245.71
18470143.00000     0.999995      1320304    218453.33
18484735.00000     0.999996      1320305    262144.00
18500991.00000     0.999997      1320306    291271.11
18500991.00000     0.999997      1320306    327680.00
18517119.00000     0.999997      1320307    374491.43
18517119.00000     0.999998      1320307    436906.67
18535679.00000     0.999998      1320308    524288.00
18535679.00000     0.999998      1320308    582542.22
18535679.00000     0.999998      1320308    655360.00
18551167.00000     0.999999      1320309    748982.86
18551167.00000     0.999999      1320309    873813.33
18551167.00000     0.999999      1320309   1048576.00
18551167.00000     0.999999      1320309   1165084.44
18551167.00000     0.999999      1320309   1310720.00
18569215.00000     0.999999      1320310   1497965.71
18569215.00000     1.000000      1320310          inf
#[Mean    =    20355.925, StdDeviation   =   296055.071]
#[Max     = 18569215.000, Total count    =      1320310]
#[Buckets =           13, SubBuckets     =       262144]
       Value   Percentile   TotalCount 1/(1-Percentile)

   974.00000     0.000000            8         1.00
  1036.00000     0.100000       238577         1.11
  1048.00000     0.200000       554955         1.25
  1048.00000     0.300000       554955         1.43
  1048.00000     0.400000       554955         1.67
  1060.00000     0.500000       792267         2.00
  1060.00000     0.550000       792267         2.22
  1060.00000     0.600000       792267         2.50
  1073.00000     0.650000       873303         2.86
  1147.00000     0.700000       925437         3.33
  1270.00000     0.750000       990351         4.00
  1307.00000     0.775000      1033287         4.44
  1332.00000     0.800000      1064294         5.00
  1356.00000     0.825000      1093094         5.71
  1393.00000     0.850000      1128819         6.67
  1430.00000     0.875000      1157565         8.00
  1455.00000     0.887500      1175099         8.89
  1480.00000     0.900000      1191016        10.00
  1504.00000     0.912500      1205268        11.43
  1541.00000     0.925000      1225120        13.33
  1578.00000     0.937500      1241614        16.00
  1591.00000     0.943750      1246342        17.78
  1615.00000     0.950000      1254645        20.00
  1652.00000     0.956250      1264323        22.86
  1689.00000     0.962500      1272092        26.67
  1739.00000     0.968750      1280134        32.00
  1763.00000     0.971875      1283804        35.56
  1800.00000     0.975000      1288375        40.00
  1837.00000     0.978125      1292257        45.71
  1887.00000     0.981250      1296405        53.33
  1948.00000     0.984375      1300358        64.00
  1985.00000     0.985938      1302284        71.11
  2022.00000     0.987500      1303823        80.00
  2096.00000     0.989062      1306093        91.43
  2195.00000     0.990625      1308066       106.67
  2343.00000     0.992188      1310067       128.00
  2429.00000     0.992969      1311053       142.22
  2540.00000     0.993750      1312091       160.00
  2688.00000     0.994531      1313144       182.86
  2886.00000     0.995313      1314125       213.33
  3219.00000     0.996094      1315154       256.00
  3490.00000     0.996484      1315682       284.44
  3959.00000     0.996875      1316186       320.00
  5537.00000     0.997266      1316704       365.71
  6092.00000     0.997656      1317238       426.67
  6438.00000     0.998047      1317738       512.00
  6610.00000     0.998242      1317993       568.89
  6820.00000     0.998437      1318252       640.00
  7091.00000     0.998633      1318507       731.43
  7474.00000     0.998828      1318768       853.33
  8041.00000     0.999023      1319021      1024.00
  8423.00000     0.999121      1319150      1137.78
  8867.00000     0.999219      1319279      1280.00
  9435.00000     0.999316      1319409      1462.86
 10014.00000     0.999414      1319537      1706.67
 10841.00000     0.999512      1319666      2048.00
 11396.00000     0.999561      1319731      2275.56
 11877.00000     0.999609      1319795      2560.00
 12530.00000     0.999658      1319859      2925.71
 13418.00000     0.999707      1319924      3413.33
 14763.00000     0.999756      1319988      4096.00
 15638.00000     0.999780      1320020      4551.11
 16822.00000     0.999805      1320054      5120.00
 18019.00000     0.999829      1320085      5851.43
 19807.00000     0.999854      1320117      6826.67
 22015.00000     0.999878      1320149      8192.00
 23495.00000     0.999890      1320165      9102.22
 24642.00000     0.999902      1320182     10240.00
 26886.00000     0.999915      1320198     11702.86
 28847.00000     0.999927      1320214     13653.33
 31104.00000     0.999939      1320231     16384.00
 31955.00000     0.999945      1320238     18204.44
 34274.00000     0.999951      1320246     20480.00
 36556.00000     0.999957      1320254     23405.71
 41649.00000     0.999963      1320262     27306.67
 57695.00000     0.999969      1320270     32768.00
 62308.00000     0.999973      1320274     36408.89
 69856.00000     0.999976      1320278     40960.00
 84187.00000     0.999979      1320282     46811.43
107645.00000     0.999982      1320286     54613.33
139255.00000     0.999985      1320290     65536.00
140439.00000     0.999986      1320292     72817.78
156917.00000     0.999988      1320294     81920.00
454681.00000     0.999989      1320296     93622.86
705827.00000     0.999991      1320298    109226.67
706971.00000     0.999992      1320300    131072.00
1131831.00000     0.999993      1320301    145635.56
1132439.00000     0.999994      1320302    163840.00
1132671.00000     0.999995      1320303    187245.71
2803295.00000     0.999995      1320304    218453.33
2803567.00000     0.999996      1320305    262144.00
6072511.00000     0.999997      1320306    291271.11
6072511.00000     0.999997      1320306    327680.00
6072575.00000     0.999997      1320307    374491.43
6072575.00000     0.999998      1320307    436906.67
6999135.00000     0.999998      1320308    524288.00
6999135.00000     0.999998      1320308    582542.22
6999135.00000     0.999998      1320308    655360.00
6999999.00000     0.999999      1320309    748982.86
6999999.00000     0.999999      1320309    873813.33
6999999.00000     0.999999      1320309   1048576.00
6999999.00000     0.999999      1320309   1165084.44
6999999.00000     0.999999      1320309   1310720.00
7000063.00000     0.999999      1320310   1497965.71
7000063.00000     1.000000      1320310          inf
#[Mean    =     1231.410, StdDeviation   =    13559.331]
#[Max     =  7000063.000, Total count    =      1320310]
#[Buckets =           13, SubBuckets     =       262144]
       Value   Percentile   TotalCount 1/(1-Percentile)

     0.00000     0.000000        65501         1.00
    12.00000     0.100000       902181         1.11
    12.00000     0.200000       902181         1.25
    12.00000     0.300000       902181         1.43
    12.00000     0.400000       902181         1.67
    12.00000     0.500000       902181         2.00
    12.00000     0.550000       902181         2.22
    12.00000     0.600000       902181         2.50
    12.00000     0.650000       902181         2.86
    24.00000     0.700000      1291729         3.33
    24.00000     0.750000      1291729         4.00
    24.00000     0.775000      1291729         4.44
    24.00000     0.800000      1291729         5.00
    24.00000     0.825000      1291729         5.71
    24.00000     0.850000      1291729         6.67
    24.00000     0.875000      1291729         8.00
    24.00000     0.887500      1291729         8.89
    24.00000     0.900000      1291729        10.00
    24.00000     0.912500      1291729        11.43
    24.00000     0.925000      1291729        13.33
    24.00000     0.937500      1291729        16.00
    24.00000     0.943750      1291729        17.78
    24.00000     0.950000      1291729        20.00
    24.00000     0.956250      1291729        22.86
    24.00000     0.962500      1291729        26.67
    24.00000     0.968750      1291729        32.00
    24.00000     0.971875      1291729        35.56
    24.00000     0.975000      1291729        40.00
    24.00000     0.978125      1291729        45.71
    37.00000     0.981250      1313006        53.33
    37.00000     0.984375      1313006        64.00
    37.00000     0.985938      1313006        71.11
    37.00000     0.987500      1313006        80.00
    37.00000     0.989062      1313006        91.43
    37.00000     0.990625      1313006       106.67
    37.00000     0.992188      1313006       128.00
    37.00000     0.992969      1313006       142.22
    37.00000     0.993750      1313006       160.00
    49.00000     0.994531      1317498       182.86
    49.00000     0.995313      1317498       213.33
    49.00000     0.996094      1317498       256.00
    49.00000     0.996484      1317498       284.44
    49.00000     0.996875      1317498       320.00
    49.00000     0.997266      1317498       365.71
    49.00000     0.997656      1317498       426.67
    61.00000     0.998047      1318824       512.00
    61.00000     0.998242      1318824       568.89
    61.00000     0.998437      1318824       640.00
    61.00000     0.998633      1318824       731.43
    61.00000     0.998828      1318824       853.33
    74.00000     0.999023      1319159      1024.00
    74.00000     0.999121      1319159      1137.78
    86.00000     0.999219      1319341      1280.00
    98.00000     0.999316      1319489      1462.86
   111.00000     0.999414      1319601      1706.67
   123.00000     0.999512      1319686      2048.00
   135.00000     0.999561      1319766      2275.56
   148.00000     0.999609      1319830      2560.00
   160.00000     0.999658      1319891      2925.71
   172.00000     0.999707      1319944      3413.33
   185.00000     0.999756      1319994      4096.00
   197.00000     0.999780      1320035      4551.11
   209.00000     0.999805      1320074      5120.00
   222.00000     0.999829      1320101      5851.43
   234.00000     0.999854      1320121      6826.67
   259.00000     0.999878      1320156      8192.00
   271.00000     0.999890      1320169      9102.22
   296.00000     0.999902      1320187     10240.00
   320.00000     0.999915      1320202     11702.86
   357.00000     0.999927      1320215     13653.33
   419.00000     0.999939      1320233     16384.00
   444.00000     0.999945      1320241     18204.44
   468.00000     0.999951      1320248     20480.00
   505.00000     0.999957      1320254     23405.71
   579.00000     0.999963      1320262     27306.67
   666.00000     0.999969      1320270     32768.00
   690.00000     0.999973      1320274     36408.89
   752.00000     0.999976      1320278     40960.00
   801.00000     0.999979      1320283     46811.43
   863.00000     0.999982      1320286     54613.33
   962.00000     0.999985      1320291     65536.00
  1036.00000     0.999986      1320292     72817.78
  1073.00000     0.999988      1320294     81920.00
  1085.00000     0.999989      1320296     93622.86
  1171.00000     0.999991      1320298    109226.67
  1344.00000     0.999992      1320300    131072.00
  1541.00000     0.999993      1320301    145635.56
  1554.00000     0.999994      1320302    163840.00
  1726.00000     0.999995      1320303    187245.71
  2010.00000     0.999995      1320304    218453.33
  5278.00000     0.999996      1320305    262144.00
  5513.00000     0.999997      1320306    291271.11
  5513.00000     0.999997      1320306    327680.00
  5648.00000     0.999997      1320307    374491.43
  5648.00000     0.999998      1320307    436906.67
  6179.00000     0.999998      1320308    524288.00
  6179.00000     0.999998      1320308    582542.22
  6179.00000     0.999998      1320308    655360.00
  7733.00000     0.999999      1320309    748982.86
  7733.00000     0.999999      1320309    873813.33
  7733.00000     0.999999      1320309   1048576.00
  7733.00000     0.999999      1320309   1165084.44
  7733.00000     0.999999      1320309   1310720.00
 10495.00000     0.999999      1320310   1497965.71
 10495.00000     1.000000      1320310          inf
#[Mean    =       15.722, StdDeviation   =       18.259]
#[Max     =    10495.000, Total count    =      1320310]
#[Buckets =           13, SubBuckets     =       262144]
       Value   Percentile   TotalCount 1/(1-Percentile)

    61.00000     0.000000           10         1.00
    98.00000     0.100000       695590         1.11
    98.00000     0.200000       695590         1.25
    98.00000     0.300000       695590         1.43
    98.00000     0.400000       695590         1.67
    98.00000     0.500000       695590         2.00
   111.00000     0.550000       976612         2.22
   111.00000     0.600000       976612         2.50
   111.00000     0.650000       976612         2.86
   111.00000     0.700000       976612         3.33
   123.00000     0.750000      1150664         4.00
   123.00000     0.775000      1150664         4.44
   123.00000     0.800000      1150664         5.00
   123.00000     0.825000      1150664         5.71
   123.00000     0.850000      1150664         6.67
   135.00000     0.875000      1245480         8.00
   135.00000     0.887500      1245480         8.89
   135.00000     0.900000      1245480        10.00
   135.00000     0.912500      1245480        11.43
   135.00000     0.925000      1245480        13.33
   135.00000     0.937500      1245480        16.00
   147.00000     0.943750      1246925        17.78
   148.00000     0.950000      1272185        20.00
   148.00000     0.956250      1272185        22.86
   148.00000     0.962500      1272185        26.67
   160.00000     0.968750      1282325        32.00
   172.00000     0.971875      1287245        35.56
   184.00000     0.975000      1287378        40.00
   197.00000     0.978125      1291745        45.71
   234.00000     0.981250      1296351        53.33
   296.00000     0.984375      1300019        64.00
   345.00000     0.985938      1301990        71.11
   407.00000     0.987500      1303971        80.00
   481.00000     0.989062      1305954        91.43
   592.00000     0.990625      1307989       106.67
   752.00000     0.992188      1310046       128.00
   875.00000     0.992969      1311100       142.22
  1011.00000     0.993750      1312068       160.00
  1221.00000     0.994531      1313118       182.86
  1677.00000     0.995313      1314130       213.33
  6388.00000     0.996094      1315153       256.00
 22224.00000     0.996484      1315669       284.44
321197.00000     0.996875      1316185       320.00
4913471.00000     0.997266      1316705       365.71
4915999.00000     0.997656      1317218       426.67
4917471.00000     0.998047      1317736       512.00
4918047.00000     0.998242      1317995       568.89
4918591.00000     0.998437      1318252       640.00
4919167.00000     0.998633      1318516       731.43
4919743.00000     0.998828      1318780       853.33
4920351.00000     0.999023      1319034      1024.00
4920671.00000     0.999121      1319156      1137.78
4920991.00000     0.999219      1319281      1280.00
4921407.00000     0.999316      1319418      1462.86
4921823.00000     0.999414      1319542      1706.67
4922303.00000     0.999512      1319666      2048.00
4922591.00000     0.999561      1319732      2275.56
4923039.00000     0.999609      1319803      2560.00
4923455.00000     0.999658      1319859      2925.71
4924031.00000     0.999707      1319924      3413.33
4925023.00000     0.999756      1319989      4096.00
4925791.00000     0.999780      1320021      4551.11
4926687.00000     0.999805      1320053      5120.00
4927903.00000     0.999829      1320085      5851.43
4929183.00000     0.999854      1320117      6826.67
4930495.00000     0.999878      1320149      8192.00
4931391.00000     0.999890      1320165      9102.22
4933055.00000     0.999902      1320182     10240.00
4934527.00000     0.999915      1320198     11702.86
4936287.00000     0.999927      1320214     13653.33
4975103.00000     0.999939      1320230     16384.00
5092447.00000     0.999945      1320238     18204.44
5107711.00000     0.999951      1320246     20480.00
5110687.00000     0.999957      1320254     23405.71
6026687.00000     0.999963      1320262     27306.67
6071647.00000     0.999969      1320270     32768.00
6117823.00000     0.999973      1320274     36408.89
6160671.00000     0.999976      1320278     40960.00
9719679.00000     0.999979      1320282     46811.43
9749439.00000     0.999982      1320286     54613.33
9783423.00000     0.999985      1320290     65536.00
9801343.00000     0.999986      1320292     72817.78
9815103.00000     0.999988      1320294     81920.00
9835903.00000     0.999989      1320296     93622.86
14656959.00000     0.999991      1320298    109226.67
14680319.00000     0.999992      1320300    131072.00
14685311.00000     0.999993      1320301    145635.56
14686847.00000     0.999994      1320302    163840.00
14689407.00000     0.999995      1320303    187245.71
14690431.00000     0.999995      1320304    218453.33
14695423.00000     0.999996      1320305    262144.00
14700031.00000     0.999997      1320306    291271.11
14700031.00000     0.999997      1320306    327680.00
14707775.00000     0.999997      1320307    374491.43
14707775.00000     0.999998      1320307    436906.67
14724095.00000     0.999998      1320308    524288.00
14724095.00000     0.999998      1320308    582542.22
14724095.00000     0.999998      1320308    655360.00
14752255.00000     0.999999      1320309    748982.86
14752255.00000     0.999999      1320309    873813.33
14752255.00000     0.999999      1320309   1048576.00
14752255.00000     0.999999      1320309   1165084.44
14752255.00000     0.999999      1320309   1310720.00
14761791.00000     0.999999      1320310   1497965.71
14761791.00000     1.000000      1320310          inf
#[Mean    =    15275.899, StdDeviation   =   275366.914]
#[Max     = 14761791.000, Total count    =      1320310]
#[Buckets =           13, SubBuckets     =       262144]
       Value   Percentile   TotalCount 1/(1-Percentile)

     0.00000     0.000000         7391         1.00
    37.00000     0.100000       261926         1.11
    49.00000     0.200000       497501         1.25
    49.00000     0.300000       497501         1.43
    61.00000     0.400000       546762         1.67
   123.00000     0.500000       683484         2.00
   148.00000     0.550000       748112         2.22
   172.00000     0.600000       814073         2.50
   197.00000     0.650000       868830         2.86
   234.00000     0.700000       943878         3.33
   259.00000     0.750000       991972         4.00
   283.00000     0.775000      1031648         4.44
   308.00000     0.800000      1062746         5.00
   345.00000     0.825000      1099866         5.71
   382.00000     0.850000      1132339         6.67
   419.00000     0.875000      1160008         8.00
   444.00000     0.887500      1175262         8.89
   468.00000     0.900000      1188605        10.00
   505.00000     0.912500      1206342        11.43
   555.00000     0.925000      1224832        13.33
   604.00000     0.937500      1239489        16.00
   641.00000     0.943750      1248318        17.78
   678.00000     0.950000      1255624        20.00
   727.00000     0.956250      1264193        22.86
   777.00000     0.962500      1271134        26.67
   851.00000     0.968750      1279198        32.00
   900.00000     0.971875      1283520        35.56
   962.00000     0.975000      1287793        40.00
  1036.00000     0.978125      1291833        45.71
  1134.00000     0.981250      1295860        53.33
  1282.00000     0.984375      1299951        64.00
  1381.00000     0.985938      1301962        71.11
  1504.00000     0.987500      1303879        80.00
  1689.00000     0.989062      1305978        91.43
  1936.00000     0.990625      1307933       106.67
  2442.00000     0.992188      1310024       128.00
  2960.00000     0.992969      1311065       142.22
  3145.00000     0.993750      1312074       160.00
  3280.00000     0.994531      1313191       182.86
  3465.00000     0.995313      1314159       213.33
  3798.00000     0.996094      1315173       256.00
  4070.00000     0.996484      1315682       284.44
  4403.00000     0.996875      1316202       320.00
  4773.00000     0.997266      1316702       365.71
  5241.00000     0.997656      1317221       426.67
  5747.00000     0.998047      1317736       512.00
  6068.00000     0.998242      1317995       568.89
  6388.00000     0.998437      1318256       640.00
  6771.00000     0.998633      1318510       731.43
  7128.00000     0.998828      1318766       853.33
  7646.00000     0.999023      1319023      1024.00
  7955.00000     0.999121      1319156      1137.78
  8288.00000     0.999219      1319282      1280.00
  8682.00000     0.999316      1319413      1462.86
  9200.00000     0.999414      1319539      1706.67
  9829.00000     0.999512      1319666      2048.00
 10273.00000     0.999561      1319730      2275.56
 10643.00000     0.999609      1319795      2560.00
 11285.00000     0.999658      1319860      2925.71
 12099.00000     0.999707      1319927      3413.33
 12999.00000     0.999756      1319988      4096.00
 13677.00000     0.999780      1320020      4551.11
 14467.00000     0.999805      1320053      5120.00
 15799.00000     0.999829      1320085      5851.43
 17451.00000     0.999854      1320117      6826.67
 19030.00000     0.999878      1320149      8192.00
 19832.00000     0.999890      1320165      9102.22
 21312.00000     0.999902      1320182     10240.00
 23729.00000     0.999915      1320198     11702.86
 26899.00000     0.999927      1320214     13653.33
 30229.00000     0.999939      1320230     16384.00
 32165.00000     0.999945      1320238     18204.44
 34274.00000     0.999951      1320246     20480.00
 38085.00000     0.999957      1320254     23405.71
 42377.00000     0.999963      1320262     27306.67
 46250.00000     0.999969      1320270     32768.00
 47582.00000     0.999973      1320274     36408.89
 51578.00000     0.999976      1320278     40960.00
 53761.00000     0.999979      1320282     46811.43
 57892.00000     0.999982      1320286     54613.33
 60926.00000     0.999985      1320290     65536.00
 61679.00000     0.999986      1320292     72817.78
 62456.00000     0.999988      1320294     81920.00
 64713.00000     0.999989      1320296     93622.86
 65342.00000     0.999991      1320298    109226.67
 70867.00000     0.999992      1320300    131072.00
 76836.00000     0.999993      1320301    145635.56
 79500.00000     0.999994      1320302    163840.00
 80327.00000     0.999995      1320303    187245.71
 82867.00000     0.999995      1320304    218453.33
 83940.00000     0.999996      1320305    262144.00
 88232.00000     0.999997      1320306    291271.11
 88232.00000     0.999997      1320306    327680.00
101454.00000     0.999997      1320307    374491.43
101454.00000     0.999998      1320307    436906.67
107324.00000     0.999998      1320308    524288.00
107324.00000     0.999998      1320308    582542.22
107324.00000     0.999998      1320308    655360.00
129068.00000     0.999999      1320309    748982.86
129068.00000     0.999999      1320309    873813.33
129068.00000     0.999999      1320309   1048576.00
129068.00000     0.999999      1320309   1165084.44
129068.00000     0.999999      1320309   1310720.00
132213.00000     0.999999      1320310   1497965.71
132213.00000     1.000000      1320310          inf
#[Mean    =      236.587, StdDeviation   =      696.169]
#[Max     =   132213.000, Total count    =      1320310]
#[Buckets =           13, SubBuckets     =       262144]
       Value   Percentile   TotalCount 1/(1-Percentile)

    86.00000     0.000000           12         1.00
   185.00000     0.100000       158058         1.11
   209.00000     0.200000       264469         1.25
   246.00000     0.300000       448546         1.43
   271.00000     0.400000       575941         1.67
   296.00000     0.500000       704472         2.00
   308.00000     0.550000       769168         2.22
   320.00000     0.600000       834301         2.50
   333.00000     0.650000       896437         2.86
   345.00000     0.700000       952756         3.33
   357.00000     0.750000      1000565         4.00
   370.00000     0.775000      1036556         4.44
   382.00000     0.800000      1072495         5.00
   394.00000     0.825000      1101737         5.71
   407.00000     0.850000      1125344         6.67
   431.00000     0.875000      1167057         8.00
   444.00000     0.887500      1185009         8.89
   456.00000     0.900000      1200479        10.00
   468.00000     0.912500      1213386        11.43
   481.00000     0.925000      1223949        13.33
   505.00000     0.937500      1239789        16.00
   530.00000     0.943750      1250156        17.78
   555.00000     0.950000      1257048        20.00
   592.00000     0.956250      1263548        22.86
   678.00000     0.962500      1271211        26.67
   863.00000     0.968750      1279180        32.00
   999.00000     0.971875      1283181        35.56
  1221.00000     0.975000      1287385        40.00
  1529.00000     0.978125      1291521        45.71
  1948.00000     0.981250      1295561        53.33
  2553.00000     0.984375      1299704        64.00
  2972.00000     0.985938      1301763        71.11
  3515.00000     0.987500      1303811        80.00
  4588.00000     0.989062      1305873        91.43
  5648.00000     0.990625      1307941       106.67
  7597.00000     0.992188      1310000       128.00
  9336.00000     0.992969      1311027       142.22
 11704.00000     0.993750      1312062       160.00
 15527.00000     0.994531      1313092       182.86
 20646.00000     0.995313      1314122       213.33
 27096.00000     0.996094      1315154       256.00
 30475.00000     0.996484      1315669       284.44
 34052.00000     0.996875      1316187       320.00
 37875.00000     0.997266      1316701       365.71
 41711.00000     0.997656      1317216       426.67
 47668.00000     0.998047      1317732       512.00
 53070.00000     0.998242      1317990       568.89
 60001.00000     0.998437      1318249       640.00
 68931.00000     0.998633      1318505       731.43
 80894.00000     0.998828      1318763       853.33
 98703.00000     0.999023      1319021      1024.00
111629.00000     0.999121      1319150      1137.78
131954.00000     0.999219      1319279      1280.00
158730.00000     0.999316      1319408      1462.86
204536.00000     0.999414      1319537      1706.67
294447.00000     0.999512      1319666      2048.00
427511.00000     0.999561      1319730      2275.56
803763.00000     0.999609      1319795      2560.00
1794095.00000     0.999658      1319859      2925.71
3790863.00000     0.999707      1319924      3413.33
4910879.00000     0.999756      1319988      4096.00
4919935.00000     0.999780      1320020      4551.11
4926175.00000     0.999805      1320053      5120.00
4931647.00000     0.999829      1320085      5851.43
4937663.00000     0.999854      1320117      6826.67
4942527.00000     0.999878      1320149      8192.00
4946559.00000     0.999890      1320165      9102.22
4948831.00000     0.999902      1320182     10240.00
4952575.00000     0.999915      1320199     11702.86
4955007.00000     0.999927      1320214     13653.33
4958335.00000     0.999939      1320231     16384.00
4959455.00000     0.999945      1320238     18204.44
4961599.00000     0.999951      1320246     20480.00
4965215.00000     0.999957      1320254     23405.71
4990719.00000     0.999963      1320262     27306.67
5017759.00000     0.999969      1320270     32768.00
5039775.00000     0.999973      1320274     36408.89
5163295.00000     0.999976      1320278     40960.00
5189567.00000     0.999979      1320282     46811.43
5213055.00000     0.999982      1320286     54613.33
5234463.00000     0.999985      1320290     65536.00
8588735.00000     0.999986      1320292     72817.78
8641791.00000     0.999988      1320294     81920.00
8653503.00000     0.999989      1320296     93622.86
8661311.00000     0.999991      1320298    109226.67
8668479.00000     0.999992      1320300    131072.00
8674367.00000     0.999993      1320301    145635.56
8675327.00000     0.999994      1320302    163840.00
8682495.00000     0.999995      1320303    187245.71
8682751.00000     0.999995      1320304    218453.33
8693375.00000     0.999996      1320305    262144.00
8698687.00000     0.999997      1320306    291271.11
8698687.00000     0.999997      1320306    327680.00
8700991.00000     0.999997      1320307    374491.43
8700991.00000     0.999998      1320307    436906.67
8705407.00000     0.999998      1320308    524288.00
8705407.00000     0.999998      1320308    582542.22
8705407.00000     0.999998      1320308    655360.00
8707775.00000     0.999999      1320309    748982.86
8707775.00000     0.999999      1320309    873813.33
8707775.00000     0.999999      1320309   1048576.00
8707775.00000     0.999999      1320309   1165084.44
8707775.00000     0.999999      1320309   1310720.00
8714303.00000     0.999999      1320310   1497965.71
8714303.00000     1.000000      1320310          inf
#[Mean    =     2345.755, StdDeviation   =    90771.114]
#[Max     =  8714303.000, Total count    =      1320310]
#[Buckets =           13, SubBuckets     =       262144]
       Value   Percentile   TotalCount 1/(1-Percentile)

     0.00000     0.000000       140283         1.00
     0.00000     0.100000       140283         1.11
    12.00000     0.200000      1130686         1.25
    12.00000     0.300000      1130686         1.43
    12.00000     0.400000      1130686         1.67
    12.00000     0.500000      1130686         2.00
    12.00000     0.550000      1130686         2.22
    12.00000     0.600000      1130686         2.50
    12.00000     0.650000      1130686         2.86
    12.00000     0.700000      1130686         3.33
    12.00000     0.750000      1130686         4.00
    12.00000     0.775000      1130686         4.44
    12.00000     0.800000      1130686         5.00
    12.00000     0.825000      1130686         5.71
    12.00000     0.850000      1130686         6.67
    24.00000     0.875000      1265863         8.00
    24.00000     0.887500      1265863         8.89
    24.00000     0.900000      1265863        10.00
    24.00000     0.912500      1265863        11.43
    24.00000     0.925000      1265863        13.33
    24.00000     0.937500      1265863        16.00
    24.00000     0.943750      1265863        17.78
    24.00000     0.950000      1265863        20.00
    24.00000     0.956250      1265863        22.86
    37.00000     0.962500      1287139        26.67
    37.00000     0.968750      1287139        32.00
    37.00000     0.971875      1287139        35.56
    49.00000     0.975000      1301403        40.00
    49.00000     0.978125      1301403        45.71
    49.00000     0.981250      1301403        53.33
    49.00000     0.984375      1301403        64.00
    61.00000     0.985938      1305846        71.11
    61.00000     0.987500      1305846        80.00
    74.00000     0.989062      1307621        91.43
    86.00000     0.990625      1308365       106.67
   111.00000     0.992188      1312170       128.00
   111.00000     0.992969      1312170       142.22
   111.00000     0.993750      1312170       160.00
   123.00000     0.994531      1313349       182.86
   148.00000     0.995313      1314597       213.33
   172.00000     0.996094      1315390       256.00
   185.00000     0.996484      1315707       284.44
   209.00000     0.996875      1316244       320.00
   234.00000     0.997266      1316754       365.71
   259.00000     0.997656      1317221       426.67
   296.00000     0.998047      1317825       512.00
   308.00000     0.998242      1318008       568.89
   333.00000     0.998437      1318310       640.00
   357.00000     0.998633      1318588       731.43
   382.00000     0.998828      1318812       853.33
   419.00000     0.999023      1319092      1024.00
   431.00000     0.999121      1319162      1137.78
   468.00000     0.999219      1319339      1280.00
   493.00000     0.999316      1319435      1462.86
   530.00000     0.999414      1319578      1706.67
   567.00000     0.999512      1319687      2048.00
   592.00000     0.999561      1319763      2275.56
   616.00000     0.999609      1319819      2560.00
   641.00000     0.999658      1319875      2925.71
   678.00000     0.999707      1319928      3413.33
   727.00000     0.999756      1319999      4096.00
   752.00000     0.999780      1320031      4551.11
   777.00000     0.999805      1320060      5120.00
   814.00000     0.999829      1320087      5851.43
   863.00000     0.999854      1320119      6826.67
   949.00000     0.999878      1320149      8192.00
  1048.00000     0.999890      1320167      9102.22
  1122.00000     0.999902      1320182     10240.00
  1332.00000     0.999915      1320198     11702.86
  5155.00000     0.999927      1320214     13653.33
  5315.00000     0.999939      1320232     16384.00
  5389.00000     0.999945      1320239     18204.44
  5451.00000     0.999951      1320249     20480.00
  5611.00000     0.999957      1320254     23405.71
  6043.00000     0.999963      1320262     27306.67
  6536.00000     0.999969      1320270     32768.00
  6795.00000     0.999973      1320274     36408.89
  7030.00000     0.999976      1320278     40960.00
  7178.00000     0.999979      1320282     46811.43
  7301.00000     0.999982      1320288     54613.33
  7326.00000     0.999985      1320290     65536.00
  7338.00000     0.999986      1320292     72817.78
  7363.00000     0.999988      1320295     81920.00
  7375.00000     0.999989      1320296     93622.86
  7412.00000     0.999991      1320299    109226.67
  7486.00000     0.999992      1320300    131072.00
  7511.00000     0.999993      1320302    145635.56
  7511.00000     0.999994      1320302    163840.00
  7523.00000     0.999995      1320303    187245.71
  7597.00000     0.999995      1320304    218453.33
  7770.00000     0.999996      1320305    262144.00
  7819.00000     0.999997      1320306    291271.11
  7819.00000     0.999997      1320306    327680.00
  7856.00000     0.999997      1320307    374491.43
  7856.00000     0.999998      1320307    436906.67
  8201.00000     0.999998      1320309    524288.00
  8201.00000     0.999998      1320309    582542.22
  8201.00000     0.999998      1320309    655360.00
  8201.00000     0.999999      1320309    748982.86
  8201.00000     0.999999      1320309    873813.33
  8201.00000     0.999999      1320309   1048576.00
  8201.00000     0.999999      1320309   1165084.44
  8201.00000     0.999999      1320309   1310720.00
 22496.00000     0.999999      1320310   1497965.71
 22496.00000     1.000000      1320310          inf
#[Mean    =       15.374, StdDeviation   =       63.794]
#[Max     =    22496.000, Total count    =      1320310]
#[Buckets =           13, SubBuckets     =       262144]
       Value   Percentile   TotalCount 1/(1-Percentile)

   616.00000     0.000000            1         1.00
   900.00000     0.100000       254312         1.11
   912.00000     0.200000       442714         1.25
   912.00000     0.300000       442714         1.43
   925.00000     0.400000       580955         1.67
   937.00000     0.500000       676072         2.00
   949.00000     0.550000       733391         2.22
   986.00000     0.600000       806765         2.50
  1085.00000     0.650000       861977         2.86
  1171.00000     0.700000       925883         3.33
  1245.00000     0.750000       996144         4.00
  1282.00000     0.775000      1025538         4.44
  1332.00000     0.800000      1064558         5.00
  1369.00000     0.825000      1095204         5.71
  1406.00000     0.850000      1126463         6.67
  1443.00000     0.875000      1156573         8.00
  1467.00000     0.887500      1175046         8.89
  1492.00000     0.900000      1191633        10.00
  1517.00000     0.912500      1206167        11.43
  1554.00000     0.925000      1223865        13.33
  1603.00000     0.937500      1240817        16.00
  1628.00000     0.943750      1247209        17.78
  1665.00000     0.950000      1254980        20.00
  1714.00000     0.956250      1262759        22.86
  1800.00000     0.962500      1270957        26.67
  2331.00000     0.968750      1279075        32.00
  3502.00000     0.971875      1283210        35.56
  3996.00000     0.975000      1287319        40.00
  5550.00000     0.978125      1291448        45.71
  5870.00000     0.981250      1295793        53.33
  5969.00000     0.984375      1299956        64.00
  6018.00000     0.985938      1301994        71.11
  6080.00000     0.987500      1304144        80.00
  6154.00000     0.989062      1305979        91.43
  6327.00000     0.990625      1307997       106.67
  6943.00000     0.992188      1310014       128.00
  7350.00000     0.992969      1311033       142.22
  7659.00000     0.993750      1312097       160.00
  7930.00000     0.994531      1313138       182.86
  8152.00000     0.995313      1314170       213.33
  8337.00000     0.996094      1315167       256.00
  8436.00000     0.996484      1315692       284.44
  8534.00000     0.996875      1316234       320.00
  8621.00000     0.997266      1316729       365.71
  8719.00000     0.997656      1317234       426.67
  8830.00000     0.998047      1317744       512.00
  8892.00000     0.998242      1317990       568.89
  8978.00000     0.998437      1318281       640.00
  9077.00000     0.998633      1318516       731.43
  9237.00000     0.998828      1318768       853.33
  9496.00000     0.999023      1319025      1024.00
  9743.00000     0.999121      1319154      1137.78
 10101.00000     0.999219      1319281      1280.00
 10804.00000     0.999316      1319410      1462.86
 11803.00000     0.999414      1319537      1706.67
 13048.00000     0.999512      1319666      2048.00
 13603.00000     0.999561      1319730      2275.56
 14713.00000     0.999609      1319797      2560.00
 15885.00000     0.999658      1319859      2925.71
 17599.00000     0.999707      1319924      3413.33
 19856.00000     0.999756      1319988      4096.00
 21176.00000     0.999780      1320020      4551.11
 22767.00000     0.999805      1320053      5120.00
 23778.00000     0.999829      1320085      5851.43
 24827.00000     0.999854      1320117      6826.67
 26035.00000     0.999878      1320150      8192.00
 26627.00000     0.999890      1320165      9102.22
 27947.00000     0.999902      1320182     10240.00
 28588.00000     0.999915      1320198     11702.86
 29587.00000     0.999927      1320214     13653.33
 30327.00000     0.999939      1320230     16384.00
 31277.00000     0.999945      1320238     18204.44
 31955.00000     0.999951      1320246     20480.00
 33694.00000     0.999957      1320255     23405.71
 37135.00000     0.999963      1320262     27306.67
 39294.00000     0.999969      1320270     32768.00
 42155.00000     0.999973      1320274     36408.89
 44696.00000     0.999976      1320278     40960.00
 47495.00000     0.999979      1320282     46811.43
 49160.00000     0.999982      1320286     54613.33
 52330.00000     0.999985      1320290     65536.00
 55845.00000     0.999986      1320292     72817.78
 59816.00000     0.999988      1320294     81920.00
 70559.00000     0.999989      1320296     93622.86
 75529.00000     0.999991      1320299    109226.67
 78403.00000     0.999992      1320300    131072.00
 93807.00000     0.999993      1320301    145635.56
 94263.00000     0.999994      1320302    163840.00
 96718.00000     0.999995      1320303    187245.71
108829.00000     0.999995      1320304    218453.33
117808.00000     0.999996      1320305    262144.00
118190.00000     0.999997      1320306    291271.11
118190.00000     0.999997      1320306    327680.00
120361.00000     0.999997      1320307    374491.43
120361.00000     0.999998      1320307    436906.67
861631.00000     0.999998      1320308    524288.00
861631.00000     0.999998      1320308    582542.22
861631.00000     0.999998      1320308    655360.00
1102279.00000     0.999999      1320309    748982.86
1102279.00000     0.999999      1320309    873813.33
1102279.00000     0.999999      1320309   1048576.00
1102279.00000     0.999999      1320309   1165084.44
1102279.00000     0.999999      1320309   1310720.00
3395855.00000     0.999999      1320310   1497965.71
3395855.00000     1.000000      1320310          inf
#[Mean    =     1232.994, StdDeviation   =     3372.014]
#[Max     =  3395855.000, Total count    =      1320310]
#[Buckets =           13, SubBuckets     =       262144]

=== EXCHANGE STDERR ===
matching tid: 47553
