=== CLIENT STDERR ===
=== Exchange load generator ===
  clients  : 10
  seed     : 2785384187
  target   : 127.0.0.1:4000
  thread id: 48377
Ctrl-C to stop.


=== Stats ===
  elapsed         : 14.999 s
  requests sent   : 2326233
  ACK responses   : 2326223
  MATCH responses : 1331070
  ERR responses   : 0
  orders in flight: -10
  --- throughput ---
  requests/s      : 155096
  ACK/s           : 155095
  MATCH/s         : 88746
  ERR/s           : 0
  total resp/s    : 155095

=== EXCHANGE STDOUT ===
exchange tid: 48376
inbound thread: 48378
outbound thread: 48379
       Value   Percentile   TotalCount 1/(1-Percentile)

  2109.00000     0.000000            1         1.00
  2405.00000     0.100000       207946         1.11
  2466.00000     0.200000       396388         1.25
  2516.00000     0.300000       554295         1.43
  2577.00000     0.400000       718204         1.67
  2676.00000     0.500000       893889         2.00
  2750.00000     0.550000       986241         2.22
  2836.00000     0.600000      1076062         2.50
  2923.00000     0.650000      1163745         2.86
  3009.00000     0.700000      1250194         3.33
  3108.00000     0.750000      1341515         4.00
  3157.00000     0.775000      1381794         4.44
  3219.00000     0.800000      1427597         5.00
  3293.00000     0.825000      1476010         5.71
  3367.00000     0.850000      1516893         6.67
  3465.00000     0.875000      1560651         8.00
  3527.00000     0.887500      1582742         8.89
  3601.00000     0.900000      1605035        10.00
  3687.00000     0.912500      1625442        11.43
  3823.00000     0.925000      1648693        13.33
  4020.00000     0.937500      1669912        16.00
  4181.00000     0.943750      1681288        17.78
  4440.00000     0.950000      1692090        20.00
  4995.00000     0.956250      1703046        22.86
  5821.00000     0.962500      1714157        26.67
  7215.00000     0.968750      1725359        32.00
  7437.00000     0.971875      1731253        35.56
  7548.00000     0.975000      1736828        40.00
  7659.00000     0.978125      1742087        45.71
  7819.00000     0.981250      1747616        53.33
  8127.00000     0.984375      1753226        64.00
  8399.00000     0.985938      1755908        71.11
  8806.00000     0.987500      1758729        80.00
  9262.00000     0.989062      1761446        91.43
  9632.00000     0.990625      1764229       106.67
 10064.00000     0.992188      1767025       128.00
 10372.00000     0.992969      1768403       142.22
 10828.00000     0.993750      1769814       160.00
 11457.00000     0.994531      1771199       182.86
 12456.00000     0.995313      1772584       213.33
 14319.00000     0.996094      1773966       256.00
 15762.00000     0.996484      1774660       284.44
 17834.00000     0.996875      1775355       320.00
 20868.00000     0.997266      1776053       365.71
 25727.00000     0.997656      1776745       426.67
 35618.00000     0.998047      1777441       512.00
 42414.00000     0.998242      1777791       568.89
 50973.00000     0.998437      1778137       640.00
 63948.00000     0.998633      1778485       731.43
 84545.00000     0.998828      1778832       853.33
119053.00000     0.999023      1779180      1024.00
144546.00000     0.999121      1779354      1137.78
169978.00000     0.999219      1779528      1280.00
200305.00000     0.999316      1779702      1462.86
241696.00000     0.999414      1779876      1706.67
305485.00000     0.999512      1780050      2048.00
354115.00000     0.999561      1780137      2275.56
405311.00000     0.999609      1780224      2560.00
491139.00000     0.999658      1780312      2925.71
657467.00000     0.999707      1780398      3413.33
1092207.00000     0.999756      1780485      4096.00
1228119.00000     0.999780      1780528      4551.11
1364479.00000     0.999805      1780572      5120.00
1702655.00000     0.999829      1780615      5851.43
2065247.00000     0.999854      1780659      6826.67
2303407.00000     0.999878      1780702      8192.00
2495663.00000     0.999890      1780724      9102.22
2837023.00000     0.999902      1780746     10240.00
3550495.00000     0.999915      1780767     11702.86
3738607.00000     0.999927      1780789     13653.33
3915647.00000     0.999939      1780811     16384.00
4485599.00000     0.999945      1780822     18204.44
4685407.00000     0.999951      1780833     20480.00
4805055.00000     0.999957      1780843     23405.71
4841919.00000     0.999963      1780854     27306.67
4870879.00000     0.999969      1780865     32768.00
4881599.00000     0.999973      1780871     36408.89
4890975.00000     0.999976      1780876     40960.00
4901311.00000     0.999979      1780881     46811.43
4931807.00000     0.999982      1780887     54613.33
4980191.00000     0.999985      1780892     65536.00
4995775.00000     0.999986      1780895     72817.78
5621887.00000     0.999988      1780898     81920.00
5644831.00000     0.999989      1780900     93622.86
5676511.00000     0.999991      1780903    109226.67
5702207.00000     0.999992      1780906    131072.00
5702975.00000     0.999993      1780907    145635.56
5716383.00000     0.999994      1780909    163840.00
5723135.00000     0.999995      1780910    187245.71
5742591.00000     0.999995      1780911    218453.33
5757439.00000     0.999996      1780913    262144.00
5757439.00000     0.999997      1780913    291271.11
5775039.00000     0.999997      1780914    327680.00
5796415.00000     0.999997      1780915    374491.43
5796415.00000     0.999998      1780915    436906.67
5796703.00000     0.999998      1780916    524288.00
5796703.00000     0.999998      1780916    582542.22
5806175.00000     0.999998      1780917    655360.00
5806175.00000     0.999999      1780917    748982.86
5806175.00000     0.999999      1780917    873813.33
9254591.00000     0.999999      1780918   1048576.00
9254591.00000     0.999999      1780918   1165084.44
9254591.00000     0.999999      1780918   1310720.00
9254591.00000     0.999999      1780918   1497965.71
9254591.00000     0.999999      1780918   1747626.67
9353663.00000     1.000000      1780919   2097152.00
9353663.00000     1.000000      1780919          inf
#[Mean    =     4007.191, StdDeviation   =    51110.237]
#[Max     =  9353663.000, Total count    =      1780919]
#[Buckets =           13, SubBuckets     =       262144]
       Value   Percentile   TotalCount 1/(1-Percentile)

   949.00000     0.000000            1         1.00
  1048.00000     0.100000       515010         1.11
  1048.00000     0.200000       515010         1.25
  1060.00000     0.300000       897315         1.43
  1060.00000     0.400000       897315         1.67
  1060.00000     0.500000       897315         2.00
  1073.00000     0.550000      1108834         2.22
  1073.00000     0.600000      1108834         2.50
  1085.00000     0.650000      1158469         2.86
  1245.00000     0.700000      1254957         3.33
  1295.00000     0.750000      1348377         4.00
  1319.00000     0.775000      1415077         4.44
  1332.00000     0.800000      1451062         5.00
  1344.00000     0.825000      1483810         5.71
  1369.00000     0.850000      1530405         6.67
  1393.00000     0.875000      1566523         8.00
  1406.00000     0.887500      1585562         8.89
  1418.00000     0.900000      1604115        10.00
  1443.00000     0.912500      1634128        11.43
  1467.00000     0.925000      1656716        13.33
  1492.00000     0.937500      1674174        16.00
  1504.00000     0.943750      1681870        17.78
  1529.00000     0.950000      1695941        20.00
  1554.00000     0.956250      1708522        22.86
  1566.00000     0.962500      1714229        26.67
  1603.00000     0.968750      1728940        32.00
  1615.00000     0.971875      1733093        35.56
  1628.00000     0.975000      1736787        40.00
  1652.00000     0.978125      1743395        45.71
  1677.00000     0.981250      1748606        53.33
  1714.00000     0.984375      1754739        64.00
  1726.00000     0.985938      1756327        71.11
  1751.00000     0.987500      1759099        80.00
  1776.00000     0.989062      1761530        91.43
  1813.00000     0.990625      1764346       106.67
  1874.00000     0.992188      1767132       128.00
  1936.00000     0.992969      1768422       142.22
  2059.00000     0.993750      1769854       160.00
  2207.00000     0.994531      1771190       182.86
  2380.00000     0.995313      1772588       213.33
  2614.00000     0.996094      1773987       256.00
  2799.00000     0.996484      1774678       284.44
  3083.00000     0.996875      1775355       320.00
  3687.00000     0.997266      1776053       365.71
  5611.00000     0.997656      1776745       426.67
  6117.00000     0.998047      1777457       512.00
  6302.00000     0.998242      1777796       568.89
  6524.00000     0.998437      1778152       640.00
  6746.00000     0.998633      1778487       731.43
  7116.00000     0.998828      1778840       853.33
  7770.00000     0.999023      1779187      1024.00
  8152.00000     0.999121      1779359      1137.78
  8584.00000     0.999219      1779531      1280.00
  9040.00000     0.999316      1779702      1462.86
  9472.00000     0.999414      1779879      1706.67
  9990.00000     0.999512      1780052      2048.00
 10273.00000     0.999561      1780137      2275.56
 10643.00000     0.999609      1780225      2560.00
 11174.00000     0.999658      1780311      2925.71
 11729.00000     0.999707      1780400      3413.33
 12419.00000     0.999756      1780485      4096.00
 12913.00000     0.999780      1780528      4551.11
 13492.00000     0.999805      1780573      5120.00
 13813.00000     0.999829      1780615      5851.43
 14183.00000     0.999854      1780659      6826.67
 15170.00000     0.999878      1780702      8192.00
 15589.00000     0.999890      1780724      9102.22
 16107.00000     0.999902      1780746     10240.00
 17007.00000     0.999915      1780767     11702.86
 18475.00000     0.999927      1780789     13653.33
 21497.00000     0.999939      1780811     16384.00
 22940.00000     0.999945      1780822     18204.44
 23902.00000     0.999951      1780833     20480.00
 25135.00000     0.999957      1780843     23405.71
 25789.00000     0.999963      1780854     27306.67
 29846.00000     0.999969      1780865     32768.00
 30845.00000     0.999973      1780871     36408.89
 35458.00000     0.999976      1780876     40960.00
 37925.00000     0.999979      1780881     46811.43
 49592.00000     0.999982      1780887     54613.33
 59385.00000     0.999985      1780892     65536.00
 70275.00000     0.999986      1780895     72817.78
 93573.00000     0.999988      1780898     81920.00
115674.00000     0.999989      1780900     93622.86
148370.00000     0.999991      1780903    109226.67
2285567.00000     0.999992      1780906    131072.00
3249503.00000     0.999993      1780907    145635.56
3250095.00000     0.999994      1780909    163840.00
3266559.00000     0.999995      1780910    187245.71
3267263.00000     0.999995      1780911    218453.33
3793343.00000     0.999996      1780913    262144.00
3793343.00000     0.999997      1780913    291271.11
3804559.00000     0.999997      1780914    327680.00
4948223.00000     0.999997      1780915    374491.43
4948223.00000     0.999998      1780915    436906.67
4949791.00000     0.999998      1780916    524288.00
4949791.00000     0.999998      1780916    582542.22
5772127.00000     0.999998      1780917    655360.00
5772127.00000     0.999999      1780917    748982.86
5772127.00000     0.999999      1780917    873813.33
9205503.00000     0.999999      1780918   1048576.00
9205503.00000     0.999999      1780918   1165084.44
9205503.00000     0.999999      1780918   1310720.00
9205503.00000     0.999999      1780918   1497965.71
9205503.00000     0.999999      1780918   1747626.67
9207167.00000     1.000000      1780919   2097152.00
9207167.00000     1.000000      1780919          inf
#[Mean    =     1226.022, StdDeviation   =    14225.164]
#[Max     =  9207167.000, Total count    =      1780919]
#[Buckets =           13, SubBuckets     =       262144]
       Value   Percentile   TotalCount 1/(1-Percentile)

     0.00000     0.000000        88799         1.00
    12.00000     0.100000      1242143         1.11
    12.00000     0.200000      1242143         1.25
    12.00000     0.300000      1242143         1.43
    12.00000     0.400000      1242143         1.67
    12.00000     0.500000      1242143         2.00
    12.00000     0.550000      1242143         2.22
    12.00000     0.600000      1242143         2.50
    12.00000     0.650000      1242143         2.86
    24.00000     0.700000      1756055         3.33
    24.00000     0.750000      1756055         4.00
    24.00000     0.775000      1756055         4.44
    24.00000     0.800000      1756055         5.00
    24.00000     0.825000      1756055         5.71
    24.00000     0.850000      1756055         6.67
    24.00000     0.875000      1756055         8.00
    24.00000     0.887500      1756055         8.89
    24.00000     0.900000      1756055        10.00
    24.00000     0.912500      1756055        11.43
    24.00000     0.925000      1756055        13.33
    24.00000     0.937500      1756055        16.00
    24.00000     0.943750      1756055        17.78
    24.00000     0.950000      1756055        20.00
    24.00000     0.956250      1756055        22.86
    24.00000     0.962500      1756055        26.67
    24.00000     0.968750      1756055        32.00
    24.00000     0.971875      1756055        35.56
    24.00000     0.975000      1756055        40.00
    24.00000     0.978125      1756055        45.71
    24.00000     0.981250      1756055        53.33
    24.00000     0.984375      1756055        64.00
    24.00000     0.985938      1756055        71.11
    37.00000     0.987500      1773694        80.00
    37.00000     0.989062      1773694        91.43
    37.00000     0.990625      1773694       106.67
    37.00000     0.992188      1773694       128.00
    37.00000     0.992969      1773694       142.22
    37.00000     0.993750      1773694       160.00
    37.00000     0.994531      1773694       182.86
    37.00000     0.995313      1773694       213.33
    49.00000     0.996094      1778697       256.00
    49.00000     0.996484      1778697       284.44
    49.00000     0.996875      1778697       320.00
    49.00000     0.997266      1778697       365.71
    49.00000     0.997656      1778697       426.67
    49.00000     0.998047      1778697       512.00
    49.00000     0.998242      1778697       568.89
    49.00000     0.998437      1778697       640.00
    49.00000     0.998633      1778697       731.43
    61.00000     0.998828      1780154       853.33
    61.00000     0.999023      1780154      1024.00
    61.00000     0.999121      1780154      1137.78
    61.00000     0.999219      1780154      1280.00
    61.00000     0.999316      1780154      1462.86
    61.00000     0.999414      1780154      1706.67
    61.00000     0.999512      1780154      2048.00
    61.00000     0.999561      1780154      2275.56
    74.00000     0.999609      1780395      2560.00
    74.00000     0.999658      1780395      2925.71
    86.00000     0.999707      1780483      3413.33
    98.00000     0.999756      1780544      4096.00
    98.00000     0.999780      1780544      4551.11
   111.00000     0.999805      1780604      5120.00
   123.00000     0.999829      1780648      5851.43
   135.00000     0.999854      1780690      6826.67
   148.00000     0.999878      1780731      8192.00
   148.00000     0.999890      1780731      9102.22
   160.00000     0.999902      1780749     10240.00
   172.00000     0.999915      1780768     11702.86
   185.00000     0.999927      1780792     13653.33
   209.00000     0.999939      1780815     16384.00
   222.00000     0.999945      1780825     18204.44
   234.00000     0.999951      1780833     20480.00
   246.00000     0.999957      1780843     23405.71
   283.00000     0.999963      1780858     27306.67
   296.00000     0.999969      1780866     32768.00
   308.00000     0.999973      1780874     36408.89
   320.00000     0.999976      1780879     40960.00
   333.00000     0.999979      1780886     46811.43
   345.00000     0.999982      1780888     54613.33
   382.00000     0.999985      1780892     65536.00
   394.00000     0.999986      1780895     72817.78
   419.00000     0.999988      1780898     81920.00
   481.00000     0.999989      1780900     93622.86
   530.00000     0.999991      1780904    109226.67
   604.00000     0.999992      1780906    131072.00
   629.00000     0.999993      1780907    145635.56
  1085.00000     0.999994      1780909    163840.00
  1208.00000     0.999995      1780910    187245.71
  3354.00000     0.999995      1780911    218453.33
  5069.00000     0.999996      1780913    262144.00
  5069.00000     0.999997      1780913    291271.11
  5315.00000     0.999997      1780914    327680.00
  5883.00000     0.999997      1780915    374491.43
  5883.00000     0.999998      1780915    436906.67
  6129.00000     0.999998      1780916    524288.00
  6129.00000     0.999998      1780916    582542.22
  6203.00000     0.999998      1780917    655360.00
  6203.00000     0.999999      1780917    748982.86
  6203.00000     0.999999      1780917    873813.33
  7252.00000     0.999999      1780918   1048576.00
  7252.00000     0.999999      1780918   1165084.44
  7252.00000     0.999999      1780918   1310720.00
  7252.00000     0.999999      1780918   1497965.71
  7252.00000     0.999999      1780918   1747626.67
 12456.00000     1.000000      1780919   2097152.00
 12456.00000     1.000000      1780919          inf
#[Mean    =       15.340, StdDeviation   =       16.863]
#[Max     =    12456.000, Total count    =      1780919]
#[Buckets =           13, SubBuckets     =       262144]
       Value   Percentile   TotalCount 1/(1-Percentile)

    61.00000     0.000000            8         1.00
    98.00000     0.100000       355158         1.11
   110.00000     0.200000       404954         1.25
   111.00000     0.300000      1177831         1.43
   111.00000     0.400000      1177831         1.67
   111.00000     0.500000      1177831         2.00
   111.00000     0.550000      1177831         2.22
   111.00000     0.600000      1177831         2.50
   111.00000     0.650000      1177831         2.86
   123.00000     0.700000      1479240         3.33
   123.00000     0.750000      1479240         4.00
   123.00000     0.775000      1479240         4.44
   123.00000     0.800000      1479240         5.00
   123.00000     0.825000      1479240         5.71
   135.00000     0.850000      1689445         6.67
   135.00000     0.875000      1689445         8.00
   135.00000     0.887500      1689445         8.89
   135.00000     0.900000      1689445        10.00
   135.00000     0.912500      1689445        11.43
   135.00000     0.925000      1689445        13.33
   135.00000     0.937500      1689445        16.00
   135.00000     0.943750      1689445        17.78
   147.00000     0.950000      1692720        20.00
   148.00000     0.956250      1740652        22.86
   148.00000     0.962500      1740652        26.67
   148.00000     0.968750      1740652        32.00
   148.00000     0.971875      1740652        35.56
   148.00000     0.975000      1740652        40.00
   160.00000     0.978125      1750482        45.71
   160.00000     0.981250      1750482        53.33
   172.00000     0.984375      1754668        64.00
   185.00000     0.985938      1757142        71.11
   197.00000     0.987500      1759289        80.00
   222.00000     0.989062      1762095        91.43
   258.00000     0.990625      1764234       106.67
   320.00000     0.992188      1767163       128.00
   382.00000     0.992969      1768659       142.22
   444.00000     0.993750      1769801       160.00
   555.00000     0.994531      1771277       182.86
   690.00000     0.995313      1772583       213.33
   912.00000     0.996094      1773996       256.00
  1097.00000     0.996484      1774692       284.44
  1356.00000     0.996875      1775357       320.00
  1874.00000     0.997266      1776056       365.71
  3009.00000     0.997656      1776748       426.67
  4945.00000     0.998047      1777445       512.00
  6290.00000     0.998242      1777790       568.89
  8226.00000     0.998437      1778138       640.00
 11544.00000     0.998633      1778485       731.43
 18870.00000     0.998828      1778832       853.33
 37715.00000     0.999023      1779180      1024.00
 51787.00000     0.999121      1779354      1137.78
 71595.00000     0.999219      1779529      1280.00
 97828.00000     0.999316      1779702      1462.86
127884.00000     0.999414      1779876      1706.67
164255.00000     0.999512      1780050      2048.00
186443.00000     0.999561      1780137      2275.56
220507.00000     0.999609      1780224      2560.00
258149.00000     0.999658      1780311      2925.71
323195.00000     0.999707      1780398      3413.33
404139.00000     0.999756      1780485      4096.00
459047.00000     0.999780      1780528      4551.11
568851.00000     0.999805      1780572      5120.00
838099.00000     0.999829      1780615      5851.43
1125543.00000     0.999854      1780659      6826.67
1307831.00000     0.999878      1780702      8192.00
1376551.00000     0.999890      1780724      9102.22
1657703.00000     0.999902      1780746     10240.00
1768175.00000     0.999915      1780767     11702.86
2092295.00000     0.999927      1780789     13653.33
2215695.00000     0.999939      1780811     16384.00
2267855.00000     0.999945      1780822     18204.44
2412303.00000     0.999951      1780833     20480.00
2479359.00000     0.999957      1780843     23405.71
3464287.00000     0.999963      1780854     27306.67
3554847.00000     0.999969      1780865     32768.00
3618607.00000     0.999973      1780871     36408.89
3650927.00000     0.999976      1780876     40960.00
3690559.00000     0.999979      1780881     46811.43
3745375.00000     0.999982      1780887     54613.33
4407839.00000     0.999985      1780892     65536.00
4433567.00000     0.999986      1780895     72817.78
4454175.00000     0.999988      1780898     81920.00
4484063.00000     0.999989      1780900     93622.86
4511519.00000     0.999991      1780903    109226.67
4673887.00000     0.999992      1780906    131072.00
4680319.00000     0.999993      1780907    145635.56
4692415.00000     0.999994      1780909    163840.00
4706431.00000     0.999995      1780910    187245.71
4713695.00000     0.999995      1780911    218453.33
4750719.00000     0.999996      1780913    262144.00
4750719.00000     0.999997      1780913    291271.11
4767455.00000     0.999997      1780914    327680.00
4777279.00000     0.999997      1780915    374491.43
4777279.00000     0.999998      1780915    436906.67
4788223.00000     0.999998      1780916    524288.00
4788223.00000     0.999998      1780916    582542.22
4798495.00000     0.999998      1780917    655360.00
4798495.00000     0.999999      1780917    748982.86
4798495.00000     0.999999      1780917    873813.33
4805375.00000     0.999999      1780918   1048576.00
4805375.00000     0.999999      1780918   1165084.44
4805375.00000     0.999999      1780918   1310720.00
4805375.00000     0.999999      1780918   1497965.71
4805375.00000     0.999999      1780918   1747626.67
4813791.00000     1.000000      1780919   2097152.00
4813791.00000     1.000000      1780919          inf
#[Mean    =      648.254, StdDeviation   =    32629.604]
#[Max     =  4813791.000, Total count    =      1780919]
#[Buckets =           13, SubBuckets     =       262144]
       Value   Percentile   TotalCount 1/(1-Percentile)

     0.00000     0.000000         9292         1.00
    37.00000     0.100000       340749         1.11
    49.00000     0.200000       652967         1.25
    49.00000     0.300000       652967         1.43
    61.00000     0.400000       728879         1.67
   111.00000     0.500000       911632         2.00
   135.00000     0.550000      1011568         2.22
   160.00000     0.600000      1112511         2.50
   185.00000     0.650000      1196601         2.86
   209.00000     0.700000      1268575         3.33
   246.00000     0.750000      1363975         4.00
   259.00000     0.775000      1392126         4.44
   283.00000     0.800000      1441068         5.00
   308.00000     0.825000      1480774         5.71
   333.00000     0.850000      1514329         6.67
   382.00000     0.875000      1569256         8.00
   394.00000     0.887500      1581298         8.89
   419.00000     0.900000      1602867        10.00
   456.00000     0.912500      1630008        11.43
   493.00000     0.925000      1652127        13.33
   530.00000     0.937500      1670266        16.00
   567.00000     0.943750      1684946        17.78
   592.00000     0.950000      1693359        20.00
   629.00000     0.956250      1703980        22.86
   678.00000     0.962500      1715545        26.67
   740.00000     0.968750      1726984        32.00
   777.00000     0.971875      1732533        35.56
   814.00000     0.975000      1737162        40.00
   863.00000     0.978125      1742148        45.71
   937.00000     0.981250      1747786        53.33
  1048.00000     0.984375      1753571        64.00
  1122.00000     0.985938      1756281        71.11
  1221.00000     0.987500      1758801        80.00
  1381.00000     0.989062      1761556        91.43
  1665.00000     0.990625      1764306       106.67
  2109.00000     0.992188      1767031       128.00
  2454.00000     0.992969      1768415       142.22
  2997.00000     0.993750      1769799       160.00
  3219.00000     0.994531      1771272       182.86
  3342.00000     0.995313      1772585       213.33
  3589.00000     0.996094      1774011       256.00
  3811.00000     0.996484      1774670       284.44
  4205.00000     0.996875      1775363       320.00
  4662.00000     0.997266      1776059       365.71
  5130.00000     0.997656      1776746       426.67
  5611.00000     0.998047      1777453       512.00
  5870.00000     0.998242      1777805       568.89
  6154.00000     0.998437      1778140       640.00
  6438.00000     0.998633      1778496       731.43
  6808.00000     0.998828      1778835       853.33
  7264.00000     0.999023      1779187      1024.00
  7560.00000     0.999121      1779354      1137.78
  7868.00000     0.999219      1779533      1280.00
  8263.00000     0.999316      1779712      1462.86
  8658.00000     0.999414      1779878      1706.67
  9213.00000     0.999512      1780052      2048.00
  9546.00000     0.999561      1780137      2275.56
  9879.00000     0.999609      1780224      2560.00
 10310.00000     0.999658      1780311      2925.71
 10927.00000     0.999707      1780398      3413.33
 11778.00000     0.999756      1780485      4096.00
 12210.00000     0.999780      1780528      4551.11
 12777.00000     0.999805      1780573      5120.00
 13369.00000     0.999829      1780615      5851.43
 14121.00000     0.999854      1780659      6826.67
 15046.00000     0.999878      1780703      8192.00
 15490.00000     0.999890      1780726      9102.22
 16156.00000     0.999902      1780747     10240.00
 16822.00000     0.999915      1780767     11702.86
 18080.00000     0.999927      1780789     13653.33
 19067.00000     0.999939      1780811     16384.00
 20226.00000     0.999945      1780822     18204.44
 20929.00000     0.999951      1780833     20480.00
 21793.00000     0.999957      1780843     23405.71
 22594.00000     0.999963      1780854     27306.67
 24346.00000     0.999969      1780865     32768.00
 26714.00000     0.999973      1780871     36408.89
 27663.00000     0.999976      1780876     40960.00
 29723.00000     0.999979      1780881     46811.43
 33275.00000     0.999982      1780887     54613.33
 34607.00000     0.999985      1780892     65536.00
 38862.00000     0.999986      1780895     72817.78
 40305.00000     0.999988      1780898     81920.00
 42537.00000     0.999989      1780900     93622.86
 51935.00000     0.999991      1780903    109226.67
 56819.00000     0.999992      1780906    131072.00
 58188.00000     0.999993      1780907    145635.56
 75480.00000     0.999994      1780909    163840.00
100689.00000     0.999995      1780910    187245.71
102490.00000     0.999995      1780911    218453.33
128698.00000     0.999996      1780913    262144.00
128698.00000     0.999997      1780913    291271.11
137072.00000     0.999997      1780914    327680.00
183914.00000     0.999997      1780915    374491.43
183914.00000     0.999998      1780915    436906.67
188626.00000     0.999998      1780916    524288.00
188626.00000     0.999998      1780916    582542.22
199331.00000     0.999998      1780917    655360.00
199331.00000     0.999999      1780917    748982.86
199331.00000     0.999999      1780917    873813.33
237725.00000     0.999999      1780918   1048576.00
237725.00000     0.999999      1780918   1165084.44
237725.00000     0.999999      1780918   1310720.00
237725.00000     0.999999      1780918   1497965.71
237725.00000     0.999999      1780918   1747626.67
374575.00000     1.000000      1780919   2097152.00
374575.00000     1.000000      1780919          inf
#[Mean    =      214.598, StdDeviation   =      706.899]
#[Max     =   374575.000, Total count    =      1780919]
#[Buckets =           13, SubBuckets     =       262144]
       Value   Percentile   TotalCount 1/(1-Percentile)

    86.00000     0.000000            3         1.00
   185.00000     0.100000       245107         1.11
   209.00000     0.200000       408649         1.25
   234.00000     0.300000       586763         1.43
   259.00000     0.400000       768211         1.67
   283.00000     0.500000       949935         2.00
   296.00000     0.550000      1041772         2.22
   308.00000     0.600000      1133627         2.50
   320.00000     0.650000      1224896         2.86
   333.00000     0.700000      1311530         3.33
   345.00000     0.750000      1389498         4.00
   345.00000     0.775000      1389498         4.44
   357.00000     0.800000      1455150         5.00
   370.00000     0.825000      1504788         5.71
   382.00000     0.850000      1556800         6.67
   394.00000     0.875000      1591786         8.00
   394.00000     0.887500      1591786         8.89
   407.00000     0.900000      1618169        10.00
   419.00000     0.912500      1641164        11.43
   431.00000     0.925000      1661128        13.33
   444.00000     0.937500      1678229        16.00
   456.00000     0.943750      1692163        17.78
   456.00000     0.950000      1692163        20.00
   468.00000     0.956250      1703028        22.86
   493.00000     0.962500      1716787        26.67
   530.00000     0.968750      1726958        32.00
   555.00000     0.971875      1730851        35.56
   629.00000     0.975000      1737002        40.00
   740.00000     0.978125      1742012        45.71
   937.00000     0.981250      1747602        53.33
  1134.00000     0.984375      1753295        64.00
  1307.00000     0.985938      1756023        71.11
  1492.00000     0.987500      1758669        80.00
  1714.00000     0.989062      1761470        91.43
  2035.00000     0.990625      1764247       106.67
  2503.00000     0.992188      1767025       128.00
  2861.00000     0.992969      1768417       142.22
  3342.00000     0.993750      1769799       160.00
  4045.00000     0.994531      1771187       182.86
  5069.00000     0.995313      1772573       213.33
  5833.00000     0.996094      1773970       256.00
  6462.00000     0.996484      1774659       284.44
  7511.00000     0.996875      1775354       320.00
  9237.00000     0.997266      1776053       365.71
 12025.00000     0.997656      1776746       426.67
 16724.00000     0.998047      1777443       512.00
 19844.00000     0.998242      1777790       568.89
 24222.00000     0.998437      1778137       640.00
 28909.00000     0.998633      1778485       731.43
 33842.00000     0.998828      1778832       853.33
 39627.00000     0.999023      1779180      1024.00
 42636.00000     0.999121      1779354      1137.78
 45978.00000     0.999219      1779529      1280.00
 49851.00000     0.999316      1779702      1462.86
 54328.00000     0.999414      1779876      1706.67
 58953.00000     0.999512      1780050      2048.00
 62086.00000     0.999561      1780137      2275.56
 66057.00000     0.999609      1780224      2560.00
 72285.00000     0.999658      1780311      2925.71
 79365.00000     0.999707      1780398      3413.33
 95657.00000     0.999756      1780485      4096.00
107263.00000     0.999780      1780528      4551.11
132349.00000     0.999805      1780572      5120.00
173776.00000     0.999829      1780615      5851.43
244730.00000     0.999854      1780659      6826.67
345803.00000     0.999878      1780702      8192.00
408147.00000     0.999890      1780724      9102.22
514941.00000     0.999902      1780746     10240.00
786943.00000     0.999915      1780767     11702.86
1182231.00000     0.999927      1780789     13653.33
1763559.00000     0.999939      1780811     16384.00
2753487.00000     0.999945      1780822     18204.44
3455647.00000     0.999951      1780833     20480.00
3864847.00000     0.999957      1780843     23405.71
4785407.00000     0.999963      1780854     27306.67
4838047.00000     0.999969      1780865     32768.00
4854463.00000     0.999973      1780871     36408.89
4871903.00000     0.999976      1780876     40960.00
4881407.00000     0.999979      1780881     46811.43
4894943.00000     0.999982      1780887     54613.33
4924927.00000     0.999985      1780892     65536.00
4963423.00000     0.999986      1780895     72817.78
4979647.00000     0.999988      1780898     81920.00
5007167.00000     0.999989      1780900     93622.86
5638655.00000     0.999991      1780903    109226.67
5669727.00000     0.999992      1780906    131072.00
5670591.00000     0.999993      1780907    145635.56
5694975.00000     0.999994      1780909    163840.00
5695359.00000     0.999995      1780910    187245.71
5697279.00000     0.999995      1780911    218453.33
5717183.00000     0.999996      1780913    262144.00
5717183.00000     0.999997      1780913    291271.11
5734527.00000     0.999997      1780914    327680.00
5745119.00000     0.999997      1780915    374491.43
5745119.00000     0.999998      1780915    436906.67
5750367.00000     0.999998      1780916    524288.00
5750367.00000     0.999998      1780916    582542.22
5769311.00000     0.999998      1780917    655360.00
5769311.00000     0.999999      1780917    748982.86
5769311.00000     0.999999      1780917    873813.33
5789983.00000     0.999999      1780918   1048576.00
5789983.00000     0.999999      1780918   1165084.44
5789983.00000     0.999999      1780918   1310720.00
5789983.00000     0.999999      1780918   1497965.71
5789983.00000     0.999999      1780918   1747626.67
5790687.00000     1.000000      1780919   2097152.00
5790687.00000     1.000000      1780919          inf
#[Mean    =      733.034, StdDeviation   =    35900.606]
#[Max     =  5790687.000, Total count    =      1780919]
#[Buckets =           13, SubBuckets     =       262144]
       Value   Percentile   TotalCount 1/(1-Percentile)

     0.00000     0.000000       213389         1.00
     0.00000     0.100000       213389         1.11
    12.00000     0.200000      1663396         1.25
    12.00000     0.300000      1663396         1.43
    12.00000     0.400000      1663396         1.67
    12.00000     0.500000      1663396         2.00
    12.00000     0.550000      1663396         2.22
    12.00000     0.600000      1663396         2.50
    12.00000     0.650000      1663396         2.86
    12.00000     0.700000      1663396         3.33
    12.00000     0.750000      1663396         4.00
    12.00000     0.775000      1663396         4.44
    12.00000     0.800000      1663396         5.00
    12.00000     0.825000      1663396         5.71
    12.00000     0.850000      1663396         6.67
    12.00000     0.875000      1663396         8.00
    12.00000     0.887500      1663396         8.89
    12.00000     0.900000      1663396        10.00
    12.00000     0.912500      1663396        11.43
    12.00000     0.925000      1663396        13.33
    24.00000     0.937500      1744635        16.00
    24.00000     0.943750      1744635        17.78
    24.00000     0.950000      1744635        20.00
    24.00000     0.956250      1744635        22.86
    24.00000     0.962500      1744635        26.67
    24.00000     0.968750      1744635        32.00
    24.00000     0.971875      1744635        35.56
    24.00000     0.975000      1744635        40.00
    24.00000     0.978125      1744635        45.71
    37.00000     0.981250      1761927        53.33
    37.00000     0.984375      1761927        64.00
    37.00000     0.985938      1761927        71.11
    37.00000     0.987500      1761927        80.00
    37.00000     0.989062      1761927        91.43
    49.00000     0.990625      1772301       106.67
    49.00000     0.992188      1772301       128.00
    49.00000     0.992969      1772301       142.22
    49.00000     0.993750      1772301       160.00
    49.00000     0.994531      1772301       182.86
    61.00000     0.995313      1774689       213.33
    61.00000     0.996094      1774689       256.00
    61.00000     0.996484      1774689       284.44
    86.00000     0.996875      1775666       320.00
    98.00000     0.997266      1776530       365.71
   111.00000     0.997656      1778278       426.67
   111.00000     0.998047      1778278       512.00
   111.00000     0.998242      1778278       568.89
   111.00000     0.998437      1778278       640.00
   123.00000     0.998633      1778805       731.43
   135.00000     0.998828      1779095       853.33
   148.00000     0.999023      1779305      1024.00
   160.00000     0.999121      1779507      1137.78
   172.00000     0.999219      1779677      1280.00
   185.00000     0.999316      1779804      1462.86
   197.00000     0.999414      1779891      1706.67
   234.00000     0.999512      1780093      2048.00
   246.00000     0.999561      1780138      2275.56
   271.00000     0.999609      1780225      2560.00
   308.00000     0.999658      1780321      2925.71
   345.00000     0.999707      1780404      3413.33
   394.00000     0.999756      1780489      4096.00
   419.00000     0.999780      1780533      4551.11
   456.00000     0.999805      1780573      5120.00
   493.00000     0.999829      1780618      5851.43
   542.00000     0.999854      1780664      6826.67
   604.00000     0.999878      1780710      8192.00
   641.00000     0.999890      1780727      9102.22
   690.00000     0.999902      1780748     10240.00
   777.00000     0.999915      1780767     11702.86
   863.00000     0.999927      1780790     13653.33
  4797.00000     0.999939      1780811     16384.00
  5056.00000     0.999945      1780822     18204.44
  5217.00000     0.999951      1780836     20480.00
  5266.00000     0.999957      1780843     23405.71
  5365.00000     0.999963      1780854     27306.67
  5513.00000     0.999969      1780865     32768.00
  5759.00000     0.999973      1780871     36408.89
  6055.00000     0.999976      1780876     40960.00
  6203.00000     0.999979      1780881     46811.43
  6487.00000     0.999982      1780888     54613.33
  6573.00000     0.999985      1780892     65536.00
  6598.00000     0.999986      1780895     72817.78
  6721.00000     0.999988      1780898     81920.00
  6758.00000     0.999989      1780900     93622.86
  6968.00000     0.999991      1780903    109226.67
  7079.00000     0.999992      1780906    131072.00
  7116.00000     0.999993      1780907    145635.56
  7215.00000     0.999994      1780909    163840.00
  7326.00000     0.999995      1780910    187245.71
  7375.00000     0.999995      1780911    218453.33
  7486.00000     0.999996      1780913    262144.00
  7486.00000     0.999997      1780913    291271.11
  7535.00000     0.999997      1780914    327680.00
  7622.00000     0.999997      1780916    374491.43
  7622.00000     0.999998      1780916    436906.67
  7622.00000     0.999998      1780916    524288.00
  7622.00000     0.999998      1780916    582542.22
  9200.00000     0.999998      1780917    655360.00
  9200.00000     0.999999      1780917    748982.86
  9200.00000     0.999999      1780917    873813.33
  9213.00000     0.999999      1780918   1048576.00
  9213.00000     0.999999      1780918   1165084.44
  9213.00000     0.999999      1780918   1310720.00
  9213.00000     0.999999      1780918   1497965.71
  9213.00000     0.999999      1780918   1747626.67
 19005.00000     1.000000      1780919   2097152.00
 19005.00000     1.000000      1780919          inf
#[Mean    =       12.501, StdDeviation   =       50.783]
#[Max     =    19005.000, Total count    =      1780919]
#[Buckets =           13, SubBuckets     =       262144]
       Value   Percentile   TotalCount 1/(1-Percentile)

   629.00000     0.000000           22         1.00
   912.00000     0.100000       233742         1.11
   925.00000     0.200000       534364         1.25
   925.00000     0.300000       534364         1.43
   937.00000     0.400000       859562         1.67
   949.00000     0.500000      1027147         2.00
   949.00000     0.550000      1027147         2.22
   962.00000     0.600000      1095870         2.50
   986.00000     0.650000      1194349         2.86
  1036.00000     0.700000      1253215         3.33
  1134.00000     0.750000      1360929         4.00
  1147.00000     0.775000      1387566         4.44
  1171.00000     0.800000      1438580         5.00
  1196.00000     0.825000      1479763         5.71
  1233.00000     0.850000      1523309         6.67
  1282.00000     0.875000      1565453         8.00
  1307.00000     0.887500      1584283         8.89
  1344.00000     0.900000      1611085        10.00
  1369.00000     0.912500      1628022        11.43
  1406.00000     0.925000      1651483        13.33
  1443.00000     0.937500      1671328        16.00
  1467.00000     0.943750      1682277        17.78
  1504.00000     0.950000      1695787        20.00
  1541.00000     0.956250      1705860        22.86
  1591.00000     0.962500      1715235        26.67
  1702.00000     0.968750      1725866        32.00
  1874.00000     0.971875      1730936        35.56
  2565.00000     0.975000      1736406        40.00
  4366.00000     0.978125      1741969        45.71
  5685.00000     0.981250      1747562        53.33
  5895.00000     0.984375      1753537        64.00
  5944.00000     0.985938      1756731        71.11
  5981.00000     0.987500      1759310        80.00
  6018.00000     0.989062      1761763        91.43
  6068.00000     0.990625      1764668       106.67
  6129.00000     0.992188      1767315       128.00
  6166.00000     0.992969      1768448       142.22
  6240.00000     0.993750      1769976       160.00
  6351.00000     0.994531      1771235       182.86
  6635.00000     0.995313      1772600       213.33
  7178.00000     0.996094      1773995       256.00
  7313.00000     0.996484      1774661       284.44
  7424.00000     0.996875      1775376       320.00
  7535.00000     0.997266      1776100       365.71
  7646.00000     0.997656      1776756       426.67
  7770.00000     0.998047      1777463       512.00
  7844.00000     0.998242      1777838       568.89
  7918.00000     0.998437      1778161       640.00
  8016.00000     0.998633      1778507       731.43
  8140.00000     0.998828      1778834       853.33
  8312.00000     0.999023      1779189      1024.00
  8423.00000     0.999121      1779371      1137.78
  8534.00000     0.999219      1779543      1280.00
  8658.00000     0.999316      1779711      1462.86
  8843.00000     0.999414      1779878      1706.67
  9015.00000     0.999512      1780051      2048.00
  9163.00000     0.999561      1780141      2275.56
  9361.00000     0.999609      1780226      2560.00
  9644.00000     0.999658      1780311      2925.71
 10076.00000     0.999707      1780398      3413.33
 10705.00000     0.999756      1780485      4096.00
 11322.00000     0.999780      1780528      4551.11
 12148.00000     0.999805      1780573      5120.00
 12913.00000     0.999829      1780615      5851.43
 13764.00000     0.999854      1780659      6826.67
 14713.00000     0.999878      1780702      8192.00
 15318.00000     0.999890      1780724      9102.22
 15959.00000     0.999902      1780746     10240.00
 17180.00000     0.999915      1780767     11702.86
 18339.00000     0.999927      1780789     13653.33
 19955.00000     0.999939      1780811     16384.00
 21016.00000     0.999945      1780822     18204.44
 21768.00000     0.999951      1780833     20480.00
 22446.00000     0.999957      1780843     23405.71
 23556.00000     0.999963      1780854     27306.67
 24851.00000     0.999969      1780865     32768.00
 26048.00000     0.999973      1780871     36408.89
 26159.00000     0.999976      1780876     40960.00
 27121.00000     0.999979      1780881     46811.43
 28194.00000     0.999982      1780887     54613.33
 30426.00000     0.999985      1780892     65536.00
 32510.00000     0.999986      1780896     72817.78
 34928.00000     0.999988      1780898     81920.00
 40280.00000     0.999989      1780900     93622.86
 47051.00000     0.999991      1780904    109226.67
 62813.00000     0.999992      1780907    131072.00
 62813.00000     0.999993      1780907    145635.56
 75480.00000     0.999994      1780910    163840.00
 75480.00000     0.999995      1780910    187245.71
 97680.00000     0.999995      1780911    218453.33
124739.00000     0.999996      1780913    262144.00
124739.00000     0.999997      1780913    291271.11
131818.00000     0.999997      1780914    327680.00
267559.00000     0.999997      1780915    374491.43
267559.00000     0.999998      1780915    436906.67
290437.00000     0.999998      1780916    524288.00
290437.00000     0.999998      1780916    582542.22
316239.00000     0.999998      1780917    655360.00
316239.00000     0.999999      1780917    748982.86
316239.00000     0.999999      1780917    873813.33
342189.00000     0.999999      1780918   1048576.00
342189.00000     0.999999      1780918   1165084.44
342189.00000     0.999999      1780918   1310720.00
342189.00000     0.999999      1780918   1497965.71
342189.00000     0.999999      1780918   1747626.67
494925.00000     1.000000      1780919   2097152.00
494925.00000     1.000000      1780919          inf
#[Mean    =     1155.420, StdDeviation   =     1048.504]
#[Max     =   494925.000, Total count    =      1780919]
#[Buckets =           13, SubBuckets     =       262144]

=== EXCHANGE STDERR ===
matching tid: 48380
