=== CLIENT STDERR ===
=== Exchange load generator ===
  clients  : 10
  seed     : 953144958
  target   : 127.0.0.1:4000
  thread id: 48237
Ctrl-C to stop.


=== Stats ===
  elapsed         : 15.000 s
  requests sent   : 2382495
  ACK responses   : 2382485
  MATCH responses : 1368447
  ERR responses   : 0
  orders in flight: -10
  --- throughput ---
  requests/s      : 158832
  ACK/s           : 158831
  MATCH/s         : 91229
  ERR/s           : 0
  total resp/s    : 158831

=== EXCHANGE STDOUT ===
exchange tid: 48235
outbound thread: 48247
inbound thread: 48246
       Value   Percentile   TotalCount 1/(1-Percentile)

  2109.00000     0.000000            1         1.00
  2380.00000     0.100000       191972         1.11
  2442.00000     0.200000       388590         1.25
  2491.00000     0.300000       566717         1.43
  2540.00000     0.400000       734680         1.67
  2614.00000     0.500000       930317         2.00
  2651.00000     0.550000      1005739         2.22
  2713.00000     0.600000      1107187         2.50
  2787.00000     0.650000      1198470         2.86
  2873.00000     0.700000      1282457         3.33
  2984.00000     0.750000      1375955         4.00
  3034.00000     0.775000      1413898         4.44
  3108.00000     0.800000      1465546         5.00
  3182.00000     0.825000      1510200         5.71
  3268.00000     0.850000      1555368         6.67
  3367.00000     0.875000      1597942         8.00
  3428.00000     0.887500      1619740         8.89
  3515.00000     0.900000      1644968        10.00
  3601.00000     0.912500      1664832        11.43
  3737.00000     0.925000      1688030        13.33
  3946.00000     0.937500      1710853        16.00
  4107.00000     0.943750      1722136        17.78
  4353.00000     0.950000      1733114        20.00
  4982.00000     0.956250      1744493        22.86
  5858.00000     0.962500      1755990        26.67
  7264.00000     0.968750      1767416        32.00
  7437.00000     0.971875      1773368        35.56
  7535.00000     0.975000      1779185        40.00
  7622.00000     0.978125      1784406        45.71
  7733.00000     0.981250      1790136        53.33
  7905.00000     0.984375      1795964        64.00
  8041.00000     0.985938      1798708        71.11
  8275.00000     0.987500      1801556        80.00
  8633.00000     0.989062      1804392        91.43
  9139.00000     0.990625      1807241       106.67
  9620.00000     0.992188      1810058       128.00
  9891.00000     0.992969      1811475       142.22
 10224.00000     0.993750      1812905       160.00
 10656.00000     0.994531      1814335       182.86
 11297.00000     0.995313      1815738       213.33
 12419.00000     0.996094      1817165       256.00
 13320.00000     0.996484      1817886       284.44
 14639.00000     0.996875      1818588       320.00
 16687.00000     0.997266      1819301       365.71
 20103.00000     0.997656      1820013       426.67
 25012.00000     0.998047      1820727       512.00
 29045.00000     0.998242      1821083       568.89
 34410.00000     0.998437      1821438       640.00
 41871.00000     0.998633      1821794       731.43
 52392.00000     0.998828      1822151       853.33
 67993.00000     0.999023      1822507      1024.00
 80129.00000     0.999121      1822685      1137.78
 99320.00000     0.999219      1822863      1280.00
126355.00000     0.999316      1823042      1462.86
162060.00000     0.999414      1823220      1706.67
204400.00000     0.999512      1823398      2048.00
226933.00000     0.999561      1823487      2275.56
257359.00000     0.999609      1823576      2560.00
294285.00000     0.999658      1823665      2925.71
339647.00000     0.999707      1823754      3413.33
411797.00000     0.999756      1823843      4096.00
462709.00000     0.999780      1823888      4551.11
526263.00000     0.999805      1823932      5120.00
575819.00000     0.999829      1823977      5851.43
629939.00000     0.999854      1824021      6826.67
738967.00000     0.999878      1824066      8192.00
787495.00000     0.999890      1824088      9102.22
827159.00000     0.999902      1824110     10240.00
916675.00000     0.999915      1824133     11702.86
1208919.00000     0.999927      1824155     13653.33
1469631.00000     0.999939      1824177     16384.00
1582823.00000     0.999945      1824188     18204.44
2061247.00000     0.999951      1824199     20480.00
3329679.00000     0.999957      1824211     23405.71
4795743.00000     0.999963      1824222     27306.67
4848479.00000     0.999969      1824233     32768.00
4869023.00000     0.999973      1824238     36408.89
4882815.00000     0.999976      1824244     40960.00
4898271.00000     0.999979      1824250     46811.43
4911199.00000     0.999982      1824255     54613.33
4921247.00000     0.999985      1824261     65536.00
4925919.00000     0.999986      1824263     72817.78
4935295.00000     0.999988      1824266     81920.00
4940511.00000     0.999989      1824269     93622.86
4949695.00000     0.999991      1824272    109226.67
4957759.00000     0.999992      1824275    131072.00
4958143.00000     0.999993      1824276    145635.56
4959679.00000     0.999994      1824277    163840.00
4971359.00000     0.999995      1824279    187245.71
4976223.00000     0.999995      1824280    218453.33
4988447.00000     0.999996      1824282    262144.00
4988447.00000     0.999997      1824282    291271.11
4992959.00000     0.999997      1824283    327680.00
5000127.00000     0.999997      1824284    374491.43
5000127.00000     0.999998      1824284    436906.67
5005791.00000     0.999998      1824285    524288.00
5005791.00000     0.999998      1824285    582542.22
5008991.00000     0.999998      1824286    655360.00
5008991.00000     0.999999      1824286    748982.86
5008991.00000     0.999999      1824286    873813.33
5027455.00000     0.999999      1824287   1048576.00
5027455.00000     0.999999      1824287   1165084.44
5027455.00000     0.999999      1824287   1310720.00
5027455.00000     0.999999      1824287   1497965.71
5027455.00000     0.999999      1824287   1747626.67
5031071.00000     1.000000      1824288   2097152.00
5031071.00000     1.000000      1824288          inf
#[Mean    =     3487.119, StdDeviation   =    34169.100]
#[Max     =  5031071.000, Total count    =      1824288]
#[Buckets =           13, SubBuckets     =       262144]
       Value   Percentile   TotalCount 1/(1-Percentile)

   986.00000     0.000000           10         1.00
  1036.00000     0.100000       241385         1.11
  1048.00000     0.200000       803294         1.25
  1048.00000     0.300000       803294         1.43
  1048.00000     0.400000       803294         1.67
  1060.00000     0.500000      1208069         2.00
  1060.00000     0.550000      1208069         2.22
  1060.00000     0.600000      1208069         2.50
  1060.00000     0.650000      1208069         2.86
  1073.00000     0.700000      1337999         3.33
  1085.00000     0.750000      1373332         4.00
  1122.00000     0.775000      1416470         4.44
  1208.00000     0.800000      1463653         5.00
  1270.00000     0.825000      1517030         5.71
  1295.00000     0.850000      1553266         6.67
  1332.00000     0.875000      1605609         8.00
  1344.00000     0.887500      1621882         8.89
  1369.00000     0.900000      1648856        10.00
  1393.00000     0.912500      1669179        11.43
  1430.00000     0.925000      1691856        13.33
  1467.00000     0.937500      1710473        16.00
  1492.00000     0.943750      1722412        17.78
  1517.00000     0.950000      1734045        20.00
  1541.00000     0.956250      1745190        22.86
  1578.00000     0.962500      1760625        26.67
  1603.00000     0.968750      1770010        32.00
  1615.00000     0.971875      1774222        35.56
  1640.00000     0.975000      1781737        40.00
  1652.00000     0.978125      1785045        45.71
  1677.00000     0.981250      1790863        53.33
  1714.00000     0.984375      1797830        64.00
  1726.00000     0.985938      1799685        71.11
  1751.00000     0.987500      1802926        80.00
  1763.00000     0.989062      1804338        91.43
  1800.00000     0.990625      1807645       106.67
  1850.00000     0.992188      1810217       128.00
  1899.00000     0.992969      1811510       142.22
  2022.00000     0.993750      1812954       160.00
  2207.00000     0.994531      1814320       182.86
  2380.00000     0.995313      1815744       213.33
  2627.00000     0.996094      1817181       256.00
  2861.00000     0.996484      1817886       284.44
  3330.00000     0.996875      1818600       320.00
  4452.00000     0.997266      1819303       365.71
  5747.00000     0.997656      1820026       426.67
  5994.00000     0.998047      1820739       512.00
  6117.00000     0.998242      1821097       568.89
  6265.00000     0.998437      1821455       640.00
  6401.00000     0.998633      1821805       731.43
  6586.00000     0.998828      1822177       853.33
  6808.00000     0.999023      1822509      1024.00
  6968.00000     0.999121      1822689      1137.78
  7178.00000     0.999219      1822864      1280.00
  7461.00000     0.999316      1823041      1462.86
  7942.00000     0.999414      1823220      1706.67
  8571.00000     0.999512      1823398      2048.00
  8917.00000     0.999561      1823487      2275.56
  9237.00000     0.999609      1823576      2560.00
  9595.00000     0.999658      1823666      2925.71
 10027.00000     0.999707      1823755      3413.33
 10582.00000     0.999756      1823843      4096.00
 10902.00000     0.999780      1823888      4551.11
 11235.00000     0.999805      1823933      5120.00
 11778.00000     0.999829      1823977      5851.43
 12284.00000     0.999854      1824021      6826.67
 12876.00000     0.999878      1824066      8192.00
 13172.00000     0.999890      1824088      9102.22
 13751.00000     0.999902      1824111     10240.00
 14380.00000     0.999915      1824133     11702.86
 15564.00000     0.999927      1824155     13653.33
 17032.00000     0.999939      1824177     16384.00
 17686.00000     0.999945      1824188     18204.44
 18426.00000     0.999951      1824199     20480.00
 19240.00000     0.999957      1824211     23405.71
 20411.00000     0.999963      1824222     27306.67
 22459.00000     0.999969      1824233     32768.00
 23593.00000     0.999973      1824238     36408.89
 25443.00000     0.999976      1824244     40960.00
 26751.00000     0.999979      1824250     46811.43
 27947.00000     0.999982      1824255     54613.33
 30969.00000     0.999985      1824261     65536.00
 31659.00000     0.999986      1824263     72817.78
 33855.00000     0.999988      1824266     81920.00
 36913.00000     0.999989      1824269     93622.86
 38813.00000     0.999991      1824272    109226.67
 42562.00000     0.999992      1824275    131072.00
 42932.00000     0.999993      1824276    145635.56
 43228.00000     0.999994      1824277    163840.00
 52700.00000     0.999995      1824279    187245.71
 54118.00000     0.999995      1824280    218453.33
114700.00000     0.999996      1824282    262144.00
114700.00000     0.999997      1824282    291271.11
114835.00000     0.999997      1824283    327680.00
170360.00000     0.999997      1824284    374491.43
170360.00000     0.999998      1824284    436906.67
797131.00000     0.999998      1824285    524288.00
797131.00000     0.999998      1824285    582542.22
1052479.00000     0.999998      1824286    655360.00
1052479.00000     0.999999      1824286    748982.86
1052479.00000     0.999999      1824286    873813.33
1052951.00000     0.999999      1824287   1048576.00
1052951.00000     0.999999      1824287   1165084.44
1052951.00000     0.999999      1824287   1310720.00
1052951.00000     0.999999      1824287   1497965.71
1052951.00000     0.999999      1824287   1747626.67
1053047.00000     1.000000      1824288   2097152.00
1053047.00000     1.000000      1824288          inf
#[Mean    =     1150.878, StdDeviation   =     1540.848]
#[Max     =  1053047.000, Total count    =      1824288]
#[Buckets =           13, SubBuckets     =       262144]
       Value   Percentile   TotalCount 1/(1-Percentile)

     0.00000     0.000000        91181         1.00
    12.00000     0.100000      1300974         1.11
    12.00000     0.200000      1300974         1.25
    12.00000     0.300000      1300974         1.43
    12.00000     0.400000      1300974         1.67
    12.00000     0.500000      1300974         2.00
    12.00000     0.550000      1300974         2.22
    12.00000     0.600000      1300974         2.50
    12.00000     0.650000      1300974         2.86
    12.00000     0.700000      1300974         3.33
    24.00000     0.750000      1799888         4.00
    24.00000     0.775000      1799888         4.44
    24.00000     0.800000      1799888         5.00
    24.00000     0.825000      1799888         5.71
    24.00000     0.850000      1799888         6.67
    24.00000     0.875000      1799888         8.00
    24.00000     0.887500      1799888         8.89
    24.00000     0.900000      1799888        10.00
    24.00000     0.912500      1799888        11.43
    24.00000     0.925000      1799888        13.33
    24.00000     0.937500      1799888        16.00
    24.00000     0.943750      1799888        17.78
    24.00000     0.950000      1799888        20.00
    24.00000     0.956250      1799888        22.86
    24.00000     0.962500      1799888        26.67
    24.00000     0.968750      1799888        32.00
    24.00000     0.971875      1799888        35.56
    24.00000     0.975000      1799888        40.00
    24.00000     0.978125      1799888        45.71
    24.00000     0.981250      1799888        53.33
    24.00000     0.984375      1799888        64.00
    24.00000     0.985938      1799888        71.11
    37.00000     0.987500      1816654        80.00
    37.00000     0.989062      1816654        91.43
    37.00000     0.990625      1816654       106.67
    37.00000     0.992188      1816654       128.00
    37.00000     0.992969      1816654       142.22
    37.00000     0.993750      1816654       160.00
    37.00000     0.994531      1816654       182.86
    37.00000     0.995313      1816654       213.33
    49.00000     0.996094      1822240       256.00
    49.00000     0.996484      1822240       284.44
    49.00000     0.996875      1822240       320.00
    49.00000     0.997266      1822240       365.71
    49.00000     0.997656      1822240       426.67
    49.00000     0.998047      1822240       512.00
    49.00000     0.998242      1822240       568.89
    49.00000     0.998437      1822240       640.00
    49.00000     0.998633      1822240       731.43
    49.00000     0.998828      1822240       853.33
    61.00000     0.999023      1823729      1024.00
    61.00000     0.999121      1823729      1137.78
    61.00000     0.999219      1823729      1280.00
    61.00000     0.999316      1823729      1462.86
    61.00000     0.999414      1823729      1706.67
    61.00000     0.999512      1823729      2048.00
    61.00000     0.999561      1823729      2275.56
    61.00000     0.999609      1823729      2560.00
    61.00000     0.999658      1823729      2925.71
    74.00000     0.999707      1823969      3413.33
    74.00000     0.999756      1823969      4096.00
    74.00000     0.999780      1823969      4551.11
    74.00000     0.999805      1823969      5120.00
    86.00000     0.999829      1824033      5851.43
    86.00000     0.999854      1824033      6826.67
    98.00000     0.999878      1824085      8192.00
   111.00000     0.999890      1824135      9102.22
   111.00000     0.999902      1824135     10240.00
   111.00000     0.999915      1824135     11702.86
   123.00000     0.999927      1824167     13653.33
   135.00000     0.999939      1824177     16384.00
   148.00000     0.999945      1824189     18204.44
   160.00000     0.999951      1824200     20480.00
   185.00000     0.999957      1824220     23405.71
   197.00000     0.999963      1824223     27306.67
   222.00000     0.999969      1824235     32768.00
   234.00000     0.999973      1824240     36408.89
   246.00000     0.999976      1824246     40960.00
   296.00000     0.999979      1824251     46811.43
   320.00000     0.999982      1824261     54613.33
   320.00000     0.999985      1824261     65536.00
   345.00000     0.999986      1824264     72817.78
   357.00000     0.999988      1824267     81920.00
   382.00000     0.999989      1824269     93622.86
   419.00000     0.999991      1824274    109226.67
   481.00000     0.999992      1824275    131072.00
   505.00000     0.999993      1824276    145635.56
   530.00000     0.999994      1824278    163840.00
   592.00000     0.999995      1824279    187245.71
   604.00000     0.999995      1824280    218453.33
   678.00000     0.999996      1824282    262144.00
   678.00000     0.999997      1824282    291271.11
   900.00000     0.999997      1824283    327680.00
   925.00000     0.999997      1824284    374491.43
   925.00000     0.999998      1824284    436906.67
  4205.00000     0.999998      1824285    524288.00
  4205.00000     0.999998      1824285    582542.22
  4600.00000     0.999998      1824286    655360.00
  4600.00000     0.999999      1824286    748982.86
  4600.00000     0.999999      1824286    873813.33
  4612.00000     0.999999      1824287   1048576.00
  4612.00000     0.999999      1824287   1165084.44
  4612.00000     0.999999      1824287   1310720.00
  4612.00000     0.999999      1824287   1497965.71
  4612.00000     0.999999      1824287   1747626.67
  5007.00000     1.000000      1824288   2097152.00
  5007.00000     1.000000      1824288          inf
#[Mean    =       15.109, StdDeviation   =       10.095]
#[Max     =     5007.000, Total count    =      1824288]
#[Buckets =           13, SubBuckets     =       262144]
       Value   Percentile   TotalCount 1/(1-Percentile)

    61.00000     0.000000            6         1.00
    98.00000     0.100000      1053030         1.11
    98.00000     0.200000      1053030         1.25
    98.00000     0.300000      1053030         1.43
    98.00000     0.400000      1053030         1.67
    98.00000     0.500000      1053030         2.00
    98.00000     0.550000      1053030         2.22
   111.00000     0.600000      1438373         2.50
   111.00000     0.650000      1438373         2.86
   111.00000     0.700000      1438373         3.33
   111.00000     0.750000      1438373         4.00
   111.00000     0.775000      1438373         4.44
   123.00000     0.800000      1649519         5.00
   123.00000     0.825000      1649519         5.71
   123.00000     0.850000      1649519         6.67
   123.00000     0.875000      1649519         8.00
   123.00000     0.887500      1649519         8.89
   123.00000     0.900000      1649519        10.00
   135.00000     0.912500      1774525        11.43
   135.00000     0.925000      1774525        13.33
   135.00000     0.937500      1774525        16.00
   135.00000     0.943750      1774525        17.78
   135.00000     0.950000      1774525        20.00
   135.00000     0.956250      1774525        22.86
   135.00000     0.962500      1774525        26.67
   135.00000     0.968750      1774525        32.00
   135.00000     0.971875      1774525        35.56
   148.00000     0.975000      1793978        40.00
   148.00000     0.978125      1793978        45.71
   148.00000     0.981250      1793978        53.33
   160.00000     0.984375      1800226        64.00
   160.00000     0.985938      1800226        71.11
   172.00000     0.987500      1803035        80.00
   185.00000     0.989062      1804872        91.43
   209.00000     0.990625      1807250       106.67
   271.00000     0.992188      1810426       128.00
   308.00000     0.992969      1811469       142.22
   382.00000     0.993750      1812938       160.00
   468.00000     0.994531      1814356       182.86
   567.00000     0.995313      1815763       213.33
   715.00000     0.996094      1817239       256.00
   801.00000     0.996484      1817915       284.44
   925.00000     0.996875      1818619       320.00
  1122.00000     0.997266      1819300       365.71
  1393.00000     0.997656      1820015       426.67
  1763.00000     0.998047      1820727       512.00
  2133.00000     0.998242      1821087       568.89
  2750.00000     0.998437      1821438       640.00
  3712.00000     0.998633      1821795       731.43
  5254.00000     0.998828      1822151       853.33
  7659.00000     0.999023      1822507      1024.00
 10039.00000     0.999121      1822687      1137.78
 13652.00000     0.999219      1822863      1280.00
 19289.00000     0.999316      1823042      1462.86
 31499.00000     0.999414      1823220      1706.67
 58287.00000     0.999512      1823398      2048.00
 82189.00000     0.999561      1823487      2275.56
111715.00000     0.999609      1823576      2560.00
147346.00000     0.999658      1823665      2925.71
185986.00000     0.999707      1823754      3413.33
230312.00000     0.999756      1823843      4096.00
269421.00000     0.999780      1823888      4551.11
330953.00000     0.999805      1823932      5120.00
413179.00000     0.999829      1823977      5851.43
483577.00000     0.999854      1824021      6826.67
537983.00000     0.999878      1824066      8192.00
557419.00000     0.999890      1824088      9102.22
584231.00000     0.999902      1824110     10240.00
631035.00000     0.999915      1824133     11702.86
685119.00000     0.999927      1824155     13653.33
730775.00000     0.999939      1824177     16384.00
755283.00000     0.999945      1824188     18204.44
778087.00000     0.999951      1824199     20480.00
817715.00000     0.999957      1824211     23405.71
896559.00000     0.999963      1824222     27306.67
1087655.00000     0.999969      1824233     32768.00
1158783.00000     0.999973      1824238     36408.89
1427303.00000     0.999976      1824244     40960.00
1457319.00000     0.999979      1824250     46811.43
1508407.00000     0.999982      1824255     54613.33
1964951.00000     0.999985      1824261     65536.00
1984559.00000     0.999986      1824263     72817.78
1999647.00000     0.999988      1824266     81920.00
2027087.00000     0.999989      1824269     93622.86
2055935.00000     0.999991      1824272    109226.67
4801823.00000     0.999992      1824275    131072.00
4809631.00000     0.999993      1824276    145635.56
4830623.00000     0.999994      1824277    163840.00
4841663.00000     0.999995      1824279    187245.71
4852543.00000     0.999995      1824280    218453.33
4875295.00000     0.999996      1824282    262144.00
4875295.00000     0.999997      1824282    291271.11
4891839.00000     0.999997      1824283    327680.00
4901183.00000     0.999997      1824284    374491.43
4901183.00000     0.999998      1824284    436906.67
4908383.00000     0.999998      1824285    524288.00
4908383.00000     0.999998      1824285    582542.22
4917343.00000     0.999998      1824286    655360.00
4917343.00000     0.999999      1824286    748982.86
4917343.00000     0.999999      1824286    873813.33
4927679.00000     0.999999      1824287   1048576.00
4927679.00000     0.999999      1824287   1165084.44
4927679.00000     0.999999      1824287   1310720.00
4927679.00000     0.999999      1824287   1497965.71
4927679.00000     0.999999      1824287   1747626.67
4932767.00000     1.000000      1824288   2097152.00
4932767.00000     1.000000      1824288          inf
#[Mean    =      339.053, StdDeviation   =    17664.703]
#[Max     =  4932767.000, Total count    =      1824288]
#[Buckets =           13, SubBuckets     =       262144]
       Value   Percentile   TotalCount 1/(1-Percentile)

     0.00000     0.000000        10251         1.00
    37.00000     0.100000       353977         1.11
    49.00000     0.200000       680100         1.25
    49.00000     0.300000       680100         1.43
    61.00000     0.400000       754668         1.67
   123.00000     0.500000       931076         2.00
   148.00000     0.550000      1026524         2.22
   172.00000     0.600000      1130829         2.50
   197.00000     0.650000      1217863         2.86
   222.00000     0.700000      1293242         3.33
   259.00000     0.750000      1395611         4.00
   271.00000     0.775000      1425371         4.44
   296.00000     0.800000      1477274         5.00
   320.00000     0.825000      1520120         5.71
   345.00000     0.850000      1556673         6.67
   382.00000     0.875000      1602868         8.00
   407.00000     0.887500      1629321         8.89
   431.00000     0.900000      1651967        10.00
   456.00000     0.912500      1672222        11.43
   481.00000     0.925000      1689594        13.33
   518.00000     0.937500      1711304        16.00
   542.00000     0.943750      1722963        17.78
   579.00000     0.950000      1737506        20.00
   604.00000     0.956250      1745626        22.86
   653.00000     0.962500      1758354        26.67
   703.00000     0.968750      1768139        32.00
   740.00000     0.971875      1774241        35.56
   777.00000     0.975000      1779229        40.00
   826.00000     0.978125      1784553        45.71
   900.00000     0.981250      1790731        53.33
   999.00000     0.984375      1796057        64.00
  1073.00000     0.985938      1798744        71.11
  1184.00000     0.987500      1801565        80.00
  1369.00000     0.989062      1804407        91.43
  1677.00000     0.990625      1807190       106.67
  2281.00000     0.992188      1810054       128.00
  3009.00000     0.992969      1811488       142.22
  3194.00000     0.993750      1813020       160.00
  3293.00000     0.994531      1814470       182.86
  3404.00000     0.995313      1815826       213.33
  3601.00000     0.996094      1817182       256.00
  3786.00000     0.996484      1817895       284.44
  4094.00000     0.996875      1818595       320.00
  4477.00000     0.997266      1819308       365.71
  4871.00000     0.997656      1820030       426.67
  5328.00000     0.998047      1820736       512.00
  5550.00000     0.998242      1821082       568.89
  5821.00000     0.998437      1821442       640.00
  6117.00000     0.998633      1821806       731.43
  6450.00000     0.998828      1822156       853.33
  6808.00000     0.999023      1822508      1024.00
  7030.00000     0.999121      1822694      1137.78
  7326.00000     0.999219      1822864      1280.00
  7634.00000     0.999316      1823048      1462.86
  8016.00000     0.999414      1823226      1706.67
  8460.00000     0.999512      1823399      2048.00
  8682.00000     0.999561      1823491      2275.56
  8966.00000     0.999609      1823576      2560.00
  9324.00000     0.999658      1823668      2925.71
  9755.00000     0.999707      1823755      3413.33
 10495.00000     0.999756      1823844      4096.00
 10890.00000     0.999780      1823888      4551.11
 11519.00000     0.999805      1823932      5120.00
 12037.00000     0.999829      1823977      5851.43
 13036.00000     0.999854      1824021      6826.67
 14306.00000     0.999878      1824066      8192.00
 15231.00000     0.999890      1824088      9102.22
 15897.00000     0.999902      1824110     10240.00
 16674.00000     0.999915      1824134     11702.86
 18339.00000     0.999927      1824155     13653.33
 19536.00000     0.999939      1824177     16384.00
 20239.00000     0.999945      1824188     18204.44
 21521.00000     0.999951      1824199     20480.00
 23655.00000     0.999957      1824211     23405.71
 25764.00000     0.999963      1824222     27306.67
 29563.00000     0.999969      1824233     32768.00
 31684.00000     0.999973      1824238     36408.89
 33164.00000     0.999976      1824244     40960.00
 35396.00000     0.999979      1824250     46811.43
 38652.00000     0.999982      1824255     54613.33
 44856.00000     0.999985      1824261     65536.00
 46459.00000     0.999986      1824263     72817.78
 49765.00000     0.999988      1824266     81920.00
 56647.00000     0.999989      1824269     93622.86
 65046.00000     0.999991      1824272    109226.67
 66587.00000     0.999992      1824275    131072.00
 67241.00000     0.999993      1824276    145635.56
 68363.00000     0.999994      1824277    163840.00
 81782.00000     0.999995      1824279    187245.71
 88565.00000     0.999995      1824280    218453.33
116858.00000     0.999996      1824282    262144.00
116858.00000     0.999997      1824282    291271.11
128599.00000     0.999997      1824283    327680.00
147445.00000     0.999997      1824284    374491.43
147445.00000     0.999998      1824284    436906.67
150775.00000     0.999998      1824285    524288.00
150775.00000     0.999998      1824285    582542.22
198640.00000     0.999998      1824286    655360.00
198640.00000     0.999999      1824286    748982.86
198640.00000     0.999999      1824286    873813.33
259752.00000     0.999999      1824287   1048576.00
259752.00000     0.999999      1824287   1165084.44
259752.00000     0.999999      1824287   1310720.00
259752.00000     0.999999      1824287   1497965.71
259752.00000     0.999999      1824287   1747626.67
663931.00000     1.000000      1824288   2097152.00
663931.00000     1.000000      1824288          inf
#[Mean    =      217.968, StdDeviation   =      801.712]
#[Max     =   663931.000, Total count    =      1824288]
#[Buckets =           13, SubBuckets     =       262144]
       Value   Percentile   TotalCount 1/(1-Percentile)

    86.00000     0.000000           12         1.00
   185.00000     0.100000       225900         1.11
   209.00000     0.200000       385663         1.25
   234.00000     0.300000       562643         1.43
   259.00000     0.400000       747699         1.67
   283.00000     0.500000       936029         2.00
   296.00000     0.550000      1030985         2.22
   308.00000     0.600000      1125308         2.50
   320.00000     0.650000      1219865         2.86
   333.00000     0.700000      1310263         3.33
   345.00000     0.750000      1399914         4.00
   357.00000     0.775000      1477681         4.44
   357.00000     0.800000      1477681         5.00
   370.00000     0.825000      1525678         5.71
   382.00000     0.850000      1578364         6.67
   394.00000     0.875000      1631683         8.00
   394.00000     0.887500      1631683         8.89
   407.00000     0.900000      1664314        10.00
   419.00000     0.912500      1686455        11.43
   431.00000     0.925000      1705378        13.33
   444.00000     0.937500      1721169        16.00
   456.00000     0.943750      1734719        17.78
   456.00000     0.950000      1734719        20.00
   468.00000     0.956250      1745381        22.86
   493.00000     0.962500      1760540        26.67
   518.00000     0.968750      1769033        32.00
   542.00000     0.971875      1774073        35.56
   592.00000     0.975000      1779476        40.00
   690.00000     0.978125      1784518        45.71
   875.00000     0.981250      1790125        53.33
  1060.00000     0.984375      1796092        64.00
  1196.00000     0.985938      1798785        71.11
  1381.00000     0.987500      1801643        80.00
  1628.00000     0.989062      1804454        91.43
  1850.00000     0.990625      1807205       106.67
  2306.00000     0.992188      1810067       128.00
  2602.00000     0.992969      1811484       142.22
  2972.00000     0.993750      1812893       160.00
  3502.00000     0.994531      1814322       182.86
  4329.00000     0.995313      1815742       213.33
  5365.00000     0.996094      1817180       256.00
  5722.00000     0.996484      1817879       284.44
  6425.00000     0.996875      1818588       320.00
  7609.00000     0.997266      1819305       365.71
  9694.00000     0.997656      1820014       426.67
 13135.00000     0.998047      1820725       512.00
 16008.00000     0.998242      1821082       568.89
 19610.00000     0.998437      1821438       640.00
 24025.00000     0.998633      1821796       731.43
 29957.00000     0.998828      1822151       853.33
 36605.00000     0.999023      1822507      1024.00
 40613.00000     0.999121      1822685      1137.78
 44609.00000     0.999219      1822863      1280.00
 49111.00000     0.999316      1823041      1462.86
 54686.00000     0.999414      1823221      1706.67
 60482.00000     0.999512      1823398      2048.00
 65477.00000     0.999561      1823487      2275.56
 70608.00000     0.999609      1823576      2560.00
 79500.00000     0.999658      1823665      2925.71
 92771.00000     0.999707      1823754      3413.33
115995.00000     0.999756      1823843      4096.00
133668.00000     0.999780      1823888      4551.11
155585.00000     0.999805      1823932      5120.00
178882.00000     0.999829      1823977      5851.43
202402.00000     0.999854      1824021      6826.67
243139.00000     0.999878      1824066      8192.00
261269.00000     0.999890      1824088      9102.22
287983.00000     0.999902      1824110     10240.00
312785.00000     0.999915      1824133     11702.86
334467.00000     0.999927      1824155     13653.33
386169.00000     0.999939      1824177     16384.00
417347.00000     0.999945      1824188     18204.44
450981.00000     0.999951      1824199     20480.00
1262447.00000     0.999957      1824211     23405.71
3279151.00000     0.999963      1824222     27306.67
3407535.00000     0.999969      1824233     32768.00
4689951.00000     0.999973      1824238     36408.89
4711359.00000     0.999976      1824244     40960.00
4749055.00000     0.999979      1824250     46811.43
4812927.00000     0.999982      1824255     54613.33
4863711.00000     0.999985      1824261     65536.00
4866367.00000     0.999986      1824263     72817.78
4879839.00000     0.999988      1824266     81920.00
4891135.00000     0.999989      1824269     93622.86
4911359.00000     0.999991      1824272    109226.67
4922655.00000     0.999992      1824275    131072.00
4927487.00000     0.999993      1824276    145635.56
4928063.00000     0.999994      1824277    163840.00
4932543.00000     0.999995      1824279    187245.71
4941279.00000     0.999995      1824280    218453.33
4947583.00000     0.999996      1824282    262144.00
4947583.00000     0.999997      1824282    291271.11
4948927.00000     0.999997      1824283    327680.00
4958367.00000     0.999997      1824284    374491.43
4958367.00000     0.999998      1824284    436906.67
4963231.00000     0.999998      1824285    524288.00
4963231.00000     0.999998      1824285    582542.22
4981055.00000     0.999998      1824286    655360.00
4981055.00000     0.999999      1824286    748982.86
4981055.00000     0.999999      1824286    873813.33
4993311.00000     0.999999      1824287   1048576.00
4993311.00000     0.999999      1824287   1165084.44
4993311.00000     0.999999      1824287   1310720.00
4993311.00000     0.999999      1824287   1497965.71
4993311.00000     0.999999      1824287   1747626.67
4994751.00000     1.000000      1824288   2097152.00
4994751.00000     1.000000      1824288          inf
#[Mean    =      618.184, StdDeviation   =    28474.509]
#[Max     =  4994751.000, Total count    =      1824288]
#[Buckets =           13, SubBuckets     =       262144]
       Value   Percentile   TotalCount 1/(1-Percentile)

     0.00000     0.000000       232563         1.00
     0.00000     0.100000       232563         1.11
    12.00000     0.200000      1719870         1.25
    12.00000     0.300000      1719870         1.43
    12.00000     0.400000      1719870         1.67
    12.00000     0.500000      1719870         2.00
    12.00000     0.550000      1719870         2.22
    12.00000     0.600000      1719870         2.50
    12.00000     0.650000      1719870         2.86
    12.00000     0.700000      1719870         3.33
    12.00000     0.750000      1719870         4.00
    12.00000     0.775000      1719870         4.44
    12.00000     0.800000      1719870         5.00
    12.00000     0.825000      1719870         5.71
    12.00000     0.850000      1719870         6.67
    12.00000     0.875000      1719870         8.00
    12.00000     0.887500      1719870         8.89
    12.00000     0.900000      1719870        10.00
    12.00000     0.912500      1719870        11.43
    12.00000     0.925000      1719870        13.33
    12.00000     0.937500      1719870        16.00
    24.00000     0.943750      1796006        17.78
    24.00000     0.950000      1796006        20.00
    24.00000     0.956250      1796006        22.86
    24.00000     0.962500      1796006        26.67
    24.00000     0.968750      1796006        32.00
    24.00000     0.971875      1796006        35.56
    24.00000     0.975000      1796006        40.00
    24.00000     0.978125      1796006        45.71
    24.00000     0.981250      1796006        53.33
    24.00000     0.984375      1796006        64.00
    37.00000     0.985938      1809519        71.11
    37.00000     0.987500      1809519        80.00
    37.00000     0.989062      1809519        91.43
    37.00000     0.990625      1809519       106.67
    49.00000     0.992188      1818244       128.00
    49.00000     0.992969      1818244       142.22
    49.00000     0.993750      1818244       160.00
    49.00000     0.994531      1818244       182.86
    49.00000     0.995313      1818244       213.33
    49.00000     0.996094      1818244       256.00
    49.00000     0.996484      1818244       284.44
    61.00000     0.996875      1820370       320.00
    61.00000     0.997266      1820370       365.71
    61.00000     0.997656      1820370       426.67
    74.00000     0.998047      1821013       512.00
    86.00000     0.998242      1821336       568.89
    98.00000     0.998437      1821791       640.00
   111.00000     0.998633      1822606       731.43
   111.00000     0.998828      1822606       853.33
   111.00000     0.999023      1822606      1024.00
   123.00000     0.999121      1822906      1137.78
   123.00000     0.999219      1822906      1280.00
   135.00000     0.999316      1823074      1462.86
   160.00000     0.999414      1823322      1706.67
   172.00000     0.999512      1823442      2048.00
   185.00000     0.999561      1823515      2275.56
   209.00000     0.999609      1823613      2560.00
   234.00000     0.999658      1823683      2925.71
   283.00000     0.999707      1823769      3413.33
   333.00000     0.999756      1823844      4096.00
   370.00000     0.999780      1823890      4551.11
   419.00000     0.999805      1823942      5120.00
   468.00000     0.999829      1823981      5851.43
   530.00000     0.999854      1824026      6826.67
   604.00000     0.999878      1824069      8192.00
   653.00000     0.999890      1824096      9102.22
   690.00000     0.999902      1824113     10240.00
   752.00000     0.999915      1824133     11702.86
   814.00000     0.999927      1824155     13653.33
   986.00000     0.999939      1824177     16384.00
  1085.00000     0.999945      1824188     18204.44
  1406.00000     0.999951      1824199     20480.00
  5019.00000     0.999957      1824211     23405.71
  5155.00000     0.999963      1824222     27306.67
  5254.00000     0.999969      1824233     32768.00
  5291.00000     0.999973      1824238     36408.89
  5340.00000     0.999976      1824244     40960.00
  5439.00000     0.999979      1824251     46811.43
  5476.00000     0.999982      1824256     54613.33
  5500.00000     0.999985      1824261     65536.00
  5747.00000     0.999986      1824263     72817.78
  6265.00000     0.999988      1824266     81920.00
  6512.00000     0.999989      1824269     93622.86
  6561.00000     0.999991      1824273    109226.67
  6623.00000     0.999992      1824275    131072.00
  6647.00000     0.999993      1824277    145635.56
  6647.00000     0.999994      1824277    163840.00
  6709.00000     0.999995      1824279    187245.71
  6721.00000     0.999995      1824280    218453.33
  6882.00000     0.999996      1824282    262144.00
  6882.00000     0.999997      1824282    291271.11
  6968.00000     0.999997      1824283    327680.00
  7091.00000     0.999997      1824284    374491.43
  7091.00000     0.999998      1824284    436906.67
  7202.00000     0.999998      1824285    524288.00
  7202.00000     0.999998      1824285    582542.22
  7893.00000     0.999998      1824286    655360.00
  7893.00000     0.999999      1824286    748982.86
  7893.00000     0.999999      1824286    873813.33
  8522.00000     0.999999      1824287   1048576.00
  8522.00000     0.999999      1824287   1165084.44
  8522.00000     0.999999      1824287   1310720.00
  8522.00000     0.999999      1824287   1497965.71
  8522.00000     0.999999      1824287   1747626.67
 18697.00000     1.000000      1824288   2097152.00
 18697.00000     1.000000      1824288          inf
#[Mean    =       11.983, StdDeviation   =       42.617]
#[Max     =    18697.000, Total count    =      1824288]
#[Buckets =           13, SubBuckets     =       262144]
       Value   Percentile   TotalCount 1/(1-Percentile)

   629.00000     0.000000           12         1.00
   912.00000     0.100000       327673         1.11
   924.00000     0.200000       378690         1.25
   925.00000     0.300000       704735         1.43
   937.00000     0.400000      1009975         1.67
   937.00000     0.500000      1009975         2.00
   937.00000     0.550000      1009975         2.22
   949.00000     0.600000      1173672         2.50
   961.00000     0.650000      1188579         2.86
   974.00000     0.700000      1310722         3.33
   999.00000     0.750000      1385046         4.00
  1036.00000     0.775000      1419209         4.44
  1110.00000     0.800000      1464860         5.00
  1147.00000     0.825000      1513704         5.71
  1184.00000     0.850000      1566830         6.67
  1220.00000     0.875000      1596635         8.00
  1245.00000     0.887500      1627862         8.89
  1270.00000     0.900000      1644770        10.00
  1307.00000     0.912500      1666553        11.43
  1356.00000     0.925000      1693091        13.33
  1393.00000     0.937500      1710503        16.00
  1430.00000     0.943750      1725418        17.78
  1455.00000     0.950000      1734009        20.00
  1492.00000     0.956250      1744879        22.86
  1554.00000     0.962500      1757613        26.67
  1652.00000     0.968750      1767738        32.00
  1825.00000     0.971875      1773012        35.56
  2614.00000     0.975000      1778718        40.00
  5143.00000     0.978125      1784407        45.71
  5845.00000     0.981250      1790156        53.33
  5932.00000     0.984375      1796442        64.00
  5969.00000     0.985938      1799563        71.11
  5994.00000     0.987500      1801750        80.00
  6031.00000     0.989062      1804773        91.43
  6068.00000     0.990625      1807609       106.67
  6117.00000     0.992188      1810448       128.00
  6142.00000     0.992969      1811545       142.22
  6191.00000     0.993750      1813194       160.00
  6252.00000     0.994531      1814312       182.86
  6351.00000     0.995313      1815738       213.33
  6672.00000     0.996094      1817180       256.00
  7017.00000     0.996484      1817908       284.44
  7264.00000     0.996875      1818613       320.00
  7424.00000     0.997266      1819366       365.71
  7560.00000     0.997656      1820026       426.67
  7708.00000     0.998047      1820739       512.00
  7794.00000     0.998242      1821101       568.89
  7893.00000     0.998437      1821449       640.00
  8029.00000     0.998633      1821811       731.43
  8201.00000     0.998828      1822158       853.33
  8399.00000     0.999023      1822527      1024.00
  8510.00000     0.999121      1822696      1137.78
  8633.00000     0.999219      1822871      1280.00
  8793.00000     0.999316      1823057      1462.86
  8966.00000     0.999414      1823225      1706.67
  9225.00000     0.999512      1823402      2048.00
  9533.00000     0.999561      1823488      2275.56
  9953.00000     0.999609      1823576      2560.00
 10816.00000     0.999658      1823665      2925.71
 11766.00000     0.999707      1823754      3413.33
 13344.00000     0.999756      1823843      4096.00
 14541.00000     0.999780      1823888      4551.11
 15823.00000     0.999805      1823933      5120.00
 17895.00000     0.999829      1823977      5851.43
 19930.00000     0.999854      1824021      6826.67
 22163.00000     0.999878      1824066      8192.00
 23075.00000     0.999890      1824088      9102.22
 23791.00000     0.999902      1824113     10240.00
 24691.00000     0.999915      1824135     11702.86
 25616.00000     0.999927      1824157     13653.33
 26344.00000     0.999939      1824177     16384.00
 26862.00000     0.999945      1824191     18204.44
 27293.00000     0.999951      1824199     20480.00
 27935.00000     0.999957      1824214     23405.71
 28354.00000     0.999963      1824223     27306.67
 29304.00000     0.999969      1824234     32768.00
 29871.00000     0.999973      1824238     36408.89
 30759.00000     0.999976      1824245     40960.00
 31573.00000     0.999979      1824250     46811.43
 33115.00000     0.999982      1824255     54613.33
 33238.00000     0.999985      1824261     65536.00
 33312.00000     0.999986      1824263     72817.78
 34200.00000     0.999988      1824266     81920.00
 37641.00000     0.999989      1824269     93622.86
 39022.00000     0.999991      1824272    109226.67
 47187.00000     0.999992      1824275    131072.00
 48507.00000     0.999993      1824276    145635.56
 50985.00000     0.999994      1824277    163840.00
 55783.00000     0.999995      1824279    187245.71
 56042.00000     0.999995      1824280    218453.33
 62579.00000     0.999996      1824282    262144.00
 62579.00000     0.999997      1824282    291271.11
 66328.00000     0.999997      1824283    327680.00
 77996.00000     0.999997      1824284    374491.43
 77996.00000     0.999998      1824284    436906.67
 85568.00000     0.999998      1824285    524288.00
 85568.00000     0.999998      1824285    582542.22
 90514.00000     0.999998      1824286    655360.00
 90514.00000     0.999999      1824286    748982.86
 90514.00000     0.999999      1824286    873813.33
124061.00000     0.999999      1824287   1048576.00
124061.00000     0.999999      1824287   1165084.44
124061.00000     0.999999      1824287   1310720.00
124061.00000     0.999999      1824287   1497965.71
124061.00000     0.999999      1824287   1747626.67
124579.00000     1.000000      1824288   2097152.00
124579.00000     1.000000      1824288          inf
#[Mean    =     1131.763, StdDeviation   =      900.847]
#[Max     =   124579.000, Total count    =      1824288]
#[Buckets =           13, SubBuckets     =       262144]

=== EXCHANGE STDERR ===
matching tid: 48248
