=== CLIENT STDERR ===
=== Exchange load generator ===
  clients  : 10
  seed     : 1982477736
  target   : 127.0.0.1:4000
  thread id: 47815
Ctrl-C to stop.


=== Stats ===
  elapsed         : 14.996 s
  requests sent   : 1769191
  ACK responses   : 1769164
  MATCH responses : 1028072
  ERR responses   : 0
  orders in flight: -10
  --- throughput ---
  requests/s      : 117975
  ACK/s           : 117973
  MATCH/s         : 68555
  ERR/s           : 0
  total resp/s    : 117973

=== EXCHANGE STDOUT ===
exchange tid: 47814
inbound thread: 47821
outbound thread: 47822
       Value   Percentile   TotalCount 1/(1-Percentile)

  2084.00000     0.000000            1         1.00
  2355.00000     0.100000       152289         1.11
  2405.00000     0.200000       288545         1.25
  2442.00000     0.300000       407977         1.43
  2479.00000     0.400000       527275         1.67
  2528.00000     0.500000       673690         2.00
  2553.00000     0.550000       736822         2.22
  2577.00000     0.600000       790341         2.50
  2614.00000     0.650000       857763         2.86
  2664.00000     0.700000       927957         3.33
  2725.00000     0.750000       988729         4.00
  2762.00000     0.775000      1015264         4.44
  2824.00000     0.800000      1048995         5.00
  2898.00000     0.825000      1080809         5.71
  2984.00000     0.850000      1112078         6.67
  3095.00000     0.875000      1146274         8.00
  3157.00000     0.887500      1162068         8.89
  3231.00000     0.900000      1178402        10.00
  3317.00000     0.912500      1193907        11.43
  3441.00000     0.925000      1210197        13.33
  3626.00000     0.937500      1226818        16.00
  3761.00000     0.943750      1234657        17.78
  3971.00000     0.950000      1242872        20.00
  4316.00000     0.956250      1251012        22.86
  5402.00000     0.962500      1259138        26.67
  6573.00000     0.968750      1267317        32.00
  7264.00000     0.971875      1271481        35.56
  7400.00000     0.975000      1275569        40.00
  7486.00000     0.978125      1279730        45.71
  7572.00000     0.981250      1284110        53.33
  7659.00000     0.984375      1287965        64.00
  7708.00000     0.985938      1289799        71.11
  7782.00000     0.987500      1291945        80.00
  7893.00000     0.989062      1294076        91.43
  8053.00000     0.990625      1296039       106.67
  8374.00000     0.992188      1297976       128.00
  8621.00000     0.992969      1299024       142.22
  8941.00000     0.993750      1300026       160.00
  9361.00000     0.994531      1301042       182.86
  9780.00000     0.995313      1302067       213.33
 10298.00000     0.996094      1303082       256.00
 10619.00000     0.996484      1303585       284.44
 11050.00000     0.996875      1304099       320.00
 11704.00000     0.997266      1304606       365.71
 12678.00000     0.997656      1305121       426.67
 14417.00000     0.998047      1305630       512.00
 15984.00000     0.998242      1305884       568.89
 18265.00000     0.998437      1306141       640.00
 21916.00000     0.998633      1306395       731.43
 29143.00000     0.998828      1306650       853.33
 40576.00000     0.999023      1306908      1024.00
 47742.00000     0.999121      1307034      1137.78
 56129.00000     0.999219      1307161      1280.00
 67919.00000     0.999316      1307289      1462.86
 84828.00000     0.999414      1307418      1706.67
106708.00000     0.999512      1307545      2048.00
117783.00000     0.999561      1307609      2275.56
130647.00000     0.999609      1307672      2560.00
142733.00000     0.999658      1307736      2925.71
157780.00000     0.999707      1307800      3413.33
173937.00000     0.999756      1307864      4096.00
181004.00000     0.999780      1307896      4551.11
191635.00000     0.999805      1307928      5120.00
202266.00000     0.999829      1307960      5851.43
213342.00000     0.999854      1307992      6826.67
231052.00000     0.999878      1308024      8192.00
240204.00000     0.999890      1308040      9102.22
250527.00000     0.999902      1308056     10240.00
263477.00000     0.999915      1308072     11702.86
280843.00000     0.999927      1308088     13653.33
305681.00000     0.999939      1308104     16384.00
316289.00000     0.999945      1308112     18204.44
338599.00000     0.999951      1308120     20480.00
359233.00000     0.999957      1308128     23405.71
380657.00000     0.999963      1308136     27306.67
410195.00000     0.999969      1308144     32768.00
419691.00000     0.999973      1308148     36408.89
435453.00000     0.999976      1308152     40960.00
444851.00000     0.999979      1308156     46811.43
454717.00000     0.999982      1308160     54613.33
476499.00000     0.999985      1308164     65536.00
483319.00000     0.999986      1308166     72817.78
493999.00000     0.999988      1308168     81920.00
510735.00000     0.999989      1308170     93622.86
517765.00000     0.999991      1308172    109226.67
519369.00000     0.999992      1308174    131072.00
531211.00000     0.999993      1308175    145635.56
544199.00000     0.999994      1308176    163840.00
558639.00000     0.999995      1308177    187245.71
559391.00000     0.999995      1308179    218453.33
559391.00000     0.999996      1308179    262144.00
559391.00000     0.999997      1308179    291271.11
571935.00000     0.999997      1308180    327680.00
571935.00000     0.999997      1308180    374491.43
577831.00000     0.999998      1308181    436906.67
577831.00000     0.999998      1308181    524288.00
577831.00000     0.999998      1308181    582542.22
4277471.00000     0.999998      1308183    655360.00
4277471.00000     1.000000      1308183          inf
#[Mean    =     2959.845, StdDeviation   =     7426.164]
#[Max     =  4277471.000, Total count    =      1308183]
#[Buckets =           13, SubBuckets     =       262144]
       Value   Percentile   TotalCount 1/(1-Percentile)

   974.00000     0.000000            2         1.00
  1036.00000     0.100000       452835         1.11
  1036.00000     0.200000       452835         1.25
  1036.00000     0.300000       452835         1.43
  1048.00000     0.400000       875080         1.67
  1048.00000     0.500000       875080         2.00
  1048.00000     0.550000       875080         2.22
  1048.00000     0.600000       875080         2.50
  1048.00000     0.650000       875080         2.86
  1060.00000     0.700000      1074480         3.33
  1060.00000     0.750000      1074480         4.00
  1060.00000     0.775000      1074480         4.44
  1060.00000     0.800000      1074480         5.00
  1073.00000     0.825000      1136581         5.71
  1073.00000     0.850000      1136581         6.67
  1085.00000     0.875000      1150296         8.00
  1110.00000     0.887500      1162343         8.89
  1171.00000     0.900000      1177925        10.00
  1270.00000     0.912500      1194265        11.43
  1319.00000     0.925000      1213388        13.33
  1356.00000     0.937500      1228277        16.00
  1381.00000     0.943750      1236289        17.78
  1418.00000     0.950000      1244027        20.00
  1467.00000     0.956250      1252349        22.86
  1504.00000     0.962500      1259540        26.67
  1541.00000     0.968750      1268507        32.00
  1566.00000     0.971875      1274033        35.56
  1578.00000     0.975000      1276432        40.00
  1603.00000     0.978125      1280721        45.71
  1628.00000     0.981250      1284230        53.33
  1665.00000     0.984375      1288027        64.00
  1689.00000     0.985938      1290041        71.11
  1726.00000     0.987500      1292576        80.00
  1751.00000     0.989062      1294049        91.43
  1788.00000     0.990625      1295991       106.67
  1850.00000     0.992188      1298036       128.00
  1924.00000     0.992969      1298995       142.22
  2084.00000     0.993750      1300095       160.00
  2244.00000     0.994531      1301083       182.86
  2417.00000     0.995313      1302073       213.33
  2676.00000     0.996094      1303103       256.00
  2873.00000     0.996484      1303592       284.44
  3169.00000     0.996875      1304096       320.00
  3774.00000     0.997266      1304611       365.71
  5587.00000     0.997656      1305120       426.67
  5957.00000     0.998047      1305647       512.00
  6080.00000     0.998242      1305899       568.89
  6216.00000     0.998437      1306152       640.00
  6339.00000     0.998633      1306411       731.43
  6462.00000     0.998828      1306652       853.33
  6623.00000     0.999023      1306922      1024.00
  6721.00000     0.999121      1307041      1137.78
  6845.00000     0.999219      1307167      1280.00
  6980.00000     0.999316      1307290      1462.86
  7190.00000     0.999414      1307423      1706.67
  7424.00000     0.999512      1307547      2048.00
  7609.00000     0.999561      1307610      2275.56
  7868.00000     0.999609      1307672      2560.00
  8177.00000     0.999658      1307737      2925.71
  8510.00000     0.999707      1307800      3413.33
  8917.00000     0.999756      1307864      4096.00
  9336.00000     0.999780      1307898      4551.11
  9644.00000     0.999805      1307929      5120.00
 10051.00000     0.999829      1307960      5851.43
 10717.00000     0.999854      1307993      6826.67
 11679.00000     0.999878      1308024      8192.00
 12296.00000     0.999890      1308040      9102.22
 12826.00000     0.999902      1308056     10240.00
 13801.00000     0.999915      1308072     11702.86
 15490.00000     0.999927      1308088     13653.33
 17229.00000     0.999939      1308104     16384.00
 18648.00000     0.999945      1308112     18204.44
 19388.00000     0.999951      1308120     20480.00
 21090.00000     0.999957      1308128     23405.71
 22187.00000     0.999963      1308136     27306.67
 25369.00000     0.999969      1308144     32768.00
 27552.00000     0.999973      1308148     36408.89
 29106.00000     0.999976      1308152     40960.00
 30500.00000     0.999979      1308156     46811.43
 34323.00000     0.999982      1308160     54613.33
 36716.00000     0.999985      1308164     65536.00
 38184.00000     0.999986      1308166     72817.78
 38837.00000     0.999988      1308168     81920.00
 43832.00000     0.999989      1308170     93622.86
 49210.00000     0.999991      1308172    109226.67
 56943.00000     0.999992      1308174    131072.00
 59582.00000     0.999993      1308175    145635.56
 84335.00000     0.999994      1308176    163840.00
 86136.00000     0.999995      1308177    187245.71
 94855.00000     0.999995      1308178    218453.33
423613.00000     0.999996      1308179    262144.00
423613.00000     0.999997      1308179    291271.11
426733.00000     0.999997      1308180    327680.00
426733.00000     0.999997      1308180    374491.43
426869.00000     0.999998      1308181    436906.67
426869.00000     0.999998      1308181    524288.00
426869.00000     0.999998      1308181    582542.22
4205375.00000     0.999998      1308182    655360.00
4205375.00000     0.999999      1308182    748982.86
4205375.00000     0.999999      1308182    873813.33
4205375.00000     0.999999      1308182   1048576.00
4205375.00000     0.999999      1308182   1165084.44
4205599.00000     0.999999      1308183   1310720.00
4205599.00000     1.000000      1308183          inf
#[Mean    =     1114.013, StdDeviation   =     5254.620]
#[Max     =  4205599.000, Total count    =      1308183]
#[Buckets =           13, SubBuckets     =       262144]
       Value   Percentile   TotalCount 1/(1-Percentile)

     0.00000     0.000000        64861         1.00
    12.00000     0.100000       972742         1.11
    12.00000     0.200000       972742         1.25
    12.00000     0.300000       972742         1.43
    12.00000     0.400000       972742         1.67
    12.00000     0.500000       972742         2.00
    12.00000     0.550000       972742         2.22
    12.00000     0.600000       972742         2.50
    12.00000     0.650000       972742         2.86
    12.00000     0.700000       972742         3.33
    24.00000     0.750000      1299010         4.00
    24.00000     0.775000      1299010         4.44
    24.00000     0.800000      1299010         5.00
    24.00000     0.825000      1299010         5.71
    24.00000     0.850000      1299010         6.67
    24.00000     0.875000      1299010         8.00
    24.00000     0.887500      1299010         8.89
    24.00000     0.900000      1299010        10.00
    24.00000     0.912500      1299010        11.43
    24.00000     0.925000      1299010        13.33
    24.00000     0.937500      1299010        16.00
    24.00000     0.943750      1299010        17.78
    24.00000     0.950000      1299010        20.00
    24.00000     0.956250      1299010        22.86
    24.00000     0.962500      1299010        26.67
    24.00000     0.968750      1299010        32.00
    24.00000     0.971875      1299010        35.56
    24.00000     0.975000      1299010        40.00
    24.00000     0.978125      1299010        45.71
    24.00000     0.981250      1299010        53.33
    24.00000     0.984375      1299010        64.00
    24.00000     0.985938      1299010        71.11
    24.00000     0.987500      1299010        80.00
    24.00000     0.989062      1299010        91.43
    24.00000     0.990625      1299010       106.67
    24.00000     0.992188      1299010       128.00
    24.00000     0.992969      1299010       142.22
    37.00000     0.993750      1305376       160.00
    37.00000     0.994531      1305376       182.86
    37.00000     0.995313      1305376       213.33
    37.00000     0.996094      1305376       256.00
    37.00000     0.996484      1305376       284.44
    37.00000     0.996875      1305376       320.00
    37.00000     0.997266      1305376       365.71
    37.00000     0.997656      1305376       426.67
    49.00000     0.998047      1307435       512.00
    49.00000     0.998242      1307435       568.89
    49.00000     0.998437      1307435       640.00
    49.00000     0.998633      1307435       731.43
    49.00000     0.998828      1307435       853.33
    49.00000     0.999023      1307435      1024.00
    49.00000     0.999121      1307435      1137.78
    49.00000     0.999219      1307435      1280.00
    49.00000     0.999316      1307435      1462.86
    49.00000     0.999414      1307435      1706.67
    61.00000     0.999512      1307983      2048.00
    61.00000     0.999561      1307983      2275.56
    61.00000     0.999609      1307983      2560.00
    61.00000     0.999658      1307983      2925.71
    61.00000     0.999707      1307983      3413.33
    61.00000     0.999756      1307983      4096.00
    61.00000     0.999780      1307983      4551.11
    61.00000     0.999805      1307983      5120.00
    61.00000     0.999829      1307983      5851.43
    74.00000     0.999854      1308068      6826.67
    74.00000     0.999878      1308068      8192.00
    74.00000     0.999890      1308068      9102.22
    74.00000     0.999902      1308068     10240.00
    86.00000     0.999915      1308089     11702.86
    86.00000     0.999927      1308089     13653.33
   123.00000     0.999939      1308108     16384.00
   135.00000     0.999945      1308115     18204.44
   148.00000     0.999951      1308124     20480.00
   160.00000     0.999957      1308136     23405.71
   160.00000     0.999963      1308136     27306.67
   197.00000     0.999969      1308144     32768.00
   222.00000     0.999973      1308148     36408.89
   345.00000     0.999976      1308152     40960.00
   419.00000     0.999979      1308157     46811.43
   468.00000     0.999982      1308162     54613.33
   555.00000     0.999985      1308164     65536.00
   653.00000     0.999986      1308166     72817.78
   925.00000     0.999988      1308169     81920.00
   974.00000     0.999989      1308170     93622.86
  1258.00000     0.999991      1308172    109226.67
  1961.00000     0.999992      1308174    131072.00
  1973.00000     0.999993      1308175    145635.56
  2306.00000     0.999994      1308176    163840.00
  4033.00000     0.999995      1308177    187245.71
  4230.00000     0.999995      1308178    218453.33
  4538.00000     0.999996      1308179    262144.00
  4538.00000     0.999997      1308179    291271.11
  5081.00000     0.999997      1308180    327680.00
  5081.00000     0.999997      1308180    374491.43
  5476.00000     0.999998      1308181    436906.67
  5476.00000     0.999998      1308181    524288.00
  5476.00000     0.999998      1308181    582542.22
  7449.00000     0.999998      1308182    655360.00
  7449.00000     0.999999      1308182    748982.86
  7449.00000     0.999999      1308182    873813.33
  7449.00000     0.999999      1308182   1048576.00
  7449.00000     0.999999      1308182   1165084.44
  9496.00000     0.999999      1308183   1310720.00
  9496.00000     1.000000      1308183          inf
#[Mean    =       14.656, StdDeviation   =       16.036]
#[Max     =     9496.000, Total count    =      1308183]
#[Buckets =           13, SubBuckets     =       262144]
       Value   Percentile   TotalCount 1/(1-Percentile)

    61.00000     0.000000            1         1.00
    98.00000     0.100000       803834         1.11
    98.00000     0.200000       803834         1.25
    98.00000     0.300000       803834         1.43
    98.00000     0.400000       803834         1.67
    98.00000     0.500000       803834         2.00
    98.00000     0.550000       803834         2.22
    98.00000     0.600000       803834         2.50
   111.00000     0.650000      1127816         2.86
   111.00000     0.700000      1127816         3.33
   111.00000     0.750000      1127816         4.00
   111.00000     0.775000      1127816         4.44
   111.00000     0.800000      1127816         5.00
   111.00000     0.825000      1127816         5.71
   111.00000     0.850000      1127816         6.67
   123.00000     0.875000      1223660         8.00
   123.00000     0.887500      1223660         8.89
   123.00000     0.900000      1223660        10.00
   123.00000     0.912500      1223660        11.43
   123.00000     0.925000      1223660        13.33
   135.00000     0.937500      1280343        16.00
   135.00000     0.943750      1280343        17.78
   135.00000     0.950000      1280343        20.00
   135.00000     0.956250      1280343        22.86
   135.00000     0.962500      1280343        26.67
   135.00000     0.968750      1280343        32.00
   135.00000     0.971875      1280343        35.56
   135.00000     0.975000      1280343        40.00
   135.00000     0.978125      1280343        45.71
   148.00000     0.981250      1289822        53.33
   148.00000     0.984375      1289822        64.00
   148.00000     0.985938      1289822        71.11
   160.00000     0.987500      1292837        80.00
   172.00000     0.989062      1294242        91.43
   209.00000     0.990625      1296009       106.67
   308.00000     0.992188      1298132       128.00
   370.00000     0.992969      1299046       142.22
   456.00000     0.993750      1300078       160.00
   555.00000     0.994531      1301067       182.86
   666.00000     0.995313      1302082       213.33
   789.00000     0.996094      1303081       256.00
   863.00000     0.996484      1303597       284.44
   962.00000     0.996875      1304150       320.00
  1073.00000     0.997266      1304629       365.71
  1220.00000     0.997656      1305117       426.67
  1381.00000     0.998047      1305645       512.00
  1467.00000     0.998242      1305919       568.89
  1541.00000     0.998437      1306151       640.00
  1640.00000     0.998633      1306401       731.43
  1763.00000     0.998828      1306650       853.33
  1924.00000     0.999023      1306912      1024.00
  2047.00000     0.999121      1307043      1137.78
  2207.00000     0.999219      1307162      1280.00
  2503.00000     0.999316      1307289      1462.86
  3194.00000     0.999414      1307417      1706.67
  4970.00000     0.999512      1307545      2048.00
  7301.00000     0.999561      1307609      2275.56
 10434.00000     0.999609      1307672      2560.00
 14886.00000     0.999658      1307736      2925.71
 22200.00000     0.999707      1307800      3413.33
 37641.00000     0.999756      1307864      4096.00
 49506.00000     0.999780      1307896      4551.11
 60815.00000     0.999805      1307928      5120.00
 73334.00000     0.999829      1307960      5851.43
 89268.00000     0.999854      1307992      6826.67
107139.00000     0.999878      1308024      8192.00
114946.00000     0.999890      1308040      9102.22
125923.00000     0.999902      1308056     10240.00
135716.00000     0.999915      1308072     11702.86
145521.00000     0.999927      1308088     13653.33
156287.00000     0.999939      1308104     16384.00
161899.00000     0.999945      1308112     18204.44
164699.00000     0.999951      1308120     20480.00
170594.00000     0.999957      1308128     23405.71
181398.00000     0.999963      1308136     27306.67
190093.00000     0.999969      1308144     32768.00
194632.00000     0.999973      1308148     36408.89
202081.00000     0.999976      1308152     40960.00
210616.00000     0.999979      1308156     46811.43
217436.00000     0.999982      1308160     54613.33
223862.00000     0.999985      1308164     65536.00
232804.00000     0.999986      1308166     72817.78
239809.00000     0.999988      1308168     81920.00
241930.00000     0.999989      1308170     93622.86
246802.00000     0.999991      1308172    109226.67
251106.00000     0.999992      1308174    131072.00
255978.00000     0.999993      1308175    145635.56
259505.00000     0.999994      1308176    163840.00
264957.00000     0.999995      1308177    187245.71
268103.00000     0.999995      1308178    218453.33
277279.00000     0.999996      1308179    262144.00
277279.00000     0.999997      1308179    291271.11
285123.00000     0.999997      1308180    327680.00
285123.00000     0.999997      1308180    374491.43
286293.00000     0.999998      1308181    436906.67
286293.00000     0.999998      1308181    524288.00
286293.00000     0.999998      1308181    582542.22
293139.00000     0.999998      1308182    655360.00
293139.00000     0.999999      1308182    748982.86
293139.00000     0.999999      1308182    873813.33
293139.00000     0.999999      1308182   1048576.00
293139.00000     0.999999      1308182   1165084.44
300737.00000     0.999999      1308183   1310720.00
300737.00000     1.000000      1308183          inf
#[Mean    =      143.154, StdDeviation   =     2071.074]
#[Max     =   300737.000, Total count    =      1308183]
#[Buckets =           13, SubBuckets     =       262144]
       Value   Percentile   TotalCount 1/(1-Percentile)

     0.00000     0.000000         8630         1.00
    37.00000     0.100000       286583         1.11
    37.00000     0.200000       286583         1.25
    49.00000     0.300000       521693         1.43
    61.00000     0.400000       561162         1.67
   111.00000     0.500000       680306         2.00
   123.00000     0.550000       720508         2.22
   148.00000     0.600000       806053         2.50
   160.00000     0.650000       850968         2.86
   185.00000     0.700000       924930         3.33
   209.00000     0.750000       985323         4.00
   234.00000     0.775000      1037497         4.44
   246.00000     0.800000      1061653         5.00
   259.00000     0.825000      1083668         5.71
   283.00000     0.850000      1120257         6.67
   308.00000     0.875000      1148124         8.00
   333.00000     0.887500      1169430         8.89
   345.00000     0.900000      1178501        10.00
   370.00000     0.912500      1194718        11.43
   407.00000     0.925000      1215332        13.33
   431.00000     0.937500      1226613        16.00
   456.00000     0.943750      1236212        17.78
   481.00000     0.950000      1244442        20.00
   505.00000     0.956250      1251599        22.86
   542.00000     0.962500      1260122        26.67
   592.00000     0.968750      1269044        32.00
   616.00000     0.971875      1272528        35.56
   653.00000     0.975000      1276764        40.00
   690.00000     0.978125      1280244        45.71
   740.00000     0.981250      1283858        53.33
   826.00000     0.984375      1288240        64.00
   875.00000     0.985938      1290081        71.11
   949.00000     0.987500      1292151        80.00
  1048.00000     0.989062      1294030        91.43
  1245.00000     0.990625      1295982       106.67
  1628.00000     0.992188      1297965       128.00
  1887.00000     0.992969      1299019       142.22
  2405.00000     0.993750      1300019       160.00
  3083.00000     0.994531      1301102       182.86
  3206.00000     0.995313      1302126       213.33
  3317.00000     0.996094      1303090       256.00
  3391.00000     0.996484      1303588       284.44
  3502.00000     0.996875      1304113       320.00
  3663.00000     0.997266      1304641       365.71
  3897.00000     0.997656      1305120       426.67
  4267.00000     0.998047      1305633       512.00
  4477.00000     0.998242      1305892       568.89
  4736.00000     0.998437      1306142       640.00
  5007.00000     0.998633      1306406       731.43
  5352.00000     0.998828      1306653       853.33
  5796.00000     0.999023      1306908      1024.00
  6031.00000     0.999121      1307035      1137.78
  6290.00000     0.999219      1307162      1280.00
  6549.00000     0.999316      1307297      1462.86
  6820.00000     0.999414      1307418      1706.67
  7128.00000     0.999512      1307546      2048.00
  7326.00000     0.999561      1307610      2275.56
  7511.00000     0.999609      1307672      2560.00
  7819.00000     0.999658      1307739      2925.71
  8115.00000     0.999707      1307801      3413.33
  8510.00000     0.999756      1307866      4096.00
  8707.00000     0.999780      1307896      4551.11
  9040.00000     0.999805      1307928      5120.00
  9311.00000     0.999829      1307960      5851.43
  9805.00000     0.999854      1307992      6826.67
 10384.00000     0.999878      1308024      8192.00
 10742.00000     0.999890      1308040      9102.22
 11063.00000     0.999902      1308056     10240.00
 11433.00000     0.999915      1308072     11702.86
 12222.00000     0.999927      1308088     13653.33
 13603.00000     0.999939      1308104     16384.00
 14824.00000     0.999945      1308112     18204.44
 16341.00000     0.999951      1308120     20480.00
 17883.00000     0.999957      1308128     23405.71
 23803.00000     0.999963      1308136     27306.67
 32621.00000     0.999969      1308144     32768.00
 34977.00000     0.999973      1308148     36408.89
 40280.00000     0.999976      1308152     40960.00
 41366.00000     0.999979      1308156     46811.43
 43684.00000     0.999982      1308160     54613.33
 50011.00000     0.999985      1308164     65536.00
 54254.00000     0.999986      1308166     72817.78
 58299.00000     0.999988      1308168     81920.00
 58756.00000     0.999989      1308170     93622.86
 63220.00000     0.999991      1308172    109226.67
 65983.00000     0.999992      1308174    131072.00
 67167.00000     0.999993      1308175    145635.56
 68450.00000     0.999994      1308176    163840.00
 69116.00000     0.999995      1308177    187245.71
 71311.00000     0.999995      1308178    218453.33
 73038.00000     0.999996      1308179    262144.00
 73038.00000     0.999997      1308179    291271.11
 77922.00000     0.999997      1308180    327680.00
 77922.00000     0.999997      1308180    374491.43
 81696.00000     0.999998      1308181    436906.67
 81696.00000     0.999998      1308181    524288.00
 81696.00000     0.999998      1308181    582542.22
 86715.00000     0.999998      1308182    655360.00
 86715.00000     0.999999      1308182    748982.86
 86715.00000     0.999999      1308182    873813.33
 86715.00000     0.999999      1308182   1048576.00
 86715.00000     0.999999      1308182   1165084.44
181349.00000     0.999999      1308183   1310720.00
181349.00000     1.000000      1308183          inf
#[Mean    =      183.849, StdDeviation   =      520.588]
#[Max     =   181349.000, Total count    =      1308183]
#[Buckets =           13, SubBuckets     =       262144]
       Value   Percentile   TotalCount 1/(1-Percentile)

    86.00000     0.000000            6         1.00
   185.00000     0.100000       184132         1.11
   209.00000     0.200000       305945         1.25
   234.00000     0.300000       436338         1.43
   259.00000     0.400000       572911         1.67
   283.00000     0.500000       712121         2.00
   296.00000     0.550000       782601         2.22
   308.00000     0.600000       853730         2.50
   308.00000     0.650000       853730         2.86
   320.00000     0.700000       923219         3.33
   333.00000     0.750000       990076         4.00
   345.00000     0.775000      1056348         4.44
   345.00000     0.800000      1056348         5.00
   357.00000     0.825000      1109693         5.71
   370.00000     0.850000      1139195         6.67
   382.00000     0.875000      1174153         8.00
   382.00000     0.887500      1174153         8.89
   394.00000     0.900000      1208722        10.00
   394.00000     0.912500      1208722        11.43
   407.00000     0.925000      1227206        13.33
   407.00000     0.937500      1227206        16.00
   419.00000     0.943750      1238547        17.78
   431.00000     0.950000      1247774        20.00
   444.00000     0.956250      1255367        22.86
   456.00000     0.962500      1261560        26.67
   481.00000     0.968750      1270155        32.00
   493.00000     0.971875      1272959        35.56
   518.00000     0.975000      1276869        40.00
   555.00000     0.978125      1280155        45.71
   653.00000     0.981250      1283947        53.33
   851.00000     0.984375      1287753        64.00
   962.00000     0.985938      1289892        71.11
  1036.00000     0.987500      1291839        80.00
  1184.00000     0.989062      1293941        91.43
  1393.00000     0.990625      1295927       106.67
  1677.00000     0.992188      1298022       128.00
  1788.00000     0.992969      1299032       142.22
  2059.00000     0.993750      1300054       160.00
  2380.00000     0.994531      1301059       182.86
  2787.00000     0.995313      1302075       213.33
  3367.00000     0.996094      1303086       256.00
  3737.00000     0.996484      1303591       284.44
  4341.00000     0.996875      1304096       320.00
  5081.00000     0.997266      1304611       365.71
  5624.00000     0.997656      1305123       426.67
  6512.00000     0.998047      1305634       512.00
  7338.00000     0.998242      1305885       568.89
  8682.00000     0.998437      1306140       640.00
 10717.00000     0.998633      1306395       731.43
 14331.00000     0.998828      1306650       853.33
 22039.00000     0.999023      1306906      1024.00
 27787.00000     0.999121      1307034      1137.78
 33374.00000     0.999219      1307161      1280.00
 40712.00000     0.999316      1307289      1462.86
 48803.00000     0.999414      1307417      1706.67
 58077.00000     0.999512      1307545      2048.00
 63516.00000     0.999561      1307609      2275.56
 70916.00000     0.999609      1307673      2560.00
 79636.00000     0.999658      1307736      2925.71
 91723.00000     0.999707      1307800      3413.33
105289.00000     0.999756      1307864      4096.00
113997.00000     0.999780      1307896      4551.11
123925.00000     0.999805      1307928      5120.00
139107.00000     0.999829      1307960      5851.43
150479.00000     0.999854      1307992      6826.67
169275.00000     0.999878      1308024      8192.00
179807.00000     0.999890      1308040      9102.22
189464.00000     0.999902      1308056     10240.00
205621.00000     0.999915      1308072     11702.86
221334.00000     0.999927      1308088     13653.33
241980.00000     0.999939      1308104     16384.00
259653.00000     0.999945      1308112     18204.44
281483.00000     0.999951      1308120     20480.00
310529.00000     0.999957      1308128     23405.71
334085.00000     0.999963      1308136     27306.67
371689.00000     0.999969      1308144     32768.00
382087.00000     0.999973      1308148     36408.89
390239.00000     0.999976      1308152     40960.00
404533.00000     0.999979      1308156     46811.43
418397.00000     0.999982      1308160     54613.33
436847.00000     0.999985      1308164     65536.00
437919.00000     0.999986      1308166     72817.78
446307.00000     0.999988      1308168     81920.00
467705.00000     0.999989      1308170     93622.86
479199.00000     0.999991      1308172    109226.67
484243.00000     0.999992      1308174    131072.00
484651.00000     0.999993      1308175    145635.56
485157.00000     0.999994      1308176    163840.00
499167.00000     0.999995      1308177    187245.71
511697.00000     0.999995      1308178    218453.33
525711.00000     0.999996      1308179    262144.00
525711.00000     0.999997      1308179    291271.11
538399.00000     0.999997      1308180    327680.00
538399.00000     0.999997      1308180    374491.43
547355.00000     0.999998      1308181    436906.67
547355.00000     0.999998      1308181    524288.00
547355.00000     0.999998      1308181    582542.22
553187.00000     0.999998      1308182    655360.00
553187.00000     0.999999      1308182    748982.86
553187.00000     0.999999      1308182    873813.33
553187.00000     0.999999      1308182   1048576.00
553187.00000     0.999999      1308182   1165084.44
559763.00000     0.999999      1308183   1310720.00
559763.00000     1.000000      1308183          inf
#[Mean    =      402.984, StdDeviation   =     3979.205]
#[Max     =   559763.000, Total count    =      1308183]
#[Buckets =           13, SubBuckets     =       262144]
       Value   Percentile   TotalCount 1/(1-Percentile)

     0.00000     0.000000       182007         1.00
     0.00000     0.100000       182007         1.11
    12.00000     0.200000      1261250         1.25
    12.00000     0.300000      1261250         1.43
    12.00000     0.400000      1261250         1.67
    12.00000     0.500000      1261250         2.00
    12.00000     0.550000      1261250         2.22
    12.00000     0.600000      1261250         2.50
    12.00000     0.650000      1261250         2.86
    12.00000     0.700000      1261250         3.33
    12.00000     0.750000      1261250         4.00
    12.00000     0.775000      1261250         4.44
    12.00000     0.800000      1261250         5.00
    12.00000     0.825000      1261250         5.71
    12.00000     0.850000      1261250         6.67
    12.00000     0.875000      1261250         8.00
    12.00000     0.887500      1261250         8.89
    12.00000     0.900000      1261250        10.00
    12.00000     0.912500      1261250        11.43
    12.00000     0.925000      1261250        13.33
    12.00000     0.937500      1261250        16.00
    12.00000     0.943750      1261250        17.78
    12.00000     0.950000      1261250        20.00
    12.00000     0.956250      1261250        22.86
    12.00000     0.962500      1261250        26.67
    24.00000     0.968750      1297354        32.00
    24.00000     0.971875      1297354        35.56
    24.00000     0.975000      1297354        40.00
    24.00000     0.978125      1297354        45.71
    24.00000     0.981250      1297354        53.33
    24.00000     0.984375      1297354        64.00
    24.00000     0.985938      1297354        71.11
    24.00000     0.987500      1297354        80.00
    24.00000     0.989062      1297354        91.43
    24.00000     0.990625      1297354       106.67
    37.00000     0.992188      1302342       128.00
    37.00000     0.992969      1302342       142.22
    37.00000     0.993750      1302342       160.00
    37.00000     0.994531      1302342       182.86
    37.00000     0.995313      1302342       213.33
    49.00000     0.996094      1305548       256.00
    49.00000     0.996484      1305548       284.44
    49.00000     0.996875      1305548       320.00
    49.00000     0.997266      1305548       365.71
    49.00000     0.997656      1305548       426.67
    61.00000     0.998047      1306194       512.00
    61.00000     0.998242      1306194       568.89
    61.00000     0.998437      1306194       640.00
    74.00000     0.998633      1306416       731.43
    98.00000     0.998828      1306714       853.33
   111.00000     0.999023      1307046      1024.00
   111.00000     0.999121      1307046      1137.78
   135.00000     0.999219      1307230      1280.00
   148.00000     0.999316      1307298      1462.86
   185.00000     0.999414      1307457      1706.67
   234.00000     0.999512      1307560      2048.00
   271.00000     0.999561      1307616      2275.56
   333.00000     0.999609      1307694      2560.00
   370.00000     0.999658      1307738      2925.71
   456.00000     0.999707      1307806      3413.33
   530.00000     0.999756      1307873      4096.00
   567.00000     0.999780      1307906      4551.11
   604.00000     0.999805      1307935      5120.00
   641.00000     0.999829      1307967      5851.43
   678.00000     0.999854      1307993      6826.67
   740.00000     0.999878      1308024      8192.00
   777.00000     0.999890      1308050      9102.22
   801.00000     0.999902      1308057     10240.00
   863.00000     0.999915      1308074     11702.86
   900.00000     0.999927      1308088     13653.33
   999.00000     0.999939      1308104     16384.00
  1036.00000     0.999945      1308112     18204.44
  1159.00000     0.999951      1308120     20480.00
  1381.00000     0.999957      1308128     23405.71
  1652.00000     0.999963      1308136     27306.67
  5155.00000     0.999969      1308145     32768.00
  5180.00000     0.999973      1308148     36408.89
  5254.00000     0.999976      1308152     40960.00
  5340.00000     0.999979      1308156     46811.43
  5377.00000     0.999982      1308160     54613.33
  5525.00000     0.999985      1308165     65536.00
  5599.00000     0.999986      1308166     72817.78
  5735.00000     0.999988      1308169     81920.00
  5784.00000     0.999989      1308170     93622.86
  5957.00000     0.999991      1308172    109226.67
  6364.00000     0.999992      1308174    131072.00
  6401.00000     0.999993      1308175    145635.56
  6524.00000     0.999994      1308177    163840.00
  6524.00000     0.999995      1308177    187245.71
  6586.00000     0.999995      1308178    218453.33
  6635.00000     0.999996      1308179    262144.00
  6635.00000     0.999997      1308179    291271.11
  6820.00000     0.999997      1308180    327680.00
  6820.00000     0.999997      1308180    374491.43
  7128.00000     0.999998      1308181    436906.67
  7128.00000     0.999998      1308181    524288.00
  7128.00000     0.999998      1308181    582542.22
  8164.00000     0.999998      1308182    655360.00
  8164.00000     0.999999      1308182    748982.86
  8164.00000     0.999999      1308182    873813.33
  8164.00000     0.999999      1308182   1048576.00
  8164.00000     0.999999      1308182   1165084.44
  9842.00000     0.999999      1308183   1310720.00
  9842.00000     1.000000      1308183          inf
#[Mean    =       11.424, StdDeviation   =       37.122]
#[Max     =     9842.000, Total count    =      1308183]
#[Buckets =           13, SubBuckets     =       262144]
       Value   Percentile   TotalCount 1/(1-Percentile)

   629.00000     0.000000            8         1.00
   900.00000     0.100000       204434         1.11
   912.00000     0.200000       456980         1.25
   912.00000     0.300000       456980         1.43
   925.00000     0.400000       771286         1.67
   925.00000     0.500000       771286         2.00
   925.00000     0.550000       771286         2.22
   937.00000     0.600000       948602         2.50
   937.00000     0.650000       948602         2.86
   937.00000     0.700000       948602         3.33
   949.00000     0.750000      1014666         4.00
   949.00000     0.775000      1014666         4.44
   962.00000     0.800000      1056653         5.00
   974.00000     0.825000      1096211         5.71
   986.00000     0.850000      1123770         6.67
  1011.00000     0.875000      1146858         8.00
  1073.00000     0.887500      1162200         8.89
  1147.00000     0.900000      1179664        10.00
  1196.00000     0.912500      1197615        11.43
  1245.00000     0.925000      1211008        13.33
  1332.00000     0.937500      1228937        16.00
  1368.00000     0.943750      1234602        17.78
  1406.00000     0.950000      1244528        20.00
  1443.00000     0.956250      1251037        22.86
  1504.00000     0.962500      1259197        26.67
  1628.00000     0.968750      1267357        32.00
  1800.00000     0.971875      1271499        35.56
  2380.00000     0.975000      1275513        40.00
  4760.00000     0.978125      1279570        45.71
  5796.00000     0.981250      1283772        53.33
  5883.00000     0.984375      1288052        64.00
  5920.00000     0.985938      1290493        71.11
  5944.00000     0.987500      1292176        80.00
  5969.00000     0.989062      1293919        91.43
  6006.00000     0.990625      1296287       106.67
  6043.00000     0.992188      1298359       128.00
  6055.00000     0.992969      1298990       142.22
  6080.00000     0.993750      1300053       160.00
  6117.00000     0.994531      1301360       182.86
  6154.00000     0.995313      1302290       213.33
  6203.00000     0.996094      1303121       256.00
  6253.00000     0.996484      1303685       284.44
  6302.00000     0.996875      1304101       320.00
  6401.00000     0.997266      1304650       365.71
  6586.00000     0.997656      1305120       426.67
  7104.00000     0.998047      1305632       512.00
  7338.00000     0.998242      1305886       568.89
  7523.00000     0.998437      1306162       640.00
  7671.00000     0.998633      1306398       731.43
  7819.00000     0.998828      1306663       853.33
  7992.00000     0.999023      1306907      1024.00
  8127.00000     0.999121      1307036      1137.78
  8288.00000     0.999219      1307162      1280.00
  8522.00000     0.999316      1307291      1462.86
  8781.00000     0.999414      1307417      1706.67
  9126.00000     0.999512      1307547      2048.00
  9422.00000     0.999561      1307611      2275.56
  9780.00000     0.999609      1307675      2560.00
 10581.00000     0.999658      1307736      2925.71
 11507.00000     0.999707      1307800      3413.33
 12703.00000     0.999756      1307864      4096.00
 13690.00000     0.999780      1307896      4551.11
 14553.00000     0.999805      1307928      5120.00
 15737.00000     0.999829      1307961      5851.43
 17525.00000     0.999854      1307992      6826.67
 20954.00000     0.999878      1308024      8192.00
 22483.00000     0.999890      1308040      9102.22
 23704.00000     0.999902      1308056     10240.00
 25764.00000     0.999915      1308072     11702.86
 27491.00000     0.999927      1308088     13653.33
 28638.00000     0.999939      1308104     16384.00
 29291.00000     0.999945      1308113     18204.44
 29723.00000     0.999951      1308121     20480.00
 30019.00000     0.999957      1308128     23405.71
 30327.00000     0.999963      1308137     27306.67
 31203.00000     0.999969      1308145     32768.00
 31598.00000     0.999973      1308148     36408.89
 32190.00000     0.999976      1308152     40960.00
 34360.00000     0.999979      1308156     46811.43
 35988.00000     0.999982      1308160     54613.33
 39960.00000     0.999985      1308164     65536.00
 40749.00000     0.999986      1308166     72817.78
 42735.00000     0.999988      1308168     81920.00
 46237.00000     0.999989      1308170     93622.86
 49715.00000     0.999991      1308172    109226.67
 54501.00000     0.999992      1308174    131072.00
 55450.00000     0.999993      1308175    145635.56
 63393.00000     0.999994      1308176    163840.00
 64059.00000     0.999995      1308177    187245.71
 67142.00000     0.999995      1308178    218453.33
 73457.00000     0.999996      1308179    262144.00
 73457.00000     0.999997      1308179    291271.11
 76984.00000     0.999997      1308180    327680.00
 76984.00000     0.999997      1308180    374491.43
 79081.00000     0.999998      1308181    436906.67
 79081.00000     0.999998      1308181    524288.00
 79081.00000     0.999998      1308181    582542.22
 84643.00000     0.999998      1308182    655360.00
 84643.00000     0.999999      1308182    748982.86
 84643.00000     0.999999      1308182    873813.33
 84643.00000     0.999999      1308182   1048576.00
 84643.00000     0.999999      1308182   1165084.44
 92241.00000     0.999999      1308183   1310720.00
 92241.00000     1.000000      1308183          inf
#[Mean    =     1087.647, StdDeviation   =      875.866]
#[Max     =    92241.000, Total count    =      1308183]
#[Buckets =           13, SubBuckets     =       262144]

=== EXCHANGE STDERR ===
matching tid: 47823
