=== CLIENT STDERR ===
=== Exchange load generator ===
  clients  : 10
  seed     : 1745774033
  target   : 127.0.0.1:4000
  thread id: 48960
Ctrl-C to stop.


=== Stats ===
  elapsed         : 14.999 s
  requests sent   : 2421732
  ACK responses   : 2421722
  MATCH responses : 1386636
  ERR responses   : 0
  orders in flight: -10
  --- throughput ---
  requests/s      : 161462
  ACK/s           : 161461
  MATCH/s         : 92450
  ERR/s           : 0
  total resp/s    : 161461

=== EXCHANGE STDOUT ===
exchange tid: 48954
inbound thread: 48961
outbound thread: 48962
       Value   Percentile   TotalCount 1/(1-Percentile)

  2084.00000     0.000000            1         1.00
  2380.00000     0.100000       198372         1.11
  2442.00000     0.200000       401970         1.25
  2491.00000     0.300000       579795         1.43
  2553.00000     0.400000       772446         1.67
  2627.00000     0.500000       940606         2.00
  2676.00000     0.550000      1027672         2.22
  2738.00000     0.600000      1115236         2.50
  2824.00000     0.650000      1216848         2.86
  2910.00000     0.700000      1309565         3.33
  2997.00000     0.750000      1396360         4.00
  3046.00000     0.775000      1442252         4.44
  3108.00000     0.800000      1493362         5.00
  3169.00000     0.825000      1537275         5.71
  3243.00000     0.850000      1582273         6.67
  3342.00000     0.875000      1629570         8.00
  3391.00000     0.887500      1648850         8.89
  3465.00000     0.900000      1673107        10.00
  3552.00000     0.912500      1695579        11.43
  3675.00000     0.925000      1719201        13.33
  3860.00000     0.937500      1742037        16.00
  4008.00000     0.943750      1753649        17.78
  4230.00000     0.950000      1765306        20.00
  4699.00000     0.956250      1776525        22.86
  5932.00000     0.962500      1788154        26.67
  7387.00000     0.968750      1799975        32.00
  7498.00000     0.971875      1805817        35.56
  7597.00000     0.975000      1811947        40.00
  7696.00000     0.978125      1817381        45.71
  7831.00000     0.981250      1822924        53.33
  8066.00000     0.984375      1828757        64.00
  8251.00000     0.985938      1831634        71.11
  8522.00000     0.987500      1834546        80.00
  8941.00000     0.989062      1837502        91.43
  9373.00000     0.990625      1840412       106.67
  9780.00000     0.992188      1843247       128.00
 10064.00000     0.992969      1844735       142.22
 10384.00000     0.993750      1846165       160.00
 10841.00000     0.994531      1847625       182.86
 11470.00000     0.995313      1849072       213.33
 12234.00000     0.996094      1850511       256.00
 12777.00000     0.996484      1851225       284.44
 13443.00000     0.996875      1851953       320.00
 14183.00000     0.997266      1852674       365.71
 15157.00000     0.997656      1853401       426.67
 16415.00000     0.998047      1854126       512.00
 17402.00000     0.998242      1854491       568.89
 18771.00000     0.998437      1854856       640.00
 20535.00000     0.998633      1855214       731.43
 23248.00000     0.998828      1855576       853.33
 27454.00000     0.999023      1855940      1024.00
 30611.00000     0.999121      1856121      1137.78
 35902.00000     0.999219      1856302      1280.00
 42537.00000     0.999316      1856484      1462.86
 51442.00000     0.999414      1856666      1706.67
 64848.00000     0.999512      1856846      2048.00
 74308.00000     0.999561      1856937      2275.56
 85852.00000     0.999609      1857028      2560.00
100985.00000     0.999658      1857119      2925.71
121175.00000     0.999707      1857209      3413.33
144411.00000     0.999756      1857300      4096.00
155745.00000     0.999780      1857345      4551.11
171359.00000     0.999805      1857391      5120.00
187972.00000     0.999829      1857436      5851.43
209703.00000     0.999854      1857481      6826.67
236812.00000     0.999878      1857527      8192.00
248504.00000     0.999890      1857549      9102.22
267843.00000     0.999902      1857572     10240.00
292473.00000     0.999915      1857595     11702.86
320655.00000     0.999927      1857617     13653.33
367595.00000     0.999939      1857640     16384.00
395111.00000     0.999945      1857651     18204.44
449797.00000     0.999951      1857663     20480.00
526819.00000     0.999957      1857674     23405.71
3910127.00000     0.999963      1857685     27306.67
4058703.00000     0.999969      1857697     32768.00
4120463.00000     0.999973      1857702     36408.89
4162351.00000     0.999976      1857708     40960.00
4229855.00000     0.999979      1857714     46811.43
4851903.00000     0.999982      1857719     54613.33
4903039.00000     0.999985      1857725     65536.00
4935039.00000     0.999986      1857728     72817.78
4982431.00000     0.999988      1857731     81920.00
5047231.00000     0.999989      1857734     93622.86
5576895.00000     0.999991      1857737    109226.67
6751295.00000     0.999992      1857739    131072.00
6778463.00000     0.999993      1857741    145635.56
6794911.00000     0.999994      1857742    163840.00
6809727.00000     0.999995      1857744    187245.71
6810079.00000     0.999995      1857745    218453.33
6820383.00000     0.999996      1857746    262144.00
6836319.00000     0.999997      1857747    291271.11
6870239.00000     0.999997      1857748    327680.00
6884703.00000     0.999997      1857749    374491.43
6884703.00000     0.999998      1857749    436906.67
6900063.00000     0.999998      1857750    524288.00
6900063.00000     0.999998      1857750    582542.22
6914367.00000     0.999998      1857751    655360.00
6914367.00000     0.999999      1857751    748982.86
6914367.00000     0.999999      1857751    873813.33
7926847.00000     0.999999      1857753   1048576.00
7926847.00000     1.000000      1857753          inf
#[Mean    =     3263.779, StdDeviation   =    32180.252]
#[Max     =  7926847.000, Total count    =      1857753]
#[Buckets =           13, SubBuckets     =       262144]
       Value   Percentile   TotalCount 1/(1-Percentile)

   974.00000     0.000000            4         1.00
  1036.00000     0.100000       424971         1.11
  1036.00000     0.200000       424971         1.25
  1048.00000     0.300000       989390         1.43
  1048.00000     0.400000       989390         1.67
  1048.00000     0.500000       989390         2.00
  1060.00000     0.550000      1289770         2.22
  1060.00000     0.600000      1289770         2.50
  1060.00000     0.650000      1289770         2.86
  1073.00000     0.700000      1375152         3.33
  1085.00000     0.750000      1393772         4.00
  1184.00000     0.775000      1442663         4.44
  1258.00000     0.800000      1490981         5.00
  1295.00000     0.825000      1549924         5.71
  1319.00000     0.850000      1592997         6.67
  1344.00000     0.875000      1632264         8.00
  1356.00000     0.887500      1648810         8.89
  1381.00000     0.900000      1675679        10.00
  1406.00000     0.912500      1696301        11.43
  1443.00000     0.925000      1722588        13.33
  1480.00000     0.937500      1746427        16.00
  1492.00000     0.943750      1753921        17.78
  1517.00000     0.950000      1768800        20.00
  1541.00000     0.956250      1782908        22.86
  1554.00000     0.962500      1789386        26.67
  1578.00000     0.968750      1801120        32.00
  1591.00000     0.971875      1806327        35.56
  1615.00000     0.975000      1815008        40.00
  1628.00000     0.978125      1818582        45.71
  1652.00000     0.981250      1824645        53.33
  1677.00000     0.984375      1829547        64.00
  1702.00000     0.985938      1833364        71.11
  1714.00000     0.987500      1834950        80.00
  1739.00000     0.989062      1837718        91.43
  1776.00000     0.990625      1840815       106.67
  1825.00000     0.992188      1843490       128.00
  1874.00000     0.992969      1844904       142.22
  1961.00000     0.993750      1846203       160.00
  2133.00000     0.994531      1847669       182.86
  2331.00000     0.995313      1849117       213.33
  2590.00000     0.996094      1850524       256.00
  2812.00000     0.996484      1851244       284.44
  3145.00000     0.996875      1851962       320.00
  3835.00000     0.997266      1852675       365.71
  5710.00000     0.997656      1853405       426.67
  6105.00000     0.998047      1854136       512.00
  6302.00000     0.998242      1854503       568.89
  6487.00000     0.998437      1854854       640.00
  6697.00000     0.998633      1855231       731.43
  6919.00000     0.998828      1855592       853.33
  7227.00000     0.999023      1855939      1024.00
  7412.00000     0.999121      1856128      1137.78
  7634.00000     0.999219      1856307      1280.00
  7868.00000     0.999316      1856484      1462.86
  8226.00000     0.999414      1856667      1706.67
  8670.00000     0.999512      1856847      2048.00
  8892.00000     0.999561      1856939      2275.56
  9237.00000     0.999609      1857032      2560.00
  9583.00000     0.999658      1857123      2925.71
  9916.00000     0.999707      1857209      3413.33
 10582.00000     0.999756      1857300      4096.00
 10890.00000     0.999780      1857346      4551.11
 11494.00000     0.999805      1857391      5120.00
 12037.00000     0.999829      1857436      5851.43
 12641.00000     0.999854      1857481      6826.67
 13381.00000     0.999878      1857527      8192.00
 13554.00000     0.999890      1857549      9102.22
 13751.00000     0.999902      1857574     10240.00
 14121.00000     0.999915      1857595     11702.86
 15071.00000     0.999927      1857617     13653.33
 16132.00000     0.999939      1857641     16384.00
 16588.00000     0.999945      1857651     18204.44
 17229.00000     0.999951      1857663     20480.00
 17957.00000     0.999957      1857674     23405.71
 19536.00000     0.999963      1857685     27306.67
 21879.00000     0.999969      1857697     32768.00
 23507.00000     0.999973      1857702     36408.89
 24901.00000     0.999976      1857708     40960.00
 26196.00000     0.999979      1857714     46811.43
 27145.00000     0.999982      1857719     54613.33
 29822.00000     0.999985      1857725     65536.00
 32671.00000     0.999986      1857728     72817.78
 33435.00000     0.999988      1857731     81920.00
 38406.00000     0.999989      1857734     93622.86
 41588.00000     0.999991      1857736    109226.67
 44474.00000     0.999992      1857739    131072.00
 47372.00000     0.999993      1857741    145635.56
 53674.00000     0.999994      1857742    163840.00
 71397.00000     0.999995      1857744    187245.71
111394.00000     0.999995      1857745    218453.33
112652.00000     0.999996      1857746    262144.00
292695.00000     0.999997      1857747    291271.11
2077415.00000     0.999997      1857748    327680.00
5553791.00000     0.999997      1857749    374491.43
5553791.00000     0.999998      1857749    436906.67
5554751.00000     0.999998      1857750    524288.00
5554751.00000     0.999998      1857750    582542.22
5554815.00000     0.999998      1857751    655360.00
5554815.00000     0.999999      1857751    748982.86
5554815.00000     0.999999      1857751    873813.33
7789215.00000     0.999999      1857752   1048576.00
7789215.00000     0.999999      1857752   1165084.44
7789215.00000     0.999999      1857752   1310720.00
7789215.00000     0.999999      1857752   1497965.71
7789215.00000     0.999999      1857752   1747626.67
7789791.00000     1.000000      1857753   2097152.00
7789791.00000     1.000000      1857753          inf
#[Mean    =     1168.268, StdDeviation   =    10847.038]
#[Max     =  7789791.000, Total count    =      1857753]
#[Buckets =           13, SubBuckets     =       262144]
       Value   Percentile   TotalCount 1/(1-Percentile)

     0.00000     0.000000        96553         1.00
    12.00000     0.100000      1335251         1.11
    12.00000     0.200000      1335251         1.25
    12.00000     0.300000      1335251         1.43
    12.00000     0.400000      1335251         1.67
    12.00000     0.500000      1335251         2.00
    12.00000     0.550000      1335251         2.22
    12.00000     0.600000      1335251         2.50
    12.00000     0.650000      1335251         2.86
    12.00000     0.700000      1335251         3.33
    24.00000     0.750000      1831612         4.00
    24.00000     0.775000      1831612         4.44
    24.00000     0.800000      1831612         5.00
    24.00000     0.825000      1831612         5.71
    24.00000     0.850000      1831612         6.67
    24.00000     0.875000      1831612         8.00
    24.00000     0.887500      1831612         8.89
    24.00000     0.900000      1831612        10.00
    24.00000     0.912500      1831612        11.43
    24.00000     0.925000      1831612        13.33
    24.00000     0.937500      1831612        16.00
    24.00000     0.943750      1831612        17.78
    24.00000     0.950000      1831612        20.00
    24.00000     0.956250      1831612        22.86
    24.00000     0.962500      1831612        26.67
    24.00000     0.968750      1831612        32.00
    24.00000     0.971875      1831612        35.56
    24.00000     0.975000      1831612        40.00
    24.00000     0.978125      1831612        45.71
    24.00000     0.981250      1831612        53.33
    24.00000     0.984375      1831612        64.00
    37.00000     0.985938      1849604        71.11
    37.00000     0.987500      1849604        80.00
    37.00000     0.989062      1849604        91.43
    37.00000     0.990625      1849604       106.67
    37.00000     0.992188      1849604       128.00
    37.00000     0.992969      1849604       142.22
    37.00000     0.993750      1849604       160.00
    37.00000     0.994531      1849604       182.86
    37.00000     0.995313      1849604       213.33
    49.00000     0.996094      1855680       256.00
    49.00000     0.996484      1855680       284.44
    49.00000     0.996875      1855680       320.00
    49.00000     0.997266      1855680       365.71
    49.00000     0.997656      1855680       426.67
    49.00000     0.998047      1855680       512.00
    49.00000     0.998242      1855680       568.89
    49.00000     0.998437      1855680       640.00
    49.00000     0.998633      1855680       731.43
    49.00000     0.998828      1855680       853.33
    61.00000     0.999023      1857206      1024.00
    61.00000     0.999121      1857206      1137.78
    61.00000     0.999219      1857206      1280.00
    61.00000     0.999316      1857206      1462.86
    61.00000     0.999414      1857206      1706.67
    61.00000     0.999512      1857206      2048.00
    61.00000     0.999561      1857206      2275.56
    61.00000     0.999609      1857206      2560.00
    61.00000     0.999658      1857206      2925.71
    74.00000     0.999707      1857438      3413.33
    74.00000     0.999756      1857438      4096.00
    74.00000     0.999780      1857438      4551.11
    74.00000     0.999805      1857438      5120.00
    74.00000     0.999829      1857438      5851.43
    86.00000     0.999854      1857513      6826.67
    98.00000     0.999878      1857543      8192.00
   111.00000     0.999890      1857570      9102.22
   123.00000     0.999902      1857583     10240.00
   135.00000     0.999915      1857605     11702.86
   148.00000     0.999927      1857640     13653.33
   148.00000     0.999939      1857640     16384.00
   160.00000     0.999945      1857657     18204.44
   172.00000     0.999951      1857666     20480.00
   197.00000     0.999957      1857676     23405.71
   222.00000     0.999963      1857687     27306.67
   259.00000     0.999969      1857700     32768.00
   271.00000     0.999973      1857703     36408.89
   308.00000     0.999976      1857708     40960.00
   333.00000     0.999979      1857715     46811.43
   370.00000     0.999982      1857720     54613.33
   419.00000     0.999985      1857725     65536.00
   468.00000     0.999986      1857728     72817.78
   542.00000     0.999988      1857731     81920.00
   592.00000     0.999989      1857734     93622.86
   653.00000     0.999991      1857736    109226.67
   912.00000     0.999992      1857739    131072.00
  1060.00000     0.999993      1857741    145635.56
  1122.00000     0.999994      1857742    163840.00
  2910.00000     0.999995      1857744    187245.71
  3934.00000     0.999995      1857745    218453.33
  3983.00000     0.999996      1857746    262144.00
  4181.00000     0.999997      1857747    291271.11
  5056.00000     0.999997      1857748    327680.00
  5241.00000     0.999997      1857749    374491.43
  5241.00000     0.999998      1857749    436906.67
  5907.00000     0.999998      1857750    524288.00
  5907.00000     0.999998      1857750    582542.22
  6746.00000     0.999998      1857751    655360.00
  6746.00000     0.999999      1857751    748982.86
  6746.00000     0.999999      1857751    873813.33
  6820.00000     0.999999      1857752   1048576.00
  6820.00000     0.999999      1857752   1165084.44
  6820.00000     0.999999      1857752   1310720.00
  6820.00000     0.999999      1857752   1497965.71
  6820.00000     0.999999      1857752   1747626.67
  7449.00000     1.000000      1857753   2097152.00
  7449.00000     1.000000      1857753          inf
#[Mean    =       15.050, StdDeviation   =       14.698]
#[Max     =     7449.000, Total count    =      1857753]
#[Buckets =           13, SubBuckets     =       262144]
       Value   Percentile   TotalCount 1/(1-Percentile)

    61.00000     0.000000            3         1.00
    98.00000     0.100000       462941         1.11
    98.00000     0.200000       462941         1.25
   111.00000     0.300000      1280014         1.43
   111.00000     0.400000      1280014         1.67
   111.00000     0.500000      1280014         2.00
   111.00000     0.550000      1280014         2.22
   111.00000     0.600000      1280014         2.50
   111.00000     0.650000      1280014         2.86
   123.00000     0.700000      1552545         3.33
   123.00000     0.750000      1552545         4.00
   123.00000     0.775000      1552545         4.44
   123.00000     0.800000      1552545         5.00
   123.00000     0.825000      1552545         5.71
   135.00000     0.850000      1785648         6.67
   135.00000     0.875000      1785648         8.00
   135.00000     0.887500      1785648         8.89
   135.00000     0.900000      1785648        10.00
   135.00000     0.912500      1785648        11.43
   135.00000     0.925000      1785648        13.33
   135.00000     0.937500      1785648        16.00
   135.00000     0.943750      1785648        17.78
   135.00000     0.950000      1785648        20.00
   135.00000     0.956250      1785648        22.86
   147.00000     0.962500      1788700        26.67
   148.00000     0.968750      1825882        32.00
   148.00000     0.971875      1825882        35.56
   148.00000     0.975000      1825882        40.00
   148.00000     0.978125      1825882        45.71
   148.00000     0.981250      1825882        53.33
   160.00000     0.984375      1833117        64.00
   160.00000     0.985938      1833117        71.11
   172.00000     0.987500      1836192        80.00
   185.00000     0.989062      1838086        91.43
   209.00000     0.990625      1840595       106.67
   271.00000     0.992188      1843466       128.00
   333.00000     0.992969      1844748       142.22
   419.00000     0.993750      1846158       160.00
   530.00000     0.994531      1847622       182.86
   666.00000     0.995313      1849087       213.33
   838.00000     0.996094      1850513       256.00
   962.00000     0.996484      1851244       284.44
  1110.00000     0.996875      1851991       320.00
  1282.00000     0.997266      1852701       365.71
  1541.00000     0.997656      1853405       426.67
  1936.00000     0.998047      1854132       512.00
  2195.00000     0.998242      1854492       568.89
  2553.00000     0.998437      1854854       640.00
  2935.00000     0.998633      1855220       731.43
  3552.00000     0.998828      1855578       853.33
  4304.00000     0.999023      1855946      1024.00
  4773.00000     0.999121      1856124      1137.78
  5352.00000     0.999219      1856305      1280.00
  5981.00000     0.999316      1856484      1462.86
  6783.00000     0.999414      1856665      1706.67
  8127.00000     0.999512      1856847      2048.00
  8917.00000     0.999561      1856937      2275.56
  9829.00000     0.999609      1857031      2560.00
 11112.00000     0.999658      1857119      2925.71
 13184.00000     0.999707      1857211      3413.33
 16107.00000     0.999756      1857300      4096.00
 17686.00000     0.999780      1857345      4551.11
 20522.00000     0.999805      1857391      5120.00
 23951.00000     0.999829      1857436      5851.43
 28588.00000     0.999854      1857482      6826.67
 38307.00000     0.999878      1857527      8192.00
 43191.00000     0.999890      1857549      9102.22
 51368.00000     0.999902      1857573     10240.00
 59520.00000     0.999915      1857595     11702.86
 71225.00000     0.999927      1857617     13653.33
 88689.00000     0.999939      1857640     16384.00
 96656.00000     0.999945      1857651     18204.44
107781.00000     0.999951      1857663     20480.00
120336.00000     0.999957      1857674     23405.71
135716.00000     0.999963      1857685     27306.67
171889.00000     0.999969      1857697     32768.00
180498.00000     0.999973      1857702     36408.89
194213.00000     0.999976      1857708     40960.00
207064.00000     0.999979      1857714     46811.43
219052.00000     0.999982      1857719     54613.33
246790.00000     0.999985      1857725     65536.00
256274.00000     0.999986      1857728     72817.78
284567.00000     0.999988      1857731     81920.00
311527.00000     0.999989      1857734     93622.86
4071679.00000     0.999991      1857736    109226.67
4089919.00000     0.999992      1857739    131072.00
4099343.00000     0.999993      1857741    145635.56
4105407.00000     0.999994      1857742    163840.00
4127759.00000     0.999995      1857744    187245.71
4137311.00000     0.999995      1857745    218453.33
4147007.00000     0.999996      1857746    262144.00
4155487.00000     0.999997      1857747    291271.11
4165183.00000     0.999997      1857748    327680.00
4174831.00000     0.999997      1857749    374491.43
4174831.00000     0.999998      1857749    436906.67
4184175.00000     0.999998      1857750    524288.00
4184175.00000     0.999998      1857750    582542.22
4192831.00000     0.999998      1857751    655360.00
4192831.00000     0.999999      1857751    748982.86
4192831.00000     0.999999      1857751    873813.33
4200991.00000     0.999999      1857752   1048576.00
4200991.00000     0.999999      1857752   1165084.44
4200991.00000     0.999999      1857752   1310720.00
4200991.00000     0.999999      1857752   1497965.71
4200991.00000     0.999999      1857752   1747626.67
4211231.00000     1.000000      1857753   2097152.00
4211231.00000     1.000000      1857753          inf
#[Mean    =      182.520, StdDeviation   =    13280.734]
#[Max     =  4211231.000, Total count    =      1857753]
#[Buckets =           13, SubBuckets     =       262144]
       Value   Percentile   TotalCount 1/(1-Percentile)

     0.00000     0.000000        11776         1.00
    37.00000     0.100000       361964         1.11
    49.00000     0.200000       684949         1.25
    49.00000     0.300000       684949         1.43
    61.00000     0.400000       762803         1.67
   111.00000     0.500000       929542         2.00
   135.00000     0.550000      1024702         2.22
   160.00000     0.600000      1127293         2.50
   185.00000     0.650000      1219236         2.86
   222.00000     0.700000      1335650         3.33
   246.00000     0.750000      1405890         4.00
   271.00000     0.775000      1466797         4.44
   283.00000     0.800000      1492953         5.00
   308.00000     0.825000      1537901         5.71
   345.00000     0.850000      1593242         6.67
   382.00000     0.875000      1638514         8.00
   394.00000     0.887500      1651950         8.89
   419.00000     0.900000      1676453        10.00
   444.00000     0.912500      1697964        11.43
   481.00000     0.925000      1724986        13.33
   518.00000     0.937500      1746487        16.00
   542.00000     0.943750      1758380        17.78
   567.00000     0.950000      1768561        20.00
   592.00000     0.956250      1777683        22.86
   629.00000     0.962500      1788728        26.67
   678.00000     0.968750      1800096        32.00
   715.00000     0.971875      1806978        35.56
   752.00000     0.975000      1812685        40.00
   789.00000     0.978125      1817305        45.71
   851.00000     0.981250      1823210        53.33
   937.00000     0.984375      1828954        64.00
   999.00000     0.985938      1831781        71.11
  1085.00000     0.987500      1834538        80.00
  1233.00000     0.989062      1837444        91.43
  1517.00000     0.990625      1840338       106.67
  1924.00000     0.992188      1843271       128.00
  2195.00000     0.992969      1844724       142.22
  2947.00000     0.993750      1846151       160.00
  4884.00000     0.994531      1847624       182.86
  5192.00000     0.995313      1849071       213.33
  5587.00000     0.996094      1850531       256.00
  5858.00000     0.996484      1851225       284.44
  6216.00000     0.996875      1851948       320.00
  6709.00000     0.997266      1852678       365.71
  7313.00000     0.997656      1853406       426.67
  8016.00000     0.998047      1854136       512.00
  8386.00000     0.998242      1854491       568.89
  8744.00000     0.998437      1854852       640.00
  9102.00000     0.998633      1855215       731.43
  9546.00000     0.998828      1855584       853.33
 10064.00000     0.999023      1855950      1024.00
 10335.00000     0.999121      1856124      1137.78
 10643.00000     0.999219      1856302      1280.00
 11013.00000     0.999316      1856484      1462.86
 11433.00000     0.999414      1856665      1706.67
 11926.00000     0.999512      1856848      2048.00
 12185.00000     0.999561      1856937      2275.56
 12493.00000     0.999609      1857031      2560.00
 12863.00000     0.999658      1857119      2925.71
 13283.00000     0.999707      1857209      3413.33
 13875.00000     0.999756      1857300      4096.00
 14306.00000     0.999780      1857346      4551.11
 14787.00000     0.999805      1857391      5120.00
 15379.00000     0.999829      1857437      5851.43
 16280.00000     0.999854      1857482      6826.67
 17205.00000     0.999878      1857527      8192.00
 17797.00000     0.999890      1857549      9102.22
 18697.00000     0.999902      1857572     10240.00
 19634.00000     0.999915      1857595     11702.86
 20966.00000     0.999927      1857617     13653.33
 22212.00000     0.999939      1857640     16384.00
 23556.00000     0.999945      1857651     18204.44
 24494.00000     0.999951      1857663     20480.00
 25690.00000     0.999957      1857674     23405.71
 28342.00000     0.999963      1857685     27306.67
 31018.00000     0.999969      1857697     32768.00
 33324.00000     0.999973      1857702     36408.89
 36383.00000     0.999976      1857708     40960.00
 37283.00000     0.999979      1857714     46811.43
 39429.00000     0.999982      1857719     54613.33
 44942.00000     0.999985      1857725     65536.00
 48322.00000     0.999986      1857728     72817.78
 52651.00000     0.999988      1857731     81920.00
 55783.00000     0.999989      1857734     93622.86
 60877.00000     0.999991      1857736    109226.67
 66908.00000     0.999992      1857739    131072.00
 74838.00000     0.999993      1857741    145635.56
 81178.00000     0.999994      1857742    163840.00
 97889.00000     0.999995      1857744    187245.71
107879.00000     0.999995      1857745    218453.33
108484.00000     0.999996      1857746    262144.00
133212.00000     0.999997      1857747    291271.11
136369.00000     0.999997      1857748    327680.00
138491.00000     0.999997      1857749    374491.43
138491.00000     0.999998      1857749    436906.67
148061.00000     0.999998      1857750    524288.00
148061.00000     0.999998      1857750    582542.22
175540.00000     0.999998      1857751    655360.00
175540.00000     0.999999      1857751    748982.86
175540.00000     0.999999      1857751    873813.33
253080.00000     0.999999      1857752   1048576.00
253080.00000     0.999999      1857752   1165084.44
253080.00000     0.999999      1857752   1310720.00
253080.00000     0.999999      1857752   1497965.71
253080.00000     0.999999      1857752   1747626.67
272259.00000     1.000000      1857753   2097152.00
272259.00000     1.000000      1857753          inf
#[Mean    =      225.833, StdDeviation   =      788.600]
#[Max     =   272259.000, Total count    =      1857753]
#[Buckets =           13, SubBuckets     =       262144]
       Value   Percentile   TotalCount 1/(1-Percentile)

    86.00000     0.000000           10         1.00
   185.00000     0.100000       261571         1.11
   209.00000     0.200000       437877         1.25
   234.00000     0.300000       624029         1.43
   259.00000     0.400000       816787         1.67
   283.00000     0.500000      1010417         2.00
   296.00000     0.550000      1108071         2.22
   308.00000     0.600000      1205773         2.50
   320.00000     0.650000      1302183         2.86
   320.00000     0.700000      1302183         3.33
   333.00000     0.750000      1394904         4.00
   345.00000     0.775000      1478313         4.44
   357.00000     0.800000      1547232         5.00
   357.00000     0.825000      1547232         5.71
   370.00000     0.850000      1597311         6.67
   382.00000     0.875000      1647615         8.00
   394.00000     0.887500      1683822         8.89
   394.00000     0.900000      1683822        10.00
   407.00000     0.912500      1708100        11.43
   419.00000     0.925000      1728701        13.33
   431.00000     0.937500      1746598        16.00
   444.00000     0.943750      1761829        17.78
   456.00000     0.950000      1774268        20.00
   468.00000     0.956250      1783778        22.86
   481.00000     0.962500      1791083        26.67
   505.00000     0.968750      1800722        32.00
   530.00000     0.971875      1806052        35.56
   579.00000     0.975000      1811588        40.00
   703.00000     0.978125      1817479        45.71
   900.00000     0.981250      1822964        53.33
  1085.00000     0.984375      1828790        64.00
  1245.00000     0.985938      1831789        71.11
  1381.00000     0.987500      1834780        80.00
  1529.00000     0.989062      1837453        91.43
  1739.00000     0.990625      1840367       106.67
  2072.00000     0.992188      1843291       128.00
  2257.00000     0.992969      1844720       142.22
  2491.00000     0.993750      1846165       160.00
  2836.00000     0.994531      1847612       182.86
  3305.00000     0.995313      1849068       213.33
  4020.00000     0.996094      1850500       256.00
  4575.00000     0.996484      1851222       284.44
  5204.00000     0.996875      1851965       320.00
  5525.00000     0.997266      1852678       365.71
  5957.00000     0.997656      1853402       426.67
  6746.00000     0.998047      1854127       512.00
  7326.00000     0.998242      1854494       568.89
  8263.00000     0.998437      1854855       640.00
  9373.00000     0.998633      1855215       731.43
 11248.00000     0.998828      1855576       853.33
 14565.00000     0.999023      1855941      1024.00
 16946.00000     0.999121      1856121      1137.78
 20658.00000     0.999219      1856302      1280.00
 25443.00000     0.999316      1856484      1462.86
 32251.00000     0.999414      1856665      1706.67
 40724.00000     0.999512      1856846      2048.00
 46003.00000     0.999561      1856937      2275.56
 53218.00000     0.999609      1857028      2560.00
 62283.00000     0.999658      1857119      2925.71
 74086.00000     0.999707      1857209      3413.33
 96520.00000     0.999756      1857300      4096.00
107805.00000     0.999780      1857345      4551.11
124036.00000     0.999805      1857391      5120.00
140057.00000     0.999829      1857436      5851.43
159050.00000     0.999854      1857481      6826.67
181386.00000     0.999878      1857527      8192.00
192498.00000     0.999890      1857549      9102.22
208544.00000     0.999902      1857572     10240.00
226501.00000     0.999915      1857595     11702.86
250638.00000     0.999927      1857617     13653.33
277167.00000     0.999939      1857640     16384.00
310455.00000     0.999945      1857651     18204.44
341017.00000     0.999951      1857663     20480.00
365289.00000     0.999957      1857674     23405.71
402103.00000     0.999963      1857685     27306.67
469469.00000     0.999969      1857697     32768.00
522761.00000     0.999973      1857702     36408.89
3875583.00000     0.999976      1857708     40960.00
3935535.00000     0.999979      1857714     46811.43
3995039.00000     0.999982      1857719     54613.33
4844799.00000     0.999985      1857725     65536.00
4881055.00000     0.999986      1857728     72817.78
4907647.00000     0.999988      1857731     81920.00
4943775.00000     0.999989      1857734     93622.86
4974751.00000     0.999991      1857736    109226.67
5024991.00000     0.999992      1857739    131072.00
6745247.00000     0.999993      1857741    145635.56
6755903.00000     0.999994      1857742    163840.00
6772639.00000     0.999995      1857744    187245.71
6793695.00000     0.999995      1857745    218453.33
6802495.00000     0.999996      1857746    262144.00
6803231.00000     0.999997      1857747    291271.11
6813759.00000     0.999997      1857748    327680.00
6830527.00000     0.999997      1857749    374491.43
6830527.00000     0.999998      1857749    436906.67
6864735.00000     0.999998      1857750    524288.00
6864735.00000     0.999998      1857750    582542.22
6878719.00000     0.999998      1857751    655360.00
6878719.00000     0.999999      1857751    748982.86
6878719.00000     0.999999      1857751    873813.33
6892607.00000     0.999999      1857752   1048576.00
6892607.00000     0.999999      1857752   1165084.44
6892607.00000     0.999999      1857752   1310720.00
6892607.00000     0.999999      1857752   1497965.71
6892607.00000     0.999999      1857752   1747626.67
6908255.00000     1.000000      1857753   2097152.00
6908255.00000     1.000000      1857753          inf
#[Mean    =      525.897, StdDeviation   =    27019.142]
#[Max     =  6908255.000, Total count    =      1857753]
#[Buckets =           13, SubBuckets     =       262144]
       Value   Percentile   TotalCount 1/(1-Percentile)

     0.00000     0.000000       228015         1.00
     0.00000     0.100000       228015         1.11
    12.00000     0.200000      1764960         1.25
    12.00000     0.300000      1764960         1.43
    12.00000     0.400000      1764960         1.67
    12.00000     0.500000      1764960         2.00
    12.00000     0.550000      1764960         2.22
    12.00000     0.600000      1764960         2.50
    12.00000     0.650000      1764960         2.86
    12.00000     0.700000      1764960         3.33
    12.00000     0.750000      1764960         4.00
    12.00000     0.775000      1764960         4.44
    12.00000     0.800000      1764960         5.00
    12.00000     0.825000      1764960         5.71
    12.00000     0.850000      1764960         6.67
    12.00000     0.875000      1764960         8.00
    12.00000     0.887500      1764960         8.89
    12.00000     0.900000      1764960        10.00
    12.00000     0.912500      1764960        11.43
    12.00000     0.925000      1764960        13.33
    12.00000     0.937500      1764960        16.00
    12.00000     0.943750      1764960        17.78
    12.00000     0.950000      1764960        20.00
    24.00000     0.956250      1838748        22.86
    24.00000     0.962500      1838748        26.67
    24.00000     0.968750      1838748        32.00
    24.00000     0.971875      1838748        35.56
    24.00000     0.975000      1838748        40.00
    24.00000     0.978125      1838748        45.71
    24.00000     0.981250      1838748        53.33
    24.00000     0.984375      1838748        64.00
    24.00000     0.985938      1838748        71.11
    24.00000     0.987500      1838748        80.00
    24.00000     0.989062      1838748        91.43
    37.00000     0.990625      1848231       106.67
    37.00000     0.992188      1848231       128.00
    37.00000     0.992969      1848231       142.22
    37.00000     0.993750      1848231       160.00
    37.00000     0.994531      1848231       182.86
    49.00000     0.995313      1852796       213.33
    49.00000     0.996094      1852796       256.00
    49.00000     0.996484      1852796       284.44
    49.00000     0.996875      1852796       320.00
    49.00000     0.997266      1852796       365.71
    61.00000     0.997656      1854076       426.67
    74.00000     0.998047      1854576       512.00
    74.00000     0.998242      1854576       568.89
    98.00000     0.998437      1855383       640.00
    98.00000     0.998633      1855383       731.43
   111.00000     0.998828      1856298       853.33
   111.00000     0.999023      1856298      1024.00
   111.00000     0.999121      1856298      1137.78
   123.00000     0.999219      1856564      1280.00
   123.00000     0.999316      1856564      1462.86
   135.00000     0.999414      1856689      1706.67
   160.00000     0.999512      1856911      2048.00
   172.00000     0.999561      1857004      2275.56
   185.00000     0.999609      1857055      2560.00
   209.00000     0.999658      1857128      2925.71
   259.00000     0.999707      1857232      3413.33
   320.00000     0.999756      1857318      4096.00
   345.00000     0.999780      1857356      4551.11
   382.00000     0.999805      1857407      5120.00
   431.00000     0.999829      1857446      5851.43
   493.00000     0.999854      1857483      6826.67
   555.00000     0.999878      1857527      8192.00
   604.00000     0.999890      1857551      9102.22
   653.00000     0.999902      1857574     10240.00
   752.00000     0.999915      1857595     11702.86
   900.00000     0.999927      1857617     13653.33
  1517.00000     0.999939      1857640     16384.00
  5056.00000     0.999945      1857652     18204.44
  5143.00000     0.999951      1857663     20480.00
  5217.00000     0.999957      1857675     23405.71
  5291.00000     0.999963      1857688     27306.67
  5365.00000     0.999969      1857697     32768.00
  5389.00000     0.999973      1857702     36408.89
  5451.00000     0.999976      1857708     40960.00
  5488.00000     0.999979      1857714     46811.43
  5883.00000     0.999982      1857719     54613.33
  6339.00000     0.999985      1857725     65536.00
  6450.00000     0.999986      1857728     72817.78
  6697.00000     0.999988      1857731     81920.00
  6832.00000     0.999989      1857734     93622.86
  6882.00000     0.999991      1857736    109226.67
  7005.00000     0.999992      1857739    131072.00
  7165.00000     0.999993      1857741    145635.56
  7301.00000     0.999994      1857742    163840.00
  7375.00000     0.999995      1857744    187245.71
  7387.00000     0.999995      1857745    218453.33
  7424.00000     0.999996      1857746    262144.00
  7498.00000     0.999997      1857747    291271.11
  7511.00000     0.999997      1857748    327680.00
  7942.00000     0.999997      1857749    374491.43
  7942.00000     0.999998      1857749    436906.67
  9398.00000     0.999998      1857750    524288.00
  9398.00000     0.999998      1857750    582542.22
 10582.00000     0.999998      1857751    655360.00
 10582.00000     0.999999      1857751    748982.86
 10582.00000     0.999999      1857751    873813.33
 20461.00000     0.999999      1857752   1048576.00
 20461.00000     0.999999      1857752   1165084.44
 20461.00000     0.999999      1857752   1310720.00
 20461.00000     0.999999      1857752   1497965.71
 20461.00000     0.999999      1857752   1747626.67
204252.00000     1.000000      1857753   2097152.00
204252.00000     1.000000      1857753          inf
#[Mean    =       11.997, StdDeviation   =      157.463]
#[Max     =   204252.000, Total count    =      1857753]
#[Buckets =           13, SubBuckets     =       262144]
       Value   Percentile   TotalCount 1/(1-Percentile)

   629.00000     0.000000            2         1.00
   912.00000     0.100000       311106         1.11
   925.00000     0.200000       690089         1.25
   925.00000     0.300000       690089         1.43
   937.00000     0.400000      1024617         1.67
   937.00000     0.500000      1024617         2.00
   937.00000     0.550000      1024617         2.22
   949.00000     0.600000      1189401         2.50
   962.00000     0.650000      1269861         2.86
   974.00000     0.700000      1331299         3.33
   999.00000     0.750000      1402539         4.00
  1073.00000     0.775000      1444061         4.44
  1134.00000     0.800000      1499773         5.00
  1159.00000     0.825000      1534299         5.71
  1196.00000     0.850000      1581860         6.67
  1245.00000     0.875000      1625786         8.00
  1282.00000     0.887500      1653161         8.89
  1319.00000     0.900000      1680224        10.00
  1344.00000     0.912500      1698516        11.43
  1381.00000     0.925000      1723674        13.33
  1418.00000     0.937500      1745833        16.00
  1443.00000     0.943750      1758402        17.78
  1467.00000     0.950000      1769125        20.00
  1492.00000     0.956250      1777886        22.86
  1541.00000     0.962500      1790510        26.67
  1615.00000     0.968750      1800449        32.00
  1714.00000     0.971875      1805645        35.56
  2294.00000     0.975000      1811347        40.00
  4094.00000     0.978125      1817130        45.71
  5833.00000     0.981250      1823157        53.33
  5932.00000     0.984375      1829245        64.00
  5969.00000     0.985938      1832357        71.11
  6006.00000     0.987500      1835442        80.00
  6043.00000     0.989062      1838397        91.43
  6080.00000     0.990625      1840902       106.67
  6129.00000     0.992188      1843613       128.00
  6166.00000     0.992969      1845093       142.22
  6203.00000     0.993750      1846178       160.00
  6277.00000     0.994531      1847635       182.86
  6425.00000     0.995313      1849089       213.33
  6808.00000     0.996094      1850508       256.00
  7140.00000     0.996484      1851222       284.44
  7326.00000     0.996875      1852016       320.00
  7461.00000     0.997266      1852735       365.71
  7585.00000     0.997656      1853437       426.67
  7708.00000     0.998047      1854152       512.00
  7770.00000     0.998242      1854495       568.89
  7856.00000     0.998437      1854874       640.00
  7942.00000     0.998633      1855262       731.43
  8029.00000     0.998828      1855582       853.33
  8177.00000     0.999023      1855953      1024.00
  8263.00000     0.999121      1856131      1137.78
  8374.00000     0.999219      1856319      1280.00
  8485.00000     0.999316      1856491      1462.86
  8621.00000     0.999414      1856679      1706.67
  8769.00000     0.999512      1856852      2048.00
  8867.00000     0.999561      1856937      2275.56
  9015.00000     0.999609      1857029      2560.00
  9188.00000     0.999658      1857120      2925.71
  9435.00000     0.999707      1857210      3413.33
 10051.00000     0.999756      1857301      4096.00
 10520.00000     0.999780      1857346      4551.11
 11075.00000     0.999805      1857391      5120.00
 11889.00000     0.999829      1857437      5851.43
 13098.00000     0.999854      1857481      6826.67
 16070.00000     0.999878      1857527      8192.00
 17291.00000     0.999890      1857549      9102.22
 18981.00000     0.999902      1857572     10240.00
 21164.00000     0.999915      1857595     11702.86
 23951.00000     0.999927      1857617     13653.33
 25554.00000     0.999939      1857640     16384.00
 26171.00000     0.999945      1857651     18204.44
 26788.00000     0.999951      1857663     20480.00
 27491.00000     0.999957      1857674     23405.71
 28551.00000     0.999963      1857685     27306.67
 29365.00000     0.999969      1857698     32768.00
 30019.00000     0.999973      1857704     36408.89
 30216.00000     0.999976      1857708     40960.00
 30648.00000     0.999979      1857715     46811.43
 31117.00000     0.999982      1857720     54613.33
 31598.00000     0.999985      1857727     65536.00
 31820.00000     0.999986      1857728     72817.78
 32547.00000     0.999988      1857731     81920.00
 32930.00000     0.999989      1857735     93622.86
 33028.00000     0.999991      1857736    109226.67
 36186.00000     0.999992      1857740    131072.00
 37061.00000     0.999993      1857741    145635.56
 37283.00000     0.999994      1857742    163840.00
 39972.00000     0.999995      1857744    187245.71
 40083.00000     0.999995      1857746    218453.33
 40083.00000     0.999996      1857746    262144.00
 40330.00000     0.999997      1857747    291271.11
 44523.00000     0.999997      1857748    327680.00
 50073.00000     0.999997      1857749    374491.43
 50073.00000     0.999998      1857749    436906.67
 67204.00000     0.999998      1857751    524288.00
 67204.00000     0.999998      1857751    582542.22
 67204.00000     0.999998      1857751    655360.00
 67204.00000     0.999999      1857751    748982.86
 67204.00000     0.999999      1857751    873813.33
 95472.00000     0.999999      1857752   1048576.00
 95472.00000     0.999999      1857752   1165084.44
 95472.00000     0.999999      1857752   1310720.00
 95472.00000     0.999999      1857752   1497965.71
 95472.00000     0.999999      1857752   1747626.67
171643.00000     1.000000      1857753   2097152.00
171643.00000     1.000000      1857753          inf
#[Mean    =     1132.199, StdDeviation   =      865.419]
#[Max     =   171643.000, Total count    =      1857753]
#[Buckets =           13, SubBuckets     =       262144]

=== EXCHANGE STDERR ===
matching tid: 48963
