=== CLIENT STDERR ===
=== Exchange load generator ===
  clients  : 10
  seed     : 964995246
  target   : 127.0.0.1:4000
  thread id: 49478
Ctrl-C to stop.


=== Stats ===
  elapsed         : 14.999 s
  requests sent   : 2393529
  ACK responses   : 2393519
  MATCH responses : 1376277
  ERR responses   : 0
  orders in flight: -10
  --- throughput ---
  requests/s      : 159580
  ACK/s           : 159579
  MATCH/s         : 91758
  ERR/s           : 0
  total resp/s    : 159579

=== EXCHANGE STDOUT ===
exchange tid: 49477
inbound thread: 49479
outbound thread: 49480
       Value   Percentile   TotalCount 1/(1-Percentile)

  2109.00000     0.000000            2         1.00
  2392.00000     0.100000       208438         1.11
  2454.00000     0.200000       394672         1.25
  2503.00000     0.300000       554436         1.43
  2577.00000     0.400000       752202         1.67
  2664.00000     0.500000       927342         2.00
  2713.00000     0.550000      1007297         2.22
  2787.00000     0.600000      1104487         2.50
  2873.00000     0.650000      1201066         2.86
  2960.00000     0.700000      1289757         3.33
  3058.00000     0.750000      1379997         4.00
  3108.00000     0.775000      1419358         4.44
  3182.00000     0.800000      1471211         5.00
  3256.00000     0.825000      1516589         5.71
  3342.00000     0.850000      1562310         6.67
  3441.00000     0.875000      1604510         8.00
  3502.00000     0.887500      1626173         8.89
  3576.00000     0.900000      1648293        10.00
  3675.00000     0.912500      1671440        11.43
  3811.00000     0.925000      1694579        13.33
  4020.00000     0.937500      1717423        16.00
  4181.00000     0.943750      1728512        17.78
  4464.00000     0.950000      1740072        20.00
  5155.00000     0.956250      1751313        22.86
  5944.00000     0.962500      1762741        26.67
  7301.00000     0.968750      1774147        32.00
  7461.00000     0.971875      1780129        35.56
  7572.00000     0.975000      1786186        40.00
  7683.00000     0.978125      1791798        45.71
  7819.00000     0.981250      1797049        53.33
  8066.00000     0.984375      1802748        64.00
  8300.00000     0.985938      1805650        71.11
  8633.00000     0.987500      1808461        80.00
  9077.00000     0.989062      1811354        91.43
  9496.00000     0.990625      1814186       106.67
  9916.00000     0.992188      1817076       128.00
 10187.00000     0.992969      1818470       142.22
 10557.00000     0.993750      1819908       160.00
 11100.00000     0.994531      1821342       182.86
 11963.00000     0.995313      1822765       213.33
 13406.00000     0.996094      1824190       256.00
 14676.00000     0.996484      1824903       284.44
 16465.00000     0.996875      1825614       320.00
 19326.00000     0.997266      1826329       365.71
 22878.00000     0.997656      1827043       426.67
 28749.00000     0.998047      1827759       512.00
 32967.00000     0.998242      1828116       568.89
 38221.00000     0.998437      1828474       640.00
 45448.00000     0.998633      1828834       731.43
 54390.00000     0.998828      1829189       853.33
 68277.00000     0.999023      1829547      1024.00
 78908.00000     0.999121      1829726      1137.78
 95990.00000     0.999219      1829905      1280.00
120743.00000     0.999316      1830084      1462.86
149430.00000     0.999414      1830262      1706.67
183643.00000     0.999512      1830441      2048.00
205350.00000     0.999561      1830531      2275.56
229992.00000     0.999609      1830620      2560.00
252007.00000     0.999658      1830710      2925.71
278043.00000     0.999707      1830799      3413.33
313489.00000     0.999756      1830888      4096.00
330225.00000     0.999780      1830933      4551.11
357815.00000     0.999805      1830978      5120.00
408727.00000     0.999829      1831023      5851.43
496689.00000     0.999854      1831067      6826.67
583591.00000     0.999878      1831112      8192.00
619331.00000     0.999890      1831134      9102.22
740075.00000     0.999902      1831157     10240.00
829395.00000     0.999915      1831179     11702.86
904319.00000     0.999927      1831201     13653.33
1000791.00000     0.999939      1831224     16384.00
1158599.00000     0.999945      1831235     18204.44
1274295.00000     0.999951      1831246     20480.00
1607471.00000     0.999957      1831257     23405.71
1690327.00000     0.999963      1831268     27306.67
1762095.00000     0.999969      1831280     32768.00
1802887.00000     0.999973      1831285     36408.89
2728367.00000     0.999976      1831291     40960.00
2775087.00000     0.999979      1831296     46811.43
2847823.00000     0.999982      1831302     54613.33
8397567.00000     0.999985      1831308     65536.00
8416255.00000     0.999986      1831310     72817.78
8439551.00000     0.999988      1831313     81920.00
8486079.00000     0.999989      1831316     93622.86
8565759.00000     0.999991      1831319    109226.67
8694015.00000     0.999992      1831322    131072.00
8715135.00000     0.999993      1831323    145635.56
8719935.00000     0.999994      1831324    163840.00
8741951.00000     0.999995      1831326    187245.71
8745535.00000     0.999995      1831327    218453.33
8772863.00000     0.999996      1831329    262144.00
8772863.00000     0.999997      1831329    291271.11
8787967.00000     0.999997      1831330    327680.00
8793663.00000     0.999997      1831331    374491.43
8793663.00000     0.999998      1831331    436906.67
8795967.00000     0.999998      1831332    524288.00
8795967.00000     0.999998      1831332    582542.22
8802559.00000     0.999998      1831333    655360.00
8802559.00000     0.999999      1831333    748982.86
8802559.00000     0.999999      1831333    873813.33
8840831.00000     0.999999      1831334   1048576.00
8840831.00000     0.999999      1831334   1165084.44
8840831.00000     0.999999      1831334   1310720.00
8840831.00000     0.999999      1831334   1497965.71
8840831.00000     0.999999      1831334   1747626.67
8876031.00000     1.000000      1831335   2097152.00
8876031.00000     1.000000      1831335          inf
#[Mean    =     3485.806, StdDeviation   =    38506.970]
#[Max     =  8876031.000, Total count    =      1831335]
#[Buckets =           13, SubBuckets     =       262144]
       Value   Percentile   TotalCount 1/(1-Percentile)

   974.00000     0.000000            1         1.00
  1036.00000     0.100000       283775         1.11
  1048.00000     0.200000       745168         1.25
  1048.00000     0.300000       745168         1.43
  1048.00000     0.400000       745168         1.67
  1060.00000     0.500000      1099522         2.00
  1060.00000     0.550000      1099522         2.22
  1060.00000     0.600000      1099522         2.50
  1073.00000     0.650000      1273877         2.86
  1085.00000     0.700000      1332489         3.33
  1147.00000     0.750000      1378644         4.00
  1233.00000     0.775000      1423520         4.44
  1270.00000     0.800000      1477874         5.00
  1295.00000     0.825000      1526857         5.71
  1319.00000     0.850000      1573628         6.67
  1344.00000     0.875000      1612045         8.00
  1356.00000     0.887500      1627983         8.89
  1381.00000     0.900000      1653525        10.00
  1406.00000     0.912500      1673073        11.43
  1443.00000     0.925000      1698235        13.33
  1480.00000     0.937500      1721132        16.00
  1492.00000     0.943750      1728697        17.78
  1517.00000     0.950000      1743432        20.00
  1541.00000     0.956250      1757210        22.86
  1554.00000     0.962500      1763433        26.67
  1578.00000     0.968750      1774610        32.00
  1603.00000     0.971875      1784070        35.56
  1615.00000     0.975000      1788156        40.00
  1628.00000     0.978125      1791827        45.71
  1652.00000     0.981250      1798122        53.33
  1677.00000     0.984375      1803054        64.00
  1702.00000     0.985938      1806934        71.11
  1714.00000     0.987500      1808547        80.00
  1751.00000     0.989062      1812416        91.43
  1776.00000     0.990625      1814258       106.67
  1837.00000     0.992188      1817239       128.00
  1899.00000     0.992969      1818601       142.22
  2022.00000     0.993750      1819945       160.00
  2195.00000     0.994531      1821333       182.86
  2405.00000     0.995313      1822821       213.33
  2688.00000     0.996094      1824191       256.00
  2923.00000     0.996484      1824901       284.44
  3293.00000     0.996875      1825619       320.00
  4107.00000     0.997266      1826331       365.71
  5809.00000     0.997656      1827045       426.67
  6179.00000     0.998047      1827765       512.00
  6376.00000     0.998242      1828136       568.89
  6536.00000     0.998437      1828478       640.00
  6697.00000     0.998633      1828832       731.43
  6919.00000     0.998828      1829191       853.33
  7264.00000     0.999023      1829556      1024.00
  7486.00000     0.999121      1829732      1137.78
  7782.00000     0.999219      1829910      1280.00
  8164.00000     0.999316      1830084      1462.86
  8596.00000     0.999414      1830264      1706.67
  9126.00000     0.999512      1830444      2048.00
  9410.00000     0.999561      1830531      2275.56
  9694.00000     0.999609      1830620      2560.00
 10039.00000     0.999658      1830710      2925.71
 10594.00000     0.999707      1830800      3413.33
 11359.00000     0.999756      1830888      4096.00
 11815.00000     0.999780      1830934      4551.11
 12432.00000     0.999805      1830978      5120.00
 13085.00000     0.999829      1831023      5851.43
 13542.00000     0.999854      1831067      6826.67
 14035.00000     0.999878      1831115      8192.00
 14257.00000     0.999890      1831135      9102.22
 14676.00000     0.999902      1831157     10240.00
 15244.00000     0.999915      1831179     11702.86
 16280.00000     0.999927      1831201     13653.33
 17723.00000     0.999939      1831224     16384.00
 18968.00000     0.999945      1831235     18204.44
 20165.00000     0.999951      1831246     20480.00
 22286.00000     0.999957      1831257     23405.71
 23840.00000     0.999963      1831268     27306.67
 26208.00000     0.999969      1831280     32768.00
 26960.00000     0.999973      1831285     36408.89
 28157.00000     0.999976      1831291     40960.00
 29193.00000     0.999979      1831296     46811.43
 30845.00000     0.999982      1831302     54613.33
 32560.00000     0.999985      1831308     65536.00
 33694.00000     0.999986      1831310     72817.78
 35224.00000     0.999988      1831313     81920.00
 37234.00000     0.999989      1831316     93622.86
 40034.00000     0.999991      1831319    109226.67
 41070.00000     0.999992      1831322    131072.00
 43364.00000     0.999993      1831323    145635.56
 44486.00000     0.999994      1831324    163840.00
 54266.00000     0.999995      1831326    187245.71
 56992.00000     0.999995      1831327    218453.33
 66082.00000     0.999996      1831329    262144.00
 66082.00000     0.999997      1831329    291271.11
 76614.00000     0.999997      1831330    327680.00
 88935.00000     0.999997      1831331    374491.43
 88935.00000     0.999998      1831331    436906.67
105635.00000     0.999998      1831332    524288.00
105635.00000     0.999998      1831332    582542.22
229868.00000     0.999998      1831333    655360.00
229868.00000     0.999999      1831333    748982.86
229868.00000     0.999999      1831333    873813.33
230473.00000     0.999999      1831334   1048576.00
230473.00000     0.999999      1831334   1165084.44
230473.00000     0.999999      1831334   1310720.00
230473.00000     0.999999      1831334   1497965.71
230473.00000     0.999999      1831334   1747626.67
230596.00000     1.000000      1831335   2097152.00
230596.00000     1.000000      1831335          inf
#[Mean    =     1158.355, StdDeviation   =      542.761]
#[Max     =   230596.000, Total count    =      1831335]
#[Buckets =           13, SubBuckets     =       262144]
       Value   Percentile   TotalCount 1/(1-Percentile)

     0.00000     0.000000        97317         1.00
    12.00000     0.100000      1324064         1.11
    12.00000     0.200000      1324064         1.25
    12.00000     0.300000      1324064         1.43
    12.00000     0.400000      1324064         1.67
    12.00000     0.500000      1324064         2.00
    12.00000     0.550000      1324064         2.22
    12.00000     0.600000      1324064         2.50
    12.00000     0.650000      1324064         2.86
    12.00000     0.700000      1324064         3.33
    24.00000     0.750000      1806710         4.00
    24.00000     0.775000      1806710         4.44
    24.00000     0.800000      1806710         5.00
    24.00000     0.825000      1806710         5.71
    24.00000     0.850000      1806710         6.67
    24.00000     0.875000      1806710         8.00
    24.00000     0.887500      1806710         8.89
    24.00000     0.900000      1806710        10.00
    24.00000     0.912500      1806710        11.43
    24.00000     0.925000      1806710        13.33
    24.00000     0.937500      1806710        16.00
    24.00000     0.943750      1806710        17.78
    24.00000     0.950000      1806710        20.00
    24.00000     0.956250      1806710        22.86
    24.00000     0.962500      1806710        26.67
    24.00000     0.968750      1806710        32.00
    24.00000     0.971875      1806710        35.56
    24.00000     0.975000      1806710        40.00
    24.00000     0.978125      1806710        45.71
    24.00000     0.981250      1806710        53.33
    24.00000     0.984375      1806710        64.00
    24.00000     0.985938      1806710        71.11
    37.00000     0.987500      1824245        80.00
    37.00000     0.989062      1824245        91.43
    37.00000     0.990625      1824245       106.67
    37.00000     0.992188      1824245       128.00
    37.00000     0.992969      1824245       142.22
    37.00000     0.993750      1824245       160.00
    37.00000     0.994531      1824245       182.86
    37.00000     0.995313      1824245       213.33
    37.00000     0.996094      1824245       256.00
    49.00000     0.996484      1829520       284.44
    49.00000     0.996875      1829520       320.00
    49.00000     0.997266      1829520       365.71
    49.00000     0.997656      1829520       426.67
    49.00000     0.998047      1829520       512.00
    49.00000     0.998242      1829520       568.89
    49.00000     0.998437      1829520       640.00
    49.00000     0.998633      1829520       731.43
    49.00000     0.998828      1829520       853.33
    61.00000     0.999023      1830853      1024.00
    61.00000     0.999121      1830853      1137.78
    61.00000     0.999219      1830853      1280.00
    61.00000     0.999316      1830853      1462.86
    61.00000     0.999414      1830853      1706.67
    61.00000     0.999512      1830853      2048.00
    61.00000     0.999561      1830853      2275.56
    61.00000     0.999609      1830853      2560.00
    61.00000     0.999658      1830853      2925.71
    61.00000     0.999707      1830853      3413.33
    74.00000     0.999756      1831071      4096.00
    74.00000     0.999780      1831071      4551.11
    74.00000     0.999805      1831071      5120.00
    74.00000     0.999829      1831071      5851.43
    74.00000     0.999854      1831071      6826.67
    86.00000     0.999878      1831121      8192.00
    98.00000     0.999890      1831157      9102.22
    98.00000     0.999902      1831157     10240.00
   111.00000     0.999915      1831180     11702.86
   123.00000     0.999927      1831201     13653.33
   148.00000     0.999939      1831251     16384.00
   148.00000     0.999945      1831251     18204.44
   148.00000     0.999951      1831251     20480.00
   160.00000     0.999957      1831265     23405.71
   172.00000     0.999963      1831271     27306.67
   209.00000     0.999969      1831282     32768.00
   222.00000     0.999973      1831287     36408.89
   246.00000     0.999976      1831294     40960.00
   271.00000     0.999979      1831298     46811.43
   283.00000     0.999982      1831303     54613.33
   308.00000     0.999985      1831308     65536.00
   320.00000     0.999986      1831310     72817.78
   345.00000     0.999988      1831315     81920.00
   357.00000     0.999989      1831317     93622.86
   370.00000     0.999991      1831319    109226.67
   456.00000     0.999992      1831322    131072.00
   468.00000     0.999993      1831323    145635.56
   481.00000     0.999994      1831324    163840.00
   555.00000     0.999995      1831326    187245.71
   579.00000     0.999995      1831327    218453.33
   801.00000     0.999996      1831329    262144.00
   801.00000     0.999997      1831329    291271.11
  1258.00000     0.999997      1831330    327680.00
  1517.00000     0.999997      1831331    374491.43
  1517.00000     0.999998      1831331    436906.67
  4501.00000     0.999998      1831332    524288.00
  4501.00000     0.999998      1831332    582542.22
  4785.00000     0.999998      1831333    655360.00
  4785.00000     0.999999      1831333    748982.86
  4785.00000     0.999999      1831333    873813.33
  4797.00000     0.999999      1831334   1048576.00
  4797.00000     0.999999      1831334   1165084.44
  4797.00000     0.999999      1831334   1310720.00
  4797.00000     0.999999      1831334   1497965.71
  4797.00000     0.999999      1831334   1747626.67
 12703.00000     1.000000      1831335   2097152.00
 12703.00000     1.000000      1831335          inf
#[Mean    =       14.951, StdDeviation   =       13.402]
#[Max     =    12703.000, Total count    =      1831335]
#[Buckets =           13, SubBuckets     =       262144]
       Value   Percentile   TotalCount 1/(1-Percentile)

    61.00000     0.000000            8         1.00
    86.00000     0.100000       188280         1.11
    98.00000     0.200000      1019041         1.25
    98.00000     0.300000      1019041         1.43
    98.00000     0.400000      1019041         1.67
    98.00000     0.500000      1019041         2.00
    98.00000     0.550000      1019041         2.22
   111.00000     0.600000      1422244         2.50
   111.00000     0.650000      1422244         2.86
   111.00000     0.700000      1422244         3.33
   111.00000     0.750000      1422244         4.00
   111.00000     0.775000      1422244         4.44
   123.00000     0.800000      1654142         5.00
   123.00000     0.825000      1654142         5.71
   123.00000     0.850000      1654142         6.67
   123.00000     0.875000      1654142         8.00
   123.00000     0.887500      1654142         8.89
   123.00000     0.900000      1654142        10.00
   135.00000     0.912500      1775632        11.43
   135.00000     0.925000      1775632        13.33
   135.00000     0.937500      1775632        16.00
   135.00000     0.943750      1775632        17.78
   135.00000     0.950000      1775632        20.00
   135.00000     0.956250      1775632        22.86
   135.00000     0.962500      1775632        26.67
   135.00000     0.968750      1775632        32.00
   148.00000     0.971875      1798709        35.56
   148.00000     0.975000      1798709        40.00
   148.00000     0.978125      1798709        45.71
   148.00000     0.981250      1798709        53.33
   160.00000     0.984375      1806989        64.00
   160.00000     0.985938      1806989        71.11
   172.00000     0.987500      1810629        80.00
   185.00000     0.989062      1812726        91.43
   209.00000     0.990625      1814938       106.67
   246.00000     0.992188      1817168       128.00
   296.00000     0.992969      1818614       142.22
   357.00000     0.993750      1819913       160.00
   444.00000     0.994531      1821402       182.86
   555.00000     0.995313      1822810       213.33
   690.00000     0.996094      1824261       256.00
   777.00000     0.996484      1824931       284.44
   888.00000     0.996875      1825654       320.00
  1023.00000     0.997266      1826330       365.71
  1233.00000     0.997656      1827061       426.67
  1615.00000     0.998047      1827767       512.00
  1899.00000     0.998242      1828131       568.89
  2442.00000     0.998437      1828478       640.00
  3601.00000     0.998633      1828834       731.43
  5772.00000     0.998828      1829189       853.33
  9459.00000     0.999023      1829547      1024.00
 12617.00000     0.999121      1829726      1137.78
 17451.00000     0.999219      1829905      1280.00
 26035.00000     0.999316      1830084      1462.86
 43795.00000     0.999414      1830263      1706.67
 79451.00000     0.999512      1830441      2048.00
 96989.00000     0.999561      1830531      2275.56
118535.00000     0.999609      1830620      2560.00
144411.00000     0.999658      1830710      2925.71
171186.00000     0.999707      1830799      3413.33
205929.00000     0.999756      1830888      4096.00
222727.00000     0.999780      1830933      4551.11
241449.00000     0.999805      1830978      5120.00
260788.00000     0.999829      1831023      5851.43
287269.00000     0.999854      1831067      6826.67
345371.00000     0.999878      1831112      8192.00
450241.00000     0.999890      1831134      9102.22
500375.00000     0.999902      1831157     10240.00
541471.00000     0.999915      1831179     11702.86
579435.00000     0.999927      1831201     13653.33
794983.00000     0.999939      1831224     16384.00
860695.00000     0.999945      1831235     18204.44
902047.00000     0.999951      1831246     20480.00
951271.00000     0.999957      1831257     23405.71
1123127.00000     0.999963      1831268     27306.67
1421175.00000     0.999969      1831280     32768.00
1484383.00000     0.999973      1831285     36408.89
1660183.00000     0.999976      1831291     40960.00
1708455.00000     0.999979      1831296     46811.43
1769343.00000     0.999982      1831302     54613.33
2699039.00000     0.999985      1831308     65536.00
2716367.00000     0.999986      1831310     72817.78
2760015.00000     0.999988      1831313     81920.00
2783615.00000     0.999989      1831316     93622.86
2822239.00000     0.999991      1831319    109226.67
8244863.00000     0.999992      1831322    131072.00
8251807.00000     0.999993      1831323    145635.56
8258175.00000     0.999994      1831324    163840.00
8267199.00000     0.999995      1831326    187245.71
8283711.00000     0.999995      1831327    218453.33
8296767.00000     0.999996      1831329    262144.00
8296767.00000     0.999997      1831329    291271.11
8305151.00000     0.999997      1831330    327680.00
8316383.00000     0.999997      1831331    374491.43
8316383.00000     0.999998      1831331    436906.67
8328767.00000     0.999998      1831332    524288.00
8328767.00000     0.999998      1831332    582542.22
8340319.00000     0.999998      1831333    655360.00
8340319.00000     0.999999      1831333    748982.86
8340319.00000     0.999999      1831333    873813.33
8360959.00000     0.999999      1831334   1048576.00
8360959.00000     0.999999      1831334   1165084.44
8360959.00000     0.999999      1831334   1310720.00
8360959.00000     0.999999      1831334   1497965.71
8360959.00000     0.999999      1831334   1747626.67
8363071.00000     1.000000      1831335   2097152.00
8363071.00000     1.000000      1831335          inf
#[Mean    =      370.204, StdDeviation   =    27576.208]
#[Max     =  8363071.000, Total count    =      1831335]
#[Buckets =           13, SubBuckets     =       262144]
       Value   Percentile   TotalCount 1/(1-Percentile)

     0.00000     0.000000        11020         1.00
    37.00000     0.100000       339529         1.11
    49.00000     0.200000       666755         1.25
    49.00000     0.300000       666755         1.43
    61.00000     0.400000       747575         1.67
   135.00000     0.500000       927204         2.00
   160.00000     0.550000      1016910         2.22
   185.00000     0.600000      1107780         2.50
   222.00000     0.650000      1224656         2.86
   246.00000     0.700000      1296595         3.33
   283.00000     0.750000      1393443         4.00
   296.00000     0.775000      1420501         4.44
   320.00000     0.800000      1467289         5.00
   357.00000     0.825000      1525875         5.71
   382.00000     0.850000      1560303         6.67
   419.00000     0.875000      1604570         8.00
   444.00000     0.887500      1629385         8.89
   468.00000     0.900000      1651686        10.00
   493.00000     0.912500      1671438        11.43
   530.00000     0.925000      1695940        13.33
   579.00000     0.937500      1721178        16.00
   604.00000     0.943750      1731666        17.78
   629.00000     0.950000      1740642        20.00
   666.00000     0.956250      1751894        22.86
   715.00000     0.962500      1764090        26.67
   777.00000     0.968750      1775936        32.00
   814.00000     0.971875      1781452        35.56
   851.00000     0.975000      1786284        40.00
   900.00000     0.978125      1791422        45.71
   974.00000     0.981250      1797342        53.33
  1073.00000     0.984375      1802858        64.00
  1147.00000     0.985938      1805754        71.11
  1245.00000     0.987500      1808444        80.00
  1418.00000     0.989062      1811448        91.43
  1702.00000     0.990625      1814205       106.67
  2417.00000     0.992188      1817032       128.00
  3095.00000     0.992969      1818517       142.22
  3194.00000     0.993750      1819897       160.00
  3280.00000     0.994531      1821358       182.86
  3404.00000     0.995313      1822845       213.33
  3626.00000     0.996094      1824185       256.00
  3848.00000     0.996484      1824905       284.44
  4230.00000     0.996875      1825615       320.00
  4612.00000     0.997266      1826334       365.71
  4995.00000     0.997656      1827054       426.67
  5463.00000     0.998047      1827773       512.00
  5710.00000     0.998242      1828135       568.89
  5957.00000     0.998437      1828476       640.00
  6240.00000     0.998633      1828844       731.43
  6549.00000     0.998828      1829197       853.33
  6943.00000     0.999023      1829548      1024.00
  7178.00000     0.999121      1829730      1137.78
  7437.00000     0.999219      1829909      1280.00
  7782.00000     0.999316      1830088      1462.86
  8164.00000     0.999414      1830263      1706.67
  8695.00000     0.999512      1830444      2048.00
  9015.00000     0.999561      1830539      2275.56
  9348.00000     0.999609      1830620      2560.00
  9805.00000     0.999658      1830715      2925.71
 10347.00000     0.999707      1830799      3413.33
 11124.00000     0.999756      1830888      4096.00
 11618.00000     0.999780      1830934      4551.11
 12074.00000     0.999805      1830978      5120.00
 12703.00000     0.999829      1831023      5851.43
 13418.00000     0.999854      1831068      6826.67
 14738.00000     0.999878      1831112      8192.00
 15552.00000     0.999890      1831136      9102.22
 16280.00000     0.999902      1831158     10240.00
 17365.00000     0.999915      1831179     11702.86
 18759.00000     0.999927      1831201     13653.33
 20806.00000     0.999939      1831224     16384.00
 22200.00000     0.999945      1831235     18204.44
 23199.00000     0.999951      1831246     20480.00
 24358.00000     0.999957      1831257     23405.71
 26035.00000     0.999963      1831268     27306.67
 28946.00000     0.999969      1831280     32768.00
 32091.00000     0.999973      1831285     36408.89
 33460.00000     0.999976      1831291     40960.00
 34928.00000     0.999979      1831296     46811.43
 36457.00000     0.999982      1831302     54613.33
 42513.00000     0.999985      1831308     65536.00
 47286.00000     0.999986      1831310     72817.78
 50196.00000     0.999988      1831313     81920.00
 54328.00000     0.999989      1831316     93622.86
 55426.00000     0.999991      1831319    109226.67
 63751.00000     0.999992      1831322    131072.00
 64996.00000     0.999993      1831323    145635.56
 66057.00000     0.999994      1831324    163840.00
 69190.00000     0.999995      1831326    187245.71
 70349.00000     0.999995      1831327    218453.33
 83718.00000     0.999996      1831329    262144.00
 83718.00000     0.999997      1831329    291271.11
126453.00000     0.999997      1831330    327680.00
126959.00000     0.999997      1831331    374491.43
126959.00000     0.999998      1831331    436906.67
127650.00000     0.999998      1831332    524288.00
127650.00000     0.999998      1831332    582542.22
137677.00000     0.999998      1831333    655360.00
137677.00000     0.999999      1831333    748982.86
137677.00000     0.999999      1831333    873813.33
158717.00000     0.999999      1831334   1048576.00
158717.00000     0.999999      1831334   1165084.44
158717.00000     0.999999      1831334   1310720.00
158717.00000     0.999999      1831334   1497965.71
158717.00000     0.999999      1831334   1747626.67
339291.00000     1.000000      1831335   2097152.00
339291.00000     1.000000      1831335          inf
#[Mean    =      235.139, StdDeviation   =      653.847]
#[Max     =   339291.000, Total count    =      1831335]
#[Buckets =           13, SubBuckets     =       262144]
       Value   Percentile   TotalCount 1/(1-Percentile)

    86.00000     0.000000           14         1.00
   185.00000     0.100000       252058         1.11
   209.00000     0.200000       421194         1.25
   234.00000     0.300000       603464         1.43
   259.00000     0.400000       792646         1.67
   283.00000     0.500000       982290         2.00
   296.00000     0.550000      1077283         2.22
   308.00000     0.600000      1172595         2.50
   320.00000     0.650000      1266671         2.86
   333.00000     0.700000      1357129         3.33
   345.00000     0.750000      1438906         4.00
   345.00000     0.775000      1438906         4.44
   357.00000     0.800000      1507766         5.00
   370.00000     0.825000      1558186         5.71
   370.00000     0.850000      1558186         6.67
   382.00000     0.875000      1607170         8.00
   394.00000     0.887500      1643107         8.89
   407.00000     0.900000      1670042        10.00
   419.00000     0.912500      1692942        11.43
   431.00000     0.925000      1712900        13.33
   444.00000     0.937500      1729786        16.00
   444.00000     0.943750      1729786        17.78
   456.00000     0.950000      1743290        20.00
   468.00000     0.956250      1753478        22.86
   493.00000     0.962500      1767261        26.67
   518.00000     0.968750      1775122        32.00
   542.00000     0.971875      1780003        35.56
   604.00000     0.975000      1785993        40.00
   715.00000     0.978125      1791306        45.71
   937.00000     0.981250      1797266        53.33
  1122.00000     0.984375      1802793        64.00
  1295.00000     0.985938      1805677        71.11
  1480.00000     0.987500      1808528        80.00
  1714.00000     0.989062      1811370        91.43
  2035.00000     0.990625      1814228       106.67
  2528.00000     0.992188      1817041       128.00
  2898.00000     0.992969      1818472       142.22
  3367.00000     0.993750      1819912       160.00
  4082.00000     0.994531      1821332       182.86
  5106.00000     0.995313      1822752       213.33
  5895.00000     0.996094      1824195       256.00
  6573.00000     0.996484      1824897       284.44
  7659.00000     0.996875      1825618       320.00
  9324.00000     0.997266      1826331       365.71
 12062.00000     0.997656      1827043       426.67
 16378.00000     0.998047      1827760       512.00
 19622.00000     0.998242      1828116       568.89
 23495.00000     0.998437      1828475       640.00
 27700.00000     0.998633      1828832       731.43
 32399.00000     0.998828      1829189       853.33
 38171.00000     0.999023      1829547      1024.00
 41341.00000     0.999121      1829726      1137.78
 44474.00000     0.999219      1829906      1280.00
 48396.00000     0.999316      1830084      1462.86
 52749.00000     0.999414      1830262      1706.67
 58077.00000     0.999512      1830441      2048.00
 61420.00000     0.999561      1830531      2275.56
 65366.00000     0.999609      1830620      2560.00
 70657.00000     0.999658      1830710      2925.71
 77700.00000     0.999707      1830799      3413.33
 89022.00000     0.999756      1830888      4096.00
 97001.00000     0.999780      1830933      4551.11
112665.00000     0.999805      1830978      5120.00
130437.00000     0.999829      1831023      5851.43
153007.00000     0.999854      1831067      6826.67
183063.00000     0.999878      1831112      8192.00
203944.00000     0.999890      1831134      9102.22
225009.00000     0.999902      1831157     10240.00
256829.00000     0.999915      1831179     11702.86
288291.00000     0.999927      1831201     13653.33
329535.00000     0.999939      1831224     16384.00
363673.00000     0.999945      1831235     18204.44
385997.00000     0.999951      1831246     20480.00
440115.00000     0.999957      1831257     23405.71
582035.00000     0.999963      1831268     27306.67
753099.00000     0.999969      1831280     32768.00
783599.00000     0.999973      1831285     36408.89
815691.00000     0.999976      1831291     40960.00
839679.00000     0.999979      1831296     46811.43
879899.00000     0.999982      1831302     54613.33
1636559.00000     0.999985      1831308     65536.00
1647623.00000     0.999986      1831310     72817.78
1671047.00000     0.999988      1831313     81920.00
1721823.00000     0.999989      1831316     93622.86
1766295.00000     0.999991      1831319    109226.67
8674943.00000     0.999992      1831322    131072.00
8682879.00000     0.999993      1831323    145635.56
8704191.00000     0.999994      1831324    163840.00
8731455.00000     0.999995      1831326    187245.71
8733631.00000     0.999995      1831327    218453.33
8762751.00000     0.999996      1831329    262144.00
8762751.00000     0.999997      1831329    291271.11
8777599.00000     0.999997      1831330    327680.00
8782783.00000     0.999997      1831331    374491.43
8782783.00000     0.999998      1831331    436906.67
8783679.00000     0.999998      1831332    524288.00
8783679.00000     0.999998      1831332    582542.22
8790847.00000     0.999998      1831333    655360.00
8790847.00000     0.999999      1831333    748982.86
8790847.00000     0.999999      1831333    873813.33
8830143.00000     0.999999      1831334   1048576.00
8830143.00000     0.999999      1831334   1165084.44
8830143.00000     0.999999      1831334   1310720.00
8830143.00000     0.999999      1831334   1497965.71
8830143.00000     0.999999      1831334   1747626.67
8864639.00000     1.000000      1831335   2097152.00
8864639.00000     1.000000      1831335          inf
#[Mean    =      537.424, StdDeviation   =    26053.991]
#[Max     =  8864639.000, Total count    =      1831335]
#[Buckets =           13, SubBuckets     =       262144]
       Value   Percentile   TotalCount 1/(1-Percentile)

     0.00000     0.000000       223712         1.00
     0.00000     0.100000       223712         1.11
    12.00000     0.200000      1710329         1.25
    12.00000     0.300000      1710329         1.43
    12.00000     0.400000      1710329         1.67
    12.00000     0.500000      1710329         2.00
    12.00000     0.550000      1710329         2.22
    12.00000     0.600000      1710329         2.50
    12.00000     0.650000      1710329         2.86
    12.00000     0.700000      1710329         3.33
    12.00000     0.750000      1710329         4.00
    12.00000     0.775000      1710329         4.44
    12.00000     0.800000      1710329         5.00
    12.00000     0.825000      1710329         5.71
    12.00000     0.850000      1710329         6.67
    12.00000     0.875000      1710329         8.00
    12.00000     0.887500      1710329         8.89
    12.00000     0.900000      1710329        10.00
    12.00000     0.912500      1710329        11.43
    12.00000     0.925000      1710329        13.33
    24.00000     0.937500      1791185        16.00
    24.00000     0.943750      1791185        17.78
    24.00000     0.950000      1791185        20.00
    24.00000     0.956250      1791185        22.86
    24.00000     0.962500      1791185        26.67
    24.00000     0.968750      1791185        32.00
    24.00000     0.971875      1791185        35.56
    24.00000     0.975000      1791185        40.00
    37.00000     0.978125      1810040        45.71
    37.00000     0.981250      1810040        53.33
    37.00000     0.984375      1810040        64.00
    37.00000     0.985938      1810040        71.11
    37.00000     0.987500      1810040        80.00
    49.00000     0.989062      1823976        91.43
    49.00000     0.990625      1823976       106.67
    49.00000     0.992188      1823976       128.00
    49.00000     0.992969      1823976       142.22
    49.00000     0.993750      1823976       160.00
    49.00000     0.994531      1823976       182.86
    49.00000     0.995313      1823976       213.33
    61.00000     0.996094      1826595       256.00
    61.00000     0.996484      1826595       284.44
    61.00000     0.996875      1826595       320.00
    61.00000     0.997266      1826595       365.71
    74.00000     0.997656      1827252       426.67
    98.00000     0.998047      1828093       512.00
   111.00000     0.998242      1829064       568.89
   111.00000     0.998437      1829064       640.00
   111.00000     0.998633      1829064       731.43
   123.00000     0.998828      1829507       853.33
   135.00000     0.999023      1829703      1024.00
   148.00000     0.999121      1829875      1137.78
   160.00000     0.999219      1830026      1280.00
   172.00000     0.999316      1830156      1462.86
   197.00000     0.999414      1830315      1706.67
   234.00000     0.999512      1830474      2048.00
   259.00000     0.999561      1830542      2275.56
   296.00000     0.999609      1830626      2560.00
   333.00000     0.999658      1830733      2925.71
   370.00000     0.999707      1830808      3413.33
   444.00000     0.999756      1830892      4096.00
   481.00000     0.999780      1830941      4551.11
   505.00000     0.999805      1830978      5120.00
   542.00000     0.999829      1831023      5851.43
   604.00000     0.999854      1831073      6826.67
   666.00000     0.999878      1831113      8192.00
   727.00000     0.999890      1831134      9102.22
   777.00000     0.999902      1831157     10240.00
   826.00000     0.999915      1831181     11702.86
   974.00000     0.999927      1831204     13653.33
  1295.00000     0.999939      1831224     16384.00
  1948.00000     0.999945      1831235     18204.44
  5007.00000     0.999951      1831246     20480.00
  5192.00000     0.999957      1831257     23405.71
  5315.00000     0.999963      1831268     27306.67
  5451.00000     0.999969      1831280     32768.00
  5525.00000     0.999973      1831285     36408.89
  5574.00000     0.999976      1831291     40960.00
  6179.00000     0.999979      1831296     46811.43
  6388.00000     0.999982      1831302     54613.33
  6709.00000     0.999985      1831308     65536.00
  6734.00000     0.999986      1831310     72817.78
  6869.00000     0.999988      1831313     81920.00
  7079.00000     0.999989      1831316     93622.86
  7190.00000     0.999991      1831319    109226.67
  7252.00000     0.999992      1831322    131072.00
  7276.00000     0.999993      1831323    145635.56
  7387.00000     0.999994      1831324    163840.00
  7474.00000     0.999995      1831326    187245.71
  7511.00000     0.999995      1831327    218453.33
  7708.00000     0.999996      1831329    262144.00
  7708.00000     0.999997      1831329    291271.11
  7782.00000     0.999997      1831330    327680.00
  7955.00000     0.999997      1831331    374491.43
  7955.00000     0.999998      1831331    436906.67
  8066.00000     0.999998      1831332    524288.00
  8066.00000     0.999998      1831332    582542.22
  8189.00000     0.999998      1831333    655360.00
  8189.00000     0.999999      1831333    748982.86
  8189.00000     0.999999      1831333    873813.33
 10199.00000     0.999999      1831334   1048576.00
 10199.00000     0.999999      1831334   1165084.44
 10199.00000     0.999999      1831334   1310720.00
 10199.00000     0.999999      1831334   1497965.71
 10199.00000     0.999999      1831334   1747626.67
 17661.00000     1.000000      1831335   2097152.00
 17661.00000     1.000000      1831335          inf
#[Mean    =       12.421, StdDeviation   =       48.208]
#[Max     =    17661.000, Total count    =      1831335]
#[Buckets =           13, SubBuckets     =       262144]
       Value   Percentile   TotalCount 1/(1-Percentile)

   641.00000     0.000000           17         1.00
   924.00000     0.100000       183281         1.11
   925.00000     0.200000       432340         1.25
   937.00000     0.300000       804510         1.43
   937.00000     0.400000       804510         1.67
   949.00000     0.500000      1047558         2.00
   949.00000     0.550000      1047558         2.22
   962.00000     0.600000      1154612         2.50
   974.00000     0.650000      1218189         2.86
   999.00000     0.700000      1304376         3.33
  1097.00000     0.750000      1378695         4.00
  1134.00000     0.775000      1431903         4.44
  1159.00000     0.800000      1475064         5.00
  1184.00000     0.825000      1514368         5.71
  1221.00000     0.850000      1557948         6.67
  1282.00000     0.875000      1607382         8.00
  1307.00000     0.887500      1625472         8.89
  1344.00000     0.900000      1652920        10.00
  1381.00000     0.912500      1679526        11.43
  1406.00000     0.925000      1695992        13.33
  1443.00000     0.937500      1718249        16.00
  1467.00000     0.943750      1730784        17.78
  1492.00000     0.950000      1741026        20.00
  1529.00000     0.956250      1753055        22.86
  1578.00000     0.962500      1763939        26.67
  1677.00000     0.968750      1774289        32.00
  1899.00000     0.971875      1779950        35.56
  2688.00000     0.975000      1785597        40.00
  4859.00000     0.978125      1791289        45.71
  5809.00000     0.981250      1797272        53.33
  5920.00000     0.984375      1802894        64.00
  5957.00000     0.985938      1805778        71.11
  5994.00000     0.987500      1808712        80.00
  6031.00000     0.989062      1811556        91.43
  6080.00000     0.990625      1814765       106.67
  6129.00000     0.992188      1817178       128.00
  6166.00000     0.992969      1818529       142.22
  6228.00000     0.993750      1820048       160.00
  6327.00000     0.994531      1821336       182.86
  6585.00000     0.995313      1822754       213.33
  7141.00000     0.996094      1824196       256.00
  7313.00000     0.996484      1824945       284.44
  7437.00000     0.996875      1825654       320.00
  7560.00000     0.997266      1826397       365.71
  7671.00000     0.997656      1827072       426.67
  7807.00000     0.998047      1827778       512.00
  7881.00000     0.998242      1828136       568.89
  7979.00000     0.998437      1828508       640.00
  8103.00000     0.998633      1828852       731.43
  8251.00000     0.998828      1829196       853.33
  8436.00000     0.999023      1829554      1024.00
  8522.00000     0.999121      1829726      1137.78
  8658.00000     0.999219      1829915      1280.00
  8781.00000     0.999316      1830096      1462.86
  8954.00000     0.999414      1830274      1706.67
  9200.00000     0.999512      1830449      2048.00
  9435.00000     0.999561      1830533      2275.56
  9768.00000     0.999609      1830620      2560.00
 10372.00000     0.999658      1830711      2925.71
 11260.00000     0.999707      1830799      3413.33
 12999.00000     0.999756      1830888      4096.00
 14109.00000     0.999780      1830933      4551.11
 15466.00000     0.999805      1830978      5120.00
 17575.00000     0.999829      1831023      5851.43
 19918.00000     0.999854      1831067      6826.67
 22915.00000     0.999878      1831113      8192.00
 23766.00000     0.999890      1831134      9102.22
 24654.00000     0.999902      1831158     10240.00
 25394.00000     0.999915      1831179     11702.86
 26245.00000     0.999927      1831201     13653.33
 27244.00000     0.999939      1831225     16384.00
 27873.00000     0.999945      1831235     18204.44
 28699.00000     0.999951      1831246     20480.00
 29217.00000     0.999957      1831257     23405.71
 30451.00000     0.999963      1831268     27306.67
 31684.00000     0.999969      1831280     32768.00
 33226.00000     0.999973      1831286     36408.89
 34459.00000     0.999976      1831291     40960.00
 36482.00000     0.999979      1831296     46811.43
 40021.00000     0.999982      1831302     54613.33
 44153.00000     0.999985      1831308     65536.00
 45781.00000     0.999986      1831310     72817.78
 49666.00000     0.999988      1831313     81920.00
 55105.00000     0.999989      1831316     93622.86
 55968.00000     0.999991      1831319    109226.67
 63097.00000     0.999992      1831322    131072.00
 63849.00000     0.999993      1831323    145635.56
 64133.00000     0.999994      1831324    163840.00
 71311.00000     0.999995      1831326    187245.71
 74838.00000     0.999995      1831327    218453.33
 80006.00000     0.999996      1831329    262144.00
 80006.00000     0.999997      1831329    291271.11
 86246.00000     0.999997      1831330    327680.00
 86358.00000     0.999997      1831331    374491.43
 86358.00000     0.999998      1831331    436906.67
 88997.00000     0.999998      1831332    524288.00
 88997.00000     0.999998      1831332    582542.22
100923.00000     0.999998      1831333    655360.00
100923.00000     0.999999      1831333    748982.86
100923.00000     0.999999      1831333    873813.33
101762.00000     0.999999      1831334   1048576.00
101762.00000     0.999999      1831334   1165084.44
101762.00000     0.999999      1831334   1310720.00
101762.00000     0.999999      1831334   1497965.71
101762.00000     0.999999      1831334   1747626.67
106486.00000     1.000000      1831335   2097152.00
106486.00000     1.000000      1831335          inf
#[Mean    =     1155.166, StdDeviation   =      916.229]
#[Max     =   106486.000, Total count    =      1831335]
#[Buckets =           13, SubBuckets     =       262144]

=== EXCHANGE STDERR ===
matching tid: 49481
