=== CLIENT STDERR ===
=== Exchange load generator ===
  clients  : 10
  seed     : 2679049628
  target   : 127.0.0.1:4000
  thread id: 47142
Ctrl-C to stop.


=== Stats ===
  elapsed         : 14.997 s
  requests sent   : 2620738
  ACK responses   : 2620728
  MATCH responses : 1503873
  ERR responses   : 0
  orders in flight: -10
  --- throughput ---
  requests/s      : 174755
  ACK/s           : 174754
  MATCH/s         : 100281
  ERR/s           : 0
  total resp/s    : 174754

=== EXCHANGE STDOUT ===
exchange tid: 47141
inbound thread: 47143
outbound thread: 47144
       Value   Percentile   TotalCount 1/(1-Percentile)

  2084.00000     0.000000            1         1.00
  2368.00000     0.100000       225018         1.11
  2417.00000     0.200000       447777         1.25
  2454.00000     0.300000       648588         1.43
  2491.00000     0.400000       863521         1.67
  2528.00000     0.500000      1061793         2.00
  2540.00000     0.550000      1122509         2.22
  2565.00000     0.600000      1233966         2.50
  2590.00000     0.650000      1330904         2.86
  2614.00000     0.700000      1416704         3.33
  2651.00000     0.750000      1525981         4.00
  2676.00000     0.775000      1587214         4.44
  2688.00000     0.800000      1614279         5.00
  2725.00000     0.825000      1681945         5.71
  2750.00000     0.850000      1717634         6.67
  2799.00000     0.875000      1771751         8.00
  2824.00000     0.887500      1792011         8.89
  2861.00000     0.900000      1816446        10.00
  2910.00000     0.912500      1840792        11.43
  2984.00000     0.925000      1865975        13.33
  3108.00000     0.937500      1891226        16.00
  3206.00000     0.943750      1904146        17.78
  3330.00000     0.950000      1916205        20.00
  3589.00000     0.956250      1928253        22.86
  4193.00000     0.962500      1940700        26.67
  5710.00000     0.968750      1953255        32.00
  6869.00000     0.971875      1959545        35.56
  7313.00000     0.975000      1965884        40.00
  7424.00000     0.978125      1973125        45.71
  7486.00000     0.981250      1978636        53.33
  7560.00000     0.984375      1985777        64.00
  7585.00000     0.985938      1988161        71.11
  7622.00000     0.987500      1991371        80.00
  7659.00000     0.989062      1994280        91.43
  7708.00000     0.990625      1997727       106.67
  7770.00000     0.992188      2001051       128.00
  7794.00000     0.992969      2002236       142.22
  7831.00000     0.993750      2003752       160.00
  7881.00000     0.994531      2005363       182.86
  7942.00000     0.995313      2006910       213.33
  8029.00000     0.996094      2008458       256.00
  8090.00000     0.996484      2009260       284.44
  8177.00000     0.996875      2009988       320.00
  8312.00000     0.997266      2010768       365.71
  8497.00000     0.997656      2011549       426.67
  8769.00000     0.998047      2012311       512.00
  9015.00000     0.998242      2012698       568.89
  9373.00000     0.998437      2013099       640.00
  9768.00000     0.998633      2013485       731.43
 10187.00000     0.998828      2013878       853.33
 10680.00000     0.999023      2014271      1024.00
 10976.00000     0.999121      2014472      1137.78
 11346.00000     0.999219      2014665      1280.00
 11889.00000     0.999316      2014859      1462.86
 12703.00000     0.999414      2015056      1706.67
 14097.00000     0.999512      2015253      2048.00
 15293.00000     0.999561      2015351      2275.56
 17094.00000     0.999609      2015448      2560.00
 20091.00000     0.999658      2015546      2925.71
 24888.00000     0.999707      2015645      3413.33
 34545.00000     0.999756      2015743      4096.00
 41847.00000     0.999780      2015792      4551.11
 53526.00000     0.999805      2015842      5120.00
 69227.00000     0.999829      2015891      5851.43
 90391.00000     0.999854      2015940      6826.67
108262.00000     0.999878      2015989      8192.00
118807.00000     0.999890      2016014      9102.22
131424.00000     0.999902      2016039     10240.00
144509.00000     0.999915      2016063     11702.86
161196.00000     0.999927      2016088     13653.33
174516.00000     0.999939      2016112     16384.00
182114.00000     0.999945      2016125     18204.44
190377.00000     0.999951      2016137     20480.00
200478.00000     0.999957      2016149     23405.71
218423.00000     0.999963      2016162     27306.67
235061.00000     0.999969      2016174     32768.00
248689.00000     0.999973      2016180     36408.89
254609.00000     0.999976      2016186     40960.00
265439.00000     0.999979      2016192     46811.43
293089.00000     0.999982      2016199     54613.33
307679.00000     0.999985      2016205     65536.00
318139.00000     0.999986      2016208     72817.78
324737.00000     0.999988      2016211     81920.00
335429.00000     0.999989      2016214     93622.86
353091.00000     0.999991      2016217    109226.67
379879.00000     0.999992      2016220    131072.00
385541.00000     0.999993      2016222    145635.56
400513.00000     0.999994      2016223    163840.00
410195.00000     0.999995      2016225    187245.71
415535.00000     0.999995      2016226    218453.33
456999.00000     0.999996      2016228    262144.00
464869.00000     0.999997      2016229    291271.11
464869.00000     0.999997      2016229    327680.00
495121.00000     0.999997      2016230    374491.43
496663.00000     0.999998      2016231    436906.67
510711.00000     0.999998      2016232    524288.00
510711.00000     0.999998      2016232    582542.22
510711.00000     0.999998      2016232    655360.00
517963.00000     0.999999      2016233    748982.86
517963.00000     0.999999      2016233    873813.33
522205.00000     0.999999      2016234   1048576.00
522205.00000     0.999999      2016234   1165084.44
522205.00000     0.999999      2016234   1310720.00
522205.00000     0.999999      2016234   1497965.71
522205.00000     0.999999      2016234   1747626.67
556863.00000     1.000000      2016235   2097152.00
556863.00000     1.000000      2016235          inf
#[Mean    =     2767.651, StdDeviation   =     2711.537]
#[Max     =   556863.000, Total count    =      2016235]
#[Buckets =           13, SubBuckets     =       262144]
       Value   Percentile   TotalCount 1/(1-Percentile)

   974.00000     0.000000            1         1.00
  1036.00000     0.100000       205813         1.11
  1048.00000     0.200000       848751         1.25
  1048.00000     0.300000       848751         1.43
  1048.00000     0.400000       848751         1.67
  1060.00000     0.500000      1566309         2.00
  1060.00000     0.550000      1566309         2.22
  1060.00000     0.600000      1566309         2.50
  1060.00000     0.650000      1566309         2.86
  1060.00000     0.700000      1566309         3.33
  1060.00000     0.750000      1566309         4.00
  1060.00000     0.775000      1566309         4.44
  1073.00000     0.800000      1884320         5.00
  1073.00000     0.825000      1884320         5.71
  1073.00000     0.850000      1884320         6.67
  1073.00000     0.875000      1884320         8.00
  1073.00000     0.887500      1884320         8.89
  1073.00000     0.900000      1884320        10.00
  1073.00000     0.912500      1884320        11.43
  1073.00000     0.925000      1884320        13.33
  1085.00000     0.937500      1948291        16.00
  1085.00000     0.943750      1948291        17.78
  1085.00000     0.950000      1948291        20.00
  1085.00000     0.956250      1948291        22.86
  1085.00000     0.962500      1948291        26.67
  1097.00000     0.968750      1960636        32.00
  1097.00000     0.971875      1960636        35.56
  1110.00000     0.975000      1968146        40.00
  1122.00000     0.978125      1973034        45.71
  1159.00000     0.981250      1979377        53.33
  1319.00000     0.984375      1984963        64.00
  1369.00000     0.985938      1988687        71.11
  1418.00000     0.987500      1991377        80.00
  1492.00000     0.989062      1994480        91.43
  1554.00000     0.990625      1997461       106.67
  1615.00000     0.992188      2000890       128.00
  1640.00000     0.992969      2002377       142.22
  1677.00000     0.993750      2004092       160.00
  1714.00000     0.994531      2005713       182.86
  1751.00000     0.995313      2007301       213.33
  1788.00000     0.996094      2008754       256.00
  1800.00000     0.996484      2009174       284.44
  1837.00000     0.996875      2010018       320.00
  2035.00000     0.997266      2010730       365.71
  3983.00000     0.997656      2011514       426.67
  5735.00000     0.998047      2012300       512.00
  5870.00000     0.998242      2012694       568.89
  5981.00000     0.998437      2013120       640.00
  6105.00000     0.998633      2013501       731.43
  6240.00000     0.998828      2013918       853.33
  6351.00000     0.999023      2014291      1024.00
  6413.00000     0.999121      2014475      1137.78
  6475.00000     0.999219      2014690      1280.00
  6536.00000     0.999316      2014868      1462.86
  6598.00000     0.999414      2015079      1706.67
  6660.00000     0.999512      2015269      2048.00
  6697.00000     0.999561      2015379      2275.56
  6734.00000     0.999609      2015455      2560.00
  6783.00000     0.999658      2015555      2925.71
  6832.00000     0.999707      2015650      3413.33
  6906.00000     0.999756      2015747      4096.00
  6956.00000     0.999780      2015795      4551.11
  6993.00000     0.999805      2015843      5120.00
  7067.00000     0.999829      2015900      5851.43
  7153.00000     0.999854      2015943      6826.67
  7252.00000     0.999878      2015992      8192.00
  7301.00000     0.999890      2016014      9102.22
  7363.00000     0.999902      2016039     10240.00
  7461.00000     0.999915      2016066     11702.86
  7597.00000     0.999927      2016089     13653.33
  7733.00000     0.999939      2016112     16384.00
  7893.00000     0.999945      2016126     18204.44
  8115.00000     0.999951      2016137     20480.00
  8423.00000     0.999957      2016149     23405.71
  8892.00000     0.999963      2016162     27306.67
  9324.00000     0.999969      2016175     32768.00
  9459.00000     0.999973      2016180     36408.89
  9768.00000     0.999976      2016187     40960.00
 10175.00000     0.999979      2016192     46811.43
 10804.00000     0.999982      2016199     54613.33
 11013.00000     0.999985      2016205     65536.00
 11322.00000     0.999986      2016208     72817.78
 11531.00000     0.999988      2016211     81920.00
 11753.00000     0.999989      2016214     93622.86
 12666.00000     0.999991      2016217    109226.67
 15811.00000     0.999992      2016220    131072.00
 16822.00000     0.999993      2016222    145635.56
 16859.00000     0.999994      2016223    163840.00
 19400.00000     0.999995      2016225    187245.71
 20929.00000     0.999995      2016226    218453.33
 23667.00000     0.999996      2016228    262144.00
 24309.00000     0.999997      2016229    291271.11
 24309.00000     0.999997      2016229    327680.00
 25850.00000     0.999997      2016230    374491.43
 28305.00000     0.999998      2016231    436906.67
 30549.00000     0.999998      2016232    524288.00
 30549.00000     0.999998      2016232    582542.22
 30549.00000     0.999998      2016232    655360.00
 31265.00000     0.999999      2016233    748982.86
 31265.00000     0.999999      2016233    873813.33
 37592.00000     0.999999      2016234   1048576.00
 37592.00000     0.999999      2016234   1165084.44
 37592.00000     0.999999      2016234   1310720.00
 37592.00000     0.999999      2016234   1497965.71
 37592.00000     0.999999      2016234   1747626.67
 71052.00000     1.000000      2016235   2097152.00
 71052.00000     1.000000      2016235          inf
#[Mean    =     1077.123, StdDeviation   =      273.266]
#[Max     =    71052.000, Total count    =      2016235]
#[Buckets =           13, SubBuckets     =       262144]
       Value   Percentile   TotalCount 1/(1-Percentile)

     0.00000     0.000000        95864         1.00
    12.00000     0.100000      1523442         1.11
    12.00000     0.200000      1523442         1.25
    12.00000     0.300000      1523442         1.43
    12.00000     0.400000      1523442         1.67
    12.00000     0.500000      1523442         2.00
    12.00000     0.550000      1523442         2.22
    12.00000     0.600000      1523442         2.50
    12.00000     0.650000      1523442         2.86
    12.00000     0.700000      1523442         3.33
    12.00000     0.750000      1523442         4.00
    24.00000     0.775000      2013894         4.44
    24.00000     0.800000      2013894         5.00
    24.00000     0.825000      2013894         5.71
    24.00000     0.850000      2013894         6.67
    24.00000     0.875000      2013894         8.00
    24.00000     0.887500      2013894         8.89
    24.00000     0.900000      2013894        10.00
    24.00000     0.912500      2013894        11.43
    24.00000     0.925000      2013894        13.33
    24.00000     0.937500      2013894        16.00
    24.00000     0.943750      2013894        17.78
    24.00000     0.950000      2013894        20.00
    24.00000     0.956250      2013894        22.86
    24.00000     0.962500      2013894        26.67
    24.00000     0.968750      2013894        32.00
    24.00000     0.971875      2013894        35.56
    24.00000     0.975000      2013894        40.00
    24.00000     0.978125      2013894        45.71
    24.00000     0.981250      2013894        53.33
    24.00000     0.984375      2013894        64.00
    24.00000     0.985938      2013894        71.11
    24.00000     0.987500      2013894        80.00
    24.00000     0.989062      2013894        91.43
    24.00000     0.990625      2013894       106.67
    24.00000     0.992188      2013894       128.00
    24.00000     0.992969      2013894       142.22
    24.00000     0.993750      2013894       160.00
    24.00000     0.994531      2013894       182.86
    24.00000     0.995313      2013894       213.33
    24.00000     0.996094      2013894       256.00
    24.00000     0.996484      2013894       284.44
    24.00000     0.996875      2013894       320.00
    24.00000     0.997266      2013894       365.71
    24.00000     0.997656      2013894       426.67
    24.00000     0.998047      2013894       512.00
    24.00000     0.998242      2013894       568.89
    24.00000     0.998437      2013894       640.00
    24.00000     0.998633      2013894       731.43
    24.00000     0.998828      2013894       853.33
    37.00000     0.999023      2015685      1024.00
    37.00000     0.999121      2015685      1137.78
    37.00000     0.999219      2015685      1280.00
    37.00000     0.999316      2015685      1462.86
    37.00000     0.999414      2015685      1706.67
    37.00000     0.999512      2015685      2048.00
    37.00000     0.999561      2015685      2275.56
    37.00000     0.999609      2015685      2560.00
    37.00000     0.999658      2015685      2925.71
    37.00000     0.999707      2015685      3413.33
    49.00000     0.999756      2016044      4096.00
    49.00000     0.999780      2016044      4551.11
    49.00000     0.999805      2016044      5120.00
    49.00000     0.999829      2016044      5851.43
    49.00000     0.999854      2016044      6826.67
    49.00000     0.999878      2016044      8192.00
    49.00000     0.999890      2016044      9102.22
    49.00000     0.999902      2016044     10240.00
    61.00000     0.999915      2016183     11702.86
    61.00000     0.999927      2016183     13653.33
    61.00000     0.999939      2016183     16384.00
    61.00000     0.999945      2016183     18204.44
    61.00000     0.999951      2016183     20480.00
    61.00000     0.999957      2016183     23405.71
    61.00000     0.999963      2016183     27306.67
    61.00000     0.999969      2016183     32768.00
    61.00000     0.999973      2016183     36408.89
    74.00000     0.999976      2016208     40960.00
    74.00000     0.999979      2016208     46811.43
    74.00000     0.999982      2016208     54613.33
    74.00000     0.999985      2016208     65536.00
    74.00000     0.999986      2016208     72817.78
    86.00000     0.999988      2016215     81920.00
    86.00000     0.999989      2016215     93622.86
   111.00000     0.999991      2016218    109226.67
   148.00000     0.999992      2016220    131072.00
   197.00000     0.999993      2016222    145635.56
   209.00000     0.999994      2016223    163840.00
   308.00000     0.999995      2016225    187245.71
   320.00000     0.999995      2016226    218453.33
  3268.00000     0.999996      2016228    262144.00
  3305.00000     0.999997      2016229    291271.11
  3305.00000     0.999997      2016229    327680.00
  3576.00000     0.999997      2016230    374491.43
  3687.00000     0.999998      2016231    436906.67
  4156.00000     0.999998      2016232    524288.00
  4156.00000     0.999998      2016232    582542.22
  4156.00000     0.999998      2016232    655360.00
  4908.00000     0.999999      2016233    748982.86
  4908.00000     0.999999      2016233    873813.33
  5303.00000     0.999999      2016234   1048576.00
  5303.00000     0.999999      2016234   1165084.44
  5303.00000     0.999999      2016234   1310720.00
  5303.00000     0.999999      2016234   1497965.71
  5303.00000     0.999999      2016234   1747626.67
  5624.00000     1.000000      2016235   2097152.00
  5624.00000     1.000000      2016235          inf
#[Mean    =       14.401, StdDeviation   =       10.769]
#[Max     =     5624.000, Total count    =      2016235]
#[Buckets =           13, SubBuckets     =       262144]
       Value   Percentile   TotalCount 1/(1-Percentile)

    74.00000     0.000000           67         1.00
    98.00000     0.100000       487639         1.11
    98.00000     0.200000       487639         1.25
   111.00000     0.300000      1498484         1.43
   111.00000     0.400000      1498484         1.67
   111.00000     0.500000      1498484         2.00
   111.00000     0.550000      1498484         2.22
   111.00000     0.600000      1498484         2.50
   111.00000     0.650000      1498484         2.86
   111.00000     0.700000      1498484         3.33
   123.00000     0.750000      1735737         4.00
   123.00000     0.775000      1735737         4.44
   123.00000     0.800000      1735737         5.00
   123.00000     0.825000      1735737         5.71
   123.00000     0.850000      1735737         6.67
   135.00000     0.875000      1986004         8.00
   135.00000     0.887500      1986004         8.89
   135.00000     0.900000      1986004        10.00
   135.00000     0.912500      1986004        11.43
   135.00000     0.925000      1986004        13.33
   135.00000     0.937500      1986004        16.00
   135.00000     0.943750      1986004        17.78
   135.00000     0.950000      1986004        20.00
   135.00000     0.956250      1986004        22.86
   135.00000     0.962500      1986004        26.67
   135.00000     0.968750      1986004        32.00
   135.00000     0.971875      1986004        35.56
   135.00000     0.975000      1986004        40.00
   135.00000     0.978125      1986004        45.71
   135.00000     0.981250      1986004        53.33
   135.00000     0.984375      1986004        64.00
   148.00000     0.985938      2010420        71.11
   148.00000     0.987500      2010420        80.00
   148.00000     0.989062      2010420        91.43
   148.00000     0.990625      2010420       106.67
   148.00000     0.992188      2010420       128.00
   148.00000     0.992969      2010420       142.22
   148.00000     0.993750      2010420       160.00
   148.00000     0.994531      2010420       182.86
   148.00000     0.995313      2010420       213.33
   148.00000     0.996094      2010420       256.00
   148.00000     0.996484      2010420       284.44
   148.00000     0.996875      2010420       320.00
   160.00000     0.997266      2011956       365.71
   160.00000     0.997656      2011956       426.67
   172.00000     0.998047      2012499       512.00
   185.00000     0.998242      2012786       568.89
   221.00000     0.998437      2013087       640.00
   271.00000     0.998633      2013527       731.43
   382.00000     0.998828      2013879       853.33
   555.00000     0.999023      2014267      1024.00
   678.00000     0.999121      2014475      1137.78
   801.00000     0.999219      2014676      1280.00
   912.00000     0.999316      2014866      1462.86
  1060.00000     0.999414      2015061      1706.67
  1208.00000     0.999512      2015257      2048.00
  1319.00000     0.999561      2015355      2275.56
  1517.00000     0.999609      2015451      2560.00
  2232.00000     0.999658      2015546      2925.71
  3823.00000     0.999707      2015645      3413.33
  5352.00000     0.999756      2015743      4096.00
  6734.00000     0.999780      2015792      4551.11
  8584.00000     0.999805      2015842      5120.00
 11494.00000     0.999829      2015891      5851.43
 16341.00000     0.999854      2015940      6826.67
 37061.00000     0.999878      2015989      8192.00
 53588.00000     0.999890      2016014      9102.22
 63837.00000     0.999902      2016039     10240.00
 74530.00000     0.999915      2016063     11702.86
 88220.00000     0.999927      2016088     13653.33
100701.00000     0.999939      2016112     16384.00
109458.00000     0.999945      2016125     18204.44
118807.00000     0.999951      2016137     20480.00
127909.00000     0.999957      2016149     23405.71
137775.00000     0.999963      2016162     27306.67
144460.00000     0.999969      2016174     32768.00
149048.00000     0.999973      2016180     36408.89
152674.00000     0.999976      2016186     40960.00
157657.00000     0.999979      2016192     46811.43
166500.00000     0.999982      2016199     54613.33
177982.00000     0.999985      2016205     65536.00
185801.00000     0.999986      2016208     72817.78
193374.00000     0.999988      2016211     81920.00
200342.00000     0.999989      2016214     93622.86
208606.00000     0.999991      2016217    109226.67
214439.00000     0.999992      2016220    131072.00
217535.00000     0.999993      2016222    145635.56
223134.00000     0.999994      2016223    163840.00
228684.00000     0.999995      2016225    187245.71
233605.00000     0.999995      2016226    218453.33
248319.00000     0.999996      2016228    262144.00
254831.00000     0.999997      2016229    291271.11
254831.00000     0.999997      2016229    327680.00
261269.00000     0.999997      2016230    374491.43
262565.00000     0.999998      2016231    436906.67
265155.00000     0.999998      2016232    524288.00
265155.00000     0.999998      2016232    582542.22
265155.00000     0.999998      2016232    655360.00
270901.00000     0.999999      2016233    748982.86
270901.00000     0.999999      2016233    873813.33
279363.00000     0.999999      2016234   1048576.00
279363.00000     0.999999      2016234   1165084.44
279363.00000     0.999999      2016234   1310720.00
279363.00000     0.999999      2016234   1497965.71
279363.00000     0.999999      2016234   1747626.67
284579.00000     1.000000      2016235   2097152.00
284579.00000     1.000000      2016235          inf
#[Mean    =      129.033, StdDeviation   =     1394.686]
#[Max     =   284579.000, Total count    =      2016235]
#[Buckets =           13, SubBuckets     =       262144]
       Value   Percentile   TotalCount 1/(1-Percentile)

     0.00000     0.000000        14171         1.00
    37.00000     0.100000       451745         1.11
    37.00000     0.200000       451745         1.25
    49.00000     0.300000       812461         1.43
    49.00000     0.400000       812461         1.67
   111.00000     0.500000      1014045         2.00
   135.00000     0.550000      1134757         2.22
   148.00000     0.600000      1209847         2.50
   172.00000     0.650000      1362621         2.86
   185.00000     0.700000      1426106         3.33
   209.00000     0.750000      1531884         4.00
   222.00000     0.775000      1578824         4.44
   234.00000     0.800000      1622618         5.00
   246.00000     0.825000      1663509         5.71
   271.00000     0.850000      1733941         6.67
   296.00000     0.875000      1786662         8.00
   308.00000     0.887500      1807228         8.89
   320.00000     0.900000      1824942        10.00
   333.00000     0.912500      1840611        11.43
   357.00000     0.925000      1867089        13.33
   394.00000     0.937500      1898769        16.00
   407.00000     0.943750      1907629        17.78
   419.00000     0.950000      1915887        20.00
   444.00000     0.956250      1931006        22.86
   468.00000     0.962500      1943177        26.67
   505.00000     0.968750      1957367        32.00
   518.00000     0.971875      1961100        35.56
   542.00000     0.975000      1967679        40.00
   567.00000     0.978125      1973097        45.71
   604.00000     0.981250      1979267        53.33
   653.00000     0.984375      1984748        64.00
   703.00000     0.985938      1988607        71.11
   752.00000     0.987500      1991453        80.00
   826.00000     0.989062      1994408        91.43
   962.00000     0.990625      1997512       106.67
  1356.00000     0.992188      2000490       128.00
  1640.00000     0.992969      2002109       142.22
  1998.00000     0.993750      2003647       160.00
  2972.00000     0.994531      2005243       182.86
  3095.00000     0.995313      2006947       213.33
  3182.00000     0.996094      2008374       256.00
  3231.00000     0.996484      2009162       284.44
  3293.00000     0.996875      2010034       320.00
  3354.00000     0.997266      2010745       365.71
  3453.00000     0.997656      2011536       426.67
  3601.00000     0.998047      2012303       512.00
  3712.00000     0.998242      2012704       568.89
  3848.00000     0.998437      2013092       640.00
  4020.00000     0.998633      2013482       731.43
  4242.00000     0.998828      2013876       853.33
  4501.00000     0.999023      2014268      1024.00
  4649.00000     0.999121      2014473      1137.78
  4810.00000     0.999219      2014667      1280.00
  5032.00000     0.999316      2014862      1462.86
  5266.00000     0.999414      2015054      1706.67
  5587.00000     0.999512      2015258      2048.00
  5809.00000     0.999561      2015353      2275.56
  6031.00000     0.999609      2015450      2560.00
  6290.00000     0.999658      2015548      2925.71
  6512.00000     0.999707      2015649      3413.33
  6709.00000     0.999756      2015747      4096.00
  6808.00000     0.999780      2015792      4551.11
  6943.00000     0.999805      2015842      5120.00
  7091.00000     0.999829      2015894      5851.43
  7239.00000     0.999854      2015940      6826.67
  7400.00000     0.999878      2015991      8192.00
  7535.00000     0.999890      2016015      9102.22
  7671.00000     0.999902      2016039     10240.00
  7856.00000     0.999915      2016064     11702.86
  8090.00000     0.999927      2016089     13653.33
  8386.00000     0.999939      2016113     16384.00
  8547.00000     0.999945      2016125     18204.44
  8695.00000     0.999951      2016137     20480.00
  8954.00000     0.999957      2016150     23405.71
  9262.00000     0.999963      2016163     27306.67
  9570.00000     0.999969      2016176     32768.00
  9780.00000     0.999973      2016180     36408.89
 10088.00000     0.999976      2016186     40960.00
 10495.00000     0.999979      2016192     46811.43
 11272.00000     0.999982      2016199     54613.33
 11729.00000     0.999985      2016205     65536.00
 12407.00000     0.999986      2016208     72817.78
 16082.00000     0.999988      2016211     81920.00
 18919.00000     0.999989      2016214     93622.86
 20276.00000     0.999991      2016217    109226.67
 32399.00000     0.999992      2016220    131072.00
 36161.00000     0.999993      2016222    145635.56
 37925.00000     0.999994      2016223    163840.00
 44572.00000     0.999995      2016225    187245.71
 47828.00000     0.999995      2016226    218453.33
 49247.00000     0.999996      2016228    262144.00
 56215.00000     0.999997      2016229    291271.11
 56215.00000     0.999997      2016229    327680.00
 81708.00000     0.999997      2016230    374491.43
118597.00000     0.999998      2016231    436906.67
124665.00000     0.999998      2016232    524288.00
124665.00000     0.999998      2016232    582542.22
124665.00000     0.999998      2016232    655360.00
130955.00000     0.999999      2016233    748982.86
130955.00000     0.999999      2016233    873813.33
155757.00000     0.999999      2016234   1048576.00
155757.00000     0.999999      2016234   1165084.44
155757.00000     0.999999      2016234   1310720.00
155757.00000     0.999999      2016234   1497965.71
155757.00000     0.999999      2016234   1747626.67
166870.00000     1.000000      2016235   2097152.00
166870.00000     1.000000      2016235          inf
#[Mean    =      170.912, StdDeviation   =      413.824]
#[Max     =   166870.000, Total count    =      2016235]
#[Buckets =           13, SubBuckets     =       262144]
       Value   Percentile   TotalCount 1/(1-Percentile)

    86.00000     0.000000            5         1.00
   172.00000     0.100000       271686         1.11
   197.00000     0.200000       495319         1.25
   222.00000     0.300000       704983         1.43
   234.00000     0.400000       811366         1.67
   259.00000     0.500000      1030177         2.00
   271.00000     0.550000      1140816         2.22
   283.00000     0.600000      1251712         2.50
   296.00000     0.650000      1362400         2.86
   308.00000     0.700000      1472966         3.33
   320.00000     0.750000      1582593         4.00
   320.00000     0.775000      1582593         4.44
   333.00000     0.800000      1685325         5.00
   333.00000     0.825000      1685325         5.71
   345.00000     0.850000      1771270         6.67
   345.00000     0.875000      1771270         8.00
   357.00000     0.887500      1838407         8.89
   357.00000     0.900000      1838407        10.00
   370.00000     0.912500      1880911        11.43
   370.00000     0.925000      1880911        13.33
   382.00000     0.937500      1926912        16.00
   382.00000     0.943750      1926912        17.78
   382.00000     0.950000      1926912        20.00
   394.00000     0.956250      1948206        22.86
   394.00000     0.962500      1948206        26.67
   407.00000     0.968750      1959206        32.00
   419.00000     0.971875      1967184        35.56
   419.00000     0.975000      1967184        40.00
   431.00000     0.978125      1973663        45.71
   444.00000     0.981250      1978724        53.33
   481.00000     0.984375      1985372        64.00
   518.00000     0.985938      1987995        71.11
   604.00000     0.987500      1991091        80.00
   740.00000     0.989062      1994306        91.43
   925.00000     0.990625      1997379       106.67
  1023.00000     0.992188      2000507       128.00
  1097.00000     0.992969      2002212       142.22
  1258.00000     0.993750      2003729       160.00
  1406.00000     0.994531      2005262       182.86
  1640.00000     0.995313      2006913       213.33
  1776.00000     0.996094      2008375       256.00
  1985.00000     0.996484      2009170       284.44
  2207.00000     0.996875      2009949       320.00
  2429.00000     0.997266      2010729       365.71
  2799.00000     0.997656      2011546       426.67
  3194.00000     0.998047      2012313       512.00
  3478.00000     0.998242      2012708       568.89
  3749.00000     0.998437      2013092       640.00
  4205.00000     0.998633      2013495       731.43
  4699.00000     0.998828      2013874       853.33
  5303.00000     0.999023      2014275      1024.00
  5537.00000     0.999121      2014476      1137.78
  5809.00000     0.999219      2014667      1280.00
  6142.00000     0.999316      2014861      1462.86
  6722.00000     0.999414      2015054      1706.67
  7548.00000     0.999512      2015251      2048.00
  8189.00000     0.999561      2015349      2275.56
  9163.00000     0.999609      2015449      2560.00
 10767.00000     0.999658      2015546      2925.71
 12863.00000     0.999707      2015645      3413.33
 17562.00000     0.999756      2015743      4096.00
 20017.00000     0.999780      2015792      4551.11
 23125.00000     0.999805      2015842      5120.00
 27269.00000     0.999829      2015891      5851.43
 31548.00000     0.999854      2015940      6826.67
 35865.00000     0.999878      2015989      8192.00
 38837.00000     0.999890      2016014      9102.22
 41304.00000     0.999902      2016039     10240.00
 43635.00000     0.999915      2016063     11702.86
 47717.00000     0.999927      2016088     13653.33
 53625.00000     0.999939      2016112     16384.00
 58078.00000     0.999945      2016125     18204.44
 61580.00000     0.999951      2016137     20480.00
 71471.00000     0.999957      2016149     23405.71
 87554.00000     0.999963      2016162     27306.67
110445.00000     0.999969      2016174     32768.00
139921.00000     0.999973      2016180     36408.89
167647.00000     0.999976      2016186     40960.00
204548.00000     0.999979      2016192     46811.43
239390.00000     0.999982      2016199     54613.33
265993.00000     0.999985      2016205     65536.00
277191.00000     0.999986      2016208     72817.78
294163.00000     0.999988      2016211     81920.00
308493.00000     0.999989      2016214     93622.86
324737.00000     0.999991      2016217    109226.67
352315.00000     0.999992      2016220    131072.00
366473.00000     0.999993      2016222    145635.56
376499.00000     0.999994      2016223    163840.00
383875.00000     0.999995      2016225    187245.71
384615.00000     0.999995      2016226    218453.33
418643.00000     0.999996      2016228    262144.00
427511.00000     0.999997      2016229    291271.11
427511.00000     0.999997      2016229    327680.00
430347.00000     0.999997      2016230    374491.43
431235.00000     0.999998      2016231    436906.67
457085.00000     0.999998      2016232    524288.00
457085.00000     0.999998      2016232    582542.22
457085.00000     0.999998      2016232    655360.00
466151.00000     0.999999      2016233    748982.86
466151.00000     0.999999      2016233    873813.33
479385.00000     0.999999      2016234   1048576.00
479385.00000     0.999999      2016234   1165084.44
479385.00000     0.999999      2016234   1310720.00
479385.00000     0.999999      2016234   1497965.71
479385.00000     0.999999      2016234   1747626.67
491557.00000     1.000000      2016235   2097152.00
491557.00000     1.000000      2016235          inf
#[Mean    =      298.573, StdDeviation   =     1749.332]
#[Max     =   491557.000, Total count    =      2016235]
#[Buckets =           13, SubBuckets     =       262144]
       Value   Percentile   TotalCount 1/(1-Percentile)

     0.00000     0.000000       293190         1.00
     0.00000     0.100000       293190         1.11
    12.00000     0.200000      1987435         1.25
    12.00000     0.300000      1987435         1.43
    12.00000     0.400000      1987435         1.67
    12.00000     0.500000      1987435         2.00
    12.00000     0.550000      1987435         2.22
    12.00000     0.600000      1987435         2.50
    12.00000     0.650000      1987435         2.86
    12.00000     0.700000      1987435         3.33
    12.00000     0.750000      1987435         4.00
    12.00000     0.775000      1987435         4.44
    12.00000     0.800000      1987435         5.00
    12.00000     0.825000      1987435         5.71
    12.00000     0.850000      1987435         6.67
    12.00000     0.875000      1987435         8.00
    12.00000     0.887500      1987435         8.89
    12.00000     0.900000      1987435        10.00
    12.00000     0.912500      1987435        11.43
    12.00000     0.925000      1987435        13.33
    12.00000     0.937500      1987435        16.00
    12.00000     0.943750      1987435        17.78
    12.00000     0.950000      1987435        20.00
    12.00000     0.956250      1987435        22.86
    12.00000     0.962500      1987435        26.67
    12.00000     0.968750      1987435        32.00
    12.00000     0.971875      1987435        35.56
    12.00000     0.975000      1987435        40.00
    12.00000     0.978125      1987435        45.71
    12.00000     0.981250      1987435        53.33
    12.00000     0.984375      1987435        64.00
    24.00000     0.985938      2013380        71.11
    24.00000     0.987500      2013380        80.00
    24.00000     0.989062      2013380        91.43
    24.00000     0.990625      2013380       106.67
    24.00000     0.992188      2013380       128.00
    24.00000     0.992969      2013380       142.22
    24.00000     0.993750      2013380       160.00
    24.00000     0.994531      2013380       182.86
    24.00000     0.995313      2013380       213.33
    24.00000     0.996094      2013380       256.00
    24.00000     0.996484      2013380       284.44
    24.00000     0.996875      2013380       320.00
    24.00000     0.997266      2013380       365.71
    24.00000     0.997656      2013380       426.67
    24.00000     0.998047      2013380       512.00
    24.00000     0.998242      2013380       568.89
    24.00000     0.998437      2013380       640.00
    37.00000     0.998633      2014901       731.43
    37.00000     0.998828      2014901       853.33
    37.00000     0.999023      2014901      1024.00
    37.00000     0.999121      2014901      1137.78
    37.00000     0.999219      2014901      1280.00
    37.00000     0.999316      2014901      1462.86
    49.00000     0.999414      2015480      1706.67
    49.00000     0.999512      2015480      2048.00
    49.00000     0.999561      2015480      2275.56
    49.00000     0.999609      2015480      2560.00
    61.00000     0.999658      2015681      2925.71
    61.00000     0.999707      2015681      3413.33
    74.00000     0.999756      2015780      4096.00
    86.00000     0.999780      2015849      4551.11
    86.00000     0.999805      2015849      5120.00
   111.00000     0.999829      2015913      5851.43
   123.00000     0.999854      2015941      6826.67
   160.00000     0.999878      2016004      8192.00
   172.00000     0.999890      2016025      9102.22
   185.00000     0.999902      2016043     10240.00
   209.00000     0.999915      2016067     11702.86
   308.00000     0.999927      2016089     13653.33
   382.00000     0.999939      2016112     16384.00
   493.00000     0.999945      2016126     18204.44
   567.00000     0.999951      2016137     20480.00
   629.00000     0.999957      2016155     23405.71
   641.00000     0.999963      2016163     27306.67
   703.00000     0.999969      2016175     32768.00
   789.00000     0.999973      2016180     36408.89
   826.00000     0.999976      2016189     40960.00
   851.00000     0.999979      2016192     46811.43
   986.00000     0.999982      2016199     54613.33
  3687.00000     0.999985      2016205     65536.00
  4711.00000     0.999986      2016208     72817.78
  4847.00000     0.999988      2016212     81920.00
  5007.00000     0.999989      2016214     93622.86
  5106.00000     0.999991      2016217    109226.67
  5167.00000     0.999992      2016220    131072.00
  5192.00000     0.999993      2016223    145635.56
  5192.00000     0.999994      2016223    163840.00
  5266.00000     0.999995      2016225    187245.71
  5278.00000     0.999995      2016227    218453.33
  5315.00000     0.999996      2016229    262144.00
  5315.00000     0.999997      2016229    291271.11
  5315.00000     0.999997      2016229    327680.00
  5389.00000     0.999997      2016230    374491.43
  5426.00000     0.999998      2016231    436906.67
  5439.00000     0.999998      2016232    524288.00
  5439.00000     0.999998      2016232    582542.22
  5439.00000     0.999998      2016232    655360.00
  5648.00000     0.999999      2016233    748982.86
  5648.00000     0.999999      2016233    873813.33
  5747.00000     0.999999      2016234   1048576.00
  5747.00000     0.999999      2016234   1165084.44
  5747.00000     0.999999      2016234   1310720.00
  5747.00000     0.999999      2016234   1497965.71
  5747.00000     0.999999      2016234   1747626.67
  6413.00000     1.000000      2016235   2097152.00
  6413.00000     1.000000      2016235          inf
#[Mean    =       10.582, StdDeviation   =       21.572]
#[Max     =     6413.000, Total count    =      2016235]
#[Buckets =           13, SubBuckets     =       262144]
       Value   Percentile   TotalCount 1/(1-Percentile)

   629.00000     0.000000            2         1.00
   912.00000     0.100000       403783         1.11
   912.00000     0.200000       403783         1.25
   925.00000     0.300000       939585         1.43
   925.00000     0.400000       939585         1.67
   937.00000     0.500000      1399021         2.00
   937.00000     0.550000      1399021         2.22
   937.00000     0.600000      1399021         2.50
   937.00000     0.650000      1399021         2.86
   949.00000     0.700000      1622742         3.33
   949.00000     0.750000      1622742         4.00
   949.00000     0.775000      1622742         4.44
   949.00000     0.800000      1622742         5.00
   962.00000     0.825000      1725625         5.71
   962.00000     0.850000      1725625         6.67
   974.00000     0.875000      1807319         8.00
   974.00000     0.887500      1807319         8.89
   986.00000     0.900000      1867402        10.00
   986.00000     0.912500      1867402        11.43
   986.00000     0.925000      1867402        13.33
   999.00000     0.937500      1900682        16.00
  1011.00000     0.943750      1916874        17.78
  1011.00000     0.950000      1916874        20.00
  1048.00000     0.956250      1929646        22.86
  1233.00000     0.962500      1941387        26.67
  1393.00000     0.968750      1954036        32.00
  1480.00000     0.971875      1959669        35.56
  1948.00000     0.975000      1965878        40.00
  5735.00000     0.978125      1972214        45.71
  5858.00000     0.981250      1979295        53.33
  5907.00000     0.984375      1985075        64.00
  5932.00000     0.985938      1988423        71.11
  5957.00000     0.987500      1991876        80.00
  5981.00000     0.989062      1995155        91.43
  6006.00000     0.990625      1998254       106.67
  6031.00000     0.992188      2001223       128.00
  6043.00000     0.992969      2002495       142.22
  6055.00000     0.993750      2003692       160.00
  6080.00000     0.994531      2005791       182.86
  6104.00000     0.995313      2006904       213.33
  6117.00000     0.996094      2008389       256.00
  6141.00000     0.996484      2009157       284.44
  6154.00000     0.996875      2010221       320.00
  6178.00000     0.997266      2010788       365.71
  6203.00000     0.997656      2011771       426.67
  6240.00000     0.998047      2012524       512.00
  6253.00000     0.998242      2012727       568.89
  6277.00000     0.998437      2013100       640.00
  6314.00000     0.998633      2013551       731.43
  6351.00000     0.998828      2013887       853.33
  6401.00000     0.999023      2014288      1024.00
  6438.00000     0.999121      2014491      1137.78
  6475.00000     0.999219      2014700      1280.00
  6524.00000     0.999316      2014866      1462.86
  6623.00000     0.999414      2015062      1706.67
  6845.00000     0.999512      2015254      2048.00
  7030.00000     0.999561      2015350      2275.56
  7276.00000     0.999609      2015449      2560.00
  7523.00000     0.999658      2015547      2925.71
  7720.00000     0.999707      2015650      3413.33
  7893.00000     0.999756      2015751      4096.00
  7967.00000     0.999780      2015794      4551.11
  8053.00000     0.999805      2015844      5120.00
  8164.00000     0.999829      2015891      5851.43
  8349.00000     0.999854      2015944      6826.67
  8571.00000     0.999878      2015990      8192.00
  8707.00000     0.999890      2016015      9102.22
  8966.00000     0.999902      2016039     10240.00
  9163.00000     0.999915      2016064     11702.86
  9891.00000     0.999927      2016088     13653.33
 11038.00000     0.999939      2016112     16384.00
 12407.00000     0.999945      2016125     18204.44
 14701.00000     0.999951      2016137     20480.00
 15922.00000     0.999957      2016149     23405.71
 17562.00000     0.999963      2016162     27306.67
 20325.00000     0.999969      2016174     32768.00
 22311.00000     0.999973      2016180     36408.89
 24235.00000     0.999976      2016186     40960.00
 24925.00000     0.999979      2016192     46811.43
 26048.00000     0.999982      2016200     54613.33
 26911.00000     0.999985      2016205     65536.00
 27158.00000     0.999986      2016208     72817.78
 27417.00000     0.999988      2016211     81920.00
 27540.00000     0.999989      2016218     93622.86
 27540.00000     0.999991      2016218    109226.67
 27626.00000     0.999992      2016220    131072.00
 28009.00000     0.999993      2016222    145635.56
 29242.00000     0.999994      2016224    163840.00
 29945.00000     0.999995      2016226    187245.71
 29945.00000     0.999995      2016226    218453.33
 30130.00000     0.999996      2016228    262144.00
 30192.00000     0.999997      2016230    291271.11
 30192.00000     0.999997      2016230    327680.00
 30192.00000     0.999997      2016230    374491.43
 30327.00000     0.999998      2016231    436906.67
 33670.00000     0.999998      2016232    524288.00
 33670.00000     0.999998      2016232    582542.22
 33670.00000     0.999998      2016232    655360.00
 36654.00000     0.999999      2016233    748982.86
 36654.00000     0.999999      2016233    873813.33
 39294.00000     0.999999      2016234   1048576.00
 39294.00000     0.999999      2016234   1165084.44
 39294.00000     0.999999      2016234   1310720.00
 39294.00000     0.999999      2016234   1497965.71
 39294.00000     0.999999      2016234   1747626.67
 65736.00000     1.000000      2016235   2097152.00
 65736.00000     1.000000      2016235          inf
#[Mean    =     1065.002, StdDeviation   =      792.181]
#[Max     =    65736.000, Total count    =      2016235]
#[Buckets =           13, SubBuckets     =       262144]

=== EXCHANGE STDERR ===
matching tid: 47145
