=== CLIENT STDERR ===
=== Exchange load generator ===
  clients  : 10
  seed     : 3133508468
  target   : 127.0.0.1:4000
  thread id: 49333
Ctrl-C to stop.


=== Stats ===
  elapsed         : 14.998 s
  requests sent   : 2389993
  ACK responses   : 2389983
  MATCH responses : 1372570
  ERR responses   : 0
  orders in flight: -10
  --- throughput ---
  requests/s      : 159353
  ACK/s           : 159353
  MATCH/s         : 91516
  ERR/s           : 0
  total resp/s    : 159353

=== EXCHANGE STDOUT ===
exchange tid: 49327
inbound thread: 49334
outbound thread: 49335
       Value   Percentile   TotalCount 1/(1-Percentile)

  2096.00000     0.000000            2         1.00
  2368.00000     0.100000       184681         1.11
  2429.00000     0.200000       378643         1.25
  2479.00000     0.300000       552212         1.43
  2540.00000     0.400000       744421         1.67
  2614.00000     0.500000       920684         2.00
  2664.00000     0.550000      1016061         2.22
  2725.00000     0.600000      1114968         2.50
  2787.00000     0.650000      1196791         2.86
  2873.00000     0.700000      1293916         3.33
  2960.00000     0.750000      1380466         4.00
  3009.00000     0.775000      1425073         4.44
  3058.00000     0.800000      1465808         5.00
  3120.00000     0.825000      1511120         5.71
  3194.00000     0.850000      1557099         6.67
  3280.00000     0.875000      1601594         8.00
  3342.00000     0.887500      1627589         8.89
  3404.00000     0.900000      1649217        10.00
  3478.00000     0.912500      1670014        11.43
  3589.00000     0.925000      1693568        13.33
  3749.00000     0.937500      1716213        16.00
  3872.00000     0.943750      1727870        17.78
  4033.00000     0.950000      1738438        20.00
  4329.00000     0.956250      1750034        22.86
  5180.00000     0.962500      1761312        26.67
  7301.00000     0.968750      1772921        32.00
  7461.00000     0.971875      1779103        35.56
  7560.00000     0.975000      1784875        40.00
  7659.00000     0.978125      1790489        45.71
  7770.00000     0.981250      1795640        53.33
  7955.00000     0.984375      1801577        64.00
  8078.00000     0.985938      1804246        71.11
  8263.00000     0.987500      1807042        80.00
  8547.00000     0.989062      1809990        91.43
  8978.00000     0.990625      1812793       106.67
  9459.00000     0.992188      1815636       128.00
  9681.00000     0.992969      1817059       142.22
  9965.00000     0.993750      1818490       160.00
 10335.00000     0.994531      1819935       182.86
 10791.00000     0.995313      1821360       213.33
 11408.00000     0.996094      1822777       256.00
 11803.00000     0.996484      1823489       284.44
 12296.00000     0.996875      1824200       320.00
 12839.00000     0.997266      1824914       365.71
 13554.00000     0.997656      1825630       426.67
 14479.00000     0.998047      1826341       512.00
 15046.00000     0.998242      1826698       568.89
 15725.00000     0.998437      1827057       640.00
 16563.00000     0.998633      1827416       731.43
 17883.00000     0.998828      1827772       853.33
 19955.00000     0.999023      1828127      1024.00
 21053.00000     0.999121      1828306      1137.78
 22804.00000     0.999219      1828485      1280.00
 25086.00000     0.999316      1828665      1462.86
 29242.00000     0.999414      1828842      1706.67
 36062.00000     0.999512      1829021      2048.00
 42994.00000     0.999561      1829110      2275.56
 52231.00000     0.999609      1829200      2560.00
 69917.00000     0.999658      1829289      2925.71
 91513.00000     0.999707      1829378      3413.33
116636.00000     0.999756      1829468      4096.00
128587.00000     0.999780      1829512      4551.11
138762.00000     0.999805      1829557      5120.00
149874.00000     0.999829      1829602      5851.43
164378.00000     0.999854      1829646      6826.67
182336.00000     0.999878      1829691      8192.00
191980.00000     0.999890      1829713      9102.22
201391.00000     0.999902      1829736     10240.00
208125.00000     0.999915      1829758     11702.86
221765.00000     0.999927      1829780     13653.33
236997.00000     0.999939      1829803     16384.00
245273.00000     0.999945      1829814     18204.44
256397.00000     0.999951      1829825     20480.00
269459.00000     0.999957      1829836     23405.71
293829.00000     0.999963      1829847     27306.67
318903.00000     0.999969      1829859     32768.00
344137.00000     0.999973      1829864     36408.89
3308543.00000     0.999976      1829870     40960.00
3348607.00000     0.999979      1829875     46811.43
3395295.00000     0.999982      1829881     54613.33
3496447.00000     0.999985      1829887     65536.00
3515567.00000     0.999986      1829889     72817.78
3538719.00000     0.999988      1829892     81920.00
3573935.00000     0.999989      1829895     93622.86
3606111.00000     0.999991      1829898    109226.67
3643215.00000     0.999992      1829901    131072.00
3660127.00000     0.999993      1829902    145635.56
3677791.00000     0.999994      1829903    163840.00
3690591.00000     0.999995      1829905    187245.71
3700335.00000     0.999995      1829906    218453.33
3704911.00000     0.999996      1829908    262144.00
3704911.00000     0.999997      1829908    291271.11
3710495.00000     0.999997      1829909    327680.00
3716751.00000     0.999997      1829910    374491.43
3716751.00000     0.999998      1829910    436906.67
3765887.00000     0.999998      1829911    524288.00
3765887.00000     0.999998      1829911    582542.22
3769087.00000     0.999998      1829912    655360.00
3769087.00000     0.999999      1829912    748982.86
3769087.00000     0.999999      1829912    873813.33
3779599.00000     0.999999      1829913   1048576.00
3779599.00000     0.999999      1829913   1165084.44
3779599.00000     0.999999      1829913   1310720.00
3779599.00000     0.999999      1829913   1497965.71
3779599.00000     0.999999      1829913   1747626.67
3793327.00000     1.000000      1829914   2097152.00
3793327.00000     1.000000      1829914          inf
#[Mean    =     3088.838, StdDeviation   =    17856.251]
#[Max     =  3793327.000, Total count    =      1829914]
#[Buckets =           13, SubBuckets     =       262144]
       Value   Percentile   TotalCount 1/(1-Percentile)

   974.00000     0.000000            4         1.00
  1036.00000     0.100000       555176         1.11
  1036.00000     0.200000       555176         1.25
  1036.00000     0.300000       555176         1.43
  1048.00000     0.400000      1053880         1.67
  1048.00000     0.500000      1053880         2.00
  1048.00000     0.550000      1053880         2.22
  1060.00000     0.600000      1279201         2.50
  1060.00000     0.650000      1279201         2.86
  1073.00000     0.700000      1361093         3.33
  1085.00000     0.750000      1391816         4.00
  1110.00000     0.775000      1421759         4.44
  1221.00000     0.800000      1465900         5.00
  1270.00000     0.825000      1512219         5.71
  1307.00000     0.850000      1573364         6.67
  1332.00000     0.875000      1613053         8.00
  1344.00000     0.887500      1630634         8.89
  1369.00000     0.900000      1659421        10.00
  1381.00000     0.912500      1670590        11.43
  1418.00000     0.925000      1697053        13.33
  1455.00000     0.937500      1719626        16.00
  1480.00000     0.943750      1733114        17.78
  1492.00000     0.950000      1739701        20.00
  1517.00000     0.956250      1751870        22.86
  1541.00000     0.962500      1763234        26.67
  1566.00000     0.968750      1773655        32.00
  1578.00000     0.971875      1778505        35.56
  1603.00000     0.975000      1787096        40.00
  1615.00000     0.978125      1790728        45.71
  1640.00000     0.981250      1797175        53.33
  1665.00000     0.984375      1802047        64.00
  1677.00000     0.985938      1804200        71.11
  1702.00000     0.987500      1807685        80.00
  1726.00000     0.989062      1810450        91.43
  1763.00000     0.990625      1813719       106.67
  1800.00000     0.992188      1815952       128.00
  1837.00000     0.992969      1817462       142.22
  1887.00000     0.993750      1818507       160.00
  2022.00000     0.994531      1819928       182.86
  2244.00000     0.995313      1821411       213.33
  2442.00000     0.996094      1822811       256.00
  2577.00000     0.996484      1823528       284.44
  2849.00000     0.996875      1824211       320.00
  3576.00000     0.997266      1824913       365.71
  5698.00000     0.997656      1825627       426.67
  6105.00000     0.998047      1826353       512.00
  6302.00000     0.998242      1826706       568.89
  6487.00000     0.998437      1827079       640.00
  6660.00000     0.998633      1827429       731.43
  6869.00000     0.998828      1827789       853.33
  7079.00000     0.999023      1828127      1024.00
  7227.00000     0.999121      1828308      1137.78
  7412.00000     0.999219      1828495      1280.00
  7622.00000     0.999316      1828665      1462.86
  7992.00000     0.999414      1828843      1706.67
  8411.00000     0.999512      1829022      2048.00
  8658.00000     0.999561      1829110      2275.56
  8966.00000     0.999609      1829201      2560.00
  9274.00000     0.999658      1829291      2925.71
  9558.00000     0.999707      1829383      3413.33
 10088.00000     0.999756      1829468      4096.00
 10421.00000     0.999780      1829512      4551.11
 11038.00000     0.999805      1829557      5120.00
 11790.00000     0.999829      1829602      5851.43
 12962.00000     0.999854      1829646      6826.67
 13443.00000     0.999878      1829691      8192.00
 13603.00000     0.999890      1829716      9102.22
 13739.00000     0.999902      1829739     10240.00
 13838.00000     0.999915      1829760     11702.86
 13961.00000     0.999927      1829780     13653.33
 14171.00000     0.999939      1829803     16384.00
 14405.00000     0.999945      1829814     18204.44
 14923.00000     0.999951      1829825     20480.00
 16181.00000     0.999957      1829836     23405.71
 17612.00000     0.999963      1829847     27306.67
 21756.00000     0.999969      1829859     32768.00
 23371.00000     0.999973      1829864     36408.89
 25197.00000     0.999976      1829870     40960.00
 25382.00000     0.999979      1829875     46811.43
 25678.00000     0.999982      1829881     54613.33
 27133.00000     0.999985      1829887     65536.00
 27478.00000     0.999986      1829889     72817.78
 28144.00000     0.999988      1829892     81920.00
 28958.00000     0.999989      1829895     93622.86
 31339.00000     0.999991      1829898    109226.67
 34064.00000     0.999992      1829901    131072.00
 34915.00000     0.999993      1829902    145635.56
 39331.00000     0.999994      1829903    163840.00
 40219.00000     0.999995      1829905    187245.71
 41131.00000     0.999995      1829906    218453.33
 41366.00000     0.999996      1829908    262144.00
 41366.00000     0.999997      1829908    291271.11
 54057.00000     0.999997      1829909    327680.00
 57202.00000     0.999997      1829910    374491.43
 57202.00000     0.999998      1829910    436906.67
 93116.00000     0.999998      1829911    524288.00
 93116.00000     0.999998      1829911    582542.22
 94115.00000     0.999998      1829912    655360.00
 94115.00000     0.999999      1829912    748982.86
 94115.00000     0.999999      1829912    873813.33
106954.00000     0.999999      1829913   1048576.00
106954.00000     0.999999      1829913   1165084.44
106954.00000     0.999999      1829913   1310720.00
106954.00000     0.999999      1829913   1497965.71
106954.00000     0.999999      1829913   1747626.67
107682.00000     1.000000      1829914   2097152.00
107682.00000     1.000000      1829914          inf
#[Mean    =     1140.629, StdDeviation   =      428.733]
#[Max     =   107682.000, Total count    =      1829914]
#[Buckets =           13, SubBuckets     =       262144]
       Value   Percentile   TotalCount 1/(1-Percentile)

     0.00000     0.000000        94768         1.00
    12.00000     0.100000      1321862         1.11
    12.00000     0.200000      1321862         1.25
    12.00000     0.300000      1321862         1.43
    12.00000     0.400000      1321862         1.67
    12.00000     0.500000      1321862         2.00
    12.00000     0.550000      1321862         2.22
    12.00000     0.600000      1321862         2.50
    12.00000     0.650000      1321862         2.86
    12.00000     0.700000      1321862         3.33
    24.00000     0.750000      1806800         4.00
    24.00000     0.775000      1806800         4.44
    24.00000     0.800000      1806800         5.00
    24.00000     0.825000      1806800         5.71
    24.00000     0.850000      1806800         6.67
    24.00000     0.875000      1806800         8.00
    24.00000     0.887500      1806800         8.89
    24.00000     0.900000      1806800        10.00
    24.00000     0.912500      1806800        11.43
    24.00000     0.925000      1806800        13.33
    24.00000     0.937500      1806800        16.00
    24.00000     0.943750      1806800        17.78
    24.00000     0.950000      1806800        20.00
    24.00000     0.956250      1806800        22.86
    24.00000     0.962500      1806800        26.67
    24.00000     0.968750      1806800        32.00
    24.00000     0.971875      1806800        35.56
    24.00000     0.975000      1806800        40.00
    24.00000     0.978125      1806800        45.71
    24.00000     0.981250      1806800        53.33
    24.00000     0.984375      1806800        64.00
    24.00000     0.985938      1806800        71.11
    37.00000     0.987500      1822857        80.00
    37.00000     0.989062      1822857        91.43
    37.00000     0.990625      1822857       106.67
    37.00000     0.992188      1822857       128.00
    37.00000     0.992969      1822857       142.22
    37.00000     0.993750      1822857       160.00
    37.00000     0.994531      1822857       182.86
    37.00000     0.995313      1822857       213.33
    37.00000     0.996094      1822857       256.00
    49.00000     0.996484      1828153       284.44
    49.00000     0.996875      1828153       320.00
    49.00000     0.997266      1828153       365.71
    49.00000     0.997656      1828153       426.67
    49.00000     0.998047      1828153       512.00
    49.00000     0.998242      1828153       568.89
    49.00000     0.998437      1828153       640.00
    49.00000     0.998633      1828153       731.43
    49.00000     0.998828      1828153       853.33
    49.00000     0.999023      1828153      1024.00
    61.00000     0.999121      1829493      1137.78
    61.00000     0.999219      1829493      1280.00
    61.00000     0.999316      1829493      1462.86
    61.00000     0.999414      1829493      1706.67
    61.00000     0.999512      1829493      2048.00
    61.00000     0.999561      1829493      2275.56
    61.00000     0.999609      1829493      2560.00
    61.00000     0.999658      1829493      2925.71
    61.00000     0.999707      1829493      3413.33
    61.00000     0.999756      1829493      4096.00
    74.00000     0.999780      1829682      4551.11
    74.00000     0.999805      1829682      5120.00
    74.00000     0.999829      1829682      5851.43
    74.00000     0.999854      1829682      6826.67
    86.00000     0.999878      1829728      8192.00
    86.00000     0.999890      1829728      9102.22
    98.00000     0.999902      1829755     10240.00
   111.00000     0.999915      1829784     11702.86
   111.00000     0.999927      1829784     13653.33
   123.00000     0.999939      1829804     16384.00
   135.00000     0.999945      1829816     18204.44
   148.00000     0.999951      1829842     20480.00
   148.00000     0.999957      1829842     23405.71
   160.00000     0.999963      1829857     27306.67
   172.00000     0.999969      1829861     32768.00
   185.00000     0.999973      1829866     36408.89
   197.00000     0.999976      1829872     40960.00
   222.00000     0.999979      1829877     46811.43
   234.00000     0.999982      1829881     54613.33
   259.00000     0.999985      1829887     65536.00
   308.00000     0.999986      1829891     72817.78
   320.00000     0.999988      1829895     81920.00
   320.00000     0.999989      1829895     93622.86
   370.00000     0.999991      1829899    109226.67
   407.00000     0.999992      1829901    131072.00
   468.00000     0.999993      1829902    145635.56
   493.00000     0.999994      1829903    163840.00
   567.00000     0.999995      1829905    187245.71
  3626.00000     0.999995      1829906    218453.33
  4625.00000     0.999996      1829908    262144.00
  4625.00000     0.999997      1829908    291271.11
  4834.00000     0.999997      1829909    327680.00
  5636.00000     0.999997      1829910    374491.43
  5636.00000     0.999998      1829910    436906.67
  5661.00000     0.999998      1829911    524288.00
  5661.00000     0.999998      1829911    582542.22
  5685.00000     0.999998      1829912    655360.00
  5685.00000     0.999999      1829912    748982.86
  5685.00000     0.999999      1829912    873813.33
 11457.00000     0.999999      1829913   1048576.00
 11457.00000     0.999999      1829913   1165084.44
 11457.00000     0.999999      1829913   1310720.00
 11457.00000     0.999999      1829913   1497965.71
 11457.00000     0.999999      1829913   1747626.67
 12247.00000     1.000000      1829914   2097152.00
 12247.00000     1.000000      1829914          inf
#[Mean    =       14.976, StdDeviation   =       17.251]
#[Max     =    12247.000, Total count    =      1829914]
#[Buckets =           13, SubBuckets     =       262144]
       Value   Percentile   TotalCount 1/(1-Percentile)

    61.00000     0.000000            2         1.00
    98.00000     0.100000       486821         1.11
    98.00000     0.200000       486821         1.25
   111.00000     0.300000      1297643         1.43
   111.00000     0.400000      1297643         1.67
   111.00000     0.500000      1297643         2.00
   111.00000     0.550000      1297643         2.22
   111.00000     0.600000      1297643         2.50
   111.00000     0.650000      1297643         2.86
   111.00000     0.700000      1297643         3.33
   123.00000     0.750000      1549590         4.00
   123.00000     0.775000      1549590         4.44
   123.00000     0.800000      1549590         5.00
   123.00000     0.825000      1549590         5.71
   135.00000     0.850000      1760123         6.67
   135.00000     0.875000      1760123         8.00
   135.00000     0.887500      1760123         8.89
   135.00000     0.900000      1760123        10.00
   135.00000     0.912500      1760123        11.43
   135.00000     0.925000      1760123        13.33
   135.00000     0.937500      1760123        16.00
   135.00000     0.943750      1760123        17.78
   135.00000     0.950000      1760123        20.00
   135.00000     0.956250      1760123        22.86
   147.00000     0.962500      1763356        26.67
   148.00000     0.968750      1804640        32.00
   148.00000     0.971875      1804640        35.56
   148.00000     0.975000      1804640        40.00
   148.00000     0.978125      1804640        45.71
   148.00000     0.981250      1804640        53.33
   148.00000     0.984375      1804640        64.00
   148.00000     0.985938      1804640        71.11
   160.00000     0.987500      1811836        80.00
   160.00000     0.989062      1811836        91.43
   172.00000     0.990625      1814642       106.67
   185.00000     0.992188      1816289       128.00
   197.00000     0.992969      1817527       142.22
   222.00000     0.993750      1818892       160.00
   259.00000     0.994531      1820121       182.86
   370.00000     0.995313      1821438       213.33
   567.00000     0.996094      1822771       256.00
   727.00000     0.996484      1823493       284.44
   937.00000     0.996875      1824227       320.00
  1196.00000     0.997266      1824924       365.71
  1603.00000     0.997656      1825629       426.67
  2207.00000     0.998047      1826345       512.00
  2602.00000     0.998242      1826701       568.89
  3095.00000     0.998437      1827061       640.00
  3724.00000     0.998633      1827416       731.43
  4489.00000     0.998828      1827773       853.33
  5451.00000     0.999023      1828131      1024.00
  6068.00000     0.999121      1828309      1137.78
  6869.00000     0.999219      1828487      1280.00
  8016.00000     0.999316      1828666      1462.86
  9743.00000     0.999414      1828844      1706.67
 12814.00000     0.999512      1829021      2048.00
 14997.00000     0.999561      1829110      2275.56
 19314.00000     0.999609      1829200      2560.00
 27552.00000     0.999658      1829289      2925.71
 44067.00000     0.999707      1829378      3413.33
 65946.00000     0.999756      1829468      4096.00
 76380.00000     0.999780      1829512      4551.11
 88911.00000     0.999805      1829557      5120.00
102675.00000     0.999829      1829602      5851.43
117154.00000     0.999854      1829646      6826.67
132423.00000     0.999878      1829691      8192.00
141833.00000     0.999890      1829713      9102.22
152945.00000     0.999902      1829736     10240.00
160666.00000     0.999915      1829758     11702.86
173493.00000     0.999927      1829780     13653.33
190167.00000     0.999939      1829803     16384.00
200256.00000     0.999945      1829814     18204.44
209827.00000     0.999951      1829825     20480.00
221025.00000     0.999957      1829836     23405.71
239821.00000     0.999963      1829847     27306.67
263959.00000     0.999969      1829859     32768.00
300637.00000     0.999973      1829864     36408.89
3255951.00000     0.999976      1829870     40960.00
3293023.00000     0.999979      1829875     46811.43
3340351.00000     0.999982      1829881     54613.33
3467183.00000     0.999985      1829887     65536.00
3479935.00000     0.999986      1829889     72817.78
3507247.00000     0.999988      1829892     81920.00
3536991.00000     0.999989      1829895     93622.86
3563679.00000     0.999991      1829898    109226.67
3633919.00000     0.999992      1829901    131072.00
3642319.00000     0.999993      1829902    145635.56
3646751.00000     0.999994      1829903    163840.00
3657487.00000     0.999995      1829905    187245.71
3663423.00000     0.999995      1829906    218453.33
3674975.00000     0.999996      1829908    262144.00
3674975.00000     0.999997      1829908    291271.11
3691311.00000     0.999997      1829909    327680.00
3699519.00000     0.999997      1829910    374491.43
3699519.00000     0.999998      1829910    436906.67
3723951.00000     0.999998      1829911    524288.00
3723951.00000     0.999998      1829911    582542.22
3732671.00000     0.999998      1829912    655360.00
3732671.00000     0.999999      1829912    748982.86
3732671.00000     0.999999      1829912    873813.33
3733903.00000     0.999999      1829913   1048576.00
3733903.00000     0.999999      1829913   1165084.44
3733903.00000     0.999999      1829913   1310720.00
3733903.00000     0.999999      1829913   1497965.71
3733903.00000     0.999999      1829913   1747626.67
3753775.00000     1.000000      1829914   2097152.00
3753775.00000     1.000000      1829914          inf
#[Mean    =      245.979, StdDeviation   =    17518.144]
#[Max     =  3753775.000, Total count    =      1829914]
#[Buckets =           13, SubBuckets     =       262144]
       Value   Percentile   TotalCount 1/(1-Percentile)

     0.00000     0.000000        10313         1.00
    37.00000     0.100000       351433         1.11
    49.00000     0.200000       671171         1.25
    49.00000     0.300000       671171         1.43
    61.00000     0.400000       748580         1.67
   123.00000     0.500000       926622         2.00
   148.00000     0.550000      1018047         2.22
   172.00000     0.600000      1118730         2.50
   197.00000     0.650000      1205134         2.86
   222.00000     0.700000      1282368         3.33
   259.00000     0.750000      1390519         4.00
   271.00000     0.775000      1423128         4.44
   296.00000     0.800000      1479200         5.00
   320.00000     0.825000      1524881         5.71
   345.00000     0.850000      1563736         6.67
   382.00000     0.875000      1613651         8.00
   394.00000     0.887500      1628218         8.89
   419.00000     0.900000      1654213        10.00
   444.00000     0.912500      1677250        11.43
   468.00000     0.925000      1697096        13.33
   505.00000     0.937500      1721657        16.00
   518.00000     0.943750      1728443        17.78
   542.00000     0.950000      1740184        20.00
   567.00000     0.956250      1750236        22.86
   604.00000     0.962500      1762992        26.67
   653.00000     0.968750      1775521        32.00
   678.00000     0.971875      1780311        35.56
   703.00000     0.975000      1784619        40.00
   740.00000     0.978125      1790099        45.71
   801.00000     0.981250      1796504        53.33
   863.00000     0.984375      1801418        64.00
   912.00000     0.985938      1804195        71.11
   986.00000     0.987500      1807179        80.00
  1097.00000     0.989062      1810005        91.43
  1319.00000     0.990625      1812820       106.67
  1689.00000     0.992188      1815629       128.00
  1985.00000     0.992969      1817061       142.22
  3342.00000     0.993750      1818481       160.00
  4933.00000     0.994531      1819955       182.86
  5217.00000     0.995313      1821377       213.33
  5599.00000     0.996094      1822785       256.00
  5883.00000     0.996484      1823506       284.44
  6277.00000     0.996875      1824199       320.00
  6795.00000     0.997266      1824931       365.71
  7350.00000     0.997656      1825626       426.67
  7979.00000     0.998047      1826350       512.00
  8325.00000     0.998242      1826708       568.89
  8658.00000     0.998437      1827060       640.00
  9015.00000     0.998633      1827413       731.43
  9435.00000     0.998828      1827782       853.33
  9903.00000     0.999023      1828135      1024.00
 10125.00000     0.999121      1828314      1137.78
 10384.00000     0.999219      1828485      1280.00
 10742.00000     0.999316      1828671      1462.86
 11124.00000     0.999414      1828844      1706.67
 11556.00000     0.999512      1829022      2048.00
 11827.00000     0.999561      1829114      2275.56
 12099.00000     0.999609      1829200      2560.00
 12456.00000     0.999658      1829291      2925.71
 12826.00000     0.999707      1829380      3413.33
 13270.00000     0.999756      1829468      4096.00
 13529.00000     0.999780      1829512      4551.11
 13887.00000     0.999805      1829558      5120.00
 14232.00000     0.999829      1829602      5851.43
 14590.00000     0.999854      1829647      6826.67
 15281.00000     0.999878      1829691      8192.00
 15836.00000     0.999890      1829713      9102.22
 16477.00000     0.999902      1829736     10240.00
 17180.00000     0.999915      1829758     11702.86
 18068.00000     0.999927      1829780     13653.33
 19166.00000     0.999939      1829803     16384.00
 19721.00000     0.999945      1829814     18204.44
 20288.00000     0.999951      1829825     20480.00
 20954.00000     0.999957      1829836     23405.71
 22545.00000     0.999963      1829847     27306.67
 24321.00000     0.999969      1829859     32768.00
 24777.00000     0.999973      1829864     36408.89
 25702.00000     0.999976      1829870     40960.00
 27417.00000     0.999979      1829875     46811.43
 30969.00000     0.999982      1829881     54613.33
 34052.00000     0.999985      1829887     65536.00
 35779.00000     0.999986      1829889     72817.78
 36654.00000     0.999988      1829892     81920.00
 38504.00000     0.999989      1829895     93622.86
 42019.00000     0.999991      1829898    109226.67
 47039.00000     0.999992      1829901    131072.00
 47606.00000     0.999993      1829902    145635.56
 51812.00000     0.999994      1829903    163840.00
 67981.00000     0.999995      1829905    187245.71
 68203.00000     0.999995      1829906    218453.33
 73186.00000     0.999996      1829908    262144.00
 73186.00000     0.999997      1829908    291271.11
 81264.00000     0.999997      1829909    327680.00
129660.00000     0.999997      1829910    374491.43
129660.00000     0.999998      1829910    436906.67
131658.00000     0.999998      1829911    524288.00
131658.00000     0.999998      1829911    582542.22
154117.00000     0.999998      1829912    655360.00
154117.00000     0.999999      1829912    748982.86
154117.00000     0.999999      1829912    873813.33
253228.00000     0.999999      1829913   1048576.00
253228.00000     0.999999      1829913   1165084.44
253228.00000     0.999999      1829913   1310720.00
253228.00000     0.999999      1829913   1497965.71
253228.00000     0.999999      1829913   1747626.67
258852.00000     1.000000      1829914   2097152.00
258852.00000     1.000000      1829914          inf
#[Mean    =      226.104, StdDeviation   =      732.367]
#[Max     =   258852.000, Total count    =      1829914]
#[Buckets =           13, SubBuckets     =       262144]
       Value   Percentile   TotalCount 1/(1-Percentile)

    86.00000     0.000000            4         1.00
   185.00000     0.100000       264689         1.11
   209.00000     0.200000       442559         1.25
   234.00000     0.300000       629988         1.43
   259.00000     0.400000       822757         1.67
   271.00000     0.500000       919986         2.00
   283.00000     0.550000      1016830         2.22
   296.00000     0.600000      1114276         2.50
   308.00000     0.650000      1210966         2.86
   320.00000     0.700000      1306810         3.33
   333.00000     0.750000      1398039         4.00
   345.00000     0.775000      1479097         4.44
   345.00000     0.800000      1479097         5.00
   357.00000     0.825000      1546095         5.71
   370.00000     0.850000      1594085         6.67
   382.00000     0.875000      1645661         8.00
   382.00000     0.887500      1645661         8.89
   394.00000     0.900000      1679114        10.00
   394.00000     0.912500      1679114        11.43
   407.00000     0.925000      1701854        13.33
   419.00000     0.937500      1721175        16.00
   431.00000     0.943750      1737495        17.78
   444.00000     0.950000      1751195        20.00
   444.00000     0.956250      1751195        22.86
   456.00000     0.962500      1761837        26.67
   481.00000     0.968750      1775632        32.00
   493.00000     0.971875      1779770        35.56
   518.00000     0.975000      1785212        40.00
   567.00000     0.978125      1790405        45.71
   703.00000     0.981250      1795828        53.33
   949.00000     0.984375      1801569        64.00
  1036.00000     0.985938      1804234        71.11
  1196.00000     0.987500      1807118        80.00
  1356.00000     0.989062      1810076        91.43
  1529.00000     0.990625      1812857       106.67
  1763.00000     0.992188      1815623       128.00
  1961.00000     0.992969      1817102       142.22
  2158.00000     0.993750      1818547       160.00
  2392.00000     0.994531      1819930       182.86
  2750.00000     0.995313      1821392       213.33
  3256.00000     0.996094      1822772       256.00
  3576.00000     0.996484      1823508       284.44
  4082.00000     0.996875      1824209       320.00
  4723.00000     0.997266      1824922       365.71
  5352.00000     0.997656      1825633       426.67
  5673.00000     0.998047      1826341       512.00
  5920.00000     0.998242      1826703       568.89
  6290.00000     0.998437      1827057       640.00
  6783.00000     0.998633      1827414       731.43
  7597.00000     0.998828      1827774       853.33
  8744.00000     0.999023      1828128      1024.00
  9422.00000     0.999121      1828306      1137.78
 10175.00000     0.999219      1828485      1280.00
 11470.00000     0.999316      1828665      1462.86
 13011.00000     0.999414      1828842      1706.67
 16033.00000     0.999512      1829021      2048.00
 18339.00000     0.999561      1829110      2275.56
 21694.00000     0.999609      1829200      2560.00
 24481.00000     0.999658      1829289      2925.71
 27429.00000     0.999707      1829378      3413.33
 31931.00000     0.999756      1829468      4096.00
 34336.00000     0.999780      1829512      4551.11
 36852.00000     0.999805      1829557      5120.00
 39466.00000     0.999829      1829602      5851.43
 42587.00000     0.999854      1829646      6826.67
 45571.00000     0.999878      1829691      8192.00
 47446.00000     0.999890      1829714      9102.22
 50184.00000     0.999902      1829736     10240.00
 54180.00000     0.999915      1829758     11702.86
 56721.00000     0.999927      1829780     13653.33
 60630.00000     0.999939      1829803     16384.00
 62678.00000     0.999945      1829814     18204.44
 64663.00000     0.999951      1829825     20480.00
 69005.00000     0.999957      1829836     23405.71
 72594.00000     0.999963      1829847     27306.67
 78316.00000     0.999969      1829859     32768.00
 81042.00000     0.999973      1829864     36408.89
 85050.00000     0.999976      1829870     40960.00
 93301.00000     0.999979      1829875     46811.43
109359.00000     0.999982      1829881     54613.33
125676.00000     0.999985      1829887     65536.00
131929.00000     0.999986      1829889     72817.78
144201.00000     0.999988      1829892     81920.00
159408.00000     0.999989      1829895     93622.86
170101.00000     0.999991      1829898    109226.67
183569.00000     0.999992      1829901    131072.00
189686.00000     0.999993      1829902    145635.56
193226.00000     0.999994      1829903    163840.00
203253.00000     0.999995      1829905    187245.71
203944.00000     0.999995      1829906    218453.33
222481.00000     0.999996      1829908    262144.00
222481.00000     0.999997      1829908    291271.11
227069.00000     0.999997      1829909    327680.00
239390.00000     0.999997      1829910    374491.43
239390.00000     0.999998      1829910    436906.67
260813.00000     0.999998      1829911    524288.00
260813.00000     0.999998      1829911    582542.22
275897.00000     0.999998      1829912    655360.00
275897.00000     0.999999      1829912    748982.86
275897.00000     0.999999      1829912    873813.33
301661.00000     0.999999      1829913   1048576.00
301661.00000     0.999999      1829913   1165084.44
301661.00000     0.999999      1829913   1310720.00
301661.00000     0.999999      1829913   1497965.71
301661.00000     0.999999      1829913   1747626.67
324909.00000     1.000000      1829914   2097152.00
324909.00000     1.000000      1829914          inf
#[Mean    =      335.760, StdDeviation   =     1233.910]
#[Max     =   324909.000, Total count    =      1829914]
#[Buckets =           13, SubBuckets     =       262144]
       Value   Percentile   TotalCount 1/(1-Percentile)

     0.00000     0.000000       240762         1.00
     0.00000     0.100000       240762         1.11
    12.00000     0.200000      1752875         1.25
    12.00000     0.300000      1752875         1.43
    12.00000     0.400000      1752875         1.67
    12.00000     0.500000      1752875         2.00
    12.00000     0.550000      1752875         2.22
    12.00000     0.600000      1752875         2.50
    12.00000     0.650000      1752875         2.86
    12.00000     0.700000      1752875         3.33
    12.00000     0.750000      1752875         4.00
    12.00000     0.775000      1752875         4.44
    12.00000     0.800000      1752875         5.00
    12.00000     0.825000      1752875         5.71
    12.00000     0.850000      1752875         6.67
    12.00000     0.875000      1752875         8.00
    12.00000     0.887500      1752875         8.89
    12.00000     0.900000      1752875        10.00
    12.00000     0.912500      1752875        11.43
    12.00000     0.925000      1752875        13.33
    12.00000     0.937500      1752875        16.00
    12.00000     0.943750      1752875        17.78
    12.00000     0.950000      1752875        20.00
    12.00000     0.956250      1752875        22.86
    24.00000     0.962500      1811181        26.67
    24.00000     0.968750      1811181        32.00
    24.00000     0.971875      1811181        35.56
    24.00000     0.975000      1811181        40.00
    24.00000     0.978125      1811181        45.71
    24.00000     0.981250      1811181        53.33
    24.00000     0.984375      1811181        64.00
    24.00000     0.985938      1811181        71.11
    24.00000     0.987500      1811181        80.00
    24.00000     0.989062      1811181        91.43
    37.00000     0.990625      1821208       106.67
    37.00000     0.992188      1821208       128.00
    37.00000     0.992969      1821208       142.22
    37.00000     0.993750      1821208       160.00
    37.00000     0.994531      1821208       182.86
    49.00000     0.995313      1826612       213.33
    49.00000     0.996094      1826612       256.00
    49.00000     0.996484      1826612       284.44
    49.00000     0.996875      1826612       320.00
    49.00000     0.997266      1826612       365.71
    49.00000     0.997656      1826612       426.67
    49.00000     0.998047      1826612       512.00
    61.00000     0.998242      1827972       568.89
    61.00000     0.998437      1827972       640.00
    61.00000     0.998633      1827972       731.43
    61.00000     0.998828      1827972       853.33
    74.00000     0.999023      1828431      1024.00
    74.00000     0.999121      1828431      1137.78
    86.00000     0.999219      1828638      1280.00
    98.00000     0.999316      1828885      1462.86
    98.00000     0.999414      1828885      1706.67
   111.00000     0.999512      1829327      2048.00
   111.00000     0.999561      1829327      2275.56
   111.00000     0.999609      1829327      2560.00
   111.00000     0.999658      1829327      2925.71
   123.00000     0.999707      1829427      3413.33
   135.00000     0.999756      1829471      4096.00
   160.00000     0.999780      1829575      4551.11
   160.00000     0.999805      1829575      5120.00
   172.00000     0.999829      1829618      5851.43
   209.00000     0.999854      1829652      6826.67
   320.00000     0.999878      1829698      8192.00
   333.00000     0.999890      1829719      9102.22
   382.00000     0.999902      1829739     10240.00
   505.00000     0.999915      1829759     11702.86
   765.00000     0.999927      1829780     13653.33
  5167.00000     0.999939      1829804     16384.00
  5217.00000     0.999945      1829815     18204.44
  5266.00000     0.999951      1829826     20480.00
  5315.00000     0.999957      1829836     23405.71
  5402.00000     0.999963      1829851     27306.67
  5476.00000     0.999969      1829861     32768.00
  5488.00000     0.999973      1829864     36408.89
  5574.00000     0.999976      1829870     40960.00
  5611.00000     0.999979      1829875     46811.43
  6006.00000     0.999982      1829882     54613.33
  6191.00000     0.999985      1829887     65536.00
  6228.00000     0.999986      1829889     72817.78
  6290.00000     0.999988      1829892     81920.00
  6549.00000     0.999989      1829895     93622.86
  6598.00000     0.999991      1829898    109226.67
  6709.00000     0.999992      1829901    131072.00
  6993.00000     0.999993      1829902    145635.56
  7017.00000     0.999994      1829903    163840.00
  7067.00000     0.999995      1829905    187245.71
  7104.00000     0.999995      1829906    218453.33
  7289.00000     0.999996      1829908    262144.00
  7289.00000     0.999997      1829908    291271.11
  7301.00000     0.999997      1829909    327680.00
  7387.00000     0.999997      1829910    374491.43
  7387.00000     0.999998      1829910    436906.67
  7560.00000     0.999998      1829911    524288.00
  7560.00000     0.999998      1829911    582542.22
  7646.00000     0.999998      1829912    655360.00
  7646.00000     0.999999      1829912    748982.86
  7646.00000     0.999999      1829912    873813.33
  7757.00000     0.999999      1829913   1048576.00
  7757.00000     0.999999      1829913   1165084.44
  7757.00000     0.999999      1829913   1310720.00
  7757.00000     0.999999      1829913   1497965.71
  7757.00000     0.999999      1829913   1747626.67
  9126.00000     1.000000      1829914   2097152.00
  9126.00000     1.000000      1829914          inf
#[Mean    =       11.593, StdDeviation   =       48.328]
#[Max     =     9126.000, Total count    =      1829914]
#[Buckets =           13, SubBuckets     =       262144]
       Value   Percentile   TotalCount 1/(1-Percentile)

   616.00000     0.000000            2         1.00
   912.00000     0.100000       506461         1.11
   912.00000     0.200000       506461         1.25
   924.00000     0.300000       576398         1.43
   925.00000     0.400000       926176         1.67
   925.00000     0.500000       926176         2.00
   937.00000     0.550000      1137162         2.22
   937.00000     0.600000      1137162         2.50
   949.00000     0.650000      1224819         2.86
   962.00000     0.700000      1295637         3.33
   986.00000     0.750000      1404209         4.00
   999.00000     0.775000      1427647         4.44
  1072.00000     0.800000      1464030         5.00
  1134.00000     0.825000      1520731         5.71
  1171.00000     0.850000      1565337         6.67
  1221.00000     0.875000      1606403         8.00
  1258.00000     0.887500      1628927         8.89
  1295.00000     0.900000      1650795        10.00
  1332.00000     0.912500      1672695        11.43
  1369.00000     0.925000      1694545        13.33
  1418.00000     0.937500      1721445        16.00
  1430.00000     0.943750      1727549        17.78
  1455.00000     0.950000      1738451        20.00
  1492.00000     0.956250      1752109        22.86
  1529.00000     0.962500      1762390        26.67
  1591.00000     0.968750      1773548        32.00
  1640.00000     0.971875      1778839        35.56
  1763.00000     0.975000      1784271        40.00
  2972.00000     0.978125      1789906        45.71
  5821.00000     0.981250      1795875        53.33
  5920.00000     0.984375      1801433        64.00
  5957.00000     0.985938      1804299        71.11
  5994.00000     0.987500      1807416        80.00
  6031.00000     0.989062      1810296        91.43
  6068.00000     0.990625      1812930       106.67
  6117.00000     0.992188      1815905       128.00
  6142.00000     0.992969      1817059       142.22
  6191.00000     0.993750      1818822       160.00
  6240.00000     0.994531      1820028       182.86
  6339.00000     0.995313      1821468       213.33
  6536.00000     0.996094      1822804       256.00
  6733.00000     0.996484      1823481       284.44
  7067.00000     0.996875      1824204       320.00
  7289.00000     0.997266      1824920       365.71
  7449.00000     0.997656      1825692       426.67
  7597.00000     0.998047      1826388       512.00
  7671.00000     0.998242      1826733       568.89
  7745.00000     0.998437      1827082       640.00
  7831.00000     0.998633      1827455       731.43
  7918.00000     0.998828      1827772       853.33
  8053.00000     0.999023      1828140      1024.00
  8127.00000     0.999121      1828310      1137.78
  8226.00000     0.999219      1828494      1280.00
  8337.00000     0.999316      1828664      1462.86
  8473.00000     0.999414      1828843      1706.67
  8608.00000     0.999512      1829022      2048.00
  8682.00000     0.999561      1829129      2275.56
  8756.00000     0.999609      1829214      2560.00
  8843.00000     0.999658      1829295      2925.71
  8941.00000     0.999707      1829381      3413.33
  9089.00000     0.999756      1829470      4096.00
  9176.00000     0.999780      1829518      4551.11
  9287.00000     0.999805      1829562      5120.00
  9410.00000     0.999829      1829603      5851.43
  9669.00000     0.999854      1829646      6826.67
 10113.00000     0.999878      1829692      8192.00
 10495.00000     0.999890      1829713      9102.22
 10853.00000     0.999902      1829736     10240.00
 11531.00000     0.999915      1829758     11702.86
 12173.00000     0.999927      1829781     13653.33
 13505.00000     0.999939      1829803     16384.00
 14269.00000     0.999945      1829814     18204.44
 14923.00000     0.999951      1829825     20480.00
 15355.00000     0.999957      1829837     23405.71
 16329.00000     0.999963      1829847     27306.67
 17402.00000     0.999969      1829859     32768.00
 17735.00000     0.999973      1829864     36408.89
 18635.00000     0.999976      1829870     40960.00
 19314.00000     0.999979      1829875     46811.43
 19523.00000     0.999982      1829881     54613.33
 20609.00000     0.999985      1829887     65536.00
 21225.00000     0.999986      1829889     72817.78
 21472.00000     0.999988      1829892     81920.00
 22335.00000     0.999989      1829895     93622.86
 22545.00000     0.999991      1829898    109226.67
 23729.00000     0.999992      1829901    131072.00
 23790.00000     0.999993      1829902    145635.56
 24370.00000     0.999994      1829904    163840.00
 24617.00000     0.999995      1829905    187245.71
 26196.00000     0.999995      1829906    218453.33
 27170.00000     0.999996      1829908    262144.00
 27170.00000     0.999997      1829908    291271.11
 27269.00000     0.999997      1829909    327680.00
 31598.00000     0.999997      1829911    374491.43
 31598.00000     0.999998      1829911    436906.67
 31598.00000     0.999998      1829911    524288.00
 31598.00000     0.999998      1829911    582542.22
 41514.00000     0.999998      1829913    655360.00
 41514.00000     0.999999      1829913    748982.86
 41514.00000     0.999999      1829913    873813.33
 41514.00000     0.999999      1829913   1048576.00
 41514.00000     0.999999      1829913   1165084.44
 41514.00000     0.999999      1829913   1310720.00
 41514.00000     0.999999      1829913   1497965.71
 41514.00000     0.999999      1829913   1747626.67
 60840.00000     1.000000      1829914   2097152.00
 60840.00000     1.000000      1829914          inf
#[Mean    =     1111.793, StdDeviation   =      799.685]
#[Max     =    60840.000, Total count    =      1829914]
#[Buckets =           13, SubBuckets     =       262144]

=== EXCHANGE STDERR ===
matching tid: 49336
