=== CLIENT STDERR ===
=== Exchange load generator ===
  clients  : 10
  seed     : 3785602563
  target   : 127.0.0.1:4000
  thread id: 49275
Ctrl-C to stop.


=== Stats ===
  elapsed         : 14.999 s
  requests sent   : 2300877
  ACK responses   : 2300867
  MATCH responses : 1318986
  ERR responses   : 0
  orders in flight: -10
  --- throughput ---
  requests/s      : 153404
  ACK/s           : 153403
  MATCH/s         : 87939
  ERR/s           : 0
  total resp/s    : 153403

=== EXCHANGE STDOUT ===
exchange tid: 49274
outbound thread: 49277
inbound thread: 49276
       Value   Percentile   TotalCount 1/(1-Percentile)

  2059.00000     0.000000            1         1.00
  2380.00000     0.100000       200686         1.11
  2442.00000     0.200000       377484         1.25
  2503.00000     0.300000       554698         1.43
  2577.00000     0.400000       716885         1.67
  2701.00000     0.500000       892537         2.00
  2775.00000     0.550000       973444         2.22
  2861.00000     0.600000      1064746         2.50
  2935.00000     0.650000      1146507         2.86
  3021.00000     0.700000      1243128         3.33
  3095.00000     0.750000      1319686         4.00
  3145.00000     0.775000      1365659         4.44
  3206.00000     0.800000      1416241         5.00
  3256.00000     0.825000      1452299         5.71
  3330.00000     0.850000      1497955         6.67
  3416.00000     0.875000      1540559         8.00
  3478.00000     0.887500      1564951         8.89
  3539.00000     0.900000      1585043        10.00
  3613.00000     0.912500      1604724        11.43
  3737.00000     0.925000      1628007        13.33
  3922.00000     0.937500      1649681        16.00
  4057.00000     0.943750      1659989        17.78
  4292.00000     0.950000      1670982        20.00
  4785.00000     0.956250      1681736        22.86
  5833.00000     0.962500      1692667        26.67
  7350.00000     0.968750      1703846        32.00
  7486.00000     0.971875      1709310        35.56
  7609.00000     0.975000      1715043        40.00
  7757.00000     0.978125      1720401        45.71
  7979.00000     0.981250      1725691        53.33
  8411.00000     0.984375      1731171        64.00
  8756.00000     0.985938      1733866        71.11
  9188.00000     0.987500      1736590        80.00
  9521.00000     0.989062      1739320        91.43
  9891.00000     0.990625      1742069       106.67
 10434.00000     0.992188      1744807       128.00
 10804.00000     0.992969      1746169       142.22
 11272.00000     0.993750      1747551       160.00
 11901.00000     0.994531      1748920       182.86
 12715.00000     0.995313      1750310       213.33
 13788.00000     0.996094      1751671       256.00
 14454.00000     0.996484      1752362       284.44
 15207.00000     0.996875      1753043       320.00
 16341.00000     0.997266      1753730       365.71
 17871.00000     0.997656      1754411       426.67
 20485.00000     0.998047      1755100       512.00
 22064.00000     0.998242      1755441       568.89
 24235.00000     0.998437      1755786       640.00
 27959.00000     0.998633      1756129       731.43
 33855.00000     0.998828      1756473       853.33
 43240.00000     0.999023      1756815      1024.00
 49382.00000     0.999121      1756987      1137.78
 58151.00000     0.999219      1757159      1280.00
 72372.00000     0.999316      1757330      1462.86
 99665.00000     0.999414      1757502      1706.67
133681.00000     0.999512      1757674      2048.00
153994.00000     0.999561      1757760      2275.56
171840.00000     0.999609      1757846      2560.00
193867.00000     0.999658      1757931      2925.71
218275.00000     0.999707      1758017      3413.33
258531.00000     0.999756      1758104      4096.00
276205.00000     0.999780      1758146      4551.11
310307.00000     0.999805      1758189      5120.00
367657.00000     0.999829      1758232      5851.43
452917.00000     0.999854      1758275      6826.67
558651.00000     0.999878      1758318      8192.00
631383.00000     0.999890      1758339      9102.22
715163.00000     0.999902      1758361     10240.00
1015219.00000     0.999915      1758382     11702.86
1102295.00000     0.999927      1758404     13653.33
2462511.00000     0.999939      1758425     16384.00
2565119.00000     0.999945      1758436     18204.44
2980799.00000     0.999951      1758447     20480.00
3050463.00000     0.999957      1758457     23405.71
3171967.00000     0.999963      1758468     27306.67
4834943.00000     0.999969      1758479     32768.00
4851231.00000     0.999973      1758484     36408.89
4868255.00000     0.999976      1758490     40960.00
4879167.00000     0.999979      1758495     46811.43
4887455.00000     0.999982      1758500     54613.33
4899455.00000     0.999985      1758506     65536.00
4906399.00000     0.999986      1758508     72817.78
4911551.00000     0.999988      1758511     81920.00
4920351.00000     0.999989      1758514     93622.86
4934975.00000     0.999991      1758516    109226.67
4937791.00000     0.999992      1758519    131072.00
4945663.00000     0.999993      1758520    145635.56
4955007.00000     0.999994      1758522    163840.00
4961439.00000     0.999995      1758523    187245.71
4970271.00000     0.999995      1758524    218453.33
4981471.00000     0.999996      1758526    262144.00
4981471.00000     0.999997      1758526    291271.11
4985663.00000     0.999997      1758527    327680.00
4993087.00000     0.999997      1758528    374491.43
4993087.00000     0.999998      1758528    436906.67
4999551.00000     0.999998      1758529    524288.00
4999551.00000     0.999998      1758529    582542.22
5002143.00000     0.999998      1758530    655360.00
5002143.00000     0.999999      1758530    748982.86
5002143.00000     0.999999      1758530    873813.33
5004159.00000     0.999999      1758531   1048576.00
5004159.00000     0.999999      1758531   1165084.44
5004159.00000     0.999999      1758531   1310720.00
5004159.00000     0.999999      1758531   1497965.71
5004159.00000     0.999999      1758531   1747626.67
5015487.00000     1.000000      1758532   2097152.00
5015487.00000     1.000000      1758532          inf
#[Mean    =     3475.691, StdDeviation   =    34156.927]
#[Max     =  5015487.000, Total count    =      1758532]
#[Buckets =           13, SubBuckets     =       262144]
       Value   Percentile   TotalCount 1/(1-Percentile)

   974.00000     0.000000            2         1.00
  1036.00000     0.100000       448322         1.11
  1036.00000     0.200000       448322         1.25
  1048.00000     0.300000       873395         1.43
  1048.00000     0.400000       873395         1.67
  1060.00000     0.500000      1071650         2.00
  1060.00000     0.550000      1071650         2.22
  1060.00000     0.600000      1071650         2.50
  1097.00000     0.650000      1143640         2.86
  1233.00000     0.700000      1236452         3.33
  1282.00000     0.750000      1348247         4.00
  1295.00000     0.775000      1383699         4.44
  1307.00000     0.800000      1418197         5.00
  1332.00000     0.825000      1480790         5.71
  1344.00000     0.850000      1508672         6.67
  1369.00000     0.875000      1554767         8.00
  1381.00000     0.887500      1571958         8.89
  1393.00000     0.900000      1586491        10.00
  1418.00000     0.912500      1609566        11.43
  1443.00000     0.925000      1628383        13.33
  1480.00000     0.937500      1653323        16.00
  1492.00000     0.943750      1661066        17.78
  1517.00000     0.950000      1676398        20.00
  1529.00000     0.956250      1683509        22.86
  1554.00000     0.962500      1696427        26.67
  1578.00000     0.968750      1707202        32.00
  1591.00000     0.971875      1711960        35.56
  1603.00000     0.975000      1716129        40.00
  1628.00000     0.978125      1722940        45.71
  1640.00000     0.981250      1725691        53.33
  1677.00000     0.984375      1731945        64.00
  1702.00000     0.985938      1734951        71.11
  1726.00000     0.987500      1737301        80.00
  1763.00000     0.989062      1739920        91.43
  1813.00000     0.990625      1742185       106.67
  1948.00000     0.992188      1744864       128.00
  2084.00000     0.992969      1746256       142.22
  2232.00000     0.993750      1747659       160.00
  2343.00000     0.994531      1748952       182.86
  2479.00000     0.995313      1750321       213.33
  2676.00000     0.996094      1751703       256.00
  2861.00000     0.996484      1752369       284.44
  3169.00000     0.996875      1753049       320.00
  3663.00000     0.997266      1753732       365.71
  5007.00000     0.997656      1754411       426.67
  6055.00000     0.998047      1755102       512.00
  6277.00000     0.998242      1755447       568.89
  6499.00000     0.998437      1755798       640.00
  6746.00000     0.998633      1756138       731.43
  7030.00000     0.998828      1756472       853.33
  7486.00000     0.999023      1756824      1024.00
  7770.00000     0.999121      1756992      1137.78
  8115.00000     0.999219      1757165      1280.00
  8522.00000     0.999316      1757330      1462.86
  9015.00000     0.999414      1757503      1706.67
  9644.00000     0.999512      1757677      2048.00
 10088.00000     0.999561      1757760      2275.56
 10508.00000     0.999609      1757846      2560.00
 10964.00000     0.999658      1757932      2925.71
 11544.00000     0.999707      1758017      3413.33
 12382.00000     0.999756      1758103      4096.00
 12851.00000     0.999780      1758147      4551.11
 13209.00000     0.999805      1758190      5120.00
 13603.00000     0.999829      1758233      5851.43
 13825.00000     0.999854      1758278      6826.67
 14257.00000     0.999878      1758318      8192.00
 14590.00000     0.999890      1758339      9102.22
 15009.00000     0.999902      1758361     10240.00
 15515.00000     0.999915      1758382     11702.86
 16674.00000     0.999927      1758404     13653.33
 17710.00000     0.999939      1758425     16384.00
 19153.00000     0.999945      1758436     18204.44
 20424.00000     0.999951      1758447     20480.00
 21879.00000     0.999957      1758457     23405.71
 24864.00000     0.999963      1758468     27306.67
 25912.00000     0.999969      1758479     32768.00
 26455.00000     0.999973      1758484     36408.89
 27454.00000     0.999976      1758490     40960.00
 28428.00000     0.999979      1758495     46811.43
 31228.00000     0.999982      1758500     54613.33
 34188.00000     0.999985      1758506     65536.00
 34582.00000     0.999986      1758508     72817.78
 39306.00000     0.999988      1758511     81920.00
 40428.00000     0.999989      1758514     93622.86
 42007.00000     0.999991      1758516    109226.67
 49284.00000     0.999992      1758519    131072.00
 50110.00000     0.999993      1758520    145635.56
 60051.00000     0.999994      1758522    163840.00
 65773.00000     0.999995      1758523    187245.71
 98235.00000     0.999995      1758524    218453.33
106856.00000     0.999996      1758526    262144.00
106856.00000     0.999997      1758526    291271.11
109692.00000     0.999997      1758527    327680.00
192054.00000     0.999997      1758528    374491.43
192054.00000     0.999998      1758528    436906.67
364807.00000     0.999998      1758529    524288.00
364807.00000     0.999998      1758529    582542.22
887347.00000     0.999998      1758530    655360.00
887347.00000     0.999999      1758530    748982.86
887347.00000     0.999999      1758530    873813.33
888483.00000     0.999999      1758531   1048576.00
888483.00000     0.999999      1758531   1165084.44
888483.00000     0.999999      1758531   1310720.00
888483.00000     0.999999      1758531   1497965.71
888483.00000     0.999999      1758531   1747626.67
3151775.00000     1.000000      1758532   2097152.00
3151775.00000     1.000000      1758532          inf
#[Mean    =     1178.545, StdDeviation   =     2619.166]
#[Max     =  3151775.000, Total count    =      1758532]
#[Buckets =           13, SubBuckets     =       262144]
       Value   Percentile   TotalCount 1/(1-Percentile)

     0.00000     0.000000        95556         1.00
    12.00000     0.100000      1252726         1.11
    12.00000     0.200000      1252726         1.25
    12.00000     0.300000      1252726         1.43
    12.00000     0.400000      1252726         1.67
    12.00000     0.500000      1252726         2.00
    12.00000     0.550000      1252726         2.22
    12.00000     0.600000      1252726         2.50
    12.00000     0.650000      1252726         2.86
    12.00000     0.700000      1252726         3.33
    24.00000     0.750000      1727773         4.00
    24.00000     0.775000      1727773         4.44
    24.00000     0.800000      1727773         5.00
    24.00000     0.825000      1727773         5.71
    24.00000     0.850000      1727773         6.67
    24.00000     0.875000      1727773         8.00
    24.00000     0.887500      1727773         8.89
    24.00000     0.900000      1727773        10.00
    24.00000     0.912500      1727773        11.43
    24.00000     0.925000      1727773        13.33
    24.00000     0.937500      1727773        16.00
    24.00000     0.943750      1727773        17.78
    24.00000     0.950000      1727773        20.00
    24.00000     0.956250      1727773        22.86
    24.00000     0.962500      1727773        26.67
    24.00000     0.968750      1727773        32.00
    24.00000     0.971875      1727773        35.56
    24.00000     0.975000      1727773        40.00
    24.00000     0.978125      1727773        45.71
    24.00000     0.981250      1727773        53.33
    37.00000     0.984375      1749148        64.00
    37.00000     0.985938      1749148        71.11
    37.00000     0.987500      1749148        80.00
    37.00000     0.989062      1749148        91.43
    37.00000     0.990625      1749148       106.67
    37.00000     0.992188      1749148       128.00
    37.00000     0.992969      1749148       142.22
    37.00000     0.993750      1749148       160.00
    37.00000     0.994531      1749148       182.86
    49.00000     0.995313      1755859       213.33
    49.00000     0.996094      1755859       256.00
    49.00000     0.996484      1755859       284.44
    49.00000     0.996875      1755859       320.00
    49.00000     0.997266      1755859       365.71
    49.00000     0.997656      1755859       426.67
    49.00000     0.998047      1755859       512.00
    49.00000     0.998242      1755859       568.89
    49.00000     0.998437      1755859       640.00
    61.00000     0.998633      1757907       731.43
    61.00000     0.998828      1757907       853.33
    61.00000     0.999023      1757907      1024.00
    61.00000     0.999121      1757907      1137.78
    61.00000     0.999219      1757907      1280.00
    61.00000     0.999316      1757907      1462.86
    61.00000     0.999414      1757907      1706.67
    61.00000     0.999512      1757907      2048.00
    61.00000     0.999561      1757907      2275.56
    61.00000     0.999609      1757907      2560.00
    74.00000     0.999658      1758199      2925.71
    74.00000     0.999707      1758199      3413.33
    74.00000     0.999756      1758199      4096.00
    74.00000     0.999780      1758199      4551.11
    74.00000     0.999805      1758199      5120.00
    86.00000     0.999829      1758255      5851.43
    98.00000     0.999854      1758302      6826.67
   111.00000     0.999878      1758324      8192.00
   123.00000     0.999890      1758349      9102.22
   135.00000     0.999902      1758364     10240.00
   148.00000     0.999915      1758398     11702.86
   160.00000     0.999927      1758422     13653.33
   172.00000     0.999939      1758434     16384.00
   185.00000     0.999945      1758439     18204.44
   197.00000     0.999951      1758450     20480.00
   209.00000     0.999957      1758457     23405.71
   222.00000     0.999963      1758468     27306.67
   259.00000     0.999969      1758484     32768.00
   259.00000     0.999973      1758484     36408.89
   308.00000     0.999976      1758494     40960.00
   320.00000     0.999979      1758496     46811.43
   345.00000     0.999982      1758500     54613.33
   382.00000     0.999985      1758506     65536.00
   419.00000     0.999986      1758508     72817.78
   468.00000     0.999988      1758511     81920.00
   493.00000     0.999989      1758515     93622.86
   505.00000     0.999991      1758517    109226.67
   567.00000     0.999992      1758520    131072.00
   567.00000     0.999993      1758520    145635.56
   666.00000     0.999994      1758522    163840.00
   690.00000     0.999995      1758523    187245.71
   801.00000     0.999995      1758524    218453.33
  1541.00000     0.999996      1758526    262144.00
  1541.00000     0.999997      1758526    291271.11
  5513.00000     0.999997      1758527    327680.00
  5636.00000     0.999997      1758528    374491.43
  5636.00000     0.999998      1758528    436906.67
  6475.00000     0.999998      1758529    524288.00
  6475.00000     0.999998      1758529    582542.22
  6672.00000     0.999998      1758530    655360.00
  6672.00000     0.999999      1758530    748982.86
  6672.00000     0.999999      1758530    873813.33
  7178.00000     0.999999      1758531   1048576.00
  7178.00000     0.999999      1758531   1165084.44
  7178.00000     0.999999      1758531   1310720.00
  7178.00000     0.999999      1758531   1497965.71
  7178.00000     0.999999      1758531   1747626.67
  7301.00000     1.000000      1758532   2097152.00
  7301.00000     1.000000      1758532          inf
#[Mean    =       15.155, StdDeviation   =       14.342]
#[Max     =     7301.000, Total count    =      1758532]
#[Buckets =           13, SubBuckets     =       262144]
       Value   Percentile   TotalCount 1/(1-Percentile)

    61.00000     0.000000            3         1.00
    98.00000     0.100000       398293         1.11
    98.00000     0.200000       398293         1.25
   111.00000     0.300000      1189014         1.43
   111.00000     0.400000      1189014         1.67
   111.00000     0.500000      1189014         2.00
   111.00000     0.550000      1189014         2.22
   111.00000     0.600000      1189014         2.50
   111.00000     0.650000      1189014         2.86
   123.00000     0.700000      1471316         3.33
   123.00000     0.750000      1471316         4.00
   123.00000     0.775000      1471316         4.44
   123.00000     0.800000      1471316         5.00
   123.00000     0.825000      1471316         5.71
   135.00000     0.850000      1673147         6.67
   135.00000     0.875000      1673147         8.00
   135.00000     0.887500      1673147         8.89
   135.00000     0.900000      1673147        10.00
   135.00000     0.912500      1673147        11.43
   135.00000     0.925000      1673147        13.33
   135.00000     0.937500      1673147        16.00
   135.00000     0.943750      1673147        17.78
   135.00000     0.950000      1673147        20.00
   148.00000     0.956250      1722962        22.86
   148.00000     0.962500      1722962        26.67
   148.00000     0.968750      1722962        32.00
   148.00000     0.971875      1722962        35.56
   148.00000     0.975000      1722962        40.00
   148.00000     0.978125      1722962        45.71
   160.00000     0.981250      1732056        53.33
   160.00000     0.984375      1732056        64.00
   172.00000     0.985938      1735411        71.11
   185.00000     0.987500      1737320        80.00
   209.00000     0.989062      1740056        91.43
   246.00000     0.990625      1742556       106.67
   333.00000     0.992188      1745025       128.00
   394.00000     0.992969      1746274       142.22
   481.00000     0.993750      1747595       160.00
   604.00000     0.994531      1748958       182.86
   777.00000     0.995313      1750383       213.33
  1011.00000     0.996094      1751677       256.00
  1208.00000     0.996484      1752383       284.44
  1480.00000     0.996875      1753064       320.00
  1850.00000     0.997266      1753728       365.71
  2466.00000     0.997656      1754418       426.67
  3367.00000     0.998047      1755103       512.00
  3934.00000     0.998242      1755447       568.89
  4711.00000     0.998437      1755789       640.00
  5710.00000     0.998633      1756131       731.43
  7042.00000     0.998828      1756473       853.33
  9102.00000     0.999023      1756815      1024.00
 10680.00000     0.999121      1756991      1137.78
 12962.00000     0.999219      1757160      1280.00
 17538.00000     0.999316      1757332      1462.86
 26319.00000     0.999414      1757502      1706.67
 49999.00000     0.999512      1757675      2048.00
 67241.00000     0.999561      1757760      2275.56
 89663.00000     0.999609      1757846      2560.00
109446.00000     0.999658      1757931      2925.71
134939.00000     0.999707      1758017      3413.33
160025.00000     0.999756      1758103      4096.00
172703.00000     0.999780      1758146      4551.11
188773.00000     0.999805      1758189      5120.00
208938.00000     0.999829      1758232      5851.43
235776.00000     0.999854      1758275      6826.67
283075.00000     0.999878      1758318      8192.00
336589.00000     0.999890      1758339      9102.22
405989.00000     0.999902      1758361     10240.00
503607.00000     0.999915      1758382     11702.86
593099.00000     0.999927      1758404     13653.33
679915.00000     0.999939      1758425     16384.00
965715.00000     0.999945      1758436     18204.44
993807.00000     0.999951      1758447     20480.00
1030647.00000     0.999957      1758457     23405.71
1590143.00000     0.999963      1758468     27306.67
1700967.00000     0.999969      1758479     32768.00
2449711.00000     0.999973      1758484     36408.89
2497231.00000     0.999976      1758490     40960.00
2528655.00000     0.999979      1758495     46811.43
2577567.00000     0.999982      1758500     54613.33
4791327.00000     0.999985      1758506     65536.00
4796607.00000     0.999986      1758508     72817.78
4808191.00000     0.999988      1758511     81920.00
4820255.00000     0.999989      1758514     93622.86
4826463.00000     0.999991      1758516    109226.67
4840639.00000     0.999992      1758519    131072.00
4849855.00000     0.999993      1758520    145635.56
4859359.00000     0.999994      1758522    163840.00
4865983.00000     0.999995      1758523    187245.71
4869215.00000     0.999995      1758524    218453.33
4884447.00000     0.999996      1758526    262144.00
4884447.00000     0.999997      1758526    291271.11
4893855.00000     0.999997      1758527    327680.00
4903135.00000     0.999997      1758528    374491.43
4903135.00000     0.999998      1758528    436906.67
4907039.00000     0.999998      1758529    524288.00
4907039.00000     0.999998      1758529    582542.22
4913887.00000     0.999998      1758530    655360.00
4913887.00000     0.999999      1758530    748982.86
4913887.00000     0.999999      1758530    873813.33
4918495.00000     0.999999      1758531   1048576.00
4918495.00000     0.999999      1758531   1165084.44
4918495.00000     0.999999      1758531   1310720.00
4918495.00000     0.999999      1758531   1497965.71
4918495.00000     0.999999      1758531   1747626.67
4924639.00000     1.000000      1758532   2097152.00
4924639.00000     1.000000      1758532          inf
#[Mean    =      360.936, StdDeviation   =    23384.289]
#[Max     =  4924639.000, Total count    =      1758532]
#[Buckets =           13, SubBuckets     =       262144]
       Value   Percentile   TotalCount 1/(1-Percentile)

     0.00000     0.000000         8878         1.00
    37.00000     0.100000       325473         1.11
    49.00000     0.200000       638644         1.25
    49.00000     0.300000       638644         1.43
    61.00000     0.400000       720371         1.67
   111.00000     0.500000       908974         2.00
   135.00000     0.550000      1002257         2.22
   160.00000     0.600000      1093086         2.50
   185.00000     0.650000      1174806         2.86
   209.00000     0.700000      1247106         3.33
   246.00000     0.750000      1339067         4.00
   259.00000     0.775000      1366288         4.44
   283.00000     0.800000      1414392         5.00
   308.00000     0.825000      1456652         5.71
   345.00000     0.850000      1510224         6.67
   370.00000     0.875000      1539729         8.00
   394.00000     0.887500      1565611         8.89
   419.00000     0.900000      1588711        10.00
   444.00000     0.912500      1609131        11.43
   481.00000     0.925000      1634070        13.33
   518.00000     0.937500      1653955        16.00
   542.00000     0.943750      1664780        17.78
   567.00000     0.950000      1674139        20.00
   592.00000     0.956250      1682280        22.86
   641.00000     0.962500      1695391        26.67
   690.00000     0.968750      1705318        32.00
   715.00000     0.971875      1709440        35.56
   752.00000     0.975000      1714621        40.00
   801.00000     0.978125      1720190        45.71
   875.00000     0.981250      1726394        53.33
   962.00000     0.984375      1731222        64.00
  1036.00000     0.985938      1734032        71.11
  1134.00000     0.987500      1736575        80.00
  1319.00000     0.989062      1739351        91.43
  1628.00000     0.990625      1742087       106.67
  2022.00000     0.992188      1744827       128.00
  2331.00000     0.992969      1746215       142.22
  3108.00000     0.993750      1747545       160.00
  4908.00000     0.994531      1748930       182.86
  5328.00000     0.995313      1750299       213.33
  5944.00000     0.996094      1751672       256.00
  6401.00000     0.996484      1752353       284.44
  6980.00000     0.996875      1753044       320.00
  7585.00000     0.997266      1753728       365.71
  8238.00000     0.997656      1754417       426.67
  8867.00000     0.998047      1755105       512.00
  9163.00000     0.998242      1755456       568.89
  9496.00000     0.998437      1755790       640.00
  9854.00000     0.998633      1756137       731.43
 10236.00000     0.998828      1756477       853.33
 10705.00000     0.999023      1756824      1024.00
 10989.00000     0.999121      1756988      1137.78
 11396.00000     0.999219      1757161      1280.00
 11778.00000     0.999316      1757334      1462.86
 12259.00000     0.999414      1757505      1706.67
 12839.00000     0.999512      1757676      2048.00
 13283.00000     0.999561      1757760      2275.56
 13776.00000     0.999609      1757847      2560.00
 14356.00000     0.999658      1757932      2925.71
 15034.00000     0.999707      1758017      3413.33
 16021.00000     0.999756      1758104      4096.00
 16477.00000     0.999780      1758146      4551.11
 17266.00000     0.999805      1758189      5120.00
 17957.00000     0.999829      1758232      5851.43
 19104.00000     0.999854      1758275      6826.67
 20362.00000     0.999878      1758318      8192.00
 21114.00000     0.999890      1758339      9102.22
 22681.00000     0.999902      1758361     10240.00
 23902.00000     0.999915      1758382     11702.86
 25221.00000     0.999927      1758404     13653.33
 27380.00000     0.999939      1758425     16384.00
 28971.00000     0.999945      1758436     18204.44
 30216.00000     0.999951      1758447     20480.00
 31080.00000     0.999957      1758457     23405.71
 33435.00000     0.999963      1758468     27306.67
 35779.00000     0.999969      1758479     32768.00
 37382.00000     0.999973      1758484     36408.89
 38899.00000     0.999976      1758490     40960.00
 40613.00000     0.999979      1758495     46811.43
 43105.00000     0.999982      1758500     54613.33
 44844.00000     0.999985      1758507     65536.00
 45880.00000     0.999986      1758508     72817.78
 49099.00000     0.999988      1758511     81920.00
 55783.00000     0.999989      1758514     93622.86
 66316.00000     0.999991      1758516    109226.67
 67956.00000     0.999992      1758519    131072.00
 68770.00000     0.999993      1758520    145635.56
 69535.00000     0.999994      1758522    163840.00
 74678.00000     0.999995      1758523    187245.71
 76084.00000     0.999995      1758524    218453.33
109014.00000     0.999996      1758526    262144.00
109014.00000     0.999997      1758526    291271.11
121902.00000     0.999997      1758527    327680.00
123666.00000     0.999997      1758528    374491.43
123666.00000     0.999998      1758528    436906.67
133767.00000     0.999998      1758529    524288.00
133767.00000     0.999998      1758529    582542.22
143597.00000     0.999998      1758530    655360.00
143597.00000     0.999999      1758530    748982.86
143597.00000     0.999999      1758530    873813.33
274911.00000     0.999999      1758531   1048576.00
274911.00000     0.999999      1758531   1165084.44
274911.00000     0.999999      1758531   1310720.00
274911.00000     0.999999      1758531   1497965.71
274911.00000     0.999999      1758531   1747626.67
1104383.00000     1.000000      1758532   2097152.00
1104383.00000     1.000000      1758532          inf
#[Mean    =      229.127, StdDeviation   =     1161.351]
#[Max     =  1104383.000, Total count    =      1758532]
#[Buckets =           13, SubBuckets     =       262144]
       Value   Percentile   TotalCount 1/(1-Percentile)

    86.00000     0.000000            3         1.00
   185.00000     0.100000       220514         1.11
   209.00000     0.200000       374711         1.25
   234.00000     0.300000       545714         1.43
   259.00000     0.400000       729796         1.67
   283.00000     0.500000       909268         2.00
   296.00000     0.550000       999417         2.22
   308.00000     0.600000      1089535         2.50
   320.00000     0.650000      1178777         2.86
   333.00000     0.700000      1265048         3.33
   345.00000     0.750000      1342788         4.00
   357.00000     0.775000      1409264         4.44
   357.00000     0.800000      1409264         5.00
   370.00000     0.825000      1460341         5.71
   382.00000     0.850000      1512604         6.67
   394.00000     0.875000      1550252         8.00
   407.00000     0.887500      1578283         8.89
   419.00000     0.900000      1602897        10.00
   431.00000     0.912500      1625161        11.43
   444.00000     0.925000      1644251        13.33
   456.00000     0.937500      1660402        16.00
   456.00000     0.943750      1660402        17.78
   468.00000     0.950000      1673703        20.00
   481.00000     0.956250      1684176        22.86
   505.00000     0.962500      1698069        26.67
   530.00000     0.968750      1705534        32.00
   555.00000     0.971875      1709932        35.56
   616.00000     0.975000      1714907        40.00
   764.00000     0.978125      1720276        45.71
   974.00000     0.981250      1725723        53.33
  1221.00000     0.984375      1731191        64.00
  1344.00000     0.985938      1733829        71.11
  1492.00000     0.987500      1736635        80.00
  1689.00000     0.989062      1739386        91.43
  1924.00000     0.990625      1742063       106.67
  2257.00000     0.992188      1744821       128.00
  2479.00000     0.992969      1746186       142.22
  2799.00000     0.993750      1747556       160.00
  3182.00000     0.994531      1748918       182.86
  3737.00000     0.995313      1750289       213.33
  4674.00000     0.996094      1751674       256.00
  5241.00000     0.996484      1752367       284.44
  5587.00000     0.996875      1753057       320.00
  6105.00000     0.997266      1753727       365.71
  6943.00000     0.997656      1754412       426.67
  8522.00000     0.998047      1755104       512.00
  9410.00000     0.998242      1755442       568.89
 10915.00000     0.998437      1755787       640.00
 13073.00000     0.998633      1756129       731.43
 16230.00000     0.998828      1756472       853.33
 20954.00000     0.999023      1756816      1024.00
 23988.00000     0.999121      1756987      1137.78
 27996.00000     0.999219      1757159      1280.00
 32239.00000     0.999316      1757330      1462.86
 36827.00000     0.999414      1757502      1706.67
 41736.00000     0.999512      1757674      2048.00
 44289.00000     0.999561      1757760      2275.56
 47532.00000     0.999609      1757846      2560.00
 51023.00000     0.999658      1757932      2925.71
 54895.00000     0.999707      1758017      3413.33
 60211.00000     0.999756      1758103      4096.00
 63455.00000     0.999780      1758146      4551.11
 67105.00000     0.999805      1758189      5120.00
 71299.00000     0.999829      1758232      5851.43
 76960.00000     0.999854      1758275      6826.67
 94522.00000     0.999878      1758318      8192.00
103254.00000     0.999890      1758339      9102.22
130055.00000     0.999902      1758361     10240.00
164021.00000     0.999915      1758382     11702.86
211640.00000     0.999927      1758404     13653.33
279991.00000     0.999939      1758425     16384.00
323207.00000     0.999945      1758436     18204.44
421935.00000     0.999951      1758447     20480.00
472995.00000     0.999957      1758457     23405.71
535119.00000     0.999963      1758468     27306.67
2977567.00000     0.999969      1758479     32768.00
3013343.00000     0.999973      1758484     36408.89
3047503.00000     0.999976      1758490     40960.00
3108495.00000     0.999979      1758495     46811.43
4772639.00000     0.999982      1758500     54613.33
4832767.00000     0.999985      1758506     65536.00
4843775.00000     0.999986      1758508     72817.78
4856735.00000     0.999988      1758511     81920.00
4872127.00000     0.999989      1758514     93622.86
4883743.00000     0.999991      1758516    109226.67
4898655.00000     0.999992      1758519    131072.00
4904543.00000     0.999993      1758520    145635.56
4913023.00000     0.999994      1758522    163840.00
4926751.00000     0.999995      1758523    187245.71
4928799.00000     0.999995      1758524    218453.33
4944831.00000     0.999996      1758526    262144.00
4944831.00000     0.999997      1758526    291271.11
4963263.00000     0.999997      1758527    327680.00
4974367.00000     0.999997      1758528    374491.43
4974367.00000     0.999998      1758528    436906.67
4978271.00000     0.999998      1758529    524288.00
4978271.00000     0.999998      1758529    582542.22
4991519.00000     0.999998      1758530    655360.00
4991519.00000     0.999999      1758530    748982.86
4991519.00000     0.999999      1758530    873813.33
4994303.00000     0.999999      1758531   1048576.00
4994303.00000     0.999999      1758531   1165084.44
4994303.00000     0.999999      1758531   1310720.00
4994303.00000     0.999999      1758531   1497965.71
4994303.00000     0.999999      1758531   1747626.67
5007871.00000     1.000000      1758532   2097152.00
5007871.00000     1.000000      1758532          inf
#[Mean    =      530.320, StdDeviation   =    24255.605]
#[Max     =  5007871.000, Total count    =      1758532]
#[Buckets =           13, SubBuckets     =       262144]
       Value   Percentile   TotalCount 1/(1-Percentile)

     0.00000     0.000000       208197         1.00
     0.00000     0.100000       208197         1.11
    12.00000     0.200000      1654722         1.25
    12.00000     0.300000      1654722         1.43
    12.00000     0.400000      1654722         1.67
    12.00000     0.500000      1654722         2.00
    12.00000     0.550000      1654722         2.22
    12.00000     0.600000      1654722         2.50
    12.00000     0.650000      1654722         2.86
    12.00000     0.700000      1654722         3.33
    12.00000     0.750000      1654722         4.00
    12.00000     0.775000      1654722         4.44
    12.00000     0.800000      1654722         5.00
    12.00000     0.825000      1654722         5.71
    12.00000     0.850000      1654722         6.67
    12.00000     0.875000      1654722         8.00
    12.00000     0.887500      1654722         8.89
    12.00000     0.900000      1654722        10.00
    12.00000     0.912500      1654722        11.43
    12.00000     0.925000      1654722        13.33
    12.00000     0.937500      1654722        16.00
    24.00000     0.943750      1735636        17.78
    24.00000     0.950000      1735636        20.00
    24.00000     0.956250      1735636        22.86
    24.00000     0.962500      1735636        26.67
    24.00000     0.968750      1735636        32.00
    24.00000     0.971875      1735636        35.56
    24.00000     0.975000      1735636        40.00
    24.00000     0.978125      1735636        45.71
    24.00000     0.981250      1735636        53.33
    24.00000     0.984375      1735636        64.00
    24.00000     0.985938      1735636        71.11
    37.00000     0.987500      1748328        80.00
    37.00000     0.989062      1748328        91.43
    37.00000     0.990625      1748328       106.67
    37.00000     0.992188      1748328       128.00
    37.00000     0.992969      1748328       142.22
    37.00000     0.993750      1748328       160.00
    49.00000     0.994531      1753482       182.86
    49.00000     0.995313      1753482       213.33
    49.00000     0.996094      1753482       256.00
    49.00000     0.996484      1753482       284.44
    49.00000     0.996875      1753482       320.00
    61.00000     0.997266      1754995       365.71
    61.00000     0.997656      1754995       426.67
    74.00000     0.998047      1755535       512.00
    74.00000     0.998242      1755535       568.89
    98.00000     0.998437      1756165       640.00
    98.00000     0.998633      1756165       731.43
   111.00000     0.998828      1756882       853.33
   111.00000     0.999023      1756882      1024.00
   123.00000     0.999121      1757143      1137.78
   135.00000     0.999219      1757327      1280.00
   148.00000     0.999316      1757448      1462.86
   160.00000     0.999414      1757575      1706.67
   172.00000     0.999512      1757693      2048.00
   185.00000     0.999561      1757768      2275.56
   209.00000     0.999609      1757858      2560.00
   234.00000     0.999658      1757931      2925.71
   271.00000     0.999707      1758028      3413.33
   320.00000     0.999756      1758103      4096.00
   345.00000     0.999780      1758148      4551.11
   382.00000     0.999805      1758194      5120.00
   419.00000     0.999829      1758236      5851.43
   468.00000     0.999854      1758284      6826.67
   518.00000     0.999878      1758329      8192.00
   542.00000     0.999890      1758343      9102.22
   604.00000     0.999902      1758362     10240.00
   690.00000     0.999915      1758384     11702.86
   826.00000     0.999927      1758404     13653.33
  4933.00000     0.999939      1758425     16384.00
  5167.00000     0.999945      1758436     18204.44
  5266.00000     0.999951      1758449     20480.00
  5315.00000     0.999957      1758460     23405.71
  5414.00000     0.999963      1758469     27306.67
  5500.00000     0.999969      1758480     32768.00
  5574.00000     0.999973      1758485     36408.89
  5698.00000     0.999976      1758491     40960.00
  5870.00000     0.999979      1758495     46811.43
  6475.00000     0.999982      1758500     54613.33
  6697.00000     0.999985      1758507     65536.00
  6734.00000     0.999986      1758508     72817.78
  6956.00000     0.999988      1758511     81920.00
  7030.00000     0.999989      1758515     93622.86
  7190.00000     0.999991      1758516    109226.67
  7239.00000     0.999992      1758519    131072.00
  7252.00000     0.999993      1758520    145635.56
  7609.00000     0.999994      1758522    163840.00
  7622.00000     0.999995      1758523    187245.71
  7646.00000     0.999995      1758524    218453.33
  7967.00000     0.999996      1758526    262144.00
  7967.00000     0.999997      1758526    291271.11
  7979.00000     0.999997      1758527    327680.00
  8732.00000     0.999997      1758528    374491.43
  8732.00000     0.999998      1758528    436906.67
  9731.00000     0.999998      1758529    524288.00
  9731.00000     0.999998      1758529    582542.22
 11815.00000     0.999998      1758530    655360.00
 11815.00000     0.999999      1758530    748982.86
 11815.00000     0.999999      1758530    873813.33
 15392.00000     0.999999      1758531   1048576.00
 15392.00000     0.999999      1758531   1165084.44
 15392.00000     0.999999      1758531   1310720.00
 15392.00000     0.999999      1758531   1497965.71
 15392.00000     0.999999      1758531   1747626.67
 24358.00000     1.000000      1758532   2097152.00
 24358.00000     1.000000      1758532          inf
#[Mean    =       12.142, StdDeviation   =       53.250]
#[Max     =    24358.000, Total count    =      1758532]
#[Buckets =           13, SubBuckets     =       262144]
       Value   Percentile   TotalCount 1/(1-Percentile)

   629.00000     0.000000           16         1.00
   900.00000     0.100000       332800         1.11
   912.00000     0.200000       630598         1.25
   912.00000     0.300000       630598         1.43
   925.00000     0.400000       845555         1.67
   937.00000     0.500000       940744         2.00
   949.00000     0.550000       994916         2.22
   974.00000     0.600000      1103709         2.50
   999.00000     0.650000      1155017         2.86
  1097.00000     0.700000      1235981         3.33
  1147.00000     0.750000      1335843         4.00
  1159.00000     0.775000      1365397         4.44
  1184.00000     0.800000      1419210         5.00
  1208.00000     0.825000      1460033         5.71
  1245.00000     0.850000      1501075         6.67
  1295.00000     0.875000      1541545         8.00
  1332.00000     0.887500      1569376         8.89
  1356.00000     0.900000      1587864        10.00
  1381.00000     0.912500      1606082        11.43
  1418.00000     0.925000      1631439        13.33
  1455.00000     0.937500      1653017        16.00
  1480.00000     0.943750      1665128        17.78
  1504.00000     0.950000      1674931        20.00
  1529.00000     0.956250      1682967        22.86
  1578.00000     0.962500      1694792        26.67
  1652.00000     0.968750      1704793        32.00
  1726.00000     0.971875      1709510        35.56
  2035.00000     0.975000      1714599        40.00
  3391.00000     0.978125      1720097        45.71
  5574.00000     0.981250      1725562        53.33
  5883.00000     0.984375      1731372        64.00
  5932.00000     0.985938      1734212        71.11
  5981.00000     0.987500      1737302        80.00
  6018.00000     0.989062      1739573        91.43
  6068.00000     0.990625      1742153       106.67
  6142.00000     0.992188      1744889       128.00
  6203.00000     0.992969      1746338       142.22
  6302.00000     0.993750      1747588       160.00
  6524.00000     0.994531      1748965       182.86
  7005.00000     0.995313      1750302       213.33
  7289.00000     0.996094      1751691       256.00
  7400.00000     0.996484      1752394       284.44
  7498.00000     0.996875      1753074       320.00
  7609.00000     0.997266      1753791       365.71
  7708.00000     0.997656      1754444       426.67
  7831.00000     0.998047      1755154       512.00
  7905.00000     0.998242      1755483       568.89
  7992.00000     0.998437      1755829       640.00
  8090.00000     0.998633      1756158       731.43
  8238.00000     0.998828      1756485       853.33
  8411.00000     0.999023      1756817      1024.00
  8522.00000     0.999121      1757009      1137.78
  8608.00000     0.999219      1757165      1280.00
  8707.00000     0.999316      1757333      1462.86
  8830.00000     0.999414      1757513      1706.67
  8978.00000     0.999512      1757679      2048.00
  9065.00000     0.999561      1757760      2275.56
  9163.00000     0.999609      1757847      2560.00
  9299.00000     0.999658      1757934      2925.71
  9595.00000     0.999707      1758017      3413.33
 10249.00000     0.999756      1758103      4096.00
 10754.00000     0.999780      1758146      4551.11
 11396.00000     0.999805      1758189      5120.00
 11975.00000     0.999829      1758232      5851.43
 13196.00000     0.999854      1758275      6826.67
 14812.00000     0.999878      1758318      8192.00
 15959.00000     0.999890      1758339      9102.22
 17081.00000     0.999902      1758361     10240.00
 17908.00000     0.999915      1758382     11702.86
 18771.00000     0.999927      1758405     13653.33
 20165.00000     0.999939      1758425     16384.00
 21423.00000     0.999945      1758437     18204.44
 22101.00000     0.999951      1758447     20480.00
 22878.00000     0.999957      1758457     23405.71
 24728.00000     0.999963      1758469     27306.67
 25937.00000     0.999969      1758479     32768.00
 26331.00000     0.999973      1758484     36408.89
 27084.00000     0.999976      1758490     40960.00
 27972.00000     0.999979      1758495     46811.43
 29156.00000     0.999982      1758502     54613.33
 30290.00000     0.999985      1758506     65536.00
 30969.00000     0.999986      1758508     72817.78
 32609.00000     0.999988      1758511     81920.00
 34249.00000     0.999989      1758515     93622.86
 36482.00000     0.999991      1758516    109226.67
 38233.00000     0.999992      1758520    131072.00
 38233.00000     0.999993      1758520    145635.56
 38603.00000     0.999994      1758522    163840.00
 40465.00000     0.999995      1758523    187245.71
 44733.00000     0.999995      1758525    218453.33
 44992.00000     0.999996      1758526    262144.00
 44992.00000     0.999997      1758526    291271.11
 48667.00000     0.999997      1758527    327680.00
 50258.00000     0.999997      1758528    374491.43
 50258.00000     0.999998      1758528    436906.67
 60162.00000     0.999998      1758529    524288.00
 60162.00000     0.999998      1758529    582542.22
 67660.00000     0.999998      1758530    655360.00
 67660.00000     0.999999      1758530    748982.86
 67660.00000     0.999999      1758530    873813.33
105351.00000     0.999999      1758531   1048576.00
105351.00000     0.999999      1758531   1165084.44
105351.00000     0.999999      1758531   1310720.00
105351.00000     0.999999      1758531   1497965.71
105351.00000     0.999999      1758531   1747626.67
253129.00000     1.000000      1758532   2097152.00
253129.00000     1.000000      1758532          inf
#[Mean    =     1147.448, StdDeviation   =      864.080]
#[Max     =   253129.000, Total count    =      1758532]
#[Buckets =           13, SubBuckets     =       262144]

=== EXCHANGE STDERR ===
matching tid: 49278
