=== CLIENT STDERR ===
=== Exchange load generator ===
  clients  : 10
  seed     : 1939289819
  target   : 127.0.0.1:4000
  thread id: 49155
Ctrl-C to stop.


=== Stats ===
  elapsed         : 14.999 s
  requests sent   : 2370831
  ACK responses   : 2370821
  MATCH responses : 1358343
  ERR responses   : 0
  orders in flight: -10
  --- throughput ---
  requests/s      : 158070
  ACK/s           : 158070
  MATCH/s         : 90565
  ERR/s           : 0
  total resp/s    : 158070

=== EXCHANGE STDOUT ===
exchange tid: 49154
inbound thread: 49156
outbound thread: 49157
       Value   Percentile   TotalCount 1/(1-Percentile)

  2109.00000     0.000000            1         1.00
  2380.00000     0.100000       211790         1.11
  2429.00000     0.200000       364634         1.25
  2491.00000     0.300000       565160         1.43
  2553.00000     0.400000       731939         1.67
  2664.00000     0.500000       923062         2.00
  2738.00000     0.550000      1011286         2.22
  2812.00000     0.600000      1091176         2.50
  2898.00000     0.650000      1188998         2.86
  2972.00000     0.700000      1275837         3.33
  3058.00000     0.750000      1372566         4.00
  3095.00000     0.775000      1409877         4.44
  3145.00000     0.800000      1454311         5.00
  3206.00000     0.825000      1503384         5.71
  3268.00000     0.850000      1544114         6.67
  3354.00000     0.875000      1589598         8.00
  3416.00000     0.887500      1615013         8.89
  3478.00000     0.900000      1636113        10.00
  3564.00000     0.912500      1659162        11.43
  3675.00000     0.925000      1680951        13.33
  3848.00000     0.937500      1703032        16.00
  3983.00000     0.943750      1714377        17.78
  4193.00000     0.950000      1726138        20.00
  4575.00000     0.956250      1737199        22.86
  5377.00000     0.962500      1748509        26.67
  6425.00000     0.968750      1759818        32.00
  7252.00000     0.971875      1765470        35.56
  7437.00000     0.975000      1771126        40.00
  7560.00000     0.978125      1777149        45.71
  7683.00000     0.981250      1782547        53.33
  7881.00000     0.984375      1788255        64.00
  8029.00000     0.985938      1791053        71.11
  8251.00000     0.987500      1793902        80.00
  8584.00000     0.989062      1796720        91.43
  9040.00000     0.990625      1799541       106.67
  9447.00000     0.992188      1802403       128.00
  9632.00000     0.992969      1803814       142.22
  9829.00000     0.993750      1805226       160.00
 10088.00000     0.994531      1806662       182.86
 10384.00000     0.995313      1808040       213.33
 10767.00000     0.996094      1809446       256.00
 11026.00000     0.996484      1810174       284.44
 11359.00000     0.996875      1810863       320.00
 11840.00000     0.997266      1811585       365.71
 12456.00000     0.997656      1812284       426.67
 13357.00000     0.998047      1812999       512.00
 13924.00000     0.998242      1813346       568.89
 14726.00000     0.998437      1813701       640.00
 15897.00000     0.998633      1814060       731.43
 17340.00000     0.998828      1814410       853.33
 20054.00000     0.999023      1814766      1024.00
 21793.00000     0.999121      1814942      1137.78
 24210.00000     0.999219      1815119      1280.00
 26812.00000     0.999316      1815297      1462.86
 32621.00000     0.999414      1815474      1706.67
 43610.00000     0.999512      1815652      2048.00
 52503.00000     0.999561      1815740      2275.56
 68425.00000     0.999609      1815829      2560.00
 85050.00000     0.999658      1815918      2925.71
103674.00000     0.999707      1816008      3413.33
126490.00000     0.999756      1816095      4096.00
140094.00000     0.999780      1816139      4551.11
153821.00000     0.999805      1816184      5120.00
168288.00000     0.999829      1816228      5851.43
185814.00000     0.999854      1816272      6826.67
206558.00000     0.999878      1816317      8192.00
216585.00000     0.999890      1816339      9102.22
227389.00000     0.999902      1816361     10240.00
238662.00000     0.999915      1816383     11702.86
260258.00000     0.999927      1816405     13653.33
294421.00000     0.999939      1816428     16384.00
309011.00000     0.999945      1816439     18204.44
330299.00000     0.999951      1816450     20480.00
355275.00000     0.999957      1816461     23405.71
389005.00000     0.999963      1816472     27306.67
410021.00000     0.999969      1816483     32768.00
452535.00000     0.999973      1816489     36408.89
486599.00000     0.999976      1816494     40960.00
580851.00000     0.999979      1816500     46811.43
625499.00000     0.999982      1816505     54613.33
672783.00000     0.999985      1816511     65536.00
701239.00000     0.999986      1816514     72817.78
715435.00000     0.999988      1816516     81920.00
1722527.00000     0.999989      1816519     93622.86
1748183.00000     0.999991      1816522    109226.67
1772615.00000     0.999992      1816525    131072.00
1782455.00000     0.999993      1816526    145635.56
1787287.00000     0.999994      1816527    163840.00
1797831.00000     0.999995      1816529    187245.71
1801327.00000     0.999995      1816530    218453.33
1827927.00000     0.999996      1816532    262144.00
1827927.00000     0.999997      1816532    291271.11
1835263.00000     0.999997      1816533    327680.00
1839567.00000     0.999997      1816534    374491.43
1839567.00000     0.999998      1816534    436906.67
1859375.00000     0.999998      1816535    524288.00
1859375.00000     0.999998      1816535    582542.22
1948399.00000     0.999998      1816536    655360.00
1948399.00000     0.999999      1816536    748982.86
1948399.00000     0.999999      1816536    873813.33
1988535.00000     0.999999      1816538   1048576.00
1988535.00000     1.000000      1816538          inf
#[Mean    =     3079.421, StdDeviation   =     7500.713]
#[Max     =  1988535.000, Total count    =      1816538]
#[Buckets =           13, SubBuckets     =       262144]
       Value   Percentile   TotalCount 1/(1-Percentile)

   974.00000     0.000000            3         1.00
  1036.00000     0.100000       403568         1.11
  1036.00000     0.200000       403568         1.25
  1048.00000     0.300000       894107         1.43
  1048.00000     0.400000       894107         1.67
  1060.00000     0.500000      1136984         2.00
  1060.00000     0.550000      1136984         2.22
  1060.00000     0.600000      1136984         2.50
  1073.00000     0.650000      1201771         2.86
  1184.00000     0.700000      1274805         3.33
  1270.00000     0.750000      1382459         4.00
  1282.00000     0.775000      1415940         4.44
  1307.00000     0.800000      1485171         5.00
  1319.00000     0.825000      1516567         5.71
  1332.00000     0.850000      1544815         6.67
  1356.00000     0.875000      1590240         8.00
  1381.00000     0.887500      1622286         8.89
  1393.00000     0.900000      1634959        10.00
  1430.00000     0.912500      1667172        11.43
  1455.00000     0.925000      1686108        13.33
  1492.00000     0.937500      1710978        16.00
  1504.00000     0.943750      1718573        17.78
  1517.00000     0.950000      1725897        20.00
  1541.00000     0.956250      1739616        22.86
  1566.00000     0.962500      1751931        26.67
  1591.00000     0.968750      1762578        32.00
  1603.00000     0.971875      1767212        35.56
  1615.00000     0.975000      1771323        40.00
  1640.00000     0.978125      1778535        45.71
  1665.00000     0.981250      1783935        53.33
  1689.00000     0.984375      1788206        64.00
  1714.00000     0.985938      1791633        71.11
  1739.00000     0.987500      1794465        80.00
  1763.00000     0.989062      1796801        91.43
  1813.00000     0.990625      1799971       106.67
  1887.00000     0.992188      1802416       128.00
  1973.00000     0.992969      1803951       142.22
  2084.00000     0.993750      1805221       160.00
  2232.00000     0.994531      1806694       182.86
  2368.00000     0.995313      1808054       213.33
  2553.00000     0.996094      1809489       256.00
  2688.00000     0.996484      1810171       284.44
  2910.00000     0.996875      1810887       320.00
  3219.00000     0.997266      1811571       365.71
  3835.00000     0.997656      1812286       426.67
  5673.00000     0.998047      1812996       512.00
  6018.00000     0.998242      1813351       568.89
  6302.00000     0.998437      1813711       640.00
  6573.00000     0.998633      1814059       731.43
  6845.00000     0.998828      1814418       853.33
  7190.00000     0.999023      1814769      1024.00
  7387.00000     0.999121      1814950      1137.78
  7659.00000     0.999219      1815122      1280.00
  7955.00000     0.999316      1815306      1462.86
  8300.00000     0.999414      1815478      1706.67
  8781.00000     0.999512      1815654      2048.00
  9015.00000     0.999561      1815740      2275.56
  9262.00000     0.999609      1815830      2560.00
  9496.00000     0.999658      1815919      2925.71
  9842.00000     0.999707      1816009      3413.33
 10261.00000     0.999756      1816096      4096.00
 10508.00000     0.999780      1816141      4551.11
 10754.00000     0.999805      1816185      5120.00
 11112.00000     0.999829      1816229      5851.43
 11519.00000     0.999854      1816273      6826.67
 11975.00000     0.999878      1816319      8192.00
 12358.00000     0.999890      1816340      9102.22
 12666.00000     0.999902      1816361     10240.00
 13073.00000     0.999915      1816384     11702.86
 13542.00000     0.999927      1816405     13653.33
 14393.00000     0.999939      1816428     16384.00
 14960.00000     0.999945      1816439     18204.44
 15897.00000     0.999951      1816450     20480.00
 16822.00000     0.999957      1816461     23405.71
 18697.00000     0.999963      1816472     27306.67
 19807.00000     0.999969      1816483     32768.00
 20781.00000     0.999973      1816489     36408.89
 21546.00000     0.999976      1816494     40960.00
 22964.00000     0.999979      1816500     46811.43
 23482.00000     0.999982      1816505     54613.33
 26208.00000     0.999985      1816511     65536.00
 26590.00000     0.999986      1816514     72817.78
 27404.00000     0.999988      1816516     81920.00
 28490.00000     0.999989      1816519     93622.86
 31524.00000     0.999991      1816522    109226.67
 37086.00000     0.999992      1816525    131072.00
 38356.00000     0.999993      1816526    145635.56
 39528.00000     0.999994      1816527    163840.00
 45349.00000     0.999995      1816529    187245.71
 72076.00000     0.999995      1816530    218453.33
 82781.00000     0.999996      1816532    262144.00
 82781.00000     0.999997      1816532    291271.11
 95854.00000     0.999997      1816533    327680.00
 96027.00000     0.999997      1816534    374491.43
 96027.00000     0.999998      1816534    436906.67
 96101.00000     0.999998      1816535    524288.00
 96101.00000     0.999998      1816535    582542.22
1931303.00000     0.999998      1816536    655360.00
1931303.00000     0.999999      1816536    748982.86
1931303.00000     0.999999      1816536    873813.33
1932055.00000     0.999999      1816537   1048576.00
1932055.00000     0.999999      1816537   1165084.44
1932055.00000     0.999999      1816537   1310720.00
1932055.00000     0.999999      1816537   1497965.71
1932055.00000     0.999999      1816537   1747626.67
1932167.00000     1.000000      1816538   2097152.00
1932167.00000     1.000000      1816538          inf
#[Mean    =     1171.400, StdDeviation   =     2516.487]
#[Max     =  1932167.000, Total count    =      1816538]
#[Buckets =           13, SubBuckets     =       262144]
       Value   Percentile   TotalCount 1/(1-Percentile)

     0.00000     0.000000        89591         1.00
    12.00000     0.100000      1277457         1.11
    12.00000     0.200000      1277457         1.25
    12.00000     0.300000      1277457         1.43
    12.00000     0.400000      1277457         1.67
    12.00000     0.500000      1277457         2.00
    12.00000     0.550000      1277457         2.22
    12.00000     0.600000      1277457         2.50
    12.00000     0.650000      1277457         2.86
    12.00000     0.700000      1277457         3.33
    24.00000     0.750000      1788842         4.00
    24.00000     0.775000      1788842         4.44
    24.00000     0.800000      1788842         5.00
    24.00000     0.825000      1788842         5.71
    24.00000     0.850000      1788842         6.67
    24.00000     0.875000      1788842         8.00
    24.00000     0.887500      1788842         8.89
    24.00000     0.900000      1788842        10.00
    24.00000     0.912500      1788842        11.43
    24.00000     0.925000      1788842        13.33
    24.00000     0.937500      1788842        16.00
    24.00000     0.943750      1788842        17.78
    24.00000     0.950000      1788842        20.00
    24.00000     0.956250      1788842        22.86
    24.00000     0.962500      1788842        26.67
    24.00000     0.968750      1788842        32.00
    24.00000     0.971875      1788842        35.56
    24.00000     0.975000      1788842        40.00
    24.00000     0.978125      1788842        45.71
    24.00000     0.981250      1788842        53.33
    24.00000     0.984375      1788842        64.00
    37.00000     0.985938      1808927        71.11
    37.00000     0.987500      1808927        80.00
    37.00000     0.989062      1808927        91.43
    37.00000     0.990625      1808927       106.67
    37.00000     0.992188      1808927       128.00
    37.00000     0.992969      1808927       142.22
    37.00000     0.993750      1808927       160.00
    37.00000     0.994531      1808927       182.86
    37.00000     0.995313      1808927       213.33
    49.00000     0.996094      1814568       256.00
    49.00000     0.996484      1814568       284.44
    49.00000     0.996875      1814568       320.00
    49.00000     0.997266      1814568       365.71
    49.00000     0.997656      1814568       426.67
    49.00000     0.998047      1814568       512.00
    49.00000     0.998242      1814568       568.89
    49.00000     0.998437      1814568       640.00
    49.00000     0.998633      1814568       731.43
    49.00000     0.998828      1814568       853.33
    61.00000     0.999023      1815947      1024.00
    61.00000     0.999121      1815947      1137.78
    61.00000     0.999219      1815947      1280.00
    61.00000     0.999316      1815947      1462.86
    61.00000     0.999414      1815947      1706.67
    61.00000     0.999512      1815947      2048.00
    61.00000     0.999561      1815947      2275.56
    61.00000     0.999609      1815947      2560.00
    61.00000     0.999658      1815947      2925.71
    74.00000     0.999707      1816165      3413.33
    74.00000     0.999756      1816165      4096.00
    74.00000     0.999780      1816165      4551.11
    86.00000     0.999805      1816226      5120.00
    98.00000     0.999829      1816273      5851.43
    98.00000     0.999854      1816273      6826.67
   123.00000     0.999878      1816341      8192.00
   123.00000     0.999890      1816341      9102.22
   135.00000     0.999902      1816365     10240.00
   148.00000     0.999915      1816407     11702.86
   148.00000     0.999927      1816407     13653.33
   160.00000     0.999939      1816433     16384.00
   172.00000     0.999945      1816448     18204.44
   185.00000     0.999951      1816457     20480.00
   197.00000     0.999957      1816462     23405.71
   209.00000     0.999963      1816475     27306.67
   222.00000     0.999969      1816484     32768.00
   234.00000     0.999973      1816489     36408.89
   259.00000     0.999976      1816497     40960.00
   271.00000     0.999979      1816500     46811.43
   296.00000     0.999982      1816506     54613.33
   320.00000     0.999985      1816511     65536.00
   370.00000     0.999986      1816515     72817.78
   382.00000     0.999988      1816516     81920.00
   407.00000     0.999989      1816520     93622.86
   444.00000     0.999991      1816522    109226.67
   530.00000     0.999992      1816525    131072.00
   579.00000     0.999993      1816527    145635.56
   579.00000     0.999994      1816527    163840.00
   764.00000     0.999995      1816529    187245.71
   777.00000     0.999995      1816530    218453.33
   925.00000     0.999996      1816532    262144.00
   925.00000     0.999997      1816532    291271.11
  2232.00000     0.999997      1816533    327680.00
  4230.00000     0.999997      1816534    374491.43
  4230.00000     0.999998      1816534    436906.67
  5130.00000     0.999998      1816535    524288.00
  5130.00000     0.999998      1816535    582542.22
  5180.00000     0.999998      1816536    655360.00
  5180.00000     0.999999      1816536    748982.86
  5180.00000     0.999999      1816536    873813.33
  5426.00000     0.999999      1816537   1048576.00
  5426.00000     0.999999      1816537   1165084.44
  5426.00000     0.999999      1816537   1310720.00
  5426.00000     0.999999      1816537   1497965.71
  5426.00000     0.999999      1816537   1747626.67
  6487.00000     1.000000      1816538   2097152.00
  6487.00000     1.000000      1816538          inf
#[Mean    =       15.269, StdDeviation   =       11.760]
#[Max     =     6487.000, Total count    =      1816538]
#[Buckets =           13, SubBuckets     =       262144]
       Value   Percentile   TotalCount 1/(1-Percentile)

    49.00000     0.000000            1         1.00
    86.00000     0.100000       193614         1.11
    98.00000     0.200000       973003         1.25
    98.00000     0.300000       973003         1.43
    98.00000     0.400000       973003         1.67
    98.00000     0.500000       973003         2.00
   111.00000     0.550000      1353039         2.22
   111.00000     0.600000      1353039         2.50
   111.00000     0.650000      1353039         2.86
   111.00000     0.700000      1353039         3.33
   123.00000     0.750000      1607435         4.00
   123.00000     0.775000      1607435         4.44
   123.00000     0.800000      1607435         5.00
   123.00000     0.825000      1607435         5.71
   123.00000     0.850000      1607435         6.67
   123.00000     0.875000      1607435         8.00
   135.00000     0.887500      1757226         8.89
   135.00000     0.900000      1757226        10.00
   135.00000     0.912500      1757226        11.43
   135.00000     0.925000      1757226        13.33
   135.00000     0.937500      1757226        16.00
   135.00000     0.943750      1757226        17.78
   135.00000     0.950000      1757226        20.00
   135.00000     0.956250      1757226        22.86
   135.00000     0.962500      1757226        26.67
   148.00000     0.968750      1784871        32.00
   148.00000     0.971875      1784871        35.56
   148.00000     0.975000      1784871        40.00
   148.00000     0.978125      1784871        45.71
   148.00000     0.981250      1784871        53.33
   160.00000     0.984375      1794325        64.00
   160.00000     0.985938      1794325        71.11
   160.00000     0.987500      1794325        80.00
   172.00000     0.989062      1798408        91.43
   185.00000     0.990625      1801060       106.67
   197.00000     0.992188      1802415       128.00
   222.00000     0.992969      1804487       142.22
   234.00000     0.993750      1805240       160.00
   271.00000     0.994531      1806608       182.86
   333.00000     0.995313      1808029       213.33
   431.00000     0.996094      1809511       256.00
   493.00000     0.996484      1810168       284.44
   579.00000     0.996875      1810961       320.00
   666.00000     0.997266      1811606       365.71
   777.00000     0.997656      1812283       426.67
   937.00000     0.998047      1812991       512.00
  1060.00000     0.998242      1813370       568.89
  1208.00000     0.998437      1813716       640.00
  1406.00000     0.998633      1814061       731.43
  1689.00000     0.998828      1814417       853.33
  2183.00000     0.999023      1814769      1024.00
  2627.00000     0.999121      1814942      1137.78
  3256.00000     0.999219      1815119      1280.00
  4329.00000     0.999316      1815297      1462.86
  6154.00000     0.999414      1815475      1706.67
  9163.00000     0.999512      1815652      2048.00
 12900.00000     0.999561      1815740      2275.56
 18043.00000     0.999609      1815829      2560.00
 32153.00000     0.999658      1815918      2925.71
 56918.00000     0.999707      1816006      3413.33
 76824.00000     0.999756      1816095      4096.00
 90674.00000     0.999780      1816139      4551.11
104266.00000     0.999805      1816184      5120.00
120163.00000     0.999829      1816228      5851.43
136579.00000     0.999854      1816272      6826.67
154660.00000     0.999878      1816317      8192.00
164156.00000     0.999890      1816339      9102.22
177180.00000     0.999902      1816361     10240.00
190476.00000     0.999915      1816383     11702.86
209370.00000     0.999927      1816405     13653.33
237009.00000     0.999939      1816428     16384.00
249269.00000     0.999945      1816439     18204.44
268385.00000     0.999951      1816450     20480.00
301611.00000     0.999957      1816461     23405.71
325883.00000     0.999963      1816472     27306.67
364833.00000     0.999969      1816483     32768.00
389191.00000     0.999973      1816489     36408.89
419457.00000     0.999976      1816494     40960.00
491447.00000     0.999979      1816500     46811.43
563103.00000     0.999982      1816505     54613.33
604607.00000     0.999985      1816511     65536.00
630791.00000     0.999986      1816514     72817.78
646959.00000     0.999988      1816516     81920.00
673771.00000     0.999989      1816519     93622.86
1712423.00000     0.999991      1816522    109226.67
1724527.00000     0.999992      1816525    131072.00
1728567.00000     0.999993      1816526    145635.56
1733159.00000     0.999994      1816527    163840.00
1744111.00000     0.999995      1816529    187245.71
1749607.00000     0.999995      1816530    218453.33
1769455.00000     0.999996      1816532    262144.00
1769455.00000     0.999997      1816532    291271.11
1776303.00000     0.999997      1816533    327680.00
1784207.00000     0.999997      1816534    374491.43
1784207.00000     0.999998      1816534    436906.67
1791023.00000     0.999998      1816535    524288.00
1791023.00000     0.999998      1816535    582542.22
1798007.00000     0.999998      1816536    655360.00
1798007.00000     0.999999      1816536    748982.86
1798007.00000     0.999999      1816536    873813.33
1805359.00000     0.999999      1816537   1048576.00
1805359.00000     0.999999      1816537   1165084.44
1805359.00000     0.999999      1816537   1310720.00
1805359.00000     0.999999      1816537   1497965.71
1805359.00000     0.999999      1816537   1747626.67
1812783.00000     1.000000      1816538   2097152.00
1812783.00000     1.000000      1816538          inf
#[Mean    =      181.849, StdDeviation   =     6447.344]
#[Max     =  1812783.000, Total count    =      1816538]
#[Buckets =           13, SubBuckets     =       262144]
       Value   Percentile   TotalCount 1/(1-Percentile)

     0.00000     0.000000        10647         1.00
    37.00000     0.100000       341964         1.11
    49.00000     0.200000       664615         1.25
    49.00000     0.300000       664615         1.43
    61.00000     0.400000       747914         1.67
    98.00000     0.500000       927661         2.00
   123.00000     0.550000      1051111         2.22
   135.00000     0.600000      1101673         2.50
   160.00000     0.650000      1200783         2.86
   185.00000     0.700000      1286752         3.33
   222.00000     0.750000      1393011         4.00
   234.00000     0.775000      1424276         4.44
   246.00000     0.800000      1453250         5.00
   271.00000     0.825000      1502736         5.71
   308.00000     0.850000      1561736         6.67
   333.00000     0.875000      1593232         8.00
   357.00000     0.887500      1619748         8.89
   382.00000     0.900000      1642717        10.00
   407.00000     0.912500      1663039        11.43
   431.00000     0.925000      1680988        13.33
   481.00000     0.937500      1708951        16.00
   493.00000     0.943750      1714660        17.78
   530.00000     0.950000      1729289        20.00
   555.00000     0.956250      1737445        22.86
   604.00000     0.962500      1749995        26.67
   653.00000     0.968750      1759851        32.00
   690.00000     0.971875      1765772        35.56
   740.00000     0.975000      1772341        40.00
   789.00000     0.978125      1777219        45.71
   863.00000     0.981250      1782950        53.33
   962.00000     0.984375      1788271        64.00
  1036.00000     0.985938      1791113        71.11
  1134.00000     0.987500      1793843        80.00
  1295.00000     0.989062      1796803        91.43
  1554.00000     0.990625      1799613       106.67
  1948.00000     0.992188      1802416       128.00
  2257.00000     0.992969      1803780       142.22
  2873.00000     0.993750      1805193       160.00
  3206.00000     0.994531      1806676       182.86
  3367.00000     0.995313      1808036       213.33
  3638.00000     0.996094      1809462       256.00
  3909.00000     0.996484      1810153       284.44
  4329.00000     0.996875      1810873       320.00
  4736.00000     0.997266      1811583       365.71
  5180.00000     0.997656      1812301       426.67
  5648.00000     0.998047      1813003       512.00
  5858.00000     0.998242      1813363       568.89
  6080.00000     0.998437      1813709       640.00
  6364.00000     0.998633      1814067       731.43
  6709.00000     0.998828      1814421       853.33
  7091.00000     0.999023      1814767      1024.00
  7338.00000     0.999121      1814952      1137.78
  7560.00000     0.999219      1815119      1280.00
  7844.00000     0.999316      1815299      1462.86
  8140.00000     0.999414      1815479      1706.67
  8559.00000     0.999512      1815652      2048.00
  8793.00000     0.999561      1815742      2275.56
  9052.00000     0.999609      1815834      2560.00
  9361.00000     0.999658      1815918      2925.71
  9681.00000     0.999707      1816007      3413.33
 10150.00000     0.999756      1816095      4096.00
 10409.00000     0.999780      1816139      4551.11
 10779.00000     0.999805      1816185      5120.00
 11198.00000     0.999829      1816228      5851.43
 11778.00000     0.999854      1816272      6826.67
 12456.00000     0.999878      1816317      8192.00
 12900.00000     0.999890      1816340      9102.22
 13394.00000     0.999902      1816361     10240.00
 13764.00000     0.999915      1816383     11702.86
 14553.00000     0.999927      1816405     13653.33
 15355.00000     0.999939      1816428     16384.00
 15823.00000     0.999945      1816440     18204.44
 16317.00000     0.999951      1816450     20480.00
 17168.00000     0.999957      1816461     23405.71
 18080.00000     0.999963      1816472     27306.67
 19079.00000     0.999969      1816483     32768.00
 20251.00000     0.999973      1816489     36408.89
 21694.00000     0.999976      1816494     40960.00
 22890.00000     0.999979      1816500     46811.43
 23643.00000     0.999982      1816505     54613.33
 26023.00000     0.999985      1816511     65536.00
 26960.00000     0.999986      1816514     72817.78
 27614.00000     0.999988      1816516     81920.00
 29402.00000     0.999989      1816519     93622.86
 29809.00000     0.999991      1816522    109226.67
 34348.00000     0.999992      1816525    131072.00
 34730.00000     0.999993      1816526    145635.56
 34965.00000     0.999994      1816527    163840.00
 37394.00000     0.999995      1816529    187245.71
 65564.00000     0.999995      1816530    218453.33
 73790.00000     0.999996      1816532    262144.00
 73790.00000     0.999997      1816532    291271.11
126416.00000     0.999997      1816533    327680.00
126712.00000     0.999997      1816534    374491.43
126712.00000     0.999998      1816534    436906.67
185049.00000     0.999998      1816535    524288.00
185049.00000     0.999998      1816535    582542.22
209716.00000     0.999998      1816536    655360.00
209716.00000     0.999999      1816536    748982.86
209716.00000     0.999999      1816536    873813.33
258260.00000     0.999999      1816537   1048576.00
258260.00000     0.999999      1816537   1165084.44
258260.00000     0.999999      1816537   1310720.00
258260.00000     0.999999      1816537   1497965.71
258260.00000     0.999999      1816537   1747626.67
277279.00000     1.000000      1816538   2097152.00
277279.00000     1.000000      1816538          inf
#[Mean    =      196.926, StdDeviation   =      620.143]
#[Max     =   277279.000, Total count    =      1816538]
#[Buckets =           13, SubBuckets     =       262144]
       Value   Percentile   TotalCount 1/(1-Percentile)

    86.00000     0.000000           21         1.00
   185.00000     0.100000       251258         1.11
   209.00000     0.200000       421146         1.25
   234.00000     0.300000       606685         1.43
   259.00000     0.400000       792805         1.67
   283.00000     0.500000       977678         2.00
   296.00000     0.550000      1070750         2.22
   308.00000     0.600000      1163572         2.50
   320.00000     0.650000      1256410         2.86
   333.00000     0.700000      1346058         3.33
   345.00000     0.750000      1427121         4.00
   345.00000     0.775000      1427121         4.44
   357.00000     0.800000      1496295         5.00
   370.00000     0.825000      1548101         5.71
   370.00000     0.850000      1548101         6.67
   382.00000     0.875000      1596505         8.00
   394.00000     0.887500      1634435         8.89
   407.00000     0.900000      1661983        10.00
   407.00000     0.912500      1661983        11.43
   419.00000     0.925000      1684910        13.33
   431.00000     0.937500      1704482        16.00
   444.00000     0.943750      1721181        17.78
   456.00000     0.950000      1734989        20.00
   468.00000     0.956250      1745964        22.86
   481.00000     0.962500      1754219        26.67
   493.00000     0.968750      1760126        32.00
   518.00000     0.971875      1767661        35.56
   542.00000     0.975000      1772049        40.00
   604.00000     0.978125      1777120        45.71
   764.00000     0.981250      1782611        53.33
   999.00000     0.984375      1788506        64.00
  1110.00000     0.985938      1791166        71.11
  1282.00000     0.987500      1793964        80.00
  1467.00000     0.989062      1796819        91.43
  1702.00000     0.990625      1799585       106.67
  2022.00000     0.992188      1802404       128.00
  2220.00000     0.992969      1803837       142.22
  2454.00000     0.993750      1805234       160.00
  2762.00000     0.994531      1806627       182.86
  3132.00000     0.995313      1808047       213.33
  3650.00000     0.996094      1809449       256.00
  4107.00000     0.996484      1810169       284.44
  4612.00000     0.996875      1810865       320.00
  5241.00000     0.997266      1811583       365.71
  5587.00000     0.997656      1812293       426.67
  6154.00000     0.998047      1813001       512.00
  6598.00000     0.998242      1813353       568.89
  7178.00000     0.998437      1813700       640.00
  8238.00000     0.998633      1814058       731.43
  9151.00000     0.998828      1814411       853.33
 10434.00000     0.999023      1814766      1024.00
 11457.00000     0.999121      1814944      1137.78
 12826.00000     0.999219      1815121      1280.00
 14787.00000     0.999316      1815297      1462.86
 17883.00000     0.999414      1815474      1706.67
 22311.00000     0.999512      1815653      2048.00
 25073.00000     0.999561      1815742      2275.56
 28194.00000     0.999609      1815829      2560.00
 31647.00000     0.999658      1815918      2925.71
 36605.00000     0.999707      1816006      3413.33
 41082.00000     0.999756      1816095      4096.00
 43277.00000     0.999780      1816140      4551.11
 45941.00000     0.999805      1816184      5120.00
 49321.00000     0.999829      1816228      5851.43
 52416.00000     0.999854      1816272      6826.67
 56116.00000     0.999878      1816317      8192.00
 57572.00000     0.999890      1816340      9102.22
 59853.00000     0.999902      1816361     10240.00
 61617.00000     0.999915      1816383     11702.86
 63652.00000     0.999927      1816405     13653.33
 66242.00000     0.999939      1816428     16384.00
 67266.00000     0.999945      1816439     18204.44
 68203.00000     0.999951      1816450     20480.00
 72100.00000     0.999957      1816461     23405.71
 75702.00000     0.999963      1816472     27306.67
 78822.00000     0.999969      1816483     32768.00
 80980.00000     0.999973      1816489     36408.89
 84360.00000     0.999976      1816494     40960.00
 88282.00000     0.999979      1816500     46811.43
 90230.00000     0.999982      1816505     54613.33
 98543.00000     0.999985      1816511     65536.00
 99258.00000     0.999986      1816514     72817.78
101910.00000     0.999988      1816516     81920.00
106239.00000     0.999989      1816519     93622.86
118905.00000     0.999991      1816522    109226.67
124344.00000     0.999992      1816525    131072.00
126786.00000     0.999993      1816526    145635.56
129648.00000     0.999994      1816527    163840.00
138392.00000     0.999995      1816529    187245.71
144879.00000     0.999995      1816530    218453.33
159482.00000     0.999996      1816532    262144.00
159482.00000     0.999997      1816532    291271.11
171532.00000     0.999997      1816533    327680.00
181892.00000     0.999997      1816534    374491.43
181892.00000     0.999998      1816534    436906.67
196753.00000     0.999998      1816535    524288.00
196753.00000     0.999998      1816535    582542.22
206472.00000     0.999998      1816536    655360.00
206472.00000     0.999999      1816536    748982.86
206472.00000     0.999999      1816536    873813.33
213255.00000     0.999999      1816537   1048576.00
213255.00000     0.999999      1816537   1165084.44
213255.00000     0.999999      1816537   1310720.00
213255.00000     0.999999      1816537   1497965.71
213255.00000     0.999999      1816537   1747626.67
227488.00000     1.000000      1816538   2097152.00
227488.00000     1.000000      1816538          inf
#[Mean    =      349.172, StdDeviation   =     1242.837]
#[Max     =   227488.000, Total count    =      1816538]
#[Buckets =           13, SubBuckets     =       262144]
       Value   Percentile   TotalCount 1/(1-Percentile)

     0.00000     0.000000       217484         1.00
     0.00000     0.100000       217484         1.11
    12.00000     0.200000      1702538         1.25
    12.00000     0.300000      1702538         1.43
    12.00000     0.400000      1702538         1.67
    12.00000     0.500000      1702538         2.00
    12.00000     0.550000      1702538         2.22
    12.00000     0.600000      1702538         2.50
    12.00000     0.650000      1702538         2.86
    12.00000     0.700000      1702538         3.33
    12.00000     0.750000      1702538         4.00
    12.00000     0.775000      1702538         4.44
    12.00000     0.800000      1702538         5.00
    12.00000     0.825000      1702538         5.71
    12.00000     0.850000      1702538         6.67
    12.00000     0.875000      1702538         8.00
    12.00000     0.887500      1702538         8.89
    12.00000     0.900000      1702538        10.00
    12.00000     0.912500      1702538        11.43
    12.00000     0.925000      1702538        13.33
    24.00000     0.937500      1791821        16.00
    24.00000     0.943750      1791821        17.78
    24.00000     0.950000      1791821        20.00
    24.00000     0.956250      1791821        22.86
    24.00000     0.962500      1791821        26.67
    24.00000     0.968750      1791821        32.00
    24.00000     0.971875      1791821        35.56
    24.00000     0.975000      1791821        40.00
    24.00000     0.978125      1791821        45.71
    24.00000     0.981250      1791821        53.33
    24.00000     0.984375      1791821        64.00
    24.00000     0.985938      1791821        71.11
    37.00000     0.987500      1804848        80.00
    37.00000     0.989062      1804848        91.43
    37.00000     0.990625      1804848       106.67
    37.00000     0.992188      1804848       128.00
    37.00000     0.992969      1804848       142.22
    49.00000     0.993750      1811697       160.00
    49.00000     0.994531      1811697       182.86
    49.00000     0.995313      1811697       213.33
    49.00000     0.996094      1811697       256.00
    49.00000     0.996484      1811697       284.44
    49.00000     0.996875      1811697       320.00
    49.00000     0.997266      1811697       365.71
    61.00000     0.997656      1813677       426.67
    61.00000     0.998047      1813677       512.00
    61.00000     0.998242      1813677       568.89
    74.00000     0.998437      1814296       640.00
    74.00000     0.998633      1814296       731.43
    86.00000     0.998828      1814528       853.33
    98.00000     0.999023      1814839      1024.00
   111.00000     0.999121      1815461      1137.78
   111.00000     0.999219      1815461      1280.00
   111.00000     0.999316      1815461      1462.86
   123.00000     0.999414      1815649      1706.67
   135.00000     0.999512      1815739      2048.00
   148.00000     0.999561      1815818      2275.56
   160.00000     0.999609      1815906      2560.00
   172.00000     0.999658      1815963      2925.71
   197.00000     0.999707      1816014      3413.33
   234.00000     0.999756      1816096      4096.00
   271.00000     0.999780      1816150      4551.11
   308.00000     0.999805      1816186      5120.00
   345.00000     0.999829      1816229      5851.43
   431.00000     0.999854      1816276      6826.67
   518.00000     0.999878      1816321      8192.00
   567.00000     0.999890      1816340      9102.22
   653.00000     0.999902      1816361     10240.00
   801.00000     0.999915      1816383     11702.86
  1073.00000     0.999927      1816405     13653.33
  5106.00000     0.999939      1816430     16384.00
  5167.00000     0.999945      1816440     18204.44
  5229.00000     0.999951      1816451     20480.00
  5278.00000     0.999957      1816462     23405.71
  5340.00000     0.999963      1816472     27306.67
  5463.00000     0.999969      1816483     32768.00
  5537.00000     0.999973      1816489     36408.89
  5907.00000     0.999976      1816494     40960.00
  6129.00000     0.999979      1816501     46811.43
  6203.00000     0.999982      1816505     54613.33
  6487.00000     0.999985      1816511     65536.00
  6586.00000     0.999986      1816514     72817.78
  6647.00000     0.999988      1816516     81920.00
  6771.00000     0.999989      1816519     93622.86
  6919.00000     0.999991      1816522    109226.67
  7116.00000     0.999992      1816525    131072.00
  7153.00000     0.999993      1816526    145635.56
  7165.00000     0.999994      1816527    163840.00
  7387.00000     0.999995      1816529    187245.71
  7437.00000     0.999995      1816530    218453.33
  7696.00000     0.999996      1816533    262144.00
  7696.00000     0.999997      1816533    291271.11
  7696.00000     0.999997      1816533    327680.00
  7868.00000     0.999997      1816534    374491.43
  7868.00000     0.999998      1816534    436906.67
  8855.00000     0.999998      1816535    524288.00
  8855.00000     0.999998      1816535    582542.22
  9274.00000     0.999998      1816536    655360.00
  9274.00000     0.999999      1816536    748982.86
  9274.00000     0.999999      1816536    873813.33
  9521.00000     0.999999      1816537   1048576.00
  9521.00000     0.999999      1816537   1165084.44
  9521.00000     0.999999      1816537   1310720.00
  9521.00000     0.999999      1816537   1497965.71
  9521.00000     0.999999      1816537   1747626.67
  9977.00000     1.000000      1816538   2097152.00
  9977.00000     1.000000      1816538          inf
#[Mean    =       12.135, StdDeviation   =       50.045]
#[Max     =     9977.000, Total count    =      1816538]
#[Buckets =           13, SubBuckets     =       262144]
       Value   Percentile   TotalCount 1/(1-Percentile)

   629.00000     0.000000           12         1.00
   900.00000     0.100000       221484         1.11
   912.00000     0.200000       432400         1.25
   925.00000     0.300000       671330         1.43
   937.00000     0.400000       885892         1.67
   949.00000     0.500000      1012690         2.00
   949.00000     0.550000      1012690         2.22
   974.00000     0.600000      1141219         2.50
   986.00000     0.650000      1188831         2.86
  1060.00000     0.700000      1276426         3.33
  1134.00000     0.750000      1368119         4.00
  1159.00000     0.775000      1421370         4.44
  1184.00000     0.800000      1469197         5.00
  1208.00000     0.825000      1505184         5.71
  1245.00000     0.850000      1544993         6.67
  1307.00000     0.875000      1597397         8.00
  1332.00000     0.887500      1616676         8.89
  1356.00000     0.900000      1634982        10.00
  1393.00000     0.912500      1660370        11.43
  1430.00000     0.925000      1683681        13.33
  1467.00000     0.937500      1703924        16.00
  1492.00000     0.943750      1715406        17.78
  1529.00000     0.950000      1729648        20.00
  1554.00000     0.956250      1737337        22.86
  1603.00000     0.962500      1749421        26.67
  1677.00000     0.968750      1760229        32.00
  1763.00000     0.971875      1765980        35.56
  2084.00000     0.975000      1771208        40.00
  3071.00000     0.978125      1776842        45.71
  5710.00000     0.981250      1782517        53.33
  5907.00000     0.984375      1788760        64.00
  5944.00000     0.985938      1791105        71.11
  5994.00000     0.987500      1794505        80.00
  6031.00000     0.989062      1796835        91.43
  6080.00000     0.990625      1799675       106.67
  6142.00000     0.992188      1802404       128.00
  6191.00000     0.992969      1803822       142.22
  6265.00000     0.993750      1805202       160.00
  6413.00000     0.994531      1806625       182.86
  6845.00000     0.995313      1808023       213.33
  7326.00000     0.996094      1809455       256.00
  7461.00000     0.996484      1810223       284.44
  7572.00000     0.996875      1810907       320.00
  7683.00000     0.997266      1811599       365.71
  7807.00000     0.997656      1812284       426.67
  7967.00000     0.998047      1813033       512.00
  8053.00000     0.998242      1813350       568.89
  8177.00000     0.998437      1813711       640.00
  8312.00000     0.998633      1814064       731.43
  8473.00000     0.998828      1814414       853.33
  8621.00000     0.999023      1814785      1024.00
  8695.00000     0.999121      1814942      1137.78
  8793.00000     0.999219      1815126      1280.00
  8892.00000     0.999316      1815305      1462.86
  9003.00000     0.999414      1815480      1706.67
  9114.00000     0.999512      1815664      2048.00
  9176.00000     0.999561      1815742      2275.56
  9287.00000     0.999609      1815835      2560.00
  9410.00000     0.999658      1815919      2925.71
  9669.00000     0.999707      1816008      3413.33
 10088.00000     0.999756      1816096      4096.00
 10434.00000     0.999780      1816141      4551.11
 10902.00000     0.999805      1816185      5120.00
 11605.00000     0.999829      1816228      5851.43
 12296.00000     0.999854      1816272      6826.67
 13443.00000     0.999878      1816317      8192.00
 13912.00000     0.999890      1816339      9102.22
 14380.00000     0.999902      1816361     10240.00
 15453.00000     0.999915      1816383     11702.86
 16625.00000     0.999927      1816405     13653.33
 17612.00000     0.999939      1816428     16384.00
 18265.00000     0.999945      1816439     18204.44
 18574.00000     0.999951      1816450     20480.00
 19141.00000     0.999957      1816461     23405.71
 19622.00000     0.999963      1816472     27306.67
 20350.00000     0.999969      1816483     32768.00
 21238.00000     0.999973      1816489     36408.89
 21756.00000     0.999976      1816494     40960.00
 22261.00000     0.999979      1816500     46811.43
 22767.00000     0.999982      1816505     54613.33
 23408.00000     0.999985      1816511     65536.00
 24173.00000     0.999986      1816514     72817.78
 24506.00000     0.999988      1816516     81920.00
 24950.00000     0.999989      1816519     93622.86
 25641.00000     0.999991      1816522    109226.67
 26405.00000     0.999992      1816525    131072.00
 28181.00000     0.999993      1816526    145635.56
 28231.00000     0.999994      1816527    163840.00
 29119.00000     0.999995      1816529    187245.71
 29563.00000     0.999995      1816530    218453.33
 29834.00000     0.999996      1816532    262144.00
 29834.00000     0.999997      1816532    291271.11
 30364.00000     0.999997      1816533    327680.00
 33571.00000     0.999997      1816534    374491.43
 33571.00000     0.999998      1816534    436906.67
 33941.00000     0.999998      1816535    524288.00
 33941.00000     0.999998      1816535    582542.22
 35655.00000     0.999998      1816536    655360.00
 35655.00000     0.999999      1816536    748982.86
 35655.00000     0.999999      1816536    873813.33
 36605.00000     0.999999      1816537   1048576.00
 36605.00000     0.999999      1816537   1165084.44
 36605.00000     0.999999      1816537   1310720.00
 36605.00000     0.999999      1816537   1497965.71
 36605.00000     0.999999      1816537   1747626.67
 36950.00000     1.000000      1816538   2097152.00
 36950.00000     1.000000      1816538          inf
#[Mean    =     1150.527, StdDeviation   =      825.581]
#[Max     =    36950.000, Total count    =      1816538]
#[Buckets =           13, SubBuckets     =       262144]

=== EXCHANGE STDERR ===
matching tid: 49158
