=== CLIENT STDERR ===
=== Exchange load generator ===
  clients  : 10
  seed     : 1179817861
  target   : 127.0.0.1:4000
  thread id: 51491
Ctrl-C to stop.


=== Stats ===
  elapsed         : 14.997 s
  requests sent   : 2395374
  ACK responses   : 2395364
  MATCH responses : 1375232
  ERR responses   : 0
  orders in flight: -10
  --- throughput ---
  requests/s      : 159727
  ACK/s           : 159726
  MATCH/s         : 91702
  ERR/s           : 0
  total resp/s    : 159726

=== EXCHANGE STDOUT ===
exchange tid: 51490
inbound thread: 51492
outbound thread: 51493
       Value   Percentile   TotalCount 1/(1-Percentile)

  2047.00000     0.000000            1         1.00
  2368.00000     0.100000       195490         1.11
  2429.00000     0.200000       392265         1.25
  2479.00000     0.300000       570589         1.43
  2540.00000     0.400000       766540         1.67
  2602.00000     0.500000       922972         2.00
  2651.00000     0.550000      1029818         2.22
  2701.00000     0.600000      1120242         2.50
  2750.00000     0.650000      1192203         2.86
  2836.00000     0.700000      1286864         3.33
  2947.00000     0.750000      1378265         4.00
  3021.00000     0.775000      1428941         4.44
  3095.00000     0.800000      1472624         5.00
  3182.00000     0.825000      1515670         5.71
  3293.00000     0.850000      1561569         6.67
  3441.00000     0.875000      1607716         8.00
  3527.00000     0.887500      1628400         8.89
  3650.00000     0.900000      1652063        10.00
  3811.00000     0.912500      1674629        11.43
  4045.00000     0.925000      1696786        13.33
  4538.00000     0.937500      1719799        16.00
  5291.00000     0.943750      1731059        17.78
  7104.00000     0.950000      1742528        20.00
  7449.00000     0.956250      1754272        22.86
  7609.00000     0.962500      1765504        26.67
  7831.00000     0.968750      1776964        32.00
  8029.00000     0.971875      1782664        35.56
  8411.00000     0.975000      1788278        40.00
  9200.00000     0.978125      1794014        45.71
 10298.00000     0.981250      1799751        53.33
 12136.00000     0.984375      1805492        64.00
 14072.00000     0.985938      1808341        71.11
 17698.00000     0.987500      1811201        80.00
 23717.00000     0.989062      1814070        91.43
 32954.00000     0.990625      1816937       106.67
 44819.00000     0.992188      1819800       128.00
 51319.00000     0.992969      1821231       142.22
 56881.00000     0.993750      1822663       160.00
 62702.00000     0.994531      1824101       182.86
 70189.00000     0.995313      1825531       213.33
 77922.00000     0.996094      1826963       256.00
 82337.00000     0.996484      1827679       284.44
 84483.00000     0.996875      1828399       320.00
 89441.00000     0.997266      1829111       365.71
 94646.00000     0.997656      1829831       426.67
 99850.00000     0.998047      1830544       512.00
101466.00000     0.998242      1830902       568.89
104969.00000     0.998437      1831263       640.00
110013.00000     0.998633      1831619       731.43
123802.00000     0.998828      1831977       853.33
157681.00000     0.999023      1832335      1024.00
176366.00000     0.999121      1832514      1137.78
197469.00000     0.999219      1832694      1280.00
229030.00000     0.999316      1832873      1462.86
270149.00000     0.999414      1833052      1706.67
331027.00000     0.999512      1833231      2048.00
367237.00000     0.999561      1833320      2275.56
414265.00000     0.999609      1833410      2560.00
463869.00000     0.999658      1833500      2925.71
576571.00000     0.999707      1833589      3413.33
1100639.00000     0.999756      1833679      4096.00
1920847.00000     0.999780      1833723      4551.11
2541423.00000     0.999805      1833768      5120.00
3650911.00000     0.999829      1833813      5851.43
4732735.00000     0.999854      1833858      6826.67
4853439.00000     0.999878      1833903      8192.00
4883583.00000     0.999890      1833925      9102.22
4913823.00000     0.999902      1833947     10240.00
4952383.00000     0.999915      1833970     11702.86
5013439.00000     0.999927      1833992     13653.33
5406271.00000     0.999939      1834015     16384.00
5519295.00000     0.999945      1834027     18204.44
5780223.00000     0.999951      1834037     20480.00
5913567.00000     0.999957      1834048     23405.71
6487327.00000     0.999963      1834059     27306.67
7932767.00000     0.999969      1834071     32768.00
7968479.00000     0.999973      1834076     36408.89
8000319.00000     0.999976      1834082     40960.00
8035423.00000     0.999979      1834087     46811.43
8053695.00000     0.999982      1834093     54613.33
8117535.00000     0.999985      1834099     65536.00
8122847.00000     0.999986      1834101     72817.78
8147711.00000     0.999988      1834104     81920.00
8173055.00000     0.999989      1834107     93622.86
8184735.00000     0.999991      1834110    109226.67
8226047.00000     0.999992      1834113    131072.00
8252415.00000     0.999993      1834114    145635.56
8261855.00000     0.999994      1834115    163840.00
8283487.00000     0.999995      1834117    187245.71
8310719.00000     0.999995      1834118    218453.33
10056575.00000     0.999996      1834120    262144.00
10056575.00000     0.999997      1834120    291271.11
10072255.00000     0.999997      1834121    327680.00
10110399.00000     0.999997      1834122    374491.43
10110399.00000     0.999998      1834122    436906.67
10119359.00000     0.999998      1834123    524288.00
10119359.00000     0.999998      1834123    582542.22
10126975.00000     0.999998      1834124    655360.00
10126975.00000     0.999999      1834124    748982.86
10126975.00000     0.999999      1834124    873813.33
10157439.00000     0.999999      1834125   1048576.00
10157439.00000     0.999999      1834125   1165084.44
10157439.00000     0.999999      1834125   1310720.00
10157439.00000     0.999999      1834125   1497965.71
10157439.00000     0.999999      1834125   1747626.67
10174655.00000     1.000000      1834126   2097152.00
10174655.00000     1.000000      1834126          inf
#[Mean    =     4962.029, StdDeviation   =    80024.758]
#[Max     = 10174655.000, Total count    =      1834126]
#[Buckets =           13, SubBuckets     =       262144]
       Value   Percentile   TotalCount 1/(1-Percentile)

   962.00000     0.000000            1         1.00
  1036.00000     0.100000       315524         1.11
  1048.00000     0.200000       896592         1.25
  1048.00000     0.300000       896592         1.43
  1048.00000     0.400000       896592         1.67
  1060.00000     0.500000      1298651         2.00
  1060.00000     0.550000      1298651         2.22
  1060.00000     0.600000      1298651         2.50
  1060.00000     0.650000      1298651         2.86
  1060.00000     0.700000      1298651         3.33
  1073.00000     0.750000      1426440         4.00
  1073.00000     0.775000      1426440         4.44
  1097.00000     0.800000      1468533         5.00
  1159.00000     0.825000      1517466         5.71
  1258.00000     0.850000      1565740         6.67
  1307.00000     0.875000      1610837         8.00
  1332.00000     0.887500      1634347         8.89
  1356.00000     0.900000      1655733        10.00
  1393.00000     0.912500      1679833        11.43
  1430.00000     0.925000      1697689        13.33
  1480.00000     0.937500      1719620        16.00
  1504.00000     0.943750      1732287        17.78
  1529.00000     0.950000      1745864        20.00
  1554.00000     0.956250      1758733        22.86
  1578.00000     0.962500      1770118        26.67
  1603.00000     0.968750      1779654        32.00
  1615.00000     0.971875      1783838        35.56
  1640.00000     0.975000      1791007        40.00
  1652.00000     0.978125      1794027        45.71
  1689.00000     0.981250      1801726        53.33
  1714.00000     0.984375      1805913        64.00
  1739.00000     0.985938      1809290        71.11
  1763.00000     0.987500      1812215        80.00
  1788.00000     0.989062      1814597        91.43
  1825.00000     0.990625      1817336       106.67
  1899.00000     0.992188      1819964       128.00
  1985.00000     0.992969      1821323       142.22
  2133.00000     0.993750      1822756       160.00
  2294.00000     0.994531      1824114       182.86
  2479.00000     0.995313      1825588       213.33
  2762.00000     0.996094      1826980       256.00
  2960.00000     0.996484      1827690       284.44
  3293.00000     0.996875      1828405       320.00
  3872.00000     0.997266      1829118       365.71
  5229.00000     0.997656      1829829       426.67
  5994.00000     0.998047      1830544       512.00
  6154.00000     0.998242      1830918       568.89
  6339.00000     0.998437      1831285       640.00
  6499.00000     0.998633      1831638       731.43
  6672.00000     0.998828      1831977       853.33
  6857.00000     0.999023      1832355      1024.00
  6980.00000     0.999121      1832526      1137.78
  7141.00000     0.999219      1832699      1280.00
  7400.00000     0.999316      1832877      1462.86
  7881.00000     0.999414      1833054      1706.67
  8571.00000     0.999512      1833232      2048.00
  8991.00000     0.999561      1833322      2275.56
  9459.00000     0.999609      1833412      2560.00
  9977.00000     0.999658      1833500      2925.71
 10693.00000     0.999707      1833589      3413.33
 11667.00000     0.999756      1833679      4096.00
 12111.00000     0.999780      1833723      4551.11
 12950.00000     0.999805      1833769      5120.00
 13801.00000     0.999829      1833813      5851.43
 15268.00000     0.999854      1833859      6826.67
 16378.00000     0.999878      1833903      8192.00
 17131.00000     0.999890      1833925      9102.22
 18253.00000     0.999902      1833947     10240.00
 19425.00000     0.999915      1833970     11702.86
 22915.00000     0.999927      1833992     13653.33
 27454.00000     0.999939      1834015     16384.00
 30821.00000     0.999945      1834026     18204.44
 34447.00000     0.999951      1834037     20480.00
 38381.00000     0.999957      1834048     23405.71
 45238.00000     0.999963      1834059     27306.67
 50135.00000     0.999969      1834071     32768.00
 52947.00000     0.999973      1834076     36408.89
 61247.00000     0.999976      1834082     40960.00
 79303.00000     0.999979      1834087     46811.43
 92882.00000     0.999982      1834093     54613.33
151564.00000     0.999985      1834099     65536.00
156115.00000     0.999986      1834101     72817.78
161998.00000     0.999988      1834104     81920.00
922191.00000     0.999989      1834107     93622.86
1010423.00000     0.999991      1834110    109226.67
2583231.00000     0.999992      1834113    131072.00
3320271.00000     0.999993      1834114    145635.56
3320959.00000     0.999994      1834115    163840.00
4204351.00000     0.999995      1834117    187245.71
6445663.00000     0.999995      1834118    218453.33
6446847.00000     0.999996      1834120    262144.00
6446847.00000     0.999997      1834120    291271.11
7353215.00000     0.999997      1834121    327680.00
7813119.00000     0.999997      1834122    374491.43
7813119.00000     0.999998      1834122    436906.67
7813439.00000     0.999998      1834123    524288.00
7813439.00000     0.999998      1834123    582542.22
7970207.00000     0.999998      1834124    655360.00
7970207.00000     0.999999      1834124    748982.86
7970207.00000     0.999999      1834124    873813.33
7970943.00000     0.999999      1834125   1048576.00
7970943.00000     0.999999      1834125   1165084.44
7970943.00000     0.999999      1834125   1310720.00
7970943.00000     0.999999      1834125   1497965.71
7970943.00000     0.999999      1834125   1747626.67
7971039.00000     1.000000      1834126   2097152.00
7971039.00000     1.000000      1834126          inf
#[Mean    =     1191.459, StdDeviation   =    17596.460]
#[Max     =  7971039.000, Total count    =      1834126]
#[Buckets =           13, SubBuckets     =       262144]
       Value   Percentile   TotalCount 1/(1-Percentile)

     0.00000     0.000000        99075         1.00
    12.00000     0.100000      1322185         1.11
    12.00000     0.200000      1322185         1.25
    12.00000     0.300000      1322185         1.43
    12.00000     0.400000      1322185         1.67
    12.00000     0.500000      1322185         2.00
    12.00000     0.550000      1322185         2.22
    12.00000     0.600000      1322185         2.50
    12.00000     0.650000      1322185         2.86
    12.00000     0.700000      1322185         3.33
    24.00000     0.750000      1813417         4.00
    24.00000     0.775000      1813417         4.44
    24.00000     0.800000      1813417         5.00
    24.00000     0.825000      1813417         5.71
    24.00000     0.850000      1813417         6.67
    24.00000     0.875000      1813417         8.00
    24.00000     0.887500      1813417         8.89
    24.00000     0.900000      1813417        10.00
    24.00000     0.912500      1813417        11.43
    24.00000     0.925000      1813417        13.33
    24.00000     0.937500      1813417        16.00
    24.00000     0.943750      1813417        17.78
    24.00000     0.950000      1813417        20.00
    24.00000     0.956250      1813417        22.86
    24.00000     0.962500      1813417        26.67
    24.00000     0.968750      1813417        32.00
    24.00000     0.971875      1813417        35.56
    24.00000     0.975000      1813417        40.00
    24.00000     0.978125      1813417        45.71
    24.00000     0.981250      1813417        53.33
    24.00000     0.984375      1813417        64.00
    24.00000     0.985938      1813417        71.11
    24.00000     0.987500      1813417        80.00
    37.00000     0.989062      1827789        91.43
    37.00000     0.990625      1827789       106.67
    37.00000     0.992188      1827789       128.00
    37.00000     0.992969      1827789       142.22
    37.00000     0.993750      1827789       160.00
    37.00000     0.994531      1827789       182.86
    37.00000     0.995313      1827789       213.33
    37.00000     0.996094      1827789       256.00
    37.00000     0.996484      1827789       284.44
    49.00000     0.996875      1832260       320.00
    49.00000     0.997266      1832260       365.71
    49.00000     0.997656      1832260       426.67
    49.00000     0.998047      1832260       512.00
    49.00000     0.998242      1832260       568.89
    49.00000     0.998437      1832260       640.00
    49.00000     0.998633      1832260       731.43
    49.00000     0.998828      1832260       853.33
    61.00000     0.999023      1833554      1024.00
    61.00000     0.999121      1833554      1137.78
    61.00000     0.999219      1833554      1280.00
    61.00000     0.999316      1833554      1462.86
    61.00000     0.999414      1833554      1706.67
    61.00000     0.999512      1833554      2048.00
    61.00000     0.999561      1833554      2275.56
    61.00000     0.999609      1833554      2560.00
    61.00000     0.999658      1833554      2925.71
    74.00000     0.999707      1833768      3413.33
    74.00000     0.999756      1833768      4096.00
    74.00000     0.999780      1833768      4551.11
    74.00000     0.999805      1833768      5120.00
    86.00000     0.999829      1833822      5851.43
   111.00000     0.999854      1833879      6826.67
   123.00000     0.999878      1833903      8192.00
   148.00000     0.999890      1833954      9102.22
   148.00000     0.999902      1833954     10240.00
   160.00000     0.999915      1833980     11702.86
   185.00000     0.999927      1833992     13653.33
   234.00000     0.999939      1834024     16384.00
   246.00000     0.999945      1834027     18204.44
   271.00000     0.999951      1834037     20480.00
   320.00000     0.999957      1834051     23405.71
   370.00000     0.999963      1834059     27306.67
   444.00000     0.999969      1834071     32768.00
   468.00000     0.999973      1834076     36408.89
   518.00000     0.999976      1834082     40960.00
   555.00000     0.999979      1834088     46811.43
   592.00000     0.999982      1834095     54613.33
   641.00000     0.999985      1834099     65536.00
   690.00000     0.999986      1834101     72817.78
   777.00000     0.999988      1834104     81920.00
   851.00000     0.999989      1834107     93622.86
  1171.00000     0.999991      1834110    109226.67
  1221.00000     0.999992      1834113    131072.00
  1332.00000     0.999993      1834114    145635.56
  1344.00000     0.999994      1834115    163840.00
  1566.00000     0.999995      1834117    187245.71
  1578.00000     0.999995      1834118    218453.33
  1726.00000     0.999996      1834120    262144.00
  1726.00000     0.999997      1834120    291271.11
  2195.00000     0.999997      1834121    327680.00
  2454.00000     0.999997      1834122    374491.43
  2454.00000     0.999998      1834122    436906.67
  2565.00000     0.999998      1834123    524288.00
  2565.00000     0.999998      1834123    582542.22
  3379.00000     0.999998      1834124    655360.00
  3379.00000     0.999999      1834124    748982.86
  3379.00000     0.999999      1834124    873813.33
  4958.00000     0.999999      1834125   1048576.00
  4958.00000     0.999999      1834125   1165084.44
  4958.00000     0.999999      1834125   1310720.00
  4958.00000     0.999999      1834125   1497965.71
  4958.00000     0.999999      1834125   1747626.67
  7868.00000     1.000000      1834126   2097152.00
  7868.00000     1.000000      1834126          inf
#[Mean    =       14.952, StdDeviation   =       11.615]
#[Max     =     7868.000, Total count    =      1834126]
#[Buckets =           13, SubBuckets     =       262144]
       Value   Percentile   TotalCount 1/(1-Percentile)

    61.00000     0.000000            2         1.00
    98.00000     0.100000       484091         1.11
    98.00000     0.200000       484091         1.25
   111.00000     0.300000      1267605         1.43
   111.00000     0.400000      1267605         1.67
   111.00000     0.500000      1267605         2.00
   111.00000     0.550000      1267605         2.22
   111.00000     0.600000      1267605         2.50
   111.00000     0.650000      1267605         2.86
   123.00000     0.700000      1536931         3.33
   123.00000     0.750000      1536931         4.00
   123.00000     0.775000      1536931         4.44
   123.00000     0.800000      1536931         5.00
   123.00000     0.825000      1536931         5.71
   135.00000     0.850000      1754791         6.67
   135.00000     0.875000      1754791         8.00
   135.00000     0.887500      1754791         8.89
   135.00000     0.900000      1754791        10.00
   135.00000     0.912500      1754791        11.43
   135.00000     0.925000      1754791        13.33
   135.00000     0.937500      1754791        16.00
   135.00000     0.943750      1754791        17.78
   135.00000     0.950000      1754791        20.00
   135.00000     0.956250      1754791        22.86
   148.00000     0.962500      1794150        26.67
   148.00000     0.968750      1794150        32.00
   148.00000     0.971875      1794150        35.56
   148.00000     0.975000      1794150        40.00
   148.00000     0.978125      1794150        45.71
   160.00000     0.981250      1802308        53.33
   184.00000     0.984375      1805488        64.00
   197.00000     0.985938      1808577        71.11
   234.00000     0.987500      1811998        80.00
   283.00000     0.989062      1814099        91.43
   407.00000     0.990625      1816966       106.67
   579.00000     0.992188      1819847       128.00
   690.00000     0.992969      1821375       142.22
   813.00000     0.993750      1822665       160.00
   974.00000     0.994531      1824110       182.86
  1258.00000     0.995313      1825576       213.33
  1813.00000     0.996094      1826973       256.00
  2380.00000     0.996484      1827678       284.44
  3157.00000     0.996875      1828397       320.00
  4205.00000     0.997266      1829112       365.71
  5685.00000     0.997656      1829828       426.67
  8510.00000     0.998047      1830544       512.00
 10545.00000     0.998242      1830904       568.89
 13579.00000     0.998437      1831261       640.00
 17131.00000     0.998633      1831619       731.43
 22076.00000     0.998828      1831978       853.33
 34323.00000     0.999023      1832335      1024.00
 45349.00000     0.999121      1832514      1137.78
 62308.00000     0.999219      1832695      1280.00
 79797.00000     0.999316      1832873      1462.86
101244.00000     0.999414      1833052      1706.67
136332.00000     0.999512      1833231      2048.00
156769.00000     0.999561      1833320      2275.56
190328.00000     0.999609      1833410      2560.00
243781.00000     0.999658      1833500      2925.71
331507.00000     0.999707      1833589      3413.33
444419.00000     0.999756      1833679      4096.00
535095.00000     0.999780      1833723      4551.11
883735.00000     0.999805      1833768      5120.00
1393063.00000     0.999829      1833813      5851.43
2243359.00000     0.999854      1833858      6826.67
3660879.00000     0.999878      1833903      8192.00
4600831.00000     0.999890      1833925      9102.22
4757343.00000     0.999902      1833947     10240.00
4821887.00000     0.999915      1833970     11702.86
4856415.00000     0.999927      1833992     13653.33
4921951.00000     0.999939      1834015     16384.00
5139807.00000     0.999945      1834026     18204.44
5237119.00000     0.999951      1834037     20480.00
5421663.00000     0.999957      1834048     23405.71
5541919.00000     0.999963      1834059     27306.67
7794335.00000     0.999969      1834071     32768.00
7826239.00000     0.999973      1834076     36408.89
7882367.00000     0.999976      1834082     40960.00
7915775.00000     0.999979      1834087     46811.43
7979999.00000     0.999982      1834093     54613.33
8042271.00000     0.999985      1834099     65536.00
8054655.00000     0.999986      1834101     72817.78
8062303.00000     0.999988      1834104     81920.00
8064959.00000     0.999989      1834107     93622.86
8092927.00000     0.999991      1834110    109226.67
8132991.00000     0.999992      1834113    131072.00
8149887.00000     0.999993      1834114    145635.56
8151039.00000     0.999994      1834115    163840.00
8172895.00000     0.999995      1834117    187245.71
8186495.00000     0.999995      1834118    218453.33
10009599.00000     0.999996      1834120    262144.00
10009599.00000     0.999997      1834120    291271.11
10017407.00000     0.999997      1834121    327680.00
10024831.00000     0.999997      1834122    374491.43
10024831.00000     0.999998      1834122    436906.67
10042239.00000     0.999998      1834123    524288.00
10042239.00000     0.999998      1834123    582542.22
10050815.00000     0.999998      1834124    655360.00
10050815.00000     0.999999      1834124    748982.86
10050815.00000     0.999999      1834124    873813.33
10054719.00000     0.999999      1834125   1048576.00
10054719.00000     0.999999      1834125   1165084.44
10054719.00000     0.999999      1834125   1310720.00
10054719.00000     0.999999      1834125   1497965.71
10054719.00000     0.999999      1834125   1747626.67
10078719.00000     1.000000      1834126   2097152.00
10078719.00000     1.000000      1834126          inf
#[Mean    =     1114.008, StdDeviation   =    68884.331]
#[Max     = 10078719.000, Total count    =      1834126]
#[Buckets =           13, SubBuckets     =       262144]
       Value   Percentile   TotalCount 1/(1-Percentile)

     0.00000     0.000000        10952         1.00
    37.00000     0.100000       362176         1.11
    49.00000     0.200000       685286         1.25
    49.00000     0.300000       685286         1.43
    61.00000     0.400000       758894         1.67
   135.00000     0.500000       919528         2.00
   160.00000     0.550000      1011472         2.22
   185.00000     0.600000      1106885         2.50
   222.00000     0.650000      1228051         2.86
   246.00000     0.700000      1304802         3.33
   271.00000     0.750000      1376514         4.00
   296.00000     0.775000      1436273         4.44
   320.00000     0.800000      1484445         5.00
   345.00000     0.825000      1524440         5.71
   370.00000     0.850000      1559654         6.67
   407.00000     0.875000      1604978         8.00
   431.00000     0.887500      1629868         8.89
   456.00000     0.900000      1651975        10.00
   493.00000     0.912500      1681233        11.43
   518.00000     0.925000      1697554        13.33
   567.00000     0.937500      1723306        16.00
   592.00000     0.943750      1733703        17.78
   616.00000     0.950000      1742937        20.00
   653.00000     0.956250      1754339        22.86
   703.00000     0.962500      1766142        26.67
   764.00000     0.968750      1777645        32.00
   801.00000     0.971875      1782940        35.56
   851.00000     0.975000      1788877        40.00
   912.00000     0.978125      1794611        45.71
   999.00000     0.981250      1800423        53.33
  1122.00000     0.984375      1805799        64.00
  1221.00000     0.985938      1808474        71.11
  1381.00000     0.987500      1811245        80.00
  1689.00000     0.989062      1814089        91.43
  2528.00000     0.990625      1816940       106.67
  4760.00000     0.992188      1819891       128.00
  4921.00000     0.992969      1821241       142.22
  5081.00000     0.993750      1822691       160.00
  5254.00000     0.994531      1824120       182.86
  5500.00000     0.995313      1825579       213.33
  5883.00000     0.996094      1826992       256.00
  6203.00000     0.996484      1827703       284.44
  6660.00000     0.996875      1828396       320.00
  7252.00000     0.997266      1829119       365.71
  7942.00000     0.997656      1829828       426.67
  8621.00000     0.998047      1830552       512.00
  8941.00000     0.998242      1830914       568.89
  9262.00000     0.998437      1831277       640.00
  9644.00000     0.998633      1831621       731.43
 10101.00000     0.998828      1831979       853.33
 10656.00000     0.999023      1832344      1024.00
 10927.00000     0.999121      1832516      1137.78
 11297.00000     0.999219      1832695      1280.00
 11716.00000     0.999316      1832873      1462.86
 12296.00000     0.999414      1833053      1706.67
 12925.00000     0.999512      1833234      2048.00
 13320.00000     0.999561      1833320      2275.56
 13801.00000     0.999609      1833411      2560.00
 14257.00000     0.999658      1833500      2925.71
 14935.00000     0.999707      1833590      3413.33
 16008.00000     0.999756      1833679      4096.00
 16884.00000     0.999780      1833723      4551.11
 17883.00000     0.999805      1833768      5120.00
 18746.00000     0.999829      1833813      5851.43
 20843.00000     0.999854      1833858      6826.67
 23260.00000     0.999878      1833903      8192.00
 24938.00000     0.999890      1833925      9102.22
 26726.00000     0.999902      1833947     10240.00
 29131.00000     0.999915      1833970     11702.86
 31228.00000     0.999927      1833992     13653.33
 35211.00000     0.999939      1834015     16384.00
 37493.00000     0.999945      1834026     18204.44
 39787.00000     0.999951      1834037     20480.00
 42661.00000     0.999957      1834048     23405.71
 52096.00000     0.999963      1834059     27306.67
 63689.00000     0.999969      1834071     32768.00
 67438.00000     0.999973      1834076     36408.89
 70744.00000     0.999976      1834082     40960.00
 77996.00000     0.999979      1834087     46811.43
 83472.00000     0.999982      1834093     54613.33
100072.00000     0.999985      1834099     65536.00
102070.00000     0.999986      1834101     72817.78
111370.00000     0.999988      1834104     81920.00
119473.00000     0.999989      1834107     93622.86
135136.00000     0.999991      1834110    109226.67
158779.00000     0.999992      1834113    131072.00
161739.00000     0.999993      1834114    145635.56
163527.00000     0.999994      1834115    163840.00
174319.00000     0.999995      1834117    187245.71
618815.00000     0.999995      1834118    218453.33
1544295.00000     0.999996      1834120    262144.00
1544295.00000     0.999997      1834120    291271.11
2140911.00000     0.999997      1834121    327680.00
2423535.00000     0.999997      1834122    374491.43
2423535.00000     0.999998      1834122    436906.67
4225567.00000     0.999998      1834123    524288.00
4225567.00000     0.999998      1834123    582542.22
4918143.00000     0.999998      1834124    655360.00
4918143.00000     0.999999      1834124    748982.86
4918143.00000     0.999999      1834124    873813.33
5057631.00000     0.999999      1834125   1048576.00
5057631.00000     0.999999      1834125   1165084.44
5057631.00000     0.999999      1834125   1310720.00
5057631.00000     0.999999      1834125   1497965.71
5057631.00000     0.999999      1834125   1747626.67
8191711.00000     1.000000      1834126   2097152.00
8191711.00000     1.000000      1834126          inf
#[Mean    =      275.223, StdDeviation   =     9042.188]
#[Max     =  8191711.000, Total count    =      1834126]
#[Buckets =           13, SubBuckets     =       262144]
       Value   Percentile   TotalCount 1/(1-Percentile)

    86.00000     0.000000           11         1.00
   172.00000     0.100000       184637         1.11
   209.00000     0.200000       438570         1.25
   234.00000     0.300000       618181         1.43
   259.00000     0.400000       806533         1.67
   283.00000     0.500000       996609         2.00
   296.00000     0.550000      1092271         2.22
   308.00000     0.600000      1188149         2.50
   320.00000     0.650000      1282888         2.86
   333.00000     0.700000      1373502         3.33
   345.00000     0.750000      1454429         4.00
   345.00000     0.775000      1454429         4.44
   357.00000     0.800000      1520984         5.00
   357.00000     0.825000      1520984         5.71
   370.00000     0.850000      1566921         6.67
   382.00000     0.875000      1613473         8.00
   394.00000     0.887500      1645285         8.89
   407.00000     0.900000      1667096        10.00
   419.00000     0.912500      1685627        11.43
   431.00000     0.925000      1701833        13.33
   456.00000     0.937500      1726558        16.00
   468.00000     0.943750      1735207        17.78
   493.00000     0.950000      1746992        20.00
   518.00000     0.956250      1754353        22.86
   604.00000     0.962500      1766453        26.67
   851.00000     0.968750      1776985        32.00
  1011.00000     0.971875      1782568        35.56
  1258.00000     0.975000      1788450        40.00
  1554.00000     0.978125      1794052        45.71
  2109.00000     0.981250      1799807        53.33
  3379.00000     0.984375      1805490        64.00
  4810.00000     0.985938      1808334        71.11
  6376.00000     0.987500      1811203        80.00
 12740.00000     0.989062      1814069        91.43
 22533.00000     0.990625      1816934       106.67
 33571.00000     0.992188      1819798       128.00
 39010.00000     0.992969      1821235       142.22
 44671.00000     0.993750      1822663       160.00
 50159.00000     0.994531      1824097       182.86
 55857.00000     0.995313      1825536       213.33
 62591.00000     0.996094      1826962       256.00
 66378.00000     0.996484      1827680       284.44
 70559.00000     0.996875      1828395       320.00
 73852.00000     0.997266      1829111       365.71
 77379.00000     0.997656      1829832       426.67
 82288.00000     0.998047      1830545       512.00
 84693.00000     0.998242      1830902       568.89
 87480.00000     0.998437      1831262       640.00
 89774.00000     0.998633      1831619       731.43
 92833.00000     0.998828      1831980       853.33
 93930.00000     0.999023      1832338      1024.00
 96200.00000     0.999121      1832514      1137.78
 97976.00000     0.999219      1832697      1280.00
 99197.00000     0.999316      1832873      1462.86
103180.00000     0.999414      1833052      1706.67
111320.00000     0.999512      1833231      2048.00
120225.00000     0.999561      1833320      2275.56
138108.00000     0.999609      1833410      2560.00
161924.00000     0.999658      1833500      2925.71
185666.00000     0.999707      1833589      3413.33
214896.00000     0.999756      1833679      4096.00
237552.00000     0.999780      1833723      4551.11
257668.00000     0.999805      1833768      5120.00
279917.00000     0.999829      1833813      5851.43
312503.00000     0.999854      1833858      6826.67
348343.00000     0.999878      1833903      8192.00
371111.00000     0.999890      1833925      9102.22
389833.00000     0.999902      1833947     10240.00
410183.00000     0.999915      1833970     11702.86
445185.00000     0.999927      1833992     13653.33
529963.00000     0.999939      1834015     16384.00
978207.00000     0.999945      1834026     18204.44
1389215.00000     0.999951      1834037     20480.00
3348015.00000     0.999957      1834048     23405.71
3657439.00000     0.999963      1834059     27306.67
4784447.00000     0.999969      1834071     32768.00
4809247.00000     0.999973      1834076     36408.89
4835903.00000     0.999976      1834082     40960.00
4860223.00000     0.999979      1834087     46811.43
4878623.00000     0.999982      1834093     54613.33
4907487.00000     0.999985      1834099     65536.00
4908543.00000     0.999986      1834101     72817.78
4915839.00000     0.999988      1834104     81920.00
4926911.00000     0.999989      1834107     93622.86
4927647.00000     0.999991      1834110    109226.67
4941535.00000     0.999992      1834113    131072.00
4941695.00000     0.999993      1834114    145635.56
4945151.00000     0.999994      1834115    163840.00
4948607.00000     0.999995      1834117    187245.71
4951487.00000     0.999995      1834118    218453.33
4963903.00000     0.999996      1834120    262144.00
4963903.00000     0.999997      1834120    291271.11
4964223.00000     0.999997      1834121    327680.00
4966111.00000     0.999997      1834122    374491.43
4966111.00000     0.999998      1834122    436906.67
4966847.00000     0.999998      1834123    524288.00
4966847.00000     0.999998      1834123    582542.22
4977919.00000     0.999998      1834124    655360.00
4977919.00000     0.999999      1834124    748982.86
4977919.00000     0.999999      1834124    873813.33
4996575.00000     0.999999      1834125   1048576.00
4996575.00000     0.999999      1834125   1165084.44
4996575.00000     0.999999      1834125   1310720.00
4996575.00000     0.999999      1834125   1497965.71
4996575.00000     0.999999      1834125   1747626.67
5003967.00000     1.000000      1834126   2097152.00
5003967.00000     1.000000      1834126          inf
#[Mean    =     1172.235, StdDeviation   =    31952.929]
#[Max     =  5003967.000, Total count    =      1834126]
#[Buckets =           13, SubBuckets     =       262144]
       Value   Percentile   TotalCount 1/(1-Percentile)

     0.00000     0.000000       229740         1.00
     0.00000     0.100000       229740         1.11
    12.00000     0.200000      1726888         1.25
    12.00000     0.300000      1726888         1.43
    12.00000     0.400000      1726888         1.67
    12.00000     0.500000      1726888         2.00
    12.00000     0.550000      1726888         2.22
    12.00000     0.600000      1726888         2.50
    12.00000     0.650000      1726888         2.86
    12.00000     0.700000      1726888         3.33
    12.00000     0.750000      1726888         4.00
    12.00000     0.775000      1726888         4.44
    12.00000     0.800000      1726888         5.00
    12.00000     0.825000      1726888         5.71
    12.00000     0.850000      1726888         6.67
    12.00000     0.875000      1726888         8.00
    12.00000     0.887500      1726888         8.89
    12.00000     0.900000      1726888        10.00
    12.00000     0.912500      1726888        11.43
    12.00000     0.925000      1726888        13.33
    12.00000     0.937500      1726888        16.00
    24.00000     0.943750      1807686        17.78
    24.00000     0.950000      1807686        20.00
    24.00000     0.956250      1807686        22.86
    24.00000     0.962500      1807686        26.67
    24.00000     0.968750      1807686        32.00
    24.00000     0.971875      1807686        35.56
    24.00000     0.975000      1807686        40.00
    24.00000     0.978125      1807686        45.71
    24.00000     0.981250      1807686        53.33
    24.00000     0.984375      1807686        64.00
    37.00000     0.985938      1818171        71.11
    37.00000     0.987500      1818171        80.00
    37.00000     0.989062      1818171        91.43
    37.00000     0.990625      1818171       106.67
    49.00000     0.992188      1823686       128.00
    49.00000     0.992969      1823686       142.22
    49.00000     0.993750      1823686       160.00
    61.00000     0.994531      1825847       182.86
    61.00000     0.995313      1825847       213.33
    86.00000     0.996094      1827355       256.00
    98.00000     0.996484      1828193       284.44
   111.00000     0.996875      1829919       320.00
   111.00000     0.997266      1829919       365.71
   111.00000     0.997656      1829919       426.67
   123.00000     0.998047      1830826       512.00
   135.00000     0.998242      1831294       568.89
   135.00000     0.998437      1831294       640.00
   148.00000     0.998633      1831648       731.43
   160.00000     0.998828      1831984       853.33
   185.00000     0.999023      1832415      1024.00
   197.00000     0.999121      1832559      1137.78
   222.00000     0.999219      1832739      1280.00
   246.00000     0.999316      1832876      1462.86
   308.00000     0.999414      1833095      1706.67
   357.00000     0.999512      1833251      2048.00
   394.00000     0.999561      1833337      2275.56
   431.00000     0.999609      1833416      2560.00
   481.00000     0.999658      1833521      2925.71
   518.00000     0.999707      1833601      3413.33
   579.00000     0.999756      1833684      4096.00
   604.00000     0.999780      1833738      4551.11
   629.00000     0.999805      1833774      5120.00
   678.00000     0.999829      1833825      5851.43
   727.00000     0.999854      1833863      6826.67
   814.00000     0.999878      1833909      8192.00
   851.00000     0.999890      1833926      9102.22
   925.00000     0.999902      1833952     10240.00
   999.00000     0.999915      1833972     11702.86
  1097.00000     0.999927      1833992     13653.33
  1319.00000     0.999939      1834015     16384.00
  1911.00000     0.999945      1834026     18204.44
  5106.00000     0.999951      1834038     20480.00
  5167.00000     0.999957      1834048     23405.71
  5229.00000     0.999963      1834060     27306.67
  5278.00000     0.999969      1834071     32768.00
  5328.00000     0.999973      1834076     36408.89
  5377.00000     0.999976      1834083     40960.00
  5463.00000     0.999979      1834088     46811.43
  5599.00000     0.999982      1834094     54613.33
  5895.00000     0.999985      1834099     65536.00
  6068.00000     0.999986      1834101     72817.78
  6438.00000     0.999988      1834104     81920.00
  6598.00000     0.999989      1834107     93622.86
  6647.00000     0.999991      1834110    109226.67
  6808.00000     0.999992      1834115    131072.00
  6808.00000     0.999993      1834115    145635.56
  6808.00000     0.999994      1834115    163840.00
  6980.00000     0.999995      1834117    187245.71
  7104.00000     0.999995      1834118    218453.33
  7782.00000     0.999996      1834120    262144.00
  7782.00000     0.999997      1834120    291271.11
  7844.00000     0.999997      1834121    327680.00
  7930.00000     0.999997      1834122    374491.43
  7930.00000     0.999998      1834122    436906.67
  7955.00000     0.999998      1834123    524288.00
  7955.00000     0.999998      1834123    582542.22
  8016.00000     0.999998      1834124    655360.00
  8016.00000     0.999999      1834124    748982.86
  8016.00000     0.999999      1834124    873813.33
 11161.00000     0.999999      1834125   1048576.00
 11161.00000     0.999999      1834125   1165084.44
 11161.00000     0.999999      1834125   1310720.00
 11161.00000     0.999999      1834125   1497965.71
 11161.00000     0.999999      1834125   1747626.67
 16428.00000     1.000000      1834126   2097152.00
 16428.00000     1.000000      1834126          inf
#[Mean    =       12.385, StdDeviation   =       47.261]
#[Max     =    16428.000, Total count    =      1834126]
#[Buckets =           13, SubBuckets     =       262144]
       Value   Percentile   TotalCount 1/(1-Percentile)

   616.00000     0.000000            4         1.00
   900.00000     0.100000       268006         1.11
   912.00000     0.200000       653172         1.25
   912.00000     0.300000       653172         1.43
   925.00000     0.400000       975982         1.67
   925.00000     0.500000       975982         2.00
   937.00000     0.550000      1166698         2.22
   937.00000     0.600000      1166698         2.50
   949.00000     0.650000      1273609         2.86
   961.00000     0.700000      1284693         3.33
   974.00000     0.750000      1396964         4.00
   986.00000     0.775000      1430487         4.44
  1023.00000     0.800000      1471363         5.00
  1110.00000     0.825000      1517357         5.71
  1159.00000     0.850000      1560394         6.67
  1221.00000     0.875000      1611424         8.00
  1258.00000     0.887500      1631385         8.89
  1307.00000     0.900000      1653169        10.00
  1356.00000     0.912500      1675640        11.43
  1406.00000     0.925000      1697244        13.33
  1467.00000     0.937500      1719723        16.00
  1517.00000     0.943750      1733010        17.78
  1566.00000     0.950000      1742669        20.00
  1665.00000     0.956250      1754466        22.86
  2417.00000     0.962500      1765353        26.67
  5180.00000     0.968750      1776963        32.00
  5315.00000     0.971875      1782823        35.56
  5513.00000     0.975000      1788386        40.00
  5821.00000     0.978125      1794545        45.71
  5895.00000     0.981250      1800239        53.33
  5957.00000     0.984375      1806204        64.00
  5981.00000     0.985938      1808657        71.11
  6018.00000     0.987500      1812025        80.00
  6055.00000     0.989062      1814960        91.43
  6092.00000     0.990625      1817316       106.67
  6154.00000     0.992188      1819942       128.00
  6203.00000     0.992969      1821347       142.22
  6289.00000     0.993750      1822684       160.00
  6413.00000     0.994531      1824130       182.86
  6733.00000     0.995313      1825534       213.33
  7215.00000     0.996094      1826986       256.00
  7387.00000     0.996484      1827738       284.44
  7523.00000     0.996875      1828431       320.00
  7646.00000     0.997266      1829153       365.71
  7782.00000     0.997656      1829881       426.67
  7955.00000     0.998047      1830552       512.00
  8066.00000     0.998242      1830908       568.89
  8214.00000     0.998437      1831283       640.00
  8374.00000     0.998633      1831620       731.43
  8584.00000     0.998828      1831979       853.33
  8830.00000     0.999023      1832337      1024.00
  9003.00000     0.999121      1832516      1137.78
  9225.00000     0.999219      1832699      1280.00
  9706.00000     0.999316      1832876      1462.86
 10520.00000     0.999414      1833053      1706.67
 11692.00000     0.999512      1833231      2048.00
 12740.00000     0.999561      1833323      2275.56
 14343.00000     0.999609      1833411      2560.00
 16514.00000     0.999658      1833500      2925.71
 19930.00000     0.999707      1833589      3413.33
 22853.00000     0.999756      1833680      4096.00
 24383.00000     0.999780      1833726      4551.11
 25678.00000     0.999805      1833771      5120.00
 26492.00000     0.999829      1833814      5851.43
 27528.00000     0.999854      1833858      6826.67
 28675.00000     0.999878      1833903      8192.00
 29168.00000     0.999890      1833927      9102.22
 29649.00000     0.999902      1833949     10240.00
 30451.00000     0.999915      1833970     11702.86
 31191.00000     0.999927      1833992     13653.33
 32535.00000     0.999939      1834015     16384.00
 32868.00000     0.999945      1834026     18204.44
 34040.00000     0.999951      1834037     20480.00
 34878.00000     0.999957      1834048     23405.71
 37185.00000     0.999963      1834059     27306.67
 39121.00000     0.999969      1834072     32768.00
 40194.00000     0.999973      1834077     36408.89
 42648.00000     0.999976      1834082     40960.00
 46447.00000     0.999979      1834089     46811.43
 54883.00000     0.999982      1834093     54613.33
 60606.00000     0.999985      1834099     65536.00
 61358.00000     0.999986      1834101     72817.78
 65786.00000     0.999988      1834104     81920.00
 81067.00000     0.999989      1834107     93622.86
 87048.00000     0.999991      1834111    109226.67
 94917.00000     0.999992      1834113    131072.00
 96187.00000     0.999993      1834114    145635.56
 96422.00000     0.999994      1834115    163840.00
 99702.00000     0.999995      1834117    187245.71
104118.00000     0.999995      1834118    218453.33
107448.00000     0.999996      1834120    262144.00
107448.00000     0.999997      1834120    291271.11
114342.00000     0.999997      1834121    327680.00
134199.00000     0.999997      1834122    374491.43
134199.00000     0.999998      1834122    436906.67
205929.00000     0.999998      1834123    524288.00
205929.00000     0.999998      1834123    582542.22
3262159.00000     0.999998      1834125    655360.00
3262159.00000     0.999999      1834125    748982.86
3262159.00000     0.999999      1834125    873813.33
3262159.00000     0.999999      1834125   1048576.00
3262159.00000     0.999999      1834125   1165084.44
3262159.00000     0.999999      1834125   1310720.00
3262159.00000     0.999999      1834125   1497965.71
3262159.00000     0.999999      1834125   1747626.67
3667343.00000     1.000000      1834126   2097152.00
3667343.00000     1.000000      1834126          inf
#[Mean    =     1179.686, StdDeviation   =     4492.479]
#[Max     =  3667343.000, Total count    =      1834126]
#[Buckets =           13, SubBuckets     =       262144]

=== EXCHANGE STDERR ===
matching tid: 51494
