=== CLIENT STDERR ===
=== Exchange load generator ===
  clients  : 10
  seed     : 516398045
  target   : 127.0.0.1:4000
  thread id: 51424
Ctrl-C to stop.


=== Stats ===
  elapsed         : 14.999 s
  requests sent   : 2337760
  ACK responses   : 2337750
  MATCH responses : 1341861
  ERR responses   : 0
  orders in flight: -10
  --- throughput ---
  requests/s      : 155863
  ACK/s           : 155862
  MATCH/s         : 89464
  ERR/s           : 0
  total resp/s    : 155862

=== EXCHANGE STDOUT ===
exchange tid: 51422
inbound thread: 51425
outbound thread: 51426
       Value   Percentile   TotalCount 1/(1-Percentile)

  2096.00000     0.000000            1         1.00
  2380.00000     0.100000       208331         1.11
  2429.00000     0.200000       358766         1.25
  2491.00000     0.300000       569670         1.43
  2540.00000     0.400000       716926         1.67
  2627.00000     0.500000       918284         2.00
  2664.00000     0.550000       987630         2.22
  2725.00000     0.600000      1081149         2.50
  2799.00000     0.650000      1164695         2.86
  2910.00000     0.700000      1259383         3.33
  3034.00000     0.750000      1347296         4.00
  3095.00000     0.775000      1385292         4.44
  3182.00000     0.800000      1432347         5.00
  3280.00000     0.825000      1478629         5.71
  3391.00000     0.850000      1521199         6.67
  3539.00000     0.875000      1565553         8.00
  3638.00000     0.887500      1589081         8.89
  3749.00000     0.900000      1610656        10.00
  3885.00000     0.912500      1631103        11.43
  4094.00000     0.925000      1653588        13.33
  4501.00000     0.937500      1675954        16.00
  4995.00000     0.943750      1686974        17.78
  5698.00000     0.950000      1698131        20.00
  6993.00000     0.956250      1709315        22.86
  7474.00000     0.962500      1720650        26.67
  7659.00000     0.968750      1731699        32.00
  7794.00000     0.971875      1737547        35.56
  8004.00000     0.975000      1742953        40.00
  8423.00000     0.978125      1748409        45.71
  9225.00000     0.981250      1753949        53.33
 10286.00000     0.984375      1759573        64.00
 10976.00000     0.985938      1762336        71.11
 12296.00000     0.987500      1765117        80.00
 15540.00000     0.989062      1767913        91.43
 21164.00000     0.990625      1770701       106.67
 32005.00000     0.992188      1773493       128.00
 39257.00000     0.992969      1774888       142.22
 46028.00000     0.993750      1776287       160.00
 52799.00000     0.994531      1777682       182.86
 61716.00000     0.995313      1779082       213.33
 69510.00000     0.996094      1780474       256.00
 73321.00000     0.996484      1781174       284.44
 78551.00000     0.996875      1781873       320.00
 83706.00000     0.997266      1782570       365.71
 89552.00000     0.997656      1783267       426.67
 97063.00000     0.998047      1783965       512.00
 99579.00000     0.998242      1784315       568.89
103402.00000     0.998437      1784664       640.00
108952.00000     0.998633      1785013       731.43
124011.00000     0.998828      1785362       853.33
166216.00000     0.999023      1785711      1024.00
195101.00000     0.999121      1785885      1137.78
228216.00000     0.999219      1786060      1280.00
273085.00000     0.999316      1786235      1462.86
353337.00000     0.999414      1786409      1706.67
471343.00000     0.999512      1786584      2048.00
554235.00000     0.999561      1786671      2275.56
722143.00000     0.999609      1786758      2560.00
1033879.00000     0.999658      1786846      2925.71
1491927.00000     0.999707      1786933      3413.33
2433903.00000     0.999756      1787020      4096.00
2778847.00000     0.999780      1787064      4551.11
3230463.00000     0.999805      1787107      5120.00
3487743.00000     0.999829      1787151      5851.43
4192879.00000     0.999854      1787195      6826.67
4717439.00000     0.999878      1787238      8192.00
4840223.00000     0.999890      1787260      9102.22
4895359.00000     0.999902      1787282     10240.00
4931839.00000     0.999915      1787304     11702.86
4983071.00000     0.999927      1787326     13653.33
5257439.00000     0.999939      1787347     16384.00
5901343.00000     0.999945      1787358     18204.44
6169727.00000     0.999951      1787369     20480.00
6260959.00000     0.999957      1787380     23405.71
7666559.00000     0.999963      1787391     27306.67
7792063.00000     0.999969      1787402     32768.00
8160255.00000     0.999973      1787407     36408.89
8211583.00000     0.999976      1787413     40960.00
9142207.00000     0.999979      1787419     46811.43
9791103.00000     0.999982      1787424     54613.33
9871743.00000     0.999985      1787429     65536.00
9959743.00000     0.999986      1787432     72817.78
12276799.00000     0.999988      1787435     81920.00
12299519.00000     0.999989      1787437     93622.86
12307263.00000     0.999991      1787440    109226.67
12335615.00000     0.999992      1787443    131072.00
12344511.00000     0.999993      1787444    145635.56
12395263.00000     0.999994      1787446    163840.00
12415615.00000     0.999995      1787447    187245.71
12436863.00000     0.999995      1787448    218453.33
13871103.00000     0.999996      1787450    262144.00
13871103.00000     0.999997      1787450    291271.11
13877759.00000     0.999997      1787451    327680.00
13890175.00000     0.999997      1787452    374491.43
13890175.00000     0.999998      1787452    436906.67
13903999.00000     0.999998      1787453    524288.00
13903999.00000     0.999998      1787453    582542.22
13915263.00000     0.999998      1787454    655360.00
13915263.00000     0.999999      1787454    748982.86
13915263.00000     0.999999      1787454    873813.33
13926207.00000     0.999999      1787455   1048576.00
13926207.00000     0.999999      1787455   1165084.44
13926207.00000     0.999999      1787455   1310720.00
13926207.00000     0.999999      1787455   1497965.71
13926207.00000     0.999999      1787455   1747626.67
13930111.00000     1.000000      1787456   2097152.00
13930111.00000     1.000000      1787456          inf
#[Mean    =     5123.629, StdDeviation   =    91005.401]
#[Max     = 13930111.000, Total count    =      1787456]
#[Buckets =           13, SubBuckets     =       262144]
       Value   Percentile   TotalCount 1/(1-Percentile)

   986.00000     0.000000            8         1.00
  1036.00000     0.100000       266879         1.11
  1048.00000     0.200000       789069         1.25
  1048.00000     0.300000       789069         1.43
  1048.00000     0.400000       789069         1.67
  1060.00000     0.500000      1172493         2.00
  1060.00000     0.550000      1172493         2.22
  1060.00000     0.600000      1172493         2.50
  1060.00000     0.650000      1172493         2.86
  1073.00000     0.700000      1290494         3.33
  1122.00000     0.750000      1345611         4.00
  1208.00000     0.775000      1385882         4.44
  1270.00000     0.800000      1431755         5.00
  1319.00000     0.825000      1488751         5.71
  1356.00000     0.850000      1532268         6.67
  1393.00000     0.875000      1569397         8.00
  1418.00000     0.887500      1591255         8.89
  1443.00000     0.900000      1611430        10.00
  1480.00000     0.912500      1640050        11.43
  1504.00000     0.925000      1658451        13.33
  1529.00000     0.937500      1675780        16.00
  1554.00000     0.943750      1691727        17.78
  1566.00000     0.950000      1699233        20.00
  1591.00000     0.956250      1712382        22.86
  1615.00000     0.962500      1723703        26.67
  1640.00000     0.968750      1733227        32.00
  1652.00000     0.971875      1737364        35.56
  1677.00000     0.975000      1744609        40.00
  1702.00000     0.978125      1750699        45.71
  1726.00000     0.981250      1755630        53.33
  1751.00000     0.984375      1759794        64.00
  1776.00000     0.985938      1763334        71.11
  1800.00000     0.987500      1766201        80.00
  1825.00000     0.989062      1768436        91.43
  1874.00000     0.990625      1771121       106.67
  1973.00000     0.992188      1773639       128.00
  2072.00000     0.992969      1774931       142.22
  2220.00000     0.993750      1776323       160.00
  2417.00000     0.994531      1777684       182.86
  2713.00000     0.995313      1779097       213.33
  3231.00000     0.996094      1780490       256.00
  3687.00000     0.996484      1781173       284.44
  4723.00000     0.996875      1781871       320.00
  5870.00000     0.997266      1782594       365.71
  6203.00000     0.997656      1783287       426.67
  6573.00000     0.998047      1783986       512.00
  6746.00000     0.998242      1784320       568.89
  7030.00000     0.998437      1784672       640.00
  7548.00000     0.998633      1785013       731.43
  8645.00000     0.998828      1785363       853.33
 10335.00000     0.999023      1785714      1024.00
 10964.00000     0.999121      1785892      1137.78
 11297.00000     0.999219      1786063      1280.00
 11618.00000     0.999316      1786248      1462.86
 11778.00000     0.999414      1786413      1706.67
 12025.00000     0.999512      1786585      2048.00
 12358.00000     0.999561      1786671      2275.56
 12913.00000     0.999609      1786759      2560.00
 13418.00000     0.999658      1786847      2925.71
 13825.00000     0.999707      1786933      3413.33
 14380.00000     0.999756      1787022      4096.00
 14861.00000     0.999780      1787065      4551.11
 15799.00000     0.999805      1787107      5120.00
 16859.00000     0.999829      1787151      5851.43
 18820.00000     0.999854      1787195      6826.67
 21694.00000     0.999878      1787238      8192.00
 24518.00000     0.999890      1787260      9102.22
 25604.00000     0.999902      1787282     10240.00
 26270.00000     0.999915      1787305     11702.86
 26812.00000     0.999927      1787326     13653.33
 32177.00000     0.999939      1787347     16384.00
 34064.00000     0.999945      1787358     18204.44
 37826.00000     0.999951      1787369     20480.00
 39503.00000     0.999957      1787380     23405.71
 45608.00000     0.999963      1787391     27306.67
 56659.00000     0.999969      1787402     32768.00
 59570.00000     0.999973      1787407     36408.89
 81227.00000     0.999976      1787413     40960.00
 86395.00000     0.999979      1787418     46811.43
 98851.00000     0.999982      1787424     54613.33
173591.00000     0.999985      1787429     65536.00
417779.00000     0.999986      1787432     72817.78
2827231.00000     0.999988      1787435     81920.00
2831103.00000     0.999989      1787437     93622.86
3064735.00000     0.999991      1787440    109226.67
4097919.00000     0.999992      1787443    131072.00
4098319.00000     0.999993      1787444    145635.56
4400255.00000     0.999994      1787446    163840.00
4400319.00000     0.999995      1787447    187245.71
5283135.00000     0.999995      1787448    218453.33
7146079.00000     0.999996      1787450    262144.00
7146079.00000     0.999997      1787450    291271.11
7418783.00000     0.999997      1787451    327680.00
7419167.00000     0.999997      1787452    374491.43
7419167.00000     0.999998      1787452    436906.67
7419263.00000     0.999998      1787453    524288.00
7419263.00000     0.999998      1787453    582542.22
7626367.00000     0.999998      1787454    655360.00
7626367.00000     0.999999      1787454    748982.86
7626367.00000     0.999999      1787454    873813.33
7627135.00000     0.999999      1787455   1048576.00
7627135.00000     0.999999      1787455   1165084.44
7627135.00000     0.999999      1787455   1310720.00
7627135.00000     0.999999      1787455   1497965.71
7627135.00000     0.999999      1787455   1747626.67
7627231.00000     1.000000      1787456   2097152.00
7627231.00000     1.000000      1787456          inf
#[Mean    =     1235.157, StdDeviation   =    18559.634]
#[Max     =  7627231.000, Total count    =      1787456]
#[Buckets =           13, SubBuckets     =       262144]
       Value   Percentile   TotalCount 1/(1-Percentile)

     0.00000     0.000000        91588         1.00
    12.00000     0.100000      1278596         1.11
    12.00000     0.200000      1278596         1.25
    12.00000     0.300000      1278596         1.43
    12.00000     0.400000      1278596         1.67
    12.00000     0.500000      1278596         2.00
    12.00000     0.550000      1278596         2.22
    12.00000     0.600000      1278596         2.50
    12.00000     0.650000      1278596         2.86
    12.00000     0.700000      1278596         3.33
    24.00000     0.750000      1758774         4.00
    24.00000     0.775000      1758774         4.44
    24.00000     0.800000      1758774         5.00
    24.00000     0.825000      1758774         5.71
    24.00000     0.850000      1758774         6.67
    24.00000     0.875000      1758774         8.00
    24.00000     0.887500      1758774         8.89
    24.00000     0.900000      1758774        10.00
    24.00000     0.912500      1758774        11.43
    24.00000     0.925000      1758774        13.33
    24.00000     0.937500      1758774        16.00
    24.00000     0.943750      1758774        17.78
    24.00000     0.950000      1758774        20.00
    24.00000     0.956250      1758774        22.86
    24.00000     0.962500      1758774        26.67
    24.00000     0.968750      1758774        32.00
    24.00000     0.971875      1758774        35.56
    24.00000     0.975000      1758774        40.00
    24.00000     0.978125      1758774        45.71
    24.00000     0.981250      1758774        53.33
    37.00000     0.984375      1778687        64.00
    37.00000     0.985938      1778687        71.11
    37.00000     0.987500      1778687        80.00
    37.00000     0.989062      1778687        91.43
    37.00000     0.990625      1778687       106.67
    37.00000     0.992188      1778687       128.00
    37.00000     0.992969      1778687       142.22
    37.00000     0.993750      1778687       160.00
    37.00000     0.994531      1778687       182.86
    49.00000     0.995313      1784920       213.33
    49.00000     0.996094      1784920       256.00
    49.00000     0.996484      1784920       284.44
    49.00000     0.996875      1784920       320.00
    49.00000     0.997266      1784920       365.71
    49.00000     0.997656      1784920       426.67
    49.00000     0.998047      1784920       512.00
    49.00000     0.998242      1784920       568.89
    49.00000     0.998437      1784920       640.00
    61.00000     0.998633      1786591       731.43
    61.00000     0.998828      1786591       853.33
    61.00000     0.999023      1786591      1024.00
    61.00000     0.999121      1786591      1137.78
    61.00000     0.999219      1786591      1280.00
    61.00000     0.999316      1786591      1462.86
    61.00000     0.999414      1786591      1706.67
    61.00000     0.999512      1786591      2048.00
    74.00000     0.999561      1786810      2275.56
    74.00000     0.999609      1786810      2560.00
    86.00000     0.999658      1786899      2925.71
    98.00000     0.999707      1786974      3413.33
   111.00000     0.999756      1787040      4096.00
   123.00000     0.999780      1787077      4551.11
   135.00000     0.999805      1787112      5120.00
   160.00000     0.999829      1787175      5851.43
   185.00000     0.999854      1787202      6826.67
   222.00000     0.999878      1787247      8192.00
   246.00000     0.999890      1787265      9102.22
   283.00000     0.999902      1787283     10240.00
   333.00000     0.999915      1787307     11702.86
   370.00000     0.999927      1787330     13653.33
   419.00000     0.999939      1787347     16384.00
   456.00000     0.999945      1787358     18204.44
   518.00000     0.999951      1787373     20480.00
   555.00000     0.999957      1787380     23405.71
   629.00000     0.999963      1787393     27306.67
   666.00000     0.999969      1787403     32768.00
   715.00000     0.999973      1787408     36408.89
   764.00000     0.999976      1787414     40960.00
   801.00000     0.999979      1787418     46811.43
   949.00000     0.999982      1787424     54613.33
  1825.00000     0.999985      1787429     65536.00
  3231.00000     0.999986      1787432     72817.78
  5192.00000     0.999988      1787435     81920.00
  6401.00000     0.999989      1787437     93622.86
  9706.00000     0.999991      1787440    109226.67
  9743.00000     0.999992      1787443    131072.00
  9755.00000     0.999993      1787444    145635.56
 10249.00000     0.999994      1787446    163840.00
 10434.00000     0.999995      1787447    187245.71
 10471.00000     0.999995      1787450    218453.33
 10471.00000     0.999996      1787450    262144.00
 10471.00000     0.999997      1787450    291271.11
 10508.00000     0.999997      1787451    327680.00
 10606.00000     0.999997      1787452    374491.43
 10606.00000     0.999998      1787452    436906.67
 11827.00000     0.999998      1787453    524288.00
 11827.00000     0.999998      1787453    582542.22
 11852.00000     0.999998      1787454    655360.00
 11852.00000     0.999999      1787454    748982.86
 11852.00000     0.999999      1787454    873813.33
 12062.00000     0.999999      1787455   1048576.00
 12062.00000     0.999999      1787455   1165084.44
 12062.00000     0.999999      1787455   1310720.00
 12062.00000     0.999999      1787455   1497965.71
 12062.00000     0.999999      1787455   1747626.67
 12123.00000     1.000000      1787456   2097152.00
 12123.00000     1.000000      1787456          inf
#[Mean    =       15.274, StdDeviation   =       36.559]
#[Max     =    12123.000, Total count    =      1787456]
#[Buckets =           13, SubBuckets     =       262144]
       Value   Percentile   TotalCount 1/(1-Percentile)

    61.00000     0.000000            4         1.00
    98.00000     0.100000       951159         1.11
    98.00000     0.200000       951159         1.25
    98.00000     0.300000       951159         1.43
    98.00000     0.400000       951159         1.67
    98.00000     0.500000       951159         2.00
   111.00000     0.550000      1368418         2.22
   111.00000     0.600000      1368418         2.50
   111.00000     0.650000      1368418         2.86
   111.00000     0.700000      1368418         3.33
   111.00000     0.750000      1368418         4.00
   123.00000     0.775000      1621225         4.44
   123.00000     0.800000      1621225         5.00
   123.00000     0.825000      1621225         5.71
   123.00000     0.850000      1621225         6.67
   123.00000     0.875000      1621225         8.00
   123.00000     0.887500      1621225         8.89
   123.00000     0.900000      1621225        10.00
   135.00000     0.912500      1735212        11.43
   135.00000     0.925000      1735212        13.33
   135.00000     0.937500      1735212        16.00
   135.00000     0.943750      1735212        17.78
   135.00000     0.950000      1735212        20.00
   135.00000     0.956250      1735212        22.86
   135.00000     0.962500      1735212        26.67
   135.00000     0.968750      1735212        32.00
   148.00000     0.971875      1753302        35.56
   148.00000     0.975000      1753302        40.00
   148.00000     0.978125      1753302        45.71
   160.00000     0.981250      1759886        53.33
   160.00000     0.984375      1759886        64.00
   172.00000     0.985938      1763005        71.11
   197.00000     0.987500      1766398        80.00
   222.00000     0.989062      1768387        91.43
   271.00000     0.990625      1770772       106.67
   382.00000     0.992188      1773553       128.00
   456.00000     0.992969      1775097       142.22
   530.00000     0.993750      1776296       160.00
   629.00000     0.994531      1777798       182.86
   740.00000     0.995313      1779119       213.33
   888.00000     0.996094      1780536       256.00
   974.00000     0.996484      1781187       284.44
  1085.00000     0.996875      1781927       320.00
  1208.00000     0.997266      1782610       365.71
  1393.00000     0.997656      1783276       426.67
  1739.00000     0.998047      1783985       512.00
  2059.00000     0.998242      1784321       568.89
  2799.00000     0.998437      1784668       640.00
  4366.00000     0.998633      1785016       731.43
  7227.00000     0.998828      1785363       853.33
 10619.00000     0.999023      1785712      1024.00
 13652.00000     0.999121      1785885      1137.78
 19030.00000     0.999219      1786060      1280.00
 28687.00000     0.999316      1786235      1462.86
 47902.00000     0.999414      1786409      1706.67
 84680.00000     0.999512      1786584      2048.00
111382.00000     0.999561      1786671      2275.56
142104.00000     0.999609      1786758      2560.00
197814.00000     0.999658      1786846      2925.71
266079.00000     0.999707      1786933      3413.33
431099.00000     0.999756      1787020      4096.00
524623.00000     0.999780      1787064      4551.11
675659.00000     0.999805      1787107      5120.00
871375.00000     0.999829      1787151      5851.43
1296839.00000     0.999854      1787195      6826.67
2295087.00000     0.999878      1787238      8192.00
2516399.00000     0.999890      1787260      9102.22
2943663.00000     0.999902      1787282     10240.00
3221087.00000     0.999915      1787304     11702.86
3296319.00000     0.999927      1787326     13653.33
3614047.00000     0.999939      1787347     16384.00
3698127.00000     0.999945      1787358     18204.44
4090671.00000     0.999951      1787369     20480.00
4199903.00000     0.999957      1787380     23405.71
4463647.00000     0.999963      1787391     27306.67
4533375.00000     0.999969      1787402     32768.00
4564703.00000     0.999973      1787407     36408.89
5824703.00000     0.999976      1787413     40960.00
5871263.00000     0.999979      1787418     46811.43
8071679.00000     0.999982      1787424     54613.33
8127423.00000     0.999985      1787429     65536.00
8156895.00000     0.999986      1787432     72817.78
9761535.00000     0.999988      1787435     81920.00
9762367.00000     0.999989      1787437     93622.86
9763071.00000     0.999991      1787440    109226.67
12168063.00000     0.999992      1787443    131072.00
12175167.00000     0.999993      1787444    145635.56
12188863.00000     0.999994      1787446    163840.00
12196223.00000     0.999995      1787447    187245.71
12202815.00000     0.999995      1787448    218453.33
12218239.00000     0.999996      1787450    262144.00
12218239.00000     0.999997      1787450    291271.11
12232511.00000     0.999997      1787451    327680.00
12262591.00000     0.999997      1787452    374491.43
12262591.00000     0.999998      1787452    436906.67
12273023.00000     0.999998      1787453    524288.00
12273023.00000     0.999998      1787453    582542.22
12279423.00000     0.999998      1787454    655360.00
12279423.00000     0.999999      1787454    748982.86
12279423.00000     0.999999      1787454    873813.33
12287871.00000     0.999999      1787455   1048576.00
12287871.00000     0.999999      1787455   1165084.44
12287871.00000     0.999999      1787455   1310720.00
12287871.00000     0.999999      1787455   1497965.71
12287871.00000     0.999999      1787455   1747626.67
12298815.00000     1.000000      1787456   2097152.00
12298815.00000     1.000000      1787456          inf
#[Mean    =      860.788, StdDeviation   =    60916.955]
#[Max     = 12298815.000, Total count    =      1787456]
#[Buckets =           13, SubBuckets     =       262144]
       Value   Percentile   TotalCount 1/(1-Percentile)

     0.00000     0.000000        10156         1.00
    37.00000     0.100000       350146         1.11
    49.00000     0.200000       664010         1.25
    49.00000     0.300000       664010         1.43
    61.00000     0.400000       730040         1.67
   135.00000     0.500000       899946         2.00
   160.00000     0.550000       999790         2.22
   185.00000     0.600000      1096051         2.50
   209.00000     0.650000      1176663         2.86
   246.00000     0.700000      1285143         3.33
   271.00000     0.750000      1350734         4.00
   296.00000     0.775000      1404905         4.44
   320.00000     0.800000      1447549         5.00
   345.00000     0.825000      1482556         5.71
   382.00000     0.850000      1527375         6.67
   419.00000     0.875000      1564558         8.00
   456.00000     0.887500      1594799         8.89
   481.00000     0.900000      1612188        10.00
   518.00000     0.912500      1635299        11.43
   555.00000     0.925000      1654357        13.33
   616.00000     0.937500      1679477        16.00
   641.00000     0.943750      1687895        17.78
   678.00000     0.950000      1698762        20.00
   727.00000     0.956250      1710774        22.86
   777.00000     0.962500      1720476        26.67
   851.00000     0.968750      1732059        32.00
   900.00000     0.971875      1737936        35.56
   949.00000     0.975000      1742945        40.00
  1023.00000     0.978125      1748934        45.71
  1110.00000     0.981250      1754037        53.33
  1258.00000     0.984375      1759803        64.00
  1369.00000     0.985938      1762555        71.11
  1517.00000     0.987500      1765240        80.00
  1751.00000     0.989062      1767972        91.43
  2195.00000     0.990625      1770760       106.67
  3083.00000     0.992188      1773611       128.00
  3157.00000     0.992969      1774891       142.22
  3231.00000     0.993750      1776513       160.00
  3293.00000     0.994531      1777686       182.86
  3416.00000     0.995313      1779117       213.33
  3638.00000     0.996094      1780505       256.00
  3835.00000     0.996484      1781173       284.44
  4144.00000     0.996875      1781886       320.00
  4526.00000     0.997266      1782570       365.71
  4896.00000     0.997656      1783292       426.67
  5328.00000     0.998047      1783970       512.00
  5599.00000     0.998242      1784320       568.89
  5895.00000     0.998437      1784668       640.00
  6240.00000     0.998633      1785014       731.43
  6586.00000     0.998828      1785364       853.33
  6968.00000     0.999023      1785719      1024.00
  7215.00000     0.999121      1785887      1137.78
  7474.00000     0.999219      1786060      1280.00
  7831.00000     0.999316      1786240      1462.86
  8214.00000     0.999414      1786414      1706.67
  8769.00000     0.999512      1786586      2048.00
  9102.00000     0.999561      1786674      2275.56
  9484.00000     0.999609      1786760      2560.00
  9940.00000     0.999658      1786846      2925.71
 10532.00000     0.999707      1786933      3413.33
 11359.00000     0.999756      1787021      4096.00
 11864.00000     0.999780      1787064      4551.11
 12580.00000     0.999805      1787108      5120.00
 13283.00000     0.999829      1787152      5851.43
 14343.00000     0.999854      1787195      6826.67
 15984.00000     0.999878      1787239      8192.00
 16909.00000     0.999890      1787260      9102.22
 18315.00000     0.999902      1787282     10240.00
 20066.00000     0.999915      1787304     11702.86
 22459.00000     0.999927      1787326     13653.33
 24062.00000     0.999939      1787347     16384.00
 26689.00000     0.999945      1787358     18204.44
 28687.00000     0.999951      1787369     20480.00
 30981.00000     0.999957      1787380     23405.71
 33102.00000     0.999963      1787391     27306.67
 36568.00000     0.999969      1787402     32768.00
 37197.00000     0.999973      1787407     36408.89
 39343.00000     0.999976      1787413     40960.00
 43931.00000     0.999979      1787418     46811.43
 47804.00000     0.999982      1787424     54613.33
 49814.00000     0.999985      1787429     65536.00
 54427.00000     0.999986      1787432     72817.78
 60310.00000     0.999988      1787435     81920.00
 66119.00000     0.999989      1787437     93622.86
 73408.00000     0.999991      1787440    109226.67
 76442.00000     0.999992      1787443    131072.00
 77687.00000     0.999993      1787444    145635.56
 81782.00000     0.999994      1787446    163840.00
 85309.00000     0.999995      1787447    187245.71
 86913.00000     0.999995      1787448    218453.33
117006.00000     0.999996      1787450    262144.00
117006.00000     0.999997      1787450    291271.11
159889.00000     0.999997      1787451    327680.00
160062.00000     0.999997      1787452    374491.43
160062.00000     0.999998      1787452    436906.67
166944.00000     0.999998      1787453    524288.00
166944.00000     0.999998      1787453    582542.22
251859.00000     0.999998      1787454    655360.00
251859.00000     0.999999      1787454    748982.86
251859.00000     0.999999      1787454    873813.33
479607.00000     0.999999      1787455   1048576.00
479607.00000     0.999999      1787455   1165084.44
479607.00000     0.999999      1787455   1310720.00
479607.00000     0.999999      1787455   1497965.71
479607.00000     0.999999      1787455   1747626.67
895635.00000     1.000000      1787456   2097152.00
895635.00000     1.000000      1787456          inf
#[Mean    =      242.084, StdDeviation   =     1018.068]
#[Max     =   895635.000, Total count    =      1787456]
#[Buckets =           13, SubBuckets     =       262144]
       Value   Percentile   TotalCount 1/(1-Percentile)

    86.00000     0.000000           18         1.00
   172.00000     0.100000       184424         1.11
   209.00000     0.200000       430700         1.25
   234.00000     0.300000       603394         1.43
   259.00000     0.400000       786205         1.67
   283.00000     0.500000       972021         2.00
   296.00000     0.550000      1065498         2.22
   308.00000     0.600000      1159378         2.50
   320.00000     0.650000      1251559         2.86
   320.00000     0.700000      1251559         3.33
   345.00000     0.750000      1417388         4.00
   345.00000     0.775000      1417388         4.44
   357.00000     0.800000      1481149         5.00
   357.00000     0.825000      1481149         5.71
   370.00000     0.850000      1525689         6.67
   382.00000     0.875000      1569099         8.00
   394.00000     0.887500      1599621         8.89
   407.00000     0.900000      1621990        10.00
   419.00000     0.912500      1640891        11.43
   431.00000     0.925000      1657767        13.33
   456.00000     0.937500      1683411        16.00
   468.00000     0.943750      1692472        17.78
   481.00000     0.950000      1699640        20.00
   505.00000     0.956250      1709862        22.86
   555.00000     0.962500      1721119        26.67
   703.00000     0.968750      1731924        32.00
   875.00000     0.971875      1737283        35.56
  1036.00000     0.975000      1743032        40.00
  1319.00000     0.978125      1748462        45.71
  1726.00000     0.981250      1753980        53.33
  2614.00000     0.984375      1759552        64.00
  3416.00000     0.985938      1762326        71.11
  4822.00000     0.987500      1765117        80.00
  6154.00000     0.989062      1767907        91.43
 10890.00000     0.990625      1770700       106.67
 21299.00000     0.992188      1773492       128.00
 27898.00000     0.992969      1774890       142.22
 34385.00000     0.993750      1776286       160.00
 41736.00000     0.994531      1777681       182.86
 48975.00000     0.995313      1779078       213.33
 55808.00000     0.996094      1780475       256.00
 60569.00000     0.996484      1781174       284.44
 65428.00000     0.996875      1781874       320.00
 69264.00000     0.997266      1782569       365.71
 74962.00000     0.997656      1783267       426.67
 79180.00000     0.998047      1783965       512.00
 82645.00000     0.998242      1784314       568.89
 86913.00000     0.998437      1784664       640.00
 89626.00000     0.998633      1785013       731.43
 92709.00000     0.998828      1785366       853.33
 96150.00000     0.999023      1785712      1024.00
 98469.00000     0.999121      1785886      1137.78
102958.00000     0.999219      1786060      1280.00
109532.00000     0.999316      1786235      1462.86
128982.00000     0.999414      1786409      1706.67
167326.00000     0.999512      1786584      2048.00
192252.00000     0.999561      1786671      2275.56
220988.00000     0.999609      1786758      2560.00
265845.00000     0.999658      1786846      2925.71
331211.00000     0.999707      1786933      3413.33
427621.00000     0.999756      1787020      4096.00
487573.00000     0.999780      1787064      4551.11
613511.00000     0.999805      1787107      5120.00
1017711.00000     0.999829      1787151      5851.43
1510111.00000     0.999854      1787195      6826.67
1880047.00000     0.999878      1787238      8192.00
2704543.00000     0.999890      1787260      9102.22
4104015.00000     0.999902      1787282     10240.00
4700351.00000     0.999915      1787304     11702.86
4827775.00000     0.999927      1787326     13653.33
4882687.00000     0.999939      1787347     16384.00
4900927.00000     0.999945      1787358     18204.44
4921663.00000     0.999951      1787369     20480.00
4949471.00000     0.999957      1787380     23405.71
4974431.00000     0.999963      1787391     27306.67
5005599.00000     0.999969      1787402     32768.00
5023039.00000     0.999973      1787407     36408.89
6102303.00000     0.999976      1787413     40960.00
6174943.00000     0.999979      1787418     46811.43
6236927.00000     0.999982      1787424     54613.33
6315807.00000     0.999985      1787429     65536.00
6472255.00000     0.999986      1787432     72817.78
7729823.00000     0.999988      1787435     81920.00
7747391.00000     0.999989      1787437     93622.86
7781311.00000     0.999991      1787440    109226.67
7806687.00000     0.999992      1787443    131072.00
9684415.00000     0.999993      1787444    145635.56
9741951.00000     0.999994      1787446    163840.00
9756607.00000     0.999995      1787447    187245.71
9776063.00000     0.999995      1787448    218453.33
9826239.00000     0.999996      1787450    262144.00
9826239.00000     0.999997      1787450    291271.11
9839679.00000     0.999997      1787451    327680.00
9851455.00000     0.999997      1787452    374491.43
9851455.00000     0.999998      1787452    436906.67
9861503.00000     0.999998      1787453    524288.00
9861503.00000     0.999998      1787453    582542.22
9870207.00000     0.999998      1787454    655360.00
9870207.00000     0.999999      1787454    748982.86
9870207.00000     0.999999      1787454    873813.33
9929791.00000     0.999999      1787455   1048576.00
9929791.00000     0.999999      1787455   1165084.44
9929791.00000     0.999999      1787455   1310720.00
9929791.00000     0.999999      1787455   1497965.71
9929791.00000     0.999999      1787455   1747626.67
9938559.00000     1.000000      1787456   2097152.00
9938559.00000     1.000000      1787456          inf
#[Mean    =     1559.129, StdDeviation   =    59871.134]
#[Max     =  9938559.000, Total count    =      1787456]
#[Buckets =           13, SubBuckets     =       262144]
       Value   Percentile   TotalCount 1/(1-Percentile)

     0.00000     0.000000       226184         1.00
     0.00000     0.100000       226184         1.11
    12.00000     0.200000      1666888         1.25
    12.00000     0.300000      1666888         1.43
    12.00000     0.400000      1666888         1.67
    12.00000     0.500000      1666888         2.00
    12.00000     0.550000      1666888         2.22
    12.00000     0.600000      1666888         2.50
    12.00000     0.650000      1666888         2.86
    12.00000     0.700000      1666888         3.33
    12.00000     0.750000      1666888         4.00
    12.00000     0.775000      1666888         4.44
    12.00000     0.800000      1666888         5.00
    12.00000     0.825000      1666888         5.71
    12.00000     0.850000      1666888         6.67
    12.00000     0.875000      1666888         8.00
    12.00000     0.887500      1666888         8.89
    12.00000     0.900000      1666888        10.00
    12.00000     0.912500      1666888        11.43
    12.00000     0.925000      1666888        13.33
    24.00000     0.937500      1759711        16.00
    24.00000     0.943750      1759711        17.78
    24.00000     0.950000      1759711        20.00
    24.00000     0.956250      1759711        22.86
    24.00000     0.962500      1759711        26.67
    24.00000     0.968750      1759711        32.00
    24.00000     0.971875      1759711        35.56
    24.00000     0.975000      1759711        40.00
    24.00000     0.978125      1759711        45.71
    24.00000     0.981250      1759711        53.33
    24.00000     0.984375      1759711        64.00
    37.00000     0.985938      1771188        71.11
    37.00000     0.987500      1771188        80.00
    37.00000     0.989062      1771188        91.43
    37.00000     0.990625      1771188       106.67
    49.00000     0.992188      1777552       128.00
    49.00000     0.992969      1777552       142.22
    49.00000     0.993750      1777552       160.00
    61.00000     0.994531      1779866       182.86
    61.00000     0.995313      1779866       213.33
    74.00000     0.996094      1780815       256.00
    86.00000     0.996484      1781290       284.44
    98.00000     0.996875      1781994       320.00
   111.00000     0.997266      1783539       365.71
   111.00000     0.997656      1783539       426.67
   123.00000     0.998047      1784267       512.00
   135.00000     0.998242      1784697       568.89
   135.00000     0.998437      1784697       640.00
   148.00000     0.998633      1785024       731.43
   172.00000     0.998828      1785511       853.33
   197.00000     0.999023      1785806      1024.00
   209.00000     0.999121      1785911      1137.78
   246.00000     0.999219      1786097      1280.00
   283.00000     0.999316      1786243      1462.86
   333.00000     0.999414      1786417      1706.67
   394.00000     0.999512      1786587      2048.00
   431.00000     0.999561      1786695      2275.56
   456.00000     0.999609      1786759      2560.00
   505.00000     0.999658      1786859      2925.71
   555.00000     0.999707      1786948      3413.33
   604.00000     0.999756      1787036      4096.00
   629.00000     0.999780      1787081      4551.11
   653.00000     0.999805      1787112      5120.00
   703.00000     0.999829      1787157      5851.43
   752.00000     0.999854      1787195      6826.67
   838.00000     0.999878      1787242      8192.00
   900.00000     0.999890      1787261      9102.22
  1011.00000     0.999902      1787283     10240.00
  1221.00000     0.999915      1787304     11702.86
  5106.00000     0.999927      1787328     13653.33
  5204.00000     0.999939      1787348     16384.00
  5266.00000     0.999945      1787358     18204.44
  5315.00000     0.999951      1787370     20480.00
  5365.00000     0.999957      1787381     23405.71
  5500.00000     0.999963      1787392     27306.67
  5809.00000     0.999969      1787402     32768.00
  6006.00000     0.999973      1787407     36408.89
  6388.00000     0.999976      1787413     40960.00
  6524.00000     0.999979      1787420     46811.43
  6598.00000     0.999982      1787424     54613.33
  6734.00000     0.999985      1787429     65536.00
  6795.00000     0.999986      1787432     72817.78
  7104.00000     0.999988      1787435     81920.00
  7276.00000     0.999989      1787437     93622.86
  7375.00000     0.999991      1787441    109226.67
  7437.00000     0.999992      1787443    131072.00
  7461.00000     0.999993      1787444    145635.56
  7498.00000     0.999994      1787446    163840.00
  7523.00000     0.999995      1787447    187245.71
  7548.00000     0.999995      1787448    218453.33
  7819.00000     0.999996      1787450    262144.00
  7819.00000     0.999997      1787450    291271.11
  7856.00000     0.999997      1787451    327680.00
  7918.00000     0.999997      1787452    374491.43
  7918.00000     0.999998      1787452    436906.67
  9743.00000     0.999998      1787453    524288.00
  9743.00000     0.999998      1787453    582542.22
 10458.00000     0.999998      1787454    655360.00
 10458.00000     0.999999      1787454    748982.86
 10458.00000     0.999999      1787454    873813.33
 10890.00000     0.999999      1787455   1048576.00
 10890.00000     0.999999      1787455   1165084.44
 10890.00000     0.999999      1787455   1310720.00
 10890.00000     0.999999      1787455   1497965.71
 10890.00000     0.999999      1787455   1747626.67
 25406.00000     1.000000      1787456   2097152.00
 25406.00000     1.000000      1787456          inf
#[Mean    =       12.638, StdDeviation   =       58.620]
#[Max     =    25406.000, Total count    =      1787456]
#[Buckets =           13, SubBuckets     =       262144]
       Value   Percentile   TotalCount 1/(1-Percentile)

   616.00000     0.000000            1         1.00
   912.00000     0.100000       308040         1.11
   925.00000     0.200000       640144         1.25
   925.00000     0.300000       640144         1.43
   937.00000     0.400000       993745         1.67
   937.00000     0.500000       993745         2.00
   937.00000     0.550000       993745         2.22
   949.00000     0.600000      1175205         2.50
   949.00000     0.650000      1175205         2.86
   962.00000     0.700000      1252418         3.33
   986.00000     0.750000      1358323         4.00
   999.00000     0.775000      1387192         4.44
  1073.00000     0.800000      1433018         5.00
  1134.00000     0.825000      1477295         5.71
  1184.00000     0.850000      1525146         6.67
  1245.00000     0.875000      1568613         8.00
  1295.00000     0.887500      1591072         8.89
  1332.00000     0.900000      1608795        10.00
  1381.00000     0.912500      1632705        11.43
  1430.00000     0.925000      1653852        13.33
  1504.00000     0.937500      1678911        16.00
  1541.00000     0.943750      1688633        17.78
  1591.00000     0.950000      1698847        20.00
  1665.00000     0.956250      1709393        22.86
  2035.00000     0.962500      1720490        26.67
  4871.00000     0.968750      1731616        32.00
  5254.00000     0.971875      1737367        35.56
  5439.00000     0.975000      1742922        40.00
  5821.00000     0.978125      1748512        45.71
  5907.00000     0.981250      1754529        53.33
  5969.00000     0.984375      1760227        64.00
  5994.00000     0.985938      1762491        71.11
  6031.00000     0.987500      1765697        80.00
  6068.00000     0.989062      1768501        91.43
  6105.00000     0.990625      1770744       106.67
  6179.00000     0.992188      1773722       128.00
  6228.00000     0.992969      1774915       142.22
  6327.00000     0.993750      1776309       160.00
  6499.00000     0.994531      1777723       182.86
  6882.00000     0.995313      1779091       213.33
  7289.00000     0.996094      1780500       256.00
  7437.00000     0.996484      1781202       284.44
  7560.00000     0.996875      1781880       320.00
  7708.00000     0.997266      1782608       365.71
  7881.00000     0.997656      1783268       426.67
  8140.00000     0.998047      1783987       512.00
  8312.00000     0.998242      1784330       568.89
  8485.00000     0.998437      1784675       640.00
  8658.00000     0.998633      1785026       731.43
  8867.00000     0.998828      1785363       853.33
  9077.00000     0.999023      1785716      1024.00
  9213.00000     0.999121      1785886      1137.78
  9459.00000     0.999219      1786068      1280.00
  9854.00000     0.999316      1786238      1462.86
 10483.00000     0.999414      1786410      1706.67
 11704.00000     0.999512      1786584      2048.00
 12691.00000     0.999561      1786673      2275.56
 13899.00000     0.999609      1786758      2560.00
 15860.00000     0.999658      1786847      2925.71
 18907.00000     0.999707      1786933      3413.33
 23236.00000     0.999756      1787021      4096.00
 24592.00000     0.999780      1787065      4551.11
 25739.00000     0.999805      1787107      5120.00
 26677.00000     0.999829      1787154      5851.43
 27528.00000     0.999854      1787200      6826.67
 28625.00000     0.999878      1787238      8192.00
 29106.00000     0.999890      1787260      9102.22
 29587.00000     0.999902      1787284     10240.00
 30019.00000     0.999915      1787304     11702.86
 30636.00000     0.999927      1787326     13653.33
 31906.00000     0.999939      1787348     16384.00
 32227.00000     0.999945      1787360     18204.44
 33238.00000     0.999951      1787369     20480.00
 33966.00000     0.999957      1787380     23405.71
 35717.00000     0.999963      1787391     27306.67
 39454.00000     0.999969      1787402     32768.00
 39812.00000     0.999973      1787407     36408.89
 41859.00000     0.999976      1787413     40960.00
 43906.00000     0.999979      1787418     46811.43
 48211.00000     0.999982      1787424     54613.33
 50110.00000     0.999985      1787429     65536.00
 53933.00000     0.999986      1787432     72817.78
 56079.00000     0.999988      1787435     81920.00
 64959.00000     0.999989      1787437     93622.86
 82115.00000     0.999991      1787440    109226.67
 94091.00000     0.999992      1787443    131072.00
113614.00000     0.999993      1787444    145635.56
152279.00000     0.999994      1787446    163840.00
154314.00000     0.999995      1787448    187245.71
154314.00000     0.999995      1787448    218453.33
223036.00000     0.999996      1787450    262144.00
223036.00000     0.999997      1787450    291271.11
1168935.00000     0.999997      1787451    327680.00
1724663.00000     0.999997      1787452    374491.43
1724663.00000     0.999998      1787452    436906.67
3448735.00000     0.999998      1787453    524288.00
3448735.00000     0.999998      1787453    582542.22
4714335.00000     0.999998      1787454    655360.00
4714335.00000     0.999999      1787454    748982.86
4714335.00000     0.999999      1787454    873813.33
6253087.00000     0.999999      1787455   1048576.00
6253087.00000     0.999999      1787455   1165084.44
6253087.00000     0.999999      1787455   1310720.00
6253087.00000     0.999999      1787455   1497965.71
6253087.00000     0.999999      1787455   1747626.67
7636863.00000     1.000000      1787456   2097152.00
7636863.00000     1.000000      1787456          inf
#[Mean    =     1196.406, StdDeviation   =     8787.935]
#[Max     =  7636863.000, Total count    =      1787456]
#[Buckets =           13, SubBuckets     =       262144]

=== EXCHANGE STDERR ===
matching tid: 51427
